10-21 11:58:51.265 16396 16493 I VrApi   : FPS=0,Prd=0ms,Tear=0,Early=0,Stale=0,VSnc=1,Lat=0,Fov=0,CPU4/GPU=0/0,1881/257MHz,OC=FF,TA=0/0/0,SP=N/N/N,Mem=411MHz,Free=1327MB,PSM=0,PLS=0,Temp=34.0C/0.0C,TW=0.00ms,App=0.00ms,GD=0.00ms,CPU&GPU=0.00ms,LCnt=0,GPU%=-1.00,CPU%=-1.00(W-1.00)
10-21 11:58:52.269 16396 16493 I TrackingServiceClient: Implausible tracking state detected!
10-21 11:58:52.269 16396 16493 I TrackingServiceClient: RigidBodyPose WorldFromImu (t = 8218.93, pt = nan, dt = 62.1477):
10-21 11:58:52.270 16396 16493 I TrackingServiceClient:    trans : ( -0.0246108, -0.408707, -0.57092 )
10-21 11:58:52.270 16396 16493 I TrackingServiceClient:    : ( -0.992024, 0.00270301, 0.0536566, 0.114026 )
10-21 11:58:52.270 16396 16493 I TrackingServiceClient:   LinearVel : ( 0, 0, 0 )
10-21 11:58:52.270 16396 16493 I TrackingServiceClient:   LinearAcc : ( 0, 0, 0 )
10-21 11:58:52.270 16396 16493 I TrackingServiceClient:   AngularVel : ( 0.00198826, -8.88104e-06, 0.000362954 )
10-21 11:58:52.270 16396 16493 I TrackingServiceClient:   AngularAcc : ( 0.463204, -0.195795, -0.24531 )
10-21 11:58:52.270 16396 16493 I TrackingServiceClient: Implausible sensor time! pt = 62.1477
10-21 11:58:52.270 16396 16493 I VrApi   : FPS=0,Prd=0ms,Tear=0,Early=0,Stale=0,VSnc=1,Lat=0,Fov=0,CPU4/GPU=0/0,300/257MHz,OC=FF,TA=0/0/0,SP=N/N/N,Mem=200MHz,Free=1327MB,PSM=0,PLS=0,Temp=34.0C/0.0C,TW=0.00ms,App=0.00ms,GD=0.00ms,CPU&GPU=0.00ms,LCnt=0,GPU%=-1.00,CPU%=-1.00(W-1.00)
10-21 11:58:53.273 16396 16493 I TrackingServiceClient: Implausible tracking state detected!
10-21 11:58:53.274 16396 16493 I TrackingServiceClient: RigidBodyPose WorldFromImu (t = 8218.93, pt = nan, dt = 63.1517):
10-21 11:58:53.274 16396 16493 I TrackingServiceClient:    trans : ( -0.0246108, -0.408707, -0.57092 )
10-21 11:58:53.274 16396 16493 I TrackingServiceClient:    : ( -0.992024, 0.00270301, 0.0536566, 0.114026 )
10-21 11:58:53.274 16396 16493 I TrackingServiceClient:   LinearVel : ( 0, 0, 0 )
10-21 11:58:53.274 16396 16493 I TrackingServiceClient:   LinearAcc : ( 0, 0, 0 )
10-21 11:58:53.274 16396 16493 I TrackingServiceClient:   AngularVel : ( 0.00198826, -8.88104e-06, 0.000362954 )
10-21 11:58:53.274 16396 16493 I TrackingServiceClient:   AngularAcc : ( 0.463204, -0.195795, -0.24531 )
10-21 11:58:53.275 16396 16493 I TrackingServiceClient: Implausible sensor time! pt = 63.1517
10-21 11:58:53.275 16396 16493 I VrApi   : FPS=0,Prd=0ms,Tear=0,Early=0,Stale=0,VSnc=1,Lat=0,Fov=0,CPU4/GPU=0/0,300/257MHz,OC=FF,TA=0/0/0,SP=N/N/N,Mem=200MHz,Free=1328MB,PSM=0,PLS=0,Temp=34.0C/0.0C,TW=0.00ms,App=0.00ms,GD=0.00ms,CPU&GPU=0.00ms,LCnt=0,GPU%=-1.00,CPU%=-1.00(W-1.00)
10-21 11:58:54.386 16396 16493 I Telemetry: App memory usage: PSS=338MB
10-21 11:58:54.390 16396 16493 I TrackingServiceClient: Implausible tracking state detected!
10-21 11:58:54.391 16396 16493 I TrackingServiceClient: RigidBodyPose WorldFromImu (t = 8218.93, pt = nan, dt = 64.2688):
10-21 11:58:54.391 16396 16493 I TrackingServiceClient:    trans : ( -0.0246108, -0.408707, -0.57092 )
10-21 11:58:54.391 16396 16493 I TrackingServiceClient:    : ( -0.992024, 0.00270301, 0.0536566, 0.114026 )
10-21 11:58:54.391 16396 16493 I TrackingServiceClient:   LinearVel : ( 0, 0, 0 )
10-21 11:58:54.391 16396 16493 I TrackingServiceClient:   LinearAcc : ( 0, 0, 0 )
10-21 11:58:54.391 16396 16493 I TrackingServiceClient:   AngularVel : ( 0.00198826, -8.88104e-06, 0.000362954 )
10-21 11:58:54.391 16396 16493 I TrackingServiceClient:   AngularAcc : ( 0.463204, -0.195795, -0.24531 )
10-21 11:58:54.391 16396 16493 I TrackingServiceClient: Implausible sensor time! pt = 64.2688
10-21 11:58:54.392 16396 16493 I VrApi   : FPS=0,Prd=0ms,Tear=0,Early=0,Stale=0,VSnc=1,Lat=0,Fov=0,CPU4/GPU=0/0,300/257MHz,OC=FF,TA=0/0/0,SP=N/N/N,Mem=200MHz,Free=1328MB,PSM=0,PLS=0,Temp=34.0C/0.0C,TW=0.00ms,App=0.00ms,GD=0.00ms,CPU&GPU=0.00ms,LCnt=0,GPU%=-1.00,CPU%=-1.00(W-1.00)
10-21 11:58:55.275 16396 16493 I TrackingServiceClient: Implausible tracking state detected!
10-21 11:58:55.275 16396 16493 I TrackingServiceClient: RigidBodyPose WorldFromImu (t = 8218.93, pt = nan, dt = 65.1536):
10-21 11:58:55.276 16396 16493 I TrackingServiceClient:    trans : ( -0.0246108, -0.408707, -0.57092 )
10-21 11:58:55.276 16396 16493 I TrackingServiceClient:    : ( -0.992024, 0.00270301, 0.0536566, 0.114026 )
10-21 11:58:55.276 16396 16493 I TrackingServiceClient:   LinearVel : ( 0, 0, 0 )
10-21 11:58:55.276 16396 16493 I TrackingServiceClient:   LinearAcc : ( 0, 0, 0 )
10-21 11:58:55.276 16396 16493 I TrackingServiceClient:   AngularVel : ( 0.00198826, -8.88104e-06, 0.000362954 )
10-21 11:58:55.276 16396 16493 I TrackingServiceClient:   AngularAcc : ( 0.463204, -0.195795, -0.24531 )
10-21 11:58:55.276 16396 16493 I TrackingServiceClient: Implausible sensor time! pt = 65.1536
10-21 11:58:55.276 16396 16493 I VrApi   : FPS=0,Prd=0ms,Tear=0,Early=0,Stale=0,VSnc=1,Lat=0,Fov=0,CPU4/GPU=0/0,300/257MHz,OC=FF,TA=0/0/0,SP=N/N/N,Mem=200MHz,Free=1328MB,PSM=0,PLS=0,Temp=34.0C/0.0C,TW=0.00ms,App=0.00ms,GD=0.00ms,CPU&GPU=0.00ms,LCnt=0,GPU%=-1.00,CPU%=-1.00(W-1.00)
10-21 11:58:56.271 16396 16493 I TrackingServiceClient: Implausible tracking state detected!
10-21 11:58:56.271 16396 16493 I TrackingServiceClient: RigidBodyPose WorldFromImu (t = 8218.93, pt = nan, dt = 66.1494):
10-21 11:58:56.271 16396 16493 I TrackingServiceClient:    trans : ( -0.0246108, -0.408707, -0.57092 )
10-21 11:58:56.271 16396 16493 I TrackingServiceClient:    : ( -0.992024, 0.00270301, 0.0536566, 0.114026 )
10-21 11:58:56.271 16396 16493 I TrackingServiceClient:   LinearVel : ( 0, 0, 0 )
10-21 11:58:56.271 16396 16493 I TrackingServiceClient:   LinearAcc : ( 0, 0, 0 )
10-21 11:58:56.272 16396 16493 I TrackingServiceClient:   AngularVel : ( 0.00198826, -8.88104e-06, 0.000362954 )
10-21 11:58:56.272 16396 16493 I TrackingServiceClient:   AngularAcc : ( 0.463204, -0.195795, -0.24531 )
10-21 11:58:56.272 16396 16493 I TrackingServiceClient: Implausible sensor time! pt = 66.1494
10-21 11:58:56.272 16396 16493 I VrApi   : FPS=0,Prd=0ms,Tear=0,Early=0,Stale=0,VSnc=1,Lat=0,Fov=0,CPU4/GPU=0/0,300/257MHz,OC=FF,TA=0/0/0,SP=N/N/N,Mem=200MHz,Free=1328MB,PSM=0,PLS=0,Temp=34.0C/0.0C,TW=0.00ms,App=0.00ms,GD=0.00ms,CPU&GPU=0.00ms,LCnt=0,GPU%=-1.00,CPU%=-1.00(W-1.00)
10-21 11:58:57.271 16396 16493 I TrackingServiceClient: Implausible tracking state detected!
10-21 11:58:57.271 16396 16493 I TrackingServiceClient: RigidBodyPose WorldFromImu (t = 8218.93, pt = nan, dt = 67.149):
10-21 11:58:57.271 16396 16493 I TrackingServiceClient:    trans : ( -0.0246108, -0.408707, -0.57092 )
10-21 11:58:57.271 16396 16493 I TrackingServiceClient:    : ( -0.992024, 0.00270301, 0.0536566, 0.114026 )
10-21 11:58:57.271 16396 16493 I TrackingServiceClient:   LinearVel : ( 0, 0, 0 )
10-21 11:58:57.271 16396 16493 I TrackingServiceClient:   LinearAcc : ( 0, 0, 0 )
10-21 11:58:57.271 16396 16493 I TrackingServiceClient:   AngularVel : ( 0.00198826, -8.88104e-06, 0.000362954 )
10-21 11:58:57.271 16396 16493 I TrackingServiceClient:   AngularAcc : ( 0.463204, -0.195795, -0.24531 )
10-21 11:58:57.271 16396 16493 I TrackingServiceClient: Implausible sensor time! pt = 67.149
10-21 11:58:57.272 16396 16493 I VrApi   : FPS=0,Prd=0ms,Tear=0,Early=0,Stale=0,VSnc=1,Lat=0,Fov=0,CPU4/GPU=0/0,300/257MHz,OC=FF,TA=0/0/0,SP=N/N/N,Mem=200MHz,Free=1328MB,PSM=0,PLS=0,Temp=34.0C/0.0C,TW=0.00ms,App=0.00ms,GD=0.00ms,CPU&GPU=0.00ms,LCnt=0,GPU%=-1.00,CPU%=-1.00(W-1.00)
10-21 11:58:57.745  2993  3008 I OsSdk   : will wait 60 seconds before retrying
10-21 11:58:58.272 16396 16493 I TrackingServiceClient: Implausible tracking state detected!
10-21 11:58:58.272 16396 16493 I TrackingServiceClient: RigidBodyPose WorldFromImu (t = 8218.93, pt = nan, dt = 68.1507):
10-21 11:58:58.273 16396 16493 I TrackingServiceClient:    trans : ( -0.0246108, -0.408707, -0.57092 )
10-21 11:58:58.273 16396 16493 I TrackingServiceClient:    : ( -0.992024, 0.00270301, 0.0536566, 0.114026 )
10-21 11:58:58.273 16396 16493 I TrackingServiceClient:   LinearVel : ( 0, 0, 0 )
10-21 11:58:58.273 16396 16493 I TrackingServiceClient:   LinearAcc : ( 0, 0, 0 )
10-21 11:58:58.273 16396 16493 I TrackingServiceClient:   AngularVel : ( 0.00198826, -8.88104e-06, 0.000362954 )
10-21 11:58:58.273 16396 16493 I TrackingServiceClient:   AngularAcc : ( 0.463204, -0.195795, -0.24531 )
10-21 11:58:58.274 16396 16493 I TrackingServiceClient: Implausible sensor time! pt = 68.1507
10-21 11:58:58.274 16396 16493 I VrApi   : FPS=0,Prd=0ms,Tear=0,Early=0,Stale=0,VSnc=1,Lat=0,Fov=0,CPU4/GPU=0/0,300/257MHz,OC=FF,TA=0/0/0,SP=N/N/N,Mem=200MHz,Free=1328MB,PSM=0,PLS=0,Temp=34.0C/0.0C,TW=0.00ms,App=0.00ms,GD=0.00ms,CPU&GPU=0.00ms,LCnt=0,GPU%=-1.00,CPU%=-1.00(W-1.00)
10-21 11:58:59.273 16396 16493 I TrackingServiceClient: Implausible tracking state detected!
10-21 11:58:59.273 16396 16493 I TrackingServiceClient: RigidBodyPose WorldFromImu (t = 8218.93, pt = nan, dt = 69.151):
10-21 11:58:59.273 16396 16493 I TrackingServiceClient:    trans : ( -0.0246108, -0.408707, -0.57092 )
10-21 11:58:59.273 16396 16493 I TrackingServiceClient:    : ( -0.992024, 0.00270301, 0.0536566, 0.114026 )
10-21 11:58:59.273 16396 16493 I TrackingServiceClient:   LinearVel : ( 0, 0, 0 )
10-21 11:58:59.273 16396 16493 I TrackingServiceClient:   LinearAcc : ( 0, 0, 0 )
10-21 11:58:59.273 16396 16493 I TrackingServiceClient:   AngularVel : ( 0.00198826, -8.88104e-06, 0.000362954 )
10-21 11:58:59.273 16396 16493 I TrackingServiceClient:   AngularAcc : ( 0.463204, -0.195795, -0.24531 )
10-21 11:58:59.273 16396 16493 I TrackingServiceClient: Implausible sensor time! pt = 69.151
10-21 11:58:59.274 16396 16493 I VrApi   : FPS=0,Prd=0ms,Tear=0,Early=0,Stale=0,VSnc=1,Lat=0,Fov=0,CPU4/GPU=0/0,300/257MHz,OC=FF,TA=0/0/0,SP=N/N/N,Mem=200MHz,Free=1328MB,PSM=0,PLS=0,Temp=34.0C/0.0C,TW=0.00ms,App=0.00ms,GD=0.00ms,CPU&GPU=0.00ms,LCnt=0,GPU%=-1.00,CPU%=-1.00(W-1.00)
10-21 11:58:59.876  3060  3087 I OsSdk   : will wait 60 seconds before retrying
10-21 11:59:00.266 16396 16493 I TrackingServiceClient: Implausible tracking state detected!
10-21 11:59:00.266 16396 16493 I TrackingServiceClient: RigidBodyPose WorldFromImu (t = 8218.93, pt = nan, dt = 70.1443):
10-21 11:59:00.266 16396 16493 I TrackingServiceClient:    trans : ( -0.0246108, -0.408707, -0.57092 )
10-21 11:59:00.266 16396 16493 I TrackingServiceClient:    : ( -0.992024, 0.00270301, 0.0536566, 0.114026 )
10-21 11:59:00.266 16396 16493 I TrackingServiceClient:   LinearVel : ( 0, 0, 0 )
10-21 11:59:00.266 16396 16493 I TrackingServiceClient:   LinearAcc : ( 0, 0, 0 )
10-21 11:59:00.266 16396 16493 I TrackingServiceClient:   AngularVel : ( 0.00198826, -8.88104e-06, 0.000362954 )
10-21 11:59:00.266 16396 16493 I TrackingServiceClient:   AngularAcc : ( 0.463204, -0.195795, -0.24531 )
10-21 11:59:00.266 16396 16493 I TrackingServiceClient: Implausible sensor time! pt = 70.1443
10-21 11:59:00.266 16396 16493 I VrApi   : FPS=0,Prd=0ms,Tear=0,Early=0,Stale=0,VSnc=1,Lat=0,Fov=0,CPU4/GPU=0/0,2304/257MHz,OC=FF,TA=0/0/0,SP=N/N/N,Mem=411MHz,Free=1327MB,PSM=0,PLS=0,Temp=34.0C/0.0C,TW=0.00ms,App=0.00ms,GD=0.00ms,CPU&GPU=0.00ms,LCnt=0,GPU%=-1.00,CPU%=-1.00(W-1.00)
10-21 11:59:00.358  2884  2897 D UnifiedTelemetryLogger: Gatekeeper values: mDuplicateLogging = false, mUseUnifiedTelemetryService = false
10-21 11:59:00.432  2799  2814 D UnifiedTelemetryLogger: Gatekeeper values: mDuplicateLogging = false, mUseUnifiedTelemetryService = false
10-21 11:59:00.462  1918  2679 D UnifiedTelemetryLogger: Gatekeeper values: mDuplicateLogging = false, mUseUnifiedTelemetryService = false
10-21 11:59:00.487  1431  2673 D UnifiedTelemetryLogger: Gatekeeper values: mDuplicateLogging = false, mUseUnifiedTelemetryService = false
10-21 11:59:00.509  1505  2674 D UnifiedTelemetryLogger: Gatekeeper values: mDuplicateLogging = false, mUseUnifiedTelemetryService = false
10-21 11:59:00.510  2779  2797 D UnifiedTelemetryLogger: Gatekeeper values: mDuplicateLogging = false, mUseUnifiedTelemetryService = false
10-21 11:59:00.555  1965  2678 D UnifiedTelemetryLogger: Gatekeeper values: mDuplicateLogging = false, mUseUnifiedTelemetryService = false
10-21 11:59:00.557  1826  2676 D UnifiedTelemetryLogger: Gatekeeper values: mDuplicateLogging = false, mUseUnifiedTelemetryService = false
10-21 11:59:00.678  1764  2677 D UnifiedTelemetryLogger: Gatekeeper values: mDuplicateLogging = false, mUseUnifiedTelemetryService = false
10-21 11:59:01.273 16396 16493 I TrackingServiceClient: Implausible tracking state detected!
10-21 11:59:01.273 16396 16493 I TrackingServiceClient: RigidBodyPose WorldFromImu (t = 8218.93, pt = nan, dt = 71.1515):
10-21 11:59:01.273 16396 16493 I TrackingServiceClient:    trans : ( -0.0246108, -0.408707, -0.57092 )
10-21 11:59:01.273 16396 16493 I TrackingServiceClient:    : ( -0.992024, 0.00270301, 0.0536566, 0.114026 )
10-21 11:59:01.274 16396 16493 I TrackingServiceClient:   LinearVel : ( 0, 0, 0 )
10-21 11:59:01.274 16396 16493 I TrackingServiceClient:   LinearAcc : ( 0, 0, 0 )
10-21 11:59:01.274 16396 16493 I TrackingServiceClient:   AngularVel : ( 0.00198826, -8.88104e-06, 0.000362954 )
10-21 11:59:01.274 16396 16493 I TrackingServiceClient:   AngularAcc : ( 0.463204, -0.195795, -0.24531 )
10-21 11:59:01.274 16396 16493 I TrackingServiceClient: Implausible sensor time! pt = 71.1515
10-21 11:59:01.274 16396 16493 I VrApi   : FPS=0,Prd=0ms,Tear=0,Early=0,Stale=0,VSnc=1,Lat=0,Fov=0,CPU4/GPU=0/0,300/257MHz,OC=FF,TA=0/0/0,SP=N/N/N,Mem=200MHz,Free=1328MB,PSM=0,PLS=0,Temp=34.0C/0.0C,TW=0.00ms,App=0.00ms,GD=0.00ms,CPU&GPU=0.00ms,LCnt=0,GPU%=-1.00,CPU%=-1.00(W-1.00)
10-21 11:59:02.198   705  1004 I OsSdk   : will wait 60 seconds before retrying
10-21 11:59:02.275 16396 16493 I TrackingServiceClient: Implausible tracking state detected!
10-21 11:59:02.275 16396 16493 I TrackingServiceClient: RigidBodyPose WorldFromImu (t = 8218.93, pt = nan, dt = 72.1536):
10-21 11:59:02.275 16396 16493 I TrackingServiceClient:    trans : ( -0.0246108, -0.408707, -0.57092 )
10-21 11:59:02.276 16396 16493 I TrackingServiceClient:    : ( -0.992024, 0.00270301, 0.0536566, 0.114026 )
10-21 11:59:02.276 16396 16493 I TrackingServiceClient:   LinearVel : ( 0, 0, 0 )
10-21 11:59:02.276 16396 16493 I TrackingServiceClient:   LinearAcc : ( 0, 0, 0 )
10-21 11:59:02.276 16396 16493 I TrackingServiceClient:   AngularVel : ( 0.00198826, -8.88104e-06, 0.000362954 )
10-21 11:59:02.276 16396 16493 I TrackingServiceClient:   AngularAcc : ( 0.463204, -0.195795, -0.24531 )
10-21 11:59:02.276 16396 16493 I TrackingServiceClient: Implausible sensor time! pt = 72.1536
10-21 11:59:02.276 16396 16493 I VrApi   : FPS=0,Prd=0ms,Tear=0,Early=0,Stale=0,VSnc=1,Lat=0,Fov=0,CPU4/GPU=0/0,300/257MHz,OC=FF,TA=0/0/0,SP=N/N/N,Mem=200MHz,Free=1327MB,PSM=0,PLS=0,Temp=34.0C/0.0C,TW=0.00ms,App=0.00ms,GD=0.00ms,CPU&GPU=0.00ms,LCnt=0,GPU%=-1.00,CPU%=-1.00(W-1.00)
10-21 11:59:02.370  1431 16709 I OSUpdateService: Intent with action system_battery_changed
10-21 11:59:03.274 16396 16493 I TrackingServiceClient: Implausible tracking state detected!
10-21 11:59:03.274 16396 16493 I TrackingServiceClient: RigidBodyPose WorldFromImu (t = 8218.93, pt = nan, dt = 73.1519):
10-21 11:59:03.274 16396 16493 I TrackingServiceClient:    trans : ( -0.0246108, -0.408707, -0.57092 )
10-21 11:59:03.274 16396 16493 I TrackingServiceClient:    : ( -0.992024, 0.00270301, 0.0536566, 0.114026 )
10-21 11:59:03.274 16396 16493 I TrackingServiceClient:   LinearVel : ( 0, 0, 0 )
10-21 11:59:03.274 16396 16493 I TrackingServiceClient:   LinearAcc : ( 0, 0, 0 )
10-21 11:59:03.274 16396 16493 I TrackingServiceClient:   AngularVel : ( 0.00198826, -8.88104e-06, 0.000362954 )
10-21 11:59:03.275 16396 16493 I TrackingServiceClient:   AngularAcc : ( 0.463204, -0.195795, -0.24531 )
10-21 11:59:03.275 16396 16493 I TrackingServiceClient: Implausible sensor time! pt = 73.1519
10-21 11:59:03.275 16396 16493 I VrApi   : FPS=0,Prd=0ms,Tear=0,Early=0,Stale=0,VSnc=1,Lat=0,Fov=0,CPU4/GPU=0/0,300/257MHz,OC=FF,TA=0/0/0,SP=N/N/N,Mem=200MHz,Free=1327MB,PSM=0,PLS=0,Temp=34.0C/0.0C,TW=0.00ms,App=0.00ms,GD=0.00ms,CPU&GPU=0.00ms,LCnt=0,GPU%=-1.00,CPU%=-1.00(W-1.00)
10-21 11:59:04.275 16396 16493 I TrackingServiceClient: Implausible tracking state detected!
10-21 11:59:04.275 16396 16493 I TrackingServiceClient: RigidBodyPose WorldFromImu (t = 8218.93, pt = nan, dt = 74.1536):
10-21 11:59:04.276 16396 16493 I TrackingServiceClient:    trans : ( -0.0246108, -0.408707, -0.57092 )
10-21 11:59:04.276 16396 16493 I TrackingServiceClient:    : ( -0.992024, 0.00270301, 0.0536566, 0.114026 )
10-21 11:59:04.276 16396 16493 I TrackingServiceClient:   LinearVel : ( 0, 0, 0 )
10-21 11:59:04.276 16396 16493 I TrackingServiceClient:   LinearAcc : ( 0, 0, 0 )
10-21 11:59:04.276 16396 16493 I TrackingServiceClient:   AngularVel : ( 0.00198826, -8.88104e-06, 0.000362954 )
10-21 11:59:04.276 16396 16493 I TrackingServiceClient:   AngularAcc : ( 0.463204, -0.195795, -0.24531 )
10-21 11:59:04.276 16396 16493 I TrackingServiceClient: Implausible sensor time! pt = 74.1536
10-21 11:59:04.276 16396 16493 I VrApi   : FPS=0,Prd=0ms,Tear=0,Early=0,Stale=0,VSnc=1,Lat=0,Fov=0,CPU4/GPU=0/0,300/257MHz,OC=FF,TA=0/0/0,SP=N/N/N,Mem=200MHz,Free=1328MB,PSM=0,PLS=0,Temp=34.0C/0.0C,TW=0.00ms,App=0.00ms,GD=0.00ms,CPU&GPU=0.00ms,LCnt=0,GPU%=-1.00,CPU%=-1.00(W-1.00)
10-21 11:59:05.273 16396 16493 I TrackingServiceClient: Implausible tracking state detected!
10-21 11:59:05.274 16396 16493 I TrackingServiceClient: RigidBodyPose WorldFromImu (t = 8218.93, pt = nan, dt = 75.1517):
10-21 11:59:05.274 16396 16493 I TrackingServiceClient:    trans : ( -0.0246108, -0.408707, -0.57092 )
10-21 11:59:05.274 16396 16493 I TrackingServiceClient:    : ( -0.992024, 0.00270301, 0.0536566, 0.114026 )
10-21 11:59:05.274 16396 16493 I TrackingServiceClient:   LinearVel : ( 0, 0, 0 )
10-21 11:59:05.274 16396 16493 I TrackingServiceClient:   LinearAcc : ( 0, 0, 0 )
10-21 11:59:05.274 16396 16493 I TrackingServiceClient:   AngularVel : ( 0.00198826, -8.88104e-06, 0.000362954 )
10-21 11:59:05.274 16396 16493 I TrackingServiceClient:   AngularAcc : ( 0.463204, -0.195795, -0.24531 )
10-21 11:59:05.274 16396 16493 I TrackingServiceClient: Implausible sensor time! pt = 75.1517
10-21 11:59:05.275 16396 16493 I VrApi   : FPS=0,Prd=0ms,Tear=0,Early=0,Stale=0,VSnc=1,Lat=0,Fov=0,CPU4/GPU=0/0,300/257MHz,OC=FF,TA=0/0/0,SP=N/N/N,Mem=200MHz,Free=1328MB,PSM=0,PLS=0,Temp=34.0C/0.0C,TW=0.00ms,App=0.00ms,GD=0.00ms,CPU&GPU=0.00ms,LCnt=0,GPU%=-1.00,CPU%=-1.00(W-1.00)
10-21 11:59:06.276 16396 16493 I TrackingServiceClient: Implausible tracking state detected!
10-21 11:59:06.277 16396 16493 I TrackingServiceClient: RigidBodyPose WorldFromImu (t = 8218.93, pt = nan, dt = 76.1547):
10-21 11:59:06.277 16396 16493 I TrackingServiceClient:    trans : ( -0.0246108, -0.408707, -0.57092 )
10-21 11:59:06.277 16396 16493 I TrackingServiceClient:    : ( -0.992024, 0.00270301, 0.0536566, 0.114026 )
10-21 11:59:06.277 16396 16493 I TrackingServiceClient:   LinearVel : ( 0, 0, 0 )
10-21 11:59:06.277 16396 16493 I TrackingServiceClient:   LinearAcc : ( 0, 0, 0 )
10-21 11:59:06.277 16396 16493 I TrackingServiceClient:   AngularVel : ( 0.00198826, -8.88104e-06, 0.000362954 )
10-21 11:59:06.277 16396 16493 I TrackingServiceClient:   AngularAcc : ( 0.463204, -0.195795, -0.24531 )
10-21 11:59:06.278 16396 16493 I TrackingServiceClient: Implausible sensor time! pt = 76.1547
10-21 11:59:06.278 16396 16493 I VrApi   : FPS=0,Prd=0ms,Tear=0,Early=0,Stale=0,VSnc=1,Lat=0,Fov=0,CPU4/GPU=0/0,300/257MHz,OC=FF,TA=0/0/0,SP=N/N/N,Mem=200MHz,Free=1328MB,PSM=0,PLS=0,Temp=34.0C/0.0C,TW=0.00ms,App=0.00ms,GD=0.00ms,CPU&GPU=0.00ms,LCnt=0,GPU%=-1.00,CPU%=-1.00(W-1.00)
10-21 11:59:07.276 16396 16493 I TrackingServiceClient: Implausible tracking state detected!
10-21 11:59:07.276 16396 16493 I TrackingServiceClient: RigidBodyPose WorldFromImu (t = 8218.93, pt = nan, dt = 77.1539):
10-21 11:59:07.276 16396 16493 I TrackingServiceClient:    trans : ( -0.0246108, -0.408707, -0.57092 )
10-21 11:59:07.276 16396 16493 I TrackingServiceClient:    : ( -0.992024, 0.00270301, 0.0536566, 0.114026 )
10-21 11:59:07.276 16396 16493 I TrackingServiceClient:   LinearVel : ( 0, 0, 0 )
10-21 11:59:07.276 16396 16493 I TrackingServiceClient:   LinearAcc : ( 0, 0, 0 )
10-21 11:59:07.276 16396 16493 I TrackingServiceClient:   AngularVel : ( 0.00198826, -8.88104e-06, 0.000362954 )
10-21 11:59:07.276 16396 16493 I TrackingServiceClient:   AngularAcc : ( 0.463204, -0.195795, -0.24531 )
10-21 11:59:07.276 16396 16493 I TrackingServiceClient: Implausible sensor time! pt = 77.1539
10-21 11:59:07.276 16396 16493 I VrApi   : FPS=0,Prd=0ms,Tear=0,Early=0,Stale=0,VSnc=1,Lat=0,Fov=0,CPU4/GPU=0/0,300/257MHz,OC=FF,TA=0/0/0,SP=N/N/N,Mem=200MHz,Free=1328MB,PSM=0,PLS=0,Temp=34.0C/0.0C,TW=0.00ms,App=0.00ms,GD=0.00ms,CPU&GPU=0.00ms,LCnt=0,GPU%=-1.00,CPU%=-1.00(W-1.00)
10-21 11:59:08.271 16396 16493 I TrackingServiceClient: Implausible tracking state detected!
10-21 11:59:08.271 16396 16493 I TrackingServiceClient: RigidBodyPose WorldFromImu (t = 8218.93, pt = nan, dt = 78.1497):
10-21 11:59:08.272 16396 16493 I TrackingServiceClient:    trans : ( -0.0246108, -0.408707, -0.57092 )
10-21 11:59:08.272 16396 16493 I TrackingServiceClient:    : ( -0.992024, 0.00270301, 0.0536566, 0.114026 )
10-21 11:59:08.272 16396 16493 I TrackingServiceClient:   LinearVel : ( 0, 0, 0 )
10-21 11:59:08.272 16396 16493 I TrackingServiceClient:   LinearAcc : ( 0, 0, 0 )
10-21 11:59:08.272 16396 16493 I TrackingServiceClient:   AngularVel : ( 0.00198826, -8.88104e-06, 0.000362954 )
10-21 11:59:08.272 16396 16493 I TrackingServiceClient:   AngularAcc : ( 0.463204, -0.195795, -0.24531 )
10-21 11:59:08.272 16396 16493 I TrackingServiceClient: Implausible sensor time! pt = 78.1497
10-21 11:59:08.272 16396 16493 I VrApi   : FPS=0,Prd=0ms,Tear=0,Early=0,Stale=0,VSnc=1,Lat=0,Fov=0,CPU4/GPU=0/0,300/257MHz,OC=FF,TA=0/0/0,SP=N/N/N,Mem=200MHz,Free=1327MB,PSM=0,PLS=0,Temp=34.0C/0.0C,TW=0.00ms,App=0.00ms,GD=0.00ms,CPU&GPU=0.00ms,LCnt=0,GPU%=-1.00,CPU%=-1.00(W-1.00)
10-21 11:59:09.272 16396 16493 I TrackingServiceClient: Implausible tracking state detected!
10-21 11:59:09.273 16396 16493 I TrackingServiceClient: RigidBodyPose WorldFromImu (t = 8218.93, pt = nan, dt = 79.1507):
10-21 11:59:09.273 16396 16493 I TrackingServiceClient:    trans : ( -0.0246108, -0.408707, -0.57092 )
10-21 11:59:09.273 16396 16493 I TrackingServiceClient:    : ( -0.992024, 0.00270301, 0.0536566, 0.114026 )
10-21 11:59:09.273 16396 16493 I TrackingServiceClient:   LinearVel : ( 0, 0, 0 )
10-21 11:59:09.273 16396 16493 I TrackingServiceClient:   LinearAcc : ( 0, 0, 0 )
10-21 11:59:09.273 16396 16493 I TrackingServiceClient:   AngularVel : ( 0.00198826, -8.88104e-06, 0.000362954 )
10-21 11:59:09.273 16396 16493 I TrackingServiceClient:   AngularAcc : ( 0.463204, -0.195795, -0.24531 )
10-21 11:59:09.274 16396 16493 I TrackingServiceClient: Implausible sensor time! pt = 79.1507
10-21 11:59:09.274 16396 16493 I VrApi   : FPS=0,Prd=0ms,Tear=0,Early=0,Stale=0,VSnc=1,Lat=0,Fov=0,CPU4/GPU=0/0,300/257MHz,OC=FF,TA=0/0/0,SP=N/N/N,Mem=200MHz,Free=1327MB,PSM=0,PLS=0,Temp=34.0C/0.0C,TW=0.00ms,App=0.00ms,GD=0.00ms,CPU&GPU=0.00ms,LCnt=0,GPU%=-1.00,CPU%=-1.00(W-1.00)
10-21 11:59:09.540  1826  1981 I OsSdk   : will wait 60 seconds before retrying
10-21 11:59:10.277 16396 16493 I TrackingServiceClient: Implausible tracking state detected!
10-21 11:59:10.277 16396 16493 I TrackingServiceClient: RigidBodyPose WorldFromImu (t = 8218.93, pt = nan, dt = 80.1554):
10-21 11:59:10.277 16396 16493 I TrackingServiceClient:    trans : ( -0.0246108, -0.408707, -0.57092 )
10-21 11:59:10.277 16396 16493 I TrackingServiceClient:    : ( -0.992024, 0.00270301, 0.0536566, 0.114026 )
10-21 11:59:10.277 16396 16493 I TrackingServiceClient:   LinearVel : ( 0, 0, 0 )
10-21 11:59:10.278 16396 16493 I TrackingServiceClient:   LinearAcc : ( 0, 0, 0 )
10-21 11:59:10.278 16396 16493 I TrackingServiceClient:   AngularVel : ( 0.00198826, -8.88104e-06, 0.000362954 )
10-21 11:59:10.278 16396 16493 I TrackingServiceClient:   AngularAcc : ( 0.463204, -0.195795, -0.24531 )
10-21 11:59:10.278 16396 16493 I TrackingServiceClient: Implausible sensor time! pt = 80.1554
10-21 11:59:10.278 16396 16493 I VrApi   : FPS=0,Prd=0ms,Tear=0,Early=0,Stale=0,VSnc=1,Lat=0,Fov=0,CPU4/GPU=0/0,300/257MHz,OC=FF,TA=0/0/0,SP=N/N/N,Mem=200MHz,Free=1328MB,PSM=0,PLS=0,Temp=34.0C/0.0C,TW=0.00ms,App=0.00ms,GD=0.00ms,CPU&GPU=0.00ms,LCnt=0,GPU%=-1.00,CPU%=-1.00(W-1.00)
10-21 11:59:11.279 16396 16493 I TrackingServiceClient: Implausible tracking state detected!
10-21 11:59:11.279 16396 16493 I TrackingServiceClient: RigidBodyPose WorldFromImu (t = 8218.93, pt = nan, dt = 81.1569):
10-21 11:59:11.279 16396 16493 I TrackingServiceClient:    trans : ( -0.0246108, -0.408707, -0.57092 )
10-21 11:59:11.279 16396 16493 I TrackingServiceClient:    : ( -0.992024, 0.00270301, 0.0536566, 0.114026 )
10-21 11:59:11.279 16396 16493 I TrackingServiceClient:   LinearVel : ( 0, 0, 0 )
10-21 11:59:11.279 16396 16493 I TrackingServiceClient:   LinearAcc : ( 0, 0, 0 )
10-21 11:59:11.279 16396 16493 I TrackingServiceClient:   AngularVel : ( 0.00198826, -8.88104e-06, 0.000362954 )
10-21 11:59:11.279 16396 16493 I TrackingServiceClient:   AngularAcc : ( 0.463204, -0.195795, -0.24531 )
10-21 11:59:11.280 16396 16493 I TrackingServiceClient: Implausible sensor time! pt = 81.1569
10-21 11:59:11.280 16396 16493 I VrApi   : FPS=0,Prd=0ms,Tear=0,Early=0,Stale=0,VSnc=1,Lat=0,Fov=0,CPU4/GPU=0/0,300/257MHz,OC=FF,TA=0/0/0,SP=N/N/N,Mem=200MHz,Free=1328MB,PSM=0,PLS=0,Temp=34.0C/0.0C,TW=0.00ms,App=0.00ms,GD=0.00ms,CPU&GPU=0.00ms,LCnt=0,GPU%=-1.00,CPU%=-1.00(W-1.00)
10-21 11:59:12.275 16396 16493 I TrackingServiceClient: Implausible tracking state detected!
10-21 11:59:12.275 16396 16493 I TrackingServiceClient: RigidBodyPose WorldFromImu (t = 8218.93, pt = nan, dt = 82.1532):
10-21 11:59:12.275 16396 16493 I TrackingServiceClient:    trans : ( -0.0246108, -0.408707, -0.57092 )
10-21 11:59:12.275 16396 16493 I TrackingServiceClient:    : ( -0.992024, 0.00270301, 0.0536566, 0.114026 )
10-21 11:59:12.275 16396 16493 I TrackingServiceClient:   LinearVel : ( 0, 0, 0 )
10-21 11:59:12.275 16396 16493 I TrackingServiceClient:   LinearAcc : ( 0, 0, 0 )
10-21 11:59:12.275 16396 16493 I TrackingServiceClient:   AngularVel : ( 0.00198826, -8.88104e-06, 0.000362954 )
10-21 11:59:12.275 16396 16493 I TrackingServiceClient:   AngularAcc : ( 0.463204, -0.195795, -0.24531 )
10-21 11:59:12.275 16396 16493 I TrackingServiceClient: Implausible sensor time! pt = 82.1532
10-21 11:59:12.276 16396 16493 I VrApi   : FPS=0,Prd=0ms,Tear=0,Early=0,Stale=0,VSnc=1,Lat=0,Fov=0,CPU4/GPU=0/0,300/257MHz,OC=FF,TA=0/0/0,SP=N/N/N,Mem=200MHz,Free=1329MB,PSM=0,PLS=0,Temp=34.0C/0.0C,TW=0.00ms,App=0.00ms,GD=0.00ms,CPU&GPU=0.00ms,LCnt=0,GPU%=-1.00,CPU%=-1.00(W-1.00)
10-21 11:59:12.605   643   854 I OsSdk   : will wait 60 seconds before retrying
10-21 11:59:12.915  1579  1836 I OsSdk   : will wait 60 seconds before retrying
10-21 11:59:12.915  1707  1830 I OsSdk   : will wait 60 seconds before retrying
10-21 11:59:13.280 16396 16493 I TrackingServiceClient: Implausible tracking state detected!
10-21 11:59:13.280 16396 16493 I TrackingServiceClient: RigidBodyPose WorldFromImu (t = 8218.93, pt = nan, dt = 83.1584):
10-21 11:59:13.280 16396 16493 I TrackingServiceClient:    trans : ( -0.0246108, -0.408707, -0.57092 )
10-21 11:59:13.280 16396 16493 I TrackingServiceClient:    : ( -0.992024, 0.00270301, 0.0536566, 0.114026 )
10-21 11:59:13.280 16396 16493 I TrackingServiceClient:   LinearVel : ( 0, 0, 0 )
10-21 11:59:13.280 16396 16493 I TrackingServiceClient:   LinearAcc : ( 0, 0, 0 )
10-21 11:59:13.281 16396 16493 I TrackingServiceClient:   AngularVel : ( 0.00198826, -8.88104e-06, 0.000362954 )
10-21 11:59:13.281 16396 16493 I TrackingServiceClient:   AngularAcc : ( 0.463204, -0.195795, -0.24531 )
10-21 11:59:13.281 16396 16493 I TrackingServiceClient: Implausible sensor time! pt = 83.1584
10-21 11:59:13.281 16396 16493 I VrApi   : FPS=0,Prd=0ms,Tear=0,Early=0,Stale=0,VSnc=1,Lat=0,Fov=0,CPU4/GPU=0/0,300/257MHz,OC=FF,TA=0/0/0,SP=N/N/N,Mem=200MHz,Free=1329MB,PSM=0,PLS=0,Temp=34.0C/0.0C,TW=0.00ms,App=0.00ms,GD=0.00ms,CPU&GPU=0.00ms,LCnt=0,GPU%=-1.00,CPU%=-1.00(W-1.00)
10-21 11:59:13.597  1965  2192 I OsSdk   : will wait 60 seconds before retrying
10-21 11:59:14.391 16396 16493 I Telemetry: App memory usage: PSS=338MB
10-21 11:59:14.393 16396 16493 I TrackingServiceClient: Implausible tracking state detected!
10-21 11:59:14.394 16396 16493 I TrackingServiceClient: RigidBodyPose WorldFromImu (t = 8218.93, pt = nan, dt = 84.2718):
10-21 11:59:14.394 16396 16493 I TrackingServiceClient:    trans : ( -0.0246108, -0.408707, -0.57092 )
10-21 11:59:14.394 16396 16493 I TrackingServiceClient:    : ( -0.992024, 0.00270301, 0.0536566, 0.114026 )
10-21 11:59:14.394 16396 16493 I TrackingServiceClient:   LinearVel : ( 0, 0, 0 )
10-21 11:59:14.394 16396 16493 I TrackingServiceClient:   LinearAcc : ( 0, 0, 0 )
10-21 11:59:14.394 16396 16493 I TrackingServiceClient:   AngularVel : ( 0.00198826, -8.88104e-06, 0.000362954 )
10-21 11:59:14.394 16396 16493 I TrackingServiceClient:   AngularAcc : ( 0.463204, -0.195795, -0.24531 )
10-21 11:59:14.394 16396 16493 I TrackingServiceClient: Implausible sensor time! pt = 84.2718
10-21 11:59:14.395 16396 16493 I VrApi   : FPS=0,Prd=0ms,Tear=0,Early=0,Stale=0,VSnc=1,Lat=0,Fov=0,CPU4/GPU=0/0,300/257MHz,OC=FF,TA=0/0/0,SP=N/N/N,Mem=200MHz,Free=1329MB,PSM=0,PLS=0,Temp=34.0C/0.0C,TW=0.00ms,App=0.00ms,GD=0.00ms,CPU&GPU=0.00ms,LCnt=0,GPU%=-1.00,CPU%=-1.00(W-1.00)
10-21 11:59:15.278 16396 16493 I TrackingServiceClient: Implausible tracking state detected!
10-21 11:59:15.279 16396 16493 I TrackingServiceClient: RigidBodyPose WorldFromImu (t = 8218.93, pt = nan, dt = 85.1568):
10-21 11:59:15.279 16396 16493 I TrackingServiceClient:    trans : ( -0.0246108, -0.408707, -0.57092 )
10-21 11:59:15.279 16396 16493 I TrackingServiceClient:    : ( -0.992024, 0.00270301, 0.0536566, 0.114026 )
10-21 11:59:15.279 16396 16493 I TrackingServiceClient:   LinearVel : ( 0, 0, 0 )
10-21 11:59:15.279 16396 16493 I TrackingServiceClient:   LinearAcc : ( 0, 0, 0 )
10-21 11:59:15.279 16396 16493 I TrackingServiceClient:   AngularVel : ( 0.00198826, -8.88104e-06, 0.000362954 )
10-21 11:59:15.279 16396 16493 I TrackingServiceClient:   AngularAcc : ( 0.463204, -0.195795, -0.24531 )
10-21 11:59:15.279 16396 16493 I TrackingServiceClient: Implausible sensor time! pt = 85.1568
10-21 11:59:15.282 16396 16493 I Telemetry: DirectMetricStats = "actual_remote_seconds":60
10-21 11:59:15.305  1918  1937 W LibraryProvider: Cannot find entitlement for com.YourCompany.LastResisters
10-21 11:59:15.305  1764  2116 W OCMSLibrary: null cursor received for query content://com.oculus.ocms.library/apps/com.YourCompany.LastResisters
10-21 11:59:15.305  1764  2116 I SDKLoggingService: Unable to find AppId for package (com.YourCompany.LastResisters)
10-21 11:59:15.306 16396 16493 I VrApi   : FPS=0,Prd=0ms,Tear=0,Early=0,Stale=0,VSnc=1,Lat=0,Fov=0,CPU4/GPU=0/0,300/257MHz,OC=FF,TA=0/0/0,SP=N/N/N,Mem=200MHz,Free=1329MB,PSM=0,PLS=0,Temp=34.0C/0.0C,TW=0.00ms,App=0.00ms,GD=0.00ms,CPU&GPU=0.00ms,LCnt=0,GPU%=-1.00,CPU%=-1.00(W-1.00)
10-21 11:59:15.455  1918  3549 W LibraryProvider: Cannot find entitlement for com.YourCompany.LastResisters
10-21 11:59:15.455  1453  6335 W OCMSLibrary: null cursor received for query content://com.oculus.ocms.library/apps/com.YourCompany.LastResisters
10-21 11:59:15.458 16396 16461 I OsSdk   : will wait 60 seconds before retrying
10-21 11:59:15.549  1453  2258 I UploadManager: Scheduling immediate upload for 2131099677
10-21 11:59:15.737  1453 16736 W ContextImpl: Calling a method in the system process without a qualified user: android.app.ContextImpl.sendBroadcast:877 android.content.ContextWrapper.sendBroadcast:421 com.facebook.analytics2.logger.UploadServiceBus.signalJobRan:60 com.facebook.analytics2.logger.UploadJobHandler.exitStateMachine:264 com.facebook.analytics2.logger.UploadJobHandler.handleMessage:97 
10-21 11:59:15.738  1118  1129 E ActivityManager: Sending non-protected broadcast com.facebook.analytics2.action.UPLOAD_JOB_RAN from system 1453:com.oculus.unifiedtelemetry/1000 pkg com.oculus.unifiedtelemetry
10-21 11:59:15.738  1118  1129 E ActivityManager: java.lang.Throwable
10-21 11:59:15.738  1118  1129 E ActivityManager: 	at com.android.server.am.ActivityManagerService.checkBroadcastFromSystem(ActivityManagerService.java:18232)
10-21 11:59:15.738  1118  1129 E ActivityManager: 	at com.android.server.am.ActivityManagerService.broadcastIntentLocked(ActivityManagerService.java:18713)
10-21 11:59:15.738  1118  1129 E ActivityManager: 	at com.android.server.am.ActivityManagerService.broadcastIntent(ActivityManagerService.java:18895)
10-21 11:59:15.738  1118  1129 E ActivityManager: 	at android.app.ActivityManagerNative.onTransact(ActivityManagerNative.java:499)
10-21 11:59:15.738  1118  1129 E ActivityManager: 	at com.android.server.am.ActivityManagerService.onTransact(ActivityManagerService.java:2847)
10-21 11:59:15.738  1118  1129 E ActivityManager: 	at android.os.Binder.execTransact(Binder.java:565)
10-21 11:59:15.747  1118  1129 E ActivityManager: Sending non-protected broadcast com.facebook.analytics2.action.UPLOAD_JOB_RAN from system 1453:com.oculus.unifiedtelemetry/1000 pkg com.oculus.unifiedtelemetry
10-21 11:59:15.747  1118  1129 E ActivityManager: java.lang.Throwable
10-21 11:59:15.747  1118  1129 E ActivityManager: 	at com.android.server.am.ActivityManagerService.checkBroadcastFromSystem(ActivityManagerService.java:18232)
10-21 11:59:15.747  1118  1129 E ActivityManager: 	at com.android.server.am.ActivityManagerService.broadcastIntentLocked(ActivityManagerService.java:18804)
10-21 11:59:15.747  1118  1129 E ActivityManager: 	at com.android.server.am.ActivityManagerService.broadcastIntent(ActivityManagerService.java:18895)
10-21 11:59:15.747  1118  1129 E ActivityManager: 	at android.app.ActivityManagerNative.onTransact(ActivityManagerNative.java:499)
10-21 11:59:15.747  1118  1129 E ActivityManager: 	at com.android.server.am.ActivityManagerService.onTransact(ActivityManagerService.java:2847)
10-21 11:59:15.747  1118  1129 E ActivityManager: 	at android.os.Binder.execTransact(Binder.java:565)
10-21 11:59:16.278 16396 16493 I TrackingServiceClient: Implausible tracking state detected!
10-21 11:59:16.278 16396 16493 I TrackingServiceClient: RigidBodyPose WorldFromImu (t = 8218.93, pt = nan, dt = 86.1566):
10-21 11:59:16.279 16396 16493 I TrackingServiceClient:    trans : ( -0.0246108, -0.408707, -0.57092 )
10-21 11:59:16.279 16396 16493 I TrackingServiceClient:    : ( -0.992024, 0.00270301, 0.0536566, 0.114026 )
10-21 11:59:16.279 16396 16493 I TrackingServiceClient:   LinearVel : ( 0, 0, 0 )
10-21 11:59:16.279 16396 16493 I TrackingServiceClient:   LinearAcc : ( 0, 0, 0 )
10-21 11:59:16.279 16396 16493 I TrackingServiceClient:   AngularVel : ( 0.00198826, -8.88104e-06, 0.000362954 )
10-21 11:59:16.279 16396 16493 I TrackingServiceClient:   AngularAcc : ( 0.463204, -0.195795, -0.24531 )
10-21 11:59:16.279 16396 16493 I TrackingServiceClient: Implausible sensor time! pt = 86.1566
10-21 11:59:16.279 16396 16493 I VrApi   : FPS=0,Prd=0ms,Tear=0,Early=0,Stale=0,VSnc=1,Lat=0,Fov=0,CPU4/GPU=0/0,300/257MHz,OC=FF,TA=0/0/0,SP=N/N/N,Mem=200MHz,Free=1326MB,PSM=0,PLS=0,Temp=34.0C/0.0C,TW=0.00ms,App=0.00ms,GD=0.00ms,CPU&GPU=0.00ms,LCnt=0,GPU%=-1.00,CPU%=-1.00(W-1.00)
10-21 11:59:17.275 16396 16493 I TrackingServiceClient: Implausible tracking state detected!
10-21 11:59:17.276 16396 16493 I TrackingServiceClient: RigidBodyPose WorldFromImu (t = 8218.93, pt = nan, dt = 87.1538):
10-21 11:59:17.276 16396 16493 I TrackingServiceClient:    trans : ( -0.0246108, -0.408707, -0.57092 )
10-21 11:59:17.276 16396 16493 I TrackingServiceClient:    : ( -0.992024, 0.00270301, 0.0536566, 0.114026 )
10-21 11:59:17.276 16396 16493 I TrackingServiceClient:   LinearVel : ( 0, 0, 0 )
10-21 11:59:17.276 16396 16493 I TrackingServiceClient:   LinearAcc : ( 0, 0, 0 )
10-21 11:59:17.276 16396 16493 I TrackingServiceClient:   AngularVel : ( 0.00198826, -8.88104e-06, 0.000362954 )
10-21 11:59:17.276 16396 16493 I TrackingServiceClient:   AngularAcc : ( 0.463204, -0.195795, -0.24531 )
10-21 11:59:17.276 16396 16493 I TrackingServiceClient: Implausible sensor time! pt = 87.1538
10-21 11:59:17.276 16396 16493 I VrApi   : FPS=0,Prd=0ms,Tear=0,Early=0,Stale=0,VSnc=1,Lat=0,Fov=0,CPU4/GPU=0/0,300/257MHz,OC=FF,TA=0/0/0,SP=N/N/N,Mem=200MHz,Free=1326MB,PSM=0,PLS=0,Temp=34.0C/0.0C,TW=0.00ms,App=0.00ms,GD=0.00ms,CPU&GPU=0.00ms,LCnt=0,GPU%=-1.00,CPU%=-1.00(W-1.00)
10-21 11:59:18.269 16396 16493 I TrackingServiceClient: Implausible tracking state detected!
10-21 11:59:18.269 16396 16493 I TrackingServiceClient: RigidBodyPose WorldFromImu (t = 8218.93, pt = nan, dt = 88.1472):
10-21 11:59:18.269 16396 16493 I TrackingServiceClient:    trans : ( -0.0246108, -0.408707, -0.57092 )
10-21 11:59:18.269 16396 16493 I TrackingServiceClient:    : ( -0.992024, 0.00270301, 0.0536566, 0.114026 )
10-21 11:59:18.269 16396 16493 I TrackingServiceClient:   LinearVel : ( 0, 0, 0 )
10-21 11:59:18.269 16396 16493 I TrackingServiceClient:   LinearAcc : ( 0, 0, 0 )
10-21 11:59:18.269 16396 16493 I TrackingServiceClient:   AngularVel : ( 0.00198826, -8.88104e-06, 0.000362954 )
10-21 11:59:18.269 16396 16493 I TrackingServiceClient:   AngularAcc : ( 0.463204, -0.195795, -0.24531 )
10-21 11:59:18.269 16396 16493 I TrackingServiceClient: Implausible sensor time! pt = 88.1472
10-21 11:59:18.269 16396 16493 I VrApi   : FPS=0,Prd=0ms,Tear=0,Early=0,Stale=0,VSnc=1,Lat=0,Fov=0,CPU4/GPU=0/0,2304/257MHz,OC=FF,TA=0/0/0,SP=N/N/N,Mem=411MHz,Free=1326MB,PSM=0,PLS=0,Temp=34.0C/0.0C,TW=0.00ms,App=0.00ms,GD=0.00ms,CPU&GPU=0.00ms,LCnt=0,GPU%=-1.00,CPU%=-1.00(W-1.00)
10-21 11:59:19.276 16396 16493 I TrackingServiceClient: Implausible tracking state detected!
10-21 11:59:19.277 16396 16493 I TrackingServiceClient: RigidBodyPose WorldFromImu (t = 8218.93, pt = nan, dt = 89.1548):
10-21 11:59:19.277 16396 16493 I TrackingServiceClient:    trans : ( -0.0246108, -0.408707, -0.57092 )
10-21 11:59:19.277 16396 16493 I TrackingServiceClient:    : ( -0.992024, 0.00270301, 0.0536566, 0.114026 )
10-21 11:59:19.277 16396 16493 I TrackingServiceClient:   LinearVel : ( 0, 0, 0 )
10-21 11:59:19.277 16396 16493 I TrackingServiceClient:   LinearAcc : ( 0, 0, 0 )
10-21 11:59:19.277 16396 16493 I TrackingServiceClient:   AngularVel : ( 0.00198826, -8.88104e-06, 0.000362954 )
10-21 11:59:19.277 16396 16493 I TrackingServiceClient:   AngularAcc : ( 0.463204, -0.195795, -0.24531 )
10-21 11:59:19.277 16396 16493 I TrackingServiceClient: Implausible sensor time! pt = 89.1548
10-21 11:59:19.278 16396 16493 I VrApi   : FPS=0,Prd=0ms,Tear=0,Early=0,Stale=0,VSnc=1,Lat=0,Fov=0,CPU4/GPU=0/0,300/257MHz,OC=FF,TA=0/0/0,SP=N/N/N,Mem=200MHz,Free=1327MB,PSM=0,PLS=0,Temp=34.0C/0.0C,TW=0.00ms,App=0.00ms,GD=0.00ms,CPU&GPU=0.00ms,LCnt=0,GPU%=-1.00,CPU%=-1.00(W-1.00)
10-21 11:59:20.278 16396 16493 I TrackingServiceClient: Implausible tracking state detected!
10-21 11:59:20.278 16396 16493 I TrackingServiceClient: RigidBodyPose WorldFromImu (t = 8218.93, pt = nan, dt = 90.1563):
10-21 11:59:20.278 16396 16493 I TrackingServiceClient:    trans : ( -0.0246108, -0.408707, -0.57092 )
10-21 11:59:20.278 16396 16493 I TrackingServiceClient:    : ( -0.992024, 0.00270301, 0.0536566, 0.114026 )
10-21 11:59:20.278 16396 16493 I TrackingServiceClient:   LinearVel : ( 0, 0, 0 )
10-21 11:59:20.278 16396 16493 I TrackingServiceClient:   LinearAcc : ( 0, 0, 0 )
10-21 11:59:20.278 16396 16493 I TrackingServiceClient:   AngularVel : ( 0.00198826, -8.88104e-06, 0.000362954 )
10-21 11:59:20.279 16396 16493 I TrackingServiceClient:   AngularAcc : ( 0.463204, -0.195795, -0.24531 )
10-21 11:59:20.279 16396 16493 I TrackingServiceClient: Implausible sensor time! pt = 90.1563
10-21 11:59:20.279 16396 16493 I VrApi   : FPS=0,Prd=0ms,Tear=0,Early=0,Stale=0,VSnc=1,Lat=0,Fov=0,CPU4/GPU=0/0,300/257MHz,OC=FF,TA=0/0/0,SP=N/N/N,Mem=200MHz,Free=1326MB,PSM=0,PLS=0,Temp=34.0C/0.0C,TW=0.00ms,App=0.00ms,GD=0.00ms,CPU&GPU=0.00ms,LCnt=0,GPU%=-1.00,CPU%=-1.00(W-1.00)
10-21 11:59:21.275 16396 16493 I TrackingServiceClient: Implausible tracking state detected!
10-21 11:59:21.275 16396 16493 I TrackingServiceClient: RigidBodyPose WorldFromImu (t = 8218.93, pt = nan, dt = 91.1537):
10-21 11:59:21.276 16396 16493 I TrackingServiceClient:    trans : ( -0.0246108, -0.408707, -0.57092 )
10-21 11:59:21.276 16396 16493 I TrackingServiceClient:    : ( -0.992024, 0.00270301, 0.0536566, 0.114026 )
10-21 11:59:21.276 16396 16493 I TrackingServiceClient:   LinearVel : ( 0, 0, 0 )
10-21 11:59:21.276 16396 16493 I TrackingServiceClient:   LinearAcc : ( 0, 0, 0 )
10-21 11:59:21.276 16396 16493 I TrackingServiceClient:   AngularVel : ( 0.00198826, -8.88104e-06, 0.000362954 )
10-21 11:59:21.276 16396 16493 I TrackingServiceClient:   AngularAcc : ( 0.463204, -0.195795, -0.24531 )
10-21 11:59:21.276 16396 16493 I TrackingServiceClient: Implausible sensor time! pt = 91.1537
10-21 11:59:21.276 16396 16493 I VrApi   : FPS=0,Prd=0ms,Tear=0,Early=0,Stale=0,VSnc=1,Lat=0,Fov=0,CPU4/GPU=0/0,300/257MHz,OC=FF,TA=0/0/0,SP=N/N/N,Mem=200MHz,Free=1327MB,PSM=0,PLS=0,Temp=34.0C/0.0C,TW=0.00ms,App=0.00ms,GD=0.00ms,CPU&GPU=0.00ms,LCnt=0,GPU%=-1.00,CPU%=-1.00(W-1.00)
10-21 11:59:22.275 16396 16493 I TrackingServiceClient: Implausible tracking state detected!
10-21 11:59:22.275 16396 16493 I TrackingServiceClient: RigidBodyPose WorldFromImu (t = 8218.93, pt = nan, dt = 92.1535):
10-21 11:59:22.275 16396 16493 I TrackingServiceClient:    trans : ( -0.0246108, -0.408707, -0.57092 )
10-21 11:59:22.276 16396 16493 I TrackingServiceClient:    : ( -0.992024, 0.00270301, 0.0536566, 0.114026 )
10-21 11:59:22.276 16396 16493 I TrackingServiceClient:   LinearVel : ( 0, 0, 0 )
10-21 11:59:22.276 16396 16493 I TrackingServiceClient:   LinearAcc : ( 0, 0, 0 )
10-21 11:59:22.276 16396 16493 I TrackingServiceClient:   AngularVel : ( 0.00198826, -8.88104e-06, 0.000362954 )
10-21 11:59:22.276 16396 16493 I TrackingServiceClient:   AngularAcc : ( 0.463204, -0.195795, -0.24531 )
10-21 11:59:22.276 16396 16493 I TrackingServiceClient: Implausible sensor time! pt = 92.1535
10-21 11:59:22.276 16396 16493 I VrApi   : FPS=0,Prd=0ms,Tear=0,Early=0,Stale=0,VSnc=1,Lat=0,Fov=0,CPU4/GPU=0/0,300/257MHz,OC=FF,TA=0/0/0,SP=N/N/N,Mem=200MHz,Free=1328MB,PSM=0,PLS=0,Temp=34.0C/0.0C,TW=0.00ms,App=0.00ms,GD=0.00ms,CPU&GPU=0.00ms,LCnt=0,GPU%=-1.00,CPU%=-1.00(W-1.00)
10-21 11:59:23.279 16396 16493 I TrackingServiceClient: Implausible tracking state detected!
10-21 11:59:23.279 16396 16493 I TrackingServiceClient: RigidBodyPose WorldFromImu (t = 8218.93, pt = nan, dt = 93.1573):
10-21 11:59:23.279 16396 16493 I TrackingServiceClient:    trans : ( -0.0246108, -0.408707, -0.57092 )
10-21 11:59:23.279 16396 16493 I TrackingServiceClient:    : ( -0.992024, 0.00270301, 0.0536566, 0.114026 )
10-21 11:59:23.279 16396 16493 I TrackingServiceClient:   LinearVel : ( 0, 0, 0 )
10-21 11:59:23.279 16396 16493 I TrackingServiceClient:   LinearAcc : ( 0, 0, 0 )
10-21 11:59:23.279 16396 16493 I TrackingServiceClient:   AngularVel : ( 0.00198826, -8.88104e-06, 0.000362954 )
10-21 11:59:23.280 16396 16493 I TrackingServiceClient:   AngularAcc : ( 0.463204, -0.195795, -0.24531 )
10-21 11:59:23.280 16396 16493 I TrackingServiceClient: Implausible sensor time! pt = 93.1573
10-21 11:59:23.280 16396 16493 I VrApi   : FPS=0,Prd=0ms,Tear=0,Early=0,Stale=0,VSnc=1,Lat=0,Fov=0,CPU4/GPU=0/0,300/257MHz,OC=FF,TA=0/0/0,SP=N/N/N,Mem=200MHz,Free=1327MB,PSM=0,PLS=0,Temp=34.0C/0.0C,TW=0.00ms,App=0.00ms,GD=0.00ms,CPU&GPU=0.00ms,LCnt=0,GPU%=-1.00,CPU%=-1.00(W-1.00)
10-21 11:59:23.890  6270  6276 D xrspd   : ep0 xrspd event SUSPEND
10-21 11:59:23.898  6270  6276 D xrspd   : ep0 xrspd event DISABLE
10-21 11:59:23.898  6270  6276 D xrspd   : streaming session stopped (2)
10-21 11:59:23.900  6270  6276 D xrspd   : ep0 xrspd event UNBIND
10-21 11:59:23.902  6270  6276 D xrspd   : ep0 xrspd event BIND
10-21 11:59:23.905  1118  1118 I DeviceIdleController: Scheduling alarm, no motion sensor.
10-21 11:59:23.907  1118  1136 I UsbPortManager: USB port changed: port=UsbPort{id=otg_default, supportedModes=dual}, status=UsbPortStatus{connected=false, currentMode=none, currentPowerRole=no-power, currentDataRole=no-data, supportedRoleCombinations=[no-power:no-data]}, canChangeMode=true, canChangePowerRole=false, canChangeDataRole=false
10-21 11:59:23.915  1453  1453 W PowerCollector: cannot parse wakeup entry
10-21 11:59:23.917  1431 16755 I OSUpdateService: Intent with action system_battery_changed
10-21 11:59:23.920  1118  1134 E BatteryStatsService: no controller energy info supplied
10-21 11:59:23.921  1505  1505 I BleModule: Notifying device: 79:04:86:E3:E2:B2
10-21 11:59:23.927  1118  1134 I BatteryStatsImpl: Resetting battery stats: level=98 status=2 dischargeLevel=98 lowAmount=2 highAmount=3
10-21 11:59:23.935  1118  1134 E BatteryStatsService: power: Missing API
10-21 11:59:23.962  1118  1131 W ProcessCpuTracker: Skipping unknown process pid 16751
10-21 11:59:23.963  1118  1131 W ProcessCpuTracker: Skipping unknown process pid 16756
10-21 11:59:24.277 16396 16493 I TrackingServiceClient: Implausible tracking state detected!
10-21 11:59:24.277 16396 16493 I TrackingServiceClient: RigidBodyPose WorldFromImu (t = 8218.93, pt = nan, dt = 94.155):
10-21 11:59:24.277 16396 16493 I TrackingServiceClient:    trans : ( -0.0246108, -0.408707, -0.57092 )
10-21 11:59:24.277 16396 16493 I TrackingServiceClient:    : ( -0.992024, 0.00270301, 0.0536566, 0.114026 )
10-21 11:59:24.277 16396 16493 I TrackingServiceClient:   LinearVel : ( 0, 0, 0 )
10-21 11:59:24.277 16396 16493 I TrackingServiceClient:   LinearAcc : ( 0, 0, 0 )
10-21 11:59:24.277 16396 16493 I TrackingServiceClient:   AngularVel : ( 0.00198826, -8.88104e-06, 0.000362954 )
10-21 11:59:24.278 16396 16493 I TrackingServiceClient:   AngularAcc : ( 0.463204, -0.195795, -0.24531 )
10-21 11:59:24.278 16396 16493 I TrackingServiceClient: Implausible sensor time! pt = 94.155
10-21 11:59:24.278 16396 16493 I VrApi   : FPS=0,Prd=0ms,Tear=0,Early=0,Stale=0,VSnc=1,Lat=0,Fov=0,CPU4/GPU=0/0,300/257MHz,OC=FF,TA=0/0/0,SP=N/N/N,Mem=200MHz,Free=1327MB,PSM=0,PLS=0,Temp=34.0C/0.0C,TW=0.00ms,App=0.00ms,GD=0.00ms,CPU&GPU=0.00ms,LCnt=0,GPU%=-1.00,CPU%=-1.00(W-1.00)
10-21 11:59:24.901  1118  1136 I UsbDeviceManager: Setting USB config to xrsp,adb
10-21 11:59:24.901  1118  1118 W TelecomManager: Telecom Service not found.
10-21 11:59:24.903  6270  6276 D xrspd   : ep0 xrspd event UNBIND
10-21 11:59:24.905  1118  1118 W TelecomManager: Telecom Service not found.
10-21 11:59:24.909  1965  1965 I [OAR] VrNotificationListenerService: onNotificationRemoved(): key = -1|android|17040429|null|1000
10-21 11:59:24.909  1496  1496 D OculusNotificationListenerService: Notification removed: -1|android|17040429|null|1000
10-21 11:59:24.909  1965  1965 I [OAR] VrNotificationListenerService: onNotificationRemoved(): package|tag|id = android|null|17040429
10-21 11:59:24.911  1496  1496 D OculusNotificationListenerService: Notification removed: -1|android|17040434|null|1000
10-21 11:59:24.914  1965  1965 E AnalyticsEvent: could not set key=notifTag value=null
10-21 11:59:24.914  1965  1965 D VrNotificationAnalytics: logNotificationEvent(oculus_hmd_notification_removed)
10-21 11:59:24.914   537   537 I ServiceManager: service 'XrspBroker' died
10-21 11:59:24.915  1965  1965 I [OAR] VrNotificationListenerService: onNotificationRemoved(): key = -1|android|17040434|null|1000
10-21 11:59:24.915  1965  1965 I [OAR] VrNotificationListenerService: onNotificationRemoved(): package|tag|id = android|null|17040434
10-21 11:59:24.915  1965  3304 D OsSdk   : service died.
10-21 11:59:24.915  3072  3072 D [OAR] NotificationBroadcastReceiver: action: com.oculus.intent.action.NOTIF_CHANGE
10-21 11:59:24.915  3072  3072 I [OAR] AnytimeUINotifsBarView: onNotificationsChanged
10-21 11:59:24.915  3072  3072 D [OAR] AnytimeUINotifsBarView: onNotificationsChanged - skipped, detils bar not visible
10-21 11:59:24.918  1965  1965 E AnalyticsEvent: could not set key=notifTag value=null
10-21 11:59:24.918  1965  1965 D VrNotificationAnalytics: logNotificationEvent(oculus_hmd_notification_removed)
10-21 11:59:24.926  3072  3072 D [OAR] NotificationBroadcastReceiver: action: com.oculus.intent.action.NOTIF_CHANGE
10-21 11:59:24.926  3072  3072 I [OAR] AnytimeUINotifsBarView: onNotificationsChanged
10-21 11:59:24.926  3072  3072 D [OAR] AnytimeUINotifsBarView: onNotificationsChanged - skipped, detils bar not visible
10-21 11:59:24.983 16761 16761 D xrspd   : FFS path available
10-21 11:59:24.983 16761 16761 D xrspd   : verify CPU is little endian
10-21 11:59:24.983 16761 16761 D xrspd   : running XRSP Interface "(.bMaxBurst = 0, .wBytesPerInterval = 0)
10-21 11:59:24.983 16761 16761 D xrspd   : open ep0 at '/dev/usb-ffs/xrsp'
10-21 11:59:24.983 16761 16761 D xrspd   : write descriptors
10-21 11:59:24.983 16761 16761 D xrspd   : write strings
10-21 11:59:24.984 16761 16761 D xrspd   : starting ep0_thread
10-21 11:59:24.984 16761 16761 D xrspd   : starting service_thread
10-21 11:59:24.985 16761 16767 I xrspd   : starting service 'XrspBroker'
10-21 11:59:24.985 16761 16766 D xrspd   : ep0 xrspd event BIND
10-21 11:59:24.986 16761 16767 D xrspd   : service is ready, will join thread...
10-21 11:59:25.013 15406 15406 D MtpReceiver: Received Usb Mtp state
10-21 11:59:25.013 15406 15406 D MtpReceiver: USB plugged out
10-21 11:59:25.279 16396 16493 I TrackingServiceClient: Implausible tracking state detected!
10-21 11:59:25.279 16396 16493 I TrackingServiceClient: RigidBodyPose WorldFromImu (t = 8218.93, pt = nan, dt = 95.1574):
10-21 11:59:25.279 16396 16493 I TrackingServiceClient:    trans : ( -0.0246108, -0.408707, -0.57092 )
