10-25 20:20:52.266  2183 17721 W TimeWarp: firstDisplayVsync outrageously early 389254, base 115, flushing
10-25 20:20:52.280  2183 17721 W TimeWarp: firstDisplayVsync outrageously early 389254, base 116, flushing
10-25 20:20:52.290  2183  2371 W TimeWarp: MakeNonblockingRequest: request is still invalid after 25 tries.
10-25 20:20:52.297   697 17709 I [CT]    : VIPER:RELOC: Number of frames to try relocalization on 5 maps: 104
10-25 20:20:52.300  2183 17721 I TimeWarp: Tear: 0.013187
10-25 20:20:52.301  2183 17721 I TimeWarp: Will tear: 0.006580
10-25 20:20:52.308  2183 17721 W TimeWarp: firstDisplayVsync outrageously early 389254, base 118, flushing
10-25 20:20:52.316  2183 17721 I Vsync   : Vsync 119:  2 x 13.92 ms (71.82 Hz, at 28065.620)
10-25 20:20:52.318  2183  2371 W TimeWarp: MakeNonblockingRequest: request is still invalid after 25 tries.
10-25 20:20:52.322  2183 17721 W TimeWarp: firstDisplayVsync outrageously early 389254, base 119, flushing
10-25 20:20:52.330   697 17709 I [CT]    : VIPER:RELOC: Number of frames to try relocalization on 5 maps: 103
10-25 20:20:52.336  2183 17721 W TimeWarp: firstDisplayVsync outrageously early 389254, base 120, flushing
10-25 20:20:52.350  2183 17721 W TimeWarp: firstDisplayVsync outrageously early 389254, base 121, flushing
10-25 20:20:52.352  2183  2371 W TimeWarp: MakeNonblockingRequest: request is still invalid after 25 tries.
10-25 20:20:52.363   697 17709 I [CT]    : VIPER:RELOC: Number of frames to try relocalization on 5 maps: 102
10-25 20:20:52.364  2183 17721 W TimeWarp: firstDisplayVsync outrageously early 389254, base 122, flushing
10-25 20:20:52.366   697 17709 I [CT]    : VIPER:RelocalizationManager: Relocalization step successful, adding estimate for validation.
10-25 20:20:52.366   697 17677 I [CT]    : VIPER: Resetting MapPatchProvider!
10-25 20:20:52.378  2183 17721 W TimeWarp: firstDisplayVsync outrageously early 389254, base 123, flushing
10-25 20:20:52.383  2183  2371 W TimeWarp: MakeNonblockingRequest: request is still invalid after 25 tries.
10-25 20:20:52.392  2183 17721 W TimeWarp: firstDisplayVsync outrageously early 389254, base 124, flushing
10-25 20:20:52.396   697 17709 I [CT]    : VIPER:RELOC: Number of frames to try relocalization on 5 maps: 101
10-25 20:20:52.399   697 17709 I [CT]    : VIPER:RelocalizationManager: Validation step successful (1) doing another validation.
10-25 20:20:52.399   697 17677 I [CT]    : VIPER: Resetting MapPatchProvider!
10-25 20:20:52.406  2183 17721 W TimeWarp: firstDisplayVsync outrageously early 389254, base 125, flushing
10-25 20:20:52.417  2183  2371 W TimeWarp: MakeNonblockingRequest: request is still invalid after 25 tries.
10-25 20:20:52.420  2183 17721 W TimeWarp: firstDisplayVsync outrageously early 389254, base 126, flushing
10-25 20:20:52.430   697 17709 I [CT]    : VIPER:RELOC: Number of frames to try relocalization on 5 maps: 100
10-25 20:20:52.432   697 17709 I [CT]    : VIPER:RelocalizationManager: setting validation results
10-25 20:20:52.432   697 17709 I [CT]    : VIPER: Resetting MapPatchProvider!
10-25 20:20:52.432   697 17709 W [CT]    : VIPER:DF: Background job still running when calling reset() on the DepthFilterManager.
10-25 20:20:52.432   697 17709 I [CT]    : VIPER: Resetting MapPatchProvider!
10-25 20:20:52.432   697 17709 W [CT]    : VIPER:DF: Background job still running when calling reset() on the DepthFilterManager.
10-25 20:20:52.433   697 17709 I [CT]    : VIPER: Resetting MapPatchProvider!
10-25 20:20:52.433   697 17709 I [CT]    : VIPER:RelocalizationManager: Relocalization and validation successful, switching to tracking.
10-25 20:20:52.433   697 17709 I [CT]    : VIPER: Removed map context from map context container. Map context container now has 5 map context(s).
10-25 20:20:52.433   697 17709 I [CT]    : VIPER:MAPPER: == Mapper with map '37b8cecf-bcb1-4fa0-9e3b-3cffc3c08937' stopping ==
10-25 20:20:52.433   697 17709 I [CT]    : VIPER:MAPPER: == Mapper with map '5c9cda66-709e-4775-93a8-ccba5cac6ad4' started ==
10-25 20:20:52.433   697 17709 I [CT]    : VIPER: Resetting MapPatchProvider!
10-25 20:20:52.433   697 17709 W [CT]    : VIPER:DF: Background job still running when calling reset() on the DepthFilterManager.
10-25 20:20:52.433   697 17709 I [CT]    : VIPER: Resetting MapPatchProvider!
10-25 20:20:52.433   697 17709 W [CT]    : VIPER:DF: Background job still running when calling reset() on the DepthFilterManager.
10-25 20:20:52.433   697 17709 I [CT]    : VIPER: Resetting MapPatchProvider!
10-25 20:20:52.433   697 17709 W [CT]    : VIPER:DF: Background job still running when calling reset() on the DepthFilterManager.
10-25 20:20:52.433   697 17709 I [CT]    : VIPER: Resetting MapPatchProvider!
10-25 20:20:52.433  2183 17721 W TimeWarp: firstDisplayVsync outrageously early 389254, base 127, flushing
10-25 20:20:52.433   697 17709 W [CT]    : VIPER:DF: Background job still running when calling reset() on the DepthFilterManager.
10-25 20:20:52.433   697 17709 I [CT]    : VIPER: Mapper Mode = BUILD_MODE
10-25 20:20:52.433   697 17709 I [CT]    : VIPER: Entering state: TRACK_MAP
10-25 20:20:52.434   697 17709 I [CT]    : VIPER:RELOC: Relocalized into map: 5c9cda66-709e-4775-93a8-ccba5cac6ad4
10-25 20:20:52.434   697 17709 W [CT]    : VIPER:DF: Background job still running when calling reset() on the DepthFilterManager.
10-25 20:20:52.434   697 17709 I [CT]    : VIPER: MapperDeleter (0x7f9411c200) scheduled for deletion
10-25 20:20:52.434   697 17815 I [CT]    : VIPER: [floorplane] Floor height has been initialized to 1.15289 meters.
10-25 20:20:52.439   697 17709 W [CT]    : VIPER:TRACKER: Big Search recovered tracking successfully.
10-25 20:20:52.439   697 17709 I [CT]    : VIPER:TRACKSTATUS: BAD TRACKING: Covariance of the gravity estimate not initialized yet
10-25 20:20:52.439   697 17709 I [CT]    : CalibrationHandler: Updating calibrations from mapper ocal.
10-25 20:20:52.439   697 17709 I [CT]    : CalibrationHandler: CalibrationHandler: Stereo pairs: C0=0:-1;C1=1:-1;C2=2:-1;C3=3:-1;
10-25 20:20:52.440   697 17709 I [CT]    : TELEMETRY_COLLECTOR: vision_session_id: 896cf7f9-7aad-41de-8a80-5aad34e63188
10-25 20:20:52.440   697 17709 I [CT]    : TELEMETRY_COLLECTOR: vision_device_id: 6dbe7a886ca11ae4c17af8eac5285acd4044e27f
10-25 20:20:52.440   697 17709 E [CT]    : MUSTFIX: viper.cal_handler.stereo_not_found: CalibrationHandler: Geometries do not contain a stereo pair! Source: 0
10-25 20:20:52.441   697 17709 I [CT]    : VIPER: Stereo overlap between cameras 0 and 2
10-25 20:20:52.442   697 17724 I [CT]    : VIPER: MapperDeleter (0x7f9411c200) thread took 4191.77 us
10-25 20:20:52.447  2183  2371 W TimeWarp: MakeNonblockingRequest: request is still invalid after 25 tries.
10-25 20:20:52.448  2183 17721 W TimeWarp: firstDisplayVsync outrageously early 389254, base 128, flushing
10-25 20:20:52.456  2030  2179 W LibraryProvider: Cannot find entitlement for com.oculus.unifiedtelemetry
10-25 20:20:52.456  2030  2076 W LibraryProvider: Cannot find entitlement for system
10-25 20:20:52.456  1448  1448 W OVRLibrary: null cursor received for query content://com.oculus.ocms.library/apps/com.oculus.unifiedtelemetry
10-25 20:20:52.457  1448  2230 W OVRLibrary: null cursor received for query content://com.oculus.ocms.library/apps/system
10-25 20:20:52.460  2183  2368 I GuardianSystem: GuardianSystem::GetCurrentMapId: Relocalization done: 5c9cda66-709e-4775-93a8-ccba5cac6ad4 / 5c9cda66-709e-4775-93a8-ccba5cac6ad4
10-25 20:20:52.460  2183  2368 I GuardianSystem: UpdateLocalSpaceToCurrentPose
10-25 20:20:52.460  2183  2368 I GuardianSystem: GuardianSystem::UpdateLocalSpace src = 3, Local (0.000000, 0.004084, 0.000000, 0.999992) (0.362459, 0.025972, 0.492077)
10-25 20:20:52.460  2183  2368 I GuardianSystem: GuardianSystem::UpdateLocalSpace LocalTilted (-0.017047, 0.003170, -0.053782, 0.998402) (0.362459, 0.025972, 0.492077)
10-25 20:20:52.460  2183  2368 I GuardianSystem: GuardianSystem::UpdateLocalSpace RawFloorHeight() = -1.081160
10-25 20:20:52.461  2183 17721 W TimeWarp: firstDisplayVsync outrageously early 389254, base 129, flushing
10-25 20:20:52.470   697 17708 W [CT]    : CONSTELLATION:MATCHING: [Camera 3] Brute matching timed out after 1100/1272 iterations.
10-25 20:20:52.470   697 17708 W [CT]    : CONSTELLATION:MATCHING: [Camera 1] Brute matching timed out after 0/3366 iterations.
10-25 20:20:52.470   697 17708 W [CT]    : CONSTELLATION:MATCHING: [Camera 0] Brute matching timed out after 0/159 iterations.
10-25 20:20:52.475  2183 17721 W TimeWarp: firstDisplayVsync outrageously early 389254, base 130, flushing
10-25 20:20:52.483  2183  2371 W TimeWarp: MakeNonblockingRequest: request is still invalid after 25 tries.
10-25 20:20:52.483  2183  2371 I ClientMgr: MountStateShouldPushBlack: Tracking changed to VALID
10-25 20:20:52.489  2183 17721 W TimeWarp: firstDisplayVsync outrageously early 389254, base 131, flushing
10-25 20:20:52.503   697 17708 W [CT]    : CONSTELLATION:MATCHING: [Camera 2] Brute matching timed out after 0/795 iterations.
10-25 20:20:52.503  2183 17721 W TimeWarp: firstDisplayVsync outrageously early 389254, base 132, flushing
10-25 20:20:52.503   697 17708 W [CT]    : CONSTELLATION:MATCHING: [Camera 0] Brute matching timed out after 0/306 iterations.
10-25 20:20:52.504   697 17708 W [CT]    : CONSTELLATION:MATCHING: [Camera 0] Brute matching timed out after 0/318 iterations.
10-25 20:20:52.515  2183  2371 W TimeWarp: MakeNonblockingRequest: request is still invalid after 25 tries.
10-25 20:20:52.517  2183 17721 W TimeWarp: firstDisplayVsync outrageously early 389254, base 133, flushing
10-25 20:20:52.527 17542 17805 D UE4     : [2019.10.25-11.20.52:527][  2]LogRenderer: Reallocating scene render targets to support 2432x1344 Format 10 NumSamples 4 (Frame:3).
10-25 20:20:52.531  2183 17721 W TimeWarp: firstDisplayVsync outrageously early 389254, base 134, flushing
10-25 20:20:52.536   697 17708 W [CT]    : CONSTELLATION:MATCHING: [Camera 1] Brute matching timed out after 1900/2544 iterations.
10-25 20:20:52.537   697 17708 W [CT]    : CONSTELLATION:MATCHING: [Camera 0] Brute matching timed out after 0/153 iterations.
10-25 20:20:52.537   697 17708 W [CT]    : CONSTELLATION:MATCHING: [Camera 3] Brute matching timed out after 0/954 iterations.
10-25 20:20:52.545  2183 17721 W TimeWarp: firstDisplayVsync outrageously early 389254, base 135, flushing
10-25 20:20:52.559  2183 17721 W TimeWarp: firstDisplayVsync outrageously early 389254, base 136, flushing
10-25 20:20:52.561  2183  2371 W TimeWarp: MakeNonblockingRequest: request is still invalid after 25 tries.
10-25 20:20:52.563 17542 17805 I VrApi   : ovr_HandleHmdEvents: HMT was mounted
10-25 20:20:52.570   697 17708 W [CT]    : CONSTELLATION:MATCHING: [Camera 1] Brute matching timed out after 1400/3339 iterations.
10-25 20:20:52.570   697 17708 W [CT]    : CONSTELLATION:MATCHING: [Camera 0] Brute matching timed out after 0/153 iterations.
10-25 20:20:52.570   697 17708 W [CT]    : CONSTELLATION:MATCHING: [Camera 3] Brute matching timed out after 0/954 iterations.
10-25 20:20:52.573  2183 17721 W TimeWarp: firstDisplayVsync outrageously early 389254, base 137, flushing
10-25 20:20:52.575 17542 17558 D OVRPlugin: User present: 1
10-25 20:20:52.576   697 17708 I [CT]    : MANAGEMENT:CONSTELLATION: Status=GREEN,, Obj=3669952633402657438,6DOF=1 (estimated),Issues(Cam/min=  0,IMU/min=0), Obj=16572054001761934198,6DOF=1 (estimated),Issues(Cam/min=  0,IMU/min=0)
10-25 20:20:52.579 17542 17558 D UE4     : [2019.10.25-11.20.52:579][  3]LogSlate: Took 0.000476 seconds to synchronously load lazily loaded font '../../../Engine/Content/EngineFonts/Faces/RobotoLight.ufont' (167K)
10-25 20:20:52.582  2183 17721 I Clocks  : SetSchedFifo( tid=17558, pri=1 ) succeeded
10-25 20:20:52.584  2183 17721 I Clocks  : SetSchedFifo( tid=17805, pri=1 ) succeeded
10-25 20:20:52.584  2183 17721 I Clocks  : SetSchedFifo( tid=17668, pri=1 ) succeeded
10-25 20:20:52.587  2183 17721 W TimeWarp: firstDisplayVsync outrageously early 389257, base 138, flushing
10-25 20:20:52.588  2183 17721 I TimeWarpProgs: loaded binary layerProgram 0:0x2c027:0x0 in 0.9 ms
10-25 20:20:52.589  2183 17721 I TimeWarpProgs: loaded binary layerProgram 0:0x2c00f:0x0 in 0.6 ms
10-25 20:20:52.592  2183  2371 W TimeWarp: MakeNonblockingRequest: request is still invalid after 25 tries.
10-25 20:20:52.601  2183 17721 W TimeWarp: firstDisplayVsync outrageously early 389257, base 139, flushing
10-25 20:20:52.603   697 17708 W [CT]    : CONSTELLATION:MATCHING: [Camera 3] Brute matching timed out after 1200/1431 iterations.
10-25 20:20:52.603   697 17708 W [CT]    : CONSTELLATION:MATCHING: [Camera 2] Brute matching timed out after 0/765 iterations.
10-25 20:20:52.604   697 17708 W [CT]    : CONSTELLATION:MATCHING: [Camera 2] Brute matching timed out after 0/795 iterations.
10-25 20:20:52.625  2183  2371 W TimeWarp: MakeNonblockingRequest: request is still invalid after 25 tries.
10-25 20:20:52.636   697 17708 W [CT]    : CONSTELLATION:MATCHING: [Camera 1] Brute matching timed out after 2300/2862 iterations.
10-25 20:20:52.637   697 17708 W [CT]    : CONSTELLATION:MATCHING: [Camera 3] Brute matching timed out after 0/1071 iterations.
10-25 20:20:52.637   697 17708 W [CT]    : CONSTELLATION:MATCHING: [Camera 3] Brute matching timed out after 0/1113 iterations.
10-25 20:20:52.664  2183  2371 W TimeWarp: MakeNonblockingRequest: request is still invalid after 25 tries.
10-25 20:20:52.670   697 17708 W [CT]    : CONSTELLATION:MATCHING: [Camera 3] Brute matching timed out after 700/1113 iterations.
10-25 20:20:52.670   697 17708 W [CT]    : CONSTELLATION:MATCHING: [Camera 2] Brute matching timed out after 0/765 iterations.
10-25 20:20:52.670   697 17708 W [CT]    : CONSTELLATION:MATCHING: [Camera 3] Brute matching timed out after 0/1113 iterations.
10-25 20:20:52.683   697 17815 I [CT]    : VIPER: [floorplane] Floor height has been updated to 1.16039 meters.
10-25 20:20:52.695  2183 17721 I Clocks  : SetSchedFifo( tid=17558, pri=0 ) succeeded
10-25 20:20:52.695  2183  2371 W TimeWarp: MakeNonblockingRequest: request is still invalid after 25 tries.
10-25 20:20:52.699  2183 17721 I Clocks  : SetSchedFifo( tid=17805, pri=0 ) succeeded
10-25 20:20:52.701  2183 17721 I Clocks  : SetSchedFifo( tid=17668, pri=0 ) succeeded
10-25 20:20:52.703   697 17708 W [CT]    : CONSTELLATION:MATCHING: [Camera 1] Brute matching timed out after 1600/2862 iterations.
10-25 20:20:52.703   697 17708 W [CT]    : CONSTELLATION:MATCHING: [Camera 1] Brute matching timed out after 0/2754 iterations.
10-25 20:20:52.704   697 17708 W [CT]    : CONSTELLATION:MATCHING: [Camera 1] Brute matching timed out after 0/2862 iterations.
10-25 20:20:52.720  2183 17721 I TimeWarp: UpdateClockLevels: Apply pending clock request change: 2,3 -> 3,3
10-25 20:20:52.720  2183 17720 I Clocks  : ReleaseClocks - start
10-25 20:20:52.721   701  3213 D VrApiService: CPU_CLUSTER_0: No client requests exists, release clocks
10-25 20:20:52.722   701  3213 D VrApiService: CPU_CLUSTER_1: No client requests exists, release clocks
10-25 20:20:52.722   701  3213 D VrApiService: GPU: No client requests exists, release clocks
10-25 20:20:52.722   701  3213 D VrApiService: CPUBW: No client requests exists, release clocks
10-25 20:20:52.723   701  3213 D VrApiService: GPUBW: No client requests exists, release clocks
10-25 20:20:52.723  2183 17720 I Clocks  : ReleaseClocks - end (3.0 ms)
10-25 20:20:52.723  2183 17720 I Clocks  : LockClocks( cpu=3, gpu=3 ) - start
10-25 20:20:52.728  2183 17720 I Clocks  : CPU levels [0, 4]
10-25 20:20:52.728  2183 17720 I Clocks  : GPU levels [0, 5]
10-25 20:20:52.729   701   775 D VrApiService: CPU_CLUSTER_0: Client 2183 sends freq request [21, 21]
10-25 20:20:52.729   701   775 D VrApiService: CPU_CLUSTER_0: Next Perf Level = (21, 21)
10-25 20:20:52.729   701   775 D VrApiService: CPU_CLUSTER_1: Client 2183 sends freq request [22, 22]
10-25 20:20:52.729   701   775 D VrApiService: CPU_CLUSTER_1: Next Perf Level = (22, 22)
10-25 20:20:52.729   701   775 D VrApiService: CPUBW: Client 2183 sends freq request [8, 11]
10-25 20:20:52.729   701   775 D VrApiService: CPUBW: Next Perf Level = (8, 11)
10-25 20:20:52.730   701   775 D VrApiService: GPUBW: Client 2183 sends freq request [9, 11]
10-25 20:20:52.730   701   775 D VrApiService: GPUBW: Next Perf Level = (9, 11)
10-25 20:20:52.730   701   775 D VrApiService: GPU: Client 2183 sends freq request [4, 4]
10-25 20:20:52.730   701   775 D VrApiService: GPU: Next Perf Level = (4, 4)
10-25 20:20:52.731  2183 17720 I Clocks  : LockClocks( cpu=3, gpu=3 ) - end (7.8 ms)
10-25 20:20:52.733  2183  2371 W TimeWarp: MakeNonblockingRequest: request is still invalid after 25 tries.
10-25 20:20:52.737   697 17708 W [CT]    : CONSTELLATION:MATCHING: [Camera 3] Brute matching timed out after 500/954 iterations.
10-25 20:20:52.737   697 17708 W [CT]    : CONSTELLATION:MATCHING: [Camera 2] Brute matching timed out after 0/612 iterations.
10-25 20:20:52.737   697 17708 W [CT]    : CONSTELLATION:MATCHING: [Camera 2] Brute matching timed out after 0/636 iterations.
10-25 20:20:52.753  2030  2231 W LibraryProvider: Cannot find entitlement for system
10-25 20:20:52.754  1448  2059 W OVRLibrary: null cursor received for query content://com.oculus.ocms.library/apps/system
10-25 20:20:52.769  2183  2371 W TimeWarp: MakeNonblockingRequest: request is still invalid after 25 tries.
10-25 20:20:52.770   697 17708 W [CT]    : CONSTELLATION:MATCHING: [Camera 2] Brute matching timed out after 100/765 iterations.
10-25 20:20:52.770   697 17708 W [CT]    : CONSTELLATION:MATCHING: [Camera 1] Brute matching timed out after 0/1908 iterations.
10-25 20:20:52.803   697 17708 W [CT]    : CONSTELLATION:MATCHING: [Camera 1] Brute matching timed out after 1000/3816 iterations.
10-25 20:20:52.804   697 17708 W [CT]    : CONSTELLATION:MATCHING: [Camera 2] Brute matching timed out after 0/765 iterations.
10-25 20:20:52.804   697 17708 W [CT]    : CONSTELLATION:MATCHING: [Camera 1] Brute matching timed out after 0/3816 iterations.
10-25 20:20:52.809  2183  2371 W TimeWarp: MakeNonblockingRequest: request is still invalid after 25 tries.
10-25 20:20:52.836   697 17708 W [CT]    : CONSTELLATION:MATCHING: [Camera 3] Brute matching timed out after 300/954 iterations.
10-25 20:20:52.837   697 17708 W [CT]    : CONSTELLATION:MATCHING: [Camera 3] Brute matching timed out after 0/918 iterations.
10-25 20:20:52.837   697 17708 W [CT]    : CONSTELLATION:MATCHING: [Camera 1] Brute matching timed out after 0/2226 iterations.
10-25 20:20:52.844  2183  2371 W TimeWarp: MakeNonblockingRequest: request is still invalid after 25 tries.
10-25 20:20:52.865  2183 17721 I Clocks  : SetSchedFifo( tid=17558, pri=1 ) succeeded
10-25 20:20:52.866  2183 17721 I Clocks  : SetSchedFifo( tid=17805, pri=1 ) succeeded
10-25 20:20:52.867  2183 17721 I Clocks  : SetSchedFifo( tid=17668, pri=1 ) succeeded
10-25 20:20:52.870   697 17708 W [CT]    : CONSTELLATION:MATCHING: [Camera 1] Brute matching timed out after 1800/3816 iterations.
10-25 20:20:52.870   697 17708 W [CT]    : CONSTELLATION:MATCHING: [Camera 3] Brute matching timed out after 0/765 iterations.
10-25 20:20:52.870   697 17708 W [CT]    : CONSTELLATION:MATCHING: [Camera 2] Brute matching timed out after 0/636 iterations.
10-25 20:20:52.871   697 17681 I [CT]    : R:Behavior:AtRest: deactivated
10-25 20:20:52.871   697 17681 I [CT]    : AdHocPatch: [Left] t = 2.530s, behavior transition: AtRest -> None at 2.577s
10-25 20:20:52.879   697 17681 I [CT]    : R:Behavior:AtRest: deactivated
10-25 20:20:52.879   697 17681 I [CT]    : AdHocPatch: [Right] t = 2.537s, behavior transition: AtRest -> None at 2.588s
10-25 20:20:52.880  2183  2371 W TimeWarp: MakeNonblockingRequest: request is still invalid after 25 tries.
10-25 20:20:52.903   697 17708 W [CT]    : CONSTELLATION:MATCHING: [Camera 1] Brute matching timed out after 800/3657 iterations.
10-25 20:20:52.904   697 17708 W [CT]    : CONSTELLATION:MATCHING: [Camera 3] Brute matching timed out after 0/918 iterations.
10-25 20:20:52.904   697 17708 W [CT]    : CONSTELLATION:MATCHING: [Camera 3] Brute matching timed out after 0/954 iterations.
10-25 20:20:52.918  2183  2371 W TimeWarp: MakeNonblockingRequest: request is still invalid after 25 tries.
10-25 20:20:52.937   697 17708 W [CT]    : CONSTELLATION:MATCHING: [Camera 1] Brute matching timed out after 1300/3498 iterations.
10-25 20:20:52.938   697 17708 W [CT]    : CONSTELLATION:MATCHING: [Camera 1] Brute matching timed out after 0/3366 iterations.
10-25 20:20:52.938   697 17708 W [CT]    : CONSTELLATION:MATCHING: [Camera 2] Brute matching timed out after 0/636 iterations.
10-25 20:20:52.948  2183  2371 W TimeWarp: MakeNonblockingRequest: request is still invalid after 25 tries.
10-25 20:20:52.970   697 17708 W [CT]    : CONSTELLATION:MATCHING: [Camera 1] Brute matching timed out after 2600/2862 iterations.
10-25 20:20:52.970   697 17708 W [CT]    : CONSTELLATION:MATCHING: [Camera 3] Brute matching timed out after 0/918 iterations.
10-25 20:20:52.970  2183 17721 I TimeWarp: UpdateClockLevels: Apply pending clock request change: 3,3 -> 3,4
10-25 20:20:52.970  2183 17720 I Clocks  : ReleaseClocks - start
10-25 20:20:52.970   697 17708 W [CT]    : CONSTELLATION:MATCHING: [Camera 2] Brute matching timed out after 0/636 iterations.
10-25 20:20:52.973   701   701 D VrApiService: CPU_CLUSTER_0: No client requests exists, release clocks
10-25 20:20:52.974   701   701 D VrApiService: CPU_CLUSTER_1: No client requests exists, release clocks
10-25 20:20:52.976   701   701 D VrApiService: GPU: No client requests exists, release clocks
10-25 20:20:52.976   701   701 D VrApiService: CPUBW: No client requests exists, release clocks
10-25 20:20:52.977   701   701 D VrApiService: GPUBW: No client requests exists, release clocks
10-25 20:20:52.978  2183 17720 I Clocks  : ReleaseClocks - end (8.0 ms)
10-25 20:20:52.980  2183  2371 W TimeWarp: MakeNonblockingRequest: request is still invalid after 25 tries.
10-25 20:20:52.981  2183 17720 I Clocks  : LockClocks( cpu=3, gpu=4 ) - start
10-25 20:20:52.983   697 17681 I [CT]    : R:Behavior:AtRest: activated
10-25 20:20:52.983   697 17681 I [CT]    : AdHocPatch: [Left] t = 2.642s, behavior transition: None -> AtRest at 2.689s
10-25 20:20:52.986  2183 17720 I Clocks  : CPU levels [0, 4]
10-25 20:20:52.986  2183 17720 I Clocks  : GPU levels [0, 5]
10-25 20:20:52.987   697 17681 I [CT]    : R:Behavior:AtRest: activated
10-25 20:20:52.987   697 17681 I [CT]    : AdHocPatch: [Right] t = 2.645s, behavior transition: None -> AtRest at 2.696s
10-25 20:20:52.991   701  1969 D VrApiService: CPU_CLUSTER_0: Client 2183 sends freq request [21, 21]
10-25 20:20:52.991   701  1969 D VrApiService: CPU_CLUSTER_0: Next Perf Level = (21, 21)
10-25 20:20:52.991   701  1969 D VrApiService: CPU_CLUSTER_1: Client 2183 sends freq request [22, 22]
10-25 20:20:52.991   701  1969 D VrApiService: CPU_CLUSTER_1: Next Perf Level = (22, 22)
10-25 20:20:52.992   701  1969 D VrApiService: CPUBW: Client 2183 sends freq request [8, 11]
10-25 20:20:52.992   701  1969 D VrApiService: CPUBW: Next Perf Level = (8, 11)
10-25 20:20:52.992   701  1969 D VrApiService: GPUBW: Client 2183 sends freq request [9, 11]
10-25 20:20:52.992   701  1969 D VrApiService: GPUBW: Next Perf Level = (9, 11)
10-25 20:20:52.992   701  1969 D VrApiService: GPU: Client 2183 sends freq request [6, 6]
10-25 20:20:52.992   701  1969 D VrApiService: GPU: Next Perf Level = (6, 6)
10-25 20:20:52.994  2183 17720 I Clocks  : LockClocks( cpu=3, gpu=4 ) - end (13.5 ms)
10-25 20:20:53.003   697 17708 W [CT]    : CONSTELLATION:MATCHING: [Camera 1] Brute matching timed out after 400/3816 iterations.
10-25 20:20:53.003   697 17708 W [CT]    : CONSTELLATION:MATCHING: [Camera 3] Brute matching timed out after 0/1071 iterations.
10-25 20:20:53.004   697 17708 W [CT]    : CONSTELLATION:MATCHING: [Camera 3] Brute matching timed out after 0/1113 iterations.
10-25 20:20:53.014  2183  2371 W TimeWarp: MakeNonblockingRequest: request is still invalid after 25 tries.
10-25 20:20:53.014  2183  2371 I GuardianSystem: ForceShowGuardian: false, 3.00
10-25 20:20:53.014  2183  2371 I GuardianSystem: ForceShowGuardian: Soft fade out: 1.00
10-25 20:20:53.014  2183  2371 I ClientMgr: Stop pushing black after mount. Show Guardian.
10-25 20:20:53.036   697 17708 W [CT]    : CONSTELLATION:MATCHING: [Camera 1] Brute matching timed out after 1200/3339 iterations.
10-25 20:20:53.037   697 17708 W [CT]    : CONSTELLATION:MATCHING: [Camera 3] Brute matching timed out after 0/918 iterations.
10-25 20:20:53.037   697 17708 W [CT]    : CONSTELLATION:MATCHING: [Camera 2] Brute matching timed out after 0/795 iterations.
10-25 20:20:53.047 17542 17627 I VrApi   : FPS=1,Prd=23ms,Tear=0,Early=0,Stale=0,VSnc=0,Lat=1,Fov=0,CPU4/GPU=2/3,1958/670MHz,OC=FF,TA=0/E0/E0,SP=N/F/F,Mem=1804MHz,Free=1947MB,PSM=0,PLS=0,Temp=29.0C/0.0C,TW=0.51ms,App=61.68ms,GD=0.00ms,CPU&GPU=6.71ms,LCnt=1,GPU%=0.10,CPU%=0.38(W0.47)
10-25 20:20:53.053   697 17672 I [CT]    : Viper:Map_Manager: Saved map: 5c9cda66-709e-4775-93a8-ccba5cac6ad4
10-25 20:20:53.054  2183 17721 I GuardianRender: GuardianRender: Rendering status changed: true
10-25 20:20:53.055  2183 17668 I GuardianRender: BuildOptimalMeshFromPoints: Original: 262, New: 110, Triangles: 2808
10-25 20:20:53.070   697 17708 W [CT]    : CONSTELLATION:MATCHING: [Camera 1] Brute matching timed out after 400/3657 iterations.
10-25 20:20:53.070   697 17708 W [CT]    : CONSTELLATION:MATCHING: [Camera 1] Brute matching timed out after 0/3519 iterations.
10-25 20:20:53.071   697 17708 W [CT]    : CONSTELLATION:MATCHING: [Camera 3] Brute matching timed out after 0/795 iterations.
10-25 20:20:53.075  2183 17721 I TimeWarpProgs: loaded binary layerProgram 0:0x420387:0x0 in 0.7 ms
10-25 20:20:53.103   697 17708 W [CT]    : CONSTELLATION:MATCHING: [Camera 1] Brute matching timed out after 1000/2544 iterations.
10-25 20:20:53.104   697 17708 W [CT]    : CONSTELLATION:MATCHING: [Camera 3] Brute matching timed out after 0/765 iterations.
10-25 20:20:53.104   697 17708 W [CT]    : CONSTELLATION:MATCHING: [Camera 1] Brute matching timed out after 0/2544 iterations.
10-25 20:20:53.137   697 17708 W [CT]    : CONSTELLATION:MATCHING: [Camera 1] Brute matching timed out after 1100/3180 iterations.
10-25 20:20:53.137   697 17708 W [CT]    : CONSTELLATION:MATCHING: [Camera 2] Brute matching timed out after 0/612 iterations.
10-25 20:20:53.137   697 17708 W [CT]    : CONSTELLATION:MATCHING: [Camera 3] Brute matching timed out after 0/795 iterations.
10-25 20:20:53.170   697 17708 W [CT]    : CONSTELLATION:MATCHING: [Camera 1] Brute matching timed out after 1500/2544 iterations.
10-25 20:20:53.170   697 17708 W [CT]    : CONSTELLATION:MATCHING: [Camera 3] Brute matching timed out after 0/918 iterations.
10-25 20:20:53.170   697 17708 W [CT]    : CONSTELLATION:MATCHING: [Camera 2] Brute matching timed out after 0/795 iterations.
10-25 20:20:53.204   697 17708 W [CT]    : CONSTELLATION:MATCHING: [Camera 3] Brute matching timed out after 0/477 iterations.
10-25 20:20:53.204   697 17708 W [CT]    : CONSTELLATION:MATCHING: [Camera 3] Brute matching timed out after 0/459 iterations.
10-25 20:20:53.204   697 17708 W [CT]    : CONSTELLATION:MATCHING: [Camera 3] Brute matching timed out after 0/477 iterations.
10-25 20:20:53.221  2183 17721 I TimeWarp: UpdateClockLevels: Apply pending clock request change: 3,4 -> 4,4
10-25 20:20:53.222  2183 17720 I Clocks  : ReleaseClocks - start
10-25 20:20:53.222   701   775 D VrApiService: CPU_CLUSTER_0: No client requests exists, release clocks
10-25 20:20:53.222   701   775 D VrApiService: CPU_CLUSTER_1: No client requests exists, release clocks
10-25 20:20:53.222   701   775 D VrApiService: GPU: No client requests exists, release clocks
10-25 20:20:53.223   701   775 D VrApiService: CPUBW: No client requests exists, release clocks
10-25 20:20:53.223   701   775 D VrApiService: GPUBW: No client requests exists, release clocks
10-25 20:20:53.224  2183 17720 I Clocks  : ReleaseClocks - end (2.0 ms)
10-25 20:20:53.224  2183 17720 I Clocks  : LockClocks( cpu=4, gpu=4 ) - start
10-25 20:20:53.225  2183 17720 I Clocks  : CPU levels [0, 4]
10-25 20:20:53.225  2183 17720 I Clocks  : GPU levels [0, 5]
10-25 20:20:53.226   701   701 D VrApiService: CPU_CLUSTER_0: Client 2183 sends freq request [21, 21]
10-25 20:20:53.226   701   701 D VrApiService: CPU_CLUSTER_0: Next Perf Level = (21, 21)
10-25 20:20:53.226   701   701 D VrApiService: CPU_CLUSTER_1: Client 2183 sends freq request [26, 26]
10-25 20:20:53.226   701   701 D VrApiService: CPU_CLUSTER_1: Next Perf Level = (26, 26)
10-25 20:20:53.226   701   701 D VrApiService: CPUBW: Client 2183 sends freq request [8, 11]
10-25 20:20:53.226   701   701 D VrApiService: CPUBW: Next Perf Level = (8, 11)
10-25 20:20:53.227   701   701 D VrApiService: GPUBW: Client 2183 sends freq request [9, 11]
10-25 20:20:53.227   701   701 D VrApiService: GPUBW: Next Perf Level = (9, 11)
10-25 20:20:53.227   701   701 D VrApiService: GPU: Client 2183 sends freq request [6, 6]
10-25 20:20:53.227   701   701 D VrApiService: GPU: Next Perf Level = (6, 6)
10-25 20:20:53.230  2183 17720 I Clocks  : LockClocks( cpu=4, gpu=4 ) - end (5.6 ms)
10-25 20:20:53.236   697 17708 W [CT]    : CONSTELLATION:MATCHING: [Camera 1] Brute matching timed out after 2200/3021 iterations.
10-25 20:20:53.237   697 17708 W [CT]    : CONSTELLATION:MATCHING: [Camera 3] Brute matching timed out after 0/765 iterations.
10-25 20:20:53.237   697 17708 W [CT]    : CONSTELLATION:MATCHING: [Camera 2] Brute matching timed out after 0/795 iterations.
10-25 20:20:53.270   697 17708 W [CT]    : CONSTELLATION:MATCHING: [Camera 1] Brute matching timed out after 500/1683 iterations.
10-25 20:20:53.270   697 17708 W [CT]    : CONSTELLATION:MATCHING: [Camera 1] Brute matching timed out after 0/1749 iterations.
10-25 20:20:53.303   697 17708 W [CT]    : CONSTELLATION:MATCHING: [Camera 2] Brute matching timed out after 200/795 iterations.
10-25 20:20:53.304   697 17708 W [CT]    : CONSTELLATION:MATCHING: [Camera 2] Brute matching timed out after 0/765 iterations.
10-25 20:20:53.304   697 17708 W [CT]    : CONSTELLATION:MATCHING: [Camera 3] Brute matching timed out after 0/795 iterations.
10-25 20:20:53.336   697 17708 W [CT]    : CONSTELLATION:MATCHING: [Camera 1] Brute matching timed out after 500/3180 iterations.
10-25 20:20:53.337   697 17708 W [CT]    : CONSTELLATION:MATCHING: [Camera 2] Brute matching timed out after 0/612 iterations.
10-25 20:20:53.337   697 17708 W [CT]    : CONSTELLATION:MATCHING: [Camera 2] Brute matching timed out after 0/636 iterations.
10-25 20:20:53.370   697 17708 W [CT]    : CONSTELLATION:MATCHING: [Camera 1] Brute matching timed out after 1400/2703 iterations.
10-25 20:20:53.370   697 17708 W [CT]    : CONSTELLATION:MATCHING: [Camera 1] Brute matching timed out after 0/2601 iterations.
10-25 20:20:53.370   697 17708 W [CT]    : CONSTELLATION:MATCHING: [Camera 1] Brute matching timed out after 0/2703 iterations.
10-25 20:20:53.398  2030  2235 W LibraryProvider: Cannot find entitlement for com.oculus.unifiedtelemetry
10-25 20:20:53.399  1448  1448 W OVRLibrary: null cursor received for query content://com.oculus.ocms.library/apps/com.oculus.unifiedtelemetry
10-25 20:20:53.403   697 17708 W [CT]    : CONSTELLATION:MATCHING: [Camera 2] Brute matching timed out after 400/636 iterations.
10-25 20:20:53.403   697 17708 W [CT]    : CONSTELLATION:MATCHING: [Camera 1] Brute matching timed out after 0/2295 iterations.
10-25 20:20:53.403   697 17708 W [CT]    : CONSTELLATION:MATCHING: [Camera 1] Brute matching timed out after 0/2385 iterations.
10-25 20:20:53.405  2183  2183 D VrRuntimeService: Received broadcast: android.intent.action.SCREEN_ON
10-25 20:20:53.410  2183  2183 I VrRuntimeService: nativeScreenStateChanged to on
10-25 20:20:53.410  2183  2183 I VrRuntimeService: Previous running state: RUNNING
10-25 20:20:53.420  2030  2203 W LibraryProvider: Cannot find entitlement for system
10-25 20:20:53.420  1448 16321 W OVRLibrary: null cursor received for query content://com.oculus.ocms.library/apps/system
10-25 20:20:53.437   697 17708 W [CT]    : CONSTELLATION:MATCHING: [Camera 1] Brute matching timed out after 1500/2703 iterations.
10-25 20:20:53.437   697 17708 W [CT]    : CONSTELLATION:MATCHING: [Camera 3] Brute matching timed out after 0/918 iterations.
10-25 20:20:53.437   697 17708 W [CT]    : CONSTELLATION:MATCHING: [Camera 1] Brute matching timed out after 0/2703 iterations.
10-25 20:20:53.470   697 17708 W [CT]    : CONSTELLATION:MATCHING: [Camera 1] Brute matching timed out after 2200/2226 iterations.
10-25 20:20:53.470   697 17708 W [CT]    : CONSTELLATION:MATCHING: [Camera 1] Brute matching timed out after 0/2142 iterations.
10-25 20:20:53.470   697 17708 W [CT]    : CONSTELLATION:MATCHING: [Camera 2] Brute matching timed out after 0/636 iterations.
10-25 20:20:53.471  2183 17721 I TimeWarp: UpdateClockLevels: Apply pending clock request change: 4,4 -> 4,5
10-25 20:20:53.471  2183 17720 I Clocks  : ReleaseClocks - start
10-25 20:20:53.474   701   775 D VrApiService: CPU_CLUSTER_0: No client requests exists, release clocks
10-25 20:20:53.474   701   775 D VrApiService: CPU_CLUSTER_1: No client requests exists, release clocks
10-25 20:20:53.476   701   775 D VrApiService: GPU: No client requests exists, release clocks
10-25 20:20:53.476   701   775 D VrApiService: CPUBW: No client requests exists, release clocks
10-25 20:20:53.477   701   775 D VrApiService: GPUBW: No client requests exists, release clocks
10-25 20:20:53.478  2183 17720 I Clocks  : ReleaseClocks - end (6.7 ms)
10-25 20:20:53.478  2183 17720 I Clocks  : LockClocks( cpu=4, gpu=5 ) - start
10-25 20:20:53.483  2183 17720 I Clocks  : CPU levels [0, 4]
10-25 20:20:53.483  2183 17720 I Clocks  : GPU levels [0, 5]
10-25 20:20:53.484   701   701 D VrApiService: CPU_CLUSTER_0: Client 2183 sends freq request [21, 21]
10-25 20:20:53.484   701   701 D VrApiService: CPU_CLUSTER_0: Next Perf Level = (21, 21)
10-25 20:20:53.484   701   701 D VrApiService: CPU_CLUSTER_1: Client 2183 sends freq request [26, 26]
10-25 20:20:53.484   701   701 D VrApiService: CPU_CLUSTER_1: Next Perf Level = (26, 26)
10-25 20:20:53.484   701   701 D VrApiService: CPUBW: Client 2183 sends freq request [8, 11]
10-25 20:20:53.484   701   701 D VrApiService: CPUBW: Next Perf Level = (8, 11)
10-25 20:20:53.485   701   701 D VrApiService: GPUBW: Client 2183 sends freq request [9, 11]
10-25 20:20:53.485   701   701 D VrApiService: GPUBW: Next Perf Level = (9, 11)
10-25 20:20:53.485   701   701 D VrApiService: GPU: Client 2183 sends freq request [7, 7]
10-25 20:20:53.485   701   701 D VrApiService: GPU: Next Perf Level = (7, 7)
10-25 20:20:53.486  2183 17720 I Clocks  : LockClocks( cpu=4, gpu=5 ) - end (8.1 ms)
10-25 20:20:53.503   697 17708 W [CT]    : CONSTELLATION:MATCHING: [Camera 1] Brute matching timed out after 1500/2544 iterations.
10-25 20:20:53.503   697 17708 W [CT]    : CONSTELLATION:MATCHING: [Camera 2] Brute matching timed out after 0/765 iterations.
10-25 20:20:53.504   697 17708 W [CT]    : CONSTELLATION:MATCHING: [Camera 3] Brute matching timed out after 0/1113 iterations.
10-25 20:20:53.537   697 17708 W [CT]    : CONSTELLATION:MATCHING: [Camera 2] Brute matching timed out after 600/636 iterations.
10-25 20:20:53.537   697 17708 W [CT]    : CONSTELLATION:MATCHING: [Camera 1] Brute matching timed out after 0/2295 iterations.
10-25 20:20:53.537   697 17708 W [CT]    : CONSTELLATION:MATCHING: [Camera 1] Brute matching timed out after 0/2385 iterations.
10-25 20:20:53.570   697 17708 W [CT]    : CONSTELLATION:MATCHING: [Camera 3] Brute matching timed out after 200/795 iterations.
10-25 20:20:53.570   697 17708 W [CT]    : CONSTELLATION:MATCHING: [Camera 1] Brute matching timed out after 0/2754 iterations.
10-25 20:20:53.571   697 17708 W [CT]    : CONSTELLATION:MATCHING: [Camera 2] Brute matching timed out after 0/636 iterations.
10-25 20:20:53.603   697 17708 W [CT]    : CONSTELLATION:MATCHING: [Camera 1] Brute matching timed out after 1100/2544 iterations.
10-25 20:20:53.603   697 17708 W [CT]    : CONSTELLATION:MATCHING: [Camera 1] Brute matching timed out after 0/2448 iterations.
10-25 20:20:53.604   697 17708 W [CT]    : CONSTELLATION:MATCHING: [Camera 2] Brute matching timed out after 0/795 iterations.
10-25 20:20:53.637   697 17708 W [CT]    : CONSTELLATION:MATCHING: [Camera 2] Brute matching timed out after 600/636 iterations.
10-25 20:20:53.637   697 17708 W [CT]    : CONSTELLATION:MATCHING: [Camera 1] Brute matching timed out after 0/2907 iterations.
10-25 20:20:53.637   697 17708 W [CT]    : CONSTELLATION:MATCHING: [Camera 2] Brute matching timed out after 0/636 iterations.
10-25 20:20:53.670   697 17708 W [CT]    : CONSTELLATION:MATCHING: [Camera 1] Brute matching timed out after 1600/2385 iterations.
10-25 20:20:53.670   697 17708 W [CT]    : CONSTELLATION:MATCHING: [Camera 2] Brute matching timed out after 0/765 iterations.
10-25 20:20:53.670   697 17708 W [CT]    : CONSTELLATION:MATCHING: [Camera 3] Brute matching timed out after 0/795 iterations.
10-25 20:20:53.689 17542 17558 W InputDeviceManager: AddPairToDeviceListMapping called when index already exists in the vector index: 1,  id: 536870915
10-25 20:20:53.699  2030  2179 W LibraryProvider: Cannot find entitlement for system
10-25 20:20:53.700  1448  2234 W OVRLibrary: null cursor received for query content://com.oculus.ocms.library/apps/system
10-25 20:20:53.703   697 17708 W [CT]    : CONSTELLATION:MATCHING: [Camera 1] Brute matching timed out after 1700/1908 iterations.
10-25 20:20:53.704   697 17708 W [CT]    : CONSTELLATION:MATCHING: [Camera 3] Brute matching timed out after 0/918 iterations.
10-25 20:20:53.704   697 17708 W [CT]    : CONSTELLATION:MATCHING: [Camera 3] Brute matching timed out after 0/954 iterations.
10-25 20:20:53.737   697 17708 W [CT]    : CONSTELLATION:MATCHING: [Camera 1] Brute matching timed out after 2400/2703 iterations.
10-25 20:20:53.737   697 17708 W [CT]    : CONSTELLATION:MATCHING: [Camera 3] Brute matching timed out after 0/1377 iterations.
10-25 20:20:53.737   697 17708 W [CT]    : CONSTELLATION:MATCHING: [Camera 1] Brute matching timed out after 0/2703 iterations.
10-25 20:20:53.742   697 17709 I [CT]    : Viper:Map_Manager: State: TRACKING_PERSISTENT, UUID=5c9cda66-709e-4775-93a8-ccba5cac6ad4, Num. Persistent maps = 5,  Persistent maps:5c9cda66-709e-4775-93a8-ccba5cac6ad4,6deead67-4213-4151-aaf8-63de2ae4c2a9,bb643b67-d579-4064-a1be-6f4d6ffd2343,1b72d92f-36d9-41ed-adbe-ef72f675dcde,f2dc65c9-768c-460e-b605-3476a2ce509c,, Ser. Disabled = 00000000-0000-0000-0000-000000000000
10-25 20:20:53.770   697 17708 W [CT]    : CONSTELLATION:MATCHING: [Camera 1] Brute matching timed out after 2500/2544 iterations.
10-25 20:20:53.771   697 17708 W [CT]    : CONSTELLATION:MATCHING: [Camera 2] Brute matching timed out after 0/612 iterations.
10-25 20:20:53.771   697 17708 W [CT]    : CONSTELLATION:MATCHING: [Camera 2] Brute matching timed out after 0/636 iterations.
10-25 20:20:53.775   697 17709 I [CT]    : VIPER: Status=6DoF,TRACKING,KF=132,Inl=57,Pts=287,Jit=6mm,Issues(Cam/min=0.0,IMU/min=0.0),Exp=(4.6ms,g=4,I=94)(5.1ms,g=3,I=98)(4.6ms,g=4,I=104)(3.8ms,g=3,I=97)
10-25 20:20:53.775   697 17709 W [CT]    : VIPER: High jitter warning. 
10-25 20:20:53.803   697 17708 W [CT]    : CONSTELLATION:MATCHING: [Camera 1] Brute matching timed out after 900/2703 iterations.
10-25 20:20:53.804   697 17708 W [CT]    : CONSTELLATION:MATCHING: [Camera 3] Brute matching timed out after 0/918 iterations.
10-25 20:20:53.804   697 17708 W [CT]    : CONSTELLATION:MATCHING: [Camera 2] Brute matching timed out after 0/636 iterations.
10-25 20:20:53.836   697 17708 W [CT]    : CONSTELLATION:MATCHING: [Camera 1] Brute matching timed out after 900/2385 iterations.
10-25 20:20:53.837   697 17708 W [CT]    : CONSTELLATION:MATCHING: [Camera 0] Brute matching timed out after 0/153 iterations.
10-25 20:20:53.837   697 17708 W [CT]    : CONSTELLATION:MATCHING: [Camera 3] Brute matching timed out after 0/954 iterations.
10-25 20:20:53.870   697 17708 W [CT]    : CONSTELLATION:MATCHING: [Camera 2] Brute matching timed out after 100/636 iterations.
10-25 20:20:53.870   697 17708 W [CT]    : CONSTELLATION:MATCHING: [Camera 2] Brute matching timed out after 0/612 iterations.
10-25 20:20:53.870   697 17708 W [CT]    : CONSTELLATION:MATCHING: [Camera 0] Brute matching timed out after 0/159 iterations.
10-25 20:20:53.904   697 17708 W [CT]    : CONSTELLATION:MATCHING: [Camera 1] Brute matching timed out after 400/2226 iterations.
10-25 20:20:53.904   697 17708 W [CT]    : CONSTELLATION:MATCHING: [Camera 1] Brute matching timed out after 0/2142 iterations.
10-25 20:20:53.904   697 17708 W [CT]    : CONSTELLATION:MATCHING: [Camera 1] Brute matching timed out after 0/2226 iterations.
10-25 20:20:53.915   697 17815 I [CT]    : VIPER: [floorplane] Floor height has been updated to 1.15902 meters.
10-25 20:20:53.937   697 17708 W [CT]    : CONSTELLATION:MATCHING: [Camera 1] Brute matching timed out after 2500/2544 iterations.
10-25 20:20:53.938   697 17708 W [CT]    : CONSTELLATION:MATCHING: [Camera 1] Brute matching timed out after 0/2448 iterations.
10-25 20:20:53.938   697 17708 W [CT]    : CONSTELLATION:MATCHING: [Camera 0] Brute matching timed out after 0/477 iterations.
10-25 20:20:53.970   697 17708 W [CT]    : CONSTELLATION:MATCHING: [Camera 3] Brute matching timed out after 100/954 iterations.
10-25 20:20:53.971   697 17708 W [CT]    : CONSTELLATION:MATCHING: [Camera 2] Brute matching timed out after 0/612 iterations.
10-25 20:20:53.971   697 17708 W [CT]    : CONSTELLATION:MATCHING: [Camera 1] Brute matching timed out after 0/2385 iterations.
10-25 20:20:53.994  2030  2075 W LibraryProvider: Cannot find entitlement for system
10-25 20:20:53.994  1448  1471 W OVRLibrary: null cursor received for query content://com.oculus.ocms.library/apps/system
10-25 20:20:54.003   697 17708 W [CT]    : CONSTELLATION:MATCHING: [Camera 3] Brute matching timed out after 600/795 iterations.
10-25 20:20:54.003   697 17708 W [CT]    : CONSTELLATION:MATCHING: [Camera 2] Brute matching timed out after 0/612 iterations.
10-25 20:20:54.004   697 17708 W [CT]    : CONSTELLATION:MATCHING: [Camera 3] Brute matching timed out after 0/795 iterations.
10-25 20:20:54.035 17542 17627 I VrApi   : FPS=35,Prd=48ms,Tear=2,Early=0,Stale=20,VSnc=1,Lat=1,Fov=0,CPU4/GPU=3/3,2304/710MHz,OC=FF,TA=0/E0/E0,SP=N/F/F,Mem=1804MHz,Free=1941MB,PSM=0,PLS=0,Temp=29.0C/0.0C,TW=2.66ms,App=19.79ms,GD=0.47ms,CPU&GPU=26.55ms,LCnt=1,GPU%=0.94,CPU%=0.28(W0.30)
10-25 20:20:54.036   697 17708 W [CT]    : CONSTELLATION:MATCHING: [Camera 3] Brute matching timed out after 700/954 iterations.
10-25 20:20:54.037   697 17708 W [CT]    : CONSTELLATION:MATCHING: [Camera 3] Brute matching timed out after 0/918 iterations.
10-25 20:20:54.037   697 17708 W [CT]    : CONSTELLATION:MATCHING: [Camera 1] Brute matching timed out after 0/2067 iterations.
10-25 20:20:54.070   697 17708 W [CT]    : CONSTELLATION:MATCHING: [Camera 1] Brute matching timed out after 1000/1530 iterations.
10-25 20:20:54.071   697 17708 W [CT]    : CONSTELLATION:MATCHING: [Camera 3] Brute matching timed out after 0/636 iterations.
10-25 20:20:54.103   697 17708 W [CT]    : CONSTELLATION:MATCHING: [Camera 2] Brute matching timed out after 300/636 iterations.
10-25 20:20:54.103   697 17708 W [CT]    : CONSTELLATION:MATCHING: [Camera 2] Brute matching timed out after 0/612 iterations.
10-25 20:20:54.104   697 17708 W [CT]    : CONSTELLATION:MATCHING: [Camera 3] Brute matching timed out after 0/1113 iterations.
10-25 20:20:54.136   697 17708 W [CT]    : CONSTELLATION:MATCHING: [Camera 3] Brute matching timed out after 0/918 iterations.
10-25 20:20:54.137   697 17708 W [CT]    : CONSTELLATION:MATCHING: [Camera 3] Brute matching timed out after 0/954 iterations.
10-25 20:20:54.169 17542 17870 D UE4     : [2019.10.25-11.20.54:169][ 66]LogTcpMessaging: Started Connection to '127.0.0.1:55036'
10-25 20:20:54.170 17542 17870 D UE4     : [2019.10.25-11.20.54:170][ 66]LogTcpMessaging: Discovered node '19C7FBFD48BCFAF97FF94DB65D37D037' on connection '127.0.0.1:55036'...
10-25 20:20:54.170   697 17708 W [CT]    : CONSTELLATION:MATCHING: [Camera 1] Brute matching timed out after 1900/2226 iterations.
10-25 20:20:54.170   697 17708 W [CT]    : CONSTELLATION:MATCHING: [Camera 2] Brute matching timed out after 0/459 iterations.
10-25 20:20:54.170   697 17708 W [CT]    : CONSTELLATION:MATCHING: [Camera 1] Brute matching timed out after 0/2226 iterations.
10-25 20:20:54.185   697 17815 I [CT]    : VIPER: [floorplane] Floor height has been updated to 1.15843 meters.
10-25 20:20:54.204   697 17708 W [CT]    : CONSTELLATION:MATCHING: [Camera 2] Brute matching timed out after 400/477 iterations.
10-25 20:20:54.204   697 17708 W [CT]    : CONSTELLATION:MATCHING: [Camera 1] Brute matching timed out after 0/2142 iterations.
10-25 20:20:54.204   697 17708 W [CT]    : CONSTELLATION:MATCHING: [Camera 1] Brute matching timed out after 0/2226 iterations.
10-25 20:20:54.237   697 17709 W [CT]    : VIPER: StereoEpipolarSearch: No search points in epipolar search.
10-25 20:20:54.237   697 17708 W [CT]    : CONSTELLATION:MATCHING: [Camera 3] Brute matching timed out after 500/765 iterations.
10-25 20:20:54.237   697 17708 W [CT]    : CONSTELLATION:MATCHING: [Camera 1] Brute matching timed out after 0/1749 iterations.
10-25 20:20:54.270   697 17708 W [CT]    : CONSTELLATION:MATCHING: [Camera 1] Brute matching timed out after 1900/1908 iterations.
10-25 20:20:54.270   697 17708 W [CT]    : CONSTELLATION:MATCHING: [Camera 2] Brute matching timed out after 0/612 iterations.
10-25 20:20:54.271   697 17708 W [CT]    : CONSTELLATION:MATCHING: [Camera 2] Brute matching timed out after 0/636 iterations.
10-25 20:20:54.303   697 17708 W [CT]    : CONSTELLATION:MATCHING: [Camera 0] Brute matching timed out after 100/954 iterations.
10-25 20:20:54.304   697 17708 W [CT]    : CONSTELLATION:MATCHING: [Camera 2] Brute matching timed out after 0/612 iterations.
10-25 20:20:54.304   697 17708 W [CT]    : CONSTELLATION:MATCHING: [Camera 3] Brute matching timed out after 0/636 iterations.
10-25 20:20:54.337   697 17708 W [CT]    : CONSTELLATION:MATCHING: [Camera 3] Brute matching timed out after 900/1113 iterations.
10-25 20:20:54.337   697 17708 W [CT]    : CONSTELLATION:MATCHING: [Camera 3] Brute matching timed out after 0/1071 iterations.
10-25 20:20:54.337   697 17708 W [CT]    : CONSTELLATION:MATCHING: [Camera 3] Brute matching timed out after 0/1113 iterations.
10-25 20:20:54.370   697 17708 W [CT]    : CONSTELLATION:MATCHING: [Camera 1] Brute matching timed out after 500/2385 iterations.
10-25 20:20:54.370   697 17708 W [CT]    : CONSTELLATION:MATCHING: [Camera 0] Brute matching timed out after 0/306 iterations.
10-25 20:20:54.371   697 17708 W [CT]    : CONSTELLATION:MATCHING: [Camera 2] Brute matching timed out after 0/2703 iterations.
10-25 20:20:54.403   697 17708 W [CT]    : CONSTELLATION:MATCHING: [Camera 3] Brute matching timed out after 300/1431 iterations.
10-25 20:20:54.403   697 17708 W [CT]    : CONSTELLATION:MATCHING: [Camera 0] Brute matching timed out after 0/765 iterations.
10-25 20:20:54.404   697 17708 W [CT]    : CONSTELLATION:MATCHING: [Camera 3] Brute matching timed out after 0/1431 iterations.
10-25 20:20:54.425  1060  1907 I SyncBossHAL: internal/syncboss_hal_prox.c(38): INFO: Reporting prox event: prox_off
10-25 20:20:54.425  1060  1146 D SensorsHAL: returning 1 events to client
10-25 20:20:54.426  1549  1549 D VrPowerManagerService: processing message: sensor changed
10-25 20:20:54.428  1549  1549 I VrPowerManagerService: transition from HEADSET_MOUNTED to HEADSET_UNMOUNTED
10-25 20:20:54.431   697 17815 I [CT]    : VIPER: [floorplane] Floor height has been updated to 1.15602 meters.
10-25 20:20:54.438   697 17708 W [CT]    : CONSTELLATION:MATCHING: [Camera 1] Brute matching timed out after 100/477 iterations.
10-25 20:20:54.438   697 17708 W [CT]    : CONSTELLATION:MATCHING: [Camera 0] Brute matching timed out after 0/1224 iterations.
10-25 20:20:54.439   697 17708 W [CT]    : CONSTELLATION:MATCHING: [Camera 0] Brute matching timed out after 0/1272 iterations.
10-25 20:20:54.441  2183  2371 I ClientMgr: Headset was unmounted
10-25 20:20:54.444  2183  2183 D VrRuntimeService: Received broadcast: com.oculus.intent.action.MOUNT_STATE_CHANGED
10-25 20:20:54.445  2183  2183 D VrRuntimeService: mounted state: false
10-25 20:20:54.446  2183 17721 I GuardianRender: GuardianRender: Rendering status changed: false
10-25 20:20:54.448 17542 17805 I VrApi   : ovr_HandleHmdEvents: HMT was UNmounted
10-25 20:20:54.450  1484  1506 D VrPowerManagerClient: Headset state: 3
10-25 20:20:54.450  1484  1506 V ControllerNotifications: Handling unmount notification
10-25 20:20:54.450   697   697 D TrackingService: Received transition request to STANDBY current is RUNNING
10-25 20:20:54.450   697   697 D TrackingService: Executing transition from RUNNING to STANDBY
10-25 20:20:54.450  1856  1856 I VRLifecycleSessionManager: Stored session info.
10-25 20:20:54.455 17542 17558 D OVRPlugin: User present: 0
10-25 20:20:54.460  1856  1856 W VRLifecycleManager: onHeadsetUnmounted
10-25 20:20:54.468  2183 17721 I TimeWarpProgs: loaded binary layerProgram 0:0x20007:0x0 in 0.9 ms
10-25 20:20:54.469   539   593 D audio_hw_primary: adev_set_mic_mute state 0
10-25 20:20:54.471   697 17708 W [CT]    : CONSTELLATION:MATCHING: [Camera 0] Brute matching timed out after 600/1749 iterations.
10-25 20:20:54.471   697 17708 W [CT]    : CONSTELLATION:MATCHING: [Camera 2] Brute matching timed out after 0/459 iterations.
10-25 20:20:54.472   697 17708 W [CT]    : CONSTELLATION:MATCHING: [Camera 0] Brute matching timed out after 0/1749 iterations.
