10-31 17:31:45.489 22129 22145 D UE4     : [2019.10.31-08.31.45:489][411]LogBlueprintUserMessages: [VRPawn_507] 41.507507
10-31 17:31:45.490 22129 22145 D UE4     : [2019.10.31-08.31.45:490][411]LogBlueprintUserMessages: [VRPawn_507] Hello
10-31 17:31:45.490 22129 22145 D UE4     : [2019.10.31-08.31.45:490][411]LogBlueprintUserMessages: [VRPawn_507] 12.455109
10-31 17:31:45.518 22129 22145 D UE4     : [2019.10.31-08.31.45:518][412]LogBlueprintUserMessages: [VRPawn_507] 41.611633
10-31 17:31:45.518 22129 22145 D UE4     : [2019.10.31-08.31.45:518][412]LogBlueprintUserMessages: [VRPawn_507] Hello
10-31 17:31:45.518 22129 22145 D UE4     : [2019.10.31-08.31.45:518][412]LogBlueprintUserMessages: [VRPawn_507] 12.521057
10-31 17:31:45.535 22129 22145 D UE4     : [2019.10.31-08.31.45:535][413]LogBlueprintUserMessages: [VRPawn_507] 41.691864
10-31 17:31:45.536 22129 22145 D UE4     : [2019.10.31-08.31.45:536][413]LogBlueprintUserMessages: [VRPawn_507] Hello
10-31 17:31:45.536 22129 22145 D UE4     : [2019.10.31-08.31.45:536][413]LogBlueprintUserMessages: [VRPawn_507] 12.582657
10-31 17:31:45.556  2085  2163 W LibraryProvider: Cannot find entitlement for system
10-31 17:31:45.556  1480 29962 W OVRLibrary: null cursor received for query content://com.oculus.ocms.library/apps/system
10-31 17:31:45.560 22129 22145 D UE4     : [2019.10.31-08.31.45:559][414]LogBlueprintUserMessages: [VRPawn_507] 41.749054
10-31 17:31:45.560 22129 22145 D UE4     : [2019.10.31-08.31.45:560][414]LogBlueprintUserMessages: [VRPawn_507] Hello
10-31 17:31:45.560 22129 22145 D UE4     : [2019.10.31-08.31.45:560][414]LogBlueprintUserMessages: [VRPawn_507] 12.576141
10-31 17:31:45.575 22129 22145 D UE4     : [2019.10.31-08.31.45:575][415]LogBlueprintUserMessages: [VRPawn_507] 41.826218
10-31 17:31:45.575 22129 22145 D UE4     : [2019.10.31-08.31.45:575][415]LogBlueprintUserMessages: [VRPawn_507] Hello
10-31 17:31:45.576 22129 22145 D UE4     : [2019.10.31-08.31.45:576][415]LogBlueprintUserMessages: [VRPawn_507] 12.622101
10-31 17:31:45.604 22129 22145 D UE4     : [2019.10.31-08.31.45:604][416]LogBlueprintUserMessages: [VRPawn_507] 41.732315
10-31 17:31:45.605 22129 22145 D UE4     : [2019.10.31-08.31.45:605][416]LogBlueprintUserMessages: [VRPawn_507] Hello
10-31 17:31:45.605 22129 22145 D UE4     : [2019.10.31-08.31.45:605][416]LogBlueprintUserMessages: [VRPawn_507] 12.588257
10-31 17:31:45.618 22129 22145 D UE4     : [2019.10.31-08.31.45:618][417]LogBlueprintUserMessages: [VRPawn_507] 41.722458
10-31 17:31:45.618 22129 22145 D UE4     : [2019.10.31-08.31.45:618][417]LogBlueprintUserMessages: [VRPawn_507] Hello
10-31 17:31:45.618 22129 22145 D UE4     : [2019.10.31-08.31.45:618][417]LogBlueprintUserMessages: [VRPawn_507] 12.648087
10-31 17:31:45.645 22129 22145 D UE4     : [2019.10.31-08.31.45:645][418]LogBlueprintUserMessages: [VRPawn_507] 41.635483
10-31 17:31:45.646 22129 22145 D UE4     : [2019.10.31-08.31.45:646][418]LogBlueprintUserMessages: [VRPawn_507] Hello
10-31 17:31:45.646 22129 22145 D UE4     : [2019.10.31-08.31.45:646][418]LogBlueprintUserMessages: [VRPawn_507] 12.625732
10-31 17:31:45.658 22129 22145 D UE4     : [2019.10.31-08.31.45:658][419]LogBlueprintUserMessages: [VRPawn_507] 41.695374
10-31 17:31:45.659 22129 22145 D UE4     : [2019.10.31-08.31.45:659][419]LogBlueprintUserMessages: [VRPawn_507] Hello
10-31 17:31:45.659 22129 22145 D UE4     : [2019.10.31-08.31.45:659][419]LogBlueprintUserMessages: [VRPawn_507] 12.661652
10-31 17:31:45.687 22129 22145 D UE4     : [2019.10.31-08.31.45:687][420]LogBlueprintUserMessages: [VRPawn_507] 41.740952
10-31 17:31:45.688 22129 22145 D UE4     : [2019.10.31-08.31.45:688][420]LogBlueprintUserMessages: [VRPawn_507] Hello
10-31 17:31:45.688 22129 22145 D UE4     : [2019.10.31-08.31.45:688][420]LogBlueprintUserMessages: [VRPawn_507] 12.655518
10-31 17:31:45.717 22129 22145 D UE4     : [2019.10.31-08.31.45:717][421]LogBlueprintUserMessages: [VRPawn_507] 41.774002
10-31 17:31:45.717 22129 22145 D UE4     : [2019.10.31-08.31.45:717][421]LogBlueprintUserMessages: [VRPawn_507] Hello
10-31 17:31:45.717 22129 22145 D UE4     : [2019.10.31-08.31.45:717][421]LogBlueprintUserMessages: [VRPawn_507] 12.665405
10-31 17:31:45.748 22129 22145 D UE4     : [2019.10.31-08.31.45:748][422]LogBlueprintUserMessages: [VRPawn_507] 41.8452
10-31 17:31:45.749 22129 22145 D UE4     : [2019.10.31-08.31.45:749][422]LogBlueprintUserMessages: [VRPawn_507] Hello
10-31 17:31:45.749 22129 22145 D UE4     : [2019.10.31-08.31.45:749][422]LogBlueprintUserMessages: [VRPawn_507] 12.651367
10-31 17:31:45.770 22129 22145 D UE4     : [2019.10.31-08.31.45:770][423]LogBlueprintUserMessages: [VRPawn_507] 42.02536
10-31 17:31:45.770 22129 22145 D UE4     : [2019.10.31-08.31.45:770][423]LogBlueprintUserMessages: [VRPawn_507] Hello
10-31 17:31:45.770 22129 22145 D UE4     : [2019.10.31-08.31.45:770][423]LogBlueprintUserMessages: [VRPawn_507] 12.639252
10-31 17:31:45.798 22129 22145 D UE4     : [2019.10.31-08.31.45:798][424]LogBlueprintUserMessages: [VRPawn_507] 42.328995
10-31 17:31:45.798 22129 22145 D UE4     : [2019.10.31-08.31.45:798][424]LogBlueprintUserMessages: [VRPawn_507] Hello
10-31 17:31:45.798 22129 22145 D UE4     : [2019.10.31-08.31.45:798][424]LogBlueprintUserMessages: [VRPawn_507] 12.617462
10-31 17:31:45.810  2085  2267 W LibraryProvider: Cannot find entitlement for system
10-31 17:31:45.811  1480  3685 W OVRLibrary: null cursor received for query content://com.oculus.ocms.library/apps/system
10-31 17:31:45.827 22129 22145 D UE4     : [2019.10.31-08.31.45:826][425]LogBlueprintUserMessages: [VRPawn_507] 42.601395
10-31 17:31:45.827 22129 22145 D UE4     : [2019.10.31-08.31.45:827][425]LogBlueprintUserMessages: [VRPawn_507] Hello
10-31 17:31:45.827 22129 22145 D UE4     : [2019.10.31-08.31.45:827][425]LogBlueprintUserMessages: [VRPawn_507] 12.552933
10-31 17:31:45.853 22129 22145 D UE4     : [2019.10.31-08.31.45:853][426]LogBlueprintUserMessages: [VRPawn_507] 42.853073
10-31 17:31:45.854 22129 22145 D UE4     : [2019.10.31-08.31.45:854][426]LogBlueprintUserMessages: [VRPawn_507] Hello
10-31 17:31:45.854 22129 22145 D UE4     : [2019.10.31-08.31.45:854][426]LogBlueprintUserMessages: [VRPawn_507] 12.530258
10-31 17:31:45.895 22129 22145 D UE4     : [2019.10.31-08.31.45:895][427]LogBlueprintUserMessages: [VRPawn_507] 43.244751
10-31 17:31:45.895 22129 22145 D UE4     : [2019.10.31-08.31.45:895][427]LogBlueprintUserMessages: [VRPawn_507] Hello
10-31 17:31:45.895 22129 22145 D UE4     : [2019.10.31-08.31.45:895][427]LogBlueprintUserMessages: [VRPawn_507] 12.614517
10-31 17:31:45.922 22129 22145 D UE4     : [2019.10.31-08.31.45:922][428]LogBlueprintUserMessages: [VRPawn_507] 43.580933
10-31 17:31:45.922 22129 22145 D UE4     : [2019.10.31-08.31.45:922][428]LogBlueprintUserMessages: [VRPawn_507] Hello
10-31 17:31:45.922 22129 22145 D UE4     : [2019.10.31-08.31.45:922][428]LogBlueprintUserMessages: [VRPawn_507] 12.682068
10-31 17:31:45.948 22129 22145 D UE4     : [2019.10.31-08.31.45:948][429]LogBlueprintUserMessages: [VRPawn_507] 43.786957
10-31 17:31:45.949 22129 22145 D UE4     : [2019.10.31-08.31.45:949][429]LogBlueprintUserMessages: [VRPawn_507] Hello
10-31 17:31:45.949 22129 22145 D UE4     : [2019.10.31-08.31.45:949][429]LogBlueprintUserMessages: [VRPawn_507] 12.771484
10-31 17:31:45.964 22129 22145 D UE4     : [2019.10.31-08.31.45:963][430]LogBlueprintUserMessages: [VRPawn_507] 43.847992
10-31 17:31:45.964 22129 22145 D UE4     : [2019.10.31-08.31.45:964][430]LogBlueprintUserMessages: [VRPawn_507] Hello
10-31 17:31:45.964 22129 22145 D UE4     : [2019.10.31-08.31.45:964][430]LogBlueprintUserMessages: [VRPawn_507] 12.852722
10-31 17:31:45.991 22129 22145 D UE4     : [2019.10.31-08.31.45:991][431]LogBlueprintUserMessages: [VRPawn_507] 43.786255
10-31 17:31:45.991 22129 22145 D UE4     : [2019.10.31-08.31.45:991][431]LogBlueprintUserMessages: [VRPawn_507] Hello
10-31 17:31:45.991 22129 22145 D UE4     : [2019.10.31-08.31.45:991][431]LogBlueprintUserMessages: [VRPawn_507] 12.953186
10-31 17:31:46.007 22129 22145 D UE4     : [2019.10.31-08.31.46:007][432]LogBlueprintUserMessages: [VRPawn_507] 43.779175
10-31 17:31:46.007 22129 22145 D UE4     : [2019.10.31-08.31.46:007][432]LogBlueprintUserMessages: [VRPawn_507] Hello
10-31 17:31:46.007 22129 22145 D UE4     : [2019.10.31-08.31.46:007][432]LogBlueprintUserMessages: [VRPawn_507] 13.0177
10-31 17:31:46.034 22129 22145 D UE4     : [2019.10.31-08.31.46:034][433]LogBlueprintUserMessages: [VRPawn_507] 43.851746
10-31 17:31:46.034 22129 22145 D UE4     : [2019.10.31-08.31.46:034][433]LogBlueprintUserMessages: [VRPawn_507] Hello
10-31 17:31:46.034 22129 22145 D UE4     : [2019.10.31-08.31.46:034][433]LogBlueprintUserMessages: [VRPawn_507] 13.097168
10-31 17:31:46.047 22129 22145 D UE4     : [2019.10.31-08.31.46:047][434]LogBlueprintUserMessages: [VRPawn_507] 43.908478
10-31 17:31:46.048 22129 22145 D UE4     : [2019.10.31-08.31.46:048][434]LogBlueprintUserMessages: [VRPawn_507] Hello
10-31 17:31:46.048 22129 22145 D UE4     : [2019.10.31-08.31.46:048][434]LogBlueprintUserMessages: [VRPawn_507] 13.144318
10-31 17:31:46.075 22129 22145 D UE4     : [2019.10.31-08.31.46:075][435]LogBlueprintUserMessages: [VRPawn_507] 43.995605
10-31 17:31:46.075 22129 22145 D UE4     : [2019.10.31-08.31.46:075][435]LogBlueprintUserMessages: [VRPawn_507] Hello
10-31 17:31:46.075 22129 22145 D UE4     : [2019.10.31-08.31.46:075][435]LogBlueprintUserMessages: [VRPawn_507] 13.191162
10-31 17:31:46.088 22129 22145 D UE4     : [2019.10.31-08.31.46:088][436]LogBlueprintUserMessages: [VRPawn_507] 44.001984
10-31 17:31:46.089 22129 22145 D UE4     : [2019.10.31-08.31.46:089][436]LogBlueprintUserMessages: [VRPawn_507] Hello
10-31 17:31:46.089 22129 22145 D UE4     : [2019.10.31-08.31.46:089][436]LogBlueprintUserMessages: [VRPawn_507] 13.16391
10-31 17:31:46.117 22129 22145 D UE4     : [2019.10.31-08.31.46:117][437]LogBlueprintUserMessages: [VRPawn_507] 44.064117
10-31 17:31:46.117 22129 22145 D UE4     : [2019.10.31-08.31.46:117][437]LogBlueprintUserMessages: [VRPawn_507] Hello
10-31 17:31:46.117 22129 22145 D UE4     : [2019.10.31-08.31.46:117][437]LogBlueprintUserMessages: [VRPawn_507] 13.16214
10-31 17:31:46.130 22129 22145 D UE4     : [2019.10.31-08.31.46:130][438]LogBlueprintUserMessages: [VRPawn_507] 44.084564
10-31 17:31:46.130 22129 22145 D UE4     : [2019.10.31-08.31.46:130][438]LogBlueprintUserMessages: [VRPawn_507] Hello
10-31 17:31:46.130 22129 22145 D UE4     : [2019.10.31-08.31.46:130][438]LogBlueprintUserMessages: [VRPawn_507] 13.175568
10-31 17:31:46.158 22129 22145 D UE4     : [2019.10.31-08.31.46:158][439]LogBlueprintUserMessages: [VRPawn_507] 44.019043
10-31 17:31:46.159 22129 22145 D UE4     : [2019.10.31-08.31.46:159][439]LogBlueprintUserMessages: [VRPawn_507] Hello
10-31 17:31:46.159 22129 22145 D UE4     : [2019.10.31-08.31.46:159][439]LogBlueprintUserMessages: [VRPawn_507] 13.152069
10-31 17:31:46.172 22129 22145 D UE4     : [2019.10.31-08.31.46:172][440]LogBlueprintUserMessages: [VRPawn_507] 44.005402
10-31 17:31:46.173 22129 22145 D UE4     : [2019.10.31-08.31.46:173][440]LogBlueprintUserMessages: [VRPawn_507] Hello
10-31 17:31:46.173 22129 22145 D UE4     : [2019.10.31-08.31.46:173][440]LogBlueprintUserMessages: [VRPawn_507] 13.1474
10-31 17:31:46.206 22129 22145 D UE4     : [2019.10.31-08.31.46:205][441]LogBlueprintUserMessages: [VRPawn_507] 43.975555
10-31 17:31:46.206 22129 22145 D UE4     : [2019.10.31-08.31.46:206][441]LogBlueprintUserMessages: [VRPawn_507] Hello
10-31 17:31:46.206 22129 22145 D UE4     : [2019.10.31-08.31.46:206][441]LogBlueprintUserMessages: [VRPawn_507] 13.053497
10-31 17:31:46.218 22129 22145 D UE4     : [2019.10.31-08.31.46:218][442]LogBlueprintUserMessages: [VRPawn_507] 43.880798
10-31 17:31:46.218 22129 22145 D UE4     : [2019.10.31-08.31.46:218][442]LogBlueprintUserMessages: [VRPawn_507] Hello
10-31 17:31:46.218 22129 22145 D UE4     : [2019.10.31-08.31.46:218][442]LogBlueprintUserMessages: [VRPawn_507] 13.025116
10-31 17:31:46.224  2085  2303 W LibraryProvider: Cannot find entitlement for system
10-31 17:31:46.224  1480 15709 W OVRLibrary: null cursor received for query content://com.oculus.ocms.library/apps/system
10-31 17:31:46.244 22129 22145 D UE4     : [2019.10.31-08.31.46:244][443]LogBlueprintUserMessages: [VRPawn_507] 43.834412
10-31 17:31:46.244 22129 22145 D UE4     : [2019.10.31-08.31.46:244][443]LogBlueprintUserMessages: [VRPawn_507] Hello
10-31 17:31:46.244 22129 22145 D UE4     : [2019.10.31-08.31.46:244][443]LogBlueprintUserMessages: [VRPawn_507] 13.041046
10-31 17:31:46.257 22129 22145 D UE4     : [2019.10.31-08.31.46:257][444]LogBlueprintUserMessages: [VRPawn_507] 43.798401
10-31 17:31:46.258 22129 22145 D UE4     : [2019.10.31-08.31.46:258][444]LogBlueprintUserMessages: [VRPawn_507] Hello
10-31 17:31:46.258 22129 22145 D UE4     : [2019.10.31-08.31.46:258][444]LogBlueprintUserMessages: [VRPawn_507] 13.00592
10-31 17:31:46.286 22129 22145 D UE4     : [2019.10.31-08.31.46:285][445]LogBlueprintUserMessages: [VRPawn_507] 43.751678
10-31 17:31:46.286 22129 22145 D UE4     : [2019.10.31-08.31.46:286][445]LogBlueprintUserMessages: [VRPawn_507] Hello
10-31 17:31:46.286 22129 22145 D UE4     : [2019.10.31-08.31.46:286][445]LogBlueprintUserMessages: [VRPawn_507] 12.998657
10-31 17:31:46.289 22129 22701 I VrApi   : FPS=44,Prd=44ms,Tear=0,Early=0,Stale=72,VSnc=1,Lat=1,Fov=0,CPU4/GPU=4/4,2304/670MHz,OC=FF,TA=0/E0/E0,SP=N/F/F,Mem=1804MHz,Free=1385MB,PSM=0,PLS=0,Temp=31.0C/0.0C,TW=3.08ms,App=19.76ms,GD=0.00ms,CPU&GPU=26.98ms,LCnt=2,GPU%=0.94,CPU%=0.37(W0.42)
10-31 17:31:46.328 22129 22145 D UE4     : [2019.10.31-08.31.46:327][446]LogBlueprintUserMessages: [VRPawn_507] 43.711639
10-31 17:31:46.328 22129 22145 D UE4     : [2019.10.31-08.31.46:328][446]LogBlueprintUserMessages: [VRPawn_507] Hello
10-31 17:31:46.328 22129 22145 D UE4     : [2019.10.31-08.31.46:328][446]LogBlueprintUserMessages: [VRPawn_507] 12.934479
10-31 17:31:46.355 22129 22145 D UE4     : [2019.10.31-08.31.46:355][447]LogBlueprintUserMessages: [VRPawn_507] 43.729675
10-31 17:31:46.355 22129 22145 D UE4     : [2019.10.31-08.31.46:355][447]LogBlueprintUserMessages: [VRPawn_507] Hello
10-31 17:31:46.355 22129 22145 D UE4     : [2019.10.31-08.31.46:355][447]LogBlueprintUserMessages: [VRPawn_507] 12.838257
10-31 17:31:46.383 22129 22145 D UE4     : [2019.10.31-08.31.46:383][448]LogBlueprintUserMessages: [VRPawn_507] 43.802521
10-31 17:31:46.383 22129 22145 D UE4     : [2019.10.31-08.31.46:383][448]LogBlueprintUserMessages: [VRPawn_507] Hello
10-31 17:31:46.383 22129 22145 D UE4     : [2019.10.31-08.31.46:383][448]LogBlueprintUserMessages: [VRPawn_507] 12.749786
10-31 17:31:46.411 22129 22145 D UE4     : [2019.10.31-08.31.46:411][449]LogBlueprintUserMessages: [VRPawn_507] 43.82608
10-31 17:31:46.412 22129 22145 D UE4     : [2019.10.31-08.31.46:412][449]LogBlueprintUserMessages: [VRPawn_507] Hello
10-31 17:31:46.412 22129 22145 D UE4     : [2019.10.31-08.31.46:412][449]LogBlueprintUserMessages: [VRPawn_507] 12.63028
10-31 17:31:46.439 22129 22145 D UE4     : [2019.10.31-08.31.46:439][450]LogBlueprintUserMessages: [VRPawn_507] 43.781555
10-31 17:31:46.439 22129 22145 D UE4     : [2019.10.31-08.31.46:439][450]LogBlueprintUserMessages: [VRPawn_507] Hello
10-31 17:31:46.439 22129 22145 D UE4     : [2019.10.31-08.31.46:439][450]LogBlueprintUserMessages: [VRPawn_507] 12.557678
10-31 17:31:46.481 22129 22145 D UE4     : [2019.10.31-08.31.46:481][451]LogBlueprintUserMessages: [VRPawn_507] 43.639557
10-31 17:31:46.481 22129 22145 D UE4     : [2019.10.31-08.31.46:481][451]LogBlueprintUserMessages: [VRPawn_507] Hello
10-31 17:31:46.482 22129 22145 D UE4     : [2019.10.31-08.31.46:481][451]LogBlueprintUserMessages: [VRPawn_507] 12.464355
10-31 17:31:46.508 22129 22145 D UE4     : [2019.10.31-08.31.46:507][452]LogBlueprintUserMessages: [VRPawn_507] 43.486816
10-31 17:31:46.508 22129 22145 D UE4     : [2019.10.31-08.31.46:508][452]LogBlueprintUserMessages: [VRPawn_507] Hello
10-31 17:31:46.508 22129 22145 D UE4     : [2019.10.31-08.31.46:508][452]LogBlueprintUserMessages: [VRPawn_507] 12.315125
10-31 17:31:46.536 22129 22145 D UE4     : [2019.10.31-08.31.46:535][453]LogBlueprintUserMessages: [VRPawn_507] 43.304047
10-31 17:31:46.536 22129 22145 D UE4     : [2019.10.31-08.31.46:536][453]LogBlueprintUserMessages: [VRPawn_507] Hello
10-31 17:31:46.536 22129 22145 D UE4     : [2019.10.31-08.31.46:536][453]LogBlueprintUserMessages: [VRPawn_507] 12.183105
10-31 17:31:46.562 22129 22145 D UE4     : [2019.10.31-08.31.46:562][454]LogBlueprintUserMessages: [VRPawn_507] 43.181885
10-31 17:31:46.562 22129 22145 D UE4     : [2019.10.31-08.31.46:562][454]LogBlueprintUserMessages: [VRPawn_507] Hello
10-31 17:31:46.562 22129 22145 D UE4     : [2019.10.31-08.31.46:562][454]LogBlueprintUserMessages: [VRPawn_507] 12.104187
10-31 17:31:46.579 22129 22145 D UE4     : [2019.10.31-08.31.46:579][455]LogBlueprintUserMessages: [VRPawn_507] 43.093109
10-31 17:31:46.580 22129 22145 D UE4     : [2019.10.31-08.31.46:580][455]LogBlueprintUserMessages: [VRPawn_507] Hello
10-31 17:31:46.580 22129 22145 D UE4     : [2019.10.31-08.31.46:580][455]LogBlueprintUserMessages: [VRPawn_507] 12.075043
10-31 17:31:46.604 22129 22145 D UE4     : [2019.10.31-08.31.46:604][456]LogBlueprintUserMessages: [VRPawn_507] 43.043091
10-31 17:31:46.604 22129 22145 D UE4     : [2019.10.31-08.31.46:604][456]LogBlueprintUserMessages: [VRPawn_507] Hello
10-31 17:31:46.604 22129 22145 D UE4     : [2019.10.31-08.31.46:604][456]LogBlueprintUserMessages: [VRPawn_507] 12.042938
10-31 17:31:46.619 22129 22145 D UE4     : [2019.10.31-08.31.46:619][457]LogBlueprintUserMessages: [VRPawn_507] 43.02298
10-31 17:31:46.619 22129 22145 D UE4     : [2019.10.31-08.31.46:619][457]LogBlueprintUserMessages: [VRPawn_507] Hello
10-31 17:31:46.619 22129 22145 D UE4     : [2019.10.31-08.31.46:619][457]LogBlueprintUserMessages: [VRPawn_507] 11.998596
10-31 17:31:46.639  2085  2264 W LibraryProvider: Cannot find entitlement for system
10-31 17:31:46.641  1480  1501 W OVRLibrary: null cursor received for query content://com.oculus.ocms.library/apps/system
10-31 17:31:46.646 22129 22145 D UE4     : [2019.10.31-08.31.46:646][458]LogBlueprintUserMessages: [VRPawn_507] 43.026581
10-31 17:31:46.646 22129 22145 D UE4     : [2019.10.31-08.31.46:646][458]LogBlueprintUserMessages: [VRPawn_507] Hello
10-31 17:31:46.646 22129 22145 D UE4     : [2019.10.31-08.31.46:646][458]LogBlueprintUserMessages: [VRPawn_507] 11.978699
10-31 17:31:46.653   714   955 I OsSdk   : will wait 60 seconds before retrying
10-31 17:31:46.659 22129 22145 D UE4     : [2019.10.31-08.31.46:659][459]LogBlueprintUserMessages: [VRPawn_507] 42.975739
10-31 17:31:46.660 22129 22145 D UE4     : [2019.10.31-08.31.46:660][459]LogBlueprintUserMessages: [VRPawn_507] Hello
10-31 17:31:46.660 22129 22145 D UE4     : [2019.10.31-08.31.46:660][459]LogBlueprintUserMessages: [VRPawn_507] 11.937805
10-31 17:31:46.687 22129 22145 D UE4     : [2019.10.31-08.31.46:687][460]LogBlueprintUserMessages: [VRPawn_507] 42.898987
10-31 17:31:46.687 22129 22145 D UE4     : [2019.10.31-08.31.46:687][460]LogBlueprintUserMessages: [VRPawn_507] Hello
10-31 17:31:46.687 22129 22145 D UE4     : [2019.10.31-08.31.46:687][460]LogBlueprintUserMessages: [VRPawn_507] 12.00943
10-31 17:31:46.702 22129 22145 D UE4     : [2019.10.31-08.31.46:702][461]LogBlueprintUserMessages: [VRPawn_507] 42.807129
10-31 17:31:46.702 22129 22145 D UE4     : [2019.10.31-08.31.46:702][461]LogBlueprintUserMessages: [VRPawn_507] Hello
10-31 17:31:46.702 22129 22145 D UE4     : [2019.10.31-08.31.46:702][461]LogBlueprintUserMessages: [VRPawn_507] 11.970673
10-31 17:31:46.716 22129 22145 D UE4     : [2019.10.31-08.31.46:716][462]LogBlueprintUserMessages: [VRPawn_507] 42.745178
10-31 17:31:46.716 22129 22145 D UE4     : [2019.10.31-08.31.46:716][462]LogBlueprintUserMessages: [VRPawn_507] Hello
10-31 17:31:46.716 22129 22145 D UE4     : [2019.10.31-08.31.46:716][462]LogBlueprintUserMessages: [VRPawn_507] 11.974548
10-31 17:31:46.743 22129 22145 D UE4     : [2019.10.31-08.31.46:743][463]LogBlueprintUserMessages: [VRPawn_507] 42.675842
10-31 17:31:46.743 22129 22145 D UE4     : [2019.10.31-08.31.46:743][463]LogBlueprintUserMessages: [VRPawn_507] Hello
10-31 17:31:46.744 22129 22145 D UE4     : [2019.10.31-08.31.46:744][463]LogBlueprintUserMessages: [VRPawn_507] 11.975128
10-31 17:31:46.757 22129 22145 D UE4     : [2019.10.31-08.31.46:757][464]LogBlueprintUserMessages: [VRPawn_507] 42.618286
10-31 17:31:46.757 22129 22145 D UE4     : [2019.10.31-08.31.46:757][464]LogBlueprintUserMessages: [VRPawn_507] Hello
10-31 17:31:46.757 22129 22145 D UE4     : [2019.10.31-08.31.46:757][464]LogBlueprintUserMessages: [VRPawn_507] 11.920563
10-31 17:31:46.785 22129 22145 D UE4     : [2019.10.31-08.31.46:785][465]LogBlueprintUserMessages: [VRPawn_507] 42.616852
10-31 17:31:46.785 22129 22145 D UE4     : [2019.10.31-08.31.46:785][465]LogBlueprintUserMessages: [VRPawn_507] Hello
10-31 17:31:46.785 22129 22145 D UE4     : [2019.10.31-08.31.46:785][465]LogBlueprintUserMessages: [VRPawn_507] 11.891205
10-31 17:31:46.800 22129 22145 D UE4     : [2019.10.31-08.31.46:800][466]LogBlueprintUserMessages: [VRPawn_507] 42.580963
10-31 17:31:46.800 22129 22145 D UE4     : [2019.10.31-08.31.46:800][466]LogBlueprintUserMessages: [VRPawn_507] Hello
10-31 17:31:46.800 22129 22145 D UE4     : [2019.10.31-08.31.46:800][466]LogBlueprintUserMessages: [VRPawn_507] 11.890778
10-31 17:31:46.826 22129 22145 D UE4     : [2019.10.31-08.31.46:826][467]LogBlueprintUserMessages: [VRPawn_507] 42.542419
10-31 17:31:46.827 22129 22145 D UE4     : [2019.10.31-08.31.46:827][467]LogBlueprintUserMessages: [VRPawn_507] Hello
10-31 17:31:46.827 22129 22145 D UE4     : [2019.10.31-08.31.46:827][467]LogBlueprintUserMessages: [VRPawn_507] 11.903046
10-31 17:31:46.841 22129 22145 D UE4     : [2019.10.31-08.31.46:841][468]LogBlueprintUserMessages: [VRPawn_507] 42.523804
10-31 17:31:46.841 22129 22145 D UE4     : [2019.10.31-08.31.46:841][468]LogBlueprintUserMessages: [VRPawn_507] Hello
10-31 17:31:46.841 22129 22145 D UE4     : [2019.10.31-08.31.46:841][468]LogBlueprintUserMessages: [VRPawn_507] 11.922272
10-31 17:31:46.869 22129 22145 D UE4     : [2019.10.31-08.31.46:869][469]LogBlueprintUserMessages: [VRPawn_507] 42.513062
10-31 17:31:46.870 22129 22145 D UE4     : [2019.10.31-08.31.46:869][469]LogBlueprintUserMessages: [VRPawn_507] Hello
10-31 17:31:46.870 22129 22145 D UE4     : [2019.10.31-08.31.46:870][469]LogBlueprintUserMessages: [VRPawn_507] 11.964569
10-31 17:31:46.883 22129 22145 D UE4     : [2019.10.31-08.31.46:883][470]LogBlueprintUserMessages: [VRPawn_507] 42.489014
10-31 17:31:46.883 22129 22145 D UE4     : [2019.10.31-08.31.46:883][470]LogBlueprintUserMessages: [VRPawn_507] Hello
10-31 17:31:46.883 22129 22145 D UE4     : [2019.10.31-08.31.46:883][470]LogBlueprintUserMessages: [VRPawn_507] 11.968689
10-31 17:31:46.910 22129 22145 D UE4     : [2019.10.31-08.31.46:910][471]LogBlueprintUserMessages: [VRPawn_507] 42.454315
10-31 17:31:46.910 22129 22145 D UE4     : [2019.10.31-08.31.46:910][471]LogBlueprintUserMessages: [VRPawn_507] Hello
10-31 17:31:46.911 22129 22145 D UE4     : [2019.10.31-08.31.46:911][471]LogBlueprintUserMessages: [VRPawn_507] 11.994537
10-31 17:31:46.925 22129 22145 D UE4     : [2019.10.31-08.31.46:925][472]LogBlueprintUserMessages: [VRPawn_507] 42.428772
10-31 17:31:46.925 22129 22145 D UE4     : [2019.10.31-08.31.46:925][472]LogBlueprintUserMessages: [VRPawn_507] Hello
10-31 17:31:46.925 22129 22145 D UE4     : [2019.10.31-08.31.46:925][472]LogBlueprintUserMessages: [VRPawn_507] 11.984924
10-31 17:31:46.952 22129 22145 D UE4     : [2019.10.31-08.31.46:952][473]LogBlueprintUserMessages: [VRPawn_507] 42.317688
10-31 17:31:46.952 22129 22145 D UE4     : [2019.10.31-08.31.46:952][473]LogBlueprintUserMessages: [VRPawn_507] Hello
10-31 17:31:46.952 22129 22145 D UE4     : [2019.10.31-08.31.46:952][473]LogBlueprintUserMessages: [VRPawn_507] 11.910522
10-31 17:31:46.971 22129 22145 D UE4     : [2019.10.31-08.31.46:971][474]LogBlueprintUserMessages: [VRPawn_507] 42.261475
10-31 17:31:46.972 22129 22145 D UE4     : [2019.10.31-08.31.46:972][474]LogBlueprintUserMessages: [VRPawn_507] Hello
10-31 17:31:46.972 22129 22145 D UE4     : [2019.10.31-08.31.46:972][474]LogBlueprintUserMessages: [VRPawn_507] 11.93396
10-31 17:31:46.996 22129 22145 D UE4     : [2019.10.31-08.31.46:996][475]LogBlueprintUserMessages: [VRPawn_507] 42.15567
10-31 17:31:46.996 22129 22145 D UE4     : [2019.10.31-08.31.46:996][475]LogBlueprintUserMessages: [VRPawn_507] Hello
10-31 17:31:46.996 22129 22145 D UE4     : [2019.10.31-08.31.46:996][475]LogBlueprintUserMessages: [VRPawn_507] 11.950867
10-31 17:31:47.009 22129 22145 D UE4     : [2019.10.31-08.31.47:009][476]LogBlueprintUserMessages: [VRPawn_507] 42.078064
10-31 17:31:47.010 22129 22145 D UE4     : [2019.10.31-08.31.47:010][476]LogBlueprintUserMessages: [VRPawn_507] Hello
10-31 17:31:47.010 22129 22145 D UE4     : [2019.10.31-08.31.47:010][476]LogBlueprintUserMessages: [VRPawn_507] 11.954285
10-31 17:31:47.037 22129 22145 D UE4     : [2019.10.31-08.31.47:037][477]LogBlueprintUserMessages: [VRPawn_507] 41.915771
10-31 17:31:47.038 22129 22145 D UE4     : [2019.10.31-08.31.47:038][477]LogBlueprintUserMessages: [VRPawn_507] Hello
10-31 17:31:47.038 22129 22145 D UE4     : [2019.10.31-08.31.47:038][477]LogBlueprintUserMessages: [VRPawn_507] 11.979828
10-31 17:31:47.052 22129 22145 D UE4     : [2019.10.31-08.31.47:052][478]LogBlueprintUserMessages: [VRPawn_507] 41.829834
10-31 17:31:47.052 22129 22145 D UE4     : [2019.10.31-08.31.47:052][478]LogBlueprintUserMessages: [VRPawn_507] Hello
10-31 17:31:47.052 22129 22145 D UE4     : [2019.10.31-08.31.47:052][478]LogBlueprintUserMessages: [VRPawn_507] 12.022583
10-31 17:31:47.079 22129 22145 D UE4     : [2019.10.31-08.31.47:079][479]LogBlueprintUserMessages: [VRPawn_507] 41.631287
10-31 17:31:47.079   714 22247 I [CT]    : VIPER: Status=6DoF,TRACKING,KF=148,Inl=351,Pts=624,Jit=0.2mm,Issues(Cam/min=0.0,IMU/min=0.0),Exp=(4.9ms,g=5,I=97)(5.0ms,g=3,I=100)(4.9ms,g=5,I=98)(5.1ms,g=3,I=97)
10-31 17:31:47.079 22129 22145 D UE4     : [2019.10.31-08.31.47:079][479]LogBlueprintUserMessages: [VRPawn_507] Hello
10-31 17:31:47.080 22129 22145 D UE4     : [2019.10.31-08.31.47:080][479]LogBlueprintUserMessages: [VRPawn_507] 12.058044
10-31 17:31:47.092 22129 22145 D UE4     : [2019.10.31-08.31.47:091][480]LogBlueprintUserMessages: [VRPawn_507] 41.542633
10-31 17:31:47.092 22129 22145 D UE4     : [2019.10.31-08.31.47:092][480]LogBlueprintUserMessages: [VRPawn_507] Hello
10-31 17:31:47.092 22129 22145 D UE4     : [2019.10.31-08.31.47:092][480]LogBlueprintUserMessages: [VRPawn_507] 12.089478
10-31 17:31:47.120 22129 22145 D UE4     : [2019.10.31-08.31.47:120][481]LogBlueprintUserMessages: [VRPawn_507] 41.34433
10-31 17:31:47.120 22129 22145 D UE4     : [2019.10.31-08.31.47:120][481]LogBlueprintUserMessages: [VRPawn_507] Hello
10-31 17:31:47.121 22129 22145 D UE4     : [2019.10.31-08.31.47:121][481]LogBlueprintUserMessages: [VRPawn_507] 12.095886
10-31 17:31:47.136 22129 22145 D UE4     : [2019.10.31-08.31.47:136][482]LogBlueprintUserMessages: [VRPawn_507] 41.284546
10-31 17:31:47.137 22129 22145 D UE4     : [2019.10.31-08.31.47:137][482]LogBlueprintUserMessages: [VRPawn_507] Hello
10-31 17:31:47.137 22129 22145 D UE4     : [2019.10.31-08.31.47:137][482]LogBlueprintUserMessages: [VRPawn_507] 12.112396
10-31 17:31:47.162 22129 22145 D UE4     : [2019.10.31-08.31.47:162][483]LogBlueprintUserMessages: [VRPawn_507] 41.186401
10-31 17:31:47.162 22129 22145 D UE4     : [2019.10.31-08.31.47:162][483]LogBlueprintUserMessages: [VRPawn_507] Hello
10-31 17:31:47.162 22129 22145 D UE4     : [2019.10.31-08.31.47:162][483]LogBlueprintUserMessages: [VRPawn_507] 12.100128
10-31 17:31:47.176 22129 22145 D UE4     : [2019.10.31-08.31.47:176][484]LogBlueprintUserMessages: [VRPawn_507] 41.15799
10-31 17:31:47.176 22129 22145 D UE4     : [2019.10.31-08.31.47:176][484]LogBlueprintUserMessages: [VRPawn_507] Hello
10-31 17:31:47.176 22129 22145 D UE4     : [2019.10.31-08.31.47:176][484]LogBlueprintUserMessages: [VRPawn_507] 12.039612
10-31 17:31:47.200 22129 22147 D UE4     : Used memory: 426349
10-31 17:31:47.204 22129 22145 D UE4     : [2019.10.31-08.31.47:204][485]LogBlueprintUserMessages: [VRPawn_507] 41.054901
10-31 17:31:47.204 22129 22145 D UE4     : [2019.10.31-08.31.47:204][485]LogBlueprintUserMessages: [VRPawn_507] Hello
10-31 17:31:47.204 22129 22145 D UE4     : [2019.10.31-08.31.47:204][485]LogBlueprintUserMessages: [VRPawn_507] 11.981903
10-31 17:31:47.217 22129 22145 D UE4     : [2019.10.31-08.31.47:217][486]LogBlueprintUserMessages: [VRPawn_507] 41.039368
10-31 17:31:47.218 22129 22145 D UE4     : [2019.10.31-08.31.47:218][486]LogBlueprintUserMessages: [VRPawn_507] Hello
10-31 17:31:47.218 22129 22145 D UE4     : [2019.10.31-08.31.47:218][486]LogBlueprintUserMessages: [VRPawn_507] 11.974792
10-31 17:31:47.248 22129 22145 D UE4     : [2019.10.31-08.31.47:248][487]LogBlueprintUserMessages: [VRPawn_507] 41.007416
10-31 17:31:47.248 22129 22145 D UE4     : [2019.10.31-08.31.47:248][487]LogBlueprintUserMessages: [VRPawn_507] Hello
10-31 17:31:47.249 22129 22145 D UE4     : [2019.10.31-08.31.47:249][487]LogBlueprintUserMessages: [VRPawn_507] 11.942169
10-31 17:31:47.256   550 24044 V msm8974_platform: platform_get_parameters: exit: returns - snd_device_in=none
10-31 17:31:47.256   550 24044 V audio_hw_primary: adev_get_parameters: exit: returns - snd_device_in=none
10-31 17:31:47.256   550 24044 I hash_map_utils: key: 'snd_device_in' value: ''
10-31 17:31:47.256   550 31072 V msm8974_platform: platform_get_parameters: exit: returns - snd_device_out=speaker
10-31 17:31:47.256   550 31072 V audio_hw_primary: adev_get_parameters: exit: returns - snd_device_out=speaker
10-31 17:31:47.256   550 31072 I hash_map_utils: key: 'snd_device_out' value: ''
10-31 17:31:47.258 22129 22145 D UE4     : [2019.10.31-08.31.47:258][488]LogBlueprintUserMessages: [VRPawn_507] 40.964996
10-31 17:31:47.258 22129 22145 D UE4     : [2019.10.31-08.31.47:258][488]LogBlueprintUserMessages: [VRPawn_507] Hello
10-31 17:31:47.258 22129 22145 D UE4     : [2019.10.31-08.31.47:258][488]LogBlueprintUserMessages: [VRPawn_507] 11.92395
10-31 17:31:47.287 22129 22145 D UE4     : [2019.10.31-08.31.47:287][489]LogBlueprintUserMessages: [VRPawn_507] 40.921234
10-31 17:31:47.287 22129 22145 D UE4     : [2019.10.31-08.31.47:287][489]LogBlueprintUserMessages: [VRPawn_507] Hello
10-31 17:31:47.287 22129 22145 D UE4     : [2019.10.31-08.31.47:287][489]LogBlueprintUserMessages: [VRPawn_507] 12.01358
10-31 17:31:47.290 22129 22701 I VrApi   : FPS=40,Prd=44ms,Tear=0,Early=0,Stale=72,VSnc=1,Lat=1,Fov=0,CPU4/GPU=4/4,2304/670MHz,OC=FF,TA=0/E0/E0,SP=N/F/F,Mem=1804MHz,Free=1385MB,PSM=0,PLS=0,Temp=31.0C/0.0C,TW=3.09ms,App=23.36ms,GD=0.00ms,CPU&GPU=32.49ms,LCnt=2,GPU%=0.93,CPU%=0.40(W0.45)
10-31 17:31:47.302 22129 22145 D UE4     : [2019.10.31-08.31.47:301][490]LogBlueprintUserMessages: [VRPawn_507] 40.915192
10-31 17:31:47.302 22129 22145 D UE4     : [2019.10.31-08.31.47:302][490]LogBlueprintUserMessages: [VRPawn_507] Hello
10-31 17:31:47.302 22129 22145 D UE4     : [2019.10.31-08.31.47:302][490]LogBlueprintUserMessages: [VRPawn_507] 12.047516
10-31 17:31:47.317 22129 22145 D UE4     : [2019.10.31-08.31.47:317][491]LogBlueprintUserMessages: [VRPawn_507] 40.880371
10-31 17:31:47.317 22129 22145 D UE4     : [2019.10.31-08.31.47:317][491]LogBlueprintUserMessages: [VRPawn_507] Hello
10-31 17:31:47.317 22129 22145 D UE4     : [2019.10.31-08.31.47:317][491]LogBlueprintUserMessages: [VRPawn_507] 12.067505
10-31 17:31:47.342 22129 22145 D UE4     : [2019.10.31-08.31.47:342][492]LogBlueprintUserMessages: [VRPawn_507] 40.815399
10-31 17:31:47.343 22129 22145 D UE4     : [2019.10.31-08.31.47:343][492]LogBlueprintUserMessages: [VRPawn_507] Hello
10-31 17:31:47.343 22129 22145 D UE4     : [2019.10.31-08.31.47:343][492]LogBlueprintUserMessages: [VRPawn_507] 12.057922
10-31 17:31:47.357 22129 22145 D UE4     : [2019.10.31-08.31.47:357][493]LogBlueprintUserMessages: [VRPawn_507] 40.813477
10-31 17:31:47.358 22129 22145 D UE4     : [2019.10.31-08.31.47:358][493]LogBlueprintUserMessages: [VRPawn_507] Hello
10-31 17:31:47.358 22129 22145 D UE4     : [2019.10.31-08.31.47:358][493]LogBlueprintUserMessages: [VRPawn_507] 12.072235
10-31 17:31:47.385 22129 22145 D UE4     : [2019.10.31-08.31.47:385][494]LogBlueprintUserMessages: [VRPawn_507] 40.861511
10-31 17:31:47.385 22129 22145 D UE4     : [2019.10.31-08.31.47:385][494]LogBlueprintUserMessages: [VRPawn_507] Hello
10-31 17:31:47.385 22129 22145 D UE4     : [2019.10.31-08.31.47:385][494]LogBlueprintUserMessages: [VRPawn_507] 12.106293
10-31 17:31:47.398 22129 22145 D UE4     : [2019.10.31-08.31.47:398][495]LogBlueprintUserMessages: [VRPawn_507] 40.885712
10-31 17:31:47.398 22129 22145 D UE4     : [2019.10.31-08.31.47:398][495]LogBlueprintUserMessages: [VRPawn_507] Hello
10-31 17:31:47.398 22129 22145 D UE4     : [2019.10.31-08.31.47:398][495]LogBlueprintUserMessages: [VRPawn_507] 12.151978
10-31 17:31:47.426 22129 22145 D UE4     : [2019.10.31-08.31.47:426][496]LogBlueprintUserMessages: [VRPawn_507] 40.887207
10-31 17:31:47.426 22129 22145 D UE4     : [2019.10.31-08.31.47:426][496]LogBlueprintUserMessages: [VRPawn_507] Hello
10-31 17:31:47.427 22129 22145 D UE4     : [2019.10.31-08.31.47:427][496]LogBlueprintUserMessages: [VRPawn_507] 12.10675
10-31 17:31:47.440 22129 22145 D UE4     : [2019.10.31-08.31.47:440][497]LogBlueprintUserMessages: [VRPawn_507] 40.845245
10-31 17:31:47.440 22129 22145 D UE4     : [2019.10.31-08.31.47:440][497]LogBlueprintUserMessages: [VRPawn_507] Hello
10-31 17:31:47.440 22129 22145 D UE4     : [2019.10.31-08.31.47:440][497]LogBlueprintUserMessages: [VRPawn_507] 12.066742
10-31 17:31:47.469 22129 22145 D UE4     : [2019.10.31-08.31.47:469][498]LogBlueprintUserMessages: [VRPawn_507] 40.722565
10-31 17:31:47.469 22129 22145 D UE4     : [2019.10.31-08.31.47:469][498]LogBlueprintUserMessages: [VRPawn_507] Hello
10-31 17:31:47.469 22129 22145 D UE4     : [2019.10.31-08.31.47:469][498]LogBlueprintUserMessages: [VRPawn_507] 12.005188
10-31 17:31:47.482 22129 22145 D UE4     : [2019.10.31-08.31.47:482][499]LogBlueprintUserMessages: [VRPawn_507] 40.65863
10-31 17:31:47.482 22129 22145 D UE4     : [2019.10.31-08.31.47:482][499]LogBlueprintUserMessages: [VRPawn_507] Hello
10-31 17:31:47.482 22129 22145 D UE4     : [2019.10.31-08.31.47:482][499]LogBlueprintUserMessages: [VRPawn_507] 11.979187
10-31 17:31:47.510 22129 22145 D UE4     : [2019.10.31-08.31.47:510][500]LogBlueprintUserMessages: [VRPawn_507] 40.642334
10-31 17:31:47.510 22129 22145 D UE4     : [2019.10.31-08.31.47:510][500]LogBlueprintUserMessages: [VRPawn_507] Hello
10-31 17:31:47.511 22129 22145 D UE4     : [2019.10.31-08.31.47:511][500]LogBlueprintUserMessages: [VRPawn_507] 11.996674
10-31 17:31:47.513   714 22247 I [CT]    : Viper:Map_Manager: State: TRACKING_PERSISTENT, UUID=5c9cda66-709e-4775-93a8-ccba5cac6ad4, Num. Persistent maps = 5,  Persistent maps:6deead67-4213-4151-aaf8-63de2ae4c2a9,5c9cda66-709e-4775-93a8-ccba5cac6ad4,fda60373-74c6-4496-b368-06c9baf27c06,c70d8cf4-996b-451f-86b0-2643913ef8eb,bb643b67-d579-4064-a1be-6f4d6ffd2343,, Ser. Disabled = 00000000-0000-0000-0000-000000000000
10-31 17:31:47.523 22129 22145 D UE4     : [2019.10.31-08.31.47:523][501]LogBlueprintUserMessages: [VRPawn_507] 40.629059
10-31 17:31:47.523 22129 22145 D UE4     : [2019.10.31-08.31.47:523][501]LogBlueprintUserMessages: [VRPawn_507] Hello
10-31 17:31:47.523 22129 22145 D UE4     : [2019.10.31-08.31.47:523][501]LogBlueprintUserMessages: [VRPawn_507] 12.010895
10-31 17:31:47.551 22129 22145 D UE4     : [2019.10.31-08.31.47:550][502]LogBlueprintUserMessages: [VRPawn_507] 40.584381
10-31 17:31:47.551 22129 22145 D UE4     : [2019.10.31-08.31.47:551][502]LogBlueprintUserMessages: [VRPawn_507] Hello
10-31 17:31:47.551 22129 22145 D UE4     : [2019.10.31-08.31.47:551][502]LogBlueprintUserMessages: [VRPawn_507] 12.035065
10-31 17:31:47.565 22129 22145 D UE4     : [2019.10.31-08.31.47:564][503]LogBlueprintUserMessages: [VRPawn_507] 40.5448
10-31 17:31:47.565 22129 22145 D UE4     : [2019.10.31-08.31.47:565][503]LogBlueprintUserMessages: [VRPawn_507] Hello
10-31 17:31:47.565 22129 22145 D UE4     : [2019.10.31-08.31.47:565][503]LogBlueprintUserMessages: [VRPawn_507] 12.046082
10-31 17:31:47.592 22129 22145 D UE4     : [2019.10.31-08.31.47:592][504]LogBlueprintUserMessages: [VRPawn_507] 40.488831
10-31 17:31:47.593 22129 22145 D UE4     : [2019.10.31-08.31.47:593][504]LogBlueprintUserMessages: [VRPawn_507] Hello
10-31 17:31:47.593 22129 22145 D UE4     : [2019.10.31-08.31.47:593][504]LogBlueprintUserMessages: [VRPawn_507] 12.049133
10-31 17:31:47.606 22129 22145 D UE4     : [2019.10.31-08.31.47:606][505]LogBlueprintUserMessages: [VRPawn_507] 40.447388
10-31 17:31:47.607 22129 22145 D UE4     : [2019.10.31-08.31.47:607][505]LogBlueprintUserMessages: [VRPawn_507] Hello
10-31 17:31:47.607 22129 22145 D UE4     : [2019.10.31-08.31.47:607][505]LogBlueprintUserMessages: [VRPawn_507] 12.05304
10-31 17:31:47.620 22129 22145 D UE4     : [2019.10.31-08.31.47:620][506]LogBlueprintUserMessages: [VRPawn_507] 40.426544
10-31 17:31:47.620 22129 22145 D UE4     : [2019.10.31-08.31.47:620][506]LogBlueprintUserMessages: [VRPawn_507] Hello
10-31 17:31:47.620 22129 22145 D UE4     : [2019.10.31-08.31.47:620][506]LogBlueprintUserMessages: [VRPawn_507] 12.024506
10-31 17:31:47.648 22129 22145 D UE4     : [2019.10.31-08.31.47:648][507]LogBlueprintUserMessages: [VRPawn_507] 40.382751
10-31 17:31:47.648 22129 22145 D UE4     : [2019.10.31-08.31.47:648][507]LogBlueprintUserMessages: [VRPawn_507] Hello
10-31 17:31:47.648 22129 22145 D UE4     : [2019.10.31-08.31.47:648][507]LogBlueprintUserMessages: [VRPawn_507] 11.927917
10-31 17:31:47.663 22129 22145 D UE4     : [2019.10.31-08.31.47:663][508]LogBlueprintUserMessages: [VRPawn_507] 40.367737
10-31 17:31:47.663 22129 22145 D UE4     : [2019.10.31-08.31.47:663][508]LogBlueprintUserMessages: [VRPawn_507] Hello
10-31 17:31:47.663 22129 22145 D UE4     : [2019.10.31-08.31.47:663][508]LogBlueprintUserMessages: [VRPawn_507] 11.977356
10-31 17:31:47.691 22129 22145 D UE4     : [2019.10.31-08.31.47:690][509]LogBlueprintUserMessages: [VRPawn_507] 40.364929
10-31 17:31:47.691 22129 22145 D UE4     : [2019.10.31-08.31.47:691][509]LogBlueprintUserMessages: [VRPawn_507] Hello
10-31 17:31:47.691 22129 22145 D UE4     : [2019.10.31-08.31.47:691][509]LogBlueprintUserMessages: [VRPawn_507] 11.987366
10-31 17:31:47.705 22129 22145 D UE4     : [2019.10.31-08.31.47:705][510]LogBlueprintUserMessages: [VRPawn_507] 40.342224
10-31 17:31:47.705 22129 22145 D UE4     : [2019.10.31-08.31.47:705][510]LogBlueprintUserMessages: [VRPawn_507] Hello
10-31 17:31:47.706 22129 22145 D UE4     : [2019.10.31-08.31.47:705][510]LogBlueprintUserMessages: [VRPawn_507] 11.961975
10-31 17:31:47.733 22129 22145 D UE4     : [2019.10.31-08.31.47:733][511]LogBlueprintUserMessages: [VRPawn_507] 40.334839
10-31 17:31:47.733 22129 22145 D UE4     : [2019.10.31-08.31.47:733][511]LogBlueprintUserMessages: [VRPawn_507] Hello
10-31 17:31:47.733 22129 22145 D UE4     : [2019.10.31-08.31.47:733][511]LogBlueprintUserMessages: [VRPawn_507] 11.962524
10-31 17:31:47.746 22129 22145 D UE4     : [2019.10.31-08.31.47:746][512]LogBlueprintUserMessages: [VRPawn_507] 40.326447
10-31 17:31:47.747 22129 22145 D UE4     : [2019.10.31-08.31.47:747][512]LogBlueprintUserMessages: [VRPawn_507] Hello
10-31 17:31:47.747 22129 22145 D UE4     : [2019.10.31-08.31.47:747][512]LogBlueprintUserMessages: [VRPawn_507] 11.966522
10-31 17:31:47.776 22129 22145 D UE4     : [2019.10.31-08.31.47:776][513]LogBlueprintUserMessages: [VRPawn_507] 40.288727
10-31 17:31:47.776 22129 22145 D UE4     : [2019.10.31-08.31.47:776][513]LogBlueprintUserMessages: [VRPawn_507] Hello
10-31 17:31:47.776 22129 22145 D UE4     : [2019.10.31-08.31.47:776][513]LogBlueprintUserMessages: [VRPawn_507] 12.006744
10-31 17:31:47.788 22129 22145 D UE4     : [2019.10.31-08.31.47:788][514]LogBlueprintUserMessages: [VRPawn_507] 40.291534
10-31 17:31:47.788 22129 22145 D UE4     : [2019.10.31-08.31.47:788][514]LogBlueprintUserMessages: [VRPawn_507] Hello
10-31 17:31:47.788 22129 22145 D UE4     : [2019.10.31-08.31.47:788][514]LogBlueprintUserMessages: [VRPawn_507] 11.980499
10-31 17:31:47.819 22129 22145 D UE4     : [2019.10.31-08.31.47:819][515]LogBlueprintUserMessages: [VRPawn_507] 40.297241
10-31 17:31:47.819 22129 22145 D UE4     : [2019.10.31-08.31.47:819][515]LogBlueprintUserMessages: [VRPawn_507] Hello
10-31 17:31:47.819 22129 22145 D UE4     : [2019.10.31-08.31.47:819][515]LogBlueprintUserMessages: [VRPawn_507] 11.93634
10-31 17:31:47.830 22129 22145 D UE4     : [2019.10.31-08.31.47:830][516]LogBlueprintUserMessages: [VRPawn_507] 40.303497
10-31 17:31:47.830 22129 22145 D UE4     : [2019.10.31-08.31.47:830][516]LogBlueprintUserMessages: [VRPawn_507] Hello
10-31 17:31:47.830 22129 22145 D UE4     : [2019.10.31-08.31.47:830][516]LogBlueprintUserMessages: [VRPawn_507] 11.933563
10-31 17:31:47.858 22129 22145 D UE4     : [2019.10.31-08.31.47:858][517]LogBlueprintUserMessages: [VRPawn_507] 40.303009
10-31 17:31:47.858 22129 22145 D UE4     : [2019.10.31-08.31.47:858][517]LogBlueprintUserMessages: [VRPawn_507] Hello
10-31 17:31:47.859 22129 22145 D UE4     : [2019.10.31-08.31.47:859][517]LogBlueprintUserMessages: [VRPawn_507] 11.793243
10-31 17:31:47.872 22129 22145 D UE4     : [2019.10.31-08.31.47:872][518]LogBlueprintUserMessages: [VRPawn_507] 40.301361
10-31 17:31:47.873 22129 22145 D UE4     : [2019.10.31-08.31.47:873][518]LogBlueprintUserMessages: [VRPawn_507] Hello
10-31 17:31:47.873 22129 22145 D UE4     : [2019.10.31-08.31.47:873][518]LogBlueprintUserMessages: [VRPawn_507] 11.799469
10-31 17:31:47.885   714 22246 I [CT]    : MANAGEMENT:CONSTELLATION: Status=GREEN,, Obj=3669952633402657438,6DOF=1,FusJit=0.005mm,Issues(Cam/min=  0,IMU/min=0), Obj=16572054001761934198,6DOF=1,FusJit=0.0mm,Issues(Cam/min=  0,IMU/min=0)
10-31 17:31:47.904 22129 22145 D UE4     : [2019.10.31-08.31.47:904][519]LogBlueprintUserMessages: [VRPawn_507] 40.317963
10-31 17:31:47.904 22129 22145 D UE4     : [2019.10.31-08.31.47:904][519]LogBlueprintUserMessages: [VRPawn_507] Hello
10-31 17:31:47.904 22129 22145 D UE4     : [2019.10.31-08.31.47:904][519]LogBlueprintUserMessages: [VRPawn_507] 11.738495
10-31 17:31:47.913 22129 22145 D UE4     : [2019.10.31-08.31.47:913][520]LogBlueprintUserMessages: [VRPawn_507] 40.341248
10-31 17:31:47.913 22129 22145 D UE4     : [2019.10.31-08.31.47:913][520]LogBlueprintUserMessages: [VRPawn_507] Hello
10-31 17:31:47.913 22129 22145 D UE4     : [2019.10.31-08.31.47:913][520]LogBlueprintUserMessages: [VRPawn_507] 11.725525
10-31 17:31:47.941 22129 22145 D UE4     : [2019.10.31-08.31.47:941][521]LogBlueprintUserMessages: [VRPawn_507] 40.377075
10-31 17:31:47.941 22129 22145 D UE4     : [2019.10.31-08.31.47:941][521]LogBlueprintUserMessages: [VRPawn_507] Hello
10-31 17:31:47.941 22129 22145 D UE4     : [2019.10.31-08.31.47:941][521]LogBlueprintUserMessages: [VRPawn_507] 11.670593
10-31 17:31:47.955 22129 22145 D UE4     : [2019.10.31-08.31.47:955][522]LogBlueprintUserMessages: [VRPawn_507] 40.42511
10-31 17:31:47.955 22129 22145 D UE4     : [2019.10.31-08.31.47:955][522]LogBlueprintUserMessages: [VRPawn_507] Hello
10-31 17:31:47.955 22129 22145 D UE4     : [2019.10.31-08.31.47:955][522]LogBlueprintUserMessages: [VRPawn_507] 11.67804
10-31 17:31:47.983 22129 22145 D UE4     : [2019.10.31-08.31.47:983][523]LogBlueprintUserMessages: [VRPawn_507] 40.467041
10-31 17:31:47.983 22129 22145 D UE4     : [2019.10.31-08.31.47:983][523]LogBlueprintUserMessages: [VRPawn_507] Hello
10-31 17:31:47.983 22129 22145 D UE4     : [2019.10.31-08.31.47:983][523]LogBlueprintUserMessages: [VRPawn_507] 11.636169
10-31 17:31:47.996 22129 22145 D UE4     : [2019.10.31-08.31.47:996][524]LogBlueprintUserMessages: [VRPawn_507] 40.515686
10-31 17:31:47.997 22129 22145 D UE4     : [2019.10.31-08.31.47:997][524]LogBlueprintUserMessages: [VRPawn_507] Hello
10-31 17:31:47.997 22129 22145 D UE4     : [2019.10.31-08.31.47:997][524]LogBlueprintUserMessages: [VRPawn_507] 11.669983
10-31 17:31:48.024 22129 22145 D UE4     : [2019.10.31-08.31.48:024][525]LogBlueprintUserMessages: [VRPawn_507] 40.526062
10-31 17:31:48.024 22129 22145 D UE4     : [2019.10.31-08.31.48:024][525]LogBlueprintUserMessages: [VRPawn_507] Hello
10-31 17:31:48.024 22129 22145 D UE4     : [2019.10.31-08.31.48:024][525]LogBlueprintUserMessages: [VRPawn_507] 11.62738
10-31 17:31:48.038 22129 22145 D UE4     : [2019.10.31-08.31.48:038][526]LogBlueprintUserMessages: [VRPawn_507] 40.579712
10-31 17:31:48.038 22129 22145 D UE4     : [2019.10.31-08.31.48:038][526]LogBlueprintUserMessages: [VRPawn_507] Hello
10-31 17:31:48.038 22129 22145 D UE4     : [2019.10.31-08.31.48:038][526]LogBlueprintUserMessages: [VRPawn_507] 11.68158
10-31 17:31:48.067 22129 22145 D UE4     : [2019.10.31-08.31.48:067][527]LogBlueprintUserMessages: [VRPawn_507] 40.613342
10-31 17:31:48.068 22129 22145 D UE4     : [2019.10.31-08.31.48:068][527]LogBlueprintUserMessages: [VRPawn_507] Hello
10-31 17:31:48.068 22129 22145 D UE4     : [2019.10.31-08.31.48:068][527]LogBlueprintUserMessages: [VRPawn_507] 11.573669
10-31 17:31:48.080 22129 22145 D UE4     : [2019.10.31-08.31.48:080][528]LogBlueprintUserMessages: [VRPawn_507] 40.665466
10-31 17:31:48.080 22129 22145 D UE4     : [2019.10.31-08.31.48:080][528]LogBlueprintUserMessages: [VRPawn_507] Hello
10-31 17:31:48.080 22129 22145 D UE4     : [2019.10.31-08.31.48:080][528]LogBlueprintUserMessages: [VRPawn_507] 11.59729
10-31 17:31:48.094 22129 22145 D UE4     : [2019.10.31-08.31.48:094][529]LogBlueprintUserMessages: [VRPawn_507] 40.691589
10-31 17:31:48.094 22129 22145 D UE4     : [2019.10.31-08.31.48:094][529]LogBlueprintUserMessages: [VRPawn_507] Hello
10-31 17:31:48.094 22129 22145 D UE4     : [2019.10.31-08.31.48:094][529]LogBlueprintUserMessages: [VRPawn_507] 11.544983
10-31 17:31:48.121 22129 22145 D UE4     : [2019.10.31-08.31.48:121][530]LogBlueprintUserMessages: [VRPawn_507] 40.707397
10-31 17:31:48.122 22129 22145 D UE4     : [2019.10.31-08.31.48:122][530]LogBlueprintUserMessages: [VRPawn_507] Hello
10-31 17:31:48.122 22129 22145 D UE4     : [2019.10.31-08.31.48:122][530]LogBlueprintUserMessages: [VRPawn_507] 11.539734
10-31 17:31:48.136 22129 22145 D UE4     : [2019.10.31-08.31.48:136][531]LogBlueprintUserMessages: [VRPawn_507] 40.767212
10-31 17:31:48.137 22129 22145 D UE4     : [2019.10.31-08.31.48:137][531]LogBlueprintUserMessages: [VRPawn_507] Hello
10-31 17:31:48.137 22129 22145 D UE4     : [2019.10.31-08.31.48:137][531]LogBlueprintUserMessages: [VRPawn_507] 11.568359
10-31 17:31:48.164 22129 22145 D UE4     : [2019.10.31-08.31.48:164][532]LogBlueprintUserMessages: [VRPawn_507] 40.808411
10-31 17:31:48.164 22129 22145 D UE4     : [2019.10.31-08.31.48:164][532]LogBlueprintUserMessages: [VRPawn_507] Hello
10-31 17:31:48.164 22129 22145 D UE4     : [2019.10.31-08.31.48:164][532]LogBlueprintUserMessages: [VRPawn_507] 11.542358
10-31 17:31:48.178 22129 22145 D UE4     : [2019.10.31-08.31.48:178][533]LogBlueprintUserMessages: [VRPawn_507] 40.908203
10-31 17:31:48.179 22129 22145 D UE4     : [2019.10.31-08.31.48:179][533]LogBlueprintUserMessages: [VRPawn_507] Hello
10-31 17:31:48.179 22129 22145 D UE4     : [2019.10.31-08.31.48:179][533]LogBlueprintUserMessages: [VRPawn_507] 11.596252
10-31 17:31:48.206 22129 22145 D UE4     : [2019.10.31-08.31.48:206][534]LogBlueprintUserMessages: [VRPawn_507] 40.869324
10-31 17:31:48.206 22129 22145 D UE4     : [2019.10.31-08.31.48:206][534]LogBlueprintUserMessages: [VRPawn_507] Hello
10-31 17:31:48.206 22129 22145 D UE4     : [2019.10.31-08.31.48:206][534]LogBlueprintUserMessages: [VRPawn_507] 11.335205
10-31 17:31:48.234 22129 22145 D UE4     : [2019.10.31-08.31.48:234][535]LogBlueprintUserMessages: [VRPawn_507] 40.62207
10-31 17:31:48.234 22129 22145 D UE4     : [2019.10.31-08.31.48:234][535]LogBlueprintUserMessages: [VRPawn_507] Hello
10-31 17:31:48.234 22129 22145 D UE4     : [2019.10.31-08.31.48:234][535]LogBlueprintUserMessages: [VRPawn_507] 10.840759
10-31 17:31:48.261 22129 22145 D UE4     : [2019.10.31-08.31.48:261][536]LogBlueprintUserMessages: [VRPawn_507] 40.479858
10-31 17:31:48.261 22129 22145 D UE4     : [2019.10.31-08.31.48:261][536]LogBlueprintUserMessages: [VRPawn_507] Hello
10-31 17:31:48.261 22129 22145 D UE4     : [2019.10.31-08.31.48:261][536]LogBlueprintUserMessages: [VRPawn_507] 10.491455
10-31 17:31:48.290 22129 22145 D UE4     : [2019.10.31-08.31.48:290][537]LogBlueprintUserMessages: [VRPawn_507] 40.265625
10-31 17:31:48.290 22129 22145 D UE4     : [2019.10.31-08.31.48:290][537]LogBlueprintUserMessages: [VRPawn_507] Hello
10-31 17:31:48.290 22129 22145 D UE4     : [2019.10.31-08.31.48:290][537]LogBlueprintUserMessages: [VRPawn_507] 10.136597
10-31 17:31:48.297 22129 22701 I VrApi   : FPS=41,Prd=44ms,Tear=0,Early=0,Stale=71,VSnc=1,Lat=1,Fov=0,CPU4/GPU=4/4,2304/670MHz,OC=FF,TA=0/E0/E0,SP=N/F/F,Mem=1804MHz,Free=1379MB,PSM=0,PLS=0,Temp=31.0C/0.0C,TW=3.09ms,App=19.05ms,GD=0.00ms,CPU&GPU=34.27ms,LCnt=2,GPU%=0.93,CPU%=0.42(W0.48)
10-31 17:31:48.340   714 22247 W [CT]    : VIPER: Frame Tracking [0.0420546s]  exceeded camera sampling time [0.0333333s].
10-31 17:31:48.341 22129 22145 D UE4     : [2019.10.31-08.31.48:340][538]LogBlueprintUserMessages: [VRPawn_507] 40.180298
10-31 17:31:48.341 22129 22145 D UE4     : [2019.10.31-08.31.48:341][538]LogBlueprintUserMessages: [VRPawn_507] Hello
10-31 17:31:48.341 22129 22145 D UE4     : [2019.10.31-08.31.48:341][538]LogBlueprintUserMessages: [VRPawn_507] 9.91925
10-31 17:31:48.374   714 22485 I [CT]    : VIPER: [floorplane] Floor height has been updated to 1.10539 meters.
10-31 17:31:48.377 22129 22145 D UE4     : [2019.10.31-08.31.48:377][539]LogBlueprintUserMessages: [VRPawn_507] 40.322632
