11-07 12:16:34.362 11611 11631 I OSSDK   : TelemetryHandler: Using standalone implementation
11-07 12:16:34.362 11611 11631 I VrApi   : OVR::Stats thread started
11-07 12:16:34.366  2074  2118 W LibraryProvider: Cannot find entitlement for system
11-07 12:16:34.366  1466 27003 W OVRLibrary: null cursor received for query content://com.oculus.ocms.library/apps/system
11-07 12:16:34.367 11611 11631 I VrApi   : System brightness = 255
11-07 12:16:34.368  1803  1803 I OVRMediaService: Got package name intent (com.YourCompany.LastResisters)
11-07 12:16:34.372  2074  2216 W LibraryProvider: Cannot find entitlement for com.oculus.systemdriver
11-07 12:16:34.373 11611 12566 D VrApi   : targetSDKVersion 19
11-07 12:16:34.373  1466 27045 W OVRLibrary: null cursor received for query content://com.oculus.ocms.library/apps/com.oculus.systemdriver
11-07 12:16:34.374   716   979 I OsSdk   : will wait 60 seconds before retrying
11-07 12:16:34.376 11611 12566 I JniUtils: ovr_GetCurrentPackageSignature 
11-07 12:16:34.377 11611 12566 I Metrics : device name = Oculus Quest
11-07 12:16:34.380 11611 11631 I VrApi   : Set brightness to 255
11-07 12:16:34.382 11611 11631 I VrApi   : Set DND mode to false
11-07 12:16:34.400 11611 11631 I VrApi   : System DND mode = false
11-07 12:16:34.400 11611 11631 I VrApi   : ---------- vrapi_EnterVrMode [end] ----------
11-07 12:16:34.400 11611 11631 I InputHooks_Internal: SetLatchBackButtonEntireFrame = false
11-07 12:16:34.400 11611 11631 I InputHooks_Internal: SetBlockRemoteButtonsWhenNotEmulatingHMT = true
11-07 12:16:34.400 11611 11631 I InputHooks_Internal: SetEatNativeGamepadEvents = false
11-07 12:16:34.401 11611 11631 D OVRPlugin: Registering utility receivers.
11-07 12:16:34.401 11611 11631 I InputHooks_Internal: SetReorientHMDOnControllerRecenter = true
11-07 12:16:34.401 11611 11631 D UE4     : Registering volume receiver
11-07 12:16:34.409 11611 11631 D UE4     : startVolumeReceiver: 9
11-07 12:16:34.409 11611 11631 D UE4     : nativeVolumeEvent(9)
11-07 12:16:34.409 11611 11631 D UE4     : Registering battery receiver
11-07 12:16:34.410 11611 11631 D UE4     : Registering headset receiver
11-07 12:16:34.413 11611 11611 D UE4     : headsetReceiver::onReceive
11-07 12:16:34.413 11611 11611 D UE4     : nativeHeadsetEvent(0)
11-07 12:16:34.413 11611 11631 D UE4     : startHeadsetReceiver: 0
11-07 12:16:34.413 11611 11631 D UE4     : nativeHeadsetEvent(0)
11-07 12:16:34.413 11611 11631 D UE4     : [2019.11.07-03.16.34:413][  0]LogCore: Display: AppLifetime: Application has entered foreground
11-07 12:16:34.413 11611 11631 D UE4     : [2019.11.07-03.16.34:413][  0]LogUdpMessaging: Initializing bridge on interface 0.0.0.0:0 to multicast group 230.0.0.1:6666.
11-07 12:16:34.415 11611 11631 D UE4     : [2019.11.07-03.16.34:415][  0]LogTcpMessaging: Initializing TcpMessaging bridge, listening on 127.0.0.1:6666
11-07 12:16:34.415 11611 11631 D UE4     : [2019.11.07-03.16.34:415][  0]LogCore: Display: AppLifetime: Application has reactivated
11-07 12:16:34.416 11611 11631 D UE4     : Execution has been resumed!
11-07 12:16:34.419  2074  2095 W LibraryProvider: Cannot find entitlement for com.YourCompany.LastResisters
11-07 12:16:34.419  1803  2038 W OVRLibrary: null cursor received for query content://com.oculus.ocms.library/apps/com.YourCompany.LastResisters
11-07 12:16:34.419  1803  2038 I SDKLoggingService: Unable to find AppId for package (com.YourCompany.LastResisters)
11-07 12:16:34.421  2074  2179 W LibraryProvider: Cannot find entitlement for com.YourCompany.LastResisters
11-07 12:16:34.421  1803  1803 W OVRLibrary: null cursor received for query content://com.oculus.ocms.library/apps/com.YourCompany.LastResisters
11-07 12:16:34.428 17809 17831 I [OAR] AudioMixer: Waiting for sound effect to complete
11-07 12:16:34.435 11611 11631 D UE4     : [2019.11.07-03.16.34:435][  0]LogOcInput: OculusInput is initialized
11-07 12:16:34.437 11611 11631 D UE4     : [2019.11.07-03.16.34:437][  0]LogHMD: FSplash::OnHide
11-07 12:16:34.441 11611 12563 D UE4     : *** JavaEnvDestructor: 12563
11-07 12:16:34.441 11611 12562 D UE4     : AndroidEGL::ResetDisplay()
11-07 12:16:34.441 11611 12562 D UE4     : *** JavaEnvDestructor: 12562
11-07 12:16:34.449 11611 12576 D UE4     : *** JavaEnvDestructor: 12576
11-07 12:16:34.450 11611 12575 D UE4     : AndroidEGL::ResetDisplay()
11-07 12:16:34.450 11611 12575 D UE4     : *** JavaEnvDestructor: 12575
11-07 12:16:34.453 11611 11631 D UE4     : [2019.11.07-03.16.34:452][  0]LogHMD: Setting user focus to game viewport since session status is visible...
11-07 12:16:34.453 11611 11631 D OVRPlugin: User present: 1
11-07 12:16:34.453 11611 12577 D UE4     : [2019.11.07-03.16.34:453][  0]LogRenderer: Reallocating scene render targets to support 2432x1344 Format 10 NumSamples 1 (Frame:2).
11-07 12:16:34.456  2074  2165 W LibraryProvider: Cannot find entitlement for com.YourCompany.LastResisters
11-07 12:16:34.456  1803  1803 W OVRLibrary: null cursor received for query content://com.oculus.ocms.library/apps/com.YourCompany.LastResisters
11-07 12:16:34.456  1803  1803 I PlatformPluginManager: onAppStart com.YourCompany.LastResisters false
11-07 12:16:34.456  1803  1803 I PlatformPluginManager: onAppStart - Stopping party chat passthrough
11-07 12:16:34.457  1803  1803 I PlatformPlugin: [PlatformPluginManager] SetSystemVoipPassthrough 0
11-07 12:16:34.457  1803  1803 I OVRPlatform: [PartyChat] PartyChatSetPassthrough 0
11-07 12:16:34.457  1803 12296 I OVRPlatform: [PartyChat] Updating playback mode to 1
11-07 12:16:34.458  1803  1803 I OVRPlatform: [PartiesAPI] ovr_Party_PluginGetSharedMemHandle: This function is deprecated, do not use
11-07 12:16:34.459  1803  1803 E OVRMediaServiceManager: LivestreamingManager Not initialized
11-07 12:16:34.460  1803  1803 I PlatformPluginManager: enforcePartyChatStateConsistency - User not in a party.
11-07 12:16:34.460  1803  1803 I PlatformPluginManager: stopPartyChat
11-07 12:16:34.460  1803  1803 I PlatformPlugin: [PlatformPluginManager] Stopping party chat
11-07 12:16:34.532 17809 17831 I [OAR] AudioMixer: Waiting for sound effect to complete
11-07 12:16:34.540 11611 12577 D UE4     : [2019.11.07-03.16.34:540][  2]LogRenderer: Reallocating scene render targets to support 128x128 Format 10 NumSamples 4 (Frame:2).
11-07 12:16:34.571  2167 12356 I TimeWarp: Tear: 0.016847
11-07 12:16:34.571  2167 12356 I Vsync   : Vsync 377:  2 x 13.92 ms (71.82 Hz, at 70770.811)
11-07 12:16:34.571  2167 12356 I TimeWarp: Adjusting 377.24 > 376 to 377
11-07 12:16:34.627  1803  1803 I PlatformPluginManager: enforcePartyChatStateConsistency - User not in a party.
11-07 12:16:34.627  1803  1803 I PlatformPluginManager: stopPartyChat
11-07 12:16:34.627  1803  1803 I PlatformPlugin: [PlatformPluginManager] Stopping party chat
11-07 12:16:34.632 17809 17831 I [OAR] AudioMixer: Waiting for sound effect to complete
11-07 12:16:34.677 11611 11653 I OsSdk   : will wait 60 seconds before retrying
11-07 12:16:34.704   551 12288 V msm8974_platform: platform_get_parameters: exit: returns - snd_device_in=none
11-07 12:16:34.704   551 12288 V audio_hw_primary: adev_get_parameters: exit: returns - snd_device_in=none
11-07 12:16:34.704   551 12288 I hash_map_utils: key: 'snd_device_in' value: ''
11-07 12:16:34.704   551   609 V msm8974_platform: platform_get_parameters: exit: returns - snd_device_out=speaker
11-07 12:16:34.705   551   609 V audio_hw_primary: adev_get_parameters: exit: returns - snd_device_out=speaker
11-07 12:16:34.705   551   609 I hash_map_utils: key: 'snd_device_out' value: ''
11-07 12:16:34.724  2074  2118 W LibraryProvider: Cannot find entitlement for com.oculus.systemdriver
11-07 12:16:34.724  1466  1490 W OVRLibrary: null cursor received for query content://com.oculus.ocms.library/apps/com.oculus.systemdriver
11-07 12:16:34.727  2167  2212 I OsSdk   : will wait 60 seconds before retrying
11-07 12:16:34.732 17809 17831 I [OAR] AudioMixer: Waiting for sound effect to complete
11-07 12:16:34.750 11611 12577 D UE4     : [2019.11.07-03.16.34:750][  2]LogRenderer: Reallocating scene render targets to support 2432x1344 Format 10 NumSamples 4 (Frame:3).
11-07 12:16:34.786 11611 12577 I VrApi   : ovr_HandleHmdEvents: HMT was mounted
11-07 12:16:34.786 11611 12592 I VrRuntimeClient: FenceChecker::MainLoop - started
11-07 12:16:34.798 11611 12577 I TrackingServiceClient: setting simple haptics, but not yet connected to socket, open connection...
11-07 12:16:34.799   716  3479 I TrackingService: virtual android::binder::Status OVR::OS::Tracking::TrackingService::getTrackingSocketFileDescriptor(android::os::ParcelFileDescriptor *)
11-07 12:16:34.799   716  3479 D TrackingService: haptic socket already exists
11-07 12:16:34.807  2167 12356 I Clocks  : SetSchedFifo( tid=11631, pri=1 ) succeeded
11-07 12:16:34.808  2167 12356 I Clocks  : SetSchedFifo( tid=12577, pri=1 ) succeeded
11-07 12:16:34.809  2167 12356 I Clocks  : SetSchedFifo( tid=12592, pri=1 ) succeeded
11-07 12:16:34.810  2167 12356 I Clocks  : SetSchedFifo( tid=12276, pri=1 ) succeeded
11-07 12:16:34.824  2167  2397 I GuardianSystem: ForceShowGuardian: false, 0.00
11-07 12:16:34.827  2167 12356 I TimeWarpProgs: loaded binary layerProgram 0:0x2c027:0x0 in 1.0 ms
11-07 12:16:34.827  2167 12356 I TimeWarpProgs: loaded binary layerProgram 0:0x2c00f:0x0 in 0.5 ms
11-07 12:16:34.833 17809 17831 I [OAR] AudioMixer: Waiting for sound effect to complete
11-07 12:16:34.934 17809 17831 I [OAR] AudioMixer: Waiting for sound effect to complete
11-07 12:16:34.966 11611 12577 W InputDeviceManager: AddPairToDeviceListMapping called when index already exists in the vector index: 1,  id: 536870915
11-07 12:16:35.001  2167 12356 I TimeWarp: UpdateClockLevels: Apply pending clock request change: 4,4 -> 4,5
11-07 12:16:35.008  2167 12344 I Clocks  : ReleaseClocks - start
11-07 12:16:35.009   720 30446 D VrApiService: CPU_CLUSTER_0: No client requests exists, release clocks
11-07 12:16:35.009   720 30446 D VrApiService: CPU_CLUSTER_1: No client requests exists, release clocks
11-07 12:16:35.010   720 30446 D VrApiService: GPU: No client requests exists, release clocks
11-07 12:16:35.010   720 30446 D VrApiService: CPUBW: No client requests exists, release clocks
11-07 12:16:35.010   720 30446 D VrApiService: GPUBW: No client requests exists, release clocks
11-07 12:16:35.011 17809 12438 I VrApi   : FPS=72,Prd=45ms,Tear=0,Early=72,Stale=0,VSnc=1,Lat=1,Fov=0,CPU4/GPU=4/4,2304/670MHz,OC=FF,TA=0/3/0,SP=N/N/N,Mem=1804MHz,Free=1170MB,PSM=0,PLS=0,Temp=31.0C/0.0C,TW=3.19ms,App=0.69ms,GD=1.20ms,CPU&GPU=3.01ms,LCnt=2,GPU%=0.39,CPU%=0.10(W0.19)
11-07 12:16:35.011  2167 12344 I Clocks  : ReleaseClocks - end (3.2 ms)
11-07 12:16:35.011  2167 12344 I Clocks  : LockClocks( cpu=4, gpu=5 ) - start
11-07 12:16:35.012  2167 12344 I Clocks  : CPU levels [0, 4]
11-07 12:16:35.012  2167 12344 I Clocks  : GPU levels [0, 5]
11-07 12:16:35.012   720  1992 D VrApiService: CPU_CLUSTER_0: Client 2167 sends freq request [21, 21]
11-07 12:16:35.012   720  1992 D VrApiService: CPU_CLUSTER_0: Next Perf Level = (21, 21)
11-07 12:16:35.012   720  1992 D VrApiService: CPU_CLUSTER_1: Client 2167 sends freq request [26, 26]
11-07 12:16:35.012   720  1992 D VrApiService: CPU_CLUSTER_1: Next Perf Level = (26, 26)
11-07 12:16:35.012   720  1992 D VrApiService: CPUBW: Client 2167 sends freq request [8, 11]
11-07 12:16:35.012   720  1992 D VrApiService: CPUBW: Next Perf Level = (8, 11)
11-07 12:16:35.013   720  1992 D VrApiService: GPUBW: Client 2167 sends freq request [9, 11]
11-07 12:16:35.013   720  1992 D VrApiService: GPUBW: Next Perf Level = (9, 11)
11-07 12:16:35.013   720  1992 D VrApiService: GPU: Client 2167 sends freq request [7, 7]
11-07 12:16:35.014   720  1992 D VrApiService: GPU: Next Perf Level = (7, 7)
11-07 12:16:35.015  2167 12344 I Clocks  : LockClocks( cpu=4, gpu=5 ) - end (3.7 ms)
11-07 12:16:35.035 17809 17831 I [OAR] AudioMixer: Waiting for sound effect to complete
11-07 12:16:35.135 17809 17831 I [OAR] AudioMixer: Waiting for sound effect to complete
11-07 12:16:35.236 17809 17831 I [OAR] AudioMixer: Waiting for sound effect to complete
11-07 12:16:35.339 17809 17831 I [OAR] AudioMixer: Waiting for sound effect to complete
11-07 12:16:35.371   716 12329 I [CT]    : Viper:Map_Manager: State: TRACKING_PERSISTENT, UUID=2c5e4e74-36b3-42fc-8983-214e2852eca3, Num. Persistent maps = 5,  Persistent maps:4034f9e6-aea6-4d8b-9875-0a4dcc820184,6deead67-4213-4151-aaf8-63de2ae4c2a9,5c9cda66-709e-4775-93a8-ccba5cac6ad4,2c5e4e74-36b3-42fc-8983-214e2852eca3,fda60373-74c6-4496-b368-06c9baf27c06,, Ser. Disabled = 00000000-0000-0000-0000-000000000000
11-07 12:16:35.404   716 12329 I [CT]    : VIPER: Status=6DoF,TRACKING,KF=52,Inl=323,Pts=262,Jit=0.4mm,Issues(Cam/min=0.0,IMU/min=0.0),Exp=(5.7ms,g=6,I=99)(4.7ms,g=3,I=97)(5.7ms,g=6,I=103)(5.0ms,g=3,I=96)
11-07 12:16:35.414 11611 11633 D UE4     : Used memory: 410519
11-07 12:16:35.416 11611 12613 D UE4     : [2019.11.07-03.16.35:416][ 37]LogTcpMessaging: Started Connection to '127.0.0.1:38012'
11-07 12:16:35.416 11611 12613 D UE4     : [2019.11.07-03.16.35:416][ 37]LogTcpMessaging: Discovered node '3898F8514C991EF36CB839A9D0247F43' on connection '127.0.0.1:38012'...
11-07 12:16:35.440 17809 17831 I [OAR] AudioMixer: Waiting for sound effect to complete
11-07 12:16:35.462  2074  2216 W LibraryProvider: Cannot find entitlement for com.YourCompany.LastResisters
11-07 12:16:35.462  1803 25576 W OVRLibrary: null cursor received for query content://com.oculus.ocms.library/apps/com.YourCompany.LastResisters
11-07 12:16:35.463  1803 25576 I SDKLoggingService: Unable to find AppId for package (com.YourCompany.LastResisters)
11-07 12:16:35.511 11611 11631 D UE4     : [2019.11.07-03.16.35:511][ 42]LogNet: Browse: /Game/Game/Level/Maps/Play/Play
11-07 12:16:35.537 11611 11631 D UE4     : [2019.11.07-03.16.35:537][ 42]LogHMD: FSplash::OnShow
11-07 12:16:35.537 11611 11631 D UE4     : [2019.11.07-03.16.35:537][ 42]LogLoad: LoadMap: /Game/Game/Level/Maps/Play/Play
11-07 12:16:35.537 11611 11631 D UE4     : [2019.11.07-03.16.35:537][ 42]LogWorld: BeginTearingDown for /Game/Game/Level/Maps/Play/Play
11-07 12:16:35.539 11611 11631 D UE4     : [2019.11.07-03.16.35:539][ 42]LogWorld: UWorld::CleanupWorld for Play, bSessionEnded=true, bCleanupResources=true
11-07 12:16:35.544 17809 17831 I [OAR] AudioMixer: Waiting for sound effect to complete
11-07 12:16:35.551 11611 11680 D UE4     : [2019.11.07-03.16.35:551][ 42]LogAudioMixer: Display: No commands were queued while flushing the source manager.
11-07 12:16:35.611 11611 11631 D UE4     : [2019.11.07-03.16.35:611][ 42]LogUObjectHash: Compacting FUObjectHashTables data took   3.01ms
11-07 12:16:35.642 17809 17836 I OsSdk   : will wait 60 seconds before retrying
11-07 12:16:35.644 17809 17831 I [OAR] AudioMixer: Exiting from long playing sound
11-07 12:16:35.644 17809 17831 I [OAR] AudioEngine: Setting FadeNextBuffer
11-07 12:16:35.662 11611 11631 D UE4     : [2019.11.07-03.16.35:662][ 42]LogStreaming: Display: Flushing async loaders.
11-07 12:16:35.716 11611 11631 D UE4     : [2019.11.07-03.16.35:716][ 42]LogAIModule: Creating AISystem for world Play
11-07 12:16:35.716 11611 11631 D UE4     : [2019.11.07-03.16.35:716][ 42]LogLoad: Game class is 'GameModeBase'
11-07 12:16:35.719 11611 11631 D UE4     : [2019.11.07-03.16.35:719][ 42]LogWorld: Bringing World /Game/Game/Level/Maps/Play/Play.Play up for play (max tick rate 0) at 2019.11.07-12.16.35
11-07 12:16:35.720 11611 11631 D UE4     : [2019.11.07-03.16.35:720][ 42]LogWorld: Bringing up level for play took: 0.002326
11-07 12:16:35.720 11611 11631 D UE4     : [2019.11.07-03.16.35:720][ 42]LogOnline: OSS: Creating online subsystem instance for: GooglePlay
11-07 12:16:35.720 11611 11631 D UE4     : [2019.11.07-03.16.35:720][ 42]LogOnline: Warning: OSS: FOnlineSubsystemGooglePlayModule was disabled
11-07 12:16:35.721 11611 11631 D UE4     : [2019.11.07-03.16.35:721][ 42]LogGameMode: FindPlayerStart: PATHS NOT DEFINED or NO PLAYERSTART with positive rating
11-07 12:16:35.723 11611 11631 D UE4     : [2019.11.07-03.16.35:723][ 42]LogLoad: Took 0.185537 seconds to LoadMap(/Game/Game/Level/Maps/Play/Play)
11-07 12:16:35.723 11611 11631 D UE4     : [2019.11.07-03.16.35:723][ 42]LogHMD: FSplash::OnHide
11-07 12:16:35.741 11611 12566 I Telemetry: App memory usage: PSS=365MB
11-07 12:16:35.742 11611 12566 I VrApi   : FPS=1,Prd=0ms,Tear=0,Early=0,Stale=0,VSnc=0,Lat=1,Fov=0,CPU4/GPU=0/0,2304/710MHz,OC=FF,TA=0/0/0,SP=N/N/N,Mem=1804MHz,Free=1173MB,PSM=0,PLS=0,Temp=31.0C/0.0C,TW=0.00ms,App=2.78ms,GD=0.00ms,CPU&GPU=0.00ms,LCnt=1,GPU%=-1.00,CPU%=-1.00(W-1.00)
11-07 12:16:35.744 17809 17831 I [OAR] AudioEngine: Stopping player
11-07 12:16:35.748 17809 17831 I [OAR] ModelDef: Destroying ModelFileModel assets/questControllerLeft.gltf.ovrscene
11-07 12:16:35.748 17809 17831 I [OAR] AudioMixer: PlaySoundEffect: couldn't find clientId
11-07 12:16:35.748 17809 17831 I [OAR] ModelDef: Destroying ModelFileModel assets/questControllerRight.gltf.ovrscene
11-07 12:16:35.748 17809 17831 I [OAR] AudioMixer: PlaySoundEffect: couldn't find clientId
11-07 12:16:35.748 17809 17831 I VrApi   : ---------- vrapi_LeaveVrMode [start] ----------
11-07 12:16:35.750 17809 17831 D VrApi   : targetSDKVersion 25
11-07 12:16:35.753 17809 17831 I VrRuntimeClient: DEVICE MODEL NUMBER = Quest
11-07 12:16:35.753 17809 17831 I VrRuntimeClient: DEVICE HARDWARE = monterey
11-07 12:16:35.753 17809 17831 I VrRuntimeClient: DEVICE BUILD NAME = user-396520.6170.115
11-07 12:16:35.753 17809 17831 I VrRuntimeClient: DEVICE BUILD TYPE = user
11-07 12:16:35.753 17809 17831 I VrRuntimeClient: DEVICE OS VERSION = 7.1.1
11-07 12:16:35.753 17809 17831 I VrRuntimeClient: VRRUNTIME VERSION = VRAPI_VERSION_BEGIN { 1.1.27.0-179270206-179270206 Oct 22 2019 13:59:12 Development } RELEASE
11-07 12:16:35.753 17809 17831 I VrRuntimeClient: API LOADER VERSION = 1.1.25.0
11-07 12:16:35.753 17809 17831 I VrRuntimeClient: VRDRIVER VERSION = 10.1.0.144.427
11-07 12:16:35.753 17809 17831 I VrRuntimeClient: APP NAME = Oculus App Runtime
11-07 12:16:35.753 17809 17831 I VrRuntimeClient: APP VERSION = 10.1.0.144.427 versionCode 179270103 internalVersionName 10.1.0.144.427.9820da52c4b1 2019_10_22_13_56
11-07 12:16:35.753 17809 17831 I VrRuntimeClient: APP VR TYPE = vr_only
11-07 12:16:35.753 17809 17831 I VrRuntimeClient: APP PACKAGE NAME = com.oculus.vrshell
11-07 12:16:35.753 17809 17831 I VrRuntimeClient: APP ACTIVITY CLASS = com.oculus.vrshell.MainActivity
11-07 12:16:35.755 17809 17831 D BatteryReceiver: Unregistering battery receiver
11-07 12:16:35.757  2167  2397 I ClientMgr: ClientMgr: Flushing frame from non-current client: com.oculus.vrshell(enabled), current client: com.YourCompany.LastResisters.
11-07 12:16:35.854  1803  1955 W SDKLoggingService: Unable to update activity ms com.oculus.vrshell, not in library.
11-07 12:16:35.856 17809 12438 I VrApi   : FPS=67,Prd=45ms,Tear=0,Early=72,Stale=0,VSnc=1,Lat=1,Fov=0,CPU4/GPU=4/4,2304/710MHz,OC=FF,TA=0/3/0,SP=N/N/N,Mem=1804MHz,Free=1173MB,PSM=0,PLS=0,Temp=31.0C/0.0C,TW=3.22ms,App=2.04ms,GD=1.10ms,CPU&GPU=4.24ms,LCnt=1,GPU%=0.42,CPU%=0.17(W0.22)
11-07 12:16:35.858 17809 17831 I VrApi   : OVR::Stats thread stopped
11-07 12:16:35.858 17809 17831 I InputDeviceManager: ovrInputDeviceManager::Shutdown
11-07 12:16:35.862 17809 12433 I InputHooks_Internal: InputHooksThreadRun ShutdownRequest received
11-07 12:16:35.863 17809 17831 D InputHooksJava: Disabling Java Input Hooks
11-07 12:16:35.866  2167  2189 D VrRuntimeService: this client: 17809:com.oculus.vrshell
11-07 12:16:35.866  2167  2189 D VrRuntimeService: enableRendering: clientWindow: null enable: false
11-07 12:16:35.866  2167  2189 I ClientMgr: ClientMgr::EnableRendering 17809:com.oculus.vrshell : disable
11-07 12:16:35.867 17809 12446 I VrRuntimeClient: FenceChecker::MainLoop - ended
11-07 12:16:35.871 17809 17831 I BufferObject: ovrBufferObjectFactory::Unimport deleting GL buffer=803
11-07 12:16:35.872 17809 17831 I BufferObject: ovrBufferObjectFactory::Unimport deleting GL memory object=18
11-07 12:16:35.876 17809 17831 I TrackingServiceClient: OVR::TrackingService::ClientSetInterface
11-07 12:16:35.877 17809 17831 D TrackingServiceClient: onClientDisconnect
11-07 12:16:35.877 17809 17831 D TrackingServiceConnectionNative: onClientDisconnect
11-07 12:16:35.878   716   945 I TrackingService: Unregistering client by ITrackingService.unregisterClient
11-07 12:16:35.878   716   945 I TrackingService: TrackingServiceHost Unregistering client: pid 17809
11-07 12:16:35.878 17809 17831 D BinderConnection: Disconnecting from TrackingService service
11-07 12:16:35.878 17809 17831 D TrackingServiceConnectionNative: onDisconnected
11-07 12:16:35.878 17809 17831 D TrackingServiceClient: TrackingServiceConnection mConnectedRemotes.clear()
11-07 12:16:35.879 17809 17831 I TrackingServiceClient: OVR::TrackingService::ClientSetInterface
11-07 12:16:35.879 17809 17831 I VrApi   : ---------- vrapi_LeaveVrMode [end] ----------
11-07 12:16:35.879 17809 17831 I [OAR] ShellFrameAnalytics: ShellFrame frameFunction: 24349us/185836us, trace: 0us/3us, process commands: 80us/493us, system update: 467us/6791us, render 5739us/54779us, post render 0us/1us
11-07 12:16:35.880 17809 17831 I [OAR] ShellApp: 0xd40c9388 msg: surfaceDestroyed 0xc9857808
11-07 12:16:36.080 11611 12577 W InputDeviceManager: AddPairToDeviceListMapping called when index already exists in the vector index: 1,  id: 536870915
11-07 12:16:36.112   716 12328 I [CT]    : MANAGEMENT:CONSTELLATION: Status=GREEN,, Obj=16572054001761934198,6DOF=1,FusJit=0.006mm,Issues(Cam/min=  0,IMU/min=0), Obj=3669952633402657438,6DOF=1,FusJit=0.0mm,Issues(Cam/min=  0,IMU/min=0)
11-07 12:16:36.151 11611 12577 W InputDeviceManager: AddPairToDeviceListMapping called when index already exists in the vector index: 1,  id: 536870915
11-07 12:16:36.259  1969  2044 I OsSdk   : will wait 60 seconds before retrying
11-07 12:16:36.260  1588  1884 I OsSdk   : will wait 60 seconds before retrying
11-07 12:16:36.282  2167 12356 I GuardianRender: GuardianRender: Rendering status changed: false
11-07 12:16:36.414 11611 12577 W InputDeviceManager: AddPairToDeviceListMapping called when index already exists in the vector index: 1,  id: 536870915
11-07 12:16:36.426 11611 12566 I VrApi   : FPS=1,Prd=23ms,Tear=0,Early=2,Stale=56,VSnc=0,Lat=1,Fov=0,CPU4/GPU=4/5,2304/710MHz,OC=FF,TA=0/E0/E0,SP=N/F/F,Mem=1804MHz,Free=1168MB,PSM=0,PLS=0,Temp=31.0C/0.0C,TW=2.10ms,App=10.42ms,GD=0.43ms,CPU&GPU=7.33ms,LCnt=1,GPU%=0.70,CPU%=0.28(W0.29)
11-07 12:16:36.582 11611 12577 W InputDeviceManager: AddPairToDeviceListMapping called when index already exists in the vector index: 1,  id: 536870915
11-07 12:16:36.671  2167 12356 I TimeWarp: UpdateClockLevels: Apply pending clock request change: 4,5 -> 4,4
11-07 12:16:36.672  2167 12344 I Clocks  : ReleaseClocks - start
11-07 12:16:36.672   720   720 D VrApiService: CPU_CLUSTER_0: No client requests exists, release clocks
11-07 12:16:36.672   720   720 D VrApiService: CPU_CLUSTER_1: No client requests exists, release clocks
11-07 12:16:36.672   720   720 D VrApiService: GPU: No client requests exists, release clocks
11-07 12:16:36.673   720   720 D VrApiService: CPUBW: No client requests exists, release clocks
11-07 12:16:36.673   720   720 D VrApiService: GPUBW: No client requests exists, release clocks
11-07 12:16:36.673  2167 12344 I Clocks  : ReleaseClocks - end (1.8 ms)
11-07 12:16:36.673  2167 12344 I Clocks  : LockClocks( cpu=4, gpu=4 ) - start
11-07 12:16:36.674  2167 12344 I Clocks  : CPU levels [0, 4]
11-07 12:16:36.674  2167 12344 I Clocks  : GPU levels [0, 5]
11-07 12:16:36.675   720   824 D VrApiService: CPU_CLUSTER_0: Client 2167 sends freq request [21, 21]
11-07 12:16:36.675   720   824 D VrApiService: CPU_CLUSTER_0: Next Perf Level = (21, 21)
11-07 12:16:36.675   720   824 D VrApiService: CPU_CLUSTER_1: Client 2167 sends freq request [26, 26]
11-07 12:16:36.675   720   824 D VrApiService: CPU_CLUSTER_1: Next Perf Level = (26, 26)
11-07 12:16:36.675   720   824 D VrApiService: CPUBW: Client 2167 sends freq request [8, 11]
11-07 12:16:36.675   720   824 D VrApiService: CPUBW: Next Perf Level = (8, 11)
11-07 12:16:36.676   720   824 D VrApiService: GPUBW: Client 2167 sends freq request [9, 11]
11-07 12:16:36.676   720   824 D VrApiService: GPUBW: Next Perf Level = (9, 11)
11-07 12:16:36.676   720   824 D VrApiService: GPU: Client 2167 sends freq request [6, 6]
11-07 12:16:36.676   720   824 D VrApiService: GPU: Next Perf Level = (6, 6)
11-07 12:16:36.677  2167 12344 I Clocks  : LockClocks( cpu=4, gpu=4 ) - end (3.3 ms)
11-07 12:16:36.714   551   606 V msm8974_platform: platform_get_parameters: exit: returns - snd_device_in=none
11-07 12:16:36.714   551   606 V audio_hw_primary: adev_get_parameters: exit: returns - snd_device_in=none
11-07 12:16:36.714   551   606 I hash_map_utils: key: 'snd_device_in' value: ''
11-07 12:16:36.714   551  2910 V msm8974_platform: platform_get_parameters: exit: returns - snd_device_out=speaker
11-07 12:16:36.714   551  2910 V audio_hw_primary: adev_get_parameters: exit: returns - snd_device_out=speaker
11-07 12:16:36.714   551  2910 I hash_map_utils: key: 'snd_device_out' value: ''
11-07 12:16:36.721 11611 11631 W InputDeviceManager: AddPairToDeviceListMapping called when index already exists in the vector index: 1,  id: 536870915
11-07 12:16:36.860 11611 11631 W InputDeviceManager: AddPairToDeviceListMapping called when index already exists in the vector index: 1,  id: 536870915
11-07 12:16:37.052  2196  2221 I OsSdk   : will wait 60 seconds before retrying
11-07 12:16:37.079  1081  1246 E TaskPersister: File error accessing recents directory (directory doesn't exist?).
11-07 12:16:37.124 11611 12577 W InputDeviceManager: AddPairToDeviceListMapping called when index already exists in the vector index: 1,  id: 536870915
11-07 12:16:37.250 11611 12577 W InputDeviceManager: AddPairToDeviceListMapping called when index already exists in the vector index: 1,  id: 536870915
11-07 12:16:37.305 11611 12577 W InputDeviceManager: AddPairToDeviceListMapping called when index already exists in the vector index: 1,  id: 536870915
11-07 12:16:37.361 11611 12577 W InputDeviceManager: AddPairToDeviceListMapping called when index already exists in the vector index: 1,  id: 536870915
11-07 12:16:37.418  1737  1796 I OsSdk   : will wait 60 seconds before retrying
11-07 12:16:37.427 11611 12566 I VrApi   : FPS=59,Prd=43ms,Tear=0,Early=4,Stale=34,VSnc=1,Lat=1,Fov=0,CPU4/GPU=4/5,2304/670MHz,OC=FF,TA=0/E0/E0,SP=N/F/F,Mem=1804MHz,Free=1170MB,PSM=0,PLS=0,Temp=31.0C/0.0C,TW=1.86ms,App=15.31ms,GD=0.00ms,CPU&GPU=16.79ms,LCnt=1,GPU%=0.91,CPU%=0.27(W0.37)
11-07 12:16:37.458 11611 12577 W InputDeviceManager: AddPairToDeviceListMapping called when index already exists in the vector index: 1,  id: 536870915
11-07 12:16:37.695 11611 12577 W InputDeviceManager: AddPairToDeviceListMapping called when index already exists in the vector index: 1,  id: 536870915
11-07 12:16:38.266 11611 12577 W InputDeviceManager: AddPairToDeviceListMapping called when index already exists in the vector index: 1,  id: 536870915
11-07 12:16:38.330   716 12410 I [CT]    : VIPER: [floorplane] Floor height has been updated to 0.769398 meters.
11-07 12:16:38.370   716 12329 I [CT]    : Viper:Map_Manager: State: TRACKING_PERSISTENT, UUID=2c5e4e74-36b3-42fc-8983-214e2852eca3, Num. Persistent maps = 5,  Persistent maps:4034f9e6-aea6-4d8b-9875-0a4dcc820184,6deead67-4213-4151-aaf8-63de2ae4c2a9,5c9cda66-709e-4775-93a8-ccba5cac6ad4,2c5e4e74-36b3-42fc-8983-214e2852eca3,fda60373-74c6-4496-b368-06c9baf27c06,, Ser. Disabled = 00000000-0000-0000-0000-000000000000
11-07 12:16:38.400   716 12329 I [CT]    : VIPER: Status=6DoF,TRACKING,KF=42,Inl=277,Pts=238,Jit=0.4mm,Issues(Cam/min=0.0,IMU/min=0.0),Exp=(4.4ms,g=4,I=95)(4.0ms,g=3,I=99)(4.4ms,g=4,I=98)(4.0ms,g=3,I=99)
11-07 12:16:38.430 11611 12566 I VrApi   : FPS=60,Prd=44ms,Tear=0,Early=0,Stale=36,VSnc=1,Lat=1,Fov=0,CPU4/GPU=4/4,2304/670MHz,OC=FF,TA=0/E0/E0,SP=N/F/F,Mem=1804MHz,Free=1174MB,PSM=0,PLS=0,Temp=31.0C/0.0C,TW=1.93ms,App=15.92ms,GD=0.00ms,CPU&GPU=17.62ms,LCnt=1,GPU%=0.95,CPU%=0.28(W0.38)
11-07 12:16:38.449  2074  2215 W LibraryProvider: Cannot find entitlement for com.oculus.systemdriver
11-07 12:16:38.449  1803 20535 W OVRLibrary: null cursor received for query content://com.oculus.ocms.library/apps/com.oculus.systemdriver
11-07 12:16:38.450  1803 20535 I SDKLoggingService: Unable to find AppId for package (com.oculus.systemdriver)
11-07 12:16:38.454  2167 12356 I GuardianRender: GuardianRender: Rendering status changed: true
11-07 12:16:38.551  2167 12356 I TimeWarp: UpdateClockLevels: Apply pending clock request change: 4,4 -> 4,5
11-07 12:16:38.551  2167 12344 I Clocks  : ReleaseClocks - start
11-07 12:16:38.552   720  9639 D VrApiService: CPU_CLUSTER_0: No client requests exists, release clocks
11-07 12:16:38.553   720  9639 D VrApiService: CPU_CLUSTER_1: No client requests exists, release clocks
11-07 12:16:38.553   720  9639 D VrApiService: GPU: No client requests exists, release clocks
11-07 12:16:38.554   720  9639 D VrApiService: CPUBW: No client requests exists, release clocks
11-07 12:16:38.554   720  9639 D VrApiService: GPUBW: No client requests exists, release clocks
11-07 12:16:38.555  2167 12344 I Clocks  : ReleaseClocks - end (3.6 ms)
11-07 12:16:38.555  2167 12344 I Clocks  : LockClocks( cpu=4, gpu=5 ) - start
11-07 12:16:38.557  2167 12344 I Clocks  : CPU levels [0, 4]
11-07 12:16:38.557  2167 12344 I Clocks  : GPU levels [0, 5]
11-07 12:16:38.558   720  1992 D VrApiService: CPU_CLUSTER_0: Client 2167 sends freq request [21, 21]
11-07 12:16:38.558   720  1992 D VrApiService: CPU_CLUSTER_0: Next Perf Level = (21, 21)
11-07 12:16:38.558   720  1992 D VrApiService: CPU_CLUSTER_1: Client 2167 sends freq request [26, 26]
11-07 12:16:38.558   720  1992 D VrApiService: CPU_CLUSTER_1: Next Perf Level = (26, 26)
11-07 12:16:38.558   720  1992 D VrApiService: CPUBW: Client 2167 sends freq request [8, 11]
11-07 12:16:38.558   720  1992 D VrApiService: CPUBW: Next Perf Level = (8, 11)
11-07 12:16:38.558   720  1992 D VrApiService: GPUBW: Client 2167 sends freq request [9, 11]
11-07 12:16:38.558   720  1992 D VrApiService: GPUBW: Next Perf Level = (9, 11)
11-07 12:16:38.558   720  1992 D VrApiService: GPU: Client 2167 sends freq request [7, 7]
11-07 12:16:38.558   720  1992 D VrApiService: GPU: Next Perf Level = (7, 7)
11-07 12:16:38.559  2167 12344 I Clocks  : LockClocks( cpu=4, gpu=5 ) - end (4.5 ms)
11-07 12:16:38.600   716 12329 I [CT]    : HealthReport: ==================================================
11-07 12:16:38.600   716 12329 I [CT]    : Health Report
11-07 12:16:38.600   716 12329 I [CT]    : -------------
11-07 12:16:38.600   716 12329 I [CT]    : 
11-07 12:16:38.600   716 12329 I [CT]    : Reporter #1 (InsideOutHealthMonitor) summary:
11-07 12:16:38.600   716 12329 I [CT]    : Camera: Total Dropped: 0.000000, Total Frame Count: 277 (0.000000%), Camera Reset Count: 0
11-07 12:16:38.600   716 12329 I [CT]    : Camera: Total Single Camera Frame Dropped: 0, Total Frame Count: 277 (0.000000%)
11-07 12:16:38.600   716 12329 I [CT]    : IMU: Total Dropped: 0.000000, Total Sample Count: 9447 (0.000000%)
11-07 12:16:38.600   716 12329 I [CT]    : Magnetometer: Total Dropped: 0.000000, Total Sample Count: 284 (0.000000%)
11-07 12:16:38.600   716 12329 I [CT]    : 
11-07 12:16:38.600   716 12329 I [CT]    : Reporter #1 (InsideOutHealthMonitor) Passed
11-07 12:16:38.600   716 12329 I [CT]    : --------------------------------------------------
11-07 12:16:38.600   716 12329 I [CT]    : Reporter #2 (ConstellationHealthMonitor) summary:
11-07 12:16:38.600   716 12329 I [CT]    : Camera: Total Dropped: 0.000000, Total Frame Count: 277 (0.000000%), Camera Reset Count: 1
11-07 12:16:38.600   716 12329 I [CT]    : Camera: Total Single Camera Frame Dropped: 0, Total Frame Count: 277 (0.000000%)
11-07 12:16:38.600   716 12329 I [CT]    : Controller 16572054001761934198:
11-07 12:16:38.600   716 12329 I [CT]    : IMU: Capture period exceeded threshold.  Largest period: 2.753122 sec
11-07 12:16:38.600   716 12329 I [CT]    : Controllers may have been sleeping
11-07 12:16:38.600   716 12329 I [CT]    : IMU: Total Dropped: 0.000000, Total Sample Count: 3426.999000 (0.000000%)
11-07 12:16:38.600   716 12329 I [CT]    : Controller 3669952633402657438:
11-07 12:16:38.600   716 12329 I [CT]    : IMU: Ca
11-07 12:16:38.728   551   606 V msm8974_platform: platform_get_parameters: exit: returns - snd_device_in=none
11-07 12:16:38.728   551   606 V audio_hw_primary: adev_get_parameters: exit: returns - snd_device_in=none
11-07 12:16:38.728   551   606 I hash_map_utils: key: 'snd_device_in' value: ''
11-07 12:16:38.729   551  2910 V msm8974_platform: platform_get_parameters: exit: returns - snd_device_out=speaker
11-07 12:16:38.729   551  2910 V audio_hw_primary: adev_get_parameters: exit: returns - snd_device_out=speaker
11-07 12:16:38.729   551  2910 I hash_map_utils: key: 'snd_device_out' value: ''
11-07 12:16:38.795 11611 12577 W InputDeviceManager: AddPairToDeviceListMapping called when index already exists in the vector index: 1,  id: 536870915
11-07 12:16:39.008   716 12410 I [CT]    : VIPER: [floorplane] Floor height has been updated to 0.774095 meters.
11-07 12:16:39.111   716 12328 I [CT]    : MANAGEMENT:CONSTELLATION: Status=GREEN,, Obj=16572054001761934198,6DOF=1,FusJit=0.04mm,Issues(Cam/min=  0,IMU/min=0), Obj=3669952633402657438,6DOF=1,FusJit=0.0mm,Issues(Cam/min=  0,IMU/min=0)
11-07 12:16:39.434 11611 12566 I VrApi   : FPS=60,Prd=45ms,Tear=0,Early=0,Stale=36,VSnc=1,Lat=1,Fov=0,CPU4/GPU=4/5,2304/710MHz,OC=FF,TA=0/E0/E0,SP=N/F/F,Mem=1804MHz,Free=1172MB,PSM=0,PLS=0,Temp=31.0C/0.0C,TW=2.19ms,App=16.50ms,GD=0.53ms,CPU&GPU=21.21ms,LCnt=1,GPU%=0.93,CPU%=0.37(W0.43)
11-07 12:16:39.714 11611 11631 W InputDeviceManager: AddPairToDeviceListMapping called when index already exists in the vector index: 1,  id: 536870915
11-07 12:16:39.951 11611 11631 W InputDeviceManager: AddPairToDeviceListMapping called when index already exists in the vector index: 1,  id: 536870915
11-07 12:16:40.426 11611 12566 I VrApi   : FPS=59,Prd=45ms,Tear=0,Early=0,Stale=45,VSnc=1,Lat=1,Fov=0,CPU4/GPU=4/5,2304/710MHz,OC=FF,TA=0/E0/E0,SP=N/F/F,Mem=1804MHz,Free=1175MB,PSM=0,PLS=0,Temp=31.0C/0.0C,TW=2.53ms,App=16.87ms,GD=0.48ms,CPU&GPU=21.41ms,LCnt=1,GPU%=0.94,CPU%=0.25(W0.30)
11-07 12:16:40.633 11611 12577 W InputDeviceManager: AddPairToDeviceListMapping called when index already exists in the vector index: 1,  id: 536870915
11-07 12:16:40.744   551   606 V msm8974_platform: platform_get_parameters: exit: returns - snd_device_in=none
11-07 12:16:40.744   551   606 V audio_hw_primary: adev_get_parameters: exit: returns - snd_device_in=none
11-07 12:16:40.744   551   606 I hash_map_utils: key: 'snd_device_in' value: ''
11-07 12:16:40.745   551  2910 V msm8974_platform: platform_get_parameters: exit: returns - snd_device_out=speaker
11-07 12:16:40.745   551  2910 V audio_hw_primary: adev_get_parameters: exit: returns - snd_device_out=speaker
11-07 12:16:40.746   551  2910 I hash_map_utils: key: 'snd_device_out' value: ''
11-07 12:16:40.800 11611 12577 W InputDeviceManager: AddPairToDeviceListMapping called when index already exists in the vector index: 1,  id: 536870915
11-07 12:16:41.148 11611 12577 W InputDeviceManager: AddPairToDeviceListMapping called when index already exists in the vector index: 1,  id: 536870915
11-07 12:16:41.367   716 12329 I [CT]    : Viper:Map_Manager: State: TRACKING_PERSISTENT, UUID=2c5e4e74-36b3-42fc-8983-214e2852eca3, Num. Persistent maps = 5,  Persistent maps:4034f9e6-aea6-4d8b-9875-0a4dcc820184,6deead67-4213-4151-aaf8-63de2ae4c2a9,5c9cda66-709e-4775-93a8-ccba5cac6ad4,2c5e4e74-36b3-42fc-8983-214e2852eca3,fda60373-74c6-4496-b368-06c9baf27c06,, Ser. Disabled = 00000000-0000-0000-0000-000000000000
11-07 12:16:41.401   716 12329 I [CT]    : VIPER: Status=6DoF,TRACKING,KF=44,Inl=262,Pts=231,Jit=0.2mm,Issues(Cam/min=0.0,IMU/min=0.0),Exp=(4.9ms,g=4,I=95)(4.6ms,g=3,I=97)(4.9ms,g=4,I=97)(4.8ms,g=3,I=98)
11-07 12:16:41.425 11611 12566 I VrApi   : FPS=57,Prd=45ms,Tear=0,Early=0,Stale=44,VSnc=1,Lat=1,Fov=0,CPU4/GPU=4/5,2304/710MHz,OC=FF,TA=0/E0/E0,SP=N/F/F,Mem=1804MHz,Free=1171MB,PSM=0,PLS=0,Temp=31.0C/0.0C,TW=2.49ms,App=16.88ms,GD=0.48ms,CPU&GPU=22.55ms,LCnt=1,GPU%=0.93,CPU%=0.20(W0.32)
11-07 12:16:41.789 11611 12577 W InputDeviceManager: AddPairToDeviceListMapping called when index already exists in the vector index: 1,  id: 536870915
11-07 12:16:41.934  2167 12356 I GuardianRender: GuardianRender: Rendering status changed: false
11-07 12:16:42.067 11611 12577 W InputDeviceManager: AddPairToDeviceListMapping called when index already exists in the vector index: 1,  id: 536870915
11-07 12:16:42.107   716 12328 I [CT]    : MANAGEMENT:CONSTELLATION: Status=GREEN,, Obj=16572054001761934198,6DOF=1,FusJit=0.05mm,Issues(Cam/min=  0,IMU/min=0), Obj=3669952633402657438,6DOF=1,FusJit=0.0mm,Issues(Cam/min=  0,IMU/min=0)
11-07 12:16:42.276 11611 11631 W InputDeviceManager: AddPairToDeviceListMapping called when index already exists in the vector index: 1,  id: 536870915
11-07 12:16:42.310  2167 12356 I TimeWarp: UpdateClockLevels: Apply pending clock request change: 4,5 -> 4,4
11-07 12:16:42.311  2167 12344 I Clocks  : ReleaseClocks - start
11-07 12:16:42.311   720  1992 D VrApiService: CPU_CLUSTER_0: No client requests exists, release clocks
11-07 12:16:42.311   720  1992 D VrApiService: CPU_CLUSTER_1: No client requests exists, release clocks
11-07 12:16:42.312   720  1992 D VrApiService: GPU: No client requests exists, release clocks
11-07 12:16:42.312   720  1992 D VrApiService: CPUBW: No client requests exists, release clocks
11-07 12:16:42.312   720  1992 D VrApiService: GPUBW: No client requests exists, release clocks
11-07 12:16:42.312  2167 12344 I Clocks  : ReleaseClocks - end (1.4 ms)
11-07 12:16:42.312  2167 12344 I Clocks  : LockClocks( cpu=4, gpu=4 ) - start
11-07 12:16:42.313  2167 12344 I Clocks  : CPU levels [0, 4]
11-07 12:16:42.313  2167 12344 I Clocks  : GPU levels [0, 5]
11-07 12:16:42.313   720   720 D VrApiService: CPU_CLUSTER_0: Client 2167 sends freq request [21, 21]
11-07 12:16:42.313   720   720 D VrApiService: CPU_CLUSTER_0: Next Perf Level = (21, 21)
11-07 12:16:42.313   720   720 D VrApiService: CPU_CLUSTER_1: Client 2167 sends freq request [26, 26]
11-07 12:16:42.313   720   720 D VrApiService: CPU_CLUSTER_1: Next Perf Level = (26, 26)
11-07 12:16:42.314   720   720 D VrApiService: CPUBW: Client 2167 sends freq request [8, 11]
11-07 12:16:42.314   720   720 D VrApiService: CPUBW: Next Perf Level = (8, 11)
11-07 12:16:42.314   720   720 D VrApiService: GPUBW: Client 2167 sends freq request [9, 11]
11-07 12:16:42.314   720   720 D VrApiService: GPUBW: Next Perf Level = (9, 11)
11-07 12:16:42.314   720   720 D VrApiService: GPU: Client 2167 sends freq request [6, 6]
11-07 12:16:42.314   720   720 D VrApiService: GPU: Next Perf Level = (6, 6)
11-07 12:16:42.315  2167 12344 I Clocks  : LockClocks( cpu=4, gpu=4 ) - end (2.5 ms)
11-07 12:16:42.332 11611 12577 W InputDeviceManager: AddPairToDeviceListMapping called when index already exists in the vector index: 1,  id: 536870915
11-07 12:16:42.427 11611 12566 I VrApi   : FPS=57,Prd=45ms,Tear=0,Early=0,Stale=44,VSnc=1,Lat=1,Fov=0,CPU4/GPU=4/5,2304/670MHz,OC=FF,TA=0/E0/E0,SP=N/F/F,Mem=1804MHz,Free=1173MB,PSM=0,PLS=0,Temp=31.0C/0.0C,TW=2.51ms,App=16.76ms,GD=0.48ms,CPU&GPU=22.87ms,LCnt=1,GPU%=0.92,CPU%=0.30(W0.33)
11-07 12:16:42.555 11611 11631 W InputDeviceManager: AddPairToDeviceListMapping called when index already exists in the vector index: 1,  id: 536870915
11-07 12:16:42.652 11611 12577 W InputDeviceManager: AddPairToDeviceListMapping called when index already exists in the vector index: 1,  id: 536870915
11-07 12:16:42.758   551   606 V msm8974_platform: platform_get_parameters: exit: returns - snd_device_in=none
11-07 12:16:42.758   551   606 V audio_hw_primary: adev_get_parameters: exit: returns - snd_device_in=none
11-07 12:16:42.758   551   606 I hash_map_utils: key: 'snd_device_in' value: ''
11-07 12:16:42.758   551  2910 V msm8974_platform: platform_get_parameters: exit: returns - snd_device_out=speaker
11-07 12:16:42.758   551  2910 V audio_hw_primary: adev_get_parameters: exit: returns - snd_device_out=speaker
11-07 12:16:42.758   551  2910 I hash_map_utils: key: 'snd_device_out' value: ''
11-07 12:16:42.819 11611 12577 W InputDeviceManager: AddPairToDeviceListMapping called when index already exists in the vector index: 1,  id: 536870915
11-07 12:16:42.870   716 12410 I [CT]    : VIPER: [floorplane] Floor height has been updated to 0.772484 meters.
11-07 12:16:43.084 11611 12577 W InputDeviceManager: AddPairToDeviceListMapping called when index already exists in the vector index: 1,  id: 536870915
11-07 12:16:43.154 11611 12577 W InputDeviceManager: AddPairToDeviceListMapping called when index already exists in the vector index: 1,  id: 536870915
11-07 12:16:43.427 11611 12566 I VrApi   : FPS=57,Prd=44ms,Tear=0,Early=0,Stale=35,VSnc=1,Lat=1,Fov=0,CPU4/GPU=4/4,2304/670MHz,OC=FF,TA=0/E0/E0,SP=N/F/F,Mem=1804MHz,Free=1170MB,PSM=0,PLS=0,Temp=31.0C/0.0C,TW=1.92ms,App=14.80ms,GD=0.00ms,CPU&GPU=22.76ms,LCnt=1,GPU%=0.90,CPU%=0.28(W0.35)
11-07 12:16:43.473 11611 12577 W InputDeviceManager: AddPairToDeviceListMapping called when index already exists in the vector index: 1,  id: 536870915
11-07 12:16:43.603   716 12329 I [CT]    : HealthReport: ==================================================
11-07 12:16:43.603   716 12329 I [CT]    : Health Report
11-07 12:16:43.603   716 12329 I [CT]    : -------------
11-07 12:16:43.603   716 12329 I [CT]    : 
11-07 12:16:43.603   716 12329 I [CT]    : Reporter #1 (InsideOutHealthMonitor) summary:
11-07 12:16:43.603   716 12329 I [CT]    : Camera: Total Dropped: 0.000000, Total Frame Count: 427 (0.000000%), Camera Reset Count: 0
11-07 12:16:43.603   716 12329 I [CT]    : Camera: Total Single Camera Frame Dropped: 0, Total Frame Count: 427 (0.000000%)
11-07 12:16:43.603   716 12329 I [CT]    : IMU: Total Dropped: 0.000000, Total Sample Count: 14450 (0.000000%)
11-07 12:16:43.603   716 12329 I [CT]    : Magnetometer: Total Dropped: 0.000000, Total Sample Count: 434 (0.000000%)
11-07 12:16:43.603   716 12329 I [CT]    : 
11-07 12:16:43.603   716 12329 I [CT]    : Reporter #1 (InsideOutHealthMonitor) Passed
11-07 12:16:43.603   716 12329 I [CT]    : --------------------------------------------------
11-07 12:16:43.603   716 12329 I [CT]    : Reporter #2 (ConstellationHealthMonitor) summary:
11-07 12:16:43.603   716 12329 I [CT]    : Camera: Total Dropped: 0.000000, Total Frame Count: 428 (0.000000%), Camera Reset Count: 1
11-07 12:16:43.603   716 12329 I [CT]    : Camera: Total Single Camera Frame Dropped: 0, Total Frame Count: 428 (0.000000%)
11-07 12:16:43.603   716 12329 I [CT]    : Controller 16572054001761934198:
11-07 12:16:43.603   716 12329 I [CT]    : IMU: Capture period exceeded threshold.  Largest period: 2.753122 sec
11-07 12:16:43.603   716 12329 I [CT]    : Controllers may have been sleeping
11-07 12:16:43.603   716 12329 I [CT]    : IMU: Total Dropped: 0.000000, Total Sample Count: 5929.088000 (0.000000%)
11-07 12:16:43.603   716 12329 I [CT]    : Controller 3669952633402657438:
11-07 12:16:43.603   716 12329 I [CT]    : IMU: C
11-07 12:16:43.724 11611 12577 W InputDeviceManager: AddPairToDeviceListMapping called when index already exists in the vector index: 1,  id: 536870915
11-07 12:16:43.836 11611 12577 W InputDeviceManager: AddPairToDeviceListMapping called when index already exists in the vector index: 1,  id: 536870915
11-07 12:16:43.849 11611 11631 W InputDeviceManager: AddPairToDeviceListMapping called when index already exists in the vector index: 1,  id: 536870915
11-07 12:16:43.891 11611 11631 W InputDeviceManager: AddPairToDeviceListMapping called when index already exists in the vector index: 1,  id: 536870915
11-07 12:16:44.225 11611 12577 W InputDeviceManager: AddPairToDeviceListMapping called when index already exists in the vector index: 1,  id: 536870915
11-07 12:16:44.239 11611 11631 W InputDeviceManager: AddPairToDeviceListMapping called when index already exists in the vector index: 1,  id: 536870915
11-07 12:16:44.369   716 12329 I [CT]    : Viper:Map_Manager: State: TRACKING_PERSISTENT, UUID=2c5e4e74-36b3-42fc-8983-214e2852eca3, Num. Persistent maps = 5,  Persistent maps:4034f9e6-aea6-4d8b-9875-0a4dcc820184,6deead67-4213-4151-aaf8-63de2ae4c2a9,5c9cda66-709e-4775-93a8-ccba5cac6ad4,2c5e4e74-36b3-42fc-8983-214e2852eca3,fda60373-74c6-4496-b368-06c9baf27c06,, Ser. Disabled = 00000000-0000-0000-0000-000000000000
11-07 12:16:44.403   716 12329 I [CT]    : VIPER: Status=6DoF,TRACKING,KF=46,Inl=373,Pts=230,Jit=0.5mm,Issues(Cam/min=0.0,IMU/min=0.0),Exp=(5.2ms,g=4,I=98)(4.9ms,g=3,I=97)(5.2ms,g=4,I=94)(4.4ms,g=4,I=99)
11-07 12:16:44.427 11611 12566 I VrApi   : FPS=61,Prd=44ms,Tear=0,Early=0,Stale=36,VSnc=1,Lat=1,Fov=0,CPU4/GPU=4/4,2304/670MHz,OC=FF,TA=0/E0/E0,SP=N/F/F,Mem=1804MHz,Free=1175MB,PSM=0,PLS=0,Temp=31.0C/0.0C,TW=1.92ms,App=14.82ms,GD=0.00ms,CPU&GPU=21.07ms,LCnt=1,GPU%=0.94,CPU%=0.22(W0.26)
11-07 12:16:44.771   551   606 V msm8974_platform: platform_get_parameters: exit: returns - snd_device_in=none
11-07 12:16:44.771   551   606 V audio_hw_primary: adev_get_parameters: exit: returns - snd_device_in=none
11-07 12:16:44.771   551   606 I hash_map_utils: key: 'snd_device_in' value: ''
11-07 12:16:44.771   551  2910 V msm8974_platform: platform_get_parameters: exit: returns - snd_device_out=speaker
11-07 12:16:44.771   551  2910 V audio_hw_primary: adev_get_parameters: exit: returns - snd_device_out=speaker
11-07 12:16:44.771   551  2910 I hash_map_utils: key: 'snd_device_out' value: ''
11-07 12:16:44.870   716 12410 I [CT]    : VIPER: [floorplane] Floor height has been updated to 0.772248 meters.
11-07 12:16:44.988  2074  2119 W LibraryProvider: Cannot find entitlement for com.oculus.systemdriver
11-07 12:16:44.989  1803  1819 W OVRLibrary: null cursor received for query content://com.oculus.ocms.library/apps/com.oculus.systemdriver
11-07 12:16:44.989  1803  1819 I SDKLoggingService: Unable to find AppId for package (com.oculus.systemdriver)
11-07 12:16:44.998  2167 12356 I GuardianRender: GuardianRender: Rendering status changed: true
11-07 12:16:45.061 11611 11631 W InputDeviceManager: AddPairToDeviceListMapping called when index already exists in the vector index: 1,  id: 536870915
11-07 12:16:45.064   716 12410 I [CT]    : VIPER: [floorplane] Floor height has been updated to 0.771708 meters.
11-07 12:16:45.067  2167 12356 I TimeWarp: UpdateClockLevels: Apply pending clock request change: 4,4 -> 4,5
11-07 12:16:45.067  2167 12344 I Clocks  : ReleaseClocks - start
11-07 12:16:45.070   720   720 D VrApiService: CPU_CLUSTER_0: No client requests exists, release clocks
11-07 12:16:45.070   720   720 D VrApiService: CPU_CLUSTER_1: No client requests exists, release clocks
11-07 12:16:45.071   720   720 D VrApiService: GPU: No client requests exists, release clocks
11-07 12:16:45.071   720   720 D VrApiService: CPUBW: No client requests exists, release clocks
11-07 12:16:45.071   720   720 D VrApiService: GPUBW: No client requests exists, release clocks
11-07 12:16:45.072  2167 12344 I Clocks  : ReleaseClocks - end (4.9 ms)
11-07 12:16:45.072  2167 12344 I Clocks  : LockClocks( cpu=4, gpu=5 ) - start
11-07 12:16:45.076  2167 12344 I Clocks  : CPU levels [0, 4]
11-07 12:16:45.076  2167 12344 I Clocks  : GPU levels [0, 5]
11-07 12:16:45.076   720  1992 D VrApiService: CPU_CLUSTER_0: Client 2167 sends freq request [21, 21]
11-07 12:16:45.076   720  1992 D VrApiService: CPU_CLUSTER_0: Next Perf Level = (21, 21)
11-07 12:16:45.076   720  1992 D VrApiService: CPU_CLUSTER_1: Client 2167 sends freq request [26, 26]
11-07 12:16:45.077   720  1992 D VrApiService: CPU_CLUSTER_1: Next Perf Level = (26, 26)
11-07 12:16:45.077   720  1992 D VrApiService: CPUBW: Client 2167 sends freq request [8, 11]
11-07 12:16:45.077   720  1992 D VrApiService: CPUBW: Next Perf Level = (8, 11)
11-07 12:16:45.077   720  1992 D VrApiService: GPUBW: Client 2167 sends freq request [9, 11]
11-07 12:16:45.077   720  1992 D VrApiService: GPUBW: Next Perf Level = (9, 11)
11-07 12:16:45.078   720  1992 D VrApiService: GPU: Client 2167 sends freq request [7, 7]
11-07 12:16:45.078   720  1992 D VrApiService: GPU: Next Perf Level = (7, 7)
11-07 12:16:45.078  2167 12344 I Clocks  : LockClocks( cpu=4, gpu=5 ) - end (5.6 ms)
11-07 12:16:45.108   716 12328 I [CT]    : MANAGEMENT:CONSTELLATION: Status=GREEN,, Obj=16572054001761934198,6DOF=1,FusJit=0.009mm,Issues(Cam/min=  0,IMU/min=0), Obj=3669952633402657438,6DOF=1,FusJit=0.0mm,Issues(Cam/min=  0,IMU/min=0)
11-07 12:16:45.344   716 12410 I [CT]    : VIPER: [floorplane] Floor height has been updated to 0.774145 meters.
11-07 12:16:45.395 11611 11631 W InputDeviceManager: AddPairToDeviceListMapping called when index already exists in the vector index: 1,  id: 536870915
11-07 12:16:45.426 11611 12566 I VrApi   : FPS=60,Prd=45ms,Tear=0,Early=0,Stale=36,VSnc=1,Lat=1,Fov=0,CPU4/GPU=4/4,2304/710MHz,OC=FF,TA=0/E0/E0,SP=N/F/F,Mem=1804MHz,Free=1170MB,PSM=0,PLS=0,Temp=31.0C/0.0C,TW=1.93ms,App=17.16ms,GD=0.00ms,CPU&GPU=20.84ms,LCnt=1,GPU%=0.94,CPU%=0.29(W0.40)
11-07 12:16:45.437   716 12329 W [CT]    : VIPER: StereoEpipolarSearch: No search points in epipolar search.
11-07 12:16:45.538   716 12410 I [CT]    : VIPER: [floorplane] Floor height has been updated to 0.775422 meters.
11-07 12:16:45.726   716 12329 W [CT]    : VIPER: StereoEpipolarSearch: No search points in epipolar search.
11-07 12:16:45.759 11611 11633 D UE4     : Used memory: 407208
11-07 12:16:46.113   716 12410 I [CT]    : VIPER: [floorplane] Floor height has been updated to 0.778795 meters.
