11-01 11:37:36.614  9175  9191 D UE4     : [2019.11.01-02.37.36:614][543]LogBlueprintUserMessages: [BP_PlayerhandAnimation_C_2147482226] P=0.000000 Y=-10.776875 R=0.000000
11-01 11:37:36.641  9175  9191 D UE4     : [2019.11.01-02.37.36:641][544]LogBlueprintUserMessages: [BP_PlayerhandAnimation_C_2147482229] P=0.000000 Y=36.023579 R=0.000000
11-01 11:37:36.641  9175  9191 D UE4     : [2019.11.01-02.37.36:641][544]LogBlueprintUserMessages: [BP_PlayerhandAnimation_C_2147482226] P=0.000000 Y=-10.776691 R=0.000000
11-01 11:37:36.656  9175  9191 D UE4     : [2019.11.01-02.37.36:656][545]LogBlueprintUserMessages: [BP_PlayerhandAnimation_C_2147482229] P=0.000000 Y=36.023762 R=0.000000
11-01 11:37:36.656  9175  9191 D UE4     : [2019.11.01-02.37.36:656][545]LogBlueprintUserMessages: [BP_PlayerhandAnimation_C_2147482226] P=0.000000 Y=-10.776841 R=0.000000
11-01 11:37:36.683  9175  9191 D UE4     : [2019.11.01-02.37.36:683][546]LogBlueprintUserMessages: [BP_PlayerhandAnimation_C_2147482229] P=0.000000 Y=36.023586 R=0.000000
11-01 11:37:36.683  9175  9191 D UE4     : [2019.11.01-02.37.36:683][546]LogBlueprintUserMessages: [BP_PlayerhandAnimation_C_2147482226] P=0.000000 Y=-10.776743 R=0.000000
11-01 11:37:36.697  9175  9191 D UE4     : [2019.11.01-02.37.36:697][547]LogBlueprintUserMessages: [BP_PlayerhandAnimation_C_2147482229] P=0.000000 Y=36.023697 R=0.000000
11-01 11:37:36.697  9175  9191 D UE4     : [2019.11.01-02.37.36:697][547]LogBlueprintUserMessages: [BP_PlayerhandAnimation_C_2147482226] P=0.000000 Y=-10.776874 R=0.000000
11-01 11:37:36.723  9175  9191 W InputDeviceManager: AddPairToDeviceListMapping called when index already exists in the vector index: 1,  id: 536870915
11-01 11:37:36.725  9175  9191 D UE4     : [2019.11.01-02.37.36:725][548]LogBlueprintUserMessages: [BP_PlayerhandAnimation_C_2147482229] P=0.000000 Y=36.023674 R=0.000000
11-01 11:37:36.725  9175  9191 D UE4     : [2019.11.01-02.37.36:725][548]LogBlueprintUserMessages: [BP_PlayerhandAnimation_C_2147482226] P=0.000000 Y=-10.776845 R=0.000000
11-01 11:37:36.746   712  9319 I [CT]    : HealthReport: ==================================================
11-01 11:37:36.746   712  9319 I [CT]    : Health Report
11-01 11:37:36.746   712  9319 I [CT]    : -------------
11-01 11:37:36.746   712  9319 I [CT]    : 
11-01 11:37:36.746   712  9319 I [CT]    : Reporter #1 (InsideOutHealthMonitor) summary:
11-01 11:37:36.746   712  9319 I [CT]    : Camera: Total Dropped: 0.000000, Total Frame Count: 7490 (0.000000%), Camera Reset Count: 0
11-01 11:37:36.746   712  9319 I [CT]    : Camera: Total Single Camera Frame Dropped: 0, Total Frame Count: 7490 (0.000000%)
11-01 11:37:36.746   712  9319 I [CT]    : IMU: Total Dropped: 0.000000, Total Sample Count: 249881 (0.000000%)
11-01 11:37:36.746   712  9319 I [CT]    : Magnetometer: Total Dropped: 0.000000, Total Sample Count: 7497 (0.000000%)
11-01 11:37:36.746   712  9319 I [CT]    : 
11-01 11:37:36.746   712  9319 I [CT]    : Reporter #1 (InsideOutHealthMonitor) Passed
11-01 11:37:36.746   712  9319 I [CT]    : --------------------------------------------------
11-01 11:37:36.746   712  9319 I [CT]    : Reporter #2 (ConstellationHealthMonitor) summary:
11-01 11:37:36.746   712  9319 I [CT]    : Camera: Total Dropped: 0.000000, Total Frame Count: 7490 (0.000000%), Camera Reset Count: 1
11-01 11:37:36.746   712  9319 I [CT]    : Camera: Total Single Camera Frame Dropped: 0, Total Frame Count: 7490 (0.000000%)
11-01 11:37:36.746   712  9319 I [CT]    : Controller 3669952633402657438:
11-01 11:37:36.746   712  9319 I [CT]    : IMU: Capture period exceeded threshold.  Largest period: 0.572802 sec
11-01 11:37:36.746   712  9319 I [CT]    : Controllers may have been sleeping
11-01 11:37:36.746   712  9319 I [CT]    : IMU: Total Dropped: 0.000000, Total Sample Count: 124731.693500 (0.000000%)
11-01 11:37:36.746   712  9319 I [CT]    : Controller 16572054001761934198
11-01 11:37:36.753  9175  9191 D UE4     : [2019.11.01-02.37.36:753][549]LogBlueprintUserMessages: [BP_PlayerhandAnimation_C_2147482229] P=0.000000 Y=36.023773 R=0.000000
11-01 11:37:36.753  9175  9191 D UE4     : [2019.11.01-02.37.36:753][549]LogBlueprintUserMessages: [BP_PlayerhandAnimation_C_2147482226] P=0.000000 Y=-10.776836 R=0.000000
11-01 11:37:36.767  9175  9191 D UE4     : [2019.11.01-02.37.36:767][550]LogBlueprintUserMessages: [BP_PlayerhandAnimation_C_2147482229] P=0.000000 Y=36.023518 R=0.000000
11-01 11:37:36.767  9175  9191 D UE4     : [2019.11.01-02.37.36:767][550]LogBlueprintUserMessages: [BP_PlayerhandAnimation_C_2147482226] P=0.000000 Y=-10.776836 R=0.000000
11-01 11:37:36.794  9175  9191 D UE4     : [2019.11.01-02.37.36:794][551]LogBlueprintUserMessages: [BP_PlayerhandAnimation_C_2147482229] P=0.000000 Y=36.023560 R=0.000000
11-01 11:37:36.794  9175  9191 D UE4     : [2019.11.01-02.37.36:794][551]LogBlueprintUserMessages: [BP_PlayerhandAnimation_C_2147482226] P=0.000000 Y=-10.776841 R=0.000000
11-01 11:37:36.808  9175  9191 D UE4     : [2019.11.01-02.37.36:808][552]LogBlueprintUserMessages: [BP_PlayerhandAnimation_C_2147482229] P=0.000000 Y=36.023643 R=0.000000
11-01 11:37:36.809  9175  9191 D UE4     : [2019.11.01-02.37.36:809][552]LogBlueprintUserMessages: [BP_PlayerhandAnimation_C_2147482226] P=0.000000 Y=-10.776841 R=0.000000
11-01 11:37:36.837  9175  9191 D UE4     : [2019.11.01-02.37.36:837][553]LogBlueprintUserMessages: [BP_PlayerhandAnimation_C_2147482229] P=0.000000 Y=36.023682 R=0.000000
11-01 11:37:36.837  9175  9191 D UE4     : [2019.11.01-02.37.36:837][553]LogBlueprintUserMessages: [BP_PlayerhandAnimation_C_2147482226] P=0.000000 Y=-10.776841 R=0.000000
11-01 11:37:36.850  9175  9191 D UE4     : [2019.11.01-02.37.36:850][554]LogBlueprintUserMessages: [BP_PlayerhandAnimation_C_2147482229] P=0.000000 Y=36.023682 R=0.000000
11-01 11:37:36.850  9175  9191 D UE4     : [2019.11.01-02.37.36:850][554]LogBlueprintUserMessages: [BP_PlayerhandAnimation_C_2147482226] P=0.000000 Y=-10.776841 R=0.000000
11-01 11:37:36.877  9175  9191 D UE4     : [2019.11.01-02.37.36:877][555]LogBlueprintUserMessages: [BP_PlayerhandAnimation_C_2147482229] P=0.000000 Y=36.023682 R=0.000000
11-01 11:37:36.878  9175  9191 D UE4     : [2019.11.01-02.37.36:878][555]LogBlueprintUserMessages: [BP_PlayerhandAnimation_C_2147482226] P=0.000000 Y=-10.776841 R=0.000000
11-01 11:37:36.892  9175  9191 D UE4     : [2019.11.01-02.37.36:892][556]LogBlueprintUserMessages: [BP_PlayerhandAnimation_C_2147482229] P=0.000000 Y=36.023682 R=0.000000
11-01 11:37:36.892  9175  9191 D UE4     : [2019.11.01-02.37.36:892][556]LogBlueprintUserMessages: [BP_PlayerhandAnimation_C_2147482226] P=0.000000 Y=-10.776841 R=0.000000
11-01 11:37:36.920  9175  9191 D UE4     : [2019.11.01-02.37.36:920][557]LogBlueprintUserMessages: [BP_PlayerhandAnimation_C_2147482229] P=0.000000 Y=36.023682 R=0.000000
11-01 11:37:36.920  9175  9191 D UE4     : [2019.11.01-02.37.36:920][557]LogBlueprintUserMessages: [BP_PlayerhandAnimation_C_2147482226] P=0.000000 Y=-10.776841 R=0.000000
11-01 11:37:36.941   712  9318 W [CT]    : CONSTELLATION:MATCHING: [Camera 2] Brute matching timed out after 600/765 iterations.
11-01 11:37:36.941   712  9318 W [CT]    : CONSTELLATION:MATCHING: [Camera 0] Brute matching timed out after 0/5661 iterations.
11-01 11:37:36.946  9175  9191 W InputDeviceManager: AddPairToDeviceListMapping called when index already exists in the vector index: 1,  id: 536870915
11-01 11:37:36.949  9175  9191 D UE4     : [2019.11.01-02.37.36:949][558]LogBlueprintUserMessages: [BP_PlayerhandAnimation_C_2147482229] P=0.000000 Y=36.023682 R=0.000000
11-01 11:37:36.950  9175  9191 D UE4     : [2019.11.01-02.37.36:950][558]LogBlueprintUserMessages: [BP_PlayerhandAnimation_C_2147482226] P=0.000000 Y=-10.776841 R=0.000000
11-01 11:37:36.962  9175  9191 D UE4     : [2019.11.01-02.37.36:962][559]LogBlueprintUserMessages: [BP_PlayerhandAnimation_C_2147482229] P=0.000000 Y=36.023804 R=0.000000
11-01 11:37:36.962  9175  9191 D UE4     : [2019.11.01-02.37.36:962][559]LogBlueprintUserMessages: [BP_PlayerhandAnimation_C_2147482226] P=0.000000 Y=-10.776811 R=0.000000
11-01 11:37:36.989  9175  9191 D UE4     : [2019.11.01-02.37.36:989][560]LogBlueprintUserMessages: [BP_PlayerhandAnimation_C_2147482229] P=0.000000 Y=36.023674 R=0.000000
11-01 11:37:36.989  9175  9191 D UE4     : [2019.11.01-02.37.36:989][560]LogBlueprintUserMessages: [BP_PlayerhandAnimation_C_2147482226] P=0.000000 Y=-10.776901 R=0.000000
11-01 11:37:37.004  9175  9191 D UE4     : [2019.11.01-02.37.37:004][561]LogBlueprintUserMessages: [BP_PlayerhandAnimation_C_2147482229] P=0.000000 Y=36.023674 R=0.000000
11-01 11:37:37.004  9175  9191 D UE4     : [2019.11.01-02.37.37:004][561]LogBlueprintUserMessages: [BP_PlayerhandAnimation_C_2147482226] P=0.000000 Y=-10.776901 R=0.000000
11-01 11:37:37.031  9175  9191 D UE4     : [2019.11.01-02.37.37:031][562]LogBlueprintUserMessages: [BP_PlayerhandAnimation_C_2147482229] P=0.000000 Y=36.023552 R=0.000000
11-01 11:37:37.031  9175  9191 D UE4     : [2019.11.01-02.37.37:031][562]LogBlueprintUserMessages: [BP_PlayerhandAnimation_C_2147482226] P=0.000000 Y=-10.776901 R=0.000000
11-01 11:37:37.041   712  9318 W [CT]    : CONSTELLATION:MATCHING: [Camera 0] Brute matching timed out after 4500/4896 iterations.
11-01 11:37:37.041   712  9318 W [CT]    : CONSTELLATION:MATCHING: [Camera 3] Brute matching timed out after 0/1377 iterations.
11-01 11:37:37.046  9175  9191 D UE4     : [2019.11.01-02.37.37:046][563]LogBlueprintUserMessages: [BP_PlayerhandAnimation_C_2147482229] P=0.000000 Y=36.023613 R=0.000000
11-01 11:37:37.046  9175  9191 D UE4     : [2019.11.01-02.37.37:046][563]LogBlueprintUserMessages: [BP_PlayerhandAnimation_C_2147482226] P=0.000000 Y=-10.776842 R=0.000000
11-01 11:37:37.073  9175  9191 D UE4     : [2019.11.01-02.37.37:073][564]LogBlueprintUserMessages: [BP_PlayerhandAnimation_C_2147482229] P=0.000000 Y=36.023647 R=0.000000
11-01 11:37:37.073  9175  9191 D UE4     : [2019.11.01-02.37.37:073][564]LogBlueprintUserMessages: [BP_PlayerhandAnimation_C_2147482226] P=0.000000 Y=-10.776842 R=0.000000
11-01 11:37:37.074   712  9318 W [CT]    : CONSTELLATION:MATCHING: [Camera 3] Brute matching timed out after 1100/1530 iterations.
11-01 11:37:37.074   712  9318 W [CT]    : CONSTELLATION:MATCHING: [Camera 2] Brute matching timed out after 0/459 iterations.
11-01 11:37:37.087  9175  9191 D UE4     : [2019.11.01-02.37.37:087][565]LogBlueprintUserMessages: [BP_PlayerhandAnimation_C_2147482229] P=0.000000 Y=36.023674 R=0.000000
11-01 11:37:37.087  9175  9191 D UE4     : [2019.11.01-02.37.37:087][565]LogBlueprintUserMessages: [BP_PlayerhandAnimation_C_2147482226] P=0.000000 Y=-10.776779 R=0.000000
11-01 11:37:37.114  9175  9191 D UE4     : [2019.11.01-02.37.37:114][566]LogBlueprintUserMessages: [BP_PlayerhandAnimation_C_2147482229] P=0.000000 Y=36.023674 R=0.000000
11-01 11:37:37.114  9175  9191 D UE4     : [2019.11.01-02.37.37:114][566]LogBlueprintUserMessages: [BP_PlayerhandAnimation_C_2147482226] P=0.000000 Y=-10.776779 R=0.000000
11-01 11:37:37.129  9175  9191 D UE4     : [2019.11.01-02.37.37:129][567]LogBlueprintUserMessages: [BP_PlayerhandAnimation_C_2147482229] P=0.000000 Y=36.023674 R=0.000000
11-01 11:37:37.129  9175  9191 D UE4     : [2019.11.01-02.37.37:129][567]LogBlueprintUserMessages: [BP_PlayerhandAnimation_C_2147482226] P=0.000000 Y=-10.776874 R=0.000000
11-01 11:37:37.156  9175  9191 D UE4     : [2019.11.01-02.37.37:156][568]LogBlueprintUserMessages: [BP_PlayerhandAnimation_C_2147482229] P=0.000000 Y=36.023674 R=0.000000
11-01 11:37:37.156  9175  9191 D UE4     : [2019.11.01-02.37.37:156][568]LogBlueprintUserMessages: [BP_PlayerhandAnimation_C_2147482226] P=0.000000 Y=-10.776874 R=0.000000
11-01 11:37:37.185  9175  9191 D UE4     : [2019.11.01-02.37.37:185][569]LogBlueprintUserMessages: [BP_PlayerhandAnimation_C_2147482229] P=0.000000 Y=36.023674 R=0.000000
11-01 11:37:37.185  9175  9191 D UE4     : [2019.11.01-02.37.37:185][569]LogBlueprintUserMessages: [BP_PlayerhandAnimation_C_2147482226] P=0.000000 Y=-10.776874 R=0.000000
11-01 11:37:37.198  9175  9191 D UE4     : [2019.11.01-02.37.37:198][570]LogBlueprintUserMessages: [BP_PlayerhandAnimation_C_2147482229] P=0.000000 Y=36.023674 R=0.000000
11-01 11:37:37.199  9175  9191 D UE4     : [2019.11.01-02.37.37:198][570]LogBlueprintUserMessages: [BP_PlayerhandAnimation_C_2147482226] P=0.000000 Y=-10.776874 R=0.000000
11-01 11:37:37.226  9175  9191 D UE4     : [2019.11.01-02.37.37:226][571]LogBlueprintUserMessages: [BP_PlayerhandAnimation_C_2147482229] P=0.000000 Y=36.023674 R=0.000000
11-01 11:37:37.226  9175  9191 D UE4     : [2019.11.01-02.37.37:226][571]LogBlueprintUserMessages: [BP_PlayerhandAnimation_C_2147482226] P=0.000000 Y=-10.776874 R=0.000000
11-01 11:37:37.241  9175  9191 D UE4     : [2019.11.01-02.37.37:240][572]LogBlueprintUserMessages: [BP_PlayerhandAnimation_C_2147482229] P=0.000000 Y=36.023674 R=0.000000
11-01 11:37:37.241  9175  9191 D UE4     : [2019.11.01-02.37.37:241][572]LogBlueprintUserMessages: [BP_PlayerhandAnimation_C_2147482226] P=0.000000 Y=-10.776874 R=0.000000
11-01 11:37:37.268  9175  9191 D UE4     : [2019.11.01-02.37.37:268][573]LogBlueprintUserMessages: [BP_PlayerhandAnimation_C_2147482229] P=0.000000 Y=36.023754 R=0.000000
11-01 11:37:37.268  9175  9191 D UE4     : [2019.11.01-02.37.37:268][573]LogBlueprintUserMessages: [BP_PlayerhandAnimation_C_2147482226] P=0.000000 Y=-10.776874 R=0.000000
11-01 11:37:37.282  9175  9191 D UE4     : [2019.11.01-02.37.37:282][574]LogBlueprintUserMessages: [BP_PlayerhandAnimation_C_2147482229] P=0.000000 Y=36.023701 R=0.000000
11-01 11:37:37.282  9175  9191 D UE4     : [2019.11.01-02.37.37:282][574]LogBlueprintUserMessages: [BP_PlayerhandAnimation_C_2147482226] P=0.000000 Y=-10.776874 R=0.000000
11-01 11:37:37.310  9175  9191 D UE4     : [2019.11.01-02.37.37:310][575]LogBlueprintUserMessages: [BP_PlayerhandAnimation_C_2147482229] P=0.000000 Y=36.023739 R=0.000000
11-01 11:37:37.310  9175  9191 D UE4     : [2019.11.01-02.37.37:310][575]LogBlueprintUserMessages: [BP_PlayerhandAnimation_C_2147482226] P=0.000000 Y=-10.776874 R=0.000000
11-01 11:37:37.324  9175  9191 D UE4     : [2019.11.01-02.37.37:324][576]LogBlueprintUserMessages: [BP_PlayerhandAnimation_C_2147482229] P=0.000000 Y=36.023590 R=0.000000
11-01 11:37:37.324  9175  9191 D UE4     : [2019.11.01-02.37.37:324][576]LogBlueprintUserMessages: [BP_PlayerhandAnimation_C_2147482226] P=0.000000 Y=-10.776874 R=0.000000
11-01 11:37:37.351  9175  9191 D UE4     : [2019.11.01-02.37.37:351][577]LogBlueprintUserMessages: [BP_PlayerhandAnimation_C_2147482229] P=0.000000 Y=36.023701 R=0.000000
11-01 11:37:37.351  9175  9191 D UE4     : [2019.11.01-02.37.37:351][577]LogBlueprintUserMessages: [BP_PlayerhandAnimation_C_2147482226] P=0.000000 Y=-10.776874 R=0.000000
11-01 11:37:37.380  9175  9191 D UE4     : [2019.11.01-02.37.37:380][578]LogBlueprintUserMessages: [BP_PlayerhandAnimation_C_2147482229] P=0.000000 Y=36.023701 R=0.000000
11-01 11:37:37.380  9175  9191 D UE4     : [2019.11.01-02.37.37:380][578]LogBlueprintUserMessages: [BP_PlayerhandAnimation_C_2147482226] P=0.000000 Y=-10.776874 R=0.000000
11-01 11:37:37.393  9175  9191 D UE4     : [2019.11.01-02.37.37:393][579]LogBlueprintUserMessages: [BP_PlayerhandAnimation_C_2147482229] P=0.000000 Y=36.023453 R=0.000000
11-01 11:37:37.393  9175  9191 D UE4     : [2019.11.01-02.37.37:393][579]LogBlueprintUserMessages: [BP_PlayerhandAnimation_C_2147482226] P=0.000000 Y=-10.776834 R=0.000000
11-01 11:37:37.420  9175  9410 W InputDeviceManager: AddPairToDeviceListMapping called when index already exists in the vector index: 1,  id: 536870915
11-01 11:37:37.421  9175  9191 D UE4     : [2019.11.01-02.37.37:421][580]LogBlueprintUserMessages: [BP_PlayerhandAnimation_C_2147482229] P=0.000000 Y=36.023678 R=0.000000
11-01 11:37:37.421  9175  9191 D UE4     : [2019.11.01-02.37.37:421][580]LogBlueprintUserMessages: [BP_PlayerhandAnimation_C_2147482226] P=0.000000 Y=-10.776903 R=0.000000
11-01 11:37:37.436  9175  9191 D UE4     : [2019.11.01-02.37.37:436][581]LogBlueprintUserMessages: [BP_PlayerhandAnimation_C_2147482229] P=0.000000 Y=36.023678 R=0.000000
11-01 11:37:37.436  9175  9191 D UE4     : [2019.11.01-02.37.37:436][581]LogBlueprintUserMessages: [BP_PlayerhandAnimation_C_2147482226] P=0.000000 Y=-10.776786 R=0.000000
11-01 11:37:37.462  9175  9191 D UE4     : [2019.11.01-02.37.37:462][582]LogBlueprintUserMessages: [BP_PlayerhandAnimation_C_2147482229] P=0.000000 Y=36.023903 R=0.000000
11-01 11:37:37.463  9175  9191 D UE4     : [2019.11.01-02.37.37:463][582]LogBlueprintUserMessages: [BP_PlayerhandAnimation_C_2147482226] P=0.000000 Y=-10.776996 R=0.000000
11-01 11:37:37.477  9175  9191 D UE4     : [2019.11.01-02.37.37:477][583]LogBlueprintUserMessages: [BP_PlayerhandAnimation_C_2147482229] P=0.000000 Y=36.023674 R=0.000000
11-01 11:37:37.477  9175  9191 D UE4     : [2019.11.01-02.37.37:477][583]LogBlueprintUserMessages: [BP_PlayerhandAnimation_C_2147482226] P=0.000000 Y=-10.776786 R=0.000000
11-01 11:37:37.505  9175  9191 D UE4     : [2019.11.01-02.37.37:505][584]LogBlueprintUserMessages: [BP_PlayerhandAnimation_C_2147482229] P=0.000000 Y=36.023674 R=0.000000
11-01 11:37:37.505  9175  9191 D UE4     : [2019.11.01-02.37.37:505][584]LogBlueprintUserMessages: [BP_PlayerhandAnimation_C_2147482226] P=0.000000 Y=-10.776903 R=0.000000
11-01 11:37:37.509  9175  9247 I VrApi   : FPS=46,Prd=44ms,Tear=0,Early=0,Stale=72,VSnc=1,Lat=1,Fov=0,CPU4/GPU=4/4,2304/670MHz,OC=FF,TA=0/E0/E0,SP=N/F/F,Mem=1804MHz,Free=1546MB,PSM=0,PLS=0,Temp=33.0C/0.0C,TW=4.34ms,App=23.40ms,GD=0.00ms,CPU&GPU=27.83ms,LCnt=2,GPU%=0.94,CPU%=0.40(W0.45)
11-01 11:37:37.510   712  9318 W [CT]    : CONSTELLATION:MATCHING: [Camera 0] Brute matching timed out after 4900/5508 iterations.
11-01 11:37:37.511   712  9318 W [CT]    : CONSTELLATION:MATCHING: [Camera 0] Brute matching timed out after 0/5508 iterations.
11-01 11:37:37.519  9175  9191 D UE4     : [2019.11.01-02.37.37:519][585]LogBlueprintUserMessages: [BP_PlayerhandAnimation_C_2147482229] P=0.000000 Y=36.023670 R=0.000000
11-01 11:37:37.519  9175  9191 D UE4     : [2019.11.01-02.37.37:519][585]LogBlueprintUserMessages: [BP_PlayerhandAnimation_C_2147482226] P=0.000000 Y=-10.776903 R=0.000000
11-01 11:37:37.543   712  9318 W [CT]    : CONSTELLATION:MATCHING: [Camera 0] Brute matching timed out after 4900/5508 iterations.
11-01 11:37:37.543   712  9318 W [CT]    : CONSTELLATION:MATCHING: [Camera 2] Brute matching timed out after 0/612 iterations.
11-01 11:37:37.546  9175  9191 D UE4     : [2019.11.01-02.37.37:546][586]LogBlueprintUserMessages: [BP_PlayerhandAnimation_C_2147482229] P=0.000000 Y=36.023708 R=0.000000
11-01 11:37:37.547  9175  9191 D UE4     : [2019.11.01-02.37.37:547][586]LogBlueprintUserMessages: [BP_PlayerhandAnimation_C_2147482226] P=0.000000 Y=-10.776903 R=0.000000
11-01 11:37:37.574  9175  9191 D UE4     : [2019.11.01-02.37.37:574][587]LogBlueprintUserMessages: [BP_PlayerhandAnimation_C_2147482229] P=0.000000 Y=36.023708 R=0.000000
11-01 11:37:37.574  9175  9191 D UE4     : [2019.11.01-02.37.37:574][587]LogBlueprintUserMessages: [BP_PlayerhandAnimation_C_2147482226] P=0.000000 Y=-10.776722 R=0.000000
11-01 11:37:37.588  9175  9191 D UE4     : [2019.11.01-02.37.37:588][588]LogBlueprintUserMessages: [BP_PlayerhandAnimation_C_2147482229] P=0.000000 Y=36.023682 R=0.000000
11-01 11:37:37.588  9175  9191 D UE4     : [2019.11.01-02.37.37:588][588]LogBlueprintUserMessages: [BP_PlayerhandAnimation_C_2147482226] P=0.000000 Y=-10.776843 R=0.000000
11-01 11:37:37.616  9175  9191 D UE4     : [2019.11.01-02.37.37:616][589]LogBlueprintUserMessages: [BP_PlayerhandAnimation_C_2147482229] P=0.000000 Y=36.023708 R=0.000000
11-01 11:37:37.616  9175  9191 D UE4     : [2019.11.01-02.37.37:616][589]LogBlueprintUserMessages: [BP_PlayerhandAnimation_C_2147482226] P=0.000000 Y=-10.776841 R=0.000000
11-01 11:37:37.630  9175  9191 D UE4     : [2019.11.01-02.37.37:630][590]LogBlueprintUserMessages: [BP_PlayerhandAnimation_C_2147482229] P=0.000000 Y=36.023674 R=0.000000
11-01 11:37:37.630  9175  9191 D UE4     : [2019.11.01-02.37.37:630][590]LogBlueprintUserMessages: [BP_PlayerhandAnimation_C_2147482226] P=0.000000 Y=-10.776841 R=0.000000
11-01 11:37:37.658  9175  9191 D UE4     : [2019.11.01-02.37.37:658][591]LogBlueprintUserMessages: [BP_PlayerhandAnimation_C_2147482229] P=0.000000 Y=36.023602 R=0.000000
11-01 11:37:37.658  9175  9191 D UE4     : [2019.11.01-02.37.37:658][591]LogBlueprintUserMessages: [BP_PlayerhandAnimation_C_2147482226] P=0.000000 Y=-10.777144 R=0.000000
11-01 11:37:37.674  9175  9191 D UE4     : [2019.11.01-02.37.37:674][592]LogBlueprintUserMessages: [BP_PlayerhandAnimation_C_2147482229] P=0.000000 Y=36.023682 R=0.000000
11-01 11:37:37.674  9175  9191 D UE4     : [2019.11.01-02.37.37:674][592]LogBlueprintUserMessages: [BP_PlayerhandAnimation_C_2147482226] P=0.000000 Y=-10.776683 R=0.000000
11-01 11:37:37.700  9175  9191 D UE4     : [2019.11.01-02.37.37:700][593]LogBlueprintUserMessages: [BP_PlayerhandAnimation_C_2147482229] P=0.000000 Y=36.023682 R=0.000000
11-01 11:37:37.700  9175  9191 D UE4     : [2019.11.01-02.37.37:700][593]LogBlueprintUserMessages: [BP_PlayerhandAnimation_C_2147482226] P=0.000000 Y=-10.776934 R=0.000000
11-01 11:37:37.707   712  9318 W [CT]    : CONSTELLATION:MATCHING: [Camera 0] Brute matching timed out after 4400/5355 iterations.
11-01 11:37:37.708   712  9318 W [CT]    : CONSTELLATION:MATCHING: [Camera 3] Brute matching timed out after 0/1836 iterations.
11-01 11:37:37.718   552  7649 V msm8974_platform: platform_get_parameters: exit: returns - snd_device_in=none
11-01 11:37:37.718   552  7649 V audio_hw_primary: adev_get_parameters: exit: returns - snd_device_in=none
11-01 11:37:37.718   552  7649 I hash_map_utils: key: 'snd_device_in' value: ''
11-01 11:37:37.720   552  1211 V msm8974_platform: platform_get_parameters: exit: returns - snd_device_out=speaker
11-01 11:37:37.721   552  1211 V audio_hw_primary: adev_get_parameters: exit: returns - snd_device_out=speaker
11-01 11:37:37.721   552  1211 I hash_map_utils: key: 'snd_device_out' value: ''
11-01 11:37:37.727  9175  9191 D UE4     : [2019.11.01-02.37.37:727][594]LogBlueprintUserMessages: [BP_PlayerhandAnimation_C_2147482229] P=0.000000 Y=36.023682 R=0.000000
11-01 11:37:37.728  9175  9191 D UE4     : [2019.11.01-02.37.37:728][594]LogBlueprintUserMessages: [BP_PlayerhandAnimation_C_2147482226] P=0.000000 Y=-10.776842 R=0.000000
11-01 11:37:37.742  9175  9191 D UE4     : [2019.11.01-02.37.37:742][595]LogBlueprintUserMessages: [BP_PlayerhandAnimation_C_2147482229] P=0.000000 Y=36.023853 R=0.000000
11-01 11:37:37.742  9175  9191 D UE4     : [2019.11.01-02.37.37:742][595]LogBlueprintUserMessages: [BP_PlayerhandAnimation_C_2147482226] P=0.000000 Y=-10.776842 R=0.000000
11-01 11:37:37.768  9175  9191 W InputDeviceManager: AddPairToDeviceListMapping called when index already exists in the vector index: 1,  id: 536870915
11-01 11:37:37.772  9175  9191 D UE4     : [2019.11.01-02.37.37:772][596]LogBlueprintUserMessages: [BP_PlayerhandAnimation_C_2147482229] P=0.000000 Y=36.023682 R=0.000000
11-01 11:37:37.772  9175  9191 D UE4     : [2019.11.01-02.37.37:772][596]LogBlueprintUserMessages: [BP_PlayerhandAnimation_C_2147482226] P=0.000000 Y=-10.776935 R=0.000000
11-01 11:37:37.774   712  9318 W [CT]    : CONSTELLATION:MATCHING: [Camera 0] Brute matching timed out after 4700/5967 iterations.
11-01 11:37:37.775   712  9318 W [CT]    : CONSTELLATION:MATCHING: [Camera 0] Brute matching timed out after 0/5967 iterations.
11-01 11:37:37.784  9175  9191 D UE4     : [2019.11.01-02.37.37:784][597]LogBlueprintUserMessages: [BP_PlayerhandAnimation_C_2147482229] P=0.000000 Y=36.023682 R=0.000000
11-01 11:37:37.784  9175  9191 D UE4     : [2019.11.01-02.37.37:784][597]LogBlueprintUserMessages: [BP_PlayerhandAnimation_C_2147482226] P=0.000000 Y=-10.776815 R=0.000000
11-01 11:37:37.807   712  9318 W [CT]    : CONSTELLATION:MATCHING: [Camera 0] Brute matching timed out after 4900/5814 iterations.
11-01 11:37:37.807   712  9318 W [CT]    : CONSTELLATION:MATCHING: [Camera 2] Brute matching timed out after 0/459 iterations.
11-01 11:37:37.811  9175  9191 D UE4     : [2019.11.01-02.37.37:810][598]LogBlueprintUserMessages: [BP_PlayerhandAnimation_C_2147482229] P=0.000000 Y=36.023682 R=0.000000
11-01 11:37:37.811  9175  9191 D UE4     : [2019.11.01-02.37.37:811][598]LogBlueprintUserMessages: [BP_PlayerhandAnimation_C_2147482226] P=0.000000 Y=-10.776901 R=0.000000
11-01 11:37:37.825  9175  9191 D UE4     : [2019.11.01-02.37.37:825][599]LogBlueprintUserMessages: [BP_PlayerhandAnimation_C_2147482229] P=0.000000 Y=36.023682 R=0.000000
11-01 11:37:37.825  9175  9191 D UE4     : [2019.11.01-02.37.37:825][599]LogBlueprintUserMessages: [BP_PlayerhandAnimation_C_2147482226] P=0.000000 Y=-10.776869 R=0.000000
11-01 11:37:37.841   712  9318 W [CT]    : CONSTELLATION:MATCHING: [Camera 0] Brute matching timed out after 3600/5967 iterations.
11-01 11:37:37.841   712  9318 W [CT]    : CONSTELLATION:MATCHING: [Camera 3] Brute matching timed out after 0/2142 iterations.
11-01 11:37:37.852  9175  9191 D UE4     : [2019.11.01-02.37.37:852][600]LogBlueprintUserMessages: [BP_PlayerhandAnimation_C_2147482229] P=0.000000 Y=36.023582 R=0.000000
11-01 11:37:37.853  9175  9191 D UE4     : [2019.11.01-02.37.37:853][600]LogBlueprintUserMessages: [BP_PlayerhandAnimation_C_2147482226] P=0.000000 Y=-10.776815 R=0.000000
11-01 11:37:37.868  9175  9191 D UE4     : [2019.11.01-02.37.37:868][601]LogBlueprintUserMessages: [BP_PlayerhandAnimation_C_2147482229] P=0.000000 Y=36.023674 R=0.000000
11-01 11:37:37.868  9175  9191 D UE4     : [2019.11.01-02.37.37:868][601]LogBlueprintUserMessages: [BP_PlayerhandAnimation_C_2147482226] P=0.000000 Y=-10.776815 R=0.000000
11-01 11:37:37.872   712  9296 I [CT]    : L:Behavior:AtRest: deactivated
11-01 11:37:37.873   712  9296 I [CT]    : AdHocPatch: [Left] t = 251.159s, behavior transition: AtRest -> None at 251.206s
11-01 11:37:37.874   712  9318 W [CT]    : CONSTELLATION:MATCHING: [Camera 3] Brute matching timed out after 400/2142 iterations.
11-01 11:37:37.874   712  9318 W [CT]    : CONSTELLATION:MATCHING: [Camera 0] Brute matching timed out after 0/5049 iterations.
11-01 11:37:37.894  9175  9191 D UE4     : [2019.11.01-02.37.37:894][602]LogBlueprintUserMessages: [BP_PlayerhandAnimation_C_2147482229] P=0.000000 Y=36.023674 R=0.000000
11-01 11:37:37.895  9175  9191 D UE4     : [2019.11.01-02.37.37:895][602]LogBlueprintUserMessages: [BP_PlayerhandAnimation_C_2147482226] P=0.000000 Y=-10.777058 R=0.000000
11-01 11:37:37.907   712  9318 W [CT]    : CONSTELLATION:MATCHING: [Camera 0] Brute matching timed out after 4400/5967 iterations.
11-01 11:37:37.908   712  9318 W [CT]    : CONSTELLATION:MATCHING: [Camera 3] Brute matching timed out after 0/1989 iterations.
11-01 11:37:37.909  9175  9191 D UE4     : [2019.11.01-02.37.37:909][603]LogBlueprintUserMessages: [BP_PlayerhandAnimation_C_2147482229] P=0.000000 Y=36.023819 R=0.000000
11-01 11:37:37.909  9175  9191 D UE4     : [2019.11.01-02.37.37:909][603]LogBlueprintUserMessages: [BP_PlayerhandAnimation_C_2147482226] P=0.000000 Y=-10.776870 R=0.000000
11-01 11:37:37.937  9175  9191 D UE4     : [2019.11.01-02.37.37:937][604]LogBlueprintUserMessages: [BP_PlayerhandAnimation_C_2147482229] P=0.000000 Y=36.023643 R=0.000000
11-01 11:37:37.937  9175  9191 D UE4     : [2019.11.01-02.37.37:937][604]LogBlueprintUserMessages: [BP_PlayerhandAnimation_C_2147482226] P=0.000000 Y=-10.776870 R=0.000000
11-01 11:37:37.941   712  9318 W [CT]    : CONSTELLATION:MATCHING: [Camera 0] Brute matching timed out after 3500/5814 iterations.
11-01 11:37:37.941   712  9318 W [CT]    : CONSTELLATION:MATCHING: [Camera 2] Brute matching timed out after 0/612 iterations.
11-01 11:37:37.964  9175  9191 D UE4     : [2019.11.01-02.37.37:964][605]LogBlueprintUserMessages: [BP_PlayerhandAnimation_C_2147482229] P=0.000000 Y=36.023678 R=0.000000
11-01 11:37:37.964  9175  9191 D UE4     : [2019.11.01-02.37.37:964][605]LogBlueprintUserMessages: [BP_PlayerhandAnimation_C_2147482226] P=0.000000 Y=-10.776870 R=0.000000
11-01 11:37:37.974   712  9318 W [CT]    : CONSTELLATION:MATCHING: [Camera 0] Brute matching timed out after 3500/5814 iterations.
11-01 11:37:37.974   712  9318 W [CT]    : CONSTELLATION:MATCHING: [Camera 3] Brute matching timed out after 0/2601 iterations.
11-01 11:37:37.978  9175  9191 D UE4     : [2019.11.01-02.37.37:978][606]LogBlueprintUserMessages: [BP_PlayerhandAnimation_C_2147482229] P=0.000000 Y=36.023678 R=0.000000
11-01 11:37:37.978  9175  9191 D UE4     : [2019.11.01-02.37.37:978][606]LogBlueprintUserMessages: [BP_PlayerhandAnimation_C_2147482226] P=0.000000 Y=-10.776870 R=0.000000
11-01 11:37:37.989   712  9296 I [CT]    : L:Behavior:AtRest: activated
11-01 11:37:37.989   712  9296 I [CT]    : AdHocPatch: [Left] t = 251.275s, behavior transition: None -> AtRest at 251.322s
11-01 11:37:38.006  9175  9191 D UE4     : [2019.11.01-02.37.38:006][607]LogBlueprintUserMessages: [BP_PlayerhandAnimation_C_2147482229] P=0.000000 Y=36.023678 R=0.000000
11-01 11:37:38.006  9175  9191 D UE4     : [2019.11.01-02.37.38:006][607]LogBlueprintUserMessages: [BP_PlayerhandAnimation_C_2147482226] P=0.000000 Y=-10.776901 R=0.000000
11-01 11:37:38.020  9175  9191 D UE4     : [2019.11.01-02.37.38:020][608]LogBlueprintUserMessages: [BP_PlayerhandAnimation_C_2147482229] P=0.000000 Y=36.023678 R=0.000000
11-01 11:37:38.020  9175  9191 D UE4     : [2019.11.01-02.37.38:020][608]LogBlueprintUserMessages: [BP_PlayerhandAnimation_C_2147482226] P=0.000000 Y=-10.776870 R=0.000000
11-01 11:37:38.047  9175  9191 D UE4     : [2019.11.01-02.37.38:047][609]LogBlueprintUserMessages: [BP_PlayerhandAnimation_C_2147482229] P=0.000000 Y=36.023739 R=0.000000
11-01 11:37:38.048  9175  9191 D UE4     : [2019.11.01-02.37.38:048][609]LogBlueprintUserMessages: [BP_PlayerhandAnimation_C_2147482226] P=0.000000 Y=-10.776806 R=0.000000
11-01 11:37:38.062  9175  9191 D UE4     : [2019.11.01-02.37.38:062][610]LogBlueprintUserMessages: [BP_PlayerhandAnimation_C_2147482229] P=0.000000 Y=36.023678 R=0.000000
11-01 11:37:38.062  9175  9191 D UE4     : [2019.11.01-02.37.38:062][610]LogBlueprintUserMessages: [BP_PlayerhandAnimation_C_2147482226] P=0.000000 Y=-10.777027 R=0.000000
11-01 11:37:38.089  9175  9191 D UE4     : [2019.11.01-02.37.38:089][611]LogBlueprintUserMessages: [BP_PlayerhandAnimation_C_2147482229] P=0.000000 Y=36.023705 R=0.000000
11-01 11:37:38.090  9175  9191 D UE4     : [2019.11.01-02.37.38:090][611]LogBlueprintUserMessages: [BP_PlayerhandAnimation_C_2147482226] P=0.000000 Y=-10.776903 R=0.000000
11-01 11:37:38.106  9175  9191 D UE4     : [2019.11.01-02.37.38:106][612]LogBlueprintUserMessages: [BP_PlayerhandAnimation_C_2147482229] P=0.000000 Y=36.023777 R=0.000000
11-01 11:37:38.106  9175  9191 D UE4     : [2019.11.01-02.37.38:106][612]LogBlueprintUserMessages: [BP_PlayerhandAnimation_C_2147482226] P=0.000000 Y=-10.776903 R=0.000000
11-01 11:37:38.107   712  9318 W [CT]    : CONSTELLATION:MATCHING: [Camera 0] Brute matching timed out after 3300/6120 iterations.
11-01 11:37:38.108   712  9318 W [CT]    : CONSTELLATION:MATCHING: [Camera 1] Brute matching timed out after 0/153 iterations.
11-01 11:37:38.130  9175  9410 W InputDeviceManager: AddPairToDeviceListMapping called when index already exists in the vector index: 1,  id: 536870915
11-01 11:37:38.131  9175  9191 D UE4     : [2019.11.01-02.37.38:131][613]LogBlueprintUserMessages: [BP_PlayerhandAnimation_C_2147482229] P=0.000000 Y=36.023869 R=0.000000
11-01 11:37:38.132  9175  9191 D UE4     : [2019.11.01-02.37.38:132][613]LogBlueprintUserMessages: [BP_PlayerhandAnimation_C_2147482226] P=0.000000 Y=-10.776903 R=0.000000
11-01 11:37:38.159  9175  9191 D UE4     : [2019.11.01-02.37.38:159][614]LogBlueprintUserMessages: [BP_PlayerhandAnimation_C_2147482229] P=0.000000 Y=36.023701 R=0.000000
11-01 11:37:38.159  9175  9191 D UE4     : [2019.11.01-02.37.38:159][614]LogBlueprintUserMessages: [BP_PlayerhandAnimation_C_2147482226] P=0.000000 Y=-10.776903 R=0.000000
11-01 11:37:38.174  9175  9191 D UE4     : [2019.11.01-02.37.38:174][615]LogBlueprintUserMessages: [BP_PlayerhandAnimation_C_2147482229] P=0.000000 Y=36.023674 R=0.000000
11-01 11:37:38.174  9175  9191 D UE4     : [2019.11.01-02.37.38:174][615]LogBlueprintUserMessages: [BP_PlayerhandAnimation_C_2147482226] P=0.000000 Y=-10.776903 R=0.000000
11-01 11:37:38.205  9175  9191 D UE4     : [2019.11.01-02.37.38:204][616]LogBlueprintUserMessages: [BP_PlayerhandAnimation_C_2147482229] P=0.000000 Y=36.023773 R=0.000000
11-01 11:37:38.205  9175  9191 D UE4     : [2019.11.01-02.37.38:205][616]LogBlueprintUserMessages: [BP_PlayerhandAnimation_C_2147482226] P=0.000000 Y=-10.776864 R=0.000000
11-01 11:37:38.219  9175  9191 D UE4     : [2019.11.01-02.37.38:219][617]LogBlueprintUserMessages: [BP_PlayerhandAnimation_C_2147482229] P=0.000000 Y=36.023682 R=0.000000
11-01 11:37:38.219  9175  9191 D UE4     : [2019.11.01-02.37.38:219][617]LogBlueprintUserMessages: [BP_PlayerhandAnimation_C_2147482226] P=0.000000 Y=-10.776894 R=0.000000
11-01 11:37:38.241  9175  9191 W InputDeviceManager: AddPairToDeviceListMapping called when index already exists in the vector index: 1,  id: 536870915
11-01 11:37:38.243  9175  9191 D UE4     : [2019.11.01-02.37.38:243][618]LogBlueprintUserMessages: [BP_PlayerhandAnimation_C_2147482229] P=0.000000 Y=36.023678 R=0.000000
11-01 11:37:38.243  9175  9191 D UE4     : [2019.11.01-02.37.38:243][618]LogBlueprintUserMessages: [BP_PlayerhandAnimation_C_2147482226] P=0.000000 Y=-10.776873 R=0.000000
11-01 11:37:38.256  9175  9191 D UE4     : [2019.11.01-02.37.38:256][619]LogBlueprintUserMessages: [BP_PlayerhandAnimation_C_2147482229] P=0.000000 Y=36.023678 R=0.000000
11-01 11:37:38.257  9175  9191 D UE4     : [2019.11.01-02.37.38:257][619]LogBlueprintUserMessages: [BP_PlayerhandAnimation_C_2147482226] P=0.000000 Y=-10.776873 R=0.000000
11-01 11:37:38.284  9175  9191 D UE4     : [2019.11.01-02.37.38:284][620]LogBlueprintUserMessages: [BP_PlayerhandAnimation_C_2147482229] P=0.000000 Y=36.023678 R=0.000000
11-01 11:37:38.284  9175  9191 D UE4     : [2019.11.01-02.37.38:284][620]LogBlueprintUserMessages: [BP_PlayerhandAnimation_C_2147482226] P=0.000000 Y=-10.776842 R=0.000000
11-01 11:37:38.298  9175  9191 D UE4     : [2019.11.01-02.37.38:298][621]LogBlueprintUserMessages: [BP_PlayerhandAnimation_C_2147482229] P=0.000000 Y=36.023617 R=0.000000
11-01 11:37:38.299  9175  9191 D UE4     : [2019.11.01-02.37.38:299][621]LogBlueprintUserMessages: [BP_PlayerhandAnimation_C_2147482226] P=0.000000 Y=-10.776903 R=0.000000
11-01 11:37:38.326  9175  9191 D UE4     : [2019.11.01-02.37.38:326][622]LogBlueprintUserMessages: [BP_PlayerhandAnimation_C_2147482229] P=0.000000 Y=36.023643 R=0.000000
11-01 11:37:38.326  9175  9191 D UE4     : [2019.11.01-02.37.38:326][622]LogBlueprintUserMessages: [BP_PlayerhandAnimation_C_2147482226] P=0.000000 Y=-10.776786 R=0.000000
11-01 11:37:38.340   712  9318 W [CT]    : CONSTELLATION:MATCHING: [Camera 0] Brute matching timed out after 3200/6426 iterations.
11-01 11:37:38.341   712  9318 W [CT]    : CONSTELLATION:MATCHING: [Camera 3] Brute matching timed out after 0/3213 iterations.
11-01 11:37:38.354  9175  9191 D UE4     : [2019.11.01-02.37.38:354][623]LogBlueprintUserMessages: [BP_PlayerhandAnimation_C_2147482229] P=0.000000 Y=36.023701 R=0.000000
11-01 11:37:38.354  9175  9191 D UE4     : [2019.11.01-02.37.38:354][623]LogBlueprintUserMessages: [BP_PlayerhandAnimation_C_2147482226] P=0.000000 Y=-10.776845 R=0.000000
11-01 11:37:38.368  9175  9191 D UE4     : [2019.11.01-02.37.38:368][624]LogBlueprintUserMessages: [BP_PlayerhandAnimation_C_2147482229] P=0.000000 Y=36.023647 R=0.000000
11-01 11:37:38.369  9175  9191 D UE4     : [2019.11.01-02.37.38:369][624]LogBlueprintUserMessages: [BP_PlayerhandAnimation_C_2147482226] P=0.000000 Y=-10.776874 R=0.000000
11-01 11:37:38.395  9175  9191 D UE4     : [2019.11.01-02.37.38:395][625]LogBlueprintUserMessages: [BP_PlayerhandAnimation_C_2147482229] P=0.000000 Y=36.023643 R=0.000000
11-01 11:37:38.395  9175  9191 D UE4     : [2019.11.01-02.37.38:395][625]LogBlueprintUserMessages: [BP_PlayerhandAnimation_C_2147482226] P=0.000000 Y=-10.776841 R=0.000000
11-01 11:37:38.401  9175  9193 D UE4     : Used memory: 463817
11-01 11:37:38.410  9175  9191 D UE4     : [2019.11.01-02.37.38:410][626]LogBlueprintUserMessages: [BP_PlayerhandAnimation_C_2147482229] P=0.000000 Y=36.023682 R=0.000000
11-01 11:37:38.410  9175  9191 D UE4     : [2019.11.01-02.37.38:410][626]LogBlueprintUserMessages: [BP_PlayerhandAnimation_C_2147482226] P=0.000000 Y=-10.776841 R=0.000000
11-01 11:37:38.437  9175  9191 D UE4     : [2019.11.01-02.37.38:437][627]LogBlueprintUserMessages: [BP_PlayerhandAnimation_C_2147482229] P=0.000000 Y=36.023674 R=0.000000
11-01 11:37:38.438  9175  9191 D UE4     : [2019.11.01-02.37.38:438][627]LogBlueprintUserMessages: [BP_PlayerhandAnimation_C_2147482226] P=0.000000 Y=-10.776870 R=0.000000
11-01 11:37:38.452  9175  9191 D UE4     : [2019.11.01-02.37.38:452][628]LogBlueprintUserMessages: [BP_PlayerhandAnimation_C_2147482229] P=0.000000 Y=36.023674 R=0.000000
11-01 11:37:38.452  9175  9191 D UE4     : [2019.11.01-02.37.38:452][628]LogBlueprintUserMessages: [BP_PlayerhandAnimation_C_2147482226] P=0.000000 Y=-10.776784 R=0.000000
11-01 11:37:38.478  9175  9191 W InputDeviceManager: AddPairToDeviceListMapping called when index already exists in the vector index: 1,  id: 536870915
11-01 11:37:38.480  9175  9191 D UE4     : [2019.11.01-02.37.38:480][629]LogBlueprintUserMessages: [BP_PlayerhandAnimation_C_2147482229] P=0.000000 Y=36.023609 R=0.000000
11-01 11:37:38.480  9175  9191 D UE4     : [2019.11.01-02.37.38:480][629]LogBlueprintUserMessages: [BP_PlayerhandAnimation_C_2147482226] P=0.000000 Y=-10.776784 R=0.000000
11-01 11:37:38.493  9175  9191 D UE4     : [2019.11.01-02.37.38:493][630]LogBlueprintUserMessages: [BP_PlayerhandAnimation_C_2147482229] P=0.000000 Y=36.023682 R=0.000000
11-01 11:37:38.493  9175  9191 D UE4     : [2019.11.01-02.37.38:493][630]LogBlueprintUserMessages: [BP_PlayerhandAnimation_C_2147482226] P=0.000000 Y=-10.776903 R=0.000000
11-01 11:37:38.508  9175  9247 I VrApi   : FPS=47,Prd=44ms,Tear=0,Early=0,Stale=72,VSnc=1,Lat=1,Fov=0,CPU4/GPU=4/4,2304/670MHz,OC=FF,TA=0/E0/E0,SP=N/F/F,Mem=1804MHz,Free=1545MB,PSM=0,PLS=0,Temp=33.0C/0.0C,TW=4.36ms,App=21.35ms,GD=0.00ms,CPU&GPU=27.63ms,LCnt=2,GPU%=0.96,CPU%=0.44(W0.47)
11-01 11:37:38.521  9175  9191 D UE4     : [2019.11.01-02.37.38:521][631]LogBlueprintUserMessages: [BP_PlayerhandAnimation_C_2147482229] P=0.000000 Y=36.023739 R=0.000000
11-01 11:37:38.521  9175  9191 D UE4     : [2019.11.01-02.37.38:521][631]LogBlueprintUserMessages: [BP_PlayerhandAnimation_C_2147482226] P=0.000000 Y=-10.776903 R=0.000000
11-01 11:37:38.537  9175  9191 D UE4     : [2019.11.01-02.37.38:536][632]LogBlueprintUserMessages: [BP_PlayerhandAnimation_C_2147482229] P=0.000000 Y=36.023674 R=0.000000
11-01 11:37:38.537  9175  9191 D UE4     : [2019.11.01-02.37.38:537][632]LogBlueprintUserMessages: [BP_PlayerhandAnimation_C_2147482226] P=0.000000 Y=-10.776960 R=0.000000
11-01 11:37:38.563  9175  9191 D UE4     : [2019.11.01-02.37.38:563][633]LogBlueprintUserMessages: [BP_PlayerhandAnimation_C_2147482229] P=0.000000 Y=36.023674 R=0.000000
11-01 11:37:38.563  9175  9191 D UE4     : [2019.11.01-02.37.38:563][633]LogBlueprintUserMessages: [BP_PlayerhandAnimation_C_2147482226] P=0.000000 Y=-10.776834 R=0.000000
11-01 11:37:38.591  9175  9191 D UE4     : [2019.11.01-02.37.38:591][634]LogBlueprintUserMessages: [BP_PlayerhandAnimation_C_2147482229] P=0.000000 Y=36.023674 R=0.000000
11-01 11:37:38.591  9175  9191 D UE4     : [2019.11.01-02.37.38:591][634]LogBlueprintUserMessages: [BP_PlayerhandAnimation_C_2147482226] P=0.000000 Y=-10.776834 R=0.000000
11-01 11:37:38.605  9175  9191 D UE4     : [2019.11.01-02.37.38:605][635]LogBlueprintUserMessages: [BP_PlayerhandAnimation_C_2147482229] P=0.000000 Y=36.023674 R=0.000000
11-01 11:37:38.605  9175  9191 D UE4     : [2019.11.01-02.37.38:605][635]LogBlueprintUserMessages: [BP_PlayerhandAnimation_C_2147482226] P=0.000000 Y=-10.776903 R=0.000000
11-01 11:37:38.632  9175  9191 D UE4     : [2019.11.01-02.37.38:632][636]LogBlueprintUserMessages: [BP_PlayerhandAnimation_C_2147482229] P=0.000000 Y=36.023617 R=0.000000
11-01 11:37:38.632  9175  9191 D UE4     : [2019.11.01-02.37.38:632][636]LogBlueprintUserMessages: [BP_PlayerhandAnimation_C_2147482226] P=0.000000 Y=-10.776779 R=0.000000
11-01 11:37:38.646  9175  9191 D UE4     : [2019.11.01-02.37.38:646][637]LogBlueprintUserMessages: [BP_PlayerhandAnimation_C_2147482229] P=0.000000 Y=36.023674 R=0.000000
11-01 11:37:38.647  9175  9191 D UE4     : [2019.11.01-02.37.38:647][637]LogBlueprintUserMessages: [BP_PlayerhandAnimation_C_2147482226] P=0.000000 Y=-10.776903 R=0.000000
11-01 11:37:38.674  9175  9191 D UE4     : [2019.11.01-02.37.38:674][638]LogBlueprintUserMessages: [BP_PlayerhandAnimation_C_2147482229] P=0.000000 Y=36.023674 R=0.000000
11-01 11:37:38.674  9175  9191 D UE4     : [2019.11.01-02.37.38:674][638]LogBlueprintUserMessages: [BP_PlayerhandAnimation_C_2147482226] P=0.000000 Y=-10.776903 R=0.000000
11-01 11:37:38.688  9175  9191 D UE4     : [2019.11.01-02.37.38:688][639]LogBlueprintUserMessages: [BP_PlayerhandAnimation_C_2147482229] P=0.000000 Y=36.023674 R=0.000000
11-01 11:37:38.688  9175  9191 D UE4     : [2019.11.01-02.37.38:688][639]LogBlueprintUserMessages: [BP_PlayerhandAnimation_C_2147482226] P=0.000000 Y=-10.776903 R=0.000000
11-01 11:37:38.716  9175  9191 D UE4     : [2019.11.01-02.37.38:716][640]LogBlueprintUserMessages: [BP_PlayerhandAnimation_C_2147482229] P=0.000000 Y=36.023674 R=0.000000
11-01 11:37:38.716  9175  9191 D UE4     : [2019.11.01-02.37.38:716][640]LogBlueprintUserMessages: [BP_PlayerhandAnimation_C_2147482226] P=0.000000 Y=-10.776932 R=0.000000
11-01 11:37:38.731  9175  9191 D UE4     : [2019.11.01-02.37.38:731][641]LogBlueprintUserMessages: [BP_PlayerhandAnimation_C_2147482229] P=0.000000 Y=36.023617 R=0.000000
11-01 11:37:38.731  9175  9191 D UE4     : [2019.11.01-02.37.38:731][641]LogBlueprintUserMessages: [BP_PlayerhandAnimation_C_2147482226] P=0.000000 Y=-10.777050 R=0.000000
11-01 11:37:38.757  9175  9191 D UE4     : [2019.11.01-02.37.38:757][642]LogBlueprintUserMessages: [BP_PlayerhandAnimation_C_2147482229] P=0.000000 Y=36.023674 R=0.000000
11-01 11:37:38.758  9175  9191 D UE4     : [2019.11.01-02.37.38:758][642]LogBlueprintUserMessages: [BP_PlayerhandAnimation_C_2147482226] P=0.000000 Y=-10.776874 R=0.000000
11-01 11:37:38.785  9175  9191 D UE4     : [2019.11.01-02.37.38:785][643]LogBlueprintUserMessages: [BP_PlayerhandAnimation_C_2147482229] P=0.000000 Y=36.023674 R=0.000000
11-01 11:37:38.785  9175  9191 D UE4     : [2019.11.01-02.37.38:785][643]LogBlueprintUserMessages: [BP_PlayerhandAnimation_C_2147482226] P=0.000000 Y=-10.776874 R=0.000000
11-01 11:37:38.800  9175  9191 D UE4     : [2019.11.01-02.37.38:800][644]LogBlueprintUserMessages: [BP_PlayerhandAnimation_C_2147482229] P=0.000000 Y=36.023674 R=0.000000
11-01 11:37:38.800  9175  9191 D UE4     : [2019.11.01-02.37.38:800][644]LogBlueprintUserMessages: [BP_PlayerhandAnimation_C_2147482226] P=0.000000 Y=-10.776874 R=0.000000
11-01 11:37:38.828  9175  9191 D UE4     : [2019.11.01-02.37.38:828][645]LogBlueprintUserMessages: [BP_PlayerhandAnimation_C_2147482229] P=0.000000 Y=36.023560 R=0.000000
11-01 11:37:38.828  9175  9191 D UE4     : [2019.11.01-02.37.38:828][645]LogBlueprintUserMessages: [BP_PlayerhandAnimation_C_2147482226] P=0.000000 Y=-10.776936 R=0.000000
11-01 11:37:38.842  9175  9191 D UE4     : [2019.11.01-02.37.38:842][646]LogBlueprintUserMessages: [BP_PlayerhandAnimation_C_2147482229] P=0.000000 Y=36.023678 R=0.000000
11-01 11:37:38.842  9175  9191 D UE4     : [2019.11.01-02.37.38:842][646]LogBlueprintUserMessages: [BP_PlayerhandAnimation_C_2147482226] P=0.000000 Y=-10.776930 R=0.000000
11-01 11:37:38.856   712  9318 I [CT]    : MANAGEMENT:CONSTELLATION: Status=GREEN,, Obj=3669952633402657438,6DOF=1 (estimated),Issues(Cam/min=  0,IMU/min=0), Obj=16572054001761934198,6DOF=1,FusJit=0.0mm,Issues(Cam/min=  0,IMU/min=0)
11-01 11:37:38.870  9175  9191 D UE4     : [2019.11.01-02.37.38:870][647]LogBlueprintUserMessages: [BP_PlayerhandAnimation_C_2147482229] P=0.000000 Y=36.023678 R=0.000000
11-01 11:37:38.871  9175  9191 D UE4     : [2019.11.01-02.37.38:871][647]LogBlueprintUserMessages: [BP_PlayerhandAnimation_C_2147482226] P=0.000000 Y=-10.776864 R=0.000000
11-01 11:37:38.886  9175  9191 D UE4     : [2019.11.01-02.37.38:886][648]LogBlueprintUserMessages: [BP_PlayerhandAnimation_C_2147482229] P=0.000000 Y=36.023678 R=0.000000
11-01 11:37:38.886  9175  9191 D UE4     : [2019.11.01-02.37.38:886][648]LogBlueprintUserMessages: [BP_PlayerhandAnimation_C_2147482226] P=0.000000 Y=-10.776864 R=0.000000
11-01 11:37:38.911  9175  9191 D UE4     : [2019.11.01-02.37.38:910][649]LogBlueprintUserMessages: [BP_PlayerhandAnimation_C_2147482229] P=0.000000 Y=36.023678 R=0.000000
11-01 11:37:38.911  9175  9191 D UE4     : [2019.11.01-02.37.38:911][649]LogBlueprintUserMessages: [BP_PlayerhandAnimation_C_2147482226] P=0.000000 Y=-10.776864 R=0.000000
11-01 11:37:38.925  9175  9191 D UE4     : [2019.11.01-02.37.38:925][650]LogBlueprintUserMessages: [BP_PlayerhandAnimation_C_2147482229] P=0.000000 Y=36.023678 R=0.000000
11-01 11:37:38.925  9175  9191 D UE4     : [2019.11.01-02.37.38:925][650]LogBlueprintUserMessages: [BP_PlayerhandAnimation_C_2147482226] P=0.000000 Y=-10.776841 R=0.000000
11-01 11:37:38.951  9175  9410 W InputDeviceManager: AddPairToDeviceListMapping called when index already exists in the vector index: 1,  id: 536870915
11-01 11:37:38.953  9175  9191 D UE4     : [2019.11.01-02.37.38:953][651]LogBlueprintUserMessages: [BP_PlayerhandAnimation_C_2147482229] P=0.000000 Y=36.023678 R=0.000000
11-01 11:37:38.953  9175  9191 D UE4     : [2019.11.01-02.37.38:953][651]LogBlueprintUserMessages: [BP_PlayerhandAnimation_C_2147482226] P=0.000000 Y=-10.776864 R=0.000000
11-01 11:37:38.980  9175  9191 D UE4     : [2019.11.01-02.37.38:980][652]LogBlueprintUserMessages: [BP_PlayerhandAnimation_C_2147482229] P=0.000000 Y=36.023518 R=0.000000
11-01 11:37:38.981  9175  9191 D UE4     : [2019.11.01-02.37.38:980][652]LogBlueprintUserMessages: [BP_PlayerhandAnimation_C_2147482226] P=0.000000 Y=-10.776864 R=0.000000
11-01 11:37:38.994  9175  9191 D UE4     : [2019.11.01-02.37.38:994][653]LogBlueprintUserMessages: [BP_PlayerhandAnimation_C_2147482229] P=0.000000 Y=36.023682 R=0.000000
11-01 11:37:38.995  9175  9191 D UE4     : [2019.11.01-02.37.38:995][653]LogBlueprintUserMessages: [BP_PlayerhandAnimation_C_2147482226] P=0.000000 Y=-10.776864 R=0.000000
11-01 11:37:39.022  9175  9191 D UE4     : [2019.11.01-02.37.39:022][654]LogBlueprintUserMessages: [BP_PlayerhandAnimation_C_2147482229] P=0.000000 Y=36.023834 R=0.000000
11-01 11:37:39.022  9175  9191 D UE4     : [2019.11.01-02.37.39:022][654]LogBlueprintUserMessages: [BP_PlayerhandAnimation_C_2147482226] P=0.000000 Y=-10.776864 R=0.000000
11-01 11:37:39.037  9175  9191 D UE4     : [2019.11.01-02.37.39:037][655]LogBlueprintUserMessages: [BP_PlayerhandAnimation_C_2147482229] P=0.000000 Y=36.023739 R=0.000000
11-01 11:37:39.037  9175  9191 D UE4     : [2019.11.01-02.37.39:037][655]LogBlueprintUserMessages: [BP_PlayerhandAnimation_C_2147482226] P=0.000000 Y=-10.776864 R=0.000000
11-01 11:37:39.064  9175  9191 D UE4     : [2019.11.01-02.37.39:064][656]LogBlueprintUserMessages: [BP_PlayerhandAnimation_C_2147482229] P=0.000000 Y=36.023739 R=0.000000
11-01 11:37:39.064  9175  9191 D UE4     : [2019.11.01-02.37.39:064][656]LogBlueprintUserMessages: [BP_PlayerhandAnimation_C_2147482226] P=0.000000 Y=-10.776864 R=0.000000
11-01 11:37:39.078  9175  9191 D UE4     : [2019.11.01-02.37.39:078][657]LogBlueprintUserMessages: [BP_PlayerhandAnimation_C_2147482229] P=0.000000 Y=36.023712 R=0.000000
11-01 11:37:39.079  9175  9191 D UE4     : [2019.11.01-02.37.39:078][657]LogBlueprintUserMessages: [BP_PlayerhandAnimation_C_2147482226] P=0.000000 Y=-10.776864 R=0.000000
11-01 11:37:39.081   712  9319 I [CT]    : Viper:Map_Manager: State: TRACKING_PERSISTENT, UUID=6deead67-4213-4151-aaf8-63de2ae4c2a9, Num. Persistent maps = 5,  Persistent maps:6deead67-4213-4151-aaf8-63de2ae4c2a9,5c9cda66-709e-4775-93a8-ccba5cac6ad4,fda60373-74c6-4496-b368-06c9baf27c06,c70d8cf4-996b-451f-86b0-2643913ef8eb,bb643b67-d579-4064-a1be-6f4d6ffd2343,, Ser. Disabled = 00000000-0000-0000-0000-000000000000
11-01 11:37:39.106  9175  9191 D UE4     : [2019.11.01-02.37.39:105][658]LogBlueprintUserMessages: [BP_PlayerhandAnimation_C_2147482229] P=0.000000 Y=36.023643 R=0.000000
11-01 11:37:39.106  9175  9191 D UE4     : [2019.11.01-02.37.39:106][658]LogBlueprintUserMessages: [BP_PlayerhandAnimation_C_2147482226] P=0.000000 Y=-10.776864 R=0.000000
11-01 11:37:39.113   712  9319 I [CT]    : VIPER: Status=6DoF,TRACKING,KF=93,Inl=37,Pts=443,Jit=0.2mm,Issues(Cam/min=0.0,IMU/min=0.0),Exp=(4.8ms,g=4,I=108)(4.2ms,g=3,I=95)(4.8ms,g=4,I=90)(4.7ms,g=3,I=97)
11-01 11:37:39.120  9175  9191 D UE4     : [2019.11.01-02.37.39:120][659]LogBlueprintUserMessages: [BP_PlayerhandAnimation_C_2147482229] P=0.000000 Y=36.023823 R=0.000000
11-01 11:37:39.120  9175  9191 D UE4     : [2019.11.01-02.37.39:120][659]LogBlueprintUserMessages: [BP_PlayerhandAnimation_C_2147482226] P=0.000000 Y=-10.776871 R=0.000000
11-01 11:37:39.147  9175  9191 D UE4     : [2019.11.01-02.37.39:147][660]LogBlueprintUserMessages: [BP_PlayerhandAnimation_C_2147482229] P=0.000000 Y=36.023674 R=0.000000
11-01 11:37:39.148  9175  9191 D UE4     : [2019.11.01-02.37.39:148][660]LogBlueprintUserMessages: [BP_PlayerhandAnimation_C_2147482226] P=0.000000 Y=-10.776903 R=0.000000
11-01 11:37:39.176  9175  9191 D UE4     : [2019.11.01-02.37.39:176][661]LogBlueprintUserMessages: [BP_PlayerhandAnimation_C_2147482229] P=0.000000 Y=36.023865 R=0.000000
