10-21 11:57:11.221  1764  1764 W System.err: 	at android.os.Looper.loop(Looper.java:154)
10-21 11:57:11.221  1764  1764 W System.err: 	at android.app.ActivityThread.main(ActivityThread.java:6144)
10-21 11:57:11.221  1764  1764 W System.err: 	at java.lang.reflect.Method.invoke(Native Method)
10-21 11:57:11.221  1764  1764 W System.err: 	at com.android.internal.os.ZygoteInit$MethodAndArgsCaller.run(ZygoteInit.java:886)
10-21 11:57:11.221  1764  1764 W System.err: 	at com.android.internal.os.ZygoteInit.main(ZygoteInit.java:776)
10-21 11:57:11.222 16396 16493 I Metrics : device name = Oculus Quest
10-21 11:57:11.223  2181  2199 I VrRuntimeService: nativeCreateTextureSwapChain 65536 0 35907 2432 1344 1 3 1 0 0
10-21 11:57:11.227  2181  2199 I VrRuntimeServer: CreateTextureSwapChain: result importswapchaingles 1
10-21 11:57:11.229 16396 16467 I GL_Utils: es3 = TRUE
10-21 11:57:11.229 16396 16467 I GL_Utils: Found: GL_OES_vertex_array_object
10-21 11:57:11.230 16396 16467 I GL_Utils: Found: GL_QCOM_tiled_rendering
10-21 11:57:11.230 16396 16467 I GL_Utils: Found: GL_EXT_sRGB_write_control
10-21 11:57:11.230 16396 16467 I GL_Utils: Found: GL_EXT_disjoint_timer_query
10-21 11:57:11.231 16396 16467 I GL_Utils: Found: GL_EXT_memory_object
10-21 11:57:11.232 16396 16467 I GL_Utils: Found: GL_EXT_memory_object_fd
10-21 11:57:11.232 16396 16467 I GL_Utils: Found: GL_QCOM_texture_foveated
10-21 11:57:11.233 16396 16467 I GL_Utils: Found: GL_KHR_debug
10-21 11:57:11.233 16396 16467 I GL_Utils: Found: GL_EXT_texture_border_clamp
10-21 11:57:11.233 16396 16467 I GL_Utils: Found: GL_EXT_texture_filter_anisotropic
10-21 11:57:11.237 16396 16467 D UE4     : [2019.10.21-02.57.11:237][  0]LogHMD: Allocating Oculus 2432 x 1344 rendertarget swapchain
10-21 11:57:11.238  1918  1938 W LibraryProvider: Cannot find entitlement for com.YourCompany.LastResisters
10-21 11:57:11.239  1764  1764 W OCMSLibrary: null cursor received for query content://com.oculus.ocms.library/apps/com.YourCompany.LastResisters
10-21 11:57:11.239  1764  1764 I PlatformPluginManager: onAppStart com.YourCompany.LastResisters false
10-21 11:57:11.239  1764  1764 E PlatformPluginManager: onAppStart called before init
10-21 11:57:11.240  1918  1937 W LibraryProvider: Cannot find entitlement for com.YourCompany.LastResisters
10-21 11:57:11.240  1764  1780 W OCMSLibrary: null cursor received for query content://com.oculus.ocms.library/apps/com.YourCompany.LastResisters
10-21 11:57:11.240  1764  1780 I SDKLoggingService: Unable to find AppId for package (com.YourCompany.LastResisters)
10-21 11:57:11.240  1764  1764 E OVRMediaServiceManager: LivestreamingManager Not initialized
10-21 11:57:11.240 16396 16440 D UE4     : [2019.10.21-02.57.11:240][  0]LogHMD: FSplash::OnShow
10-21 11:57:11.241 16396 16440 D UE4     : [2019.10.21-02.57.11:241][  0]LogLoad: LoadMap: /Game/VirtualRealityBP/Maps/PlayerMoveTestMap?Name=Player
10-21 11:57:11.242 16396 16440 D UE4     : [2019.10.21-02.57.11:241][  0]LogWorld: BeginTearingDown for /Temp/Untitled_0
10-21 11:57:11.245  2181  4394 I VrRuntimeService: nativeCreateTextureSwapChain 65536 0 35907 1 1 1 1 1 0 0
10-21 11:57:11.247  2181  4394 I VrRuntimeServer: CreateTextureSwapChain: result importswapchaingles 1
10-21 11:57:11.260 16396 16467 D UE4     : [2019.10.21-02.57.11:260][  0]LogRHI: Using OpenGL program LRU cache: 0
10-21 11:57:11.267 16396 16440 D UE4     : [2019.10.21-02.57.11:267][  0]LogWorld: UWorld::CleanupWorld for Untitled, bSessionEnded=true, bCleanupResources=true
10-21 11:57:11.274  1764  2156 I UploadManager: Scheduling jobbId 2131296372 within interval (900000, 2700000)
10-21 11:57:11.275 16396 16467 W Sensor  : bad interpupillary distance: 0.059123, returning 0.068750
10-21 11:57:11.275 16396 16467 W VrApi   : Time to first swap: 1.444 seconds
10-21 11:57:11.275 16396 16494 I VrRuntimeClient: FenceChecker::MainLoop - started
10-21 11:57:11.280 16396 16489 D UE4     : [2019.10.21-02.57.11:280][  0]LogAudioMixer: Display: No commands were queued while flushing the source manager.
10-21 11:57:11.298 16396 16440 D UE4     : [2019.10.21-02.57.11:298][  0]LogUObjectHash: Compacting FUObjectHashTables data took   3.37ms
10-21 11:57:11.317 16396 16440 D UE4     : [2019.10.21-02.57.11:317][  0]LogStreaming: Error: Couldn't find file for package /Script/SteamVR requested by async loading code. NameToLoad: /Script/SteamVR
10-21 11:57:11.317 16396 16440 D UE4     : [2019.10.21-02.57.11:317][  0]LogStreaming: Error: Found 1 dependent packages...
10-21 11:57:11.317 16396 16440 D UE4     : [2019.10.21-02.57.11:317][  0]LogStreaming: Error:   /Game/VirtualRealityBP/Blueprints/BP_MotionController
10-21 11:57:11.359 16396 16440 D UE4     : [2019.10.21-02.57.11:359][  0]LogStreaming: Error: ****DumpDependencies [Dependencies]:
10-21 11:57:11.359 16396 16440 D UE4     : [2019.10.21-02.57.11:359][  0]LogStreaming: Error:     Export 251 /Game/VirtualRealityBP/Blueprints/BP_MotionController.BP_MotionController_C:SteamVRChaperone_GEN_VARIABLE
10-21 11:57:11.359 16396 16440 D UE4     : [2019.10.21-02.57.11:359][  0]LogStreaming: Error:     Linker is ../../../LastResisters/Content/VirtualRealityBP/Blueprints/BP_MotionController.uasset
10-21 11:57:11.359 16396 16440 D UE4     : [2019.10.21-02.57.11:359][  0]LogStreaming: Error:         Dep S_BEFORE_S Export     1    /Game/VirtualRealityBP/Blueprints/BP_MotionController.BP_MotionController_C     (class BlueprintGeneratedClass)
10-21 11:57:11.359 16396 16440 D UE4     : [2019.10.21-02.57.11:359][  0]LogStreaming: Error:         Dep S_BEFORE_C Import    51   /Script/SteamVR.SteamVRChaperoneComponent
10-21 11:57:11.359 16396 16440 D UE4     : [2019.10.21-02.57.11:359][  0]LogStreaming: Error:         Dep S_BEFORE_C Import   192   /Script/SteamVR.Default__SteamVRChaperoneComponent
10-21 11:57:11.360 16396 16440 D UE4     : [2019.10.21-02.57.11:360][  0]LogStreaming: Error:         Dep C_BEFORE_C Export     1    /Game/VirtualRealityBP/Blueprints/BP_MotionController.BP_MotionController_C     (class BlueprintGeneratedClass)
10-21 11:57:11.360 16396 16440 D UE4     : [2019.10.21-02.57.11:360][  0]LogStreaming: Error: Missing Dependency, request for /Script/SteamVR.SteamVRChaperoneComponent but it hasn't been created yet.
10-21 11:57:11.360 16396 16440 D UE4     : [2019.10.21-02.57.11:360][  0]LogStreaming: Error: Could not find class SteamVRChaperoneComponent to create SteamVRChaperone_GEN_VARIABLE
10-21 11:57:11.422 16396 16440 D UE4     : [2019.10.21-02.57.11:422][  0]LogModelComponent: Model /Game/VirtualRealityBP/Maps/PlayerMoveTestMap.PlayerMoveTestMap:PersistentLevel.ModelComponent_10 has elements that reference missing vertices. MaxVertex=25, NumVertices=0
10-21 11:57:11.422 16396 16440 D UE4     : [2019.10.21-02.57.11:422][  0]LogModelComponent: Model /Game/VirtualRealityBP/Maps/PlayerMoveTestMap.PlayerMoveTestMap:PersistentLevel.ModelComponent_10 has elements that reference missing vertices. MaxVertex=40, NumVertices=0
10-21 11:57:11.423 16396 16440 D UE4     : [2019.10.21-02.57.11:422][  0]LogModelComponent: Model /Game/VirtualRealityBP/Maps/PlayerMoveTestMap.PlayerMoveTestMap:PersistentLevel.ModelComponent_10 has elements that reference missing vertices. MaxVertex=45, NumVertices=0
10-21 11:57:11.423 16396 16440 D UE4     : [2019.10.21-02.57.11:423][  0]LogModelComponent: Model /Game/VirtualRealityBP/Maps/PlayerMoveTestMap.PlayerMoveTestMap:PersistentLevel.ModelComponent_10 has elements that reference missing vertices. MaxVertex=54, NumVertices=0
10-21 11:57:11.423 16396 16440 D UE4     : [2019.10.21-02.57.11:423][  0]LogModelComponent: Model /Game/VirtualRealityBP/Maps/PlayerMoveTestMap.PlayerMoveTestMap:PersistentLevel.ModelComponent_10 has elements that reference missing vertices. MaxVertex=54, NumVertices=0
10-21 11:57:11.423 16396 16440 D UE4     : [2019.10.21-02.57.11:423][  0]LogModelComponent: Model /Game/VirtualRealityBP/Maps/PlayerMoveTestMap.PlayerMoveTestMap:PersistentLevel.ModelComponent_10 has elements that reference missing vertices. MaxVertex=146, NumVertices=0
10-21 11:57:11.423 16396 16440 D UE4     : [2019.10.21-02.57.11:423][  0]LogModelComponent: Model /Game/VirtualRealityBP/Maps/PlayerMoveTestMap.PlayerMoveTestMap:PersistentLevel.ModelComponent_10 has elements that reference missing vertices. MaxVertex=158, NumVertices=0
10-21 11:57:11.423 16396 16440 D UE4     : [2019.10.21-02.57.11:423][  0]LogModelComponent: Model /Game/VirtualRealityBP/Maps/PlayerMoveTestMap.PlayerMoveTestMap:PersistentLevel.ModelComponent_10 has elements that reference missing vertices. MaxVertex=158, NumVertices=0
10-21 11:57:11.423 16396 16440 D UE4     : [2019.10.21-02.57.11:423][  0]LogModelComponent: Model /Game/VirtualRealityBP/Maps/PlayerMoveTestMap.PlayerMoveTestMap:PersistentLevel.ModelComponent_10 has elements that reference missing vertices. MaxVertex=158, NumVertices=0
10-21 11:57:11.423 16396 16440 D UE4     : [2019.10.21-02.57.11:423][  0]LogModelComponent: Model /Game/VirtualRealityBP/Maps/PlayerMoveTestMap.PlayerMoveTestMap:PersistentLevel.ModelComponent_10 has elements that reference missing vertices. MaxVertex=158, NumVertices=0
10-21 11:57:11.423 16396 16440 D UE4     : [2019.10.21-02.57.11:423][  0]LogModelComponent: Model /Game/VirtualRealityBP/Maps/PlayerMoveTestMap.PlayerMoveTestMap:PersistentLevel.ModelComponent_10 has elements that reference missing vertices. MaxVertex=158, NumVertices=0
10-21 11:57:11.423 16396 16440 D UE4     : [2019.10.21-02.57.11:423][  0]LogModelComponent: Model /Game/VirtualRealityBP/Maps/PlayerMoveTestMap.PlayerMoveTestMap:PersistentLevel.ModelComponent_10 has elements that reference missing vertices. MaxVertex=193, NumVertices=0
10-21 11:57:11.423 16396 16440 D UE4     : [2019.10.21-02.57.11:423][  0]LogModelComponent: Model /Game/VirtualRealityBP/Maps/PlayerMoveTestMap.PlayerMoveTestMap:PersistentLevel.ModelComponent_11 has elements that reference missing vertices. MaxVertex=221, NumVertices=0
10-21 11:57:11.423 16396 16440 D UE4     : [2019.10.21-02.57.11:423][  0]LogModelComponent: Model /Game/VirtualRealityBP/Maps/PlayerMoveTestMap.PlayerMoveTestMap:PersistentLevel.ModelComponent_11 has elements that reference missing vertices. MaxVertex=221, NumVertices=0
10-21 11:57:11.423 16396 16440 D UE4     : [2019.10.21-02.57.11:423][  0]LogModelComponent: Model /Game/VirtualRealityBP/Maps/PlayerMoveTestMap.PlayerMoveTestMap:PersistentLevel.ModelComponent_11 has elements that reference missing vertices. MaxVertex=353, NumVertices=0
10-21 11:57:11.424 16396 16440 D UE4     : [2019.10.21-02.57.11:424][  0]LogModelComponent: Model /Game/VirtualRealityBP/Maps/PlayerMoveTestMap.PlayerMoveTestMap:PersistentLevel.ModelComponent_11 has elements that reference missing vertices. MaxVertex=353, NumVertices=0
10-21 11:57:11.424 16396 16440 D UE4     : [2019.10.21-02.57.11:424][  0]LogModelComponent: Model /Game/VirtualRealityBP/Maps/PlayerMoveTestMap.PlayerMoveTestMap:PersistentLevel.ModelComponent_11 has elements that reference missing vertices. MaxVertex=353, NumVertices=0
10-21 11:57:11.424 16396 16440 D UE4     : [2019.10.21-02.57.11:424][  0]LogModelComponent: Model /Game/VirtualRealityBP/Maps/PlayerMoveTestMap.PlayerMoveTestMap:PersistentLevel.ModelComponent_11 has elements that reference missing vertices. MaxVertex=353, NumVertices=0
10-21 11:57:11.424 16396 16440 D UE4     : [2019.10.21-02.57.11:424][  0]LogModelComponent: Model /Game/VirtualRealityBP/Maps/PlayerMoveTestMap.PlayerMoveTestMap:PersistentLevel.ModelComponent_11 has elements that reference missing vertices. MaxVertex=353, NumVertices=0
10-21 11:57:11.424 16396 16440 D UE4     : [2019.10.21-02.57.11:424][  0]LogModelComponent: Model /Game/VirtualRealityBP/Maps/PlayerMoveTestMap.PlayerMoveTestMap:PersistentLevel.ModelComponent_11 has elements that reference missing vertices. MaxVertex=289, NumVertices=0
10-21 11:57:11.424 16396 16440 D UE4     : [2019.10.21-02.57.11:424][  0]LogModelComponent: Model /Game/VirtualRealityBP/Maps/PlayerMoveTestMap.PlayerMoveTestMap:PersistentLevel.ModelComponent_11 has elements that reference missing vertices. MaxVertex=289, NumVertices=0
10-21 11:57:11.424 16396 16440 D UE4     : [2019.10.21-02.57.11:424][  0]LogModelComponent: Model /Game/VirtualRealityBP/Maps/PlayerMoveTestMap.PlayerMoveTestMap:PersistentLevel.ModelComponent_11 has elements that reference missing vertices. MaxVertex=289, NumVertices=0
10-21 11:57:11.424 16396 16440 D UE4     : [2019.10.21-02.57.11:424][  0]LogModelComponent: Model /Game/VirtualRealityBP/Maps/PlayerMoveTestMap.PlayerMoveTestMap:PersistentLevel.ModelComponent_11 has elements that reference missing vertices. MaxVertex=301, NumVertices=0
10-21 11:57:11.424 16396 16440 D UE4     : [2019.10.21-02.57.11:424][  0]LogModelComponent: Model /Game/VirtualRealityBP/Maps/PlayerMoveTestMap.PlayerMoveTestMap:PersistentLevel.ModelComponent_11 has elements that reference missing vertices. MaxVertex=361, NumVertices=0
10-21 11:57:11.424 16396 16440 D UE4     : [2019.10.21-02.57.11:424][  0]LogModelComponent: Model /Game/VirtualRealityBP/Maps/PlayerMoveTestMap.PlayerMoveTestMap:PersistentLevel.ModelComponent_11 has elements that reference missing vertices. MaxVertex=373, NumVertices=0
10-21 11:57:11.424 16396 16440 D UE4     : [2019.10.21-02.57.11:424][  0]LogModelComponent: Model /Game/VirtualRealityBP/Maps/PlayerMoveTestMap.PlayerMoveTestMap:PersistentLevel.ModelComponent_11 has elements that reference missing vertices. MaxVertex=322, NumVertices=0
10-21 11:57:11.424 16396 16440 D UE4     : [2019.10.21-02.57.11:424][  0]LogModelComponent: Model /Game/VirtualRealityBP/Maps/PlayerMoveTestMap.PlayerMoveTestMap:PersistentLevel.ModelComponent_11 has elements that reference missing vertices. MaxVertex=322, NumVertices=0
10-21 11:57:11.424 16396 16440 D UE4     : [2019.10.21-02.57.11:424][  0]LogModelComponent: Model /Game/VirtualRealityBP/Maps/PlayerMoveTestMap.PlayerMoveTestMap:PersistentLevel.ModelComponent_11 has elements that reference missing vertices. MaxVertex=387, NumVertices=0
10-21 11:57:11.425 16396 16440 D UE4     : [2019.10.21-02.57.11:425][  0]LogModelComponent: Model /Game/VirtualRealityBP/Maps/PlayerMoveTestMap.PlayerMoveTestMap:PersistentLevel.ModelComponent_11 has elements that reference missing vertices. MaxVertex=395, NumVertices=0
10-21 11:57:11.425 16396 16440 D UE4     : [2019.10.21-02.57.11:425][  0]LogModelComponent: Model /Game/VirtualRealityBP/Maps/PlayerMoveTestMap.PlayerMoveTestMap:PersistentLevel.ModelComponent_11 has elements that reference missing vertices. MaxVertex=395, NumVertices=0
10-21 11:57:11.425 16396 16440 D UE4     : [2019.10.21-02.57.11:425][  0]LogModelComponent: Model /Game/VirtualRealityBP/Maps/PlayerMoveTestMap.PlayerMoveTestMap:PersistentLevel.ModelComponent_11 has elements that reference missing vertices. MaxVertex=395, NumVertices=0
10-21 11:57:11.425 16396 16440 D UE4     : [2019.10.21-02.57.11:425][  0]LogModelComponent: Model /Game/VirtualRealityBP/Maps/PlayerMoveTestMap.PlayerMoveTestMap:PersistentLevel.ModelComponent_11 has elements that reference missing vertices. MaxVertex=407, NumVertices=0
10-21 11:57:11.425 16396 16440 D UE4     : [2019.10.21-02.57.11:425][  0]LogModelComponent: Model /Game/VirtualRealityBP/Maps/PlayerMoveTestMap.PlayerMoveTestMap:PersistentLevel.ModelComponent_11 has elements that reference missing vertices. MaxVertex=407, NumVertices=0
10-21 11:57:11.425 16396 16440 D UE4     : [2019.10.21-02.57.11:425][  0]LogModelComponent: Model /Game/VirtualRealityBP/Maps/PlayerMoveTestMap.PlayerMoveTestMap:PersistentLevel.ModelComponent_11 has elements that reference missing vertices. MaxVertex=407, NumVertices=0
10-21 11:57:11.425 16396 16440 D UE4     : [2019.10.21-02.57.11:425][  0]LogModelComponent: Model /Game/VirtualRealityBP/Maps/PlayerMoveTestMap.PlayerMoveTestMap:PersistentLevel.ModelComponent_11 has elements that reference missing vertices. MaxVertex=407, NumVertices=0
10-21 11:57:11.425 16396 16440 D UE4     : [2019.10.21-02.57.11:425][  0]LogModelComponent: Model /Game/VirtualRealityBP/Maps/PlayerMoveTestMap.PlayerMoveTestMap:PersistentLevel.ModelComponent_11 has elements that reference missing vertices. MaxVertex=331, NumVertices=0
10-21 11:57:11.425 16396 16440 D UE4     : [2019.10.21-02.57.11:425][  0]LogModelComponent: Model /Game/VirtualRealityBP/Maps/PlayerMoveTestMap.PlayerMoveTestMap:PersistentLevel.ModelComponent_11 has elements that reference missing vertices. MaxVertex=435, NumVertices=0
10-21 11:57:11.425 16396 16440 D UE4     : [2019.10.21-02.57.11:425][  0]LogModelComponent: Model /Game/VirtualRealityBP/Maps/PlayerMoveTestMap.PlayerMoveTestMap:PersistentLevel.ModelComponent_11 has elements that reference missing vertices. MaxVertex=435, NumVertices=0
10-21 11:57:11.425 16396 16440 D UE4     : [2019.10.21-02.57.11:425][  0]LogModelComponent: Model /Game/VirtualRealityBP/Maps/PlayerMoveTestMap.PlayerMoveTestMap:PersistentLevel.ModelComponent_6 has elements that reference missing vertices. MaxVertex=207, NumVertices=0
10-21 11:57:11.425 16396 16440 D UE4     : [2019.10.21-02.57.11:425][  0]LogModelComponent: Model /Game/VirtualRealityBP/Maps/PlayerMoveTestMap.PlayerMoveTestMap:PersistentLevel.ModelComponent_6 has elements that reference missing vertices. MaxVertex=340, NumVertices=0
10-21 11:57:11.426 16396 16440 D UE4     : [2019.10.21-02.57.11:425][  0]LogModelComponent: Model /Game/VirtualRealityBP/Maps/PlayerMoveTestMap.PlayerMoveTestMap:PersistentLevel.ModelComponent_6 has elements that reference missing vertices. MaxVertex=344, NumVertices=0
10-21 11:57:11.426 16396 16440 D UE4     : [2019.10.21-02.57.11:426][  0]LogModelComponent: Model /Game/VirtualRealityBP/Maps/PlayerMoveTestMap.PlayerMoveTestMap:PersistentLevel.ModelComponent_6 has elements that reference missing vertices. MaxVertex=344, NumVertices=0
10-21 11:57:11.426 16396 16440 D UE4     : [2019.10.21-02.57.11:426][  0]LogModelComponent: Model /Game/VirtualRealityBP/Maps/PlayerMoveTestMap.PlayerMoveTestMap:PersistentLevel.ModelComponent_6 has elements that reference missing vertices. MaxVertex=344, NumVertices=0
10-21 11:57:11.426 16396 16440 D UE4     : [2019.10.21-02.57.11:426][  0]LogModelComponent: Model /Game/VirtualRealityBP/Maps/PlayerMoveTestMap.PlayerMoveTestMap:PersistentLevel.ModelComponent_6 has elements that reference missing vertices. MaxVertex=255, NumVertices=0
10-21 11:57:11.426 16396 16440 D UE4     : [2019.10.21-02.57.11:426][  0]LogModelComponent: Model /Game/VirtualRealityBP/Maps/PlayerMoveTestMap.PlayerMoveTestMap:PersistentLevel.ModelComponent_6 has elements that reference missing vertices. MaxVertex=255, NumVertices=0
10-21 11:57:11.426 16396 16440 D UE4     : [2019.10.21-02.57.11:426][  0]LogModelComponent: Model /Game/VirtualRealityBP/Maps/PlayerMoveTestMap.PlayerMoveTestMap:PersistentLevel.ModelComponent_6 has elements that reference missing vertices. MaxVertex=357, NumVertices=0
10-21 11:57:11.426 16396 16440 D UE4     : [2019.10.21-02.57.11:426][  0]LogModelComponent: Model /Game/VirtualRealityBP/Maps/PlayerMoveTestMap.PlayerMoveTestMap:PersistentLevel.ModelComponent_6 has elements that reference missing vertices. MaxVertex=369, NumVertices=0
10-21 11:57:11.426 16396 16440 D UE4     : [2019.10.21-02.57.11:426][  0]LogModelComponent: Model /Game/VirtualRealityBP/Maps/PlayerMoveTestMap.PlayerMoveTestMap:PersistentLevel.ModelComponent_6 has elements that reference missing vertices. MaxVertex=279, NumVertices=0
10-21 11:57:11.426 16396 16440 D UE4     : [2019.10.21-02.57.11:426][  0]LogModelComponent: Model /Game/VirtualRealityBP/Maps/PlayerMoveTestMap.PlayerMoveTestMap:PersistentLevel.ModelComponent_6 has elements that reference missing vertices. MaxVertex=383, NumVertices=0
10-21 11:57:11.426 16396 16440 D UE4     : [2019.10.21-02.57.11:426][  0]LogModelComponent: Model /Game/VirtualRealityBP/Maps/PlayerMoveTestMap.PlayerMoveTestMap:PersistentLevel.ModelComponent_6 has elements that reference missing vertices. MaxVertex=391, NumVertices=0
10-21 11:57:11.426 16396 16440 D UE4     : [2019.10.21-02.57.11:426][  0]LogModelComponent: Model /Game/VirtualRealityBP/Maps/PlayerMoveTestMap.PlayerMoveTestMap:PersistentLevel.ModelComponent_6 has elements that reference missing vertices. MaxVertex=399, NumVertices=0
10-21 11:57:11.426 16396 16440 D UE4     : [2019.10.21-02.57.11:426][  0]LogModelComponent: Model /Game/VirtualRealityBP/Maps/PlayerMoveTestMap.PlayerMoveTestMap:PersistentLevel.ModelComponent_6 has elements that reference missing vertices. MaxVertex=399, NumVertices=0
10-21 11:57:11.426 16396 16440 D UE4     : [2019.10.21-02.57.11:426][  0]LogModelComponent: Model /Game/VirtualRealityBP/Maps/PlayerMoveTestMap.PlayerMoveTestMap:PersistentLevel.ModelComponent_6 has elements that reference missing vertices. MaxVertex=399, NumVertices=0
10-21 11:57:11.426 16396 16440 D UE4     : [2019.10.21-02.57.11:426][  0]LogModelComponent: Model /Game/VirtualRealityBP/Maps/PlayerMoveTestMap.PlayerMoveTestMap:PersistentLevel.ModelComponent_6 has elements that reference missing vertices. MaxVertex=403, NumVertices=0
10-21 11:57:11.427 16396 16440 D UE4     : [2019.10.21-02.57.11:426][  0]LogModelComponent: Model /Game/VirtualRealityBP/Maps/PlayerMoveTestMap.PlayerMoveTestMap:PersistentLevel.ModelComponent_6 has elements that reference missing vertices. MaxVertex=403, NumVertices=0
10-21 11:57:11.427 16396 16440 D UE4     : [2019.10.21-02.57.11:427][  0]LogModelComponent: Model /Game/VirtualRealityBP/Maps/PlayerMoveTestMap.PlayerMoveTestMap:PersistentLevel.ModelComponent_6 has elements that reference missing vertices. MaxVertex=411, NumVertices=0
10-21 11:57:11.427 16396 16440 D UE4     : [2019.10.21-02.57.11:427][  0]LogModelComponent: Model /Game/VirtualRealityBP/Maps/PlayerMoveTestMap.PlayerMoveTestMap:PersistentLevel.ModelComponent_6 has elements that reference missing vertices. MaxVertex=411, NumVertices=0
10-21 11:57:11.427 16396 16440 D UE4     : [2019.10.21-02.57.11:427][  0]LogModelComponent: Model /Game/VirtualRealityBP/Maps/PlayerMoveTestMap.PlayerMoveTestMap:PersistentLevel.ModelComponent_6 has elements that reference missing vertices. MaxVertex=411, NumVertices=0
10-21 11:57:11.427 16396 16440 D UE4     : [2019.10.21-02.57.11:427][  0]LogModelComponent: Model /Game/VirtualRealityBP/Maps/PlayerMoveTestMap.PlayerMoveTestMap:PersistentLevel.ModelComponent_6 has elements that reference missing vertices. MaxVertex=411, NumVertices=0
10-21 11:57:11.427 16396 16440 D UE4     : [2019.10.21-02.57.11:427][  0]LogModelComponent: Model /Game/VirtualRealityBP/Maps/PlayerMoveTestMap.PlayerMoveTestMap:PersistentLevel.ModelComponent_6 has elements that reference missing vertices. MaxVertex=411, NumVertices=0
10-21 11:57:11.427 16396 16440 D UE4     : [2019.10.21-02.57.11:427][  0]LogModelComponent: Model /Game/VirtualRealityBP/Maps/PlayerMoveTestMap.PlayerMoveTestMap:PersistentLevel.ModelComponent_6 has elements that reference missing vertices. MaxVertex=411, NumVertices=0
10-21 11:57:11.427 16396 16440 D UE4     : [2019.10.21-02.57.11:427][  0]LogModelComponent: Model /Game/VirtualRealityBP/Maps/PlayerMoveTestMap.PlayerMoveTestMap:PersistentLevel.ModelComponent_6 has elements that reference missing vertices. MaxVertex=326, NumVertices=0
10-21 11:57:11.427 16396 16440 D UE4     : [2019.10.21-02.57.11:427][  0]LogModelComponent: Model /Game/VirtualRealityBP/Maps/PlayerMoveTestMap.PlayerMoveTestMap:PersistentLevel.ModelComponent_6 has elements that reference missing vertices. MaxVertex=430, NumVertices=0
10-21 11:57:11.427 16396 16440 D UE4     : [2019.10.21-02.57.11:427][  0]LogModelComponent: Model /Game/VirtualRealityBP/Maps/PlayerMoveTestMap.PlayerMoveTestMap:PersistentLevel.ModelComponent_6 has elements that reference missing vertices. MaxVertex=430, NumVertices=0
10-21 11:57:11.427 16396 16440 D UE4     : [2019.10.21-02.57.11:427][  0]LogModelComponent: Model /Game/VirtualRealityBP/Maps/PlayerMoveTestMap.PlayerMoveTestMap:PersistentLevel.ModelComponent_6 has elements that reference missing vertices. MaxVertex=441, NumVertices=0
10-21 11:57:11.427 16396 16440 D UE4     : [2019.10.21-02.57.11:427][  0]LogModelComponent: Model /Game/VirtualRealityBP/Maps/PlayerMoveTestMap.PlayerMoveTestMap:PersistentLevel.ModelComponent_6 has elements that reference missing vertices. MaxVertex=441, NumVertices=0
10-21 11:57:11.427 16396 16440 D UE4     : [2019.10.21-02.57.11:427][  0]LogModelComponent: Model /Game/VirtualRealityBP/Maps/PlayerMoveTestMap.PlayerMoveTestMap:PersistentLevel.ModelComponent_6 has elements that reference missing vertices. MaxVertex=441, NumVertices=0
10-21 11:57:11.427 16396 16440 D UE4     : [2019.10.21-02.57.11:427][  0]LogModelComponent: Model /Game/VirtualRealityBP/Maps/PlayerMoveTestMap.PlayerMoveTestMap:PersistentLevel.ModelComponent_7 has elements that reference missing vertices. MaxVertex=8, NumVertices=0
10-21 11:57:11.428 16396 16440 D UE4     : [2019.10.21-02.57.11:428][  0]LogModelComponent: Model /Game/VirtualRealityBP/Maps/PlayerMoveTestMap.PlayerMoveTestMap:PersistentLevel.ModelComponent_7 has elements that reference missing vertices. MaxVertex=30, NumVertices=0
10-21 11:57:11.428 16396 16440 D UE4     : [2019.10.21-02.57.11:428][  0]LogModelComponent: Model /Game/VirtualRealityBP/Maps/PlayerMoveTestMap.PlayerMoveTestMap:PersistentLevel.ModelComponent_7 has elements that reference missing vertices. MaxVertex=36, NumVertices=0
10-21 11:57:11.428 16396 16440 D UE4     : [2019.10.21-02.57.11:428][  0]LogModelComponent: Model /Game/VirtualRealityBP/Maps/PlayerMoveTestMap.PlayerMoveTestMap:PersistentLevel.ModelComponent_7 has elements that reference missing vertices. MaxVertex=60, NumVertices=0
10-21 11:57:11.428 16396 16440 D UE4     : [2019.10.21-02.57.11:428][  0]LogModelComponent: Model /Game/VirtualRealityBP/Maps/PlayerMoveTestMap.PlayerMoveTestMap:PersistentLevel.ModelComponent_7 has elements that reference missing vertices. MaxVertex=111, NumVertices=0
10-21 11:57:11.428 16396 16440 D UE4     : [2019.10.21-02.57.11:428][  0]LogModelComponent: Model /Game/VirtualRealityBP/Maps/PlayerMoveTestMap.PlayerMoveTestMap:PersistentLevel.ModelComponent_7 has elements that reference missing vertices. MaxVertex=111, NumVertices=0
10-21 11:57:11.428 16396 16440 D UE4     : [2019.10.21-02.57.11:428][  0]LogModelComponent: Model /Game/VirtualRealityBP/Maps/PlayerMoveTestMap.PlayerMoveTestMap:PersistentLevel.ModelComponent_7 has elements that reference missing vertices. MaxVertex=111, NumVertices=0
10-21 11:57:11.428 16396 16440 D UE4     : [2019.10.21-02.57.11:428][  0]LogModelComponent: Model /Game/VirtualRealityBP/Maps/PlayerMoveTestMap.PlayerMoveTestMap:PersistentLevel.ModelComponent_7 has elements that reference missing vertices. MaxVertex=188, NumVertices=0
10-21 11:57:11.428 16396 16440 D UE4     : [2019.10.21-02.57.11:428][  0]LogModelComponent: Model /Game/VirtualRealityBP/Maps/PlayerMoveTestMap.PlayerMoveTestMap:PersistentLevel.ModelComponent_7 has elements that reference missing vertices. MaxVertex=199, NumVertices=0
10-21 11:57:11.428 16396 16440 D UE4     : [2019.10.21-02.57.11:428][  0]LogModelComponent: Model /Game/VirtualRealityBP/Maps/PlayerMoveTestMap.PlayerMoveTestMap:PersistentLevel.ModelComponent_8 has elements that reference missing vertices. MaxVertex=12, NumVertices=0
10-21 11:57:11.428 16396 16440 D UE4     : [2019.10.21-02.57.11:428][  0]LogModelComponent: Model /Game/VirtualRealityBP/Maps/PlayerMoveTestMap.PlayerMoveTestMap:PersistentLevel.ModelComponent_8 has elements that reference missing vertices. MaxVertex=94, NumVertices=0
10-21 11:57:11.428 16396 16440 D UE4     : [2019.10.21-02.57.11:428][  0]LogModelComponent: Model /Game/VirtualRealityBP/Maps/PlayerMoveTestMap.PlayerMoveTestMap:PersistentLevel.ModelComponent_8 has elements that reference missing vertices. MaxVertex=102, NumVertices=0
10-21 11:57:11.428 16396 16440 D UE4     : [2019.10.21-02.57.11:428][  0]LogModelComponent: Model /Game/VirtualRealityBP/Maps/PlayerMoveTestMap.PlayerMoveTestMap:PersistentLevel.ModelComponent_8 has elements that reference missing vertices. MaxVertex=68, NumVertices=0
10-21 11:57:11.428 16396 16440 D UE4     : [2019.10.21-02.57.11:428][  0]LogModelComponent: Model /Game/VirtualRealityBP/Maps/PlayerMoveTestMap.PlayerMoveTestMap:PersistentLevel.ModelComponent_8 has elements that reference missing vertices. MaxVertex=123, NumVertices=0
10-21 11:57:11.429 16396 16440 D UE4     : [2019.10.21-02.57.11:429][  0]LogModelComponent: Model /Game/VirtualRealityBP/Maps/PlayerMoveTestMap.PlayerMoveTestMap:PersistentLevel.ModelComponent_8 has elements that reference missing vertices. MaxVertex=168, NumVertices=0
10-21 11:57:11.429 16396 16440 D UE4     : [2019.10.21-02.57.11:429][  0]LogModelComponent: Model /Game/VirtualRealityBP/Maps/PlayerMoveTestMap.PlayerMoveTestMap:PersistentLevel.ModelComponent_8 has elements that reference missing vertices. MaxVertex=168, NumVertices=0
10-21 11:57:11.429 16396 16440 D UE4     : [2019.10.21-02.57.11:429][  0]LogModelComponent: Model /Game/VirtualRealityBP/Maps/PlayerMoveTestMap.PlayerMoveTestMap:PersistentLevel.ModelComponent_8 has elements that reference missing vertices. MaxVertex=168, NumVertices=0
10-21 11:57:11.429 16396 16440 D UE4     : [2019.10.21-02.57.11:429][  0]LogModelComponent: Model /Game/VirtualRealityBP/Maps/PlayerMoveTestMap.PlayerMoveTestMap:PersistentLevel.ModelComponent_8 has elements that reference missing vertices. MaxVertex=168, NumVertices=0
10-21 11:57:11.429 16396 16440 D UE4     : [2019.10.21-02.57.11:429][  0]LogModelComponent: Model /Game/VirtualRealityBP/Maps/PlayerMoveTestMap.PlayerMoveTestMap:PersistentLevel.ModelComponent_8 has elements that reference missing vertices. MaxVertex=168, NumVertices=0
10-21 11:57:11.429 16396 16440 D UE4     : [2019.10.21-02.57.11:429][  0]LogModelComponent: Model /Game/VirtualRealityBP/Maps/PlayerMoveTestMap.PlayerMoveTestMap:PersistentLevel.ModelComponent_8 has elements that reference missing vertices. MaxVertex=174, NumVertices=0
10-21 11:57:11.429 16396 16440 D UE4     : [2019.10.21-02.57.11:429][  0]LogModelComponent: Model /Game/VirtualRealityBP/Maps/PlayerMoveTestMap.PlayerMoveTestMap:PersistentLevel.ModelComponent_8 has elements that reference missing vertices. MaxVertex=184, NumVertices=0
10-21 11:57:11.429 16396 16440 D UE4     : [2019.10.21-02.57.11:429][  0]LogModelComponent: Model /Game/VirtualRealityBP/Maps/PlayerMoveTestMap.PlayerMoveTestMap:PersistentLevel.ModelComponent_9 has elements that reference missing vertices. MaxVertex=17, NumVertices=0
10-21 11:57:11.429 16396 16440 D UE4     : [2019.10.21-02.57.11:429][  0]LogModelComponent: Model /Game/VirtualRealityBP/Maps/PlayerMoveTestMap.PlayerMoveTestMap:PersistentLevel.ModelComponent_9 has elements that reference missing vertices. MaxVertex=21, NumVertices=0
10-21 11:57:11.429 16396 16440 D UE4     : [2019.10.21-02.57.11:429][  0]LogModelComponent: Model /Game/VirtualRealityBP/Maps/PlayerMoveTestMap.PlayerMoveTestMap:PersistentLevel.ModelComponent_9 has elements that reference missing vertices. MaxVertex=127, NumVertices=0
10-21 11:57:11.429 16396 16440 D UE4     : [2019.10.21-02.57.11:429][  0]LogModelComponent: Model /Game/VirtualRealityBP/Maps/PlayerMoveTestMap.PlayerMoveTestMap:PersistentLevel.ModelComponent_9 has elements that reference missing vertices. MaxVertex=135, NumVertices=0
10-21 11:57:11.429 16396 16440 D UE4     : [2019.10.21-02.57.11:429][  0]LogModelComponent: Model /Game/VirtualRealityBP/Maps/PlayerMoveTestMap.PlayerMoveTestMap:PersistentLevel.ModelComponent_9 has elements that reference missing vertices. MaxVertex=131, NumVertices=0
10-21 11:57:11.429 16396 16440 D UE4     : [2019.10.21-02.57.11:429][  0]LogModelComponent: Model /Game/VirtualRealityBP/Maps/PlayerMoveTestMap.PlayerMoveTestMap:PersistentLevel.ModelComponent_9 has elements that reference missing vertices. MaxVertex=139, NumVertices=0
10-21 11:57:11.430 16396 16440 D UE4     : [2019.10.21-02.57.11:430][  0]LogModelComponent: Model /Game/VirtualRealityBP/Maps/PlayerMoveTestMap.PlayerMoveTestMap:PersistentLevel.ModelComponent_9 has elements that reference missing vertices. MaxVertex=154, NumVertices=0
10-21 11:57:11.430 16396 16440 D UE4     : [2019.10.21-02.57.11:430][  0]LogModelComponent: Model /Game/VirtualRealityBP/Maps/PlayerMoveTestMap.PlayerMoveTestMap:PersistentLevel.ModelComponent_9 has elements that reference missing vertices. MaxVertex=154, NumVertices=0
10-21 11:57:11.430 16396 16440 D UE4     : [2019.10.21-02.57.11:430][  0]LogModelComponent: Model /Game/VirtualRealityBP/Maps/PlayerMoveTestMap.PlayerMoveTestMap:PersistentLevel.ModelComponent_9 has elements that reference missing vertices. MaxVertex=162, NumVertices=0
10-21 11:57:11.430 16396 16440 D UE4     : [2019.10.21-02.57.11:430][  0]LogModelComponent: Model /Game/VirtualRealityBP/Maps/PlayerMoveTestMap.PlayerMoveTestMap:PersistentLevel.ModelComponent_9 has elements that reference missing vertices. MaxVertex=180, NumVertices=0
10-21 11:57:11.435 16396 16440 D UE4     : [2019.10.21-02.57.11:435][  0]LogAIModule: Creating AISystem for world PlayerMoveTestMap
10-21 11:57:11.436 16396 16440 D UE4     : [2019.10.21-02.57.11:436][  0]LogLoad: Game class is 'GameModeBase'
10-21 11:57:11.443 16396 16440 D UE4     : [2019.10.21-02.57.11:443][  0]LogWorld: Bringing World /Game/VirtualRealityBP/Maps/PlayerMoveTestMap.PlayerMoveTestMap up for play (max tick rate 0) at 2019.10.21-11.57.11
10-21 11:57:11.444 16396 16440 D UE4     : [2019.10.21-02.57.11:444][  0]LogWorld: Bringing up level for play took: 0.006015
10-21 11:57:11.444 16396 16440 D UE4     : [2019.10.21-02.57.11:444][  0]LogOnline: OSS: Creating online subsystem instance for: GooglePlay
10-21 11:57:11.444 16396 16440 D UE4     : [2019.10.21-02.57.11:444][  0]LogOnline: Warning: OSS: FOnlineSubsystemGooglePlayModule was disabled
10-21 11:57:11.445 16396 16440 D UE4     : [2019.10.21-02.57.11:445][  0]LogGameMode: FindPlayerStart: PATHS NOT DEFINED or NO PLAYERSTART with positive rating
10-21 11:57:11.452 16396 16440 D UE4     : [2019.10.21-02.57.11:452][  0]LogScript: Warning: Accessed None trying to read property SteamVRChaperone
10-21 11:57:11.452 16396 16440 D UE4     : 	BP_MotionController_C /Game/VirtualRealityBP/Maps/PlayerMoveTestMap.PlayerMoveTestMap:PersistentLevel.BP_MotionController_C_2147482556
10-21 11:57:11.452 16396 16440 D UE4     : 	Function /Game/VirtualRealityBP/Blueprints/BP_MotionController.BP_MotionController_C:SetupRoomScaleOutline:0062
10-21 11:57:11.452 16396 16440 D UE4     : [2019.10.21-02.57.11:452][  0]LogScript: Warning: Script call stack:
10-21 11:57:11.453 16396 16440 D UE4     : 	Function /Game/VirtualRealityBP/Blueprints/BP_MotionController.BP_MotionController_C:ReceiveBeginPlay
10-21 11:57:11.453 16396 16440 D UE4     : 	Function /Game/VirtualRealityBP/Blueprints/BP_MotionController.BP_MotionController_C:ExecuteUbergraph_BP_MotionController
10-21 11:57:11.453 16396 16440 D UE4     : 	Function /Game/VirtualRealityBP/Blueprints/BP_MotionController.BP_MotionController_C:SetupRoomScaleOutline
10-21 11:57:11.453 16396 16440 D UE4     : 
10-21 11:57:11.457 16396 16440 D UE4     : [2019.10.21-02.57.11:457][  0]LogScript: Warning: Accessed None trying to read property SteamVRChaperone
10-21 11:57:11.457 16396 16440 D UE4     : 	BP_MotionController_C /Game/VirtualRealityBP/Maps/PlayerMoveTestMap.PlayerMoveTestMap:PersistentLevel.BP_MotionController_C_2147482553
10-21 11:57:11.457 16396 16440 D UE4     : 	Function /Game/VirtualRealityBP/Blueprints/BP_MotionController.BP_MotionController_C:SetupRoomScaleOutline:0062
10-21 11:57:11.457 16396 16440 D UE4     : [2019.10.21-02.57.11:457][  0]LogScript: Warning: Script call stack:
10-21 11:57:11.457 16396 16440 D UE4     : 	Function /Game/VirtualRealityBP/Blueprints/BP_MotionController.BP_MotionController_C:ReceiveBeginPlay
10-21 11:57:11.457 16396 16440 D UE4     : 	Function /Game/VirtualRealityBP/Blueprints/BP_MotionController.BP_MotionController_C:ExecuteUbergraph_BP_MotionController
10-21 11:57:11.457 16396 16440 D UE4     : 	Function /Game/VirtualRealityBP/Blueprints/BP_MotionController.BP_MotionController_C:SetupRoomScaleOutline
10-21 11:57:11.457 16396 16440 D UE4     : 
10-21 11:57:11.457 16396 16440 D UE4     : [2019.10.21-02.57.11:457][  0]LogLoad: Took 0.216600 seconds to LoadMap(/Game/VirtualRealityBP/Maps/PlayerMoveTestMap)
10-21 11:57:11.459 16396 16469 D UE4     : *** JavaEnvDestructor: 16469
10-21 11:57:11.476 16396 16467 D UE4     : AndroidEGL::ResetDisplay()
10-21 11:57:11.477 16396 16467 D UE4     : *** JavaEnvDestructor: 16467
10-21 11:57:11.481 16396 16440 D UE4     : [2019.10.21-02.57.11:481][  0]LogAndroid: Passed GEngineLoop.Init()
10-21 11:57:11.482 16396 16495 D UE4     : [2019.10.21-02.57.11:482][  0]LogRenderer: Reallocating scene render targets to support 2880x1600 Format 10 NumSamples 1 (Frame:1).
10-21 11:57:11.483 16396 16440 D UE4     : [2019.10.21-02.57.11:483][  0]LogAndroidEvents: Display: LogAndroidEvents::DequeueAppEvent : 9, 0, APP_EVENT_STATE_ON_START
10-21 11:57:11.483 16396 16440 D UE4     : [2019.10.21-02.57.11:483][  0]LogAndroidEvents: Display: LogAndroidEvents::DequeueAppEvent : 7, 0, APP_EVENT_STATE_ON_RESUME
10-21 11:57:11.483 16396 16440 D UE4     : [2019.10.21-02.57.11:483][  0]LogAndroidEvents: Display: LogAndroidEvents::DequeueAppEvent : 6, 0, APP_EVENT_STATE_ON_PAUSE
10-21 11:57:11.483 16396 16440 D UE4     : [2019.10.21-02.57.11:483][  0]LogAndroidEvents: Display: LogAndroidEvents::DequeueAppEvent : 12, 0, APP_EVENT_STATE_SAVE_STATE
10-21 11:57:11.483 16396 16440 D UE4     : [2019.10.21-02.57.11:483][  0]LogAndroidEvents: Display: LogAndroidEvents::DequeueAppEvent : 8, 0, APP_EVENT_STATE_ON_STOP
10-21 11:57:11.483 16396 16440 D UE4     : [2019.10.21-02.57.11:483][  0]LogAndroidEvents: Display: LogAndroidEvents::DequeueAppEvent : 9, 0, APP_EVENT_STATE_ON_START
10-21 11:57:11.483 16396 16440 D UE4     : [2019.10.21-02.57.11:483][  0]LogAndroidEvents: Display: LogAndroidEvents::DequeueAppEvent : 7, 0, APP_EVENT_STATE_ON_RESUME
10-21 11:57:11.483 16396 16440 D UE4     : [2019.10.21-02.57.11:483][  0]LogAndroidEvents: Display: LogAndroidEvents::DequeueAppEvent : 6, 0, APP_EVENT_STATE_ON_PAUSE
10-21 11:57:11.483 16396 16440 D UE4     : [2019.10.21-02.57.11:483][  0]LogAndroidEvents: Display: LogAndroidEvents::DequeueAppEvent : 0, 3601332232, APP_EVENT_STATE_WINDOW_CREATED
10-21 11:57:11.483 16396 16440 D UE4     : APP_EVENT_STATE_WINDOW_CREATED 0, 0, 0, 0
10-21 11:57:11.483 16396 16440 D UE4     : [2019.10.21-02.57.11:483][  0]LogAndroidEvents: Display: ExecWindowCreated
10-21 11:57:11.483 16396 16440 D UE4     : AndroidEGL::ReInitWindow()
10-21 11:57:11.483 16396 16440 D UE4     : AndroidEGL::ReInit()
10-21 11:57:11.483 16396 16440 D UE4     : AndroidEGL::ResetDisplay()
10-21 11:57:11.483 16396 16440 D UE4     : AndroidEGL::InitSurface 0, 0
10-21 11:57:11.483 16396 16440 D UE4     : AndroidEGL::CreateEGLSurface() Already initialized: 0xca7f0ce0
10-21 11:57:11.484 16396 16440 D UE4     : ExecWindowCreated, 0, 1, 0
10-21 11:57:11.484 16396 16440 D UE4     : [2019.10.21-02.57.11:484][  0]LogAndroidEvents: Display: LogAndroidEvents::DequeueAppEvent : 12, 0, APP_EVENT_STATE_SAVE_STATE
10-21 11:57:11.484 16396 16440 D UE4     : [2019.10.21-02.57.11:484][  0]LogAndroidEvents: Display: LogAndroidEvents::DequeueAppEvent : 8, 0, APP_EVENT_STATE_ON_STOP
10-21 11:57:11.484 16396 16440 D UE4     : [2019.10.21-02.57.11:484][  0]LogAndroidEvents: Display: LogAndroidEvents::DequeueAppEvent : 11, 0, APP_EVENT_STATE_WINDOW_GAINED_FOCUS
10-21 11:57:11.650  1118  1239 E TaskPersister: File error accessing recents directory (directory doesn't exist?).
10-21 11:57:12.095   539   579 V AudioPolicyManagerCustom: getNewOutputDevice() selected device 0
10-21 11:57:12.095   539   579 V AudioPolicyManagerCustom: checkOutputForStrategy(): policy related outputs
10-21 11:57:12.260  1918  3549 W LibraryProvider: Cannot find entitlement for com.YourCompany.LastResisters
10-21 11:57:12.260  1764  1935 W OCMSLibrary: null cursor received for query content://com.oculus.ocms.library/apps/com.YourCompany.LastResisters
10-21 11:57:12.260  1764  1935 I SDKLoggingService: Unable to find AppId for package (com.YourCompany.LastResisters)
10-21 11:57:12.385 16396 16493 I Telemetry: App memory usage: PSS=338MB
10-21 11:57:12.388 16396 16493 I VrApi   : FPS=0,Prd=0ms,Tear=0,Early=0,Stale=0,VSnc=1,Lat=0,Fov=0,CPU4/GPU=0/0,300/257MHz,OC=FF,TA=0/0/0,SP=N/N/N,Mem=300MHz,Free=1398MB,PSM=0,PLS=0,Temp=34.0C/0.0C,TW=0.00ms,App=0.00ms,GD=0.00ms,CPU&GPU=0.00ms,LCnt=0,GPU%=-1.00,CPU%=-1.00(W-1.00)
10-21 11:57:12.601   643   854 I OsSdk   : will wait 60 seconds before retrying
10-21 11:57:12.909  1707  1830 I OsSdk   : will wait 60 seconds before retrying
10-21 11:57:12.909  1579  1836 I OsSdk   : will wait 60 seconds before retrying
10-21 11:57:13.250 16396 16493 I VrApi   : FPS=0,Prd=0ms,Tear=0,Early=0,Stale=0,VSnc=1,Lat=0,Fov=0,CPU4/GPU=0/0,300/257MHz,OC=FF,TA=0/0/0,SP=N/N/N,Mem=200MHz,Free=1398MB,PSM=0,PLS=0,Temp=34.0C/0.0C,TW=0.00ms,App=0.00ms,GD=0.00ms,CPU&GPU=0.00ms,LCnt=0,GPU%=-1.00,CPU%=-1.00(W-1.00)
10-21 11:57:13.593  1965  2192 I OsSdk   : will wait 60 seconds before retrying
10-21 11:57:14.250 16396 16493 I VrApi   : FPS=0,Prd=0ms,Tear=0,Early=0,Stale=0,VSnc=1,Lat=0,Fov=0,CPU4/GPU=0/0,300/257MHz,OC=FF,TA=0/0/0,SP=N/N/N,Mem=200MHz,Free=1398MB,PSM=0,PLS=0,Temp=34.0C/0.0C,TW=0.00ms,App=0.00ms,GD=0.00ms,CPU&GPU=0.00ms,LCnt=0,GPU%=-1.00,CPU%=-1.00(W-1.00)
10-21 11:57:15.069   539   585 D audio_hw_primary: out_standby: enter: stream (0xef853780) usecase(1: low-latency-playback)
10-21 11:57:15.092   539   585 V audio_hw_primary: stop_output_stream: enter: usecase(1: low-latency-playback)
10-21 11:57:15.092   539   585 V audio_hw_primary: disable_audio_route: enter: usecase(1)
10-21 11:57:15.092   539   585 D audio_hw_primary: disable_audio_route: reset and update mixer path: low-latency-playback speaker
10-21 11:57:15.092   539   585 V audio_hw_primary: disable_audio_route: exit
10-21 11:57:15.092   539   585 D hardware_info: hw_info_append_hw_type : device_name = speaker
10-21 11:57:15.092   539   585 D audio_hw_primary: disable_snd_device: snd_device(2: speaker)
10-21 11:57:15.092   539   585 D msm8974_platform: platform_split_snd_device: snd_device(2) new_snd_devices (speaker)
10-21 11:57:15.095   539   585 V audio_hw_primary: stop_output_stream: exit: status(0)
10-21 11:57:15.095   539   585 D audio_hw_primary: out_standby: exit
10-21 11:57:15.250 16396 16493 I VrApi   : FPS=0,Prd=0ms,Tear=0,Early=0,Stale=0,VSnc=1,Lat=0,Fov=0,CPU4/GPU=0/0,300/257MHz,OC=FF,TA=0/0/0,SP=N/N/N,Mem=200MHz,Free=1399MB,PSM=0,PLS=0,Temp=34.0C/0.0C,TW=0.00ms,App=0.00ms,GD=0.00ms,CPU&GPU=0.00ms,LCnt=0,GPU%=-1.00,CPU%=-1.00(W-1.00)
10-21 11:57:16.250 16396 16493 I VrApi   : FPS=0,Prd=0ms,Tear=0,Early=0,Stale=0,VSnc=1,Lat=0,Fov=0,CPU4/GPU=0/0,300/257MHz,OC=FF,TA=0/0/0,SP=N/N/N,Mem=200MHz,Free=1399MB,PSM=0,PLS=0,Temp=34.0C/0.0C,TW=0.00ms,App=0.00ms,GD=0.00ms,CPU&GPU=0.00ms,LCnt=0,GPU%=-1.00,CPU%=-1.00(W-1.00)
10-21 11:57:17.250 16396 16493 I VrApi   : FPS=0,Prd=0ms,Tear=0,Early=0,Stale=0,VSnc=1,Lat=0,Fov=0,CPU4/GPU=0/0,300/257MHz,OC=FF,TA=0/0/0,SP=N/N/N,Mem=200MHz,Free=1398MB,PSM=0,PLS=0,Temp=34.0C/0.0C,TW=0.00ms,App=0.00ms,GD=0.00ms,CPU&GPU=0.00ms,LCnt=0,GPU%=-1.00,CPU%=-1.00(W-1.00)
10-21 11:57:18.250 16396 16493 I VrApi   : FPS=0,Prd=0ms,Tear=0,Early=0,Stale=0,VSnc=1,Lat=0,Fov=0,CPU4/GPU=0/0,300/257MHz,OC=FF,TA=0/0/0,SP=N/N/N,Mem=200MHz,Free=1399MB,PSM=0,PLS=0,Temp=34.0C/0.0C,TW=0.00ms,App=0.00ms,GD=0.00ms,CPU&GPU=0.00ms,LCnt=0,GPU%=-1.00,CPU%=-1.00(W-1.00)
10-21 11:57:19.250 16396 16493 I VrApi   : FPS=0,Prd=0ms,Tear=0,Early=0,Stale=0,VSnc=1,Lat=0,Fov=0,CPU4/GPU=0/0,300/257MHz,OC=FF,TA=0/0/0,SP=N/N/N,Mem=200MHz,Free=1400MB,PSM=0,PLS=0,Temp=34.0C/0.0C,TW=0.00ms,App=0.00ms,GD=0.00ms,CPU&GPU=0.00ms,LCnt=0,GPU%=-1.00,CPU%=-1.00(W-1.00)
10-21 11:57:20.251 16396 16493 I VrApi   : FPS=0,Prd=0ms,Tear=0,Early=0,Stale=0,VSnc=1,Lat=0,Fov=0,CPU4/GPU=0/0,300/257MHz,OC=FF,TA=0/0/0,SP=N/N/N,Mem=200MHz,Free=1400MB,PSM=0,PLS=0,Temp=34.0C/0.0C,TW=0.00ms,App=0.00ms,GD=0.00ms,CPU&GPU=0.00ms,LCnt=0,GPU%=-1.00,CPU%=-1.00(W-1.00)
10-21 11:57:21.252 16396 16493 I VrApi   : FPS=0,Prd=0ms,Tear=0,Early=0,Stale=0,VSnc=1,Lat=0,Fov=0,CPU4/GPU=0/0,300/257MHz,OC=FF,TA=0/0/0,SP=N/N/N,Mem=200MHz,Free=1400MB,PSM=0,PLS=0,Temp=34.0C/0.0C,TW=0.00ms,App=0.00ms,GD=0.00ms,CPU&GPU=0.00ms,LCnt=0,GPU%=-1.00,CPU%=-1.00(W-1.00)
10-21 11:57:22.247 16396 16493 I VrApi   : FPS=0,Prd=0ms,Tear=0,Early=0,Stale=0,VSnc=1,Lat=0,Fov=0,CPU4/GPU=0/0,2304/257MHz,OC=FF,TA=0/0/0,SP=N/N/N,Mem=411MHz,Free=1400MB,PSM=0,PLS=0,Temp=34.0C/0.0C,TW=0.00ms,App=0.00ms,GD=0.00ms,CPU&GPU=0.00ms,LCnt=0,GPU%=-1.00,CPU%=-1.00(W-1.00)
10-21 11:57:23.251 16396 16493 I VrApi   : FPS=0,Prd=0ms,Tear=0,Early=0,Stale=0,VSnc=1,Lat=0,Fov=0,CPU4/GPU=0/0,300/257MHz,OC=FF,TA=0/0/0,SP=N/N/N,Mem=200MHz,Free=1400MB,PSM=0,PLS=0,Temp=34.0C/0.0C,TW=0.00ms,App=0.00ms,GD=0.00ms,CPU&GPU=0.00ms,LCnt=0,GPU%=-1.00,CPU%=-1.00(W-1.00)
10-21 11:57:24.252 16396 16493 I VrApi   : FPS=0,Prd=0ms,Tear=0,Early=0,Stale=0,VSnc=1,Lat=0,Fov=0,CPU4/GPU=0/0,300/257MHz,OC=FF,TA=0/0/0,SP=N/N/N,Mem=200MHz,Free=1400MB,PSM=0,PLS=0,Temp=34.0C/0.0C,TW=0.00ms,App=0.00ms,GD=0.00ms,CPU&GPU=0.00ms,LCnt=0,GPU%=-1.00,CPU%=-1.00(W-1.00)
10-21 11:57:25.252 16396 16493 I VrApi   : FPS=0,Prd=0ms,Tear=0,Early=0,Stale=0,VSnc=1,Lat=0,Fov=0,CPU4/GPU=0/0,300/257MHz,OC=FF,TA=0/0/0,SP=N/N/N,Mem=200MHz,Free=1400MB,PSM=0,PLS=0,Temp=34.0C/0.0C,TW=0.00ms,App=0.00ms,GD=0.00ms,CPU&GPU=0.00ms,LCnt=0,GPU%=-1.00,CPU%=-1.00(W-1.00)
10-21 11:57:26.252 16396 16493 I VrApi   : FPS=0,Prd=0ms,Tear=0,Early=0,Stale=0,VSnc=1,Lat=0,Fov=0,CPU4/GPU=0/0,300/257MHz,OC=FF,TA=0/0/0,SP=N/N/N,Mem=200MHz,Free=1400MB,PSM=0,PLS=0,Temp=34.0C/0.0C,TW=0.00ms,App=0.00ms,GD=0.00ms,CPU&GPU=0.00ms,LCnt=0,GPU%=-1.00,CPU%=-1.00(W-1.00)
10-21 11:57:27.252 16396 16493 I VrApi   : FPS=0,Prd=0ms,Tear=0,Early=0,Stale=0,VSnc=1,Lat=0,Fov=0,CPU4/GPU=0/0,300/257MHz,OC=FF,TA=0/0/0,SP=N/N/N,Mem=200MHz,Free=1400MB,PSM=0,PLS=0,Temp=34.0C/0.0C,TW=0.00ms,App=0.00ms,GD=0.00ms,CPU&GPU=0.00ms,LCnt=0,GPU%=-1.00,CPU%=-1.00(W-1.00)
10-21 11:57:28.253 16396 16493 I VrApi   : FPS=0,Prd=0ms,Tear=0,Early=0,Stale=0,VSnc=1,Lat=0,Fov=0,CPU4/GPU=0/0,300/257MHz,OC=FF,TA=0/0/0,SP=N/N/N,Mem=200MHz,Free=1399MB,PSM=0,PLS=0,Temp=34.0C/0.0C,TW=0.00ms,App=0.00ms,GD=0.00ms,CPU&GPU=0.00ms,LCnt=0,GPU%=-1.00,CPU%=-1.00(W-1.00)
10-21 11:57:29.254 16396 16493 I VrApi   : FPS=0,Prd=0ms,Tear=0,Early=0,Stale=0,VSnc=1,Lat=0,Fov=0,CPU4/GPU=0/0,300/257MHz,OC=FF,TA=0/0/0,SP=N/N/N,Mem=200MHz,Free=1400MB,PSM=0,PLS=0,Temp=34.0C/0.0C,TW=0.00ms,App=0.00ms,GD=0.00ms,CPU&GPU=0.00ms,LCnt=0,GPU%=-1.00,CPU%=-1.00(W-1.00)
10-21 11:57:30.254 16396 16493 I VrApi   : FPS=0,Prd=0ms,Tear=0,Early=0,Stale=0,VSnc=1,Lat=0,Fov=0,CPU4/GPU=0/0,300/257MHz,OC=FF,TA=0/0/0,SP=N/N/N,Mem=300MHz,Free=1400MB,PSM=0,PLS=0,Temp=34.0C/0.0C,TW=0.00ms,App=0.00ms,GD=0.00ms,CPU&GPU=0.00ms,LCnt=0,GPU%=-1.00,CPU%=-1.00(W-1.00)
10-21 11:57:31.240   705  1004 I OsSdk   : will wait 60 seconds before retrying
10-21 11:57:31.249 16396 16493 I VrApi   : FPS=0,Prd=0ms,Tear=0,Early=0,Stale=0,VSnc=1,Lat=0,Fov=0,CPU4/GPU=0/0,2304/257MHz,OC=FF,TA=0/0/0,SP=N/N/N,Mem=411MHz,Free=1399MB,PSM=0,PLS=0,Temp=34.0C/0.0C,TW=0.00ms,App=0.00ms,GD=0.00ms,CPU&GPU=0.00ms,LCnt=0,GPU%=-1.00,CPU%=-1.00(W-1.00)
10-21 11:57:32.254 16396 16493 I VrApi   : FPS=0,Prd=0ms,Tear=0,Early=0,Stale=0,VSnc=1,Lat=0,Fov=0,CPU4/GPU=0/0,300/257MHz,OC=FF,TA=0/0/0,SP=N/N/N,Mem=200MHz,Free=1400MB,PSM=0,PLS=0,Temp=34.0C/0.0C,TW=0.00ms,App=0.00ms,GD=0.00ms,CPU&GPU=0.00ms,LCnt=0,GPU%=-1.00,CPU%=-1.00(W-1.00)
10-21 11:57:32.847  2181  2221 I OsSdk   : will wait 60 seconds before retrying
10-21 11:57:33.371 16396 16493 I Telemetry: App memory usage: PSS=338MB
10-21 11:57:33.375 16396 16493 I VrApi   : FPS=0,Prd=0ms,Tear=0,Early=0,Stale=0,VSnc=1,Lat=0,Fov=0,CPU4/GPU=0/0,300/257MHz,OC=FF,TA=0/0/0,SP=N/N/N,Mem=200MHz,Free=1400MB,PSM=0,PLS=0,Temp=34.0C/0.0C,TW=0.00ms,App=0.00ms,GD=0.00ms,CPU&GPU=0.00ms,LCnt=0,GPU%=-1.00,CPU%=-1.00(W-1.00)
10-21 11:57:34.255 16396 16493 I VrApi   : FPS=0,Prd=0ms,Tear=0,Early=0,Stale=0,VSnc=1,Lat=0,Fov=0,CPU4/GPU=0/0,300/257MHz,OC=FF,TA=0/0/0,SP=N/N/N,Mem=200MHz,Free=1400MB,PSM=0,PLS=0,Temp=34.0C/0.0C,TW=0.00ms,App=0.00ms,GD=0.00ms,CPU&GPU=0.00ms,LCnt=0,GPU%=-1.00,CPU%=-1.00(W-1.00)
10-21 11:57:35.255 16396 16493 I VrApi   : FPS=0,Prd=0ms,Tear=0,Early=0,Stale=0,VSnc=1,Lat=0,Fov=0,CPU4/GPU=0/0,300/257MHz,OC=FF,TA=0/0/0,SP=N/N/N,Mem=200MHz,Free=1400MB,PSM=0,PLS=0,Temp=34.0C/0.0C,TW=0.00ms,App=0.00ms,GD=0.00ms,CPU&GPU=0.00ms,LCnt=0,GPU%=-1.00,CPU%=-1.00(W-1.00)
10-21 11:57:36.255 16396 16493 I VrApi   : FPS=0,Prd=0ms,Tear=0,Early=0,Stale=0,VSnc=1,Lat=0,Fov=0,CPU4/GPU=0/0,300/257MHz,OC=FF,TA=0/0/0,SP=N/N/N,Mem=200MHz,Free=1400MB,PSM=0,PLS=0,Temp=34.0C/0.0C,TW=0.00ms,App=0.00ms,GD=0.00ms,CPU&GPU=0.00ms,LCnt=0,GPU%=-1.00,CPU%=-1.00(W-1.00)
10-21 11:57:37.256 16396 16493 I VrApi   : FPS=0,Prd=0ms,Tear=0,Early=0,Stale=0,VSnc=1,Lat=0,Fov=0,CPU4/GPU=0/0,300/257MHz,OC=FF,TA=0/0/0,SP=N/N/N,Mem=200MHz,Free=1400MB,PSM=0,PLS=0,Temp=34.0C/0.0C,TW=0.00ms,App=0.00ms,GD=0.00ms,CPU&GPU=0.00ms,LCnt=0,GPU%=-1.00,CPU%=-1.00(W-1.00)
10-21 11:57:37.503  1505  1505 I BleModule: Notifying device: 79:04:86:E3:E2:B2
10-21 11:57:37.508  1431 16544 I OSUpdateService: Intent with action system_battery_changed
10-21 11:57:38.255 16396 16493 I VrApi   : FPS=0,Prd=0ms,Tear=0,Early=0,Stale=0,VSnc=1,Lat=0,Fov=0,CPU4/GPU=0/0,300/257MHz,OC=FF,TA=0/0/0,SP=N/N/N,Mem=200MHz,Free=1400MB,PSM=0,PLS=0,Temp=34.0C/0.0C,TW=0.00ms,App=0.00ms,GD=0.00ms,CPU&GPU=0.00ms,LCnt=0,GPU%=-1.00,CPU%=-1.00(W-1.00)
10-21 11:57:39.250 16396 16493 I VrApi   : FPS=0,Prd=0ms,Tear=0,Early=0,Stale=0,VSnc=1,Lat=0,Fov=0,CPU4/GPU=0/0,2304/257MHz,OC=FF,TA=0/0/0,SP=N/N/N,Mem=411MHz,Free=1400MB,PSM=0,PLS=0,Temp=34.0C/0.0C,TW=0.00ms,App=0.00ms,GD=0.00ms,CPU&GPU=0.00ms,LCnt=0,GPU%=-1.00,CPU%=-1.00(W-1.00)
