--------- beginning of system
10-21 11:57:08.862  1118  1129 I ActivityManager: START u0 {flg=0x10000000 cmp=com.YourCompany.LastResisters/com.epicgames.ue4.GameActivity} from uid 2000 on display 0
10-21 11:57:09.074  1118  1606 I ActivityManager: START u0 {act=android.content.pm.action.REQUEST_PERMISSIONS pkg=com.android.packageinstaller cmp=com.android.packageinstaller/.permission.ui.GrantPermissionsActivity (has extras)} from uid 10108 on display 0
--------- beginning of main
10-21 11:57:09.410 16396 16396 D UE4     : ==============> Resuming main init
10-21 11:57:09.410 16396 16396 D UE4     : ==============> GameActive.onResume complete!
10-21 11:57:09.411 16396 16396 D UE4     : onPause: stop memory reporter runnable
10-21 11:57:09.412 16396 16396 D UE4     : Unregistering sensor listeners
10-21 11:57:09.412 16396 16441 D UE4     : Case APP_CMD_PAUSE
10-21 11:57:09.412 16396 16396 D UE4     : ==============> GameActive.onPause complete!
10-21 11:57:09.412 16396 16441 D UE4     : LogAndroidEvents::EnqueueAppEvent : 6, 0, tid = 16441, APP_EVENT_STATE_ON_PAUSE
10-21 11:57:09.424 16396 16441 D UE4     : Case APP_CMD_INIT_WINDOW
10-21 11:57:09.424 16396 16441 D UE4     : LogAndroidEvents::EnqueueAppEvent : 0, 3601332232, tid = 16441, APP_EVENT_STATE_WINDOW_CREATED
10-21 11:57:09.430 16396 16443 I Adreno GLES: QUALCOMM build                   : b8c103d, I8a36212832
10-21 11:57:09.430 16396 16443 I Adreno GLES: Build Date                       : 05/17/19
10-21 11:57:09.430 16396 16443 I Adreno GLES: OpenGL ES Shader Compiler Version: EV031.26.12.00
10-21 11:57:09.430 16396 16443 I Adreno GLES: Local Branch                     : 
10-21 11:57:09.430 16396 16443 I Adreno GLES: Remote Branch                    : refs/tags/AU_LINUX_ANDROID_LA.UM.5.7.R1.07.01.01.253.109
10-21 11:57:09.430 16396 16443 I Adreno GLES: Remote Branch                    : NONE
10-21 11:57:09.430 16396 16443 I Adreno GLES: Reconstruct Branch               : NOTHING
10-21 11:57:09.430 16396 16443 I Adreno GLES: Build Config                     : S P 6.0.9 AArch32
10-21 11:57:09.431  2181  2181 D VrRuntimeService: onFocusedWindowChanged: topWindowToken=android.os.BinderProxy@cbc4e9a, topWindowUid=10108
10-21 11:57:09.431  2181  2181 W ClientMgr: ClientMgr::SetPrimaryCompositorClient: No active client
10-21 11:57:09.431  2181  2181 W VrRuntimeServer: VrRuntimeServer_SetCompositorSharedMemory: Invalid Warp
10-21 11:57:09.431  2181  2181 W VrRuntimeServer: VrRuntimeServer_ReleaseClockLevels: Invalid Warp when trying to release levels.
10-21 11:57:09.436 16396 16443 I Adreno GLES: Found an ESX Settings File: /data/misc/gpu/esx_config.txt
10-21 11:57:09.438 16396 16443 I Adreno GLES: Found an ESX Settings File: /data/misc/gpu/esx_config.txt
10-21 11:57:09.439 16396 16441 D UE4     : LogAndroidEvents::EnqueueAppEvent : 12, 0, tid = 16441, APP_EVENT_STATE_SAVE_STATE
10-21 11:57:09.439 16396 16443 I Adreno GLES: PFP: 0x005ff112, ME: 0x005ff066
10-21 11:57:09.439 16396 16443 I Adreno GLES: Found an ESX Settings File: /data/misc/gpu/esx_config.txt
10-21 11:57:09.445  1918  1933 W LibraryProvider: Cannot find entitlement for com.YourCompany.LastResisters
10-21 11:57:09.446  1764  1764 W OCMSLibrary: null cursor received for query content://com.oculus.ocms.library/apps/com.YourCompany.LastResisters
10-21 11:57:09.446  1764  1764 I PlatformPluginManager: Empty clients, initing
10-21 11:57:09.446  1764  1764 I PlatformPluginManager: Calling init()
10-21 11:57:09.446  1764  1764 I PlatformPluginManager: Not docked, aborting init
10-21 11:57:09.446  1764  1764 I PlatformPluginManager: Init failed in connect(). Shutting down?
10-21 11:57:09.446  1764  1764 W System.err: java.lang.Exception: Stack trace
10-21 11:57:09.447  1764  1764 W System.err: 	at java.lang.Thread.dumpStack(Thread.java:1376)
10-21 11:57:09.447  1764  1764 W System.err: 	at com.oculus.horizon.platformplugin.PlatformPluginManager.connect(PlatformPluginManager.java:537)
10-21 11:57:09.447  1764  1764 W System.err: 	at com.oculus.horizon.platformplugin.PlatformPluginManager.connect(PlatformPluginManager.java:446)
10-21 11:57:09.447  1764  1764 W System.err: 	at com.oculus.horizon.service_media.OVRMediaServiceManager.safeGetPPM(OVRMediaServiceManager.java:293)
10-21 11:57:09.447  1764  1764 W System.err: 	at com.oculus.horizon.service_media.OVRMediaServiceManager.onAppSwitch(OVRMediaServiceManager.java:1105)
10-21 11:57:09.447  1764  1764 W System.err: 	at com.oculus.horizon.service_media.AppSwitchManager.onAppSwitch(AppSwitchManager.java:66)
10-21 11:57:09.447  1764  1764 W System.err: 	at com.oculus.horizon.service_media.AppSwitchManager.onAppSwitch(AppSwitchManager.java:70)
10-21 11:57:09.447  1764  1764 W System.err: 	at com.oculus.horizon.service_media.OVRMediaService$1.onForegroundAppUpdate(OVRMediaService.java:82)
10-21 11:57:09.447  1764  1764 W System.err: 	at com.oculus.horizon.service_media.ForegroundAppChecker.handleNewForegroundAppInfo(ForegroundAppChecker.java:90)
10-21 11:57:09.447  1764  1764 W System.err: 	at com.oculus.horizon.service_media.ForegroundAppChecker.access$100(ForegroundAppChecker.java:26)
10-21 11:57:09.447  1764  1764 W System.err: 	at com.oculus.horizon.service_media.ForegroundAppChecker$TopWindowManager$TopWindowObserver.onFocusedWindowChanged(ForegroundAppChecker.java:115)
10-21 11:57:09.447  1764  1764 W System.err: 	at com.oculus.os.ActivityManagerUtils$WindowLayoutObserverWrapper$1.run(ActivityManagerUtils.java:114)
10-21 11:57:09.447  1764  1764 W System.err: 	at android.os.Handler.handleCallback(Handler.java:751)
10-21 11:57:09.447  1764  1764 W System.err: 	at android.os.Handler.dispatchMessage(Handler.java:95)
10-21 11:57:09.447  1764  1764 W System.err: 	at android.os.Looper.loop(Looper.java:154)
10-21 11:57:09.447  1764  1764 W System.err: 	at android.app.ActivityThread.main(ActivityThread.java:6144)
10-21 11:57:09.447  1764  1764 W System.err: 	at java.lang.reflect.Method.invoke(Native Method)
10-21 11:57:09.447  1764  1764 W System.err: 	at com.android.internal.os.ZygoteInit$MethodAndArgsCaller.run(ZygoteInit.java:886)
10-21 11:57:09.447  1764  1764 W System.err: 	at com.android.internal.os.ZygoteInit.main(ZygoteInit.java:776)
10-21 11:57:09.450 16396 16443 I OpenGLRenderer: Initialized EGL, version 1.4
10-21 11:57:09.450 16396 16443 D OpenGLRenderer: Swap behavior 1
10-21 11:57:09.459  1918  3549 W LibraryProvider: Cannot find entitlement for com.YourCompany.LastResisters
10-21 11:57:09.459  1764  1764 W OCMSLibrary: null cursor received for query content://com.oculus.ocms.library/apps/com.YourCompany.LastResisters
10-21 11:57:09.459  1764  1764 I PlatformPluginManager: onAppStart com.YourCompany.LastResisters false
10-21 11:57:09.459  1764  1764 E PlatformPluginManager: onAppStart called before init
10-21 11:57:09.460  1764  1764 E OVRMediaServiceManager: LivestreamingManager Not initialized
10-21 11:57:09.466 16396 16441 D UE4     : LogAndroidEvents::EnqueueAppEvent : 8, 0, tid = 16441, APP_EVENT_STATE_ON_STOP
10-21 11:57:09.466 16396 16396 D UE4     : ==============> GameActive.onStop complete!
10-21 11:57:09.505 16396 16441 D UE4     : LogAndroidEvents::EnqueueAppEvent : 11, 0, tid = 16441, APP_EVENT_STATE_WINDOW_GAINED_FOCUS
10-21 11:57:09.508 16396 16396 W IInputConnectionWrapper: reportFullscreenMode on inexistent InputConnection
10-21 11:57:09.536  1826  1981 I OsSdk   : will wait 60 seconds before retrying
10-21 11:57:09.570 16396 16440 D UE4     : EGL Extensions: 
10-21 11:57:09.570 16396 16440 D UE4     : EGL_KHR_get_all_proc_addresses EGL_ANDROID_presentation_time EGL_KHR_swap_buffers_with_damage EGL_ANDROID_create_native_client_buffer EGL_ANDROID_front_buffer_auto_refresh EGL_KHR_image EGL_KHR_image_base EGL_KHR_lock_surface EGL_KHR_gl_texture_2D_image EGL_KHR_gl_texture_3D_image EGL_KHR_gl_texture_cubemap_image EGL_KHR_gl_renderbuffer_image EGL_KHR_reusable_sync EGL_KHR_fence_sync EGL_KHR_create_context EGL_KHR_surfaceless_context EGL_EXT_create_context_robustness EGL_ANDROID_image_native_buffer EGL_KHR_wait_sync EGL_ANDROID_recordable EGL_KHR_partial_update EGL_KHR_create_context_no_error EGL_KHR_mutable_render_buffer EGL_EXT_yuv_surface EGL_EXT_protected_content 
10-21 11:57:09.572 16396 16440 D UE4     : FAndroidGPUInfo
10-21 11:57:09.572 16396 16440 D UE4     : AndroidEGL::InitSurface 0, 0
10-21 11:57:09.573 16396 16440 D UE4     : [JAVA] - SetDesiredViewSize width=2880 and height=1600
10-21 11:57:09.573 16396 16440 D UE4     : AndroidEGL::CreateEGLSurface(0), eglSurface = eglCreatePbufferSurface(), 8x8
10-21 11:57:09.573 16396 16440 D UE4     : AndroidEGL::CreateEGLSurface(0), auxSurface = eglCreatePbufferSurface(), 8x8
10-21 11:57:09.577 16396 16440 D vulkan  : searching for layers in '/data/app/com.YourCompany.LastResisters-1/lib/arm'
10-21 11:57:09.577 16396 16440 D vulkan  : searching for layers in '/system/fake-libs'
10-21 11:57:09.577 16396 16440 D vulkan  : searching for layers in '/data/app/com.YourCompany.LastResisters-1/base.apk!/lib/armeabi-v7a'
10-21 11:57:09.577 16396 16440 I Adreno VK: QUALCOMM build          : b8c103d, I8a36212832
10-21 11:57:09.577 16396 16440 I Adreno VK: Build Date              : 05/17/19
10-21 11:57:09.577 16396 16440 I Adreno VK: Shader Compiler Version : EV031.26.12.00
10-21 11:57:09.577 16396 16440 I Adreno VK: Local Branch            : 
10-21 11:57:09.577 16396 16440 I Adreno VK: Remote Branch           : refs/tags/AU_LINUX_ANDROID_LA.UM.5.7.R1.07.01.01.253.109
10-21 11:57:09.577 16396 16440 I Adreno VK: Remote Branch           : NONE
10-21 11:57:09.577 16396 16440 I Adreno VK: Reconstruct Branch      : NOTHING
10-21 11:57:09.577 16396 16440 I Adreno VK: Build Config            : G O 9.9.0 AArch32
10-21 11:57:09.650 16396 16440 D UE4     : LogPluginManager: Mounting plugin Paper2D
10-21 11:57:09.653 16396 16440 D UE4     : LogPluginManager: Mounting plugin AISupport
10-21 11:57:09.656 16396 16440 D UE4     : LogPluginManager: Mounting plugin LightPropagationVolume
10-21 11:57:09.659 16396 16440 D UE4     : LogPluginManager: Mounting plugin AnimationSharing
10-21 11:57:09.661 16396 16440 D UE4     : LogPluginManager: Mounting plugin AssetManagerEditor
10-21 11:57:09.664 16396 16440 D UE4     : LogPluginManager: Mounting plugin CryptoKeys
10-21 11:57:09.666 16396 16440 D UE4     : LogPluginManager: Mounting plugin CurveEditorTools
10-21 11:57:09.669 16396 16440 D UE4     : LogPluginManager: Mounting plugin FacialAnimation
10-21 11:57:09.671 16396 16440 D UE4     : LogPluginManager: Mounting plugin DatasmithContent
10-21 11:57:09.674 16396 16440 D UE4     : LogPluginManager: Mounting plugin VariantManagerContent
10-21 11:57:09.677 16396 16440 D UE4     : LogPluginManager: Mounting plugin AlembicImporter
10-21 11:57:09.679 16396 16440 D UE4     : LogPluginManager: Mounting plugin AutomationUtils
10-21 11:57:09.682 16396 16440 D UE4     : LogPluginManager: Mounting plugin BackChannel
10-21 11:57:09.684 16396 16440 D UE4     : LogPluginManager: Mounting plugin CharacterAI
10-21 11:57:09.686 16396 16440 D UE4     : LogPluginManager: Mounting plugin GeometryCache
10-21 11:57:09.689 16396 16440 D UE4     : LogPluginManager: Mounting plugin PlatformCrypto
10-21 11:57:09.692 16396 16440 D UE4     : LogPluginManager: Mounting plugin AndroidMedia
10-21 11:57:09.694 16396 16440 D UE4     : LogPluginManager: Mounting plugin ImgMedia
10-21 11:57:09.697 16396 16440 D UE4     : LogPluginManager: Mounting plugin MediaCompositing
10-21 11:57:09.699 16396 16440 D UE4     : LogPluginManager: Mounting plugin TcpMessaging
10-21 11:57:09.702 16396 16440 D UE4     : LogPluginManager: Mounting plugin UdpMessaging
10-21 11:57:09.705 16396 16440 D UE4     : LogPluginManager: Mounting plugin ActorSequence
10-21 11:57:09.707 16396 16440 D UE4     : LogPluginManager: Mounting plugin NetcodeUnitTest
10-21 11:57:09.710 16396 16440 D UE4     : LogPluginManager: Mounting plugin NUTUnrealEngine4
10-21 11:57:09.712 16396 16440 D UE4     : LogPluginManager: Mounting plugin OnlineSubsystemGooglePlay
10-21 11:57:09.715 16396 16440 D UE4     : LogPluginManager: Mounting plugin OnlineSubsystem
10-21 11:57:09.718 16396 16440 D UE4     : LogPluginManager: Mounting plugin OnlineSubsystemNull
10-21 11:57:09.720 16396 16440 D UE4     : LogPluginManager: Mounting plugin OnlineSubsystemUtils
10-21 11:57:09.723 16396 16440 D UE4     : LogPluginManager: Mounting plugin AndroidDeviceProfileSelector
10-21 11:57:09.725 16396 16440 D UE4     : LogPluginManager: Mounting plugin AndroidMoviePlayer
10-21 11:57:09.727 16396 16440 D UE4     : LogPluginManager: Mounting plugin AndroidPermission
10-21 11:57:09.730 16396 16440 D UE4     : LogPluginManager: Mounting plugin AppleImageUtils
10-21 11:57:09.732 16396 16440 D UE4     : LogPluginManager: Mounting plugin ArchVisCharacter
10-21 11:57:09.735 16396 16440 D UE4     : LogPluginManager: Mounting plugin AudioCapture
10-21 11:57:09.737 16396 16440 D UE4     : LogPluginManager: Mounting plugin CableComponent
10-21 11:57:09.740 16396 16440 D UE4     : LogPluginManager: Mounting plugin CustomMeshComponent
10-21 11:57:09.742 16396 16440 D UE4     : LogPluginManager: Mounting plugin EditableMesh
10-21 11:57:09.745 16396 16440 D UE4     : LogPluginManager: Mounting plugin ExampleDeviceProfileSelector
10-21 11:57:09.747 16396 16440 D UE4     : LogPluginManager: Mounting plugin GoogleCloudMessaging
10-21 11:57:09.750 16396 16440 D UE4     : LogPluginManager: Mounting plugin LocationServicesBPLibrary
10-21 11:57:09.752 16396 16440 D UE4     : LogPluginManager: Mounting plugin MobilePatchingUtils
10-21 11:57:09.755 16396 16440 D UE4     : LogPluginManager: Mounting plugin OculusVR
10-21 11:57:09.758 16396 16440 D UE4     : LogPluginManager: Mounting plugin PhysXVehicles
10-21 11:57:09.761 16396 16440 D UE4     : LogPluginManager: Mounting plugin ProceduralMeshComponent
10-21 11:57:09.764 16396 16440 D UE4     : LogPluginManager: Mounting plugin RuntimePhysXCooking
10-21 11:57:09.767 16396 16440 D UE4     : LogPluginManager: Mounting plugin SignificanceManager
10-21 11:57:09.769 16396 16440 D UE4     : LogPluginManager: Mounting plugin ScreenshotTools
10-21 11:57:09.820 16396 16440 D UE4     : LogInit: Using libcurl 7.46.0
10-21 11:57:09.820 16396 16440 D UE4     : LogInit:  - built for arm-unknown-linux-androideabi
10-21 11:57:09.821 16396 16440 D UE4     : LogInit:  - supports SSL with OpenSSL/1.0.1s
10-21 11:57:09.821 16396 16440 D UE4     : LogInit:  - supports HTTP deflate (compression) using libz 1.2.8
10-21 11:57:09.821 16396 16440 D UE4     : LogInit:  - other features:
10-21 11:57:09.821 16396 16440 D UE4     : LogInit:      CURL_VERSION_SSL
10-21 11:57:09.821 16396 16440 D UE4     : LogInit:      CURL_VERSION_LIBZ
10-21 11:57:09.821 16396 16440 D UE4     : LogInit:      CURL_VERSION_IPV6
10-21 11:57:09.821 16396 16440 D UE4     : LogInit:      CURL_VERSION_ASYNCHDNS
10-21 11:57:09.821 16396 16440 D UE4     : LogInit:      CURL_VERSION_TLSAUTH_SRP
10-21 11:57:09.821 16396 16440 D UE4     : LogInit:  CurlRequestOptions (configurable via config and command line):
10-21 11:57:09.821 16396 16440 D UE4     : LogInit:  - bVerifyPeer = true  - Libcurl will verify peer certificate
10-21 11:57:09.821 16396 16440 D UE4     : LogInit:  - bUseHttpProxy = false  - Libcurl will NOT use HTTP proxy
10-21 11:57:09.821 16396 16440 D UE4     : LogInit:  - bDontReuseConnections = false  - Libcurl will reuse connections
10-21 11:57:09.821 16396 16440 D UE4     : LogInit:  - MaxHostConnections = 16  - Libcurl will limit the number of connections to a host
10-21 11:57:09.821 16396 16440 D UE4     : LogInit:  - LocalHostAddr = Default
10-21 11:57:09.821 16396 16440 D UE4     : LogInit:  - BufferSize = 65536
10-21 11:57:09.822 16396 16440 D UE4     : LogOnline: Display: OSS: OnlineSubsystemGooglePlayModule::StartupModule()
10-21 11:57:09.822 16396 16440 D UE4     : LogOnline: OSS: Creating online subsystem instance for: GooglePlay
10-21 11:57:09.822 16396 16440 D UE4     : LogOnline: Warning: OSS: FOnlineSubsystemGooglePlayModule was disabled
10-21 11:57:09.822 16396 16440 D UE4     : LogOnline: OSS: Unable to create OnlineSubsystem module GooglePlay
10-21 11:57:09.822 16396 16440 D UE4     : LogOnline: OSS: Creating online subsystem instance for: NULL
10-21 11:57:09.823 16396 16440 D UE4     : LogOnline: OSS: Creating online subsystem instance for: GooglePlay
10-21 11:57:09.823 16396 16440 D UE4     : LogOnline: Warning: OSS: FOnlineSubsystemGooglePlayModule was disabled
10-21 11:57:09.823 16396 16440 I VrApiLoader: VrApi Loader Version: 1.1.22.0-0-0 Feb  4 2019 14:42:09 
10-21 11:57:09.826 16396 16440 W System  : ClassLoader referenced unknown path: /system/priv-app/VrDriver/lib/arm
10-21 11:57:09.826 16396 16440 D ApplicationLoaders: ignored Vulkan layer search path /system/priv-app/VrDriver/lib/arm:/system/priv-app/VrDriver/VrDriver.apk!/lib/armeabi-v7a:/system/lib:/vendor/lib for namespace 0xf45f5090
10-21 11:57:09.828 16396 16440 V VrDriver: Loading 32-bit VrDriver.
10-21 11:57:09.831 16396 16440 I Distortion: SetLensPositions - iad=0.062, left offset=0.00119,0, right offset=-0.00449,0
10-21 11:57:09.831 16396 16440 I Distortion: SetLensPositions - iad=0.062, left offset=0.00119,0, right offset=-0.00449,0
10-21 11:57:09.832 16396 16440 I DriverLoader: *Adding Layer: GoCompatibility
10-21 11:57:09.832 16396 16440 I DriverLoader: About to call StartLayer in vrapilayers.GoCompatibility
10-21 11:57:09.832 16396 16440 D GoCompatibility: GoCompatibility StartLayer: Loading libgocompatibility.so
10-21 11:57:09.833 16396 16440 I GoCompatibility: JNI_OnLoad() for GoCompatibility
10-21 11:57:09.833 16396 16440 I GoCompatibility: VrApiLayer: GoCompatibility
10-21 11:57:09.833 16396 16440 I VrApiLayers: Initializing VrApiLayer
10-21 11:57:09.833 16396 16440 I DriverLoader: VrapiLayer GoCompatibility started
10-21 11:57:09.834 16396 16440 I GoCompatibility: GoCompatibility: vrapi_Initialize_Hooked(1 1 22 0 0x10200)
10-21 11:57:09.834 16396 16440 I VrApi   : ----------- vrapi_Initialize [start] ----------
10-21 11:57:09.836 16396 16440 I RuntimeHelpers: allow_multiclient_prop = 0
10-21 11:57:09.837 16396 16440 I VrRuntimeClient: VrRuntimeClient: Init
10-21 11:57:09.838 16396 16440 I DeviceProperties_Android: ovrDeviceProperties::Initialize
10-21 11:57:09.840 16396 16440 I DeviceProperties_Android: Headset Model: 'monterey:SDC:SDINDDH4-128G   '
10-21 11:57:09.840 16396 16461 D OsSdk   : Connected to unified telemetry service.
10-21 11:57:09.841 16396 16440 I DeviceProperties_Android: Device Model: 'monterey'
10-21 11:57:09.842 16396 16440 I DeviceProperties_Android: Device Region: 'US'
10-21 11:57:09.842 16396 16440 I DeviceProperties_Android: GPU Type: 'ADRENO_540'
10-21 11:57:09.843 16396 16461 I OsSdk   : will wait 60 seconds before retrying
10-21 11:57:09.843 16396 16440 I DeviceProperties_Android: Num Refresh Rates Supported 2
10-21 11:57:09.843 16396 16440 I DeviceProperties_Android: Refresh Rate (0): 60.000000Hz
10-21 11:57:09.843 16396 16440 I DeviceProperties_Android: Refresh Rate (1): 72.000000Hz
10-21 11:57:09.843 16396 16440 I OSSDK   : CalibrationManager: Using standalone implementation
10-21 11:57:09.846 16396 16440 I DeviceProperties_Android: DisplayParms.ScanoutDirection = 3
10-21 11:57:09.846 16396 16440 I DeviceProperties_Android: DisplayParms.ShutterType = 0
10-21 11:57:09.846 16396 16440 I DeviceProperties_Android: DisplayParms.timing = 0.500000 1.000000
10-21 11:57:09.846 16396 16440 I DeviceProperties_Android: DisplayParms.prediction = (1.000000 1.500000) (1.500000 2.000000)
10-21 11:57:09.847 16396 16440 I DeviceProperties_Android: getDisplayDimensions returned: 2880, 1600
10-21 11:57:09.847 16396 16461 I OsSdk   : will wait 60 seconds before retrying
10-21 11:57:09.847 16396 16440 I DeviceProperties_Android: ovrDeviceProperties: OVR_DEVICE_CAPABILITY_POSITIONAL_TRACKING_BIT
10-21 11:57:09.847 16396 16440 I DeviceProperties_Android: ovrDeviceProperties: OVR_DEVICE_CAPABILITY_MULTIVIEW_BIT
10-21 11:57:09.847 16396 16440 I DeviceProperties_Android: ovrDeviceProperties: OVR_DEVICE_CAPABILITY_PROTECTED_CONTENT_BIT
10-21 11:57:09.847 16396 16440 I DeviceProperties_Android: ovrDeviceProperties: OVR_DEVICE_CAPABILITY_SRGB_SCANOUT_SUPPORT_BIT
10-21 11:57:09.847 16396 16440 I DeviceProperties_Android: ovrDeviceProperties: OVR_DEVICE_CAPABILITY_DYNAMIC_DISPLAY_REFRESH_RATE_BIT
10-21 11:57:09.847 16396 16440 I DeviceProperties_Android: ovrDeviceProperties: OVR_DEVICE_CAPABILITY_MEMORY_EXPORT_BIT
10-21 11:57:09.847 16396 16440 I DeviceProperties_Android: ovrDeviceProperties: OVR_DEVICE_CAPABILITY_FIXED_FOVEATED_RENDERING_BIT
10-21 11:57:09.847 16396 16440 I VrRuntimeClient: RuntimeService Enabled
10-21 11:57:09.847 16396 16440 I RuntimeHelpers: ShouldEnableOOPComposition: oopc_enabled_prop = -1
10-21 11:57:09.847 16396 16440 I RuntimeHelpers: ShouldEnableOOPComposition: enabled 1
10-21 11:57:09.847 16396 16440 I RuntimeHelpers: IsOopCompositionEnabled: enabled
10-21 11:57:09.847 16396 16440 I RuntimeHelpers: OOP_INPUT: oopi_enabled_prop = 1
10-21 11:57:09.863 16396 16440 I VrRuntimeClient: InsideFlailLockoutGKorSysProp true
10-21 11:57:09.863 16396 16440 I VrRuntimeClient: Flail Lockout Hand: 'combined'
10-21 11:57:09.863 16396 16440 I VrRuntimeClient: Flail Lockout Slow Test: '50'  Change '0.05'
10-21 11:57:09.863 16396 16440 I VrRuntimeClient: Flail Lockout Fast Test: '100'  Change '0.1'
10-21 11:57:09.863 16396 16440 I VrRuntimeClient: Flail Lockout Menu button: 1
10-21 11:57:09.863 16396 16440 D VrRuntimeClient: VrRuntimeClient: initialize. inContext: com.epicgames.ue4.GameActivity@96eab3a
10-21 11:57:09.866   705  1004 I OsSdk   : will wait 60 seconds before retrying
10-21 11:57:09.867  2181  2181 D VrRuntimeService: onStartCommand
10-21 11:57:09.867 16396 16440 D LoggingService: Binding to logging service
10-21 11:57:09.868 16396 16440 D LoggingService: Logging Package version: 9.0.0.129.473
10-21 11:57:09.870 16396 16440 I Breakpad: Breakpad Init
10-21 11:57:09.870   705  1004 I OsSdk   : will wait 60 seconds before retrying
10-21 11:57:09.870 16396 16396 D LoggingService: Connected to logging service: ComponentInfo{com.oculus.horizon/com.oculus.horizon.service.SDKLoggingService}
10-21 11:57:09.877 16396 16440 I Breakpad: Mobile Breakpad GK is disabled
10-21 11:57:09.877 16396 16440 I Breakpad: Breakpad for Native crashes disabled
10-21 11:57:09.877 16396 16440 D SystemActivitiesReceiver: Registering Oculus System Activity receiver
10-21 11:57:09.889 16396 16440 I SystemUtils_Internal: ShellSystemUtilsAnytimeUICapability: 2
10-21 11:57:09.889 16396 16440 D VrRuntimeClient: connectToService
10-21 11:57:09.889 16396 16440 D VrRuntimeClient: VrRuntimeClient: creating new service
10-21 11:57:09.891 16396 16440 D VrRuntimeClient: VrRuntimeClient: Waiting on connection...
10-21 11:57:09.891  2181  2181 D VrRuntimeService: onStartCommand
10-21 11:57:09.891 16396 16462 D VrRuntimeClient: VrRuntimeClient: Service connected.
10-21 11:57:09.892  2181  4394 I ClientMgr: ClientMgr::CreateClient: 16396:com.YourCompany.LastResisters
10-21 11:57:09.892  2181  4394 I SharedMemoryServer: SharedMemoryServer::MapMemory: Allocated shared memory fd 65 (VrRuntimeService_PrivateReadWrite_com.YourCompany.LastResisters)
10-21 11:57:09.892  2181  4394 W Vulkan_Utils: Memory type 24 with properties 10 not found.
10-21 11:57:09.892  2181  4394 I BufferObject: ovrBufferObjectFactory::Initialize BufferSize=4096, Fd=69, AllocSize=9568, VkBuffer=0x7f793a3300, VkMemory=0x7f779c0d80, Mapping=0x7f7cf68000
10-21 11:57:09.892  2181  4394 I GuardianSystem: SetCurrentPackageName: com.YourCompany.LastResisters
10-21 11:57:09.892  2181  4394 I GuardianSystem: SetCurrentPackageName: Return package changed: com.YourCompany.LastResisters
10-21 11:57:09.893  2181  2282 D VrRuntimeService: IVrRuntimeClient.Stub().getSharedMemoryFileDescriptor()
10-21 11:57:09.893  2181  2282 I VrRuntimeService: SharedMemoryDebug: nativeGetSharedMemoryPublicReadOnlyFd: 35
10-21 11:57:09.894  2181  2282 D VrRuntimeService: getSharedMemoryFileDescriptor fd (VrRuntimeService) 35
10-21 11:57:09.894  2181  2196 D VrRuntimeService: IVrRuntimeClient.Stub().getSharedMemoryPrivateReadWriteFileDescriptor()
10-21 11:57:09.894  2181  2196 I VrRuntimeService: SharedMemoryDebug: nativeGetSharedMemoryPrivateReadWriteFd: 65
10-21 11:57:09.894  2181  2196 D VrRuntimeService: getSharedMemoryPrivateReadWriteFileDescriptor fd (VrRuntimeService) 65
10-21 11:57:09.895  2181  2199 D VrRuntimeService: IVrRuntimeClient.Stub().getBufferObjectImportInfo()
10-21 11:57:09.897 16396 16462 I VrRuntimeClient: nativeRuntimeServiceConnected: publicReadOnlyFd=72, privateReadWriteFd=73, bufferObjectFd=74
10-21 11:57:09.897 16396 16440 D VrRuntimeClient: VrRuntimeClient: connectionIsReady: true
10-21 11:57:09.898 16396 16440 D VrRuntimeClient: VrRuntimeClient: context.bindService SUCCESS
10-21 11:57:09.898 16396 16440 I AudioCapture: AudioCapture::Init
10-21 11:57:09.899   705  1004 I OsSdk   : will wait 60 seconds before retrying
10-21 11:57:09.901 16396 16440 I AudioCapture: AudioCapture::Init -> Initializing audio capture using direct OS Callbacks
10-21 11:57:09.901 16396 16440 I AudioCapture: AudioCapture::Init COMPLETE
10-21 11:57:09.902 16396 16440 I Distortion: SetLensPositions - iad=0.0635, left offset=-0.002986,-0.00272, right offset=0.002986,-0.00272
10-21 11:57:09.902 16396 16440 I Distortion: SetLensPositions - iad=0.0635, left offset=-0.002986,-0.00272, right offset=0.002986,-0.00272
10-21 11:57:09.902 16396 16440 I OSSDK   : CalibrationManager: Using standalone implementation
10-21 11:57:09.905   705  1004 I OsSdk   : will wait 60 seconds before retrying
10-21 11:57:09.907 16396 16440 I Distortion: Loaded distortion file from Calibration Manager
10-21 11:57:09.907 16396 16440 I Distortion: ovrDistortionMeshHeader::magic = 0x56347807
10-21 11:57:09.907 16396 16440 I Distortion: ovrDistortionMeshHeader::deviceModel = 0x101
10-21 11:57:09.907 16396 16440 I Distortion: ovrDistortionMeshHeader::headsetModel = 0x103
10-21 11:57:09.907 16396 16440 I Distortion: ovrDistortionMeshHeader::eyeBlocksWide = 32
10-21 11:57:09.907 16396 16440 I Distortion: ovrDistortionMeshHeader::eyeBlocksHigh = 32
10-21 11:57:09.907 16396 16440 I Distortion: ovrDistortionMeshHeader::lensSeparationMeters = 0.053428
10-21 11:57:09.907 16396 16440 I Distortion: ovrDistortionMeshHeader::horizontalOffsetMeters = 0.000000
10-21 11:57:09.907 16396 16440 I Distortion: ovrDistortionMeshHeader::displayWidthMeters = 0.118800
10-21 11:57:09.907 16396 16440 I Distortion: ovrDistortionMeshHeader::displayHeightMeters = 0.066000
10-21 11:57:09.907 16396 16440 I Distortion: ovrDistortionMeshHeader::displayWidthPixels = 2880
10-21 11:57:09.907 16396 16440 I Distortion: ovrDistortionMeshHeader::displayHeightPixels = 1600
10-21 11:57:09.908 16396 16440 I Distortion: ovrDistortionMeshHeader::eyeTextureWidthPixels = 1216
10-21 11:57:09.908 16396 16440 I Distortion: ovrDistortionMeshHeader::eyeTextureHeightPixels = 1344
10-21 11:57:09.908 16396 16440 I Distortion: ovrDistortionMeshHeader::leftEye = up 47.000000 / down 53.000000 / left 52.000000 / right 42.000000
10-21 11:57:09.908 16396 16440 I Distortion: ovrDistortionMeshHeader::rightEye = up 47.000000 / down 53.000000 / left 42.000000 / right 52.000000
10-21 11:57:09.908 16396 16440 I TrackingServiceClient: initialize
10-21 11:57:09.909 16396 16440 D TrackingServiceClient: onInitialize
10-21 11:57:09.912 16396 16440 I InputHooks: InitializeInputHooks
10-21 11:57:09.912 16396 16440 I InputHooks: InitializeInputHooks create
10-21 11:57:09.912 16396 16440 I InputHooks: InitializeInputHookscreated calling init
10-21 11:57:09.912 16396 16440 I InputHooks_Internal: SetReorientHMDOnControllerRecenter = false
10-21 11:57:09.912 16396 16440 I InputHooks_Internal: SetBlockRemoteButtonsWhenNotEmulatingHMT = true
10-21 11:57:09.912 16396 16440 I InputHooks_Internal: SetLatchBackButtonEntireFrame = true
10-21 11:57:09.912 16396 16440 D VrRuntimeClient: getClient6dofEntitlementMode for com.YourCompany.LastResisters
10-21 11:57:09.919  1918  1938 W PublicLibraryProvider: Cannot find entitlement for com.YourCompany.LastResisters
10-21 11:57:09.920 16396 16440 I VrApi   : ----------- vrapi_Initialize [end] ----------
10-21 11:57:09.920 16396 16440 I GoCompatibility: Determining Emulation mode for com.YourCompany.LastResisters
10-21 11:57:09.920 16396 16440 I GoCompatibility: enitlement mode unkown so checking manifest for Go Compatibility
10-21 11:57:09.920 16396 16440 D GoCompatibility: PackageName: com.YourCompany.LastResisters
10-21 11:57:09.921 16396 16440 I GoCompatibility: headtracking feature in manifest, GoCompatibility disabled.
10-21 11:57:09.921 16396 16440 I OVRPlugin: VkInstanceExtensions:
10-21 11:57:09.922 16396 16440 I OVRPlugin:   VK_KHR_surface
10-21 11:57:09.922 16396 16440 I OVRPlugin:   VK_KHR_android_surface
10-21 11:57:09.922 16396 16440 I OVRPlugin:   VK_KHR_get_physical_device_properties2
10-21 11:57:09.922 16396 16440 I OVRPlugin: VkDeviceExtensions:
10-21 11:57:09.922 16396 16440 I OVRPlugin:   VK_KHR_swapchain
10-21 11:57:09.922 16396 16440 I OVRPlugin:   VK_KHR_external_memory_fd
10-21 11:57:09.922 16396 16440 I GoCompatibility: GoCompatibility: vrapi_shutdown_Hooked()
10-21 11:57:09.922 16396 16440 I VrApi   : ------------ vrapi_Shutdown [start] -----------
10-21 11:57:09.922 16396 16440 D TrackingServiceClient: onShutdown
10-21 11:57:09.922 16396 16440 I AudioCapture: AudioCapture::Shutdown
10-21 11:57:09.922 16396 16440 I AudioCapture: AudioCapture::StopAudioConsumerThread
10-21 11:57:09.922 16396 16440 I AudioCapture: AudioCapture::StopAudioConsumerThread COMPLETE
10-21 11:57:09.922 16396 16440 I AudioCapture: AudioCapture::Shutdown COMPLETE
10-21 11:57:09.922 16396 16440 D SystemActivitiesReceiver: Unregistering Oculus System Activity receiver
10-21 11:57:09.925 16396 16440 I Breakpad: Breakpad Shutdown
10-21 11:57:09.925 16396 16440 I VrRuntimeClient: DisableGlFunctionHooks
10-21 11:57:09.925 16396 16440 I BufferObject: ovrBufferObjectFactory::Shutdown
10-21 11:57:09.925 16396 16440 I BufferObject: ovrBufferObjectFactory: closing fd=74
10-21 11:57:09.925 16396 16440 I RenderUtils: ovrRenderUtils::Shutdown - not initialized
10-21 11:57:09.925 16396 16440 D VrRuntimeClient: VrRuntimeClient: shutdown.
10-21 11:57:09.925 16396 16440 D VrRuntimeClient: VrRuntimeClient: Performing disconnect
10-21 11:57:09.926  2181  2282 D VrRuntimeService: VrRuntimeService: destroyClientInternal: com.YourCompany.LastResisters, pid: 16396, window: null
10-21 11:57:09.926  2181  2282 I ClientMgr: ClientMgr::DestroyClient: 16396:com.YourCompany.LastResisters
10-21 11:57:09.926  2181  2282 I ClientMgr: ClientMgr::DestroyClient: non-deferred ShutdownResources: 18446744073709551615 == 18446744073709551615 
10-21 11:57:09.927  2181  2282 I BufferObject: ovrBufferObjectFactory::Shutdown
10-21 11:57:09.927  2181  2282 I BufferObject: ovrBufferObjectFactory: closing fd=69
10-21 11:57:09.927  2181  2282 I BufferObject: ovrBufferObjectFactory: unmapping Vulkan memory
10-21 11:57:09.927  2181  2282 I BufferObject: ovrBufferObjectFactory: destroying Vulkan buffer=547494703872
10-21 11:57:09.927  2181  2282 I BufferObject: ovrBufferObjectFactory: freeing Vulkan memory=547467562368
10-21 11:57:09.929 16396 16440 I VrRuntimeClient: nativeRuntimeServiceConnected: publicReadOnlyFd=-1, privateReadWriteFd=-1, bufferObjectFd=-1
10-21 11:57:09.929 16396 16440 I VrApi   : ------------ vrapi_Shutdown [end] -----------
10-21 11:57:09.931 16396 16440 I OVRPlugin: ProfilerSystem: verbose mode 0
10-21 11:57:09.931 16396 16440 D UE4     : LogInit: Build: ++UE4+Release-4.23-CL-8386587
10-21 11:57:09.931 16396 16440 D UE4     : LogInit: Engine Version: 4.23.0-8386587+++UE4+Release-4.23
10-21 11:57:09.931 16396 16440 D UE4     : LogInit: Compatible Engine Version: 4.23.0-8386587+++UE4+Release-4.23
10-21 11:57:09.932 16396 16440 D UE4     : LogInit: Net CL: 8386587
10-21 11:57:09.932 16396 16440 D UE4     : LogInit: OS: Android (7.1.1), CPU: Quest, GPU: Adreno (TM) 540
10-21 11:57:09.932 16396 16440 D UE4     : LogInit: Compiled (32-bit): Aug 31 2019 02:50:29
10-21 11:57:09.932 16396 16440 D UE4     : LogInit: Compiled with Clang: 3.8.275480 
10-21 11:57:09.932 16396 16440 D UE4     : LogInit: Build Configuration: Development
10-21 11:57:09.932 16396 16440 D UE4     : LogInit: Branch Name: ++UE4+Release-4.23
10-21 11:57:09.932 16396 16440 D UE4     : LogInit: Command Line:   /Game/VirtualRealityBP/Maps/PlayerMoveTestMap -Messaging -SessionId=ADA28BF34E72E820D316A49AD2AEFC80 -SessionOwner="s172078" -SessionName="Launch On Device" -iterative
10-21 11:57:09.932 16396 16440 D UE4     : LogInit: Base Directory: 
10-21 11:57:09.932 16396 16440 D UE4     : LogInit: Installed Engine Build: 0
10-21 11:57:09.932 16396 16440 D UE4     : LogDevObjectVersion: Number of dev versions registered: 23
10-21 11:57:09.932 16396 16440 D UE4     : LogDevObjectVersion:   Dev-Blueprints (B0D832E4-1F89-4F0D-ACCF-7EB736FD4AA2): 10
10-21 11:57:09.933 16396 16440 D UE4     : LogDevObjectVersion:   Dev-Build (E1C64328-A22C-4D53-A36C-8E866417BD8C): 0
10-21 11:57:09.933 16396 16440 D UE4     : LogDevObjectVersion:   Dev-Core (375EC13C-06E4-48FB-B500-84F0262A717E): 3
10-21 11:57:09.933 16396 16440 D UE4     : LogDevObjectVersion:   Dev-Editor (E4B068ED-F494-42E9-A231-DA0B2E46BB41): 34
10-21 11:57:09.933 16396 16440 D UE4     : LogDevObjectVersion:   Dev-Framework (CFFC743F-43B0-4480-9391-14DF171D2073): 35
10-21 11:57:09.933 16396 16440 D UE4     : LogDevObjectVersion:   Dev-Mobile (B02B49B5-BB20-44E9-A304-32B752E40360): 2
10-21 11:57:09.933 16396 16440 D UE4     : LogDevObjectVersion:   Dev-Networking (A4E4105C-59A1-49B5-A7C5-40C4547EDFEE): 0
10-21 11:57:09.933 16396 16440 D UE4     : LogDevObjectVersion:   Dev-Online (39C831C9-5AE6-47DC-9A44-9C173E1C8E7C): 0
10-21 11:57:09.933 16396 16440 D UE4     : LogDevObjectVersion:   Dev-Physics (78F01B33-EBEA-4F98-B9B4-84EACCB95AA2): 0
10-21 11:57:09.934 16396 16440 D UE4     : LogDevObjectVersion:   Dev-Platform (6631380F-2D4D-43E0-8009-CF276956A95A): 0
10-21 11:57:09.934 16396 16440 D UE4     : LogDevObjectVersion:   Dev-Rendering (12F88B9F-8875-4AFC-A67C-D90C383ABD29): 31
10-21 11:57:09.934 16396 16440 D UE4     : LogDevObjectVersion:   Dev-Sequencer (7B5AE74C-D270-4C10-A958-57980B212A5A): 11
10-21 11:57:09.934 16396 16440 D UE4     : LogDevObjectVersion:   Dev-VR (D7296918-1DD6-4BDD-9DE2-64A83CC13884): 2
10-21 11:57:09.934 16396 16440 D UE4     : LogDevObjectVersion:   Dev-LoadTimes (C2A15278-BFE7-4AFE-6C17-90FF531DF755): 1
10-21 11:57:09.934 16396 16440 D UE4     : LogDevObjectVersion:   Private-Geometry (6EACA3D4-40EC-4CC1-B786-8BED09428FC5): 3
10-21 11:57:09.934 16396 16440 D UE4     : LogDevObjectVersion:   Dev-AnimPhys (29E575DD-E0A3-4627-9D10-D276232CDCEA): 17
10-21 11:57:09.934 16396 16440 D UE4     : LogDevObjectVersion:   Dev-Anim (AF43A65D-7FD3-4947-9873-3E8ED9C1BB05): 2
10-21 11:57:09.935 16396 16440 D UE4     : LogDevObjectVersion:   Dev-ReflectionCapture (6B266CEC-1EC7-4B8F-A30B-E4D90942FC07): 1
10-21 11:57:09.935 16396 16440 D UE4     : LogDevObjectVersion:   Dev-Automation (0DF73D61-A23F-47EA-B727-89E90C41499A): 1
10-21 11:57:09.935 16396 16440 D UE4     : LogDevObjectVersion:   FortniteMain (601D1886-AC64-4F84-AA16-D3DE0DEAC7D6): 27
10-21 11:57:09.935 16396 16440 D UE4     : LogDevObjectVersion:   Dev-Enterprise (9DFFBCD6-494F-0158-E221-12823C92A888): 6
10-21 11:57:09.935 16396 16440 D UE4     : LogDevObjectVersion:   Dev-Niagara (F2AED0AC-9AFE-416F-8664-AA7FFA26D6FC): 1
10-21 11:57:09.935 16396 16440 D UE4     : LogDevObjectVersion:   Dev-Destruction (174F1F0B-B4C6-45A5-B13F-2EE8D0FB917D): 9
10-21 11:57:09.980 16396 16440 D UE4     : LogInit: Presizing for max 131072 objects, including 1 objects not considered by GC, pre-allocating 0 bytes for permanent pool.
10-21 11:57:09.981 16396 16440 D UE4     : LogStreaming: Display: Async Loading initialized: Event Driven Loader: true, Async Loading Thread: false, Async Post Load: true
10-21 11:57:09.994 16396 16440 D UE4     : LogInit: Object subsystem initialized
10-21 11:57:09.997 16396 16440 D UE4     : LogConfig: Setting CVar [[con.DebugEarlyDefault:1]]
10-21 11:57:09.997 16396 16440 D UE4     : [2019.10.21-02.57.09:997][  0]LogConfig: Setting CVar [[con.DebugEarlyDefault:1]]
10-21 11:57:09.997 16396 16440 D UE4     : [2019.10.21-02.57.09:997][  0]LogConfig: Applying CVar settings from Section [/Script/Engine.RendererSettings] File [../../../LastResisters/Saved/Config/Android/Engine.ini]
10-21 11:57:09.998 16396 16440 D UE4     : [2019.10.21-02.57.09:998][  0]LogConfig: Setting CVar [[r.GPUCrashDebugging:0]]
10-21 11:57:09.998 16396 16440 D UE4     : [2019.10.21-02.57.09:998][  0]LogConfig: Setting CVar [[r.DefaultFeature.AmbientOcclusion:0]]
10-21 11:57:09.998 16396 16440 D UE4     : [2019.10.21-02.57.09:998][  0]LogConfig: Setting CVar [[r.DefaultFeature.AmbientOcclusionStaticFraction:0]]
10-21 11:57:09.998 16396 16440 D UE4     : [2019.10.21-02.57.09:998][  0]LogConfig: Setting CVar [[vr.InstancedStereo:1]]
10-21 11:57:09.998 16396 16440 D UE4     : [2019.10.21-02.57.09:998][  0]LogConfig: Setting CVar [[r.SeparateTranslucency:0]]
10-21 11:57:09.998 16396 16440 D UE4     : [2019.10.21-02.57.09:998][  0]LogConfig: Setting CVar [[r.HZBOcclusion:0]]
10-21 11:57:09.998 16396 16440 D UE4     : [2019.10.21-02.57.09:998][  0]LogConfig: Setting CVar [[r.SSR.MaxRoughness:0]]
10-21 11:57:09.998 16396 16440 D UE4     : [2019.10.21-02.57.09:998][  0]LogConfig: Setting CVar [[r.RHICmdBypass:0]]
10-21 11:57:09.998 16396 16440 D UE4     : [2019.10.21-02.57.09:998][  0]LogConfig: Setting CVar [[r.Mobile.UseHWsRGBEncoding:1]]
10-21 11:57:09.998 16396 16440 D UE4     : [2019.10.21-02.57.09:998][  0]LogConfig: Applying CVar settings from Section [/Script/Engine.RendererOverrideSettings] File [../../../LastResisters/Saved/Config/Android/Engine.ini]
10-21 11:57:09.998 16396 16440 D UE4     : [2019.10.21-02.57.09:998][  0]LogConfig: Applying CVar settings from Section [/Script/Engine.StreamingSettings] File [../../../LastResisters/Saved/Config/Android/Engine.ini]
10-21 11:57:09.998 16396 16440 D UE4     : [2019.10.21-02.57.09:998][  0]LogConfig: Setting CVar [[s.MinBulkDataSizeForAsyncLoading:131072]]
10-21 11:57:09.998 16396 16440 D UE4     : [2019.10.21-02.57.09:998][  0]LogConfig: Setting CVar [[s.AsyncLoadingThreadEnabled:0]]
10-21 11:57:09.998 16396 16440 D UE4     : [2019.10.21-02.57.09:998][  0]LogConfig: Setting CVar [[s.EventDrivenLoaderEnabled:1]]
10-21 11:57:09.998 16396 16440 D UE4     : [2019.10.21-02.57.09:998][  0]LogConfig: Setting CVar [[s.WarnIfTimeLimitExceeded:0]]
10-21 11:57:09.998 16396 16440 D UE4     : [2019.10.21-02.57.09:998][  0]LogConfig: Setting CVar [[s.TimeLimitExceededMultiplier:1.5]]
10-21 11:57:09.998 16396 16440 D UE4     : [2019.10.21-02.57.09:998][  0]LogConfig: Setting CVar [[s.TimeLimitExceededMinTime:0.005]]
10-21 11:57:09.998 16396 16440 D UE4     : [2019.10.21-02.57.09:998][  0]LogConfig: Setting CVar [[s.UseBackgroundLevelStreaming:1]]
10-21 11:57:09.998 16396 16440 D UE4     : [2019.10.21-02.57.09:998][  0]LogConfig: Setting CVar [[s.PriorityAsyncLoadingExtraTime:15.0]]
10-21 11:57:09.998 16396 16440 D UE4     : [2019.10.21-02.57.09:998][  0]LogConfig: Setting CVar [[s.LevelStreamingActorsUpdateTimeLimit:5.0]]
10-21 11:57:09.998 16396 16440 D UE4     : [2019.10.21-02.57.09:998][  0]LogConfig: Setting CVar [[s.PriorityLevelStreamingActorsUpdateExtraTime:5.0]]
10-21 11:57:09.998 16396 16440 D UE4     : [2019.10.21-02.57.09:998][  0]LogConfig: Setting CVar [[s.LevelStreamingComponentsRegistrationGranularity:10]]
10-21 11:57:09.998 16396 16440 D UE4     : [2019.10.21-02.57.09:998][  0]LogConfig: Setting CVar [[s.UnregisterComponentsTimeLimit:1.0]]
10-21 11:57:09.999 16396 16440 D UE4     : [2019.10.21-02.57.09:998][  0]LogConfig: Setting CVar [[s.LevelStreamingComponentsUnregistrationGranularity:5]]
10-21 11:57:09.999 16396 16440 D UE4     : [2019.10.21-02.57.09:999][  0]LogConfig: Applying CVar settings from Section [/Script/Engine.GarbageCollectionSettings] File [../../../LastResisters/Saved/Config/Android/Engine.ini]
10-21 11:57:09.999 16396 16440 D UE4     : [2019.10.21-02.57.09:999][  0]LogConfig: Setting CVar [[gc.MaxObjectsNotConsideredByGC:1]]
10-21 11:57:09.999 16396 16440 D UE4     : [2019.10.21-02.57.09:999][  0]LogConfig: Setting CVar [[gc.SizeOfPermanentObjectPool:0]]
10-21 11:57:09.999 16396 16440 D UE4     : [2019.10.21-02.57.09:999][  0]LogConfig: Setting CVar [[gc.FlushStreamingOnGC:0]]
10-21 11:57:09.999 16396 16440 D UE4     : [2019.10.21-02.57.09:999][  0]LogConfig: Setting CVar [[gc.NumRetriesBeforeForcingGC:10]]
10-21 11:57:09.999 16396 16440 D UE4     : [2019.10.21-02.57.09:999][  0]LogConfig: Setting CVar [[gc.AllowParallelGC:1]]
10-21 11:57:09.999 16396 16440 D UE4     : [2019.10.21-02.57.09:999][  0]LogConfig: Setting CVar [[gc.TimeBetweenPurgingPendingKillObjects:61.1]]
10-21 11:57:09.999 16396 16440 D UE4     : [2019.10.21-02.57.09:999][  0]LogConfig: Setting CVar [[gc.MaxObjectsInEditor:16777216]]
10-21 11:57:09.999 16396 16440 D UE4     : [2019.10.21-02.57.09:999][  0]LogConfig: Setting CVar [[gc.IncrementalBeginDestroyEnabled:1]]
10-21 11:57:09.999 16396 16440 D UE4     : [2019.10.21-02.57.09:999][  0]LogConfig: Setting CVar [[gc.CreateGCClusters:1]]
10-21 11:57:09.999 16396 16440 D UE4     : [2019.10.21-02.57.09:999][  0]LogConfig: Setting CVar [[gc.MinGCClusterSize:5]]
10-21 11:57:09.999 16396 16440 D UE4     : [2019.10.21-02.57.09:999][  0]LogConfig: Setting CVar [[gc.ActorClusteringEnabled:0]]
10-21 11:57:09.999 16396 16440 D UE4     : [2019.10.21-02.57.09:999][  0]LogConfig: Setting CVar [[gc.BlueprintClusteringEnabled:0]]
10-21 11:57:09.999 16396 16440 D UE4     : [2019.10.21-02.57.09:999][  0]LogConfig: Setting CVar [[gc.UseDisregardForGCOnDedicatedServers:0]]
10-21 11:57:09.999 16396 16440 D UE4     : [2019.10.21-02.57.09:999][  0]LogConfig: Setting CVar [[gc.MaxObjectsInGame:131072]]
10-21 11:57:09.999 16396 16440 D UE4     : [2019.10.21-02.57.09:999][  0]LogConfig: Applying CVar settings from Section [/Script/Engine.NetworkSettings] File [../../../LastResisters/Saved/Config/Android/Engine.ini]
10-21 11:57:09.999 16396 16440 D UE4     : [2019.10.21-02.57.09:999][  0]LogConfig: Applying CVar settings from Section [ViewDistanceQuality@3] File [../../../LastResisters/Saved/Config/Android/Scalability.ini]
10-21 11:57:10.000 16396 16440 D UE4     : [2019.10.21-02.57.09:999][  0]LogConfig: Setting CVar [[r.SkeletalMeshLODBias:0]]
10-21 11:57:10.000 16396 16440 D UE4     : [2019.10.21-02.57.10:000][  0]LogConfig: Setting CVar [[r.ViewDistanceScale:1.0]]
10-21 11:57:10.000 16396 16440 D UE4     : [2019.10.21-02.57.10:000][  0]LogConfig: Applying CVar settings from Section [AntiAliasingQuality@3] File [../../../LastResisters/Saved/Config/Android/Scalability.ini]
10-21 11:57:10.000 16396 16440 D UE4     : [2019.10.21-02.57.10:000][  0]LogConfig: Setting CVar [[r.PostProcessAAQuality:3]]
10-21 11:57:10.000 16396 16440 D UE4     : [2019.10.21-02.57.10:000][  0]LogConfig: Applying CVar settings from Section [ShadowQuality@3] File [../../../LastResisters/Saved/Config/Android/Scalability.ini]
10-21 11:57:10.000 16396 16440 D UE4     : [2019.10.21-02.57.10:000][  0]LogConfig: Setting CVar [[r.LightFunctionQuality:1]]
10-21 11:57:10.000 16396 16440 D UE4     : [2019.10.21-02.57.10:000][  0]LogConfig: Setting CVar [[r.ShadowQuality:5]]
10-21 11:57:10.000 16396 16440 D UE4     : [2019.10.21-02.57.10:000][  0]LogConfig: Setting CVar [[r.Shadow.CSM.MaxCascades:10]]
10-21 11:57:10.000 16396 16440 D UE4     : [2019.10.21-02.57.10:000][  0]LogConfig: Setting CVar [[r.Shadow.MaxResolution:2048]]
10-21 11:57:10.000 16396 16440 D UE4     : [2019.10.21-02.57.10:000][  0]LogConfig: Setting CVar [[r.Shadow.MaxCSMResolution:2048]]
10-21 11:57:10.000 16396 16440 D UE4     : [2019.10.21-02.57.10:000][  0]LogConfig: Setting CVar [[r.Shadow.RadiusThreshold:0.01]]
10-21 11:57:10.000 16396 16440 D UE4     : [2019.10.21-02.57.10:000][  0]LogConfig: Setting CVar [[r.Shadow.DistanceScale:1.0]]
10-21 11:57:10.000 16396 16440 D UE4     : [2019.10.21-02.57.10:000][  0]LogConfig: Setting CVar [[r.Shadow.CSM.TransitionScale:1.0]]
10-21 11:57:10.000 16396 16440 D UE4     : [2019.10.21-02.57.10:000][  0]LogConfig: Setting CVar [[r.Shadow.PreShadowResolutionFactor:1.0]]
10-21 11:57:10.000 16396 16440 D UE4     : [2019.10.21-02.57.10:000][  0]LogConfig: Setting CVar [[r.DistanceFieldShadowing:1]]
10-21 11:57:10.000 16396 16440 D UE4     : [2019.10.21-02.57.10:000][  0]LogConfig: Setting CVar [[r.DistanceFieldAO:1]]
10-21 11:57:10.000 16396 16440 D UE4     : [2019.10.21-02.57.10:000][  0]LogConfig: Setting CVar [[r.AOQuality:2]]
10-21 11:57:10.000 16396 16440 D UE4     : [2019.10.21-02.57.10:000][  0]LogConfig: Setting CVar [[r.VolumetricFog:1]]
10-21 11:57:10.000 16396 16440 D UE4     : [2019.10.21-02.57.10:000][  0]LogConfig: Setting CVar [[r.VolumetricFog.GridPixelSize:8]]
10-21 11:57:10.000 16396 16440 D UE4     : [2019.10.21-02.57.10:000][  0]LogConfig: Setting CVar [[r.VolumetricFog.GridSizeZ:128]]
10-21 11:57:10.000 16396 16440 D UE4     : [2019.10.21-02.57.10:000][  0]LogConfig: Setting CVar [[r.VolumetricFog.HistoryMissSupersampleCount:4]]
10-21 11:57:10.000 16396 16440 D UE4     : [2019.10.21-02.57.10:000][  0]LogConfig: Setting CVar [[r.LightMaxDrawDistanceScale:1]]
10-21 11:57:10.000 16396 16440 D UE4     : [2019.10.21-02.57.10:000][  0]LogConfig: Setting CVar [[r.CapsuleShadows:1]]
10-21 11:57:10.000 16396 16440 D UE4     : [2019.10.21-02.57.10:000][  0]LogConfig: Applying CVar settings from Section [PostProcessQuality@3] File [../../../LastResisters/Saved/Config/Android/Scalability.ini]
10-21 11:57:10.001 16396 16440 D UE4     : [2019.10.21-02.57.10:000][  0]LogConfig: Setting CVar [[r.MotionBlurQuality:0]]
10-21 11:57:10.001 16396 16440 D UE4     : [2019.10.21-02.57.10:001][  0]LogConfig: Setting CVar [[r.AmbientOcclusionMipLevelFactor:0.4]]
10-21 11:57:10.001 16396 16440 D UE4     : [2019.10.21-02.57.10:001][  0]LogConfig: Setting CVar [[r.AmbientOcclusionMaxQuality:100]]
10-21 11:57:10.001 16396 16440 D UE4     : [2019.10.21-02.57.10:001][  0]LogConfig: Setting CVar [[r.AmbientOcclusionLevels:0]]
10-21 11:57:10.001 16396 16440 D UE4     : [2019.10.21-02.57.10:001][  0]LogConfig: Setting CVar [[r.AmbientOcclusionRadiusScale:1.0]]
10-21 11:57:10.001 16396 16440 D UE4     : [2019.10.21-02.57.10:001][  0]LogConfig: Setting CVar [[r.DepthOfFieldQuality:0]]
10-21 11:57:10.001 16396 16440 D UE4     : [2019.10.21-02.57.10:001][  0]LogConfig: Setting CVar [[r.RenderTargetPoolMin:400]]
10-21 11:57:10.001 16396 16440 D UE4     : [2019.10.21-02.57.10:001][  0]LogConfig: Setting CVar [[r.LensFlareQuality:0]]
10-21 11:57:10.001 16396 16440 D UE4     : [2019.10.21-02.57.10:001][  0]LogConfig: Setting CVar [[r.SceneColorFringeQuality:0]]
10-21 11:57:10.001 16396 16440 D UE4     : [2019.10.21-02.57.10:001][  0]LogConfig: Setting CVar [[r.EyeAdaptationQuality:2]]
10-21 11:57:10.001 16396 16440 D UE4     : [2019.10.21-02.57.10:001][  0]LogConfig: Setting CVar [[r.BloomQuality:1]]
10-21 11:57:10.001 16396 16440 D UE4     : [2019.10.21-02.57.10:001][  0]LogConfig: Setting CVar [[r.FastBlurThreshold:0]]
10-21 11:57:10.001 16396 16440 D UE4     : [2019.10.21-02.57.10:001][  0]LogConfig: Setting CVar [[r.Upscale.Quality:3]]
10-21 11:57:10.001 16396 16440 D UE4     : [2019.10.21-02.57.10:001][  0]LogConfig: Setting CVar [[r.Tonemapper.GrainQuantization:1]]
10-21 11:57:10.001 16396 16440 D UE4     : [2019.10.21-02.57.10:001][  0]LogConfig: Setting CVar [[r.LightShaftQuality:1]]
10-21 11:57:10.001 16396 16440 D UE4     : [2019.10.21-02.57.10:001][  0]LogConfig: Setting CVar [[r.Filter.SizeScale:1]]
10-21 11:57:10.001 16396 16440 D UE4     : [2019.10.21-02.57.10:001][  0]LogConfig: Setting CVar [[r.Tonemapper.Quality:5]]
10-21 11:57:10.001 16396 16440 D UE4     : [2019.10.21-02.57.10:001][  0]LogConfig: Setting CVar [[r.DOF.Gather.AccumulatorQuality:1        ; higher gathering accumulator quality]]
10-21 11:57:10.001 16396 16440 D UE4     : [2019.10.21-02.57.10:001][  0]LogConfig: Setting CVar [[r.DOF.Gather.PostfilterMethod:1          ; Median3x3 postfilering method]]
10-21 11:57:10.001 16396 16440 D UE4     : [2019.10.21-02.57.10:001][  0]LogConfig: Setting CVar [[r.DOF.Gather.EnableBokehSettings:0       ; no bokeh simulation when gathering]]
10-21 11:57:10.001 16396 16440 D UE4     : [2019.10.21-02.57.10:001][  0]LogConfig: Setting CVar [[r.DOF.Gather.RingCount:4                 ; medium number of samples when gathering]]
10-21 11:57:10.001 16396 16440 D UE4     : [2019.10.21-02.57.10:001][  0]LogConfig: Setting CVar [[r.DOF.Scatter.ForegroundCompositing:1    ; additive foreground scattering]]
10-21 11:57:10.001 16396 16440 D UE4     : [2019.10.21-02.57.10:001][  0]LogConfig: Setting CVar [[r.DOF.Scatter.BackgroundCompositing:2    ; additive background scattering]]
10-21 11:57:10.001 16396 16440 D UE4     : [2019.10.21-02.57.10:001][  0]LogConfig: Setting CVar [[r.DOF.Scatter.EnableBokehSettings:1      ; bokeh simulation when scattering]]
10-21 11:57:10.001 16396 16440 D UE4     : [2019.10.21-02.57.10:001][  0]LogConfig: Setting CVar [[r.DOF.Scatter.MaxSpriteRatio:0.1         ; only a maximum of 10% of scattered bokeh]]
10-21 11:57:10.001 16396 16440 D UE4     : [2019.10.21-02.57.10:001][  0]LogConfig: Setting CVar [[r.DOF.Recombine.Quality:1                ; cheap slight out of focus]]
10-21 11:57:10.002 16396 16440 D UE4     : [2019.10.21-02.57.10:002][  0]LogConfig: Setting CVar [[r.DOF.Recombine.EnableBokehSettings:0    ; no bokeh simulation on slight out of focus]]
10-21 11:57:10.002 16396 16440 D UE4     : [2019.10.21-02.57.10:002][  0]LogConfig: Setting CVar [[r.DOF.TemporalAAQuality:1                ; more stable temporal accumulation]]
