10-31 20:37:57.458   541 22301 V msm8974_platform: platform_get_parameters: exit: returns - snd_device_out=speaker
10-31 20:37:57.459   541 22301 V audio_hw_primary: adev_get_parameters: exit: returns - snd_device_out=speaker
10-31 20:37:57.459   541 22301 I hash_map_utils: key: 'snd_device_out' value: ''
10-31 20:37:57.463 23731 23747 D UE4     : [2019.10.31-11.37.57:463][753]LogBlueprintUserMessages: [BP_PlayerhandAnimation_C_2147482547] P=6.664318 Y=14.394640 R=-0.804920
10-31 20:37:57.464 23731 23747 D UE4     : [2019.10.31-11.37.57:464][753]LogBlueprintUserMessages: [BP_PlayerhandAnimation_C_2147482544] P=43.423050 Y=-8.329786 R=-22.854551
10-31 20:37:57.500 23731 23747 D UE4     : [2019.10.31-11.37.57:500][754]LogBlueprintUserMessages: [BP_PlayerhandAnimation_C_2147482547] P=6.396895 Y=14.183859 R=-0.998155
10-31 20:37:57.501 23731 23747 D UE4     : [2019.10.31-11.37.57:501][754]LogBlueprintUserMessages: [BP_PlayerhandAnimation_C_2147482544] P=40.842346 Y=3.293812 R=-13.832045
10-31 20:37:57.503 24707 24707 D MtpReceiver: Started Media Scan Service
10-31 20:37:57.518 23731 23747 D UE4     : [2019.10.31-11.37.57:518][755]LogBlueprintUserMessages: [BP_PlayerhandAnimation_C_2147482547] P=6.309421 Y=13.936787 R=-1.014674
10-31 20:37:57.518 23731 23747 D UE4     : [2019.10.31-11.37.57:518][755]LogBlueprintUserMessages: [BP_PlayerhandAnimation_C_2147482544] P=39.188507 Y=12.811023 R=-7.950529
10-31 20:37:57.547 23731 23747 D UE4     : [2019.10.31-11.37.57:547][756]LogBlueprintUserMessages: [BP_PlayerhandAnimation_C_2147482547] P=6.248899 Y=13.752219 R=-0.637277
10-31 20:37:57.547 23731 23747 D UE4     : [2019.10.31-11.37.57:547][756]LogBlueprintUserMessages: [BP_PlayerhandAnimation_C_2147482544] P=35.728676 Y=24.104696 R=-0.600127
10-31 20:37:57.561 23731 23747 D UE4     : [2019.10.31-11.37.57:561][757]LogBlueprintUserMessages: [BP_PlayerhandAnimation_C_2147482547] P=6.258707 Y=13.868338 R=-0.748263
10-31 20:37:57.562 23731 23747 D UE4     : [2019.10.31-11.37.57:561][757]LogBlueprintUserMessages: [BP_PlayerhandAnimation_C_2147482544] P=33.380428 Y=28.610487 R=3.774941
10-31 20:37:57.565 23731 24089 I VrApi   : FPS=42,Prd=44ms,Tear=0,Early=0,Stale=72,VSnc=1,Lat=1,Fov=0,CPU4/GPU=4/5,2304/710MHz,OC=FF,TA=0/E0/E0,SP=N/F/F,Mem=1804MHz,Free=1251MB,PSM=0,PLS=0,Temp=32.0C/0.0C,TW=3.85ms,App=23.23ms,GD=0.54ms,CPU&GPU=29.36ms,LCnt=2,GPU%=0.90,CPU%=0.39(W0.44)
10-31 20:37:57.588 23731 23747 D UE4     : [2019.10.31-11.37.57:588][758]LogBlueprintUserMessages: [BP_PlayerhandAnimation_C_2147482547] P=6.308376 Y=14.127275 R=-1.621311
10-31 20:37:57.588 23731 23747 D UE4     : [2019.10.31-11.37.57:588][758]LogBlueprintUserMessages: [BP_PlayerhandAnimation_C_2147482544] P=29.513062 Y=34.722736 R=10.173918
10-31 20:37:57.618 23731 23747 D UE4     : [2019.10.31-11.37.57:618][759]LogBlueprintUserMessages: [BP_PlayerhandAnimation_C_2147482547] P=6.171206 Y=14.324944 R=-2.187379
10-31 20:37:57.618 23731 23747 D UE4     : [2019.10.31-11.37.57:618][759]LogBlueprintUserMessages: [BP_PlayerhandAnimation_C_2147482544] P=26.674299 Y=40.010990 R=11.449695
10-31 20:37:57.631 23731 23747 D UE4     : [2019.10.31-11.37.57:631][760]LogBlueprintUserMessages: [BP_PlayerhandAnimation_C_2147482547] P=6.099816 Y=14.276599 R=-2.185849
10-31 20:37:57.631 23731 23747 D UE4     : [2019.10.31-11.37.57:631][760]LogBlueprintUserMessages: [BP_PlayerhandAnimation_C_2147482544] P=25.093649 Y=42.065819 R=12.084482
10-31 20:37:57.658 23731 23747 D UE4     : [2019.10.31-11.37.57:658][761]LogBlueprintUserMessages: [BP_PlayerhandAnimation_C_2147482547] P=6.144403 Y=14.138909 R=-2.318420
10-31 20:37:57.658 23731 23747 D UE4     : [2019.10.31-11.37.57:658][761]LogBlueprintUserMessages: [BP_PlayerhandAnimation_C_2147482544] P=21.467508 Y=44.985737 R=13.188964
10-31 20:37:57.685 23731 23747 D UE4     : [2019.10.31-11.37.57:685][762]LogBlueprintUserMessages: [BP_PlayerhandAnimation_C_2147482547] P=6.254343 Y=13.943956 R=-2.754847
10-31 20:37:57.685 23731 23747 D UE4     : [2019.10.31-11.37.57:685][762]LogBlueprintUserMessages: [BP_PlayerhandAnimation_C_2147482544] P=16.710815 Y=48.078465 R=15.266013
10-31 20:37:57.702 23731 23747 D UE4     : [2019.10.31-11.37.57:702][763]LogBlueprintUserMessages: [BP_PlayerhandAnimation_C_2147482547] P=6.326585 Y=13.826009 R=-2.727443
10-31 20:37:57.703 23731 23747 D UE4     : [2019.10.31-11.37.57:703][763]LogBlueprintUserMessages: [BP_PlayerhandAnimation_C_2147482544] P=14.924127 Y=48.766209 R=16.842997
10-31 20:37:57.728 23731 23747 D UE4     : [2019.10.31-11.37.57:728][764]LogBlueprintUserMessages: [BP_PlayerhandAnimation_C_2147482547] P=6.444877 Y=13.776877 R=-2.949988
10-31 20:37:57.728 23731 23747 D UE4     : [2019.10.31-11.37.57:728][764]LogBlueprintUserMessages: [BP_PlayerhandAnimation_C_2147482544] P=11.642023 Y=50.923489 R=16.677721
10-31 20:37:57.755 23731 23747 D UE4     : [2019.10.31-11.37.57:755][765]LogBlueprintUserMessages: [BP_PlayerhandAnimation_C_2147482547] P=6.618856 Y=13.523703 R=-3.342992
10-31 20:37:57.755 23731 23747 D UE4     : [2019.10.31-11.37.57:755][765]LogBlueprintUserMessages: [BP_PlayerhandAnimation_C_2147482544] P=10.457511 Y=50.464264 R=15.921488
10-31 20:37:57.783 23731 23747 D UE4     : [2019.10.31-11.37.57:783][766]LogBlueprintUserMessages: [BP_PlayerhandAnimation_C_2147482547] P=7.074764 Y=13.183154 R=-3.115896
10-31 20:37:57.784 23731 23747 D UE4     : [2019.10.31-11.37.57:784][766]LogBlueprintUserMessages: [BP_PlayerhandAnimation_C_2147482544] P=8.177839 Y=50.039772 R=13.682347
10-31 20:37:57.797 23731 23747 D UE4     : [2019.10.31-11.37.57:797][767]LogBlueprintUserMessages: [BP_PlayerhandAnimation_C_2147482547] P=7.296055 Y=13.123556 R=-2.918882
10-31 20:37:57.797 23731 23747 D UE4     : [2019.10.31-11.37.57:797][767]LogBlueprintUserMessages: [BP_PlayerhandAnimation_C_2147482544] P=6.399805 Y=50.514767 R=12.849348
10-31 20:37:57.824 23731 23747 D UE4     : [2019.10.31-11.37.57:824][768]LogBlueprintUserMessages: [BP_PlayerhandAnimation_C_2147482547] P=7.653739 Y=13.129896 R=-2.808896
10-31 20:37:57.825 23731 23747 D UE4     : [2019.10.31-11.37.57:825][768]LogBlueprintUserMessages: [BP_PlayerhandAnimation_C_2147482544] P=3.959187 Y=51.833946 R=11.854276
10-31 20:37:57.852 23731 23747 D UE4     : [2019.10.31-11.37.57:852][769]LogBlueprintUserMessages: [BP_PlayerhandAnimation_C_2147482547] P=7.879920 Y=13.124447 R=-3.118257
10-31 20:37:57.853 23731 23747 D UE4     : [2019.10.31-11.37.57:853][769]LogBlueprintUserMessages: [BP_PlayerhandAnimation_C_2147482544] P=1.998780 Y=50.378208 R=16.118786
10-31 20:37:57.867 23731 23747 D UE4     : [2019.10.31-11.37.57:867][770]LogBlueprintUserMessages: [BP_PlayerhandAnimation_C_2147482547] P=8.010213 Y=13.097525 R=-3.245047
10-31 20:37:57.867 23731 23747 D UE4     : [2019.10.31-11.37.57:867][770]LogBlueprintUserMessages: [BP_PlayerhandAnimation_C_2147482544] P=1.011647 Y=49.103432 R=18.548557
10-31 20:37:57.894 23731 23747 D UE4     : [2019.10.31-11.37.57:894][771]LogBlueprintUserMessages: [BP_PlayerhandAnimation_C_2147482547] P=8.251613 Y=13.140861 R=-3.364164
10-31 20:37:57.894 23731 23747 D UE4     : [2019.10.31-11.37.57:894][771]LogBlueprintUserMessages: [BP_PlayerhandAnimation_C_2147482544] P=-0.173992 Y=48.535152 R=16.679468
10-31 20:37:57.922 23731 23747 D UE4     : [2019.10.31-11.37.57:922][772]LogBlueprintUserMessages: [BP_PlayerhandAnimation_C_2147482547] P=8.365137 Y=13.132709 R=-3.472504
10-31 20:37:57.922 23731 23747 D UE4     : [2019.10.31-11.37.57:922][772]LogBlueprintUserMessages: [BP_PlayerhandAnimation_C_2147482544] P=-1.396698 Y=50.697235 R=12.439041
10-31 20:37:57.936 23731 23747 D UE4     : [2019.10.31-11.37.57:936][773]LogBlueprintUserMessages: [BP_PlayerhandAnimation_C_2147482547] P=8.417634 Y=13.175370 R=-3.577440
10-31 20:37:57.936 23731 23747 D UE4     : [2019.10.31-11.37.57:936][773]LogBlueprintUserMessages: [BP_PlayerhandAnimation_C_2147482544] P=-2.322196 Y=51.088879 R=13.558367
10-31 20:37:57.964 23731 23747 D UE4     : [2019.10.31-11.37.57:964][774]LogBlueprintUserMessages: [BP_PlayerhandAnimation_C_2147482547] P=8.457399 Y=13.347615 R=-3.883749
10-31 20:37:57.964 23731 23747 D UE4     : [2019.10.31-11.37.57:964][774]LogBlueprintUserMessages: [BP_PlayerhandAnimation_C_2147482544] P=-4.696806 Y=51.304947 R=15.807731
10-31 20:37:57.995 23731 23747 D UE4     : [2019.10.31-11.37.57:995][775]LogBlueprintUserMessages: [BP_PlayerhandAnimation_C_2147482547] P=8.364277 Y=13.495961 R=-3.806731
10-31 20:37:57.995 23731 23747 D UE4     : [2019.10.31-11.37.57:995][775]LogBlueprintUserMessages: [BP_PlayerhandAnimation_C_2147482544] P=-6.982427 Y=53.498108 R=14.110411
10-31 20:37:58.007 23731 23747 D UE4     : [2019.10.31-11.37.58:007][776]LogBlueprintUserMessages: [BP_PlayerhandAnimation_C_2147482547] P=8.315625 Y=13.564717 R=-3.859132
10-31 20:37:58.007 23731 23747 D UE4     : [2019.10.31-11.37.58:007][776]LogBlueprintUserMessages: [BP_PlayerhandAnimation_C_2147482544] P=-8.195762 Y=54.152348 R=14.151836
10-31 20:37:58.033 23731 23747 D UE4     : [2019.10.31-11.37.58:033][777]LogBlueprintUserMessages: [BP_PlayerhandAnimation_C_2147482547] P=8.240227 Y=13.729758 R=-4.015079
10-31 20:37:58.033 23731 23747 D UE4     : [2019.10.31-11.37.58:033][777]LogBlueprintUserMessages: [BP_PlayerhandAnimation_C_2147482544] P=-10.570161 Y=54.446232 R=15.303912
10-31 20:37:58.062 23731 23747 D UE4     : [2019.10.31-11.37.58:062][778]LogBlueprintUserMessages: [BP_PlayerhandAnimation_C_2147482547] P=8.071992 Y=13.890800 R=-3.944422
10-31 20:37:58.062 23731 23747 D UE4     : [2019.10.31-11.37.58:062][778]LogBlueprintUserMessages: [BP_PlayerhandAnimation_C_2147482544] P=-11.856853 Y=54.612579 R=16.347727
10-31 20:37:58.074 23731 23747 W InputDeviceManager: AddPairToDeviceListMapping called when index already exists in the vector index: 1,  id: 536870915
10-31 20:37:58.083 23731 23747 D UE4     : [2019.10.31-11.37.58:083][779]LogBlueprintUserMessages: [BP_PlayerhandAnimation_C_2147482547] P=7.982134 Y=14.051356 R=-3.877457
10-31 20:37:58.083 23731 23747 D UE4     : [2019.10.31-11.37.58:083][779]LogBlueprintUserMessages: [BP_PlayerhandAnimation_C_2147482544] P=-11.706916 Y=54.254967 R=16.377445
10-31 20:37:58.103 23731 23747 D UE4     : [2019.10.31-11.37.58:103][780]LogBlueprintUserMessages: [BP_PlayerhandAnimation_C_2147482547] P=7.905220 Y=14.220509 R=-3.955683
10-31 20:37:58.103 23731 23747 D UE4     : [2019.10.31-11.37.58:103][780]LogBlueprintUserMessages: [BP_PlayerhandAnimation_C_2147482544] P=-11.993518 Y=54.511028 R=14.773740
10-31 20:37:58.131 23731 23747 D UE4     : [2019.10.31-11.37.58:131][781]LogBlueprintUserMessages: [BP_PlayerhandAnimation_C_2147482547] P=7.676347 Y=14.290693 R=-4.173424
10-31 20:37:58.131 23731 23747 D UE4     : [2019.10.31-11.37.58:131][781]LogBlueprintUserMessages: [BP_PlayerhandAnimation_C_2147482544] P=-12.052545 Y=54.084408 R=13.139534
10-31 20:37:58.146 23731 23747 D UE4     : [2019.10.31-11.37.58:146][782]LogBlueprintUserMessages: [BP_PlayerhandAnimation_C_2147482547] P=7.610620 Y=14.288292 R=-4.222387
10-31 20:37:58.146 23731 23747 D UE4     : [2019.10.31-11.37.58:146][782]LogBlueprintUserMessages: [BP_PlayerhandAnimation_C_2147482544] P=-12.219836 Y=53.910011 R=12.755943
10-31 20:37:58.149 24707 24707 D MtpReceiver: Received Usb Mtp state
10-31 20:37:58.153 24707 24707 D MtpReceiver: USB plugged in
10-31 20:37:58.168 16082 16082 D MtpService: starting MTP server in MTP mode
10-31 20:37:58.173 23731 23747 D UE4     : [2019.10.31-11.37.58:173][783]LogBlueprintUserMessages: [BP_PlayerhandAnimation_C_2147482547] P=7.542878 Y=14.270530 R=-4.107821
10-31 20:37:58.173 23731 23747 D UE4     : [2019.10.31-11.37.58:173][783]LogBlueprintUserMessages: [BP_PlayerhandAnimation_C_2147482544] P=-12.862325 Y=53.890007 R=13.833645
10-31 20:37:58.201 23731 23747 D UE4     : [2019.10.31-11.37.58:201][784]LogBlueprintUserMessages: [BP_PlayerhandAnimation_C_2147482547] P=7.467903 Y=14.205773 R=-4.099200
10-31 20:37:58.201 23731 23747 D UE4     : [2019.10.31-11.37.58:201][784]LogBlueprintUserMessages: [BP_PlayerhandAnimation_C_2147482544] P=-13.789270 Y=54.129829 R=14.647072
10-31 20:37:58.203 16082 16082 D MtpService: Adding MTP storage 0x10001 at /storage/emulated/0
10-31 20:37:58.228 23731 23747 D UE4     : [2019.10.31-11.37.58:228][785]LogBlueprintUserMessages: [BP_PlayerhandAnimation_C_2147482547] P=7.467999 Y=14.119862 R=-4.188369
10-31 20:37:58.229 23731 23747 D UE4     : [2019.10.31-11.37.58:229][785]LogBlueprintUserMessages: [BP_PlayerhandAnimation_C_2147482544] P=-14.295230 Y=54.855076 R=13.904546
10-31 20:37:58.243 23731 23747 D UE4     : [2019.10.31-11.37.58:243][786]LogBlueprintUserMessages: [BP_PlayerhandAnimation_C_2147482547] P=7.488954 Y=14.074052 R=-4.182056
10-31 20:37:58.243 23731 23747 D UE4     : [2019.10.31-11.37.58:243][786]LogBlueprintUserMessages: [BP_PlayerhandAnimation_C_2147482544] P=-14.401733 Y=55.258430 R=13.603004
10-31 20:37:58.270 23731 23747 D UE4     : [2019.10.31-11.37.58:270][787]LogBlueprintUserMessages: [BP_PlayerhandAnimation_C_2147482547] P=7.553458 Y=13.975274 R=-4.086860
10-31 20:37:58.270 23731 23747 D UE4     : [2019.10.31-11.37.58:270][787]LogBlueprintUserMessages: [BP_PlayerhandAnimation_C_2147482544] P=-14.030328 Y=55.350975 R=14.016176
10-31 20:37:58.298 23731 23747 D UE4     : [2019.10.31-11.37.58:298][788]LogBlueprintUserMessages: [BP_PlayerhandAnimation_C_2147482547] P=7.605196 Y=13.971820 R=-4.031719
10-31 20:37:58.299 23731 23747 D UE4     : [2019.10.31-11.37.58:299][788]LogBlueprintUserMessages: [BP_PlayerhandAnimation_C_2147482544] P=-13.894606 Y=54.938107 R=13.523572
10-31 20:37:58.311 23731 24100 W InputDeviceManager: AddPairToDeviceListMapping called when index already exists in the vector index: 1,  id: 536870915
10-31 20:37:58.313 23731 23747 D UE4     : [2019.10.31-11.37.58:313][789]LogBlueprintUserMessages: [BP_PlayerhandAnimation_C_2147482547] P=7.619055 Y=13.989312 R=-4.045949
10-31 20:37:58.314 23731 23747 D UE4     : [2019.10.31-11.37.58:314][789]LogBlueprintUserMessages: [BP_PlayerhandAnimation_C_2147482544] P=-13.961418 Y=55.156815 R=13.133106
10-31 20:37:58.340 23731 23747 D UE4     : [2019.10.31-11.37.58:339][790]LogBlueprintUserMessages: [BP_PlayerhandAnimation_C_2147482547] P=7.681736 Y=14.030053 R=-4.141644
10-31 20:37:58.340 23731 23747 D UE4     : [2019.10.31-11.37.58:340][790]LogBlueprintUserMessages: [BP_PlayerhandAnimation_C_2147482544] P=-13.759545 Y=55.332027 R=13.969360
10-31 20:37:58.368 23731 23747 D UE4     : [2019.10.31-11.37.58:368][791]LogBlueprintUserMessages: [BP_PlayerhandAnimation_C_2147482547] P=7.669421 Y=14.144704 R=-4.153538
10-31 20:37:58.368 23731 23747 D UE4     : [2019.10.31-11.37.58:368][791]LogBlueprintUserMessages: [BP_PlayerhandAnimation_C_2147482544] P=-13.150053 Y=55.207661 R=14.872367
10-31 20:37:58.396 23731 23747 D UE4     : [2019.10.31-11.37.58:396][792]LogBlueprintUserMessages: [BP_PlayerhandAnimation_C_2147482547] P=7.649928 Y=14.219135 R=-4.131389
10-31 20:37:58.397 23731 23747 D UE4     : [2019.10.31-11.37.58:397][792]LogBlueprintUserMessages: [BP_PlayerhandAnimation_C_2147482544] P=-12.748541 Y=54.881691 R=13.861833
10-31 20:37:58.412 23731 23747 D UE4     : [2019.10.31-11.37.58:412][793]LogBlueprintUserMessages: [BP_PlayerhandAnimation_C_2147482547] P=7.646997 Y=14.221970 R=-4.143751
10-31 20:37:58.412 23731 23747 D UE4     : [2019.10.31-11.37.58:412][793]LogBlueprintUserMessages: [BP_PlayerhandAnimation_C_2147482544] P=-12.270557 Y=55.053093 R=13.480942
10-31 20:37:58.437 23731 23747 D UE4     : [2019.10.31-11.37.58:437][794]LogBlueprintUserMessages: [BP_PlayerhandAnimation_C_2147482547] P=7.637981 Y=14.263080 R=-4.101684
10-31 20:37:58.437 23731 23747 D UE4     : [2019.10.31-11.37.58:437][794]LogBlueprintUserMessages: [BP_PlayerhandAnimation_C_2147482544] P=-11.576890 Y=54.831520 R=14.807026
10-31 20:37:58.465 23731 23747 D UE4     : [2019.10.31-11.37.58:465][795]LogBlueprintUserMessages: [BP_PlayerhandAnimation_C_2147482547] P=7.625250 Y=14.342944 R=-4.049230
10-31 20:37:58.465 23731 23747 D UE4     : [2019.10.31-11.37.58:465][795]LogBlueprintUserMessages: [BP_PlayerhandAnimation_C_2147482544] P=-10.481382 Y=54.391201 R=15.840160
10-31 20:37:58.470  1758  1771 I art     : Background partial concurrent mark sweep GC freed 47114(2MB) AllocSpace objects, 3(52KB) LOS objects, 39% free, 5MB/8MB, paused 20.920ms total 170.701ms
10-31 20:37:58.481 23731 23747 D UE4     : [2019.10.31-11.37.58:481][796]LogBlueprintUserMessages: [BP_PlayerhandAnimation_C_2147482547] P=7.621698 Y=14.392838 R=-4.078740
10-31 20:37:58.481 23731 23747 D UE4     : [2019.10.31-11.37.58:481][796]LogBlueprintUserMessages: [BP_PlayerhandAnimation_C_2147482544] P=-9.640511 Y=53.835011 R=16.549334
10-31 20:37:58.507 23731 23747 D UE4     : [2019.10.31-11.37.58:507][797]LogBlueprintUserMessages: [BP_PlayerhandAnimation_C_2147482547] P=7.647045 Y=14.425557 R=-4.157334
10-31 20:37:58.507 23731 23747 D UE4     : [2019.10.31-11.37.58:507][797]LogBlueprintUserMessages: [BP_PlayerhandAnimation_C_2147482544] P=-8.412005 Y=52.805073 R=15.966163
10-31 20:37:58.534 23731 23747 D UE4     : [2019.10.31-11.37.58:534][798]LogBlueprintUserMessages: [BP_PlayerhandAnimation_C_2147482547] P=7.704665 Y=14.455862 R=-4.166805
10-31 20:37:58.535 23731 23747 D UE4     : [2019.10.31-11.37.58:535][798]LogBlueprintUserMessages: [BP_PlayerhandAnimation_C_2147482544] P=-6.712232 Y=51.814251 R=16.164373
10-31 20:37:58.553 23731 24089 I VrApi   : FPS=42,Prd=44ms,Tear=0,Early=0,Stale=72,VSnc=1,Lat=1,Fov=0,CPU4/GPU=4/5,2304/710MHz,OC=FF,TA=0/E0/E0,SP=N/F/F,Mem=1804MHz,Free=1246MB,PSM=0,PLS=0,Temp=32.0C/0.0C,TW=3.84ms,App=23.57ms,GD=0.58ms,CPU&GPU=29.53ms,LCnt=2,GPU%=0.94,CPU%=0.47(W0.50)
10-31 20:37:58.565 23731 23747 D UE4     : [2019.10.31-11.37.58:565][799]LogBlueprintUserMessages: [BP_PlayerhandAnimation_C_2147482547] P=7.756608 Y=14.499074 R=-4.261837
10-31 20:37:58.565 23731 23747 D UE4     : [2019.10.31-11.37.58:565][799]LogBlueprintUserMessages: [BP_PlayerhandAnimation_C_2147482544] P=-3.475856 Y=49.403278 R=20.199100
10-31 20:37:58.581 23731 23747 D UE4     : [2019.10.31-11.37.58:581][800]LogBlueprintUserMessages: [BP_PlayerhandAnimation_C_2147482547] P=7.853446 Y=14.517632 R=-4.497746
10-31 20:37:58.581 23731 23747 D UE4     : [2019.10.31-11.37.58:581][800]LogBlueprintUserMessages: [BP_PlayerhandAnimation_C_2147482544] P=-1.488769 Y=47.712334 R=21.827898
10-31 20:37:58.604 23731 23747 D UE4     : [2019.10.31-11.37.58:604][801]LogBlueprintUserMessages: [BP_PlayerhandAnimation_C_2147482547] P=8.160463 Y=14.485282 R=-4.521598
10-31 20:37:58.604 23731 23747 D UE4     : [2019.10.31-11.37.58:604][801]LogBlueprintUserMessages: [BP_PlayerhandAnimation_C_2147482544] P=2.333145 Y=44.912674 R=22.075264
10-31 20:37:58.632 23731 23747 D UE4     : [2019.10.31-11.37.58:632][802]LogBlueprintUserMessages: [BP_PlayerhandAnimation_C_2147482547] P=8.567318 Y=14.435838 R=-4.383754
10-31 20:37:58.632 23731 23747 D UE4     : [2019.10.31-11.37.58:632][802]LogBlueprintUserMessages: [BP_PlayerhandAnimation_C_2147482544] P=6.619211 Y=42.022076 R=20.462498
10-31 20:37:58.647 23731 23747 D UE4     : [2019.10.31-11.37.58:646][803]LogBlueprintUserMessages: [BP_PlayerhandAnimation_C_2147482547] P=8.710806 Y=14.411517 R=-4.356907
10-31 20:37:58.647 23731 23747 D UE4     : [2019.10.31-11.37.58:647][803]LogBlueprintUserMessages: [BP_PlayerhandAnimation_C_2147482544] P=9.002947 Y=40.349895 R=20.203381
10-31 20:37:58.674 23731 23747 D UE4     : [2019.10.31-11.37.58:674][804]LogBlueprintUserMessages: [BP_PlayerhandAnimation_C_2147482547] P=8.920835 Y=14.159687 R=-4.259154
10-31 20:37:58.674 23731 23747 D UE4     : [2019.10.31-11.37.58:674][804]LogBlueprintUserMessages: [BP_PlayerhandAnimation_C_2147482544] P=14.055402 Y=36.864536 R=20.372807
10-31 20:37:58.698   707 23883 I [CT]    : MANAGEMENT:CONSTELLATION: Status=GREEN,, Obj=1122628778328220990,6DOF=1,FusJit=0.01mm,Issues(Cam/min=  0,IMU/min=0), Obj=6776806836185477697,6DOF=1,FusJit=0.0mm,Issues(Cam/min=  0,IMU/min=0)
10-31 20:37:58.701 23731 23747 D UE4     : [2019.10.31-11.37.58:701][805]LogBlueprintUserMessages: [BP_PlayerhandAnimation_C_2147482547] P=9.412984 Y=14.078208 R=-3.901205
10-31 20:37:58.702 23731 23747 D UE4     : [2019.10.31-11.37.58:701][805]LogBlueprintUserMessages: [BP_PlayerhandAnimation_C_2147482544] P=19.520330 Y=32.528374 R=19.403719
10-31 20:37:58.716 23731 23747 D UE4     : [2019.10.31-11.37.58:716][806]LogBlueprintUserMessages: [BP_PlayerhandAnimation_C_2147482547] P=9.635470 Y=14.153797 R=-3.726361
10-31 20:37:58.717 23731 23747 D UE4     : [2019.10.31-11.37.58:717][806]LogBlueprintUserMessages: [BP_PlayerhandAnimation_C_2147482544] P=22.552143 Y=30.161390 R=18.352339
10-31 20:37:58.745 23731 23747 D UE4     : [2019.10.31-11.37.58:745][807]LogBlueprintUserMessages: [BP_PlayerhandAnimation_C_2147482547] P=10.105783 Y=14.085626 R=-3.537999
10-31 20:37:58.745 23731 23747 D UE4     : [2019.10.31-11.37.58:745][807]LogBlueprintUserMessages: [BP_PlayerhandAnimation_C_2147482544] P=28.801205 Y=24.844585 R=16.306576
10-31 20:37:58.755  1831  1961 I OsSdk   : will wait 60 seconds before retrying
10-31 20:37:58.771 23731 23747 D UE4     : [2019.10.31-11.37.58:771][808]LogBlueprintUserMessages: [BP_PlayerhandAnimation_C_2147482547] P=10.656317 Y=14.286306 R=-3.218350
10-31 20:37:58.771 23731 23747 D UE4     : [2019.10.31-11.37.58:771][808]LogBlueprintUserMessages: [BP_PlayerhandAnimation_C_2147482544] P=34.318851 Y=17.460075 R=13.898817
10-31 20:37:58.784 23731 23747 W InputDeviceManager: AddPairToDeviceListMapping called when index already exists in the vector index: 1,  id: 536870915
10-31 20:37:58.786 23731 23747 D UE4     : [2019.10.31-11.37.58:786][809]LogBlueprintUserMessages: [BP_PlayerhandAnimation_C_2147482547] P=11.022579 Y=14.530808 R=-3.154013
10-31 20:37:58.786 23731 23747 D UE4     : [2019.10.31-11.37.58:786][809]LogBlueprintUserMessages: [BP_PlayerhandAnimation_C_2147482544] P=35.847466 Y=13.409748 R=11.366648
10-31 20:37:58.814 23731 23747 D UE4     : [2019.10.31-11.37.58:814][810]LogBlueprintUserMessages: [BP_PlayerhandAnimation_C_2147482547] P=11.800579 Y=14.997452 R=-3.445404
10-31 20:37:58.814 23731 23747 D UE4     : [2019.10.31-11.37.58:814][810]LogBlueprintUserMessages: [BP_PlayerhandAnimation_C_2147482544] P=38.965126 Y=6.269027 R=6.694216
10-31 20:37:58.841 23731 23747 D UE4     : [2019.10.31-11.37.58:841][811]LogBlueprintUserMessages: [BP_PlayerhandAnimation_C_2147482547] P=12.503897 Y=15.406457 R=-3.605375
10-31 20:37:58.841 23731 23747 D UE4     : [2019.10.31-11.37.58:841][811]LogBlueprintUserMessages: [BP_PlayerhandAnimation_C_2147482544] P=41.538437 Y=-0.622041 R=1.986813
10-31 20:37:58.855 23731 23747 D UE4     : [2019.10.31-11.37.58:855][812]LogBlueprintUserMessages: [BP_PlayerhandAnimation_C_2147482547] P=13.013620 Y=15.622884 R=-3.630165
10-31 20:37:58.855 23731 23747 D UE4     : [2019.10.31-11.37.58:855][812]LogBlueprintUserMessages: [BP_PlayerhandAnimation_C_2147482544] P=43.175358 Y=-4.150244 R=-0.105445
10-31 20:37:58.883 23731 23747 D UE4     : [2019.10.31-11.37.58:883][813]LogBlueprintUserMessages: [BP_PlayerhandAnimation_C_2147482547] P=13.679447 Y=15.991592 R=-3.667262
10-31 20:37:58.883 23731 23747 D UE4     : [2019.10.31-11.37.58:883][813]LogBlueprintUserMessages: [BP_PlayerhandAnimation_C_2147482544] P=44.801388 Y=-11.125692 R=-3.469456
10-31 20:37:58.912 23731 23747 D UE4     : [2019.10.31-11.37.58:912][814]LogBlueprintUserMessages: [BP_PlayerhandAnimation_C_2147482547] P=14.156919 Y=16.364611 R=-4.140438
10-31 20:37:58.912 23731 23747 D UE4     : [2019.10.31-11.37.58:912][814]LogBlueprintUserMessages: [BP_PlayerhandAnimation_C_2147482544] P=45.060730 Y=-16.438435 R=-5.881567
10-31 20:37:58.925 23731 23747 D UE4     : [2019.10.31-11.37.58:925][815]LogBlueprintUserMessages: [BP_PlayerhandAnimation_C_2147482547] P=14.298837 Y=16.499163 R=-4.364600
10-31 20:37:58.926 23731 23747 D UE4     : [2019.10.31-11.37.58:926][815]LogBlueprintUserMessages: [BP_PlayerhandAnimation_C_2147482544] P=44.991211 Y=-18.627810 R=-6.883763
10-31 20:37:58.952 23731 23747 D UE4     : [2019.10.31-11.37.58:952][816]LogBlueprintUserMessages: [BP_PlayerhandAnimation_C_2147482547] P=14.569353 Y=16.796915 R=-4.619742
10-31 20:37:58.953 23731 23747 D UE4     : [2019.10.31-11.37.58:953][816]LogBlueprintUserMessages: [BP_PlayerhandAnimation_C_2147482544] P=44.816944 Y=-22.750650 R=-9.157569
10-31 20:37:58.980 23731 23747 D UE4     : [2019.10.31-11.37.58:980][817]LogBlueprintUserMessages: [BP_PlayerhandAnimation_C_2147482547] P=14.845354 Y=16.982584 R=-4.633152
10-31 20:37:58.980 23731 23747 D UE4     : [2019.10.31-11.37.58:980][817]LogBlueprintUserMessages: [BP_PlayerhandAnimation_C_2147482544] P=44.271362 Y=-27.210215 R=-11.590281
10-31 20:37:59.008 23731 23747 D UE4     : [2019.10.31-11.37.59:008][818]LogBlueprintUserMessages: [BP_PlayerhandAnimation_C_2147482547] P=15.042712 Y=17.233492 R=-4.501281
10-31 20:37:59.009 23731 23747 D UE4     : [2019.10.31-11.37.59:009][818]LogBlueprintUserMessages: [BP_PlayerhandAnimation_C_2147482544] P=44.313847 Y=-32.969925 R=-15.781412
10-31 20:37:59.022 23731 23747 D UE4     : [2019.10.31-11.37.59:022][819]LogBlueprintUserMessages: [BP_PlayerhandAnimation_C_2147482547] P=15.164460 Y=17.503893 R=-4.493799
10-31 20:37:59.023 23731 23747 D UE4     : [2019.10.31-11.37.59:023][819]LogBlueprintUserMessages: [BP_PlayerhandAnimation_C_2147482544] P=43.967842 Y=-35.287178 R=-17.636415
10-31 20:37:59.050 23731 23747 D UE4     : [2019.10.31-11.37.59:050][820]LogBlueprintUserMessages: [BP_PlayerhandAnimation_C_2147482547] P=15.521126 Y=18.081396 R=-4.816286
10-31 20:37:59.050 23731 23747 D UE4     : [2019.10.31-11.37.59:050][820]LogBlueprintUserMessages: [BP_PlayerhandAnimation_C_2147482544] P=42.921841 Y=-39.347019 R=-19.833109
10-31 20:37:59.082 23731 23747 D UE4     : [2019.10.31-11.37.59:082][821]LogBlueprintUserMessages: [BP_PlayerhandAnimation_C_2147482547] P=15.865142 Y=18.724037 R=-5.305542
10-31 20:37:59.082 23731 23747 D UE4     : [2019.10.31-11.37.59:082][821]LogBlueprintUserMessages: [BP_PlayerhandAnimation_C_2147482544] P=41.787827 Y=-41.733810 R=-20.500975
10-31 20:37:59.094 23731 23747 D UE4     : [2019.10.31-11.37.59:094][822]LogBlueprintUserMessages: [BP_PlayerhandAnimation_C_2147482547] P=16.020870 Y=19.041420 R=-5.486372
10-31 20:37:59.094 23731 23747 D UE4     : [2019.10.31-11.37.59:094][822]LogBlueprintUserMessages: [BP_PlayerhandAnimation_C_2147482544] P=41.766216 Y=-42.571831 R=-21.025627
10-31 20:37:59.121 23731 23747 D UE4     : [2019.10.31-11.37.59:121][823]LogBlueprintUserMessages: [BP_PlayerhandAnimation_C_2147482547] P=16.354832 Y=19.604944 R=-5.851070
10-31 20:37:59.121 23731 23747 D UE4     : [2019.10.31-11.37.59:121][823]LogBlueprintUserMessages: [BP_PlayerhandAnimation_C_2147482544] P=41.857525 Y=-42.156078 R=-20.344109
10-31 20:37:59.148 23731 23747 D UE4     : [2019.10.31-11.37.59:148][824]LogBlueprintUserMessages: [BP_PlayerhandAnimation_C_2147482547] P=16.809196 Y=20.093504 R=-6.053995
10-31 20:37:59.148 23731 23747 D UE4     : [2019.10.31-11.37.59:148][824]LogBlueprintUserMessages: [BP_PlayerhandAnimation_C_2147482544] P=41.431114 Y=-42.835712 R=-18.840567
10-31 20:37:59.161 23731 23747 D UE4     : [2019.10.31-11.37.59:161][825]LogBlueprintUserMessages: [BP_PlayerhandAnimation_C_2147482547] P=17.043835 Y=20.313219 R=-6.169804
10-31 20:37:59.162 23731 23747 D UE4     : [2019.10.31-11.37.59:162][825]LogBlueprintUserMessages: [BP_PlayerhandAnimation_C_2147482544] P=41.341053 Y=-43.336967 R=-18.628399
10-31 20:37:59.190 23731 23747 D UE4     : [2019.10.31-11.37.59:190][826]LogBlueprintUserMessages: [BP_PlayerhandAnimation_C_2147482547] P=17.373882 Y=20.480518 R=-6.297747
10-31 20:37:59.190 23731 23747 D UE4     : [2019.10.31-11.37.59:190][826]LogBlueprintUserMessages: [BP_PlayerhandAnimation_C_2147482544] P=41.481270 Y=-43.677177 R=-18.931698
10-31 20:37:59.217 23731 23747 D UE4     : [2019.10.31-11.37.59:217][827]LogBlueprintUserMessages: [BP_PlayerhandAnimation_C_2147482547] P=17.901085 Y=20.758266 R=-6.290963
10-31 20:37:59.217 23731 23747 D UE4     : [2019.10.31-11.37.59:217][827]LogBlueprintUserMessages: [BP_PlayerhandAnimation_C_2147482544] P=41.782204 Y=-43.262920 R=-17.891121
10-31 20:37:59.234 23731 23747 D UE4     : [2019.10.31-11.37.59:234][828]LogBlueprintUserMessages: [BP_PlayerhandAnimation_C_2147482547] P=18.208723 Y=21.022575 R=-6.248110
10-31 20:37:59.234 23731 23747 D UE4     : [2019.10.31-11.37.59:234][828]LogBlueprintUserMessages: [BP_PlayerhandAnimation_C_2147482544] P=42.012489 Y=-43.052013 R=-17.494211
10-31 20:37:59.257 23731 23747 W InputDeviceManager: AddPairToDeviceListMapping called when index already exists in the vector index: 1,  id: 536870915
10-31 20:37:59.262 23731 23747 D UE4     : [2019.10.31-11.37.59:262][829]LogBlueprintUserMessages: [BP_PlayerhandAnimation_C_2147482547] P=18.986368 Y=21.093313 R=-5.811866
10-31 20:37:59.262 23731 23747 D UE4     : [2019.10.31-11.37.59:262][829]LogBlueprintUserMessages: [BP_PlayerhandAnimation_C_2147482544] P=42.320690 Y=-42.603046 R=-16.888416
10-31 20:37:59.287 23731 23747 D UE4     : [2019.10.31-11.37.59:287][830]LogBlueprintUserMessages: [BP_PlayerhandAnimation_C_2147482547] P=20.301636 Y=21.037899 R=-4.570551
10-31 20:37:59.287 23731 23747 D UE4     : [2019.10.31-11.37.59:287][830]LogBlueprintUserMessages: [BP_PlayerhandAnimation_C_2147482544] P=42.556301 Y=-42.550064 R=-16.414539
10-31 20:37:59.294   707 23884 I [CT]    : Viper:Map_Manager: State: TRACKING_PERSISTENT, UUID=c35d16fd-2f43-4aee-acdd-50817cc71f4c, Num. Persistent maps = 5,  Persistent maps:ddbf46f9-2dca-4c55-aad6-82db99e2cc82,c35d16fd-2f43-4aee-acdd-50817cc71f4c,e88738b8-3abe-42c7-89b3-80158ce05742,67aea901-b572-42b7-9d58-b3f32e26f466,c039ea76-57b5-4c41-9a99-f1bc208bbafc,, Ser. Disabled = 00000000-0000-0000-0000-000000000000
10-31 20:37:59.315 23731 23747 D UE4     : [2019.10.31-11.37.59:315][831]LogBlueprintUserMessages: [BP_PlayerhandAnimation_C_2147482547] P=21.737684 Y=20.700134 R=-2.611213
10-31 20:37:59.315 23731 23747 D UE4     : [2019.10.31-11.37.59:315][831]LogBlueprintUserMessages: [BP_PlayerhandAnimation_C_2147482544] P=42.477356 Y=-42.435417 R=-16.574604
10-31 20:37:59.330 23731 23747 D UE4     : [2019.10.31-11.37.59:330][832]LogBlueprintUserMessages: [BP_PlayerhandAnimation_C_2147482547] P=22.306221 Y=20.480097 R=-1.377379
10-31 20:37:59.330 23731 23747 D UE4     : [2019.10.31-11.37.59:330][832]LogBlueprintUserMessages: [BP_PlayerhandAnimation_C_2147482544] P=42.863327 Y=-42.434521 R=-16.891645
10-31 20:37:59.338   707 23884 I [CT]    : VIPER: Status=6DoF,TRACKING,KF=102,Inl=315,Pts=281,Jit=0.2mm,Issues(Cam/min=0.0,IMU/min=0.0),Exp=(4.9ms,g=5,I=105)(4.2ms,g=3,I=97)(4.9ms,g=5,I=94)(5.0ms,g=3,I=97)
10-31 20:37:59.358 23731 23747 D UE4     : [2019.10.31-11.37.59:358][833]LogBlueprintUserMessages: [BP_PlayerhandAnimation_C_2147482547] P=23.680954 Y=21.085320 R=0.321142
10-31 20:37:59.359 23731 23747 D UE4     : [2019.10.31-11.37.59:359][833]LogBlueprintUserMessages: [BP_PlayerhandAnimation_C_2147482544] P=42.570171 Y=-41.463848 R=-16.083241
10-31 20:37:59.384 23731 23747 D UE4     : [2019.10.31-11.37.59:384][834]LogBlueprintUserMessages: [BP_PlayerhandAnimation_C_2147482547] P=25.342358 Y=21.444571 R=1.845782
10-31 20:37:59.385 23731 23747 D UE4     : [2019.10.31-11.37.59:385][834]LogBlueprintUserMessages: [BP_PlayerhandAnimation_C_2147482544] P=42.639675 Y=-40.828030 R=-15.785198
10-31 20:37:59.413 23731 23747 D UE4     : [2019.10.31-11.37.59:412][835]LogBlueprintUserMessages: [BP_PlayerhandAnimation_C_2147482547] P=26.089176 Y=19.484926 R=4.218935
10-31 20:37:59.413 23731 23747 D UE4     : [2019.10.31-11.37.59:413][835]LogBlueprintUserMessages: [BP_PlayerhandAnimation_C_2147482544] P=42.502991 Y=-40.191547 R=-15.855474
10-31 20:37:59.428 23731 23747 D UE4     : [2019.10.31-11.37.59:428][836]LogBlueprintUserMessages: [BP_PlayerhandAnimation_C_2147482547] P=26.450747 Y=17.417377 R=6.531080
10-31 20:37:59.428 23731 23747 D UE4     : [2019.10.31-11.37.59:428][836]LogBlueprintUserMessages: [BP_PlayerhandAnimation_C_2147482544] P=42.116138 Y=-39.640148 R=-15.514688
10-31 20:37:59.454 23731 23747 D UE4     : [2019.10.31-11.37.59:454][837]LogBlueprintUserMessages: [BP_PlayerhandAnimation_C_2147482547] P=27.215870 Y=14.328353 R=12.491232
10-31 20:37:59.454 23731 23747 D UE4     : [2019.10.31-11.37.59:454][837]LogBlueprintUserMessages: [BP_PlayerhandAnimation_C_2147482544] P=42.124081 Y=-39.030407 R=-15.237268
10-31 20:37:59.482 23731 23747 D UE4     : [2019.10.31-11.37.59:481][838]LogBlueprintUserMessages: [BP_PlayerhandAnimation_C_2147482547] P=27.851837 Y=11.612781 R=17.804768
10-31 20:37:59.482 23731 23747 D UE4     : [2019.10.31-11.37.59:482][838]LogBlueprintUserMessages: [BP_PlayerhandAnimation_C_2147482544] P=42.098904 Y=-38.758724 R=-14.793700
10-31 20:37:59.482   541 22301 V msm8974_platform: platform_get_parameters: exit: returns - snd_device_in=none
10-31 20:37:59.482   541 22301 V audio_hw_primary: adev_get_parameters: exit: returns - snd_device_in=none
10-31 20:37:59.482   541 22301 I hash_map_utils: key: 'snd_device_in' value: ''
10-31 20:37:59.485   541 15875 V msm8974_platform: platform_get_parameters: exit: returns - snd_device_out=speaker
10-31 20:37:59.485   541 15875 V audio_hw_primary: adev_get_parameters: exit: returns - snd_device_out=speaker
10-31 20:37:59.485   541 15875 I hash_map_utils: key: 'snd_device_out' value: ''
10-31 20:37:59.517 23731 23747 D UE4     : [2019.10.31-11.37.59:517][839]LogBlueprintUserMessages: [BP_PlayerhandAnimation_C_2147482547] P=26.849110 Y=7.473827 R=22.515598
10-31 20:37:59.517 23731 23747 D UE4     : [2019.10.31-11.37.59:517][839]LogBlueprintUserMessages: [BP_PlayerhandAnimation_C_2147482544] P=42.125385 Y=-38.721786 R=-14.384574
