11-01 11:37:44.772  9175  9368 D UE4     : *** JavaEnvDestructor: 9368
11-01 11:37:44.772  9175  9366 D UE4     : *** JavaEnvDestructor: 9366
11-01 11:37:44.772  1883  1928 I [OAR] ShellApp: 0xe0f7e388 msg: broadcastIntent:
11-01 11:37:44.772  1883  1928 I [OAR] ShellApp: is_capture_running = 0
11-01 11:37:44.772  1883  1928 I [OAR] ShellApp: intent_action = com.oculus.systemactivities.LOCAL_STREAM_STATE_UPDATE
11-01 11:37:44.775  1883  1928 I [OAR] SystemUXController: OnLocalStreamChanged, enabled?=0
11-01 11:37:44.780  2130  9281 I GuardianRender: GuardianRender::ShutdownGlContext: GL shutdown
11-01 11:37:44.781  2130  2130 I Passthrough3DRender: ~Passthrough3DRender: calling deletePassthrough3DQuest.
11-01 11:37:44.781  2130  2130 I [CT]    : MIXEDREALITY: Passthrough exiting.
11-01 11:37:44.781  2130  2130 I [CT]    : MIXEDREALITY: Collecting passthrough telemetry on exit: Dropping invalid telemetry.
11-01 11:37:44.791  2130  9304 E OMX-VENC: async_venc_message_thread interrupted to be exited
11-01 11:37:44.795  2130  2130 I OMX-VENC: Component Deinit
11-01 11:37:44.797  2130  2130 I Passthrough3DRender: ~Passthrough3DRender: deletePassthrough3DQuest succeeded.
11-01 11:37:44.797  2130  2130 I Passthrough3DRender: ~Passthrough3DRender: Completed.
11-01 11:37:44.797  2130  2392 I ClientMgr: ClientMgr: Flushing frame for com.YourCompany.LastResisters because compositor is not running
11-01 11:37:44.797  2130  2392 I ClientMgr: ClientMgr: Flushing frame for com.YourCompany.LastResisters because compositor is not running
11-01 11:37:44.797  2130  2392 I ClientMgr: ClientMgr: Flushing frame for com.YourCompany.LastResisters because compositor is not running
11-01 11:37:44.797  2130  2392 I ClientMgr: ClientMgr: Flushing frame for com.YourCompany.LastResisters because compositor is not running
11-01 11:37:44.798  2130  2392 I ClientMgr: ClientMgr: Flushing frame for com.YourCompany.LastResisters because compositor is not running
11-01 11:37:44.798  2130  2392 I ClientMgr: ClientMgr: Flushing frame for com.YourCompany.LastResisters because compositor is not running
11-01 11:37:44.798  2130  2392 I ClientMgr: ClientMgr: Flushing frame for com.YourCompany.LastResisters because compositor is not running
11-01 11:37:44.798  2130  2392 I ClientMgr: ClientMgr: Flushing frame for com.YourCompany.LastResisters because compositor is not running
11-01 11:37:44.798  2130  2392 I ClientMgr: ClientMgr: Flushing frame for com.YourCompany.LastResisters because compositor is not running
11-01 11:37:44.798  2130  2392 I ClientMgr: ClientMgr: Flushing frame for com.YourCompany.LastResisters because compositor is not running
11-01 11:37:44.798   712  3399 D Tracker/CoreOS: Setting exposure hint to 0.000000
11-01 11:37:44.798  2130  2392 I ClientMgr: ClientMgr: Flushing frame for com.YourCompany.LastResisters because compositor is not running
11-01 11:37:44.798  2130  2392 I ClientMgr: ClientMgr: Flushing frame for com.YourCompany.LastResisters because compositor is not running
11-01 11:37:44.798  2130  2392 I ClientMgr: ClientMgr: Flushing frame for com.YourCompany.LastResisters because compositor is not running
11-01 11:37:44.798  2130  2392 I ClientMgr: ClientMgr: Flushing frame for com.YourCompany.LastResisters because compositor is not running
11-01 11:37:44.798  2130  2392 I ClientMgr: ClientMgr: Flushing frame for com.YourCompany.LastResisters because compositor is not running
11-01 11:37:44.798  2130  2392 I ClientMgr: ClientMgr: Flushing frame for com.YourCompany.LastResisters because compositor is not running
11-01 11:37:44.798  2130  2392 I ClientMgr: ClientMgr: Flushing frame for com.YourCompany.LastResisters because compositor is not running
11-01 11:37:44.798  2130  2392 I ClientMgr: ClientMgr: Flushing frame for com.YourCompany.LastResisters because compositor is not running
11-01 11:37:44.798  2130  2392 I ClientMgr: ClientMgr: Flushing frame for com.YourCompany.LastResisters because compositor is not running
11-01 11:37:44.798  2130  2392 I ClientMgr: ClientMgr: Flushing frame for com.YourCompany.LastResisters because compositor is not running
11-01 11:37:44.798  2130  2392 I ClientMgr: ClientMgr: Flushing frame for com.YourCompany.LastResisters because compositor is not running
11-01 11:37:44.798  2130  2392 I ClientMgr: ClientMgr: Flushing frame for com.YourCompany.LastResisters because compositor is not running
11-01 11:37:44.798  2130  2392 I ClientMgr: ClientMgr: Flushing frame for com.YourCompany.LastResisters because compositor is not running
11-01 11:37:44.799  2130  2392 I ClientMgr: ClientMgr: Flushing frame for com.YourCompany.LastResisters because compositor is not running
11-01 11:37:44.799  2130  2392 I ClientMgr: ClientMgr: Flushing frame for com.YourCompany.LastResisters because compositor is not running
11-01 11:37:44.799  2130  2392 I ClientMgr: ClientMgr: Flushing frame for com.YourCompany.LastResisters because compositor is not running
11-01 11:37:44.799  2130  2392 I ClientMgr: ClientMgr: Flushing frame for com.YourCompany.LastResisters because compositor is not running
11-01 11:37:44.799  2130  2392 I ClientMgr: ClientMgr: Flushing frame for com.YourCompany.LastResisters because compositor is not running
11-01 11:37:44.799  2130  2392 I ClientMgr: ClientMgr: Flushing frame for com.YourCompany.LastResisters because compositor is not running
11-01 11:37:44.799  2130  2392 I ClientMgr: ClientMgr: Flushing frame for com.YourCompany.LastResisters because compositor is not running
11-01 11:37:44.799  2130  2392 I ClientMgr: ClientMgr: Flushing frame for com.YourCompany.LastResisters because compositor is not running
11-01 11:37:44.799  2130  2392 I ClientMgr: ClientMgr: Flushing frame for com.YourCompany.LastResisters because compositor is not running
11-01 11:37:44.799  2130  2392 I ClientMgr: ClientMgr: Flushing frame for com.YourCompany.LastResisters because compositor is not running
11-01 11:37:44.799  2130  2392 I ClientMgr: ClientMgr: Flushing frame for com.YourCompany.LastResisters because compositor is not running
11-01 11:37:44.799  2130  2392 I ClientMgr: ClientMgr: Flushing frame for com.YourCompany.LastResisters because compositor is not running
11-01 11:37:44.799  2130  2392 I ClientMgr: ClientMgr: Flushing frame for com.YourCompany.LastResisters because compositor is not running
11-01 11:37:44.799  2130  2392 I ClientMgr: ClientMgr: Flushing frame for com.YourCompany.LastResisters because compositor is not running
11-01 11:37:44.799  2130  2392 I ClientMgr: ClientMgr: Flushing frame for com.YourCompany.LastResisters because compositor is not running
11-01 11:37:44.799  2130  2392 I ClientMgr: ClientMgr: Flushing frame for com.YourCompany.LastResisters because compositor is not running
11-01 11:37:44.799  2130  2392 I ClientMgr: ClientMgr: Flushing frame for com.YourCompany.LastResisters because compositor is not running
11-01 11:37:44.799  2130  2392 I ClientMgr: ClientMgr: Flushing frame for com.YourCompany.LastResisters because compositor is not running
11-01 11:37:44.799  2130  2392 I ClientMgr: ClientMgr: Flushing frame for com.YourCompany.LastResisters because compositor is not running
11-01 11:37:44.799  2130  2392 I ClientMgr: ClientMgr: Flushing frame for com.YourCompany.LastResisters because compositor is not running
11-01 11:37:44.799  2130  2392 I ClientMgr: ClientMgr: Flushing frame for com.YourCompany.LastResisters because compositor is not running
11-01 11:37:44.799  2130  2392 I ClientMgr: ClientMgr: Flushing frame for com.YourCompany.LastResisters because compositor is not running
11-01 11:37:44.799  2130  2392 I ClientMgr: ClientMgr: Flushing frame for com.YourCompany.LastResisters because compositor is not running
11-01 11:37:44.799  2130  2392 I ClientMgr: ClientMgr: Flushing frame for com.YourCompany.LastResisters because compositor is not running
11-01 11:37:44.799  2130  2392 I ClientMgr: ClientMgr: Flushing frame for com.YourCompany.LastResisters because compositor is not running
11-01 11:37:44.799  2130  2392 I ClientMgr: ClientMgr: Flushing frame for com.YourCompany.LastResisters because compositor is not running
11-01 11:37:44.799  2130  2392 I ClientMgr: ClientMgr: Flushing frame for com.YourCompany.LastResisters because compositor is not running
11-01 11:37:44.799  2130  2392 I ClientMgr: ClientMgr: Flushing frame for com.YourCompany.LastResisters because compositor is not running
11-01 11:37:44.799  2130  2392 I ClientMgr: ClientMgr: Flushing frame for com.YourCompany.LastResisters because compositor is not running
11-01 11:37:44.799  2130  2392 I ClientMgr: ClientMgr: Flushing frame for com.YourCompany.LastResisters because compositor is not running
11-01 11:37:44.799  2130  2392 I ClientMgr: ClientMgr: Flushing frame for com.YourCompany.LastResisters because compositor is not running
11-01 11:37:44.800  2130  2392 I ClientMgr: ClientMgr: Flushing frame for com.YourCompany.LastResisters because compositor is not running
11-01 11:37:44.800  2130  2392 I ClientMgr: ClientMgr: Flushing frame for com.YourCompany.LastResisters because compositor is not running
11-01 11:37:44.800  2130  2392 I ClientMgr: ClientMgr: Flushing frame for com.YourCompany.LastResisters because compositor is not running
11-01 11:37:44.800  2130  2392 I ClientMgr: ClientMgr: Flushing frame for com.YourCompany.LastResisters because compositor is not running
11-01 11:37:44.800  2130  2392 I ClientMgr: ClientMgr: Flushing frame for com.YourCompany.LastResisters because compositor is not running
11-01 11:37:44.800  2130  2392 I ClientMgr: ClientMgr: Flushing frame for com.YourCompany.LastResisters because compositor is not running
11-01 11:37:44.800  2130  2392 I ClientMgr: ClientMgr: Flushing frame for com.YourCompany.LastResisters because compositor is not running
11-01 11:37:44.800  2130  2392 I ClientMgr: ClientMgr: Flushing frame for com.YourCompany.LastResisters because compositor is not running
11-01 11:37:44.800  2130  2392 I ClientMgr: ClientMgr: Flushing frame for com.YourCompany.LastResisters because compositor is not running
11-01 11:37:44.800  2130  2392 I ClientMgr: ClientMgr: Flushing frame for com.YourCompany.LastResisters because compositor is not running
11-01 11:37:44.800  2130  2392 I ClientMgr: ClientMgr: Flushing frame for com.YourCompany.LastResisters because compositor is not running
11-01 11:37:44.800  2130  2392 I ClientMgr: ClientMgr: Flushing frame for com.YourCompany.LastResisters because compositor is not running
11-01 11:37:44.800  2130  2392 I ClientMgr: ClientMgr: Flushing frame for com.YourCompany.LastResisters because compositor is not running
11-01 11:37:44.800  2130  2392 I ClientMgr: ClientMgr: Flushing frame for com.YourCompany.LastResisters because compositor is not running
11-01 11:37:44.800  2130  2392 I ClientMgr: ClientMgr: Flushing frame for com.YourCompany.LastResisters because compositor is not running
11-01 11:37:44.800  2130  2392 I ClientMgr: ClientMgr: Flushing frame for com.YourCompany.LastResisters because compositor is not running
11-01 11:37:44.800  2130  2392 I ClientMgr: ClientMgr: Flushing frame for com.YourCompany.LastResisters because compositor is not running
11-01 11:37:44.800  2130  2392 I ClientMgr: ClientMgr: Flushing frame for com.YourCompany.LastResisters because compositor is not running
11-01 11:37:44.800  2130  2392 I ClientMgr: ClientMgr: Flushing frame for com.YourCompany.LastResisters because compositor is not running
11-01 11:37:44.800  2130  2392 I ClientMgr: ClientMgr: Flushing frame for com.YourCompany.LastResisters because compositor is not running
11-01 11:37:44.800  2130  2392 I ClientMgr: ClientMgr: Flushing frame for com.YourCompany.LastResisters because compositor is not running
11-01 11:37:44.800  2130  2392 I ClientMgr: ClientMgr: Flushing frame for com.YourCompany.LastResisters because compositor is not running
11-01 11:37:44.800  2130  2392 I ClientMgr: ClientMgr: Flushing frame for com.YourCompany.LastResisters because compositor is not running
11-01 11:37:44.800  2130  2392 I ClientMgr: ClientMgr: Flushing frame for com.YourCompany.LastResisters because compositor is not running
11-01 11:37:44.800  2130  2392 I ClientMgr: ClientMgr: Flushing frame for com.YourCompany.LastResisters because compositor is not running
11-01 11:37:44.800  2130  2392 I ClientMgr: ClientMgr: Flushing frame for com.YourCompany.LastResisters because compositor is not running
11-01 11:37:44.800  2130  2392 I ClientMgr: ClientMgr: Flushing frame for com.YourCompany.LastResisters because compositor is not running
11-01 11:37:44.800  2130  2392 I ClientMgr: ClientMgr: Flushing frame for com.YourCompany.LastResisters because compositor is not running
11-01 11:37:44.800  2130  2392 I ClientMgr: ClientMgr: Flushing frame for com.YourCompany.LastResisters because compositor is not running
11-01 11:37:44.800  2130  2392 I ClientMgr: ClientMgr: Flushing frame for com.YourCompany.LastResisters because compositor is not running
11-01 11:37:44.800  2130  2392 I ClientMgr: ClientMgr: Flushing frame for com.YourCompany.LastResisters because compositor is not running
11-01 11:37:44.800  2130  2392 I ClientMgr: ClientMgr: Flushing frame for com.YourCompany.LastResisters because compositor is not running
11-01 11:37:44.800  2130  2392 I ClientMgr: ClientMgr: Flushing frame for com.YourCompany.LastResisters because compositor is not running
11-01 11:37:44.801  2130  2392 I ClientMgr: ClientMgr: Flushing frame for com.YourCompany.LastResisters because compositor is not running
11-01 11:37:44.801  2130  2392 I ClientMgr: ClientMgr: Flushing frame for com.YourCompany.LastResisters because compositor is not running
11-01 11:37:44.801  2130  2392 I ClientMgr: ClientMgr: Flushing frame for com.YourCompany.LastResisters because compositor is not running
11-01 11:37:44.801  2130  2392 I ClientMgr: ClientMgr: Flushing frame for com.YourCompany.LastResisters because compositor is not running
11-01 11:37:44.801  2130  2392 I ClientMgr: ClientMgr: Flushing frame for com.YourCompany.LastResisters because compositor is not running
11-01 11:37:44.801  2130  2392 I ClientMgr: ClientMgr: Flushing frame for com.YourCompany.LastResisters because compositor is not running
11-01 11:37:44.801  2130  2392 I ClientMgr: ClientMgr: Flushing frame for com.YourCompany.LastResisters because compositor is not running
11-01 11:37:44.801  2130  2392 I ClientMgr: ClientMgr: Flushing frame for com.YourCompany.LastResisters because compositor is not running
11-01 11:37:44.801  2130  2392 I ClientMgr: ClientMgr: Flushing frame for com.YourCompany.LastResisters because compositor is not running
11-01 11:37:44.801  2130  2392 I ClientMgr: ClientMgr: Flushing frame for com.YourCompany.LastResisters because compositor is not running
11-01 11:37:44.801  2130  2392 I ClientMgr: ClientMgr: Flushing frame for com.YourCompany.LastResisters because compositor is not running
11-01 11:37:44.801  2130  2392 I ClientMgr: ClientMgr: Flushing frame for com.YourCompany.LastResisters because compositor is not running
11-01 11:37:44.801  2130  2392 I ClientMgr: ClientMgr: Flushing frame for com.YourCompany.LastResisters because compositor is not running
11-01 11:37:44.801  2130  2392 I ClientMgr: ClientMgr: Flushing frame for com.YourCompany.LastResisters because compositor is not running
11-01 11:37:44.801   712  9296 I [CT]    : R:Behavior:NearHeadMoving: state transition: InRange -> Active
11-01 11:37:44.801  2130  2392 I ClientMgr: ClientMgr: Flushing frame for com.YourCompany.LastResisters because compositor is not running
11-01 11:37:44.801   712  9296 I [CT]    : L:Behavior:NearHeadMoving: activated
11-01 11:37:44.801   712  9296 I [CT]    : L:Behavior:NearHeadMoving: using reliablePoseInWorld
11-01 11:37:44.801  2130  2392 I ClientMgr: ClientMgr: Flushing frame for com.YourCompany.LastResisters because compositor is not running
11-01 11:37:44.801   712  9296 I [CT]    : AdHocPatch: [Right] t = 258.087s, behavior transition: None -> NearHeadMoving at 258.136s
11-01 11:37:44.801  2130  2392 I ClientMgr: ClientMgr: Flushing frame for com.YourCompany.LastResisters because compositor is not running
11-01 11:37:44.801  2130  2392 I ClientMgr: ClientMgr: Flushing frame for com.YourCompany.LastResisters because compositor is not running
11-01 11:37:44.801  2130  2392 I ClientMgr: ClientMgr: Flushing frame for com.YourCompany.LastResisters because compositor is not running
11-01 11:37:44.801  2130  2392 I ClientMgr: ClientMgr: Flushing frame for com.YourCompany.LastResisters because compositor is not running
11-01 11:37:44.801  2130  2392 I ClientMgr: ClientMgr: Flushing frame for com.YourCompany.LastResisters because compositor is not running
11-01 11:37:44.801  2130  2392 I ClientMgr: ClientMgr: Flushing frame for com.YourCompany.LastResisters because compositor is not running
11-01 11:37:44.801  2130  2392 I ClientMgr: ClientMgr: Flushing frame for com.YourCompany.LastResisters because compositor is not running
11-01 11:37:44.801  2130  2392 I ClientMgr: ClientMgr: Flushing frame for com.YourCompany.LastResisters because compositor is not running
11-01 11:37:44.801  2130  2392 I ClientMgr: ClientMgr: Flushing frame for com.YourCompany.LastResisters because compositor is not running
11-01 11:37:44.801  2130  2392 I ClientMgr: ClientMgr: Flushing frame for com.YourCompany.LastResisters because compositor is not running
11-01 11:37:44.801  2130  2392 I ClientMgr: ClientMgr: Flushing frame for com.YourCompany.LastResisters because compositor is not running
11-01 11:37:44.801  2130  2392 I ClientMgr: ClientMgr: Flushing frame for com.YourCompany.LastResisters because compositor is not running
11-01 11:37:44.801  2130  2392 I ClientMgr: ClientMgr: Flushing frame for com.YourCompany.LastResisters because compositor is not running
11-01 11:37:44.801  2130  2392 I ClientMgr: ClientMgr: Flushing frame for com.YourCompany.LastResisters because compositor is not running
11-01 11:37:44.801  2130  2392 I ClientMgr: ClientMgr: Flushing frame for com.YourCompany.LastResisters because compositor is not running
11-01 11:37:44.801  2130  2392 I ClientMgr: ClientMgr: Flushing frame for com.YourCompany.LastResisters because compositor is not running
11-01 11:37:44.802  2130  2392 I ClientMgr: ClientMgr: Flushing frame for com.YourCompany.LastResisters because compositor is not running
11-01 11:37:44.802  2130  2392 I ClientMgr: ClientMgr: Flushing frame for com.YourCompany.LastResisters because compositor is not running
11-01 11:37:44.802  2130  2392 I ClientMgr: ClientMgr: Flushing frame for com.YourCompany.LastResisters because compositor is not running
11-01 11:37:44.802  2130  2392 I ClientMgr: ClientMgr: Flushing frame for com.YourCompany.LastResisters because compositor is not running
11-01 11:37:44.802  2130  2392 I ClientMgr: ClientMgr: Flushing frame for com.YourCompany.LastResisters because compositor is not running
11-01 11:37:44.802  2130  2392 I ClientMgr: ClientMgr: Flushing frame for com.YourCompany.LastResisters because compositor is not running
11-01 11:37:44.802  2130  2392 I ClientMgr: ClientMgr: Flushing frame for com.YourCompany.LastResisters because compositor is not running
11-01 11:37:44.802  2130  2392 I ClientMgr: ClientMgr: Flushing frame for com.YourCompany.LastResisters because compositor is not running
11-01 11:37:44.802  2130  2392 I ClientMgr: ClientMgr: Flushing frame for com.YourCompany.LastResisters because compositor is not running
11-01 11:37:44.802  2130  2392 I ClientMgr: ClientMgr: Flushing frame for com.YourCompany.LastResisters because compositor is not running
11-01 11:37:44.802  2130  2392 I ClientMgr: ClientMgr: Flushing frame for com.YourCompany.LastResisters because compositor is not running
11-01 11:37:44.802  2130  2392 I ClientMgr: ClientMgr: Flushing frame for com.YourCompany.LastResisters because compositor is not running
11-01 11:37:44.802  2130  2392 I ClientMgr: ClientMgr: Flushing frame for com.YourCompany.LastResisters because compositor is not running
11-01 11:37:44.802  2130  2392 I ClientMgr: ClientMgr: Flushing frame for com.YourCompany.LastResisters because compositor is not running
11-01 11:37:44.802  2130  2392 I ClientMgr: ClientMgr: Flushing frame for com.YourCompany.LastResisters because compositor is not running
11-01 11:37:44.802  2130  2392 I ClientMgr: ClientMgr: Flushing frame for com.YourCompany.LastResisters because compositor is not running
11-01 11:37:44.802  2130  2392 I ClientMgr: ClientMgr: Flushing frame for com.YourCompany.LastResisters because compositor is not running
11-01 11:37:44.802  2130  2392 I ClientMgr: ClientMgr: Flushing frame for com.YourCompany.LastResisters because compositor is not running
11-01 11:37:44.802  2130  2392 I ClientMgr: ClientMgr: Flushing frame for com.YourCompany.LastResisters because compositor is not running
11-01 11:37:44.802  2130  2392 I ClientMgr: ClientMgr: Flushing frame for com.YourCompany.LastResisters because compositor is not running
11-01 11:37:44.802  2130  2392 I ClientMgr: ClientMgr: Flushing frame for com.YourCompany.LastResisters because compositor is not running
11-01 11:37:44.802  2130  2392 I ClientMgr: ClientMgr: Flushing frame for com.YourCompany.LastResisters because compositor is not running
11-01 11:37:44.802  2130  2392 I ClientMgr: ClientMgr: Flushing frame for com.YourCompany.LastResisters because compositor is not running
11-01 11:37:44.802  2130  2392 I ClientMgr: ClientMgr: Flushing frame for com.YourCompany.LastResisters because compositor is not running
11-01 11:37:44.802  2130  2392 I ClientMgr: ClientMgr: Flushing frame for com.YourCompany.LastResisters because compositor is not running
11-01 11:37:44.802  2130  2392 I ClientMgr: ClientMgr: Flushing frame for com.YourCompany.LastResisters because compositor is not running
11-01 11:37:44.802  2130  2392 I ClientMgr: ClientMgr: Flushing frame for com.YourCompany.LastResisters because compositor is not running
11-01 11:37:44.802  2130  2392 I ClientMgr: ClientMgr: Flushing frame for com.YourCompany.LastResisters because compositor is not running
11-01 11:37:44.802  2130  2392 I ClientMgr: ClientMgr: Flushing frame for com.YourCompany.LastResisters because compositor is not running
11-01 11:37:44.802  2130  2392 I ClientMgr: ClientMgr: Flushing frame for com.YourCompany.LastResisters because compositor is not running
11-01 11:37:44.803  2130  2392 I ClientMgr: ClientMgr: Flushing frame for com.YourCompany.LastResisters because compositor is not running
11-01 11:37:44.803  2130  2392 I ClientMgr: ClientMgr: Flushing frame for com.YourCompany.LastResisters because compositor is not running
11-01 11:37:44.803  2130  2392 I ClientMgr: ClientMgr: Flushing frame for com.YourCompany.LastResisters because compositor is not running
11-01 11:37:44.803  2130  2392 I ClientMgr: ClientMgr: Flushing frame for com.YourCompany.LastResisters because compositor is not running
11-01 11:37:44.803  2130  2392 I ClientMgr: ClientMgr: Flushing frame for com.YourCompany.LastResisters because compositor is not running
11-01 11:37:44.803  2130  2392 I ClientMgr: ClientMgr: Flushing frame for com.YourCompany.LastResisters because compositor is not running
11-01 11:37:44.803  2130  2392 I ClientMgr: ClientMgr: Flushing frame for com.YourCompany.LastResisters because compositor is not running
11-01 11:37:44.803  2130  2392 I ClientMgr: ClientMgr: Flushing frame for com.YourCompany.LastResisters because compositor is not running
11-01 11:37:44.803  2130  2392 I ClientMgr: ClientMgr: Flushing frame for com.YourCompany.LastResisters because compositor is not running
11-01 11:37:44.803  2130  2392 I ClientMgr: ClientMgr: Flushing frame for com.YourCompany.LastResisters because compositor is not running
11-01 11:37:44.803  2130  2392 I ClientMgr: ClientMgr: Flushing frame for com.YourCompany.LastResisters because compositor is not running
11-01 11:37:44.803  2130  2392 I ClientMgr: ClientMgr: Flushing frame for com.YourCompany.LastResisters because compositor is not running
11-01 11:37:44.803  2130  2392 I ClientMgr: ClientMgr: Flushing frame for com.YourCompany.LastResisters because compositor is not running
11-01 11:37:44.803  2130  2392 I ClientMgr: ClientMgr: Flushing frame for com.YourCompany.LastResisters because compositor is not running
11-01 11:37:44.803  2130  2392 I ClientMgr: ClientMgr: Flushing frame for com.YourCompany.LastResisters because compositor is not running
11-01 11:37:44.803  2130  2392 I ClientMgr: ClientMgr: Flushing frame for com.YourCompany.LastResisters because compositor is not running
11-01 11:37:44.803  2130  2392 I ClientMgr: ClientMgr: Flushing frame for com.YourCompany.LastResisters because compositor is not running
11-01 11:37:44.803  2130  2392 I ClientMgr: ClientMgr: Flushing frame for com.YourCompany.LastResisters because compositor is not running
11-01 11:37:44.803  2130  2392 I ClientMgr: ClientMgr: Flushing frame for com.YourCompany.LastResisters because compositor is not running
11-01 11:37:44.803  2130  2392 I ClientMgr: ClientMgr: Flushing frame for com.YourCompany.LastResisters because compositor is not running
11-01 11:37:44.803  2130  2392 I ClientMgr: ClientMgr: Flushing frame for com.YourCompany.LastResisters because compositor is not running
11-01 11:37:44.803  2130  2392 I ClientMgr: ClientMgr: Flushing frame for com.YourCompany.LastResisters because compositor is not running
11-01 11:37:44.803  2130  2392 I ClientMgr: ClientMgr: Flushing frame for com.YourCompany.LastResisters because compositor is not running
11-01 11:37:44.803  2130  2392 I ClientMgr: ClientMgr: Flushing frame for com.YourCompany.LastResisters because compositor is not running
11-01 11:37:44.803  2130  2392 I ClientMgr: ClientMgr: Flushing frame for com.YourCompany.LastResisters because compositor is not running
11-01 11:37:44.803  2130  2392 I ClientMgr: ClientMgr: Flushing frame for com.YourCompany.LastResisters because compositor is not running
11-01 11:37:44.803  2130  2392 I ClientMgr: ClientMgr: Flushing frame for com.YourCompany.LastResisters because compositor is not running
11-01 11:37:44.803  2130  2392 I ClientMgr: ClientMgr: Flushing frame for com.YourCompany.LastResisters because compositor is not running
11-01 11:37:44.803  2130  2392 I ClientMgr: ClientMgr: Flushing frame for com.YourCompany.LastResisters because compositor is not running
11-01 11:37:44.803  2130  2392 I ClientMgr: ClientMgr: Flushing frame for com.YourCompany.LastResisters because compositor is not running
11-01 11:37:44.803  2130  2392 I ClientMgr: ClientMgr: Flushing frame for com.YourCompany.LastResisters because compositor is not running
11-01 11:37:44.804  2130  2392 I ClientMgr: ClientMgr: Flushing frame for com.YourCompany.LastResisters because compositor is not running
11-01 11:37:44.804  2130  2392 I ClientMgr: ClientMgr: Flushing frame for com.YourCompany.LastResisters because compositor is not running
11-01 11:37:44.804  2130  2392 I ClientMgr: ClientMgr: Flushing frame for com.YourCompany.LastResisters because compositor is not running
11-01 11:37:44.804  2130  2392 I ClientMgr: ClientMgr: Flushing frame for com.YourCompany.LastResisters because compositor is not running
11-01 11:37:44.804  2130  2392 I ClientMgr: ClientMgr: Flushing frame for com.YourCompany.LastResisters because compositor is not running
11-01 11:37:44.804  2130  2392 I ClientMgr: ClientMgr: Flushing frame for com.YourCompany.LastResisters because compositor is not running
11-01 11:37:44.804  2130  2392 I ClientMgr: ClientMgr: Flushing frame for com.YourCompany.LastResisters because compositor is not running
11-01 11:37:44.804  2130  2392 I ClientMgr: ClientMgr: Flushing frame for com.YourCompany.LastResisters because compositor is not running
11-01 11:37:44.804  2130  2392 I ClientMgr: ClientMgr: Flushing frame for com.YourCompany.LastResisters because compositor is not running
11-01 11:37:44.804  2130  2392 I ClientMgr: ClientMgr: Flushing frame for com.YourCompany.LastResisters because compositor is not running
11-01 11:37:44.804  2130  2392 I ClientMgr: ClientMgr: Flushing frame for com.YourCompany.LastResisters because compositor is not running
11-01 11:37:44.804  2130  2392 I ClientMgr: ClientMgr: Flushing frame for com.YourCompany.LastResisters because compositor is not running
11-01 11:37:44.804  2130  2392 I ClientMgr: ClientMgr: Flushing frame for com.YourCompany.LastResisters because compositor is not running
11-01 11:37:44.804  2130  2392 I ClientMgr: ClientMgr: Flushing frame for com.YourCompany.LastResisters because compositor is not running
11-01 11:37:44.804  2130  2392 I ClientMgr: ClientMgr: Flushing frame for com.YourCompany.LastResisters because compositor is not running
11-01 11:37:44.804  2130  2392 I ClientMgr: ClientMgr: Flushing frame for com.YourCompany.LastResisters because compositor is not running
11-01 11:37:44.804  2130  2392 I ClientMgr: ClientMgr: Flushing frame for com.YourCompany.LastResisters because compositor is not running
11-01 11:37:44.805  2130  2392 I ClientMgr: ClientMgr: Flushing frame for com.YourCompany.LastResisters because compositor is not running
11-01 11:37:44.805  2130  2392 I ClientMgr: ClientMgr: Flushing frame for com.YourCompany.LastResisters because compositor is not running
11-01 11:37:44.805  2130  2392 I ClientMgr: ClientMgr: Flushing frame for com.YourCompany.LastResisters because compositor is not running
11-01 11:37:44.805  2130  2392 I ClientMgr: ClientMgr: Flushing frame for com.YourCompany.LastResisters because compositor is not running
11-01 11:37:44.805  2130  2392 I ClientMgr: ClientMgr: Flushing frame for com.YourCompany.LastResisters because compositor is not running
11-01 11:37:44.805  2130  2392 I ClientMgr: ClientMgr: Flushing frame for com.YourCompany.LastResisters because compositor is not running
11-01 11:37:44.805  2130  2392 I ClientMgr: ClientMgr: Flushing frame for com.YourCompany.LastResisters because compositor is not running
11-01 11:37:44.805  2130  2392 I ClientMgr: ClientMgr: Flushing frame for com.YourCompany.LastResisters because compositor is not running
11-01 11:37:44.805  2130  2392 I ClientMgr: ClientMgr: Flushing frame for com.YourCompany.LastResisters because compositor is not running
11-01 11:37:44.805  2130  2392 I ClientMgr: ClientMgr: Flushing frame for com.YourCompany.LastResisters because compositor is not running
11-01 11:37:44.805  2130  2392 I ClientMgr: ClientMgr: Flushing frame for com.YourCompany.LastResisters because compositor is not running
11-01 11:37:44.810  2130  2392 I ClientMgr: ClientMgr: Flushing frame for com.YourCompany.LastResisters because compositor is not running
11-01 11:37:44.824  2130  2392 I ClientMgr: ClientMgr: Flushing frame for com.YourCompany.LastResisters because compositor is not running
11-01 11:37:44.838  2130  2392 I ClientMgr: ClientMgr: Flushing frame for com.YourCompany.LastResisters because compositor is not running
11-01 11:37:44.852  2130  2392 I ClientMgr: ClientMgr: Flushing frame for com.YourCompany.LastResisters because compositor is not running
11-01 11:37:44.861  2058  2123 W LibraryProvider: Cannot find entitlement for system
11-01 11:37:44.862  1459  2210 W OVRLibrary: null cursor received for query content://com.oculus.ocms.library/apps/system
11-01 11:37:44.866  2130  2392 I ClientMgr: ClientMgr: Flushing frame for com.YourCompany.LastResisters because compositor is not running
11-01 11:37:44.878  9175  9405 D UE4     : *** JavaEnvDestructor: 9405
11-01 11:37:44.880  2130  2392 I ClientMgr: ClientMgr: Flushing frame for com.YourCompany.LastResisters because compositor is not running
11-01 11:37:44.894  2130  2392 I ClientMgr: ClientMgr: Flushing frame for com.YourCompany.LastResisters because compositor is not running
11-01 11:37:44.904   698 17693 D NuPlayerDriver: notifyListener_l(0xe9292360), (2, 0, 0), loop setting(0, 0)
11-01 11:37:44.906   698  2639 D NuPlayerDriver: reset(0xe9292360) at state 6
11-01 11:37:44.906   698  2639 D NuPlayerDriver: notifyListener_l(0xe9292360), (8, 0, 0), loop setting(0, 0)
11-01 11:37:44.907  2130  2392 I ClientMgr: ClientMgr: Flushing frame for com.YourCompany.LastResisters because compositor is not running
11-01 11:37:44.914   698 17693 W AMessage: failed to post message as target looper for handler 0 is gone.
11-01 11:37:44.916   698 17693 D NuPlayerDriver: notifyResetComplete(0xe9292360)
11-01 11:37:44.921  2130  2392 I ClientMgr: ClientMgr: Flushing frame for com.YourCompany.LastResisters because compositor is not running
11-01 11:37:44.929   552   597 V audio_hw_primary: out_get_latency: Latency 8
11-01 11:37:44.935  2130  2392 I ClientMgr: ClientMgr: Flushing frame for com.YourCompany.LastResisters because compositor is not running
11-01 11:37:44.949   552   597 V audio_hw_primary: out_get_latency: Latency 8
11-01 11:37:44.949  2130  2392 I ClientMgr: ClientMgr: Flushing frame for com.YourCompany.LastResisters because compositor is not running
11-01 11:37:44.957   712  9296 I [CT]    : L:Behavior:AtRest: deactivated
11-01 11:37:44.957   712  9296 I [CT]    : AdHocPatch: [Left] t = 258.242s, behavior transition: AtRest -> None at 258.135s
11-01 11:37:44.963  2130  2392 I ClientMgr: ClientMgr: Flushing frame for com.YourCompany.LastResisters because compositor is not running
11-01 11:37:44.969   552   597 V audio_hw_primary: out_get_latency: Latency 8
11-01 11:37:44.977  2130  2392 I ClientMgr: ClientMgr: Flushing frame for com.YourCompany.LastResisters because compositor is not running
11-01 11:37:44.989   552   597 V audio_hw_primary: out_get_latency: Latency 8
11-01 11:37:44.991  2130  2392 I ClientMgr: ClientMgr: Flushing frame for com.YourCompany.LastResisters because compositor is not running
11-01 11:37:45.005  2130  2392 I ClientMgr: ClientMgr: Flushing frame for com.YourCompany.LastResisters because compositor is not running
11-01 11:37:45.009   552   597 V audio_hw_primary: out_get_latency: Latency 8
11-01 11:37:45.019  2130  2392 I ClientMgr: ClientMgr: Flushing frame for com.YourCompany.LastResisters because compositor is not running
11-01 11:37:45.029   552   597 V audio_hw_primary: out_get_latency: Latency 8
11-01 11:37:45.033  2130  2392 I ClientMgr: ClientMgr: Flushing frame for com.YourCompany.LastResisters because compositor is not running
11-01 11:37:45.047  2130  2392 I ClientMgr: ClientMgr: Flushing frame for com.YourCompany.LastResisters because compositor is not running
11-01 11:37:45.049   552   591 V AudioPolicyManagerCustom: getNewOutputDevice() selected device 2
11-01 11:37:45.061  2130  2392 I ClientMgr: ClientMgr: Flushing frame for com.YourCompany.LastResisters because compositor is not running
11-01 11:37:45.061  2058  2074 W LibraryProvider: Cannot find entitlement for system
11-01 11:37:45.062  1459  2212 W OVRLibrary: null cursor received for query content://com.oculus.ocms.library/apps/system
11-01 11:37:45.075  2130  2392 I ClientMgr: ClientMgr: Flushing frame for com.YourCompany.LastResisters because compositor is not running
11-01 11:37:45.089  2130  2392 I ClientMgr: ClientMgr: Flushing frame for com.YourCompany.LastResisters because compositor is not running
11-01 11:37:45.103  2130  2392 I ClientMgr: ClientMgr: Flushing frame for com.YourCompany.LastResisters because compositor is not running
11-01 11:37:45.117  2130  2392 I ClientMgr: ClientMgr: Flushing frame for com.YourCompany.LastResisters because compositor is not running
11-01 11:37:45.130  2130  2392 I ClientMgr: ClientMgr: Flushing frame for com.YourCompany.LastResisters because compositor is not running
11-01 11:37:45.144  2130  2392 I ClientMgr: ClientMgr: Flushing frame for com.YourCompany.LastResisters because compositor is not running
11-01 11:37:45.158  2130  2392 I ClientMgr: ClientMgr: Flushing frame for com.YourCompany.LastResisters because compositor is not running
11-01 11:37:45.172  2130  2392 I ClientMgr: ClientMgr: Flushing frame for com.YourCompany.LastResisters because compositor is not running
11-01 11:37:45.187  2130  2392 I ClientMgr: ClientMgr: Flushing frame for com.YourCompany.LastResisters because compositor is not running
11-01 11:37:45.200  2130  2392 I ClientMgr: ClientMgr: Flushing frame for com.YourCompany.LastResisters because compositor is not running
11-01 11:37:45.214  2130  2392 I ClientMgr: ClientMgr: Flushing frame for com.YourCompany.LastResisters because compositor is not running
11-01 11:37:45.223   552   591 V AudioPolicyManagerCustom: getNewOutputDevice() selected device 0
11-01 11:37:45.223   552   591 V AudioPolicyManagerCustom: checkOutputForStrategy(): policy related outputs
11-01 11:37:45.228  2130  2392 I ClientMgr: ClientMgr: Flushing frame for com.YourCompany.LastResisters because compositor is not running
11-01 11:37:45.242  2130  2392 I ClientMgr: ClientMgr: Flushing frame for com.YourCompany.LastResisters because compositor is not running
11-01 11:37:45.256  2130  2392 I ClientMgr: ClientMgr: Flushing frame for com.YourCompany.LastResisters because compositor is not running
11-01 11:37:45.266  2058  2199 W LibraryProvider: Cannot find entitlement for system
11-01 11:37:45.267  1459  2054 W OVRLibrary: null cursor received for query content://com.oculus.ocms.library/apps/system
11-01 11:37:45.270  2130  2392 I ClientMgr: ClientMgr: Flushing frame for com.YourCompany.LastResisters because compositor is not running
11-01 11:37:45.284  2130  2392 I ClientMgr: ClientMgr: Flushing frame for com.YourCompany.LastResisters because compositor is not running
11-01 11:37:45.298  2130  2392 I ClientMgr: ClientMgr: Flushing frame for com.YourCompany.LastResisters because compositor is not running
11-01 11:37:45.311  2130  2392 I ClientMgr: ClientMgr: Flushing frame for com.YourCompany.LastResisters because compositor is not running
11-01 11:37:45.325  2130  2392 I ClientMgr: ClientMgr: Flushing frame for com.YourCompany.LastResisters because compositor is not running
11-01 11:37:45.339  2130  2392 I ClientMgr: ClientMgr: Flushing frame for com.YourCompany.LastResisters because compositor is not running
11-01 11:37:45.345  9175  9406 D UE4     : *** JavaEnvDestructor: 9406
11-01 11:37:45.353  2130  2392 I ClientMgr: ClientMgr: Flushing frame for com.YourCompany.LastResisters because compositor is not running
11-01 11:37:45.368  2130  2392 I ClientMgr: ClientMgr: Flushing frame for com.YourCompany.LastResisters because compositor is not running
11-01 11:37:45.371  2058  2113 W LibraryProvider: Cannot find entitlement for system
11-01 11:37:45.372  1459 16362 W OVRLibrary: null cursor received for query content://com.oculus.ocms.library/apps/system
11-01 11:37:45.381  2130  2392 I ClientMgr: ClientMgr: Flushing frame for com.YourCompany.LastResisters because compositor is not running
11-01 11:37:45.395  2130  2392 I ClientMgr: ClientMgr: Flushing frame for com.YourCompany.LastResisters because compositor is not running
11-01 11:37:45.409  2130  2392 I ClientMgr: ClientMgr: Flushing frame for com.YourCompany.LastResisters because compositor is not running
11-01 11:37:45.423  2130  2392 I ClientMgr: ClientMgr: Flushing frame for com.YourCompany.LastResisters because compositor is not running
11-01 11:37:45.437  2130  2392 I ClientMgr: ClientMgr: Flushing frame for com.YourCompany.LastResisters because compositor is not running
11-01 11:37:45.451  2130  2392 I ClientMgr: ClientMgr: Flushing frame for com.YourCompany.LastResisters because compositor is not running
11-01 11:37:45.465  2130  2392 I ClientMgr: ClientMgr: Flushing frame for com.YourCompany.LastResisters because compositor is not running
11-01 11:37:45.479  2130  2392 I ClientMgr: ClientMgr: Flushing frame for com.YourCompany.LastResisters because compositor is not running
11-01 11:37:45.493  2130  2392 I ClientMgr: ClientMgr: Flushing frame for com.YourCompany.LastResisters because compositor is not running
11-01 11:37:45.507  2130  2392 I ClientMgr: ClientMgr: Flushing frame for com.YourCompany.LastResisters because compositor is not running
11-01 11:37:45.516  9175  9247 I VrApi   : FPS=47,Prd=44ms,Tear=0,Early=0,Stale=72,VSnc=1,Lat=1,Fov=0,CPU4/GPU=4/4,300/257MHz,OC=FF,TA=0/E0/E0,SP=N/N/N,Mem=767MHz,Free=1547MB,PSM=0,PLS=0,Temp=33.0C/0.0C,TW=4.33ms,App=21.58ms,GD=0.00ms,CPU&GPU=27.74ms,LCnt=2,GPU%=0.95,CPU%=0.48(W0.52)
11-01 11:37:45.521  2130  2392 I ClientMgr: ClientMgr: Flushing frame for com.YourCompany.LastResisters because compositor is not running
11-01 11:37:45.534  2130  2392 I ClientMgr: ClientMgr: Flushing frame for com.YourCompany.LastResisters because compositor is not running
11-01 11:37:45.548  2130  2392 I ClientMgr: ClientMgr: Flushing frame for com.YourCompany.LastResisters because compositor is not running
11-01 11:37:45.556   712  9295 I [CT]    : VIPER:TRACKSTATUS: TrackingStatusManager: Setting 3DoF.
11-01 11:37:45.556   712  9295 I [CT]    : VIPER: on_imu: force fallback to 3DoF after no call to on_slam_state_update for 1.00077seconds (max allowed: 1).
11-01 11:37:45.557   712  9295 I [CT]    : VisionInterface: HMD Tracking switching to 3dof
11-01 11:37:45.563  2130  2392 I ClientMgr: ClientMgr: Flushing frame for com.YourCompany.LastResisters because compositor is not running
11-01 11:37:45.576  2130  2392 I ClientMgr: ClientMgr: Flushing frame for com.YourCompany.LastResisters because compositor is not running
11-01 11:37:45.583  2058  2080 W LibraryProvider: Cannot find entitlement for system
11-01 11:37:45.583  1459 13659 W OVRLibrary: null cursor received for query content://com.oculus.ocms.library/apps/system
11-01 11:37:45.588   712   954 I OsSdk   : will wait 60 seconds before retrying
11-01 11:37:45.590  2130  2392 I ClientMgr: ClientMgr: Flushing frame for com.YourCompany.LastResisters because compositor is not running
11-01 11:37:45.604  2130  2392 I ClientMgr: ClientMgr: Flushing frame for com.YourCompany.LastResisters because compositor is not running
11-01 11:37:45.618  2130  2392 I ClientMgr: ClientMgr: Flushing frame for com.YourCompany.LastResisters because compositor is not running
11-01 11:37:45.632  2130  2392 I ClientMgr: ClientMgr: Flushing frame for com.YourCompany.LastResisters because compositor is not running
11-01 11:37:45.646  2130  2392 I ClientMgr: ClientMgr: Flushing frame for com.YourCompany.LastResisters because compositor is not running
11-01 11:37:45.660  2130  2392 I ClientMgr: ClientMgr: Flushing frame for com.YourCompany.LastResisters because compositor is not running
11-01 11:37:45.674  2130  2392 I ClientMgr: ClientMgr: Flushing frame for com.YourCompany.LastResisters because compositor is not running
11-01 11:37:45.688  2130  2392 I ClientMgr: ClientMgr: Flushing frame for com.YourCompany.LastResisters because compositor is not running
11-01 11:37:45.702  2130  2392 I ClientMgr: ClientMgr: Flushing frame for com.YourCompany.LastResisters because compositor is not running
11-01 11:37:45.715  2130  2392 I ClientMgr: ClientMgr: Flushing frame for com.YourCompany.LastResisters because compositor is not running
11-01 11:37:45.729  2130  2392 I ClientMgr: ClientMgr: Flushing frame for com.YourCompany.LastResisters because compositor is not running
11-01 11:37:45.743  2130  2392 I ClientMgr: ClientMgr: Flushing frame for com.YourCompany.LastResisters because compositor is not running
11-01 11:37:45.757  2130  2392 I ClientMgr: ClientMgr: Flushing frame for com.YourCompany.LastResisters because compositor is not running
11-01 11:37:45.771  2130  2392 I ClientMgr: ClientMgr: Flushing frame for com.YourCompany.LastResisters because compositor is not running
11-01 11:37:45.785  2130  2392 I ClientMgr: ClientMgr: Flushing frame for com.YourCompany.LastResisters because compositor is not running
11-01 11:37:45.799  2130  2392 I ClientMgr: ClientMgr: Flushing frame for com.YourCompany.LastResisters because compositor is not running
11-01 11:37:45.813  2130  2392 I ClientMgr: ClientMgr: Flushing frame for com.YourCompany.LastResisters because compositor is not running
11-01 11:37:45.827  2130  2392 I ClientMgr: ClientMgr: Flushing frame for com.YourCompany.LastResisters because compositor is not running
11-01 11:37:45.841  2130  2392 I ClientMgr: ClientMgr: Flushing frame for com.YourCompany.LastResisters because compositor is not running
11-01 11:37:45.855  2130  2392 I ClientMgr: ClientMgr: Flushing frame for com.YourCompany.LastResisters because compositor is not running
11-01 11:37:45.869  2130  2392 I ClientMgr: ClientMgr: Flushing frame for com.YourCompany.LastResisters because compositor is not running
11-01 11:37:45.883  2130  2392 I ClientMgr: ClientMgr: Flushing frame for com.YourCompany.LastResisters because compositor is not running
11-01 11:37:45.897  2130  2392 I ClientMgr: ClientMgr: Flushing frame for com.YourCompany.LastResisters because compositor is not running
11-01 11:37:45.910  2130  2392 I ClientMgr: ClientMgr: Flushing frame for com.YourCompany.LastResisters because compositor is not running
11-01 11:37:45.913  9175  9477 D UE4     : [2019.11.01-02.37.45:913][896]LogTcpMessaging: Lost node 'E7DF666541CCAF999619009596E9AF75' on connection '127.0.0.1:57350'...
11-01 11:37:45.914  9175  9477 D UE4     : *** JavaEnvDestructor: 9477
11-01 11:37:45.924  2130  2392 I ClientMgr: ClientMgr: Flushing frame for com.YourCompany.LastResisters because compositor is not running
11-01 11:37:45.939  2130  2392 I ClientMgr: ClientMgr: Flushing frame for com.YourCompany.LastResisters because compositor is not running
11-01 11:37:45.952  2130  2392 I ClientMgr: ClientMgr: Flushing frame for com.YourCompany.LastResisters because compositor is not running
11-01 11:37:45.966  2130  2392 I ClientMgr: ClientMgr: Flushing frame for com.YourCompany.LastResisters because compositor is not running
11-01 11:37:45.980  2130  2392 I ClientMgr: ClientMgr: Flushing frame for com.YourCompany.LastResisters because compositor is not running
11-01 11:37:45.994  2130  2392 I ClientMgr: ClientMgr: Flushing frame for com.YourCompany.LastResisters because compositor is not running
11-01 11:37:46.008  2130  2392 I ClientMgr: ClientMgr: Flushing frame for com.YourCompany.LastResisters because compositor is not running
11-01 11:37:46.016  9175  9191 D UE4     : [2019.11.01-02.37.46:016][896]LogCore: Display: AppLifetime: Application will deactivate
11-01 11:37:46.017  9175  9410 D OVRPlugin: Leaving VR mode.
11-01 11:37:46.017  9175  9410 I VrApi   : ---------- vrapi_LeaveVrMode [start] ----------
11-01 11:37:46.020  9175  9410 D VrApi   : targetSDKVersion 19
11-01 11:37:46.022  2130  2392 I ClientMgr: ClientMgr: Flushing frame for com.YourCompany.LastResisters because compositor is not running
11-01 11:37:46.025  9175  9410 I VrRuntimeClient: DEVICE MODEL NUMBER = Quest
11-01 11:37:46.025  9175  9410 I VrRuntimeClient: DEVICE HARDWARE = monterey
11-01 11:37:46.025  9175  9410 I VrRuntimeClient: DEVICE BUILD NAME = user-396520.6170.115
11-01 11:37:46.025  9175  9410 I VrRuntimeClient: DEVICE BUILD TYPE = user
11-01 11:37:46.025  9175  9410 I VrRuntimeClient: DEVICE OS VERSION = 7.1.1
11-01 11:37:46.025  9175  9410 I VrRuntimeClient: VRRUNTIME VERSION = VRAPI_VERSION_BEGIN { 1.1.27.0-179270206-179270206 Oct 22 2019 13:59:12 Development } RELEASE
11-01 11:37:46.025  9175  9410 I VrRuntimeClient: API LOADER VERSION = 1.1.22.0
11-01 11:37:46.025  9175  9410 I VrRuntimeClient: VRDRIVER VERSION = 10.1.0.144.427
11-01 11:37:46.026  9175  9410 I VrRuntimeClient: APP NAME = LastResisters
11-01 11:37:46.026  9175  9410 I VrRuntimeClient: APP VERSION = 1.0 versionCode 1 internalVersionName <none>
11-01 11:37:46.026  9175  9410 I VrRuntimeClient: APP VR TYPE = vr_only
11-01 11:37:46.026  9175  9410 I VrRuntimeClient: APP PACKAGE NAME = com.YourCompany.LastResisters
11-01 11:37:46.026  9175  9410 I VrRuntimeClient: APP ACTIVITY CLASS = com.epicgames.ue4.GameActivity
11-01 11:37:46.027  9175  9410 D BatteryReceiver: Unregistering battery receiver
11-01 11:37:46.036  2130  2392 I ClientMgr: ClientMgr: Flushing frame for com.YourCompany.LastResisters because compositor is not running
11-01 11:37:46.050  2130  2392 I ClientMgr: ClientMgr: Flushing frame for com.YourCompany.LastResisters because compositor is not running
11-01 11:37:46.064  2130  2392 I ClientMgr: ClientMgr: Flushing frame for com.YourCompany.LastResisters because compositor is not running
11-01 11:37:46.069  2058  2135 W LibraryProvider: Cannot find entitlement for com.YourCompany.LastResisters
11-01 11:37:46.069  1803  1979 W OVRLibrary: null cursor received for query content://com.oculus.ocms.library/apps/com.YourCompany.LastResisters
11-01 11:37:46.069  1803  1979 I SDKLoggingService: Unable to find AppId for package (com.YourCompany.LastResisters)
11-01 11:37:46.073  9175  9247 D VrApi   : targetSDKVersion 19
11-01 11:37:46.078  2130  2392 I ClientMgr: ClientMgr: Flushing frame for com.YourCompany.LastResisters because compositor is not running
11-01 11:37:46.092  2130  2392 I ClientMgr: ClientMgr: Flushing frame for com.YourCompany.LastResisters because compositor is not running
11-01 11:37:46.106  2130  2392 I ClientMgr: ClientMgr: Flushing frame for com.YourCompany.LastResisters because compositor is not running
11-01 11:37:46.109  2058  2108 W LibraryProvider: Cannot find entitlement for com.YourCompany.LastResisters
11-01 11:37:46.109  1803  2536 W OVRLibrary: null cursor received for query content://com.oculus.ocms.library/apps/com.YourCompany.LastResisters
11-01 11:37:46.109  1803  2536 I SDKLoggingService: Unable to find AppId for package (com.YourCompany.LastResisters)
11-01 11:37:46.119  2130  2392 I ClientMgr: ClientMgr: Flushing frame for com.YourCompany.LastResisters because compositor is not running
11-01 11:37:46.133  2130  2392 I ClientMgr: ClientMgr: Flushing frame for com.YourCompany.LastResisters because compositor is not running
11-01 11:37:46.134  2058  2196 W LibraryProvider: Cannot find entitlement for com.YourCompany.LastResisters
11-01 11:37:46.135  1803  1816 W OVRLibrary: null cursor received for query content://com.oculus.ocms.library/apps/com.YourCompany.LastResisters
