--------- beginning of main
11-05 13:44:04.880 30215 30215 D AndroidRuntime: >>>>>> START com.android.internal.os.RuntimeInit uid 2000 <<<<<<
11-05 13:44:04.882 30215 30215 D AndroidRuntime: CheckJNI is OFF
11-05 13:44:04.979 30215 30215 D ICU     : No timezone override file found: /data/misc/zoneinfo/current/icu/icu_tzdata.dat
11-05 13:44:04.997 30215 30215 I Radio-JNI: register_android_hardware_Radio DONE
11-05 13:44:05.006 30215 30215 D AndroidRuntime: Calling main entry com.android.commands.am.Am
11-05 13:44:05.015  1081  1515 D OculusGoPackageTypeHelper: Is package com.YourCompany.LastResisters a system app: false
11-05 13:44:05.015  1081  1515 D OculusGoPackageTypeHelper: Is package com.YourCompany.LastResisters Oculus store app: false
11-05 13:44:05.015  1081  1515 D OculusGoPackageTypeHelper: Is com.YourCompany.LastResisters, a side loaded Vr app: true
11-05 13:44:05.016  1081  1515 D NonVrActivityIntentWrapper: Is Intent { flg=0x10000000 cmp=com.YourCompany.LastResisters/com.epicgames.ue4.GameActivity }, a valid launch intent: false
--------- beginning of system
11-05 13:44:05.016  1081  1515 I ActivityManager: START u0 {flg=0x10000000 cmp=com.YourCompany.LastResisters/com.epicgames.ue4.GameActivity} from uid 2000 on display 0
11-05 13:44:05.031  1081  1515 I ActivityManager: Start proc 30225:com.YourCompany.LastResisters/u0a267 for activity com.YourCompany.LastResisters/com.epicgames.ue4.GameActivity
11-05 13:44:05.034 30225 30225 I art     : Late-enabling -Xcheck:jni
11-05 13:44:05.034 30215 30215 D AndroidRuntime: Shutting down VM
11-05 13:44:05.081  1866  1866 D [OAR] MainActivity: com.oculus.vrshell.MainActivity@6ef1aeb surfaceDestroyed()
11-05 13:44:05.081  1866  1866 I [OAR] ShellMain:     looperMessageQueue->SendPrintf("surfaceDestroyed 0xd3dfd008")
11-05 13:44:05.081  1866  1952 I [OAR] ShellFrameAnalytics: ShellFrame frameFunction: 55292846us/547801540us, trace: 0us/2us, process commands: 0us/403us, system update: 0us/1492us, render 0us/12232us, post render 0us/0us
11-05 13:44:05.082  1866  1952 I [OAR] ShellApp: 0xe7799388 msg: surfaceDestroyed 0xd3dfd008
11-05 13:44:05.085 30225 30240 V UE4-NetworkChangedManager: Network Available
11-05 13:44:05.090 30225 30225 W linker  : /data/app/com.YourCompany.LastResisters-1/lib/arm/libOVRPlugin.so: is missing DT_SONAME will use basename as a replacement: "libOVRPlugin.so"
11-05 13:44:05.092 30225 30225 D OVRPlugin: JNI_OnLoad
11-05 13:44:05.128 30225 30225 D UE4     : Used memory before allocating anything was 51.58MB
11-05 13:44:05.232 30225 30225 D UE4     : In the JNI_OnLoad function
11-05 13:44:05.234 30225 30225 D UE4     : [JNI] - Failed to determine if app purchasing is enabled!
11-05 13:44:05.239 30225 30225 D UE4     : Path found as '/storage/emulated/0'
11-05 13:44:05.239 30225 30225 D UE4     : Font Path found as '/system/fonts/'
11-05 13:44:05.240 30225 30225 D UE4     : In the JNI_OnLoad function 5
11-05 13:44:05.262 30225 30241 D UE4     : Entering native app glue main function
11-05 13:44:05.262 30225 30241 D UE4     : Created event thread
11-05 13:44:05.263 30225 30241 D UE4     : Entered AndroidMain()
11-05 13:44:05.263 30225 30242 D UE4     : Entering event processing thread engine entry point
11-05 13:44:05.263 30225 30242 D UE4     : Prepared looper for event thread
11-05 13:44:05.263 30225 30242 D UE4     : Passed callback initialization
11-05 13:44:05.263 30225 30242 D UE4     : Passed sensor initialization
11-05 13:44:05.265 30225 30241 D UE4     : Controller interface supported
11-05 13:44:05.274 30225 30225 D PermissionFragment: Creating PlayGamesFragment
11-05 13:44:05.275  1081  1198 I ActivityManager: START u0 {act=android.content.pm.action.REQUEST_PERMISSIONS pkg=com.android.packageinstaller cmp=com.android.packageinstaller/.permission.ui.GrantPermissionsActivity (has extras)} from uid 10267 on display 0
11-05 13:44:05.283 30225 30225 D UE4     : Vulkan version: 1.0.3
11-05 13:44:05.283 30225 30225 D UE4     : Vulkan level: 0
11-05 13:44:05.284 30225 30225 D UE4     : Found DepthBufferPreference = 0
11-05 13:44:05.284 30225 30225 D UE4     : Found bPackageDataInsideApk = 0
11-05 13:44:05.284 30225 30225 D UE4     : Found ProjectName = LastResisters
11-05 13:44:05.284 30225 30225 D UE4     : Found AppType = 
11-05 13:44:05.284 30225 30225 D UE4     : Found bHasOBBFiles = 0
11-05 13:44:05.284 30225 30225 D UE4     : Found bVerifyOBBOnStartUp = false
11-05 13:44:05.284 30225 30225 D UE4     : UI hiding set to true
11-05 13:44:05.284 30225 30225 D UE4     : BuildConfiguration set to Development
11-05 13:44:05.285 30225 30225 D UE4     : UseExternalFilesDir set to false
11-05 13:44:05.285 30225 30225 D UE4     : AllowIMU set to true
11-05 13:44:05.285 30225 30225 D UE4     : SupportsVulkan set to false
11-05 13:44:05.285 30225 30225 D UE4     : Found Oculus Mobile mode = vr_only
11-05 13:44:05.294 30225 30225 I Adreno GLES: Found an ESX Settings File: /data/misc/gpu/esx_config.txt
11-05 13:44:05.294 30225 30225 I Adreno GLES: QUALCOMM build                   : b8c103d, I8a36212832
11-05 13:44:05.294 30225 30225 I Adreno GLES: Build Date                       : 05/17/19
11-05 13:44:05.294 30225 30225 I Adreno GLES: OpenGL ES Shader Compiler Version: EV031.26.12.00
11-05 13:44:05.294 30225 30225 I Adreno GLES: Local Branch                     : 
11-05 13:44:05.294 30225 30225 I Adreno GLES: Remote Branch                    : refs/tags/AU_LINUX_ANDROID_LA.UM.5.7.R1.07.01.01.253.109
11-05 13:44:05.294 30225 30225 I Adreno GLES: Remote Branch                    : NONE
11-05 13:44:05.294 30225 30225 I Adreno GLES: Reconstruct Branch               : NOTHING
11-05 13:44:05.295 30225 30225 I Adreno GLES: Build Config                     : S P 6.0.9 AArch32
11-05 13:44:05.322 30225 30225 I Adreno GLES: Found an ESX Settings File: /data/misc/gpu/esx_config.txt
11-05 13:44:05.323 30225 30225 I Adreno GLES: Found an ESX Settings File: /data/misc/gpu/esx_config.txt
11-05 13:44:05.324 30225 30225 I Adreno GLES: PFP: 0x005ff112, ME: 0x005ff066
11-05 13:44:05.324 30225 30225 I Adreno GLES: Found an ESX Settings File: /data/misc/gpu/esx_config.txt
11-05 13:44:05.356 30225 30243 D UE4     : Used memory: 51242
11-05 13:44:05.358 30225 30225 D UE4     : Hardware: Qualcomm Technologies, Inc APQ8998
11-05 13:44:05.359 30225 30225 D UE4     : ro.hardware: monterey
11-05 13:44:05.360 30225 30225 D UE4     : Memory: 3790 MB
11-05 13:44:05.364 30225 30225 D UE4     : UseAffinity: false
11-05 13:44:05.365 30225 30225 D UE4     : BigCoreMask: 0xffff
11-05 13:44:05.365 30225 30225 D UE4     : LittleCoreMask: 0x0
11-05 13:44:05.367 30225 30225 D UE4     : APK path: /data/app/com.YourCompany.LastResisters-1/base.apk
11-05 13:44:05.367 30225 30225 D UE4     : OBB in APK: false
11-05 13:44:05.369 30225 30225 D UE4     : InternalFilePath found as '/data/user/0/com.YourCompany.LastResisters/files'
11-05 13:44:05.369 30225 30225 D UE4     : ExternalFilePath found as '/storage/emulated/0/Android/data/com.YourCompany.LastResisters/files'
11-05 13:44:05.370 30225 30225 D UE4     : App is running in Landscape
11-05 13:44:05.370 30225 30225 D UE4     : Android version is 7.1.1
11-05 13:44:05.370 30225 30225 D UE4     : Android manufacturer is Oculus
11-05 13:44:05.370 30225 30225 D UE4     : Android model is Quest
11-05 13:44:05.370 30225 30225 D UE4     : Android build number is user-396520.6170.115
11-05 13:44:05.370 30225 30225 D UE4     : OS language is set to ja_JP
11-05 13:44:05.370 30225 30225 D UE4     : Debugger attached is false
11-05 13:44:05.382 30225 30230 I art     : Compiler allocated 4MB to compile void com.epicgames.ue4.GameActivity.onCreate(android.os.Bundle)
11-05 13:44:05.385 30225 30230 I art     : Do partial code cache collection, code=14KB, data=31KB
11-05 13:44:05.385 30225 30230 I art     : After code cache collection, code=14KB, data=31KB
11-05 13:44:05.385 30225 30230 I art     : Increasing code cache capacity to 128KB
11-05 13:44:05.403 30225 30225 W PopupManager: You have not specified a View to use as content view for popups. Falling back to the Activity content view. Note that this may not work as expected in multi-screen environments
11-05 13:44:05.403 30225 30225 D UE4     : googleClient is valid
11-05 13:44:05.404 30225 30225 D UE4     : ==============> GameActive.onCreate complete!
11-05 13:44:05.406 30225 30225 D UE4     : Creating console command broadcast listener
11-05 13:44:05.406 30225 30242 D UE4     : LogAndroidEvents::EnqueueAppEvent : 9, 0, tid = 30242, APP_EVENT_STATE_ON_START
11-05 13:44:05.407 30225 30225 D UE4     : ==================================> Inside onStart function in GameActivity
11-05 13:44:05.407 30225 30225 V UE4-GameApplication: App in foreground
11-05 13:44:05.409 30225 30242 D UE4     : Case APP_CMD_RESUME
11-05 13:44:05.409 30225 30242 D UE4     : LogAndroidEvents::EnqueueAppEvent : 7, 0, tid = 30242, APP_EVENT_STATE_ON_RESUME
11-05 13:44:05.409 30225 30225 D UE4     : === Restoring Transparent Bars ===
11-05 13:44:05.409 30225 30225 D UE4     : ==============> [JAVA] AndroidThunkJava_KeepScreenOn(false) - Enabled screen saver
11-05 13:44:05.409 30225 30225 D UE4     : Registering sensor listeners
11-05 13:44:05.409 30225 30225 D UE4     : App is running in Landscape
11-05 13:44:05.409 30225 30225 D UE4     : === Restoring Transparent Bars ===
11-05 13:44:05.410 30225 30225 D UE4     : ==============> Resuming main init
11-05 13:44:05.419 30225 30241 D UE4     : APK Commandline: ../../../LastResisters/LastResisters.uproject  /Game/Game/Level/Maps/Play/Play -Messaging -SessionId=E24ABD064DEC1F17949A9596F6475A03 -SessionOwner="s172091" -SessionName="Launch On Device" -iterative
11-05 13:44:05.420 30225 30241 D UE4     : Override Commandline: ../../../LastResisters/LastResisters.uproject  /Game/Game/Level/Maps/Play/Play -Messaging -SessionId=4001C9B648C0183B55C8ABB41D4C2989 -SessionOwner="s172091" -SessionName="Launch On Device" -iterative
11-05 13:44:05.420 30225 30241 D UE4     : Final commandline: ../../../LastResisters/LastResisters.uproject  /Game/Game/Level/Maps/Play/Play -Messaging -SessionId=4001C9B648C0183B55C8ABB41D4C2989 -SessionOwner="s172091" -SessionName="Launch On Device" -iterative
11-05 13:44:05.420 30225 30241 D UE4     : Created sync event
11-05 13:44:05.420 30225 30225 D UE4     : ==============> GameActive.onResume complete!
11-05 13:44:05.431 30225 30225 D UE4     : onPause: stop memory reporter runnable
11-05 13:44:05.431 30225 30225 D UE4     : Unregistering sensor listeners
11-05 13:44:05.431 30225 30242 D UE4     : Case APP_CMD_PAUSE
11-05 13:44:05.431 30225 30225 D UE4     : ==============> GameActive.onPause complete!
11-05 13:44:05.431 30225 30242 D UE4     : LogAndroidEvents::EnqueueAppEvent : 6, 0, tid = 30242, APP_EVENT_STATE_ON_PAUSE
11-05 13:44:05.451 16460 16460 I VrApiLoader: VrApi Loader Version: 1.1.24.0-0-0 Jun  3 2019 11:15:11 
11-05 13:44:05.455 16460 16460 V VrDriver: Loading 64-bit VrDriver.
11-05 13:44:05.455 16460 16460 I VrApi_DriverLoader: *Adding Layer: GoCompatibility
11-05 13:44:05.455 16460 16460 I VrApi_DriverLoader: About to call StartLayer in vrapilayers.GoCompatibility
11-05 13:44:05.455 16460 16460 D GoCompatibility: GoCompatibility StartLayer: Loading libgocompatibility.so
11-05 13:44:05.456 16460 16460 I GoCompatibility: VrApiLayer: GoCompatibility
11-05 13:44:05.456 16460 16460 I VrApiLayers: Initializing VrApiLayer
11-05 13:44:05.456 16460 16460 I VrApi_DriverLoader: VrapiLayer GoCompatibility started
11-05 13:44:05.456 16460 16460 I GoCompatibility: GoCompatibility: vrapi_Initialize_Hooked(1 1 24 0 0x10200)
11-05 13:44:05.456 16460 16460 I VrApi   : ----------- vrapi_Initialize [start] ----------
11-05 13:44:05.456 16460 16460 I Adreno GLES: QUALCOMM build                   : b8c103d, I8a36212832
11-05 13:44:05.456 16460 16460 I Adreno GLES: Build Date                       : 05/17/19
11-05 13:44:05.456 16460 16460 I Adreno GLES: OpenGL ES Shader Compiler Version: EV031.26.12.00
11-05 13:44:05.456 16460 16460 I Adreno GLES: Local Branch                     : 
11-05 13:44:05.456 16460 16460 I Adreno GLES: Remote Branch                    : refs/tags/AU_LINUX_ANDROID_LA.UM.5.7.R1.07.01.01.253.109
11-05 13:44:05.456 16460 16460 I Adreno GLES: Remote Branch                    : NONE
11-05 13:44:05.456 16460 16460 I Adreno GLES: Reconstruct Branch               : NOTHING
11-05 13:44:05.456 16460 16460 I Adreno GLES: Build Config                     : S P 6.0.9 AArch64
11-05 13:44:05.463 16460 16460 I Adreno GLES: Found an ESX Settings File: /data/misc/gpu/esx_config.txt
11-05 13:44:05.465 16460 16460 I Adreno GLES: Found an ESX Settings File: /data/misc/gpu/esx_config.txt
11-05 13:44:05.467 16460 16460 I Adreno GLES: PFP: 0x005ff112, ME: 0x005ff066
11-05 13:44:05.467 16460 16460 I Adreno GLES: Found an ESX Settings File: /data/misc/gpu/esx_config.txt
11-05 13:44:05.471 16460 16460 I VrRuntimeClient: VrRuntimeClient: Init
11-05 13:44:05.472 16460 16460 I DeviceProperties_Android: ovrDeviceProperties::Initialize
11-05 13:44:05.473 16460 16460 I DeviceProperties_Android: Headset Model: 'monterey:SDC:SDINDDH4-128G   '
11-05 13:44:05.473 16460 16460 I DeviceProperties_Android: Device Model: 'monterey'
11-05 13:44:05.474 16460 16460 I DeviceProperties_Android: Device Region: 'US'
11-05 13:44:05.474 16460 16460 I DeviceProperties_Android: GPU Type: 'ADRENO_540'
11-05 13:44:05.475 30225 30242 D UE4     : LogAndroidEvents::EnqueueAppEvent : 12, 0, tid = 30242, APP_EVENT_STATE_SAVE_STATE
11-05 13:44:05.476 16460 16460 I DeviceProperties_Android: Num Refresh Rates Supported 2
11-05 13:44:05.476 16460 16460 I DeviceProperties_Android: Refresh Rate (0): 60.000000Hz
11-05 13:44:05.476 16460 16460 I DeviceProperties_Android: Refresh Rate (1): 72.000000Hz
11-05 13:44:05.476 16460 16460 I OSSDK   : CalibrationManager: Using standalone implementation
11-05 13:44:05.476 30225 30242 D UE4     : LogAndroidEvents::EnqueueAppEvent : 8, 0, tid = 30242, APP_EVENT_STATE_ON_STOP
11-05 13:44:05.476 30225 30225 D UE4     : ==============> GameActive.onStop complete!
11-05 13:44:05.476 30225 30225 D UE4     : ==============> GameActive.onTrimMemory(TRIM_MEMORY_UI_HIDDEN) called!
11-05 13:44:05.479 16460 16460 I DeviceProperties_Android: DisplayParms.ScanoutDirection = 3
11-05 13:44:05.479 16460 16460 I DeviceProperties_Android: DisplayParms.ShutterType = 0
11-05 13:44:05.479 16460 16460 I DeviceProperties_Android: DisplayParms.timing = 0.500000 1.000000
11-05 13:44:05.479 16460 16460 I DeviceProperties_Android: DisplayParms.prediction = (1.000000 1.500000) (1.500000 2.000000)
11-05 13:44:05.480 16460 16460 I DeviceProperties_Android: getDisplayDimensions returned: 2880, 1600
11-05 13:44:05.480 16460 16460 I DeviceProperties_Android: ovrDeviceProperties: OVR_DEVICE_CAPABILITY_POSITIONAL_TRACKING_BIT
11-05 13:44:05.480 16460 16460 I DeviceProperties_Android: ovrDeviceProperties: OVR_DEVICE_CAPABILITY_MULTIVIEW_BIT
11-05 13:44:05.480 16460 16460 I DeviceProperties_Android: ovrDeviceProperties: OVR_DEVICE_CAPABILITY_PROTECTED_CONTENT_BIT
11-05 13:44:05.480 16460 16460 I DeviceProperties_Android: ovrDeviceProperties: OVR_DEVICE_CAPABILITY_SRGB_SCANOUT_SUPPORT_BIT
11-05 13:44:05.480 16460 16460 I DeviceProperties_Android: ovrDeviceProperties: OVR_DEVICE_CAPABILITY_DYNAMIC_DISPLAY_REFRESH_RATE_BIT
11-05 13:44:05.480 16460 16460 I DeviceProperties_Android: ovrDeviceProperties: OVR_DEVICE_CAPABILITY_MEMORY_EXPORT_BIT
11-05 13:44:05.480 16460 16460 I DeviceProperties_Android: ovrDeviceProperties: OVR_DEVICE_CAPABILITY_FIXED_FOVEATED_RENDERING_BIT
11-05 13:44:05.481 16460 16460 I VrRuntimeClient: RuntimeService Enabled
11-05 13:44:05.481 16460 16460 I RuntimeHelpers: ShouldEnableOOPComposition: oopc_enabled_prop = -1
11-05 13:44:05.481 16460 16460 I RuntimeHelpers: ShouldEnableOOPComposition: enabled 1
11-05 13:44:05.481 16460 16460 I RuntimeHelpers: IsOopCompositionEnabled: enabled
11-05 13:44:05.481 16460 16460 I RuntimeHelpers: OOP_INPUT: oopi_enabled_prop = 1
11-05 13:44:05.482 16460 16460 I AudioCapture: AudioCapture::Init
11-05 13:44:05.482 16460 16460 I AudioCapture: AudioCapture::Init -> Initializing audio capture using direct OS Callbacks
11-05 13:44:05.482 16460 16460 I AudioCapture: AudioCapture::Init COMPLETE
11-05 13:44:05.500 16460 16460 I VrRuntimeClient: InsideFlailLockoutGKorSysProp true
11-05 13:44:05.500 16460 16460 I VrRuntimeClient: Flail Lockout Hand: 'combined'
11-05 13:44:05.500 16460 16460 I VrRuntimeClient: Flail Lockout Slow Test: '50'  Change '0.05'
11-05 13:44:05.500 16460 16460 I VrRuntimeClient: Flail Lockout Fast Test: '100'  Change '0.1'
11-05 13:44:05.500 16460 16460 I VrRuntimeClient: Flail Lockout Menu button: 1
11-05 13:44:05.501 16460 16460 D VrRuntimeClient: VrRuntimeClient: initialize. inContext: com.oculus.os.DialogContext@12db37
11-05 13:44:05.503  2167  2167 D VrRuntimeService: onStartCommand
11-05 13:44:05.504 16460 16460 I VrApi   : IsFocusAware: 0
11-05 13:44:05.504 16460 16460 I Breakpad: Breakpad Init
11-05 13:44:05.510 16460 16460 I Breakpad: Mobile Breakpad GK is disabled
11-05 13:44:05.510 16460 16460 I Breakpad: Breakpad for Native crashes disabled
11-05 13:44:05.510 16460 16460 D SystemActivitiesReceiver: Registering Oculus System Activity receiver
11-05 13:44:05.515 30225 30230 I art     : Do partial code cache collection, code=16KB, data=32KB
11-05 13:44:05.516 30225 30230 I art     : After code cache collection, code=16KB, data=32KB
11-05 13:44:05.516 30225 30230 I art     : Increasing code cache capacity to 256KB
11-05 13:44:05.519 30225 30230 I art     : Compiler allocated 7MB to compile boolean com.epicgames.ue4.GameActivity.processSystemInfo(java.lang.String, java.lang.String)
11-05 13:44:05.520 16460 16460 I SystemUtils_Internal: ShellSystemUtilsAnytimeUICapability: 2
11-05 13:44:05.520 16460 16460 D VrRuntimeClient: connectToService
11-05 13:44:05.520 16460 16460 D VrRuntimeClient: VrRuntimeClient: creating new service
11-05 13:44:05.522  2167  2167 D VrRuntimeService: onStartCommand
11-05 13:44:05.525 16460 16460 D VrRuntimeClient: VrRuntimeClient: Waiting on connection...
11-05 13:44:05.525 16460 30247 D VrRuntimeClient: VrRuntimeClient: Service connected.
11-05 13:44:05.526  2167  2189 I ClientMgr: ClientMgr::CreateClient: 16460:com.android.packageinstaller
11-05 13:44:05.527  2167  2189 I SharedMemoryServer: SharedMemoryServer::MapMemory: Allocated shared memory fd 42 (VrRuntimeService_PrivateReadWrite_com.android.packageinstaller)
11-05 13:44:05.527  2167  2189 W Vulkan_Utils: Memory type 24 with properties 10 not found.
11-05 13:44:05.527  2167  2189 I BufferObject: ovrBufferObjectFactory::Initialize BufferSize=4096, Fd=44, AllocSize=9568, VkBuffer=0x7f5ca95600, VkMemory=0x7f5d704f00, Mapping=0x7f78ac1000
11-05 13:44:05.527  2167  2189 I GuardianSystem: SetCurrentPackageName: com.android.packageinstaller
11-05 13:44:05.527  2167  2189 I GuardianSystem: SetCurrentPackageName: Return package changed: com.android.packageinstaller
11-05 13:44:05.528  2167  2180 D VrRuntimeService: IVrRuntimeClient.Stub().getSharedMemoryFileDescriptor()
11-05 13:44:05.528  2167  2180 I VrRuntimeService: SharedMemoryDebug: nativeGetSharedMemoryPublicReadOnlyFd: 35
11-05 13:44:05.528  2167  2180 D VrRuntimeService: getSharedMemoryFileDescriptor fd (VrRuntimeService) 35
11-05 13:44:05.529  2167  2899 D VrRuntimeService: IVrRuntimeClient.Stub().getSharedMemoryPrivateReadWriteFileDescriptor()
11-05 13:44:05.529  2167  2899 I VrRuntimeService: SharedMemoryDebug: nativeGetSharedMemoryPrivateReadWriteFd: 42
11-05 13:44:05.529  2167  2899 D VrRuntimeService: getSharedMemoryPrivateReadWriteFileDescriptor fd (VrRuntimeService) 42
11-05 13:44:05.530  2167  8423 D VrRuntimeService: IVrRuntimeClient.Stub().getBufferObjectImportInfo()
11-05 13:44:05.530 16460 30247 I VrRuntimeClient: nativeRuntimeServiceConnected: publicReadOnlyFd=50, privateReadWriteFd=51, bufferObjectFd=52
11-05 13:44:05.531 16460 16460 D VrRuntimeClient: VrRuntimeClient: connectionIsReady: true
11-05 13:44:05.531 16460 16460 D VrRuntimeClient: VrRuntimeClient: context.bindService SUCCESS
11-05 13:44:05.532 16460 16460 I Distortion: SetLensPositions - iad=0.0635, left offset=-0.002986,-0.00272, right offset=0.002986,-0.00272
11-05 13:44:05.532 16460 16460 I Distortion: SetLensPositions - iad=0.0635, left offset=-0.002986,-0.00272, right offset=0.002986,-0.00272
11-05 13:44:05.532 16460 16460 I OSSDK   : CalibrationManager: Using standalone implementation
11-05 13:44:05.536 16460 16460 I Distortion: Loaded distortion file from Calibration Manager
11-05 13:44:05.536 16460 16460 I Distortion: ovrDistortionMeshHeader::magic = 0x56347807
11-05 13:44:05.536 16460 16460 I Distortion: ovrDistortionMeshHeader::deviceModel = 0x101
11-05 13:44:05.536 16460 16460 I Distortion: ovrDistortionMeshHeader::headsetModel = 0x103
11-05 13:44:05.536 16460 16460 I Distortion: ovrDistortionMeshHeader::eyeBlocksWide = 32
11-05 13:44:05.536 16460 16460 I Distortion: ovrDistortionMeshHeader::eyeBlocksHigh = 32
11-05 13:44:05.536 16460 16460 I Distortion: ovrDistortionMeshHeader::lensSeparationMeters = 0.053428
11-05 13:44:05.537 16460 16460 I Distortion: ovrDistortionMeshHeader::horizontalOffsetMeters = 0.000000
11-05 13:44:05.537 16460 16460 I Distortion: ovrDistortionMeshHeader::displayWidthMeters = 0.118800
11-05 13:44:05.537 16460 16460 I Distortion: ovrDistortionMeshHeader::displayHeightMeters = 0.066000
11-05 13:44:05.537 16460 16460 I Distortion: ovrDistortionMeshHeader::displayWidthPixels = 2880
11-05 13:44:05.537 16460 16460 I Distortion: ovrDistortionMeshHeader::displayHeightPixels = 1600
11-05 13:44:05.537 16460 16460 I Distortion: ovrDistortionMeshHeader::eyeTextureWidthPixels = 1216
11-05 13:44:05.537 16460 16460 I Distortion: ovrDistortionMeshHeader::eyeTextureHeightPixels = 1344
11-05 13:44:05.537 16460 16460 I Distortion: ovrDistortionMeshHeader::leftEye = up 47.000000 / down 53.000000 / left 52.000000 / right 42.000000
11-05 13:44:05.537 16460 16460 I Distortion: ovrDistortionMeshHeader::rightEye = up 47.000000 / down 53.000000 / left 42.000000 / right 52.000000
11-05 13:44:05.537 16460 16460 I TrackingServiceClient: initialize
11-05 13:44:05.538 16460 16460 D TrackingServiceClient: onInitialize
11-05 13:44:05.539 16460 16460 I InputHooks: InitializeInputHooks
11-05 13:44:05.539 16460 16460 I InputHooks: InitializeInputHooks create
11-05 13:44:05.539 16460 16460 I InputHooks: InitializeInputHookscreated calling init
11-05 13:44:05.539 16460 16460 I InputHooks_Internal: SetReorientHMDOnControllerRecenter = false
11-05 13:44:05.539 16460 16460 I InputHooks_Internal: SetBlockRemoteButtonsWhenNotEmulatingHMT = true
11-05 13:44:05.539 16460 16460 I InputHooks_Internal: SetLatchBackButtonEntireFrame = true
11-05 13:44:05.539 16460 16460 D VrRuntimeClient: getClient6dofEntitlementMode for com.android.packageinstaller
11-05 13:44:05.549  2074  2118 W PublicLibraryProvider: Cannot find entitlement for com.android.packageinstaller
11-05 13:44:05.551 16460 16460 I VrApi   : ----------- vrapi_Initialize [end] ----------
11-05 13:44:05.551 16460 16460 I GoCompatibility: Determining Emulation mode for com.android.packageinstaller
11-05 13:44:05.551 16460 16460 I GoCompatibility: enitlement mode unkown so checking manifest for Go Compatibility
11-05 13:44:05.551 16460 16460 I GoCompatibility: headtracking feature in manifest, GoCompatibility disabled.
11-05 13:44:05.582 16460 16460 I GoCompatibility: GoCompatibility: vrapi_shutdown_Hooked()
11-05 13:44:05.582 16460 16460 I VrApi   : ------------ vrapi_Shutdown [start] -----------
11-05 13:44:05.582 16460 16460 D TrackingServiceClient: onShutdown
11-05 13:44:05.582 16460 16460 D SystemActivitiesReceiver: Unregistering Oculus System Activity receiver
11-05 13:44:05.583 16460 16460 I Breakpad: Breakpad Shutdown
11-05 13:44:05.583 16460 16460 I AudioCapture: AudioCapture::Shutdown
11-05 13:44:05.583 16460 16460 I AudioCapture: AudioCapture::StopAudioConsumerThread
11-05 13:44:05.583 16460 16460 I AudioCapture: AudioCapture::StopAudioConsumerThread COMPLETE
11-05 13:44:05.583 16460 16460 I AudioCapture: AudioCapture::Shutdown COMPLETE
11-05 13:44:05.583 16460 16460 I VrRuntimeClient: DisableGlFunctionHooks
11-05 13:44:05.583 16460 16460 I BufferObject: ovrBufferObjectFactory::Shutdown
11-05 13:44:05.583 16460 16460 I BufferObject: ovrBufferObjectFactory: closing fd=52
11-05 13:44:05.583 16460 16460 I RenderUtils: ovrRenderUtils::Shutdown - not initialized
11-05 13:44:05.583 16460 16460 D VrRuntimeClient: VrRuntimeClient: shutdown.
11-05 13:44:05.583 16460 16460 D VrRuntimeClient: VrRuntimeClient: Performing disconnect
11-05 13:44:05.583  2167  2180 D VrRuntimeService: VrRuntimeService: destroyClientInternal: com.android.packageinstaller, pid: 16460, window: null
11-05 13:44:05.583  2167  2180 I ClientMgr: ClientMgr::DestroyClient: 16460:com.android.packageinstaller
11-05 13:44:05.583  2167  2180 I ClientMgr: ClientMgr::DestroyClient: non-deferred ShutdownResources: 18446744073709551615 == 18446744073709551615 
11-05 13:44:05.583  2167  2180 I BufferObject: ovrBufferObjectFactory::Shutdown
11-05 13:44:05.583  2167  2180 I BufferObject: ovrBufferObjectFactory: closing fd=44
11-05 13:44:05.584  2167  2180 I BufferObject: ovrBufferObjectFactory: unmapping Vulkan memory
11-05 13:44:05.584  2167  2180 I BufferObject: ovrBufferObjectFactory: destroying Vulkan buffer=547015448064
11-05 13:44:05.584  2167  2180 I BufferObject: ovrBufferObjectFactory: freeing Vulkan memory=547028487936
11-05 13:44:05.584 16460 16460 I VrRuntimeClient: nativeRuntimeServiceConnected: publicReadOnlyFd=-1, privateReadWriteFd=-1, bufferObjectFd=-1
11-05 13:44:05.587 16460 16460 I VrApi   : ------------ vrapi_Shutdown [end] -----------
11-05 13:44:05.591 30225 30242 D UE4     : LogAndroidEvents::EnqueueAppEvent : 9, 0, tid = 30242, APP_EVENT_STATE_ON_START
11-05 13:44:05.591 30225 30225 D UE4     : Creating console command broadcast listener
11-05 13:44:05.593 30225 30225 D UE4     : ==================================> Inside onStart function in GameActivity
11-05 13:44:05.594 30225 30242 D UE4     : Case APP_CMD_RESUME
11-05 13:44:05.594 30225 30225 D UE4     : onResume: start memory reporter runnable
11-05 13:44:05.594 30225 30242 D UE4     : LogAndroidEvents::EnqueueAppEvent : 7, 0, tid = 30242, APP_EVENT_STATE_ON_RESUME
11-05 13:44:05.594 30225 30225 D UE4     : === Restoring Transparent Bars ===
11-05 13:44:05.594 30225 30225 D UE4     : ==============> [JAVA] AndroidThunkJava_KeepScreenOn(false) - Enabled screen saver
11-05 13:44:05.595 30225 30225 D UE4     : Registering sensor listeners
11-05 13:44:05.596 30225 30225 D UE4     : App is running in Landscape
11-05 13:44:05.596 30225 30225 D UE4     : === Restoring Transparent Bars ===
11-05 13:44:05.596 30225 30225 D UE4     : ==============> Resuming main init
11-05 13:44:05.596 30225 30225 D UE4     : ==============> GameActive.onResume complete!
11-05 13:44:05.598 30225 30225 D UE4     : onPause: stop memory reporter runnable
11-05 13:44:05.598 30225 30225 D UE4     : Unregistering sensor listeners
11-05 13:44:05.599 30225 30242 D UE4     : Case APP_CMD_PAUSE
11-05 13:44:05.599 30225 30242 D UE4     : LogAndroidEvents::EnqueueAppEvent : 6, 0, tid = 30242, APP_EVENT_STATE_ON_PAUSE
11-05 13:44:05.599 30225 30225 D UE4     : ==============> GameActive.onPause complete!
11-05 13:44:05.611 30225 30242 D UE4     : Case APP_CMD_INIT_WINDOW
11-05 13:44:05.612 30225 30242 D UE4     : LogAndroidEvents::EnqueueAppEvent : 0, 3559532552, tid = 30242, APP_EVENT_STATE_WINDOW_CREATED
11-05 13:44:05.620  2167  2167 D VrRuntimeService: onFocusedWindowChanged: topWindowToken=android.os.BinderProxy@29c8784, topWindowUid=10267
11-05 13:44:05.620  1803  1803 I PlatformPluginManager: Empty clients, initing
11-05 13:44:05.620  1803  1803 I PlatformPluginManager: Calling init()
11-05 13:44:05.620  2167  2167 W ClientMgr: ClientMgr::SetPrimaryCompositorClient: No active client
11-05 13:44:05.621  2167  2167 W VrRuntimeServer: VrRuntimeServer_SetCompositorSharedMemory: Invalid Warp
11-05 13:44:05.621  2167  2167 W VrRuntimeServer: VrRuntimeServer_ReleaseClockLevels: Invalid Warp when trying to release levels.
11-05 13:44:05.622  1803  1803 I PlatformPluginManager: Not docked, aborting init
11-05 13:44:05.622  1803  1803 I PlatformPluginManager: Init failed in connect(). Shutting down?
11-05 13:44:05.622  1803  1803 W System.err: java.lang.Exception: Stack trace
11-05 13:44:05.622  1803  1803 W System.err: 	at java.lang.Thread.dumpStack(Thread.java:1376)
11-05 13:44:05.622  1803  1803 W System.err: 	at com.oculus.horizon.platformplugin.PlatformPluginManager.connect(PlatformPluginManager.java:536)
11-05 13:44:05.622  1803  1803 W System.err: 	at com.oculus.horizon.platformplugin.PlatformPluginManager.connect(PlatformPluginManager.java:445)
11-05 13:44:05.622  1803  1803 W System.err: 	at com.oculus.horizon.service_media.OVRMediaServiceManager.safeGetPPM(OVRMediaServiceManager.java:290)
11-05 13:44:05.622  1803  1803 W System.err: 	at com.oculus.horizon.service_media.OVRMediaServiceManager.onAppSwitch(OVRMediaServiceManager.java:984)
11-05 13:44:05.622  1803  1803 W System.err: 	at com.oculus.horizon.service_media.AppSwitchManager.onAppSwitch(AppSwitchManager.java:68)
11-05 13:44:05.622  1803  1803 W System.err: 	at com.oculus.horizon.service_media.AppSwitchManager.onAppSwitch(AppSwitchManager.java:76)
11-05 13:44:05.622  1803  1803 W System.err: 	at com.oculus.horizon.service_media.OVRMediaService$1.onForegroundAppUpdate(OVRMediaService.java:85)
11-05 13:44:05.622  1803  1803 W System.err: 	at com.oculus.horizon.service_media.ForegroundAppChecker.handleNewForegroundAppInfo(ForegroundAppChecker.java:91)
11-05 13:44:05.622  1803  1803 W System.err: 	at com.oculus.horizon.service_media.ForegroundAppChecker.access$100(ForegroundAppChecker.java:27)
11-05 13:44:05.622  1803  1803 W System.err: 	at com.oculus.horizon.service_media.ForegroundAppChecker$TopWindowManager$TopWindowObserver.onFocusedWindowChanged(ForegroundAppChecker.java:116)
11-05 13:44:05.622  1803  1803 W System.err: 	at com.oculus.os.ActivityManagerUtils$WindowLayoutObserverWrapper$1.run(ActivityManagerUtils.java:114)
11-05 13:44:05.623  1803  1803 W System.err: 	at android.os.Handler.handleCallback(Handler.java:751)
11-05 13:44:05.623  1803  1803 W System.err: 	at android.os.Handler.dispatchMessage(Handler.java:95)
11-05 13:44:05.623  1803  1803 W System.err: 	at android.os.Looper.loop(Looper.java:154)
11-05 13:44:05.623  1803  1803 W System.err: 	at android.app.ActivityThread.main(ActivityThread.java:6144)
11-05 13:44:05.623  1803  1803 W System.err: 	at java.lang.reflect.Method.invoke(Native Method)
11-05 13:44:05.623  1803  1803 W System.err: 	at com.android.internal.os.ZygoteInit$MethodAndArgsCaller.run(ZygoteInit.java:886)
11-05 13:44:05.623  1803  1803 W System.err: 	at com.android.internal.os.ZygoteInit.main(ZygoteInit.java:776)
11-05 13:44:05.629 30225 30244 I Adreno GLES: QUALCOMM build                   : b8c103d, I8a36212832
11-05 13:44:05.629 30225 30244 I Adreno GLES: Build Date                       : 05/17/19
11-05 13:44:05.629 30225 30244 I Adreno GLES: OpenGL ES Shader Compiler Version: EV031.26.12.00
11-05 13:44:05.629 30225 30244 I Adreno GLES: Local Branch                     : 
11-05 13:44:05.629 30225 30244 I Adreno GLES: Remote Branch                    : refs/tags/AU_LINUX_ANDROID_LA.UM.5.7.R1.07.01.01.253.109
11-05 13:44:05.629 30225 30244 I Adreno GLES: Remote Branch                    : NONE
11-05 13:44:05.629 30225 30244 I Adreno GLES: Reconstruct Branch               : NOTHING
11-05 13:44:05.629 30225 30244 I Adreno GLES: Build Config                     : S P 6.0.9 AArch32
11-05 13:44:05.639 30225 30244 I Adreno GLES: Found an ESX Settings File: /data/misc/gpu/esx_config.txt
11-05 13:44:05.639  2074  2216 W LibraryProvider: Cannot find entitlement for com.oculus.vrshell
11-05 13:44:05.640  1803  1803 W OVRLibrary: null cursor received for query content://com.oculus.ocms.library/apps/com.oculus.vrshell
11-05 13:44:05.640  1803  1803 I PlatformPluginManager: onAppStart com.oculus.vrshell false
11-05 13:44:05.640  1803  1803 E PlatformPluginManager: onAppStart called before init
11-05 13:44:05.640  1803  1803 E OVRMediaServiceManager: LivestreamingManager Not initialized
11-05 13:44:05.643 30225 30244 I Adreno GLES: Found an ESX Settings File: /data/misc/gpu/esx_config.txt
11-05 13:44:05.646 30225 30244 I Adreno GLES: PFP: 0x005ff112, ME: 0x005ff066
11-05 13:44:05.647 30225 30244 I Adreno GLES: Found an ESX Settings File: /data/misc/gpu/esx_config.txt
11-05 13:44:05.651 30225 30242 D UE4     : LogAndroidEvents::EnqueueAppEvent : 12, 0, tid = 30242, APP_EVENT_STATE_SAVE_STATE
11-05 13:44:05.656 30225 30244 I OpenGLRenderer: Initialized EGL, version 1.4
11-05 13:44:05.656 30225 30244 D OpenGLRenderer: Swap behavior 1
11-05 13:44:05.662 30225 30225 D UE4     : ==============> GameActive.onStop complete!
11-05 13:44:05.662 30225 30242 D UE4     : LogAndroidEvents::EnqueueAppEvent : 8, 0, tid = 30242, APP_EVENT_STATE_ON_STOP
11-05 13:44:05.663 30225 30242 D UE4     : LogAndroidEvents::EnqueueAppEvent : 11, 0, tid = 30242, APP_EVENT_STATE_WINDOW_GAINED_FOCUS
11-05 13:44:05.694 30225 30225 W IInputConnectionWrapper: reportFullscreenMode on inexistent InputConnection
11-05 13:44:05.753 30225 30241 D UE4     : EGL Extensions: 
11-05 13:44:05.753 30225 30241 D UE4     : EGL_KHR_get_all_proc_addresses EGL_ANDROID_presentation_time EGL_KHR_swap_buffers_with_damage EGL_ANDROID_create_native_client_buffer EGL_ANDROID_front_buffer_auto_refresh EGL_KHR_image EGL_KHR_image_base EGL_KHR_lock_surface EGL_KHR_gl_texture_2D_image EGL_KHR_gl_texture_3D_image EGL_KHR_gl_texture_cubemap_image EGL_KHR_gl_renderbuffer_image EGL_KHR_reusable_sync EGL_KHR_fence_sync EGL_KHR_create_context EGL_KHR_surfaceless_context EGL_EXT_create_context_robustness EGL_ANDROID_image_native_buffer EGL_KHR_wait_sync EGL_ANDROID_recordable EGL_KHR_partial_update EGL_KHR_create_context_no_error EGL_KHR_mutable_render_buffer EGL_EXT_yuv_surface EGL_EXT_protected_content 
11-05 13:44:05.755 30225 30241 D UE4     : FAndroidGPUInfo
11-05 13:44:05.755 30225 30241 D UE4     : AndroidEGL::InitSurface 0, 0
11-05 13:44:05.756 30225 30241 D UE4     : [JAVA] - SetDesiredViewSize width=2880 and height=1600
11-05 13:44:05.756 30225 30241 D UE4     : AndroidEGL::CreateEGLSurface(0), eglSurface = eglCreatePbufferSurface(), 8x8
11-05 13:44:05.756 30225 30241 D UE4     : AndroidEGL::CreateEGLSurface(0), auxSurface = eglCreatePbufferSurface(), 8x8
11-05 13:44:05.761 30225 30241 D vulkan  : searching for layers in '/data/app/com.YourCompany.LastResisters-1/lib/arm'
11-05 13:44:05.761 30225 30241 D vulkan  : searching for layers in '/system/fake-libs'
11-05 13:44:05.761 30225 30241 D vulkan  : searching for layers in '/data/app/com.YourCompany.LastResisters-1/base.apk!/lib/armeabi-v7a'
11-05 13:44:05.761 30225 30241 I Adreno VK: QUALCOMM build          : b8c103d, I8a36212832
11-05 13:44:05.761 30225 30241 I Adreno VK: Build Date              : 05/17/19
11-05 13:44:05.761 30225 30241 I Adreno VK: Shader Compiler Version : EV031.26.12.00
11-05 13:44:05.761 30225 30241 I Adreno VK: Local Branch            : 
11-05 13:44:05.761 30225 30241 I Adreno VK: Remote Branch           : refs/tags/AU_LINUX_ANDROID_LA.UM.5.7.R1.07.01.01.253.109
11-05 13:44:05.761 30225 30241 I Adreno VK: Remote Branch           : NONE
11-05 13:44:05.761 30225 30241 I Adreno VK: Reconstruct Branch      : NOTHING
11-05 13:44:05.761 30225 30241 I Adreno VK: Build Config            : G O 9.9.0 AArch32
11-05 13:44:05.833 30225 30241 D UE4     : LogPluginManager: Mounting plugin Paper2D
11-05 13:44:05.837 30225 30241 D UE4     : LogPluginManager: Mounting plugin AISupport
11-05 13:44:05.839 30225 30241 D UE4     : LogPluginManager: Mounting plugin LightPropagationVolume
11-05 13:44:05.841 30225 30241 D UE4     : LogPluginManager: Mounting plugin AnimationSharing
11-05 13:44:05.844 30225 30241 D UE4     : LogPluginManager: Mounting plugin AssetManagerEditor
11-05 13:44:05.846 30225 30241 D UE4     : LogPluginManager: Mounting plugin CryptoKeys
11-05 13:44:05.849 30225 30241 D UE4     : LogPluginManager: Mounting plugin CurveEditorTools
11-05 13:44:05.852 30225 30241 D UE4     : LogPluginManager: Mounting plugin FacialAnimation
11-05 13:44:05.854 30225 30241 D UE4     : LogPluginManager: Mounting plugin DatasmithContent
11-05 13:44:05.856 30225 30241 D UE4     : LogPluginManager: Mounting plugin VariantManagerContent
11-05 13:44:05.859 30225 30241 D UE4     : LogPluginManager: Mounting plugin AlembicImporter
11-05 13:44:05.861 30225 30241 D UE4     : LogPluginManager: Mounting plugin AutomationUtils
11-05 13:44:05.864 30225 30241 D UE4     : LogPluginManager: Mounting plugin BackChannel
11-05 13:44:05.866 30225 30241 D UE4     : LogPluginManager: Mounting plugin CharacterAI
11-05 13:44:05.869 30225 30241 D UE4     : LogPluginManager: Mounting plugin GeometryCache
11-05 13:44:05.871 30225 30241 D UE4     : LogPluginManager: Mounting plugin PlatformCrypto
11-05 13:44:05.873 30225 30241 D UE4     : LogPluginManager: Mounting plugin AndroidMedia
11-05 13:44:05.876 30225 30241 D UE4     : LogPluginManager: Mounting plugin ImgMedia
11-05 13:44:05.878 30225 30241 D UE4     : LogPluginManager: Mounting plugin MediaCompositing
11-05 13:44:05.881 30225 30241 D UE4     : LogPluginManager: Mounting plugin TcpMessaging
11-05 13:44:05.883 30225 30241 D UE4     : LogPluginManager: Mounting plugin UdpMessaging
11-05 13:44:05.885 30225 30241 D UE4     : LogPluginManager: Mounting plugin ActorSequence
11-05 13:44:05.888 30225 30241 D UE4     : LogPluginManager: Mounting plugin NetcodeUnitTest
11-05 13:44:05.890 30225 30241 D UE4     : LogPluginManager: Mounting plugin OnlineSubsystemGooglePlay
11-05 13:44:05.893 30225 30241 D UE4     : LogPluginManager: Mounting plugin OnlineSubsystem
11-05 13:44:05.895 30225 30241 D UE4     : LogPluginManager: Mounting plugin OnlineSubsystemNull
11-05 13:44:05.898 30225 30241 D UE4     : LogPluginManager: Mounting plugin OnlineSubsystemUtils
11-05 13:44:05.900 30225 30241 D UE4     : LogPluginManager: Mounting plugin AndroidDeviceProfileSelector
11-05 13:44:05.903 30225 30241 D UE4     : LogPluginManager: Mounting plugin AndroidMoviePlayer
11-05 13:44:05.905 30225 30241 D UE4     : LogPluginManager: Mounting plugin AndroidPermission
11-05 13:44:05.907 30225 30241 D UE4     : LogPluginManager: Mounting plugin AppleImageUtils
11-05 13:44:05.910 30225 30241 D UE4     : LogPluginManager: Mounting plugin ArchVisCharacter
11-05 13:44:05.912 30225 30241 D UE4     : LogPluginManager: Mounting plugin AudioCapture
11-05 13:44:05.915 30225 30241 D UE4     : LogPluginManager: Mounting plugin CableComponent
11-05 13:44:05.917 30225 30241 D UE4     : LogPluginManager: Mounting plugin CustomMeshComponent
11-05 13:44:05.920 30225 30241 D UE4     : LogPluginManager: Mounting plugin EditableMesh
11-05 13:44:05.923 30225 30241 D UE4     : LogPluginManager: Mounting plugin ExampleDeviceProfileSelector
11-05 13:44:05.925 30225 30241 D UE4     : LogPluginManager: Mounting plugin GoogleCloudMessaging
11-05 13:44:05.927 30225 30241 D UE4     : LogPluginManager: Mounting plugin LocationServicesBPLibrary
11-05 13:44:05.930 30225 30241 D UE4     : LogPluginManager: Mounting plugin MobilePatchingUtils
11-05 13:44:05.932 30225 30241 D UE4     : LogPluginManager: Mounting plugin OculusVR
11-05 13:44:05.936 30225 30241 D UE4     : LogPluginManager: Mounting plugin PhysXVehicles
11-05 13:44:05.939 30225 30241 D UE4     : LogPluginManager: Mounting plugin ProceduralMeshComponent
11-05 13:44:05.941 30225 30241 D UE4     : LogPluginManager: Mounting plugin RuntimePhysXCooking
11-05 13:44:05.944 30225 30241 D UE4     : LogPluginManager: Mounting plugin SignificanceManager
11-05 13:44:05.946 30225 30241 D UE4     : LogPluginManager: Mounting plugin ScreenshotTools
11-05 13:44:05.998 30225 30241 D UE4     : LogInit: Using libcurl 7.46.0
11-05 13:44:05.998 30225 30241 D UE4     : LogInit:  - built for arm-unknown-linux-androideabi
11-05 13:44:05.998 30225 30241 D UE4     : LogInit:  - supports SSL with OpenSSL/1.0.1s
11-05 13:44:05.998 30225 30241 D UE4     : LogInit:  - supports HTTP deflate (compression) using libz 1.2.8
11-05 13:44:05.998 30225 30241 D UE4     : LogInit:  - other features:
11-05 13:44:05.998 30225 30241 D UE4     : LogInit:      CURL_VERSION_SSL
11-05 13:44:05.998 30225 30241 D UE4     : LogInit:      CURL_VERSION_LIBZ
11-05 13:44:05.998 30225 30241 D UE4     : LogInit:      CURL_VERSION_IPV6
11-05 13:44:05.998 30225 30241 D UE4     : LogInit:      CURL_VERSION_ASYNCHDNS
11-05 13:44:05.998 30225 30241 D UE4     : LogInit:      CURL_VERSION_TLSAUTH_SRP
11-05 13:44:05.998 30225 30241 D UE4     : LogInit:  CurlRequestOptions (configurable via config and command line):
11-05 13:44:05.998 30225 30241 D UE4     : LogInit:  - bVerifyPeer = true  - Libcurl will verify peer certificate
11-05 13:44:05.998 30225 30241 D UE4     : LogInit:  - bUseHttpProxy = false  - Libcurl will NOT use HTTP proxy
11-05 13:44:05.998 30225 30241 D UE4     : LogInit:  - bDontReuseConnections = false  - Libcurl will reuse connections
11-05 13:44:05.998 30225 30241 D UE4     : LogInit:  - MaxHostConnections = 16  - Libcurl will limit the number of connections to a host
11-05 13:44:05.998 30225 30241 D UE4     : LogInit:  - LocalHostAddr = Default
11-05 13:44:05.998 30225 30241 D UE4     : LogInit:  - BufferSize = 65536
11-05 13:44:05.999 30225 30241 D UE4     : LogOnline: Display: OSS: OnlineSubsystemGooglePlayModule::StartupModule()
11-05 13:44:06.000 30225 30241 D UE4     : LogOnline: OSS: Creating online subsystem instance for: GooglePlay
11-05 13:44:06.000 30225 30241 D UE4     : LogOnline: Warning: OSS: FOnlineSubsystemGooglePlayModule was disabled
11-05 13:44:06.000 30225 30241 D UE4     : LogOnline: OSS: Unable to create OnlineSubsystem module GooglePlay
11-05 13:44:06.000 30225 30241 D UE4     : LogOnline: OSS: Creating online subsystem instance for: NULL
11-05 13:44:06.000 30225 30241 D UE4     : LogOnline: OSS: Creating online subsystem instance for: GooglePlay
11-05 13:44:06.000 30225 30241 D UE4     : LogOnline: Warning: OSS: FOnlineSubsystemGooglePlayModule was disabled
11-05 13:44:06.001 30225 30241 I VrApiLoader: VrApi Loader Version: 1.1.22.0-0-0 Feb  4 2019 14:42:09 
11-05 13:44:06.003 30225 30241 W System  : ClassLoader referenced unknown path: /system/priv-app/VrDriver/lib/arm
11-05 13:44:06.003 30225 30241 D ApplicationLoaders: ignored Vulkan layer search path /system/priv-app/VrDriver/lib/arm:/system/priv-app/VrDriver/VrDriver.apk!/lib/armeabi-v7a:/system/lib:/vendor/lib for namespace 0xf1edb090
11-05 13:44:06.005 30225 30241 V VrDriver: Loading 32-bit VrDriver.
11-05 13:44:06.009 30225 30241 I Distortion: SetLensPositions - iad=0.062, left offset=0.00119,0, right offset=-0.00449,0
11-05 13:44:06.009 30225 30241 I Distortion: SetLensPositions - iad=0.062, left offset=0.00119,0, right offset=-0.00449,0
11-05 13:44:06.010 30225 30241 I VrApi_DriverLoader: *Adding Layer: GoCompatibility
11-05 13:44:06.010 30225 30241 I VrApi_DriverLoader: About to call StartLayer in vrapilayers.GoCompatibility
11-05 13:44:06.010 30225 30241 D GoCompatibility: GoCompatibility StartLayer: Loading libgocompatibility.so
11-05 13:44:06.011 30225 30241 I GoCompatibility: JNI_OnLoad() for GoCompatibility
11-05 13:44:06.011 30225 30241 I GoCompatibility: VrApiLayer: GoCompatibility
11-05 13:44:06.011 30225 30241 I VrApiLayers: Initializing VrApiLayer
11-05 13:44:06.011 30225 30241 I VrApi_DriverLoader: VrapiLayer GoCompatibility started
11-05 13:44:06.011 30225 30241 I GoCompatibility: GoCompatibility: vrapi_Initialize_Hooked(1 1 22 0 0x10200)
11-05 13:44:06.011 30225 30241 I VrApi   : ----------- vrapi_Initialize [start] ----------
11-05 13:44:06.015 30225 30241 I VrRuntimeClient: VrRuntimeClient: Init
11-05 13:44:06.015 30225 30241 I DeviceProperties_Android: ovrDeviceProperties::Initialize
11-05 13:44:06.017 30225 30241 I DeviceProperties_Android: Headset Model: 'monterey:SDC:SDINDDH4-128G   '
11-05 13:44:06.017 30225 30262 D OsSdk   : Connected to unified telemetry service.
11-05 13:44:06.017 30225 30241 I DeviceProperties_Android: Device Model: 'monterey'
11-05 13:44:06.018 30225 30241 I DeviceProperties_Android: Device Region: 'US'
11-05 13:44:06.018 30225 30241 I DeviceProperties_Android: GPU Type: 'ADRENO_540'
11-05 13:44:06.019 30225 30241 I DeviceProperties_Android: Num Refresh Rates Supported 2
11-05 13:44:06.019 30225 30241 I DeviceProperties_Android: Refresh Rate (0): 60.000000Hz
11-05 13:44:06.019 30225 30241 I DeviceProperties_Android: Refresh Rate (1): 72.000000Hz
11-05 13:44:06.019 30225 30241 I OSSDK   : CalibrationManager: Using standalone implementation
11-05 13:44:06.192  2074  2092 W LibraryProvider: Cannot find entitlement for com.YourCompany.LastResisters
11-05 13:44:06.192  2074  2095 W LibraryProvider: Cannot find entitlement for com.YourCompany.LastResisters
11-05 13:44:06.192  1466  2225 W OVRLibrary: null cursor received for query content://com.oculus.ocms.library/apps/com.YourCompany.LastResisters
11-05 13:44:06.192  1466  1490 W OVRLibrary: null cursor received for query content://com.oculus.ocms.library/apps/com.YourCompany.LastResisters
11-05 13:44:06.194 30225 30241 I DeviceProperties_Android: DisplayParms.ScanoutDirection = 3
11-05 13:44:06.195 30225 30241 I DeviceProperties_Android: DisplayParms.ShutterType = 0
11-05 13:44:06.195 30225 30241 I DeviceProperties_Android: DisplayParms.timing = 0.500000 1.000000
11-05 13:44:06.195 30225 30241 I DeviceProperties_Android: DisplayParms.prediction = (1.000000 1.500000) (1.500000 2.000000)
11-05 13:44:06.196 30225 30241 I DeviceProperties_Android: getDisplayDimensions returned: 2880, 1600
11-05 13:44:06.198 30225 30241 I DeviceProperties_Android: ovrDeviceProperties: OVR_DEVICE_CAPABILITY_POSITIONAL_TRACKING_BIT
11-05 13:44:06.199 30225 30241 I DeviceProperties_Android: ovrDeviceProperties: OVR_DEVICE_CAPABILITY_MULTIVIEW_BIT
11-05 13:44:06.199 30225 30241 I DeviceProperties_Android: ovrDeviceProperties: OVR_DEVICE_CAPABILITY_PROTECTED_CONTENT_BIT
11-05 13:44:06.199 30225 30241 I DeviceProperties_Android: ovrDeviceProperties: OVR_DEVICE_CAPABILITY_SRGB_SCANOUT_SUPPORT_BIT
11-05 13:44:06.199 30225 30241 I DeviceProperties_Android: ovrDeviceProperties: OVR_DEVICE_CAPABILITY_DYNAMIC_DISPLAY_REFRESH_RATE_BIT
11-05 13:44:06.199 30225 30241 I DeviceProperties_Android: ovrDeviceProperties: OVR_DEVICE_CAPABILITY_MEMORY_EXPORT_BIT
11-05 13:44:06.199 30225 30241 I DeviceProperties_Android: ovrDeviceProperties: OVR_DEVICE_CAPABILITY_FIXED_FOVEATED_RENDERING_BIT
11-05 13:44:06.200 30225 30241 I VrRuntimeClient: RuntimeService Enabled
11-05 13:44:06.200 30225 30241 I RuntimeHelpers: ShouldEnableOOPComposition: oopc_enabled_prop = -1
11-05 13:44:06.201 30225 30241 I RuntimeHelpers: ShouldEnableOOPComposition: enabled 1
11-05 13:44:06.201 30225 30241 I RuntimeHelpers: IsOopCompositionEnabled: enabled
11-05 13:44:06.201 30225 30241 I RuntimeHelpers: OOP_INPUT: oopi_enabled_prop = 1
11-05 13:44:06.203 30225 30241 I AudioCapture: AudioCapture::Init
11-05 13:44:06.209 30225 30241 I AudioCapture: AudioCapture::Init -> Initializing audio capture using direct OS Callbacks
11-05 13:44:06.209 30225 30241 I AudioCapture: AudioCapture::Init COMPLETE
11-05 13:44:06.244 30225 30241 I VrRuntimeClient: InsideFlailLockoutGKorSysProp true
11-05 13:44:06.244 30225 30241 I VrRuntimeClient: Flail Lockout Hand: 'combined'
11-05 13:44:06.244 30225 30241 I VrRuntimeClient: Flail Lockout Slow Test: '50'  Change '0.05'
11-05 13:44:06.244 30225 30241 I VrRuntimeClient: Flail Lockout Fast Test: '100'  Change '0.1'
11-05 13:44:06.244 30225 30241 I VrRuntimeClient: Flail Lockout Menu button: 1
11-05 13:44:06.247 30225 30241 D VrRuntimeClient: VrRuntimeClient: initialize. inContext: com.epicgames.ue4.GameActivity@5b246ec
11-05 13:44:06.250  2167  2167 D VrRuntimeService: onStartCommand
11-05 13:44:06.252 30225 30241 I VrApi   : IsFocusAware: 0
11-05 13:44:06.253 30225 30241 D LoggingService: Binding to logging service
11-05 13:44:06.254 30225 30241 D LoggingService: Logging Package version: 10.0.0.111.515
11-05 13:44:06.256 30225 30241 I Breakpad: Breakpad Init
11-05 13:44:06.257 30225 30225 D LoggingService: Connected to logging service: ComponentInfo{com.oculus.horizon/com.oculus.horizon.service.SDKLoggingService}
11-05 13:44:06.269 30225 30241 I Breakpad: Mobile Breakpad GK is disabled
11-05 13:44:06.269 30225 30241 I Breakpad: Breakpad for Native crashes disabled
11-05 13:44:06.270 30225 30241 D SystemActivitiesReceiver: Registering Oculus System Activity receiver
11-05 13:44:06.286 30225 30241 I SystemUtils_Internal: ShellSystemUtilsAnytimeUICapability: 2
11-05 13:44:06.286 30225 30241 D VrRuntimeClient: connectToService
11-05 13:44:06.287 30225 30241 D VrRuntimeClient: VrRuntimeClient: creating new service
11-05 13:44:06.288  2167  2167 D VrRuntimeService: onStartCommand
11-05 13:44:06.291 30225 30241 D VrRuntimeClient: VrRuntimeClient: Waiting on connection...
11-05 13:44:06.291 30225 30263 D VrRuntimeClient: VrRuntimeClient: Service connected.
11-05 13:44:06.293  2167  2180 I ClientMgr: ClientMgr::CreateClient: 30225:com.YourCompany.LastResisters
11-05 13:44:06.293  2167  2180 I SharedMemoryServer: SharedMemoryServer::MapMemory: Allocated shared memory fd 42 (VrRuntimeService_PrivateReadWrite_com.YourCompany.LastResisters)
11-05 13:44:06.294  2167  2180 W Vulkan_Utils: Memory type 24 with properties 10 not found.
11-05 13:44:06.294  2167  2180 I BufferObject: ovrBufferObjectFactory::Initialize BufferSize=4096, Fd=44, AllocSize=9568, VkBuffer=0x7f5ca95600, VkMemory=0x7f5d704000, Mapping=0x7f78ac1000
11-05 13:44:06.294  2167  2180 I GuardianSystem: SetCurrentPackageName: com.YourCompany.LastResisters
