10-24 10:14:48.301  1828  1912 I [OAR] LocalSpace: 	traX: 0.076751
10-24 10:14:48.301  1828  1912 I [OAR] LocalSpace: 	traY: -0.000088
10-24 10:14:48.301  1828  1912 I [OAR] LocalSpace: 	traZ: 0.196781
10-24 10:14:48.301  1828  1912 I [OAR] LocalSpace: Applying VRAPI Reorient
10-24 10:14:48.301  1828  1912 I [OAR] LocalSpace: Recentering local space
10-24 10:14:48.301  1828  1912 I VrRuntimeClient: VrRuntimeClient: UpdateLocalSpace: 2 (-0.037827, -0.691844, -0.065933, 0.718035), (0.076796, 0.013565, 0.603428)
10-24 10:14:48.302  2177  2422 I GuardianSystem: GuardianSystem::UpdateLocalSpace src = 2, Local (-0.000000, -0.692722, -0.000000, 0.721205) (0.076796, 0.013565, 0.603428)
10-24 10:14:48.302  2177  2422 I GuardianSystem: GuardianSystem::UpdateLocalSpace LocalTilted (-0.037827, -0.691844, -0.065933, 0.718035) (0.076796, 0.013565, 0.603428)
10-24 10:14:48.302  2177  2422 I GuardianSystem: GuardianSystem::UpdateLocalSpace RawFloorHeight() = -1.081160
10-24 10:14:48.302  1828  1912 I [OAR] LocalSpace: currentLocalPose
10-24 10:14:48.302  1828  1912 I [OAR] LocalSpace: 	rotX: -0.072954
10-24 10:14:48.302  1828  1912 I [OAR] LocalSpace: 	rotY: -0.001562
10-24 10:14:48.302  1828  1912 I [OAR] LocalSpace: 	rotZ: -0.021348
10-24 10:14:48.302  1828  1912 I [OAR] LocalSpace: 	rotW: 0.997106
10-24 10:14:48.302  1828  1912 I [OAR] LocalSpace: 	traX: 0.000000
10-24 10:14:48.302  1828  1912 I [OAR] LocalSpace: 	traY: 1.094725
10-24 10:14:48.302  1828  1912 I [OAR] LocalSpace: 	traZ: 0.000000
10-24 10:14:48.302  1828  1912 I [OAR] LocalSpace: localPose
10-24 10:14:48.302  1828  1912 I [OAR] LocalSpace: 	rotX: -0.007387
10-24 10:14:48.302  1828  1912 I [OAR] LocalSpace: 	rotY: 0.000109
10-24 10:14:48.302  1828  1912 I [OAR] LocalSpace: 	rotZ: 0.014688
10-24 10:14:48.302  1828  1912 I [OAR] LocalSpace: 	rotW: 0.999865
10-24 10:14:48.302  1828  1912 I [OAR] LocalSpace: 	traX: 0.000000
10-24 10:14:48.302  1828  1912 I [OAR] LocalSpace: 	traY: 1.079318
10-24 10:14:48.302  1828  1912 I [OAR] LocalSpace: 	traZ: 0.000000
10-24 10:14:48.302  1828  1912 I [OAR] DialogControllerManager: HideDialog(process pending launch. launchType: 3)
10-24 10:14:48.302  1828  1912 I [OAR] DialogControllerManager: Previous pending dialog: type: 0, uri "systemux://dialog/none", return component: "", return activity component: ""
10-24 10:14:48.302  1828  1912 I [OAR] DialogControllerManager: ShowDialog
10-24 10:14:48.302  1828  1912 I [OAR] DialogControllerManager: Previous pending dialog: type: 0, uri "systemux://dialog/none", return component: "", return activity component: ""
10-24 10:14:48.304  1828  1912 I [OAR] DialogControllerManager: New pending dialog: type: 9, uri "systemux://dialog/exit", return component: "com.YourCompany.LastResisters", return activity component: "com.YourCompany.LastResisters/com.epicgames.ue4.GameActivity"
10-24 10:14:48.304  1828  1912 I [OAR] DialogControllerManager: Dialog change detected; updating dialog UI.
10-24 10:14:48.304  1828  1912 I [OAR] DialogControllerManager: Old dialog: type: 0, uri "systemux://dialog/none", return component: "", return activity component: ""
10-24 10:14:48.304  1828  1912 I [OAR] DialogControllerManager: New dialog: type: 9, uri "systemux://dialog/exit", return component: "com.YourCompany.LastResisters", return activity component: "com.YourCompany.LastResisters/com.epicgames.ue4.GameActivity"
10-24 10:14:48.304  1828  1912 I [OAR] SystemDialogDefinition: Unable to find system dialog definition for dialog URI "systemux://dialog/exit".
10-24 10:14:48.304  1828  1912 I [OAR] DialogController: SetPendingDialog old: 0 systemux://dialog/none   new: 9 systemux://dialog/exit com.YourCompany.LastResisters/com.epicgames.ue4.GameActivity
10-24 10:14:48.308  1828  1912 I [OAR] SystemUXController: No known System UX Route for Navigation Route: com.oculus.systemux/com.oculus.panelapp.anytimeui.AnytimeUIAndroidPanelService
10-24 10:14:48.308  1828  1912 I [OAR] PlatformManager: Checking livestreaming allowed for:  com.YourCompany.LastResisters
10-24 10:14:48.308  1828  1912 I [OAR] DialogController: Launching pending dialog: systemux://dialog/exit
10-24 10:14:48.308  1828  1912 I [OAR] DialogController: showDialog systemux://dialog/exit systemux://dialog/exit com.YourCompany.LastResisters
10-24 10:14:48.308  1828  2464 I OVRPlatform: [CurlHttpClient] Executing HTTP request: https://graph.oculus.com//v1.20/me?fields=current_party{id,leader{id},join_policy,users{id,alias,can_viewer_message,display_name,profile_url,profile_url_small,presence,presence_status,presence_app{id,package_name},presence_deeplink_message,presence_destination_api_name,presence_scoped_user_id,avatar_v2{avatar_image{uri}}},invited_users{id,alias,can_viewer_message,display_name,profile_url,profile_url_small,presence,presence_status,presence_app{id,package_name},presence_deeplink_message,presence_destination_api_name,presence_scoped_user_id,avatar_v2{avatar_image{uri}}}}&app_version=178455526
10-24 10:14:48.309  1828  1912 I [OAR] PanelAppHost: Setting panel layer visibility of layer "hand1" to invisible
10-24 10:14:48.309  1828  1912 I [OAR] PanelAppHost: Setting panel layer visibility of layer "hand2" to invisible
10-24 10:14:48.309  1828  1912 I [OAR] PanelAppHost: Setting panel layer visibility of layer "hand1" to invisible
10-24 10:14:48.309  1828  1912 I [OAR] PanelAppHost: Setting panel layer visibility of layer "hand2" to invisible
10-24 10:14:48.309  1828  1912 I [OAR] PlatformManager: Request BundleConfiguration
10-24 10:14:48.309  1828  1912 I [OAR] HttpClient: Get
10-24 10:14:48.309  1828  1912 I PanelUtil_JNI: Using caller's JNIEnv
10-24 10:14:48.309  1828  1912 I PanelUtil_JNI: Using caller's JNIEnv
10-24 10:14:48.309  1828  1912 I [OAR] HttpClient: HttpTransfer
10-24 10:14:48.309  1828  1912 I [OAR] HttpClient: operator=
10-24 10:14:48.309  1828  1912 I [OAR] HttpClient: ~JavaTransferWrapper
10-24 10:14:48.309  1828  1912 I PanelUtil_JNI: Using caller's JNIEnv
10-24 10:14:48.309  1828  1912 I [OAR] HttpClient: ~HttpTransfer
10-24 10:14:48.309  1828  1912 I [OAR] HttpClient: Append
10-24 10:14:48.309  1828  1912 I PanelUtil_JNI: Using caller's JNIEnv
10-24 10:14:48.310  1828  1912 I [OAR] PanelAppAnalytics: Panel render last: 1900561ms avg: 204172ms for com.oculus.systemux/com.oculus.panelapp.anytimeui.AnytimeUIAndroidPanelService
10-24 10:14:48.311  1918  1918 I [OAR] AnytimeUIAndroidPanelApp: updateActiveComponent - com.oculus.systemux/com.oculus.panelapp.anytimeui.AnytimeUIAndroidPanelService, returnComponent = com.YourCompany.LastResisters
10-24 10:14:48.311  1918  1918 I [OAR] AnytimeUIAndroidPanelAppBase: updateLiveStreamStatus - isLiveStreaming=false, allowed=false
10-24 10:14:48.311  1918  1918 I [OAR] AnytimeUIAndroidPanelAppBase: updateLocalStreamState - false
10-24 10:14:48.311  1918  1918 I [OAR] AnytimeUIAndroidPanelAppBase: configureDialog:  systemux://dialog/exit [systemux://dialog/exit] (com.YourCompany.LastResisters)
10-24 10:14:48.311  1828  1912 I [OAR] TelemetryProvider: aui_reorient system 92 0 0 com.YourCompany.LastResisters
10-24 10:14:48.311  1918  1918 I [OAR] AnytimeUIAndroidPanelAppBase: actionSetRoute - Route:  EXIT_TO_HOME(systemux://dialog/exit)
10-24 10:14:48.311  1918  1918 D [OAR] TaskBarViewV1: NUX Mode = false
10-24 10:14:48.312  1918  1918 D [OAR] TaskBarViewV1: Skipping NUX Mode for Quest
10-24 10:14:48.312  1918  1918 I [OAR] AndroidPanelApp: Calling ensurePanelLayer on layer "dialog" with view ID 2131230742
10-24 10:14:48.312  1918  1918 I [OAR] AndroidPanelLayer: Setting spec for layer "dialog"
10-24 10:14:48.312  1918  1918 I [OAR] AndroidPanelLayer: Setting size of layer "dialog" to have width 540 and height 300
10-24 10:14:48.312  1918  1918 I [OAR] AndroidPanelLayer: Destroying presentation for layer "dialog" with width 540 and height 300
10-24 10:14:48.312  1918  1918 I [OAR] AndroidPanelLayer: Creating presentation for layer "dialog" with width 540 and height 300
10-24 10:14:48.312  1828  1912 I VrApi   : ovr_HandleHmdEvents: HMT was mounted
10-24 10:14:48.312  1828 21329 I VrRuntimeClient: FenceChecker::MainLoop - started
10-24 10:14:48.314  1116  1179 I DisplayManagerService: Display device added: DisplayDeviceInfo{"com.oculus.android_panel_app.AndroidPanelLayer-dialog": uniqueId="virtual:com.oculus.systemux,10063,com.oculus.android_panel_app.AndroidPanelLayer-dialog,0", 540 x 300, modeId 13, defaultModeId 13, supportedModes [{id=13, width=540, height=300, fps=60.0}], colorMode 0, supportedColorModes [0], HdrCapabilities null, density 160, 160.0 x 160.0 dpi, appVsyncOff 0, presDeadline 16666666, touch NONE, rotation 0, type VIRTUAL, state OFF, owner com.oculus.systemux (uid 10063), FLAG_PRIVATE, FLAG_NEVER_BLANK, FLAG_OWN_CONTENT_ONLY}
10-24 10:14:48.316  1828  1912 I [OAR] HttpClient: Append
10-24 10:14:48.316  1828  1912 I PanelUtil_JNI: Using caller's JNIEnv
10-24 10:14:48.318  1918  1918 D [OAR] AnytimeUIAndroidPanelApp: Inflating view for layer: dialog, viewIdentifier = 2131230742
10-24 10:14:48.318  1918  1918 D [OAR] AndroidPanelLayer: getSystemService(LAYOUT_INFLATER_SERVICE)
10-24 10:14:48.319  1828  1912 I [OAR] HttpClient: Append
10-24 10:14:48.319  1828  1912 I PanelUtil_JNI: Using caller's JNIEnv
10-24 10:14:48.319  2177 19617 I TimeWarpProgs: loaded binary layerProgram 2:0x24007:0x0 in 1.0 ms
10-24 10:14:48.321  1918  1918 D [OAR] HomeDialog: Home Dialog constructed
10-24 10:14:48.328  2177 19617 I Clocks  : SetSchedFifo( tid=1912, pri=1 ) succeeded
10-24 10:14:48.332   693  7077 D GatekeeperNativeService: Using value 0 for gk oculus_vrbugreporter_enabled, user=0
10-24 10:14:48.332   693   693 D GatekeeperNativeService: Using value 0 for gk oculus_bugreporter_v2_enabled, user=0
10-24 10:14:48.332  1918  1918 I [OAR] BugReporterUtils: Setting up bug reporter on button; using None
10-24 10:14:48.333  1918  1918 D [OAR] HomeDialog: target package set to com.YourCompany.LastResisters
10-24 10:14:48.334  2177 19617 I Clocks  : SetSchedFifo( tid=19578, pri=1 ) succeeded
10-24 10:14:48.334  2177 19617 I TimeWarp: UpdateClockLevels: Apply pending clock request change: 2,3 -> 2,4
10-24 10:14:48.335  2177 19614 I Clocks  : ReleaseClocks - start
10-24 10:14:48.335  2177  2421 I GuardianSystem: ForceShowGuardian: false, 0.00
10-24 10:14:48.339   708   821 D VrApiService: CPU_CLUSTER_0: No client requests exists, release clocks
10-24 10:14:48.339   708   821 D VrApiService: CPU_CLUSTER_1: No client requests exists, release clocks
10-24 10:14:48.346  1828  1912 I [OAR] HttpClient: Append
10-24 10:14:48.346  1828  1912 I PanelUtil_JNI: Using caller's JNIEnv
10-24 10:14:48.348   708   821 D VrApiService: GPU: No client requests exists, release clocks
10-24 10:14:48.348   708   821 D VrApiService: CPUBW: No client requests exists, release clocks
10-24 10:14:48.351   708   821 D VrApiService: GPUBW: No client requests exists, release clocks
10-24 10:14:48.351  2084  2102 W LibraryProvider: Cannot find entitlement for com.YourCompany.LastResisters
10-24 10:14:48.351  2177 19614 I Clocks  : ReleaseClocks - end (15.9 ms)
10-24 10:14:48.351  2177 19614 I Clocks  : LockClocks( cpu=2, gpu=4 ) - start
10-24 10:14:48.351  1779  1779 W OVRLibrary: null cursor received for query content://com.oculus.ocms.library/apps/com.YourCompany.LastResisters
10-24 10:14:48.351  1779  1779 I PlatformPluginManager: onAppStart com.YourCompany.LastResisters false
10-24 10:14:48.356  2177 19614 I Clocks  : CPU levels [0, 4]
10-24 10:14:48.356  2177 19614 I Clocks  : GPU levels [0, 5]
10-24 10:14:48.358   708   821 D VrApiService: CPU_CLUSTER_0: Client 2177 sends freq request [21, 21]
10-24 10:14:48.358   708   821 D VrApiService: CPU_CLUSTER_0: Next Perf Level = (21, 21)
10-24 10:14:48.358   708   821 D VrApiService: CPU_CLUSTER_1: Client 2177 sends freq request [18, 18]
10-24 10:14:48.358   708   821 D VrApiService: CPU_CLUSTER_1: Next Perf Level = (18, 18)
10-24 10:14:48.358   708   821 D VrApiService: CPUBW: Client 2177 sends freq request [8, 11]
10-24 10:14:48.358   708   821 D VrApiService: CPUBW: Next Perf Level = (8, 11)
10-24 10:14:48.358   708   821 D VrApiService: GPUBW: Client 2177 sends freq request [9, 11]
10-24 10:14:48.358   708   821 D VrApiService: GPUBW: Next Perf Level = (9, 11)
10-24 10:14:48.358   708   821 D VrApiService: GPU: Client 2177 sends freq request [6, 6]
10-24 10:14:48.358   708   821 D VrApiService: GPU: Next Perf Level = (6, 6)
10-24 10:14:48.360  1779  1779 I PlatformPluginManager: onAppStart - Stopping party chat passthrough
10-24 10:14:48.360  1779  1779 I PlatformPlugin: [PlatformPluginManager] SetSystemVoipPassthrough 0
10-24 10:14:48.371  1779  1779 I OVRPlatform: [PartyChat] PartyChatSetPassthrough 0
10-24 10:14:48.373  2177 19617 I TimeWarp: Tear: 0.013673
10-24 10:14:48.373  1779 19590 I OVRPlatform: [PartyChat] Updating playback mode to 1
10-24 10:14:48.374  1828  1912 I [OAR] HttpClient: Append
10-24 10:14:48.374  1828  1912 I PanelUtil_JNI: Using caller's JNIEnv
10-24 10:14:48.375  1779  1779 I OVRPlatform: [PartiesAPI] ovr_Party_PluginGetSharedMemHandle: This function is deprecated, do not use
10-24 10:14:48.375  2177 19614 I Clocks  : LockClocks( cpu=2, gpu=4 ) - end (23.7 ms)
10-24 10:14:48.375  2084  2172 W LibraryProvider: Cannot find entitlement for com.YourCompany.LastResisters
10-24 10:14:48.376  1779  1794 W OVRLibrary: null cursor received for query content://com.oculus.ocms.library/apps/com.YourCompany.LastResisters
10-24 10:14:48.376  1828  2472 I OVRPlatform: [QueueAsyncResponseHandler] success: {"streaming_enabled":false}
10-24 10:14:48.378  1779  1779 E OVRMediaServiceManager: LivestreamingManager Not initialized
10-24 10:14:48.378  1779  1779 I OVRMediaService: onStartCommand Received message type: set_package_name, caller package: no_app_identity
10-24 10:14:48.380  1779  1779 I OVRMediaService: Got package name intent (com.oculus.vrshell)
10-24 10:14:48.388  1828  1912 I [OAR] PlatformManager: isLiveStreamingAllowed response:  0
10-24 10:14:48.388  1828  1912 I [OAR] HttpClient: Append
10-24 10:14:48.388  1828  1912 I PanelUtil_JNI: Using caller's JNIEnv
10-24 10:14:48.391  1918  1918 I OVRLibrary: com.oculus.systemux will use OCMS as the library provider
10-24 10:14:48.403  1828  1912 I [OAR] HttpClient: Append
10-24 10:14:48.403  1828  1912 I PanelUtil_JNI: Using caller's JNIEnv
10-24 10:14:48.412 19497 19631 I VrApi   : FPS=59,Prd=45ms,Tear=0,Early=0,Stale=39,VSnc=1,Lat=1,Fov=0,CPU4/GPU=4/4,1651/670MHz,OC=FF,TA=0/3/3,SP=N/N/N,Mem=1804MHz,Free=1847MB,PSM=0,PLS=0,Temp=29.0C/0.0C,TW=1.93ms,App=17.82ms,GD=0.00ms,CPU&GPU=21.65ms,LCnt=1,GPU%=0.89,CPU%=0.26(W0.32)
10-24 10:14:48.412  2177 19625 D Appshot : broadcastImageToShell intent_pkg: com.YourCompany.LastResisters jpg_size: 24137
10-24 10:14:48.417  1828  1912 I [OAR] HttpClient: Append
10-24 10:14:48.417  1828  1912 I PanelUtil_JNI: Using caller's JNIEnv
10-24 10:14:48.417  2177 19625 V Appshot : SendAppshotToShell
10-24 10:14:48.426  2084  2221 W LibraryProvider: Cannot find entitlement for com.oculus.vrshell
10-24 10:14:48.427  1779  1779 W OVRLibrary: null cursor received for query content://com.oculus.ocms.library/apps/com.oculus.vrshell
10-24 10:14:48.427  1779  1779 I PlatformPluginManager: onAppStart com.oculus.vrshell false
10-24 10:14:48.430  1828  1912 I [OAR] HttpClient: Append
10-24 10:14:48.430  1828  1912 I PanelUtil_JNI: Using caller's JNIEnv
10-24 10:14:48.431  1779  1779 I OVRPlatform: [PartiesAPI] ovr_Party_PluginGetSharedMemHandle: This function is deprecated, do not use
10-24 10:14:48.436  1779  1779 E OVRMediaServiceManager: LivestreamingManager Not initialized
10-24 10:14:48.440  2084  2127 W LibraryProvider: Cannot find entitlement for com.YourCompany.LastResisters
10-24 10:14:48.442  1918  1918 W OCMSLibrary: null cursor received for query content://com.oculus.ocms.library/apps/com.YourCompany.LastResisters
10-24 10:14:48.444  1828  1912 I [OAR] HttpClient: Append
10-24 10:14:48.444  1828  1912 I PanelUtil_JNI: Using caller's JNIEnv
10-24 10:14:48.447  1918  1918 I [OAR] AndroidPanelLayer: Setting size of layer "dialog" to have width 540 and height 300
10-24 10:14:48.451  1918  1918 I [OAR] AndroidPanelApp: layerTransform: Showing panel layer "dialog" in VrShell with width 540, height 300, position( 0.000000 , 0.000000 , 0.000000), rotation (0.000000 , 0.000000 , 0.000000 )  hit-testable true, shape 2 [radius: 4.000000], and system-positioned true. Using layerTransform: false. Density: 13.000000. Supersampled: false 
10-24 10:14:48.458  1828  1912 I [OAR] HttpClient: Append
10-24 10:14:48.458  1828  1912 I PanelUtil_JNI: Using caller's JNIEnv
10-24 10:14:48.472  1828  1912 I [OAR] HttpClient: Append
10-24 10:14:48.472  1828  1912 I PanelUtil_JNI: Using caller's JNIEnv
10-24 10:14:48.480  1918  1918 I AndroidPanelApp: layerSupersample no changes
10-24 10:14:48.480  1918  1918 D [OAR] AnytimeUIBroadcastReceiver: action: com.oculus.vrshell.intent.action.UPDATE_APP_SCREENSHOT
10-24 10:14:48.481  1918  1918 D [OAR] HomeDialog: screenshot update package: com.YourCompany.LastResisters size: 24137
10-24 10:14:48.486  1828  1912 I [OAR] PanelAppHost: Resize layer dialog to size 540 x 300 shape:2 stereo:0
10-24 10:14:48.486  1828  1912 I [OAR] PanelRenderLayer: ResetSurface 540 x 300 - shape:2 stereo:0
10-24 10:14:48.486  1828  1912 I [OAR] HttpClient: Append
10-24 10:14:48.487  1828  1912 I PanelUtil_JNI: Using caller's JNIEnv
10-24 10:14:48.499  1828  1912 I [OAR] HttpClient: Append
10-24 10:14:48.499  1828  1912 I PanelUtil_JNI: Using caller's JNIEnv
10-24 10:14:48.514  1828  1912 I [OAR] HttpClient: Append
10-24 10:14:48.514  1828  1912 I PanelUtil_JNI: Using caller's JNIEnv
10-24 10:14:48.518  1918  1918 I AndroidPanelApp: Processing next frame action "layerShow" for layer "dialog"
10-24 10:14:48.518  1918  1918 I [OAR] AndroidPanelApp: layerShow acknowledged for dialog
10-24 10:14:48.518  1918  1918 I [OAR] AndroidPanelLayer: Showing layer dialog
10-24 10:14:48.522  1116  1136 I DisplayManagerService: Display device changed state: "com.oculus.android_panel_app.AndroidPanelLayer-dialog", ON
10-24 10:14:48.522  1918  1918 I [OAR] AndroidPanelLayer: Unhiding layer dialog
10-24 10:14:48.527  1828  1912 I [OAR] HttpClient: Append
10-24 10:14:48.527  1828  1912 I PanelUtil_JNI: Using caller's JNIEnv
10-24 10:14:48.541  1828  1912 I [OAR] HttpClient: Append
10-24 10:14:48.541  1828  1912 I PanelUtil_JNI: Using caller's JNIEnv
10-24 10:14:48.545  2177 19625 D Appshot : broadcastImageToShell intent_pkg: com.YourCompany.LastResisters jpg_size: 3740
10-24 10:14:48.555  1828  1912 I [OAR] HttpClient: Append
10-24 10:14:48.555  1828  1912 I PanelUtil_JNI: Using caller's JNIEnv
10-24 10:14:48.556  1828  1912 I [OAR] PanelRenderLayer: New SurfaceLayer 540 x 300 (shape: 2)
10-24 10:14:48.557  2177  2189 I VrRuntimeService: nativeCreateTextureSwapChain 65536 0 35907 540 300 10 3 1 0 0
10-24 10:14:48.557  1779  1779 I PlatformPluginManager: enforcePartyChatStateConsistency - User not in a party.
10-24 10:14:48.557  1779  1779 I PlatformPluginManager: stopPartyChat
10-24 10:14:48.557  1779  1779 I PlatformPlugin: [PlatformPluginManager] Stopping party chat
10-24 10:14:48.561  2177  2189 I VrRuntimeServer: CreateTextureSwapChain: result importswapchaingles 1
10-24 10:14:48.568  1116  1615 I ActivityManager: Start proc 21343:com.oculus.vrshell:SystemUX/u0a24 for broadcast com.oculus.vrshell/com.oculus.panelapp.anytimeui.AnytimeUIBroadcastReceiver
10-24 10:14:48.569  1828  2465 I OVRPlatform: [HttpRequest] Request `me?fields=current_party{id,leader{id},join_policy,users{id,alias,can_viewer_message,display_name,profile_url,profile_url_small,presence,presence_status,presence_app{id,package_name},presence_deeplink_message,presence_destination_api_name,presence_scoped_user_id,avatar_v2{avatar_image{uri}}},invited_users{id,alias,can_viewer_message,display_name,profile_url,profile_url_small,presence,presence_status,presence_app{id,package_name},presence_deeplink_message,presence_destination_api_name,presence_scoped_user_id,avatar_v2{avatar_image{uri}}}}' (id: 2882) succeeded: {"id":"100526290914264"}
10-24 10:14:48.569  1828  2488 I OVRPlatform: [RequestStopwatch] HttpRequestAsync (me?fields=current_party{id,leader{id},join_policy,users{id,alias,can_viewer_message,display_name,profile_url,profile_url_small,presence,presence_status,presence_app{id,package_name},presence_deeplink_message,presence_destination_api_name,presence_scoped_user_id,avatar_v2{avatar_image{uri}}},invited_users{id,alias,can_viewer_message,display_name,profile_url,profile_url_small,presence,presence_status,presence_app{id,package_name},presence_deeplink_message,presence_destination_api_name,presence_scoped_user_id,avatar_v2{avatar_image{uri}}}}) took 260.4660 milliseconds
10-24 10:14:48.569  2177 19617 I TimeWarpProgs: loaded binary layerProgram 2:0x20007:0x0 in 0.9 ms
10-24 10:14:48.570  1828  1912 I [OAR] PanelAppHost: Setting panel layer visibility of layer "dialog" to visible
10-24 10:14:48.570  1828  1912 I [OAR] PartyManager: Party Response Parse Time: 0.019531ms
10-24 10:14:48.570  1828  1912 I [OAR] HttpClient: Append
10-24 10:14:48.570  1828  1912 I PanelUtil_JNI: Using caller's JNIEnv
10-24 10:14:48.583  2177 19617 I TimeWarpProgs: loaded binary layerProgram 0:0x21807:0x0 in 0.9 ms
10-24 10:14:48.584  1828  1912 I [OAR] HttpClient: Append
10-24 10:14:48.585  1828  1912 I PanelUtil_JNI: Using caller's JNIEnv
10-24 10:14:48.589   539   539 V msm8974_platform: platform_get_parameters: exit: returns - snd_device_in=none
10-24 10:14:48.589   539   539 V audio_hw_primary: adev_get_parameters: exit: returns - snd_device_in=none
10-24 10:14:48.589   539   539 I hash_map_utils: key: 'snd_device_in' value: ''
10-24 10:14:48.591   539   592 V msm8974_platform: platform_get_parameters: exit: returns - snd_device_out=speaker
10-24 10:14:48.591   539   592 V audio_hw_primary: adev_get_parameters: exit: returns - snd_device_out=speaker
10-24 10:14:48.591   539   592 I hash_map_utils: key: 'snd_device_out' value: ''
10-24 10:14:48.597  1828  1912 I [OAR] HttpClient: Append
10-24 10:14:48.597  1828  1912 I PanelUtil_JNI: Using caller's JNIEnv
10-24 10:14:48.611  1828  1912 I [OAR] HttpClient: Append
10-24 10:14:48.611  1828  1912 I PanelUtil_JNI: Using caller's JNIEnv
10-24 10:14:48.611  1828  1912 D [OAR] Transfer: new readResult, last buffer size 0, last bytes read 0, total bytes read 0
10-24 10:14:48.616  1918  1918 I [OAR] AndroidPanelApp: Layout change has caused layer "dialog" to be resized from -1 X -1 to 540 X 300
10-24 10:14:48.617  1918  1918 I [OAR] AndroidPanelLayer: Setting size of layer "dialog" to have width 540 and height 300
10-24 10:14:48.617  1918  1918 I [OAR] AndroidPanelApp: layerTransform: Showing panel layer "dialog" in VrShell with width 540, height 300, position( 0.000000 , 0.000000 , 0.000000), rotation (0.000000 , 0.000000 , 0.000000 )  hit-testable true, shape 2 [radius: 4.000000], and system-positioned true. Using layerTransform: false. Density: 13.000000. Supersampled: false 
10-24 10:14:48.618  1918  1918 I AndroidPanelApp: Processing next frame action "layerResize" for layer "dialog"
10-24 10:14:48.618  1918  1918 I [OAR] AndroidPanelApp: layerResize is waiting for next frame
10-24 10:14:48.621  1918  1918 I AndroidPanelApp: layerSupersample no changes
10-24 10:14:48.625  1828  1912 I [OAR] PanelAppHost: Resize layer dialog to size 540 x 300 shape:2 stereo:0
10-24 10:14:48.625  1828  1912 I [OAR] PanelRenderLayer: ResetSurface 540 x 300 - shape:2 stereo:0
10-24 10:14:48.625  1828  1912 I [OAR] HttpClient: Append
10-24 10:14:48.625  1828  1912 I PanelUtil_JNI: Using caller's JNIEnv
10-24 10:14:48.626  1828  1912 D [OAR] Transfer: new readResult, last buffer size 42, last bytes read 42, total bytes read 42
10-24 10:14:48.638  1779  1779 I PlatformPluginManager: enforcePartyChatStateConsistency - User not in a party.
10-24 10:14:48.638  1779  1779 I PlatformPluginManager: stopPartyChat
10-24 10:14:48.638  1779  1779 I PlatformPlugin: [PlatformPluginManager] Stopping party chat
10-24 10:14:48.639  1828  1912 I [OAR] HttpClient: Append
10-24 10:14:48.639  1828  1912 I PanelUtil_JNI: Using caller's JNIEnv
10-24 10:14:48.639  1828  1912 D [OAR] Transfer: new readResult, last buffer size 0, last bytes read -1, total bytes read 41
10-24 10:14:48.639  1828  1912 I [OAR] HttpClient: IsComplete
10-24 10:14:48.639  1828  1912 I PanelUtil_JNI: Using caller's JNIEnv
10-24 10:14:48.639  1828  1912 I [OAR] PlatformManager: BundleConfiguration Response: {"bundle_configuration":"{\"NONE\":null}"}
10-24 10:14:48.639  1828  1912 I [OAR] PlatformManager: BundleConfiguration is updated.
10-24 10:14:48.641  1918  1918 I AndroidPanelApp: Processing next frame action "layerShow" for layer "dialog"
10-24 10:14:48.641  1918  1918 I [OAR] AndroidPanelApp: layerShow acknowledged for dialog
10-24 10:14:48.641  1918  1918 I [OAR] AndroidPanelLayer: Showing layer dialog
10-24 10:14:48.641  1918  1918 I [OAR] AndroidPanelLayer: Unhiding layer dialog
10-24 10:14:48.653  1828  1912 I [OAR] PanelAppHost: Setting panel layer visibility of layer "dialog" to visible
10-24 10:14:48.675 21343 21343 W System  : ClassLoader referenced unknown path: /system/priv-app/VrShell/lib/arm
10-24 10:14:48.682  1918  1918 I [OAR] ShellAndroidPanelApp: actionShowTooltip (sending tooltip request to native layer) - {"tooltipId":"taskbar_guardian_roomscale_button_tooltip","text":"ルームスケールモードのガーディアン境界線を新規に作成してください","position":"top","hostLayerName":"#main","hostLayerUCoordinate":0.17402596771717072,"hostLayerVCoordinate":0.9751037359237671}
10-24 10:14:48.695  1828  1912 I [OAR] AudioSystem: Starting haptic hover1 on device 536870914
10-24 10:14:48.695  1828  1912 I [OAR] AudioMixer: Creating a new stream for client UiSound2
10-24 10:14:48.695  1828  1912 I [OAR] AudioMixer: PlaySoundEffect: 1554 samples at 25.372064
10-24 10:14:48.696  1828  1912 I TrackingServiceClient: setting complex haptics, but not yet connected to socket, open connection...
10-24 10:14:48.697   704   934 I TrackingService: virtual android::binder::Status OVR::OS::Tracking::TrackingService::getTrackingSocketFileDescriptor(android::os::ParcelFileDescriptor *)
10-24 10:14:48.697   704   934 D TrackingService: haptic socket already exists
10-24 10:14:48.707 21343 21343 D [OAR] AnytimeUIBroadcastReceiver: action: com.oculus.vrshell.intent.action.UPDATE_APP_SCREENSHOT
10-24 10:14:48.717  1828 21325 I [OAR] AudioMixer: Finishing mono effect
10-24 10:14:48.723 21343 21343 D [OAR] HomeDialog: screenshot update package: com.YourCompany.LastResisters size: 24137
10-24 10:14:48.734  1918  1918 D [OAR] AnytimeUIBroadcastReceiver: action: com.oculus.vrshell.intent.action.UPDATE_APP_SCREENSHOT
10-24 10:14:48.734  1918  1918 D [OAR] HomeDialog: screenshot update package: com.YourCompany.LastResisters size: 3740
10-24 10:14:48.777 21343 21343 D [OAR] AnytimeUIBroadcastReceiver: action: com.oculus.vrshell.intent.action.UPDATE_APP_SCREENSHOT
10-24 10:14:48.778 21343 21343 D [OAR] HomeDialog: screenshot update package: com.YourCompany.LastResisters size: 3740
10-24 10:14:48.848  1828  1912 I [OAR] PanelRenderLayer: Setting ShellDistance for a layerTransform enabled layer
10-24 10:14:48.848  1828  1912 I [OAR] PanelRenderLayer: Using layerTransform 2. layerWidth:316 , layerHeight:68
10-24 10:14:48.848  1918  1918 I [OAR] AnytimeUIAndroidPanelAppBase: showTooltip (configuring Android tooltip view) - {"tooltipId":"taskbar_guardian_roomscale_button_tooltip","text":"ルームスケールモードのガーディアン境界線を新規に作成してください","position":"top","hostLayerName":"#main","hostLayerUCoordinate":0.17402596771717072,"hostLayerVCoordinate":0.9751037359237671}
10-24 10:14:48.848  1918  1918 I [OAR] AndroidPanelApp: Calling ensurePanelLayer on layer "tooltip" with view ID -1
10-24 10:14:48.848  1918  1918 I [OAR] AndroidPanelLayer: Setting spec for layer "tooltip"
10-24 10:14:48.849  1918  1918 I [OAR] AndroidPanelLayer: Setting size of layer "tooltip" to have width 1000 and height 1000
10-24 10:14:48.849  1918  1918 I [OAR] AndroidPanelLayer: Destroying presentation for layer "tooltip" with width 1000 and height 1000
10-24 10:14:48.858  1116  1607 I DisplayManagerService: Display device removed: DisplayDeviceInfo{"com.oculus.android_panel_app.AndroidPanelLayer-tooltip": uniqueId="virtual:com.oculus.systemux,10063,com.oculus.android_panel_app.AndroidPanelLayer-tooltip,0", 316 x 68, modeId 8, defaultModeId 8, supportedModes [{id=8, width=316, height=68, fps=60.0}], colorMode 0, supportedColorModes [0], HdrCapabilities null, density 160, 160.0 x 160.0 dpi, appVsyncOff 0, presDeadline 16666666, touch NONE, rotation 0, type VIRTUAL, state ON, owner com.oculus.systemux (uid 10063), FLAG_PRIVATE, FLAG_NEVER_BLANK, FLAG_OWN_CONTENT_ONLY}
10-24 10:14:48.858  1918  1918 I [OAR] AndroidPanelLayer: Creating presentation for layer "tooltip" with width 1000 and height 1000
10-24 10:14:48.862  1828  1912 I [OAR] PanelRenderLayer: Setting ShellDistance for a layerTransform enabled layer
10-24 10:14:48.862  1828  1912 I [OAR] PanelRenderLayer: Using layerTransform 2. layerWidth:316 , layerHeight:68
10-24 10:14:48.863  1116  1497 I DisplayManagerService: Display device added: DisplayDeviceInfo{"com.oculus.android_panel_app.AndroidPanelLayer-tooltip": uniqueId="virtual:com.oculus.systemux,10063,com.oculus.android_panel_app.AndroidPanelLayer-tooltip,0", 1000 x 1000, modeId 14, defaultModeId 14, supportedModes [{id=14, width=1000, height=1000, fps=60.0}], colorMode 0, supportedColorModes [0], HdrCapabilities null, density 160, 160.0 x 160.0 dpi, appVsyncOff 0, presDeadline 16666666, touch NONE, rotation 0, type VIRTUAL, state OFF, owner com.oculus.systemux (uid 10063), FLAG_PRIVATE, FLAG_NEVER_BLANK, FLAG_OWN_CONTENT_ONLY}
10-24 10:14:48.868  1918  1918 D [OAR] AnytimeUIAndroidPanelApp: Inflating view for layer: tooltip, viewIdentifier = -1
10-24 10:14:48.868  1918  1918 D [OAR] AndroidPanelLayer: getSystemService(LAYOUT_INFLATER_SERVICE)
10-24 10:14:48.869  1918  1918 I [OAR] TooltipView: TooltipView created
10-24 10:14:48.870  1918  1918 I [OAR] TooltipView: Initializing TooltipView
10-24 10:14:48.870  1918  1918 I [OAR] TooltipView: Configuring TooltipView - {"tooltipId":"taskbar_guardian_roomscale_button_tooltip","text":"ルームスケールモードのガーディアン境界線を新規に作成してください","position":"top","hostLayerName":"#main","hostLayerUCoordinate":0.17402596771717072,"hostLayerVCoordinate":0.9751037359237671}
10-24 10:14:48.872  1918  1918 I [OAR] AndroidPanelLayer: Setting size of layer "tooltip" to have width 248 and height 68
10-24 10:14:48.872  1918  1918 I [OAR] AndroidPanelLayer: Destroying presentation for layer "tooltip" with width 248 and height 68
10-24 10:14:48.876  2177 19617 I TimeWarpProgs: loaded binary layerProgram 0:0x20005:0x0 in 0.8 ms
10-24 10:14:48.877  1828  1912 I [OAR] PanelRenderLayer: Setting ShellDistance for a layerTransform enabled layer
10-24 10:14:48.877  1828  1912 I [OAR] PanelRenderLayer: Using layerTransform 2. layerWidth:316 , layerHeight:68
10-24 10:14:48.879  1116  1349 I DisplayManagerService: Display device removed: DisplayDeviceInfo{"com.oculus.android_panel_app.AndroidPanelLayer-tooltip": uniqueId="virtual:com.oculus.systemux,10063,com.oculus.android_panel_app.AndroidPanelLayer-tooltip,0", 1000 x 1000, modeId 14, defaultModeId 14, supportedModes [{id=14, width=1000, height=1000, fps=60.0}], colorMode 0, supportedColorModes [0], HdrCapabilities null, density 160, 160.0 x 160.0 dpi, appVsyncOff 0, presDeadline 16666666, touch NONE, rotation 0, type VIRTUAL, state OFF, owner com.oculus.systemux (uid 10063), FLAG_PRIVATE, FLAG_NEVER_BLANK, FLAG_OWN_CONTENT_ONLY}
10-24 10:14:48.880  1918  1918 I [OAR] AndroidPanelLayer: Creating presentation for layer "tooltip" with width 248 and height 68
10-24 10:14:48.885  1116  1126 I DisplayManagerService: Display device added: DisplayDeviceInfo{"com.oculus.android_panel_app.AndroidPanelLayer-tooltip": uniqueId="virtual:com.oculus.systemux,10063,com.oculus.android_panel_app.AndroidPanelLayer-tooltip,0", 248 x 68, modeId 15, defaultModeId 15, supportedModes [{id=15, width=248, height=68, fps=60.0}], colorMode 0, supportedColorModes [0], HdrCapabilities null, density 160, 160.0 x 160.0 dpi, appVsyncOff 0, presDeadline 16666666, touch NONE, rotation 0, type VIRTUAL, state OFF, owner com.oculus.systemux (uid 10063), FLAG_PRIVATE, FLAG_NEVER_BLANK, FLAG_OWN_CONTENT_ONLY}
10-24 10:14:48.890  1828  1912 I [OAR] PanelRenderLayer: Setting ShellDistance for a layerTransform enabled layer
10-24 10:14:48.890  1828  1912 I [OAR] PanelRenderLayer: Using layerTransform 2. layerWidth:316 , layerHeight:68
10-24 10:14:48.900  1918  1918 I [OAR] AndroidPanelApp: layerTransform: Showing panel layer "tooltip" in VrShell with width 248, height 68, position( 0.000000 , 0.000000 , 0.000000), rotation (0.000000 , 0.000000 , 0.000000 )  hit-testable true, shape 1 [radius: 0.000000], and system-positioned true. Using layerTransform: false. Density: 13.000000. Supersampled: false 
10-24 10:14:48.903  1918  1918 I AndroidPanelApp: layerSupersample no changes
10-24 10:14:48.904  1828  1912 I [OAR] PanelAppHost: Resize layer tooltip to size 248 x 68 shape:1 stereo:0
10-24 10:14:48.904  1828  1912 I [OAR] PanelRenderLayer: ResetSurface 248 x 68 - shape:1 stereo:0
10-24 10:14:48.904  1828  1912 I [OAR] PanelRenderLayer: Using layerTransform 2. layerWidth:248 , layerHeight:68
10-24 10:14:48.904  1828  1912 I [OAR] PanelRenderLayer: Setting ShellDistance for a layerTransform enabled layer
10-24 10:14:48.904  1828  1912 I [OAR] PanelRenderLayer: Using layerTransform 2. layerWidth:248 , layerHeight:68
10-24 10:14:48.904  1918  1918 I AndroidPanelApp: Processing next frame action "layerShow" for layer "tooltip"
10-24 10:14:48.904  1918  1918 I [OAR] AndroidPanelApp: layerShow acknowledged for tooltip
10-24 10:14:48.904  1918  1918 I [OAR] AndroidPanelLayer: Showing layer tooltip
10-24 10:14:48.905  1828  1912 I [OAR] PanelRenderLayer: New SurfaceLayer 248 x 68 (shape: 1)
10-24 10:14:48.905  2177  2189 I VrRuntimeService: nativeCreateTextureSwapChain 65536 0 35907 248 68 8 3 1 0 0
10-24 10:14:48.906  1918  1918 I [OAR] AndroidPanelLayer: Unhiding layer tooltip
10-24 10:14:48.907 19497 19654 D UE4     : *** JavaEnvDestructor: 19654
10-24 10:14:48.907   704 19594 I [CT]    : MANAGEMENT:CONSTELLATION: Status=GREEN,, Obj=16572054001761934198,6DOF=1,FusJit=0.03mm,Issues(Cam/min=  0,IMU/min=0), Obj=3669952633402657438,6DOF=1,FusJit=0.0mm,Issues(Cam/min=  0,IMU/min=0)
10-24 10:14:48.907 19497 19655 D UE4     : *** JavaEnvDestructor: 19655
10-24 10:14:48.908 19497 19653 D UE4     : *** JavaEnvDestructor: 19653
10-24 10:14:48.913  2177  2189 I VrRuntimeServer: CreateTextureSwapChain: result importswapchaingles 1
10-24 10:14:48.916  2177  2188 I VrRuntimeService: nativeDestroyTextureSwapChain 114
10-24 10:14:48.919  1828  1912 I [OAR] PanelAppHost: Setting panel layer visibility of layer "tooltip" to visible
10-24 10:14:48.919  1828  1912 I [OAR] PanelRenderLayer: Setting ShellDistance for a layerTransform enabled layer
10-24 10:14:48.919  1828  1912 I [OAR] PanelRenderLayer: Using layerTransform 2. layerWidth:248 , layerHeight:68
10-24 10:14:48.928  1116  1136 I DisplayManagerService: Display device changed state: "com.oculus.android_panel_app.AndroidPanelLayer-tooltip", ON
10-24 10:14:48.932  1828  1912 I [OAR] PanelRenderLayer: Setting ShellDistance for a layerTransform enabled layer
10-24 10:14:48.932  1828  1912 I [OAR] PanelRenderLayer: Using layerTransform 2. layerWidth:248 , layerHeight:68
10-24 10:14:48.945  1828  1912 I [OAR] PanelRenderLayer: Setting ShellDistance for a layerTransform enabled layer
10-24 10:14:48.945  1828  1912 I [OAR] PanelRenderLayer: Using layerTransform 2. layerWidth:248 , layerHeight:68
10-24 10:14:48.959  1828  1912 I [OAR] PanelRenderLayer: Setting ShellDistance for a layerTransform enabled layer
10-24 10:14:48.959  1828  1912 I [OAR] PanelRenderLayer: Using layerTransform 2. layerWidth:248 , layerHeight:68
10-24 10:14:48.973  1828  1912 I [OAR] PanelRenderLayer: Setting ShellDistance for a layerTransform enabled layer
10-24 10:14:48.973  1828  1912 I [OAR] PanelRenderLayer: Using layerTransform 2. layerWidth:248 , layerHeight:68
10-24 10:14:48.987  1828  1912 I [OAR] PanelRenderLayer: Setting ShellDistance for a layerTransform enabled layer
10-24 10:14:48.987  1828  1912 I [OAR] PanelRenderLayer: Using layerTransform 2. layerWidth:248 , layerHeight:68
10-24 10:14:49.001  1828  1912 I [OAR] PanelRenderLayer: Setting ShellDistance for a layerTransform enabled layer
10-24 10:14:49.001  1828  1912 I [OAR] PanelRenderLayer: Using layerTransform 2. layerWidth:248 , layerHeight:68
10-24 10:14:49.015  1828  1912 I [OAR] PanelRenderLayer: Setting ShellDistance for a layerTransform enabled layer
10-24 10:14:49.015  1828  1912 I [OAR] PanelRenderLayer: Using layerTransform 2. layerWidth:248 , layerHeight:68
10-24 10:14:49.015 19497 19697 D UE4     : *** JavaEnvDestructor: 19697
10-24 10:14:49.028  1828  1912 I [OAR] PanelRenderLayer: Setting ShellDistance for a layerTransform enabled layer
10-24 10:14:49.029  1828  1912 I [OAR] PanelRenderLayer: Using layerTransform 2. layerWidth:248 , layerHeight:68
10-24 10:14:49.042  1828  1912 I [OAR] PanelRenderLayer: Setting ShellDistance for a layerTransform enabled layer
10-24 10:14:49.043  1828  1912 I [OAR] PanelRenderLayer: Using layerTransform 2. layerWidth:248 , layerHeight:68
10-24 10:14:49.057  1828  1912 I [OAR] PanelRenderLayer: Setting ShellDistance for a layerTransform enabled layer
10-24 10:14:49.057  1828  1912 I [OAR] PanelRenderLayer: Using layerTransform 2. layerWidth:248 , layerHeight:68
10-24 10:14:49.070  1828  1912 I [OAR] PanelRenderLayer: Setting ShellDistance for a layerTransform enabled layer
10-24 10:14:49.070  1828  1912 I [OAR] PanelRenderLayer: Using layerTransform 2. layerWidth:248 , layerHeight:68
10-24 10:14:49.084  1828  1912 I [OAR] PanelRenderLayer: Setting ShellDistance for a layerTransform enabled layer
10-24 10:14:49.084  1828  1912 I [OAR] PanelRenderLayer: Using layerTransform 2. layerWidth:248 , layerHeight:68
10-24 10:14:49.098  1828  1912 I [OAR] PanelRenderLayer: Setting ShellDistance for a layerTransform enabled layer
10-24 10:14:49.098  1828  1912 I [OAR] PanelRenderLayer: Using layerTransform 2. layerWidth:248 , layerHeight:68
10-24 10:14:49.113  1828  1912 I [OAR] PanelRenderLayer: Setting ShellDistance for a layerTransform enabled layer
10-24 10:14:49.113  1828  1912 I [OAR] PanelRenderLayer: Using layerTransform 2. layerWidth:248 , layerHeight:68
10-24 10:14:49.127  1828  1912 I [OAR] PanelRenderLayer: Setting ShellDistance for a layerTransform enabled layer
10-24 10:14:49.127  1828  1912 I [OAR] PanelRenderLayer: Using layerTransform 2. layerWidth:248 , layerHeight:68
10-24 10:14:49.140  1828  1912 I [OAR] PanelRenderLayer: Setting ShellDistance for a layerTransform enabled layer
10-24 10:14:49.140  1828  1912 I [OAR] PanelRenderLayer: Using layerTransform 2. layerWidth:248 , layerHeight:68
10-24 10:14:49.154  1828  1912 I [OAR] PanelRenderLayer: Setting ShellDistance for a layerTransform enabled layer
10-24 10:14:49.154  1828  1912 I [OAR] PanelRenderLayer: Using layerTransform 2. layerWidth:248 , layerHeight:68
10-24 10:14:49.168  1828  1912 I [OAR] PanelRenderLayer: Setting ShellDistance for a layerTransform enabled layer
10-24 10:14:49.168  1828  1912 I [OAR] PanelRenderLayer: Using layerTransform 2. layerWidth:248 , layerHeight:68
10-24 10:14:49.182  1828  1912 I [OAR] PanelRenderLayer: Setting ShellDistance for a layerTransform enabled layer
10-24 10:14:49.182  1828  1912 I [OAR] PanelRenderLayer: Using layerTransform 2. layerWidth:248 , layerHeight:68
10-24 10:14:49.196  1828  1912 I [OAR] PanelRenderLayer: Setting ShellDistance for a layerTransform enabled layer
10-24 10:14:49.196  1828  1912 I [OAR] PanelRenderLayer: Using layerTransform 2. layerWidth:248 , layerHeight:68
10-24 10:14:49.209  1828  1912 I [OAR] PanelRenderLayer: Setting ShellDistance for a layerTransform enabled layer
10-24 10:14:49.210  1828  1912 I [OAR] PanelRenderLayer: Using layerTransform 2. layerWidth:248 , layerHeight:68
10-24 10:14:49.224  1828  1912 I [OAR] PanelRenderLayer: Setting ShellDistance for a layerTransform enabled layer
10-24 10:14:49.224  1828  1912 I [OAR] PanelRenderLayer: Using layerTransform 2. layerWidth:248 , layerHeight:68
10-24 10:14:49.238  1828  1912 I [OAR] PanelRenderLayer: Setting ShellDistance for a layerTransform enabled layer
10-24 10:14:49.238  1828  1912 I [OAR] PanelRenderLayer: Using layerTransform 2. layerWidth:248 , layerHeight:68
10-24 10:14:49.252  1828  1912 I [OAR] PanelRenderLayer: Setting ShellDistance for a layerTransform enabled layer
10-24 10:14:49.252  1828  1912 I [OAR] PanelRenderLayer: Using layerTransform 2. layerWidth:248 , layerHeight:68
10-24 10:14:49.266  1828  1912 I [OAR] PanelRenderLayer: Setting ShellDistance for a layerTransform enabled layer
10-24 10:14:49.266  1828  1912 I [OAR] PanelRenderLayer: Using layerTransform 2. layerWidth:248 , layerHeight:68
10-24 10:14:49.279  1828  1912 I [OAR] PanelRenderLayer: Setting ShellDistance for a layerTransform enabled layer
10-24 10:14:49.279  1828  1912 I [OAR] PanelRenderLayer: Using layerTransform 2. layerWidth:248 , layerHeight:68
10-24 10:14:49.293  1828  1912 I [OAR] PanelRenderLayer: Setting ShellDistance for a layerTransform enabled layer
10-24 10:14:49.293  1828  1912 I [OAR] PanelRenderLayer: Using layerTransform 2. layerWidth:248 , layerHeight:68
10-24 10:14:49.295  1828  1912 I ShellSurfaceRender: Averages: drawCalls 14.5 progBinds 5.0 paramUpdates 62.8 textureBinds 6.1 bufferBinds 1.0
10-24 10:14:49.307  1828  1912 I [OAR] PanelRenderLayer: Setting ShellDistance for a layerTransform enabled layer
10-24 10:14:49.308  1828  1912 I [OAR] PanelRenderLayer: Using layerTransform 2. layerWidth:248 , layerHeight:68
10-24 10:14:49.321  1828  1912 I [OAR] PanelRenderLayer: Setting ShellDistance for a layerTransform enabled layer
10-24 10:14:49.321  1828  1912 I [OAR] PanelRenderLayer: Using layerTransform 2. layerWidth:248 , layerHeight:68
10-24 10:14:49.335  1828  1912 I [OAR] PanelRenderLayer: Setting ShellDistance for a layerTransform enabled layer
10-24 10:14:49.335  1828  1912 I [OAR] PanelRenderLayer: Using layerTransform 2. layerWidth:248 , layerHeight:68
10-24 10:14:49.349  1828  1912 I [OAR] PanelRenderLayer: Setting ShellDistance for a layerTransform enabled layer
10-24 10:14:49.350  1828  1912 I [OAR] PanelRenderLayer: Using layerTransform 2. layerWidth:248 , layerHeight:68
10-24 10:14:49.363  1828  1912 I [OAR] PanelRenderLayer: Setting ShellDistance for a layerTransform enabled layer
10-24 10:14:49.363  1828  1912 I [OAR] PanelRenderLayer: Using layerTransform 2. layerWidth:248 , layerHeight:68
10-24 10:14:49.377  1828  1912 I [OAR] PanelRenderLayer: Setting ShellDistance for a layerTransform enabled layer
10-24 10:14:49.377  1828  1912 I [OAR] PanelRenderLayer: Using layerTransform 2. layerWidth:248 , layerHeight:68
10-24 10:14:49.383 19497 19631 I VrApi   : FPS=59,Prd=45ms,Tear=0,Early=0,Stale=39,VSnc=1,Lat=1,Fov=0,CPU4/GPU=4/4,1651/670MHz,OC=FF,TA=0/3/3,SP=N/N/N,Mem=1804MHz,Free=1832MB,PSM=0,PLS=0,Temp=29.0C/0.0C,TW=1.93ms,App=17.82ms,GD=0.00ms,CPU&GPU=21.65ms,LCnt=1,GPU%=0.89,CPU%=0.26(W0.32)
10-24 10:14:49.391  1828  1912 I [OAR] PanelRenderLayer: Setting ShellDistance for a layerTransform enabled layer
10-24 10:14:49.391  1828  1912 I [OAR] PanelRenderLayer: Using layerTransform 2. layerWidth:248 , layerHeight:68
10-24 10:14:49.405  1828  1912 I [OAR] PanelRenderLayer: Setting ShellDistance for a layerTransform enabled layer
10-24 10:14:49.405  1828  1912 I [OAR] PanelRenderLayer: Using layerTransform 2. layerWidth:248 , layerHeight:68
10-24 10:14:49.410  1828 21322 I Telemetry: App memory usage: PSS=246MB
10-24 10:14:49.411  1828 21322 I VrApi   : FPS=33,Prd=0ms,Tear=2,Early=6,Stale=36,VSnc=1,Lat=1,Fov=0,CPU4/GPU=2/4,1651/670MHz,OC=FF,TA=0/E0/0,SP=N/F/N,Mem=1804MHz,Free=1832MB,PSM=0,PLS=0,Temp=29.0C/0.0C,TW=2.49ms,App=4.15ms,GD=0.00ms,CPU&GPU=1.80ms,LCnt=1,GPU%=0.48,CPU%=0.13(W0.14)
10-24 10:14:49.419  1828  1912 I [OAR] PanelRenderLayer: Setting ShellDistance for a layerTransform enabled layer
10-24 10:14:49.419  1828  1912 I [OAR] PanelRenderLayer: Using layerTransform 2. layerWidth:248 , layerHeight:68
10-24 10:14:49.432  1828  1912 I [OAR] PanelRenderLayer: Setting ShellDistance for a layerTransform enabled layer
10-24 10:14:49.432  1828  1912 I [OAR] PanelRenderLayer: Using layerTransform 2. layerWidth:248 , layerHeight:68
10-24 10:14:49.447  1828  1912 I [OAR] PanelRenderLayer: Setting ShellDistance for a layerTransform enabled layer
10-24 10:14:49.447  1828  1912 I [OAR] PanelRenderLayer: Using layerTransform 2. layerWidth:248 , layerHeight:68
10-24 10:14:49.461  1828  1912 I [OAR] PanelRenderLayer: Setting ShellDistance for a layerTransform enabled layer
10-24 10:14:49.461  1828  1912 I [OAR] PanelRenderLayer: Using layerTransform 2. layerWidth:248 , layerHeight:68
10-24 10:14:49.475  1828  1912 I [OAR] PanelRenderLayer: Setting ShellDistance for a layerTransform enabled layer
10-24 10:14:49.475  1828  1912 I [OAR] PanelRenderLayer: Using layerTransform 2. layerWidth:248 , layerHeight:68
10-24 10:14:49.488  1828  1912 I [OAR] InputManager: Switching Primary controller due to vrapi
10-24 10:14:49.488  1828  1912 I [OAR] InputManager: Secondary input source selection id=536870914
10-24 10:14:49.489  2177  2188 I GuardianSystem: Guardian: GuardianCmdWithParms 1, 1, 0.000000
10-24 10:14:49.490  1828  1912 I [OAR] PanelRenderLayer: Setting ShellDistance for a layerTransform enabled layer
10-24 10:14:49.490  1828  1912 I [OAR] PanelRenderLayer: Using layerTransform 2. layerWidth:248 , layerHeight:68
10-24 10:14:49.492  1918  1918 I [OAR] ShellAndroidPanelApp: actionHideTooltip (sending tooltip request to native layer)
10-24 10:14:49.502  1828  1912 I [OAR] AudioSystem: Starting haptic hover1 on device 536870915
10-24 10:14:49.502  1828  1912 I [OAR] AudioMixer: Creating a new stream for client UiSound3
10-24 10:14:49.502  1828  1912 I [OAR] AudioMixer: PlaySoundEffect: 1554 samples at 26.192064
10-24 10:14:49.502  1828  1912 I [OAR] PanelRenderLayer: Setting ShellDistance for a layerTransform enabled layer
10-24 10:14:49.502  1828  1912 I [OAR] PanelRenderLayer: Using layerTransform 2. layerWidth:248 , layerHeight:68
10-24 10:14:49.516  1828  1912 I [OAR] PanelRenderLayer: Setting ShellDistance for a layerTransform enabled layer
10-24 10:14:49.516  1828  1912 I [OAR] PanelRenderLayer: Using layerTransform 2. layerWidth:248 , layerHeight:68
10-24 10:14:49.530  1828  1912 I [OAR] AudioSystem: Starting haptic hover1 on device 536870915
10-24 10:14:49.530  1828  1912 I [OAR] AudioMixer: Creating a new stream for client UiSound4
10-24 10:14:49.530  1828  1912 I [OAR] AudioMixer: PlaySoundEffect: 1554 samples at 26.212064
10-24 10:14:49.530  1828  1912 I [OAR] PanelRenderLayer: Setting ShellDistance for a layerTransform enabled layer
10-24 10:14:49.530  1828  1912 I [OAR] PanelRenderLayer: Using layerTransform 2. layerWidth:248 , layerHeight:68
10-24 10:14:49.538  1828 21325 I [OAR] AudioMixer: Finishing mono effect
10-24 10:14:49.544  1828  1912 I [OAR] PanelRenderLayer: Setting ShellDistance for a layerTransform enabled layer
10-24 10:14:49.544  1828  1912 I [OAR] PanelRenderLayer: Using layerTransform 2. layerWidth:248 , layerHeight:68
10-24 10:14:49.558  1828 21325 I [OAR] AudioMixer: Finishing mono effect
10-24 10:14:49.558  1828  1912 I [OAR] PanelRenderLayer: Setting ShellDistance for a layerTransform enabled layer
10-24 10:14:49.558  1828  1912 I [OAR] PanelRenderLayer: Using layerTransform 2. layerWidth:248 , layerHeight:68
10-24 10:14:49.571   704 18579 I [CT]    : L:Behavior:AtRest: activated
10-24 10:14:49.571   704 18579 I [CT]    : AdHocPatch: [Left] t = 103.507s, behavior transition: None -> AtRest at 103.557s
10-24 10:14:49.572  1828  1912 I [OAR] PanelRenderLayer: Setting ShellDistance for a layerTransform enabled layer
10-24 10:14:49.572  1828  1912 I [OAR] PanelRenderLayer: Using layerTransform 2. layerWidth:248 , layerHeight:68
10-24 10:14:49.586  1828  1912 I [OAR] PanelRenderLayer: Setting ShellDistance for a layerTransform enabled layer
10-24 10:14:49.586  1828  1912 I [OAR] PanelRenderLayer: Using layerTransform 2. layerWidth:248 , layerHeight:68
10-24 10:14:49.600  1828  1912 I [OAR] PanelRenderLayer: Setting ShellDistance for a layerTransform enabled layer
10-24 10:14:49.600  1828  1912 I [OAR] PanelRenderLayer: Using layerTransform 2. layerWidth:248 , layerHeight:68
10-24 10:14:49.614  1828  1912 I [OAR] PanelRenderLayer: Setting ShellDistance for a layerTransform enabled layer
10-24 10:14:49.614  1828  1912 I [OAR] PanelRenderLayer: Using layerTransform 2. layerWidth:248 , layerHeight:68
10-24 10:14:49.625   704 18579 I [CT]    : L:Behavior:AtRest: deactivated
10-24 10:14:49.625   704 18579 I [CT]    : AdHocPatch: [Left] t = 103.561s, behavior transition: AtRest -> None at 103.611s
10-24 10:14:49.627  1828  1912 I [OAR] PanelRenderLayer: Setting ShellDistance for a layerTransform enabled layer
10-24 10:14:49.627  1828  1912 I [OAR] PanelRenderLayer: Using layerTransform 2. layerWidth:248 , layerHeight:68
10-24 10:14:49.642  1828  1912 I [OAR] PanelRenderLayer: Setting ShellDistance for a layerTransform enabled layer
10-24 10:14:49.642  1828  1912 I [OAR] PanelRenderLayer: Using layerTransform 2. layerWidth:248 , layerHeight:68
10-24 10:14:49.656  1828  1912 I [OAR] PanelRenderLayer: Setting ShellDistance for a layerTransform enabled layer
10-24 10:14:49.656  1828  1912 I [OAR] PanelRenderLayer: Using layerTransform 2. layerWidth:248 , layerHeight:68
10-24 10:14:49.665   704 18579 I [CT]    : L:Behavior:AtRest: activated
10-24 10:14:49.665   704 18579 I [CT]    : AdHocPatch: [Left] t = 103.601s, behavior transition: None -> AtRest at 103.651s
