10-23 09:37:52.555  2078  2178 W Sensor  : bad interpupillary distance: 0.059600, returning 0.068750
10-23 09:37:52.558  1843  1914 I [OAR] AudioSystem: Starting haptic hover1 on device 536870915
10-23 09:37:52.558  1843  1914 I [OAR] AudioMixer: Creating a new stream for client UiSound1
10-23 09:37:52.558  1843  1914 I [OAR] AudioMixer: PlaySoundEffect: 1554 samples at 29.128617
10-23 09:37:52.560  1843  1914 W Sensor  : bad interpupillary distance: 0.059600, returning 0.068750
10-23 09:37:52.569  2078  2178 W Sensor  : bad interpupillary distance: 0.059600, returning 0.068750
10-23 09:37:52.573  1843  1914 W Sensor  : bad interpupillary distance: 0.059600, returning 0.068750
10-23 09:37:52.583  2078  2178 W Sensor  : bad interpupillary distance: 0.059600, returning 0.068750
10-23 09:37:52.587  1843  1914 W Sensor  : bad interpupillary distance: 0.059600, returning 0.068750
10-23 09:37:52.597  2078  2178 W Sensor  : bad interpupillary distance: 0.059600, returning 0.068750
10-23 09:37:52.598  1843  4015 I [OAR] AudioMixer: Finishing mono effect
10-23 09:37:52.601  1843  1914 W Sensor  : bad interpupillary distance: 0.059600, returning 0.068750
10-23 09:37:52.611  2078  2178 W Sensor  : bad interpupillary distance: 0.059600, returning 0.068750
10-23 09:37:52.615  1843  1914 W Sensor  : bad interpupillary distance: 0.059600, returning 0.068750
10-23 09:37:52.625  2078  2178 W Sensor  : bad interpupillary distance: 0.059600, returning 0.068750
10-23 09:37:52.629  1843  1914 W Sensor  : bad interpupillary distance: 0.059600, returning 0.068750
10-23 09:37:52.638  1967  4154 W LibraryStorage: Unable to move cursor to the first position
10-23 09:37:52.639  1967  4154 I LibraryStorage: Successfully cleared 13 entitlements
10-23 09:37:52.639  1967  4154 I LibraryStorage: Beginning save for 13/13 apps
10-23 09:37:52.639  2078  2178 W Sensor  : bad interpupillary distance: 0.059600, returning 0.068750
10-23 09:37:52.644  1843  1914 W Sensor  : bad interpupillary distance: 0.059600, returning 0.068750
10-23 09:37:52.652  2078  2178 W Sensor  : bad interpupillary distance: 0.059600, returning 0.068750
10-23 09:37:52.654   706  2934 I [CT]    : L:Behavior:AtRest: deactivated
10-23 09:37:52.654   706  2934 I [CT]    : AdHocPatch: [Left] t = 210.840s, behavior transition: AtRest -> None at 210.890s
10-23 09:37:52.657  1843  1914 W Sensor  : bad interpupillary distance: 0.059600, returning 0.068750
10-23 09:37:52.658  4053  4075 D OculusLogger: reportQuickExperimentExposure(sessionless__oculus_home_saved_universe, saved_enabled2, 100526290914264)
10-23 09:37:52.660  1967  4154 I LibraryStorage: Successfully saved 13 entitlements. Total entitlements: 13
10-23 09:37:52.660  1967  4154 I LibraryStorage: notifying: content://com.oculus.ocms.library/apps
10-23 09:37:52.662  2078  3329 I GuardianRenderLayer: GuardianRenderLayer: Rendering status changed: true
10-23 09:37:52.662  2078  3334 W Sensor  : bad interpupillary distance: 0.059600, returning 0.068750
10-23 09:37:52.663  3078  3116 I RCTVR   : JavaScript[0xcf35a678], Avg 34.4012018278764913, Max 103317.175813999958, MaxInLast 1877.3344470000593
10-23 09:37:52.664  3078  3116 I RCTVR_HERMES: Hermes Mem: numCollections 56, allocatedBytes 18575494, heapSize 37011456, va 25165824
10-23 09:37:52.664   706  2934 I [CT]    : L:Behavior:AtRest: activated
10-23 09:37:52.664   706  2934 I [CT]    : AdHocPatch: [Left] t = 210.850s, behavior transition: None -> AtRest at 210.900s
10-23 09:37:52.666  2078  2178 W Sensor  : bad interpupillary distance: 0.059600, returning 0.068750
10-23 09:37:52.671  1843  1914 W Sensor  : bad interpupillary distance: 0.059600, returning 0.068750
10-23 09:37:52.676  2078  3329 I GuardianRenderLayer: GuardianRenderLayer: Rendering status changed: false
10-23 09:37:52.680  2078  2178 W Sensor  : bad interpupillary distance: 0.059600, returning 0.068750
10-23 09:37:52.685  1843  1914 W Sensor  : bad interpupillary distance: 0.059600, returning 0.068750
10-23 09:37:52.692  4053  4092 W RCTVR_HERMES: [warn]: QEData empty or corrupt for sessionless__oculus_vrshell_aui_library_badge_universe
10-23 09:37:52.692  4053  4092 W RCTVR_HERMES: [warn]: QEData empty or corrupt for sessionless__oculus_mobile_library_badge_updates_category_universe
10-23 09:37:52.693  4053  4092 I RCTVR_HERMES: [info]: 'Library', [ 'global library update received' ]
10-23 09:37:52.695  2078  2178 W Sensor  : bad interpupillary distance: 0.059600, returning 0.068750
10-23 09:37:52.699  4053  4075 D OculusLogger: logLegacyEvent(vrshell_info, {{from_pkg=com.oculus.vrshell, device_type=MONTEREY, headset_type=MONTEREY, id=100526290914264, data=["global library update received"], session_id=0cbf85aa-1676-490c-bc19-c9da31ea20cc, device_region=UNSPECIFIED, service_type=LIBRARY}}, false)
10-23 09:37:52.699  1843  1914 W Sensor  : bad interpupillary distance: 0.059600, returning 0.068750
10-23 09:37:52.708  2078  2178 W Sensor  : bad interpupillary distance: 0.059600, returning 0.068750
10-23 09:37:52.713  1843  1914 W Sensor  : bad interpupillary distance: 0.059600, returning 0.068750
10-23 09:37:52.722  2078  2178 W Sensor  : bad interpupillary distance: 0.059600, returning 0.068750
10-23 09:37:52.726  1843  1914 W Sensor  : bad interpupillary distance: 0.059600, returning 0.068750
10-23 09:37:52.736  2078  2178 W Sensor  : bad interpupillary distance: 0.059600, returning 0.068750
10-23 09:37:52.741  1843  1914 W Sensor  : bad interpupillary distance: 0.059600, returning 0.068750
10-23 09:37:52.750  2078  2178 W Sensor  : bad interpupillary distance: 0.059600, returning 0.068750
10-23 09:37:52.755  1843  1914 W Sensor  : bad interpupillary distance: 0.059600, returning 0.068750
10-23 09:37:52.764  2078  2178 W Sensor  : bad interpupillary distance: 0.059600, returning 0.068750
10-23 09:37:52.767  1843  1914 I [OAR] AudioSystem: Starting haptic hover1 on device 536870915
10-23 09:37:52.767  1843  1914 I [OAR] AudioMixer: Creating a new stream for client UiSound2
10-23 09:37:52.767  1843  1914 I [OAR] AudioMixer: PlaySoundEffect: 1554 samples at 29.328617
10-23 09:37:52.769  1843  1914 W Sensor  : bad interpupillary distance: 0.059600, returning 0.068750
10-23 09:37:52.778  2078  2178 W Sensor  : bad interpupillary distance: 0.059600, returning 0.068750
10-23 09:37:52.782  1843  1914 W Sensor  : bad interpupillary distance: 0.059600, returning 0.068750
10-23 09:37:52.792  2078  2178 W Sensor  : bad interpupillary distance: 0.059600, returning 0.068750
10-23 09:37:52.796  1843  1914 W Sensor  : bad interpupillary distance: 0.059600, returning 0.068750
10-23 09:37:52.798  1843  4015 I [OAR] AudioMixer: Finishing mono effect
10-23 09:37:52.808  2078  2178 W Sensor  : bad interpupillary distance: 0.059600, returning 0.068750
10-23 09:37:52.811  1843  1914 W Sensor  : bad interpupillary distance: 0.059600, returning 0.068750
10-23 09:37:52.811  4053  4075 D OculusLogger: reportQuickExperimentExposure(sessionless__oculus_home_saved_universe, saved_enabled2, 100526290914264)
10-23 09:37:52.820  2078  2178 W Sensor  : bad interpupillary distance: 0.059600, returning 0.068750
10-23 09:37:52.824  1843  1914 W Sensor  : bad interpupillary distance: 0.059600, returning 0.068750
10-23 09:37:52.833  2078  2178 W Sensor  : bad interpupillary distance: 0.059600, returning 0.068750
10-23 09:37:52.834  1774  2067 E LibraryDBCacheManager: content://com.oculus.horizon.cache/library_cache
10-23 09:37:52.839  1843  1914 W Sensor  : bad interpupillary distance: 0.059600, returning 0.068750
10-23 09:37:52.847  2078  2178 W Sensor  : bad interpupillary distance: 0.059600, returning 0.068750
10-23 09:37:52.852  1843  1914 W Sensor  : bad interpupillary distance: 0.059600, returning 0.068750
10-23 09:37:52.861  2078  2178 W Sensor  : bad interpupillary distance: 0.059600, returning 0.068750
10-23 09:37:52.864  1843  1914 I [OAR] PanelAppAnalytics: Response latency: 4 frames, 4 messages
10-23 09:37:52.866  1843  1914 W Sensor  : bad interpupillary distance: 0.059600, returning 0.068750
10-23 09:37:52.876  2078  2178 W Sensor  : bad interpupillary distance: 0.059600, returning 0.068750
10-23 09:37:52.880  1843  1914 W Sensor  : bad interpupillary distance: 0.059600, returning 0.068750
10-23 09:37:52.889  2078  2178 W Sensor  : bad interpupillary distance: 0.059600, returning 0.068750
10-23 09:37:52.892  1843  1914 I [OAR] PanelAppAnalytics: Response latency: 1 frames, 1 messages
10-23 09:37:52.894  1843  1914 W Sensor  : bad interpupillary distance: 0.059600, returning 0.068750
10-23 09:37:52.896   541  2213 D audio_hw_extn: audio_extn_snd_device_in_get_parameters: Current input sound device: none
10-23 09:37:52.896   541  2213 D audio_hw_extn: audio_extn_get_parameters: returns snd_device_in=none
10-23 09:37:52.896   541  2213 E voice_extn: voice_extn_compress_voip_get_parameters: COMPRESS_VOIP_ENABLED is not defined
10-23 09:37:52.896   541  2213 V msm8974_platform: platform_get_parameters: exit: returns - snd_device_in=none
10-23 09:37:52.896   541  2213 V audio_hw_primary: adev_get_parameters: exit: returns - snd_device_in=none
10-23 09:37:52.896   541  2213 I hash_map_utils: key: 'snd_device_in' value: ''
10-23 09:37:52.897   541   598 D audio_hw_extn: audio_extn_snd_device_out_get_parameters: Current output sound device: speaker
10-23 09:37:52.897   541   598 D audio_hw_extn: audio_extn_get_parameters: returns snd_device_out=speaker
10-23 09:37:52.897   541   598 E voice_extn: voice_extn_compress_voip_get_parameters: COMPRESS_VOIP_ENABLED is not defined
10-23 09:37:52.897   541   598 V msm8974_platform: platform_get_parameters: exit: returns - snd_device_out=speaker
10-23 09:37:52.897   541   598 V audio_hw_primary: adev_get_parameters: exit: returns - snd_device_out=speaker
10-23 09:37:52.897   541   598 I hash_map_utils: key: 'snd_device_out' value: ''
10-23 09:37:52.899  2078  2176 I GuardianMetrics: {"app_name":"Oculus System Driver","guardian_overall_trigger_count":1677,"guardian_controller_trigger_count":38,"guardian_overall_trigger_duration":28.276817,"guardian_controller_trigger_duration":28.279316,"guardian_roomscale_duration":60.007027,"tracking_type_6dof_duration":60.007072}
10-23 09:37:52.901  1774  2067 E LibraryDBCacheManager: content://com.oculus.horizon.cache/library_cache
10-23 09:37:52.902  2078  2176 I TelemetryGuardian: TelemetryGuardianStatsData = {"app_name":"Oculus System Driver","guardian_overall_trigger_count":1677,"guardian_controller_trigger_count":38,"guardian_overall_trigger_duration":28.276817,"guardian_controller_trigger_duration":28.279316,"guardian_roomscale_duration":60.007027,"tracking_type_6dof_duration":60.007072}
10-23 09:37:52.903  2078  2178 W Sensor  : bad interpupillary distance: 0.059600, returning 0.068750
10-23 09:37:52.907  1843  1914 W Sensor  : bad interpupillary distance: 0.059600, returning 0.068750
10-23 09:37:52.919  2078  2178 W Sensor  : bad interpupillary distance: 0.059600, returning 0.068750
10-23 09:37:52.921  1843  1914 W Sensor  : bad interpupillary distance: 0.059600, returning 0.068750
10-23 09:37:52.931  2078  2178 W Sensor  : bad interpupillary distance: 0.059600, returning 0.068750
10-23 09:37:52.935  1843  1914 W Sensor  : bad interpupillary distance: 0.059600, returning 0.068750
10-23 09:37:52.945  2078  2178 W Sensor  : bad interpupillary distance: 0.059600, returning 0.068750
10-23 09:37:52.949  1843  1914 W Sensor  : bad interpupillary distance: 0.059600, returning 0.068750
10-23 09:37:52.958  1967  1978 W LibraryProvider: Cannot find entitlement for com.oculus.systemdriver
10-23 09:37:52.959  2078  2178 W Sensor  : bad interpupillary distance: 0.059600, returning 0.068750
10-23 09:37:52.959  1774  1798 W OCMSLibrary: null cursor received for query content://com.oculus.ocms.library/apps/com.oculus.systemdriver
10-23 09:37:52.959  1774  1798 I SDKLoggingService: Unable to find AppId for package (com.oculus.systemdriver)
10-23 09:37:52.963  1843  1914 W Sensor  : bad interpupillary distance: 0.059600, returning 0.068750
10-23 09:37:52.973  2078  2178 W Sensor  : bad interpupillary distance: 0.059600, returning 0.068750
10-23 09:37:52.977  1843  1914 W Sensor  : bad interpupillary distance: 0.059600, returning 0.068750
10-23 09:37:52.987  2078  2178 W Sensor  : bad interpupillary distance: 0.059600, returning 0.068750
10-23 09:37:52.991  1843  1914 W Sensor  : bad interpupillary distance: 0.059600, returning 0.068750
10-23 09:37:53.001  2078  2178 W Sensor  : bad interpupillary distance: 0.059600, returning 0.068750
10-23 09:37:53.005  1843  1914 W Sensor  : bad interpupillary distance: 0.059600, returning 0.068750
