--------- beginning of system
10-25 20:20:38.763  1060  1473 I ActivityManager: START u0 {flg=0x10000000 cmp=com.YourCompany.LastResisters/com.epicgames.ue4.GameActivity} from uid 2000 on display 0
10-25 20:20:38.779  1060  1473 I ActivityManager: Start proc 17542:com.YourCompany.LastResisters/u0a138 for activity com.YourCompany.LastResisters/com.epicgames.ue4.GameActivity
10-25 20:20:39.064  1060  1473 I ActivityManager: START u0 {act=android.content.pm.action.REQUEST_PERMISSIONS pkg=com.android.packageinstaller cmp=com.android.packageinstaller/.permission.ui.GrantPermissionsActivity (has extras)} from uid 10138 on display 0
10-25 20:20:39.242  1060  1525 I ActivityManager: Start proc 17562:com.android.packageinstaller/u0a21 for activity com.android.packageinstaller/.permission.ui.GrantPermissionsActivity
--------- beginning of main
10-25 20:20:40.870 17542 17558 D UE4     : [2019.10.25-11.20.40:870][  0]LogSlate: Using FreeType 2.4.12
10-25 20:20:40.871 17542 17558 D UE4     : [2019.10.25-11.20.40:870][  0]LogSlate: SlateFontServices - WITH_FREETYPE: 1, WITH_HARFBUZZ: 1
10-25 20:20:40.908 17542 17558 D UE4     : [2019.10.25-11.20.40:908][  0]LogStreaming: Warning: Failed to read file '../../../Engine/Content/Slate/Common/RoundedSelection_16x.png' error.
10-25 20:20:40.908 17542 17558 D UE4     : [2019.10.25-11.20.40:908][  0]LogSlate: Could not find file for Slate resource: ../../../Engine/Content/Slate/Common/RoundedSelection_16x.png
10-25 20:20:40.908 17542 17558 D UE4     : [2019.10.25-11.20.40:908][  0]LogStreaming: Warning: Failed to read file '../../../Engine/Content/Slate/Common/RoundedSelection_16x.png' error.
10-25 20:20:40.908 17542 17558 D UE4     : [2019.10.25-11.20.40:908][  0]LogSlate: Could not find file for Slate resource: ../../../Engine/Content/Slate/Common/RoundedSelection_16x.png
10-25 20:20:40.909 17542 17558 D UE4     : [2019.10.25-11.20.40:909][  0]LogStreaming: Warning: Failed to read file '../../../Engine/Content/Slate/Common/RoundedSelection_16x.png' error.
10-25 20:20:40.909 17542 17558 D UE4     : [2019.10.25-11.20.40:909][  0]LogSlate: Could not find file for Slate resource: ../../../Engine/Content/Slate/Common/RoundedSelection_16x.png
10-25 20:20:40.909 17542 17558 D UE4     : [2019.10.25-11.20.40:909][  0]LogStreaming: Warning: Failed to read file '../../../Engine/Content/Slate/Common/RoundedSelection_16x.png' error.
10-25 20:20:40.909 17542 17558 D UE4     : [2019.10.25-11.20.40:909][  0]LogSlate: Could not find file for Slate resource: ../../../Engine/Content/Slate/Common/RoundedSelection_16x.png
10-25 20:20:40.909 17542 17558 D UE4     : [2019.10.25-11.20.40:909][  0]LogStreaming: Warning: Failed to read file '../../../Engine/Content/Slate/Common/RoundedSelection_16x.png' error.
10-25 20:20:40.909 17542 17558 D UE4     : [2019.10.25-11.20.40:909][  0]LogSlate: Could not find file for Slate resource: ../../../Engine/Content/Slate/Common/RoundedSelection_16x.png
10-25 20:20:40.910 17542 17558 D UE4     : [2019.10.25-11.20.40:910][  0]LogStreaming: Warning: Failed to read file '../../../Engine/Content/Slate/Common/RoundedSelection_16x.png' error.
10-25 20:20:40.910 17542 17558 D UE4     : [2019.10.25-11.20.40:910][  0]LogSlate: Could not find file for Slate resource: ../../../Engine/Content/Slate/Common/RoundedSelection_16x.png
10-25 20:20:40.910 17542 17558 D UE4     : [2019.10.25-11.20.40:910][  0]LogStreaming: Warning: Failed to read file '../../../Engine/Content/Slate/Common/RoundedSelection_16x.png' error.
10-25 20:20:40.910 17542 17558 D UE4     : [2019.10.25-11.20.40:910][  0]LogSlate: Could not find file for Slate resource: ../../../Engine/Content/Slate/Common/RoundedSelection_16x.png
10-25 20:20:40.910 17542 17558 D UE4     : [2019.10.25-11.20.40:910][  0]LogStreaming: Warning: Failed to read file '../../../Engine/Content/Slate/Common/RoundedSelection_16x.png' error.
10-25 20:20:40.910 17542 17558 D UE4     : [2019.10.25-11.20.40:910][  0]LogSlate: Could not find file for Slate resource: ../../../Engine/Content/Slate/Common/RoundedSelection_16x.png
10-25 20:20:40.925 17542 17558 D UE4     : [2019.10.25-11.20.40:925][  0]LogStreaming: Warning: Failed to read file '../../../Engine/Content/Slate/Common/RoundedSelection_16x.png' error.
10-25 20:20:40.926 17542 17558 D UE4     : [2019.10.25-11.20.40:926][  0]LogSlate: Could not find file for Slate resource: ../../../Engine/Content/Slate/Common/RoundedSelection_16x.png
10-25 20:20:40.926 17542 17558 D UE4     : [2019.10.25-11.20.40:926][  0]LogStreaming: Warning: Failed to read file '../../../Engine/Content/Slate/Common/RoundedSelection_16x.png' error.
10-25 20:20:40.926 17542 17558 D UE4     : [2019.10.25-11.20.40:926][  0]LogSlate: Could not find file for Slate resource: ../../../Engine/Content/Slate/Common/RoundedSelection_16x.png
10-25 20:20:40.927 17542 17558 D UE4     : [2019.10.25-11.20.40:926][  0]LogStreaming: Warning: Failed to read file '../../../Engine/Content/Slate/Common/RoundedSelection_16x.png' error.
10-25 20:20:40.927 17542 17558 D UE4     : [2019.10.25-11.20.40:927][  0]LogSlate: Could not find file for Slate resource: ../../../Engine/Content/Slate/Common/RoundedSelection_16x.png
10-25 20:20:40.927 17542 17558 D UE4     : [2019.10.25-11.20.40:927][  0]LogStreaming: Warning: Failed to read file '../../../Engine/Content/Slate/Common/RoundedSelection_16x.png' error.
10-25 20:20:40.927 17542 17558 D UE4     : [2019.10.25-11.20.40:927][  0]LogSlate: Could not find file for Slate resource: ../../../Engine/Content/Slate/Common/RoundedSelection_16x.png
10-25 20:20:40.927 17542 17558 D UE4     : [2019.10.25-11.20.40:927][  0]LogStreaming: Warning: Failed to read file '../../../Engine/Content/Slate/Common/RoundedSelection_16x.png' error.
10-25 20:20:40.927 17542 17558 D UE4     : [2019.10.25-11.20.40:927][  0]LogSlate: Could not find file for Slate resource: ../../../Engine/Content/Slate/Common/RoundedSelection_16x.png
10-25 20:20:40.947 17542 17558 D UE4     : [2019.10.25-11.20.40:947][  0]LogStreaming: Warning: Failed to read file '../../../Engine/Content/Slate/Common/RoundedSelection_16x.png' error.
10-25 20:20:40.947 17542 17558 D UE4     : [2019.10.25-11.20.40:947][  0]LogSlate: Could not find file for Slate resource: ../../../Engine/Content/Slate/Common/RoundedSelection_16x.png
10-25 20:20:40.947 17542 17558 D UE4     : [2019.10.25-11.20.40:947][  0]LogStreaming: Warning: Failed to read file '../../../Engine/Content/Slate/Common/RoundedSelection_16x.png' error.
10-25 20:20:40.947 17542 17558 D UE4     : [2019.10.25-11.20.40:947][  0]LogSlate: Could not find file for Slate resource: ../../../Engine/Content/Slate/Common/RoundedSelection_16x.png
10-25 20:20:40.948 17542 17558 D UE4     : [2019.10.25-11.20.40:948][  0]LogStreaming: Warning: Failed to read file '../../../Engine/Content/Slate/Common/RoundedSelection_16x.png' error.
10-25 20:20:40.948 17542 17558 D UE4     : [2019.10.25-11.20.40:948][  0]LogSlate: Could not find file for Slate resource: ../../../Engine/Content/Slate/Common/RoundedSelection_16x.png
10-25 20:20:40.948 17542 17558 D UE4     : [2019.10.25-11.20.40:948][  0]LogStreaming: Warning: Failed to read file '../../../Engine/Content/Slate/Common/RoundedSelection_16x.png' error.
10-25 20:20:40.948 17542 17558 D UE4     : [2019.10.25-11.20.40:948][  0]LogSlate: Could not find file for Slate resource: ../../../Engine/Content/Slate/Common/RoundedSelection_16x.png
10-25 20:20:40.948 17542 17558 D UE4     : [2019.10.25-11.20.40:948][  0]LogStreaming: Warning: Failed to read file '../../../Engine/Content/Slate/Common/RoundedSelection_16x.png' error.
10-25 20:20:40.948 17542 17558 D UE4     : [2019.10.25-11.20.40:948][  0]LogSlate: Could not find file for Slate resource: ../../../Engine/Content/Slate/Common/RoundedSelection_16x.png
10-25 20:20:40.949 17542 17558 D UE4     : [2019.10.25-11.20.40:949][  0]LogStreaming: Warning: Failed to read file '../../../Engine/Content/Slate/Common/RoundedSelection_16x.png' error.
10-25 20:20:40.949 17542 17558 D UE4     : [2019.10.25-11.20.40:949][  0]LogSlate: Could not find file for Slate resource: ../../../Engine/Content/Slate/Common/RoundedSelection_16x.png
10-25 20:20:40.949 17542 17558 D UE4     : [2019.10.25-11.20.40:949][  0]LogStreaming: Warning: Failed to read file '../../../Engine/Content/Slate/Common/RoundedSelection_16x.png' error.
10-25 20:20:40.949 17542 17558 D UE4     : [2019.10.25-11.20.40:949][  0]LogSlate: Could not find file for Slate resource: ../../../Engine/Content/Slate/Common/RoundedSelection_16x.png
10-25 20:20:40.950 17542 17558 D UE4     : [2019.10.25-11.20.40:950][  0]LogStreaming: Warning: Failed to read file '../../../Engine/Content/Slate/Common/RoundedSelection_16x.png' error.
10-25 20:20:40.950 17542 17558 D UE4     : [2019.10.25-11.20.40:950][  0]LogSlate: Could not find file for Slate resource: ../../../Engine/Content/Slate/Common/RoundedSelection_16x.png
10-25 20:20:40.950 17542 17558 D UE4     : [2019.10.25-11.20.40:950][  0]LogStreaming: Warning: Failed to read file '../../../Engine/Content/Slate/Common/RoundedSelection_16x.png' error.
10-25 20:20:40.950 17542 17558 D UE4     : [2019.10.25-11.20.40:950][  0]LogSlate: Could not find file for Slate resource: ../../../Engine/Content/Slate/Common/RoundedSelection_16x.png
10-25 20:20:40.951 17542 17558 D UE4     : [2019.10.25-11.20.40:951][  0]LogStreaming: Warning: Failed to read file '../../../Engine/Content/Slate/Common/RoundedSelection_16x.png' error.
10-25 20:20:40.951 17542 17558 D UE4     : [2019.10.25-11.20.40:951][  0]LogSlate: Could not find file for Slate resource: ../../../Engine/Content/Slate/Common/RoundedSelection_16x.png
10-25 20:20:40.951 17542 17558 D UE4     : [2019.10.25-11.20.40:951][  0]LogStreaming: Warning: Failed to read file '../../../Engine/Content/Slate/Common/RoundedSelection_16x.png' error.
10-25 20:20:40.951 17542 17558 D UE4     : [2019.10.25-11.20.40:951][  0]LogSlate: Could not find file for Slate resource: ../../../Engine/Content/Slate/Common/RoundedSelection_16x.png
10-25 20:20:40.951 17542 17558 D UE4     : [2019.10.25-11.20.40:951][  0]LogStreaming: Warning: Failed to read file '../../../Engine/Content/Slate/Common/RoundedSelection_16x.png' error.
10-25 20:20:40.951 17542 17558 D UE4     : [2019.10.25-11.20.40:951][  0]LogSlate: Could not find file for Slate resource: ../../../Engine/Content/Slate/Common/RoundedSelection_16x.png
10-25 20:20:40.952 17542 17558 D UE4     : [2019.10.25-11.20.40:952][  0]LogStreaming: Warning: Failed to read file '../../../Engine/Content/Slate/Common/RoundedSelection_16x.png' error.
10-25 20:20:40.952 17542 17558 D UE4     : [2019.10.25-11.20.40:952][  0]LogSlate: Could not find file for Slate resource: ../../../Engine/Content/Slate/Common/RoundedSelection_16x.png
10-25 20:20:40.952 17542 17558 D UE4     : [2019.10.25-11.20.40:952][  0]LogStreaming: Warning: Failed to read file '../../../Engine/Content/Slate/Common/RoundedSelection_16x.png' error.
10-25 20:20:40.952 17542 17558 D UE4     : [2019.10.25-11.20.40:952][  0]LogSlate: Could not find file for Slate resource: ../../../Engine/Content/Slate/Common/RoundedSelection_16x.png
10-25 20:20:40.952 17542 17558 D UE4     : [2019.10.25-11.20.40:952][  0]LogStreaming: Warning: Failed to read file '../../../Engine/Content/Slate/Common/RoundedSelection_16x.png' error.
10-25 20:20:40.952 17542 17558 D UE4     : [2019.10.25-11.20.40:952][  0]LogSlate: Could not find file for Slate resource: ../../../Engine/Content/Slate/Common/RoundedSelection_16x.png
10-25 20:20:40.953 17542 17558 D UE4     : [2019.10.25-11.20.40:953][  0]LogStreaming: Warning: Failed to read file '../../../Engine/Content/Slate/Common/RoundedSelection_16x.png' error.
10-25 20:20:40.953 17542 17558 D UE4     : [2019.10.25-11.20.40:953][  0]LogSlate: Could not find file for Slate resource: ../../../Engine/Content/Slate/Common/RoundedSelection_16x.png
10-25 20:20:40.980 17542 17558 D UE4     : [2019.10.25-11.20.40:980][  0]LogInit: Using OS detected language (ja-JP).
10-25 20:20:40.980 17542 17558 D UE4     : [2019.10.25-11.20.40:980][  0]LogInit: Using OS detected locale (ja-JP).
10-25 20:20:40.980 17542 17558 D UE4     : [2019.10.25-11.20.40:980][  0]LogTextLocalizationManager: No localization for 'ja-JP' exists, so 'en' will be used for the language.
10-25 20:20:40.980 17542 17558 D UE4     : [2019.10.25-11.20.40:980][  0]LogTextLocalizationManager: No localization for 'ja-JP' exists, so 'en' will be used for the locale.
10-25 20:20:40.981 17542 17558 D UE4     : [2019.10.25-11.20.40:981][  0]LogTextLocalizationManager: Compacting localization data took   0.02ms
10-25 20:20:40.987 17542 17558 D UE4     : [2019.10.25-11.20.40:987][  0]LogAssetRegistry: FAssetRegistry took 0.0053 seconds to start up
10-25 20:20:41.245 17542 17558 D UE4     : [2019.10.25-11.20.41:245][  0]LogStreaming: Display: Flushing async loaders.
10-25 20:20:41.246 17542 17558 D UE4     : [2019.10.25-11.20.41:246][  0]LogPackageLocalizationCache: Processed 10 localized package path(s) for 1 prioritized culture(s) in 0.000162 seconds
10-25 20:20:41.265  1060  1121 W WindowManager: App freeze timeout expired.
10-25 20:20:41.305 17542 17558 D UE4     : [2019.10.25-11.20.41:305][  0]LogNetVersion: LastResisters 1.0.0, NetCL: 8386587, EngineNetVer: 11, GameNetVer: 0 (Checksum: 2470489391)
10-25 20:20:41.653 17542 17558 E ExtMediaPlayer-JNI: QCMediaPlayer could not be located....
10-25 20:20:41.653 17542 17558 E MediaPlayer-JNI: JNIMediaPlayerFactory: bIsQCMediaPlayerPresent 0
10-25 20:20:41.653 17542 17558 E ExtMediaPlayer-JNI: QCMediaPlayer could not be located....
10-25 20:20:41.653 17542 17558 E MediaPlayer-JNI: JNIMediaPlayerFactory: bIsQCMediaPlayerPresent 0
10-25 20:20:41.654   539   586 V audio_hw_primary: out_get_latency: Latency 80
10-25 20:20:41.655   539   585 V audio_hw_primary: out_get_latency: Latency 8
10-25 20:20:41.656 17542 17558 D UE4     : [2019.10.25-11.20.41:656][  0]LogMoviePlayer: Initializing movie player
10-25 20:20:41.657 17542 17558 D UE4     : [2019.10.25-11.20.41:657][  0]LogTcpMessaging: Initializing TcpMessaging bridge, listening on 127.0.0.1:6666
10-25 20:20:41.695 17542 17558 D UE4     : [2019.10.25-11.20.41:695][  0]LogUdpMessaging: Initializing bridge on interface 0.0.0.0:0 to multicast group 230.0.0.1:6666.
10-25 20:20:41.698 17542 17558 D UE4     : [2019.10.25-11.20.41:698][  0]LogAndroidPermission: UAndroidPermissionCallbackProxy::GetInstance
10-25 20:20:41.699 17542 17558 D UE4     : [2019.10.25-11.20.41:699][  0]LogOcInput: OculusInput pre-init called
10-25 20:20:41.714 17542 17558 D UE4     : [2019.10.25-11.20.41:714][  0]LogUObjectArray: 39471 objects as part of root set at end of initial load.
10-25 20:20:41.714 17542 17558 D UE4     : [2019.10.25-11.20.41:714][  0]LogUObjectArray: 2 objects are not in the root set, but can never be destroyed because they are in the DisregardForGC set.
10-25 20:20:41.714 17542 17558 D UE4     : [2019.10.25-11.20.41:714][  0]LogUObjectAllocator: 4350292 out of 0 bytes used by permanent object pool.
10-25 20:20:41.714 17542 17558 D UE4     : [2019.10.25-11.20.41:714][  0]LogUObjectArray: CloseDisregardForGC: 39471/39471 objects in disregard for GC pool
10-25 20:20:41.727 17542 17558 D UE4     : [2019.10.25-11.20.41:727][  0]LogAndroid: Display: Passed PreInit()
10-25 20:20:41.728 17542 17558 D UE4     : [2019.10.25-11.20.41:728][  0]LogEngine: Initializing Engine...
10-25 20:20:41.728 17542 17558 D UE4     : [2019.10.25-11.20.41:728][  0]LogHMD: Oculus plugin initialized. Version: 4.23.0-8386587+++UE4+Release-4.23, OVRPlugin: 1.37.0
10-25 20:20:41.731 17542 17558 D UE4     : [2019.10.25-11.20.41:731][  0]LogStats: UGameplayTagsManager::InitializeManager -  0.000 s
10-25 20:20:41.772  1060  1194 E TaskPersister: File error accessing recents directory (directory doesn't exist?).
10-25 20:20:41.801 17542 17558 D UE4     : [2019.10.25-11.20.41:801][  0]LogInit: Initializing FReadOnlyCVARCache
10-25 20:20:41.802 17542 17558 D UE4     : [JAVA] audiomanager.framesPerBuffer = 192
10-25 20:20:41.802 17542 17558 D UE4     : [2019.10.25-11.20.41:802][  0]LogAudioMixer: Display: Audio Mixer Platform Settings:
10-25 20:20:41.802 17542 17558 D UE4     : [2019.10.25-11.20.41:802][  0]LogAudioMixer: Display: 	Sample Rate:						  44100
10-25 20:20:41.802 17542 17558 D UE4     : [2019.10.25-11.20.41:802][  0]LogAudioMixer: Display: 	Callback Buffer Frame Size Requested: 1152
10-25 20:20:41.802 17542 17558 D UE4     : [2019.10.25-11.20.41:802][  0]LogAudioMixer: Display: 	Callback Buffer Frame Size To Use:	  1024
10-25 20:20:41.803 17542 17558 D UE4     : [2019.10.25-11.20.41:803][  0]LogAudioMixer: Display: 	Number of buffers to queue:			  4
10-25 20:20:41.803 17542 17558 D UE4     : [2019.10.25-11.20.41:803][  0]LogAudioMixer: Display: 	Max Channels (voices):				  0
10-25 20:20:41.803 17542 17558 D UE4     : [2019.10.25-11.20.41:803][  0]LogAudioMixer: Display: 	Number of Async Source Workers:		  0
10-25 20:20:41.803 17542 17558 D UE4     : [2019.10.25-11.20.41:803][  0]LogAudioMixer: Display: Initializing audio mixer.
10-25 20:20:41.803 17542 17558 D UE4     : [JAVA] audiomanager.optimalSampleRate = 48000
10-25 20:20:41.804 17542 17558 D UE4     : [JAVA] audiomanager.framesPerBuffer = 192
10-25 20:20:41.804 17542 17558 I libOpenSLES: Emulating old channel mask behavior (ignoring positional mask 0x3, using default mask 0x3 based on channel count of 2)
10-25 20:20:41.805   539   593 I AudioPolicyManagerCustom: offload disabled by audio.offload.disable=1
10-25 20:20:41.805   539   593 I AudioPolicyManagerCustom: Direct PCM is disabled for this request
10-25 20:20:41.805   539   593 V AudioPolicyManagerCustom: getOutputForDevice() returns output 13
10-25 20:20:41.805   539  5401 V audio_hw_primary: out_get_parameters: enter: keys - is_direct_pcm_track
10-25 20:20:41.805   539  5401 V audio_hw_primary: not in direct_pcm
10-25 20:20:41.805   539  5401 V audio_hw_primary: out_get_parameters: exit: returns - is_direct_pcm_track=false
10-25 20:20:41.806   539   539 W AudioFlinger: createTrack_l(): mismatch between requested flags (00000104) and output flags (00000006)
10-25 20:20:41.807 17542 17558 D AudioTrack: Client defaulted notificationFrames to 192 for frameCount 192
10-25 20:20:41.807 17542 17558 D UE4     : [2019.10.25-11.20.41:807][  0]LogAudioMixer: Display: Using Audio Device Android Audio Device
10-25 20:20:41.816 17542 17558 D AudioTrack: updateAppOpsPlayAudio: checkOp OP_PLAY_AUDIO for com.YourCompany.LastResisters returns: 1 (IGNORED)
10-25 20:20:41.816 17542 17558 I AudioTrack: updateAppOpsPlayAudio: pausing audio thread
10-25 20:20:41.816   539   580 W AudioFlinger: checkEffectCompatibility_l(): non HW effect Volume listener for Music on playback thread in fast mode
10-25 20:20:41.816   539   580 E AudioEffect: set(): AudioFlinger could not create effect, status: -22
10-25 20:20:41.816   539   580 E AudioPolicyEffects: addOutputSessionEffects(): failed to create Fx  music_helper on session 241
10-25 20:20:41.816   539   580 V AudioPolicyManagerCustom: getNewOutputDevice() selected device 2
10-25 20:20:41.816   539   580 V AudioPolicyManagerCustom: checkOutputForStrategy(): policy related outputs
10-25 20:20:41.817   539   585 D audio_hw_primary: start_output_stream: enter: stream(0xf45d3780)usecase(1: low-latency-playback) devices(0x2)
10-25 20:20:41.817   539   585 E audio_hw_extn: audio_extn_perf_lock_acquire: Incorrect params, Failed to acquire perf lock, err 
10-25 20:20:41.817   539   585 D audio_hw_primary: select_devices for use case (low-latency-playback)
10-25 20:20:41.817   539   585 V audio_hw_primary: voice_extn_compress_voip_is_active: COMPRESS_VOIP_ENABLED is not defined
10-25 20:20:41.817   539   585 V msm8974_platform: platform_get_native_support:napb: ui Prop enabled(1) version(1)
10-25 20:20:41.817   539   585 V msm8974_platform: platform_get_output_snd_device: enter: output devices(0x2)
10-25 20:20:41.817   539   585 V msm8974_platform: voice_extn_compress_voip_is_active: COMPRESS_VOIP_ENABLED is not defined
10-25 20:20:41.817   539   585 V msm8974_platform: platform_get_output_snd_device: exit: snd_device(speaker)
10-25 20:20:41.817   539   585 D audio_hw_primary: select_devices: out_snd_device(2: speaker) in_snd_device(0: )
10-25 20:20:41.817   539   585 V msm8974_platform: platform_get_backend_index:napb: backend port - 0 device - 2 
10-25 20:20:41.817   539   585 I msm8974_platform: platform_check_and_set_codec_backend_cfg:becf: afe: bitwidth 16, samplerate 48000 channels 2, backend_idx 0 usecase = 1 device (speaker)
10-25 20:20:41.817   539   585 D msm8974_platform: platform_split_snd_device: snd_device(2) new_snd_devices (speaker)
10-25 20:20:41.817   539   585 I msm8974_platform: platform_check_and_set_codec_backend_cfg: new_snd_devices[0] is 2
10-25 20:20:41.817   539   585 V msm8974_platform: platform_get_native_support:napb: ui Prop enabled(1) version(1)
10-25 20:20:41.817   539   585 V msm8974_platform: platform_get_backend_index:napb: backend port - 0 device - 2 
10-25 20:20:41.817   539   585 I msm8974_platform: platform_check_codec_backend_cfg:becf: afe: bitwidth 16, samplerate 48000 channels 2, backend_idx 0 usecase = 1 device (speaker)
10-25 20:20:41.817   539   585 V msm8974_platform: platform_check_backends_match: snd_device1 = speaker, snd_device2 = speaker
10-25 20:20:41.817   539   585 V msm8974_platform: platform_check_backends_match: be_itf1 = PRI_MI2S_RX, be_itf2 = PRI_MI2S_RX, match 1
10-25 20:20:41.817   539   585 D msm8974_platform: platform_check_codec_backend_cfg:becf: afe: playback on codec device not supporting native playback set default Sample Rate(48k)
10-25 20:20:41.817   539   585 I msm8974_platform: platform_check_codec_backend_cfg:becf: afe: Codec selected backend: 0 updated bit width: 16 and sample rate: 48000
10-25 20:20:41.817   539   585 D audio_hw_primary: check_usecases_codec_backend:becf: force routing 0
10-25 20:20:41.817   539   585 V msm8974_platform: platform_check_backends_match: snd_device1 = speaker, snd_device2 = 
10-25 20:20:41.817   539   585 E msm8974_platform: platform_check_backends_match: Invalid snd_device = 
10-25 20:20:41.817   539   585 D audio_hw_primary: check_usecases_codec_backend:becf: (44) check_usecases curr device: speaker, usecase device: backends match 0
10-25 20:20:41.817   539   585 D audio_hw_primary: check_usecases_codec_backend:becf: check_usecases num.of Usecases to switch 0
10-25 20:20:41.817   539   585 D hardware_info: hw_info_append_hw_type : device_name = speaker
10-25 20:20:41.817   539   585 D msm8974_platform: platform_split_snd_device: snd_device(2) new_snd_devices (speaker)
10-25 20:20:41.817   539   585 D audio_hw_primary: enable_snd_device: snd_device(2: speaker)
10-25 20:20:41.818 17542 17558 D UE4     : [2019.10.25-11.20.41:818][  0]LogInit: FAudioDevice initialized.
10-25 20:20:41.820 17542 17558 D UE4     : [2019.10.25-11.20.41:820][  0]LogNetVersion: Set ProjectVersion to 1.0.0.0. Version Checksum will be recalculated on next use.
10-25 20:20:41.820 17542 17558 D UE4     : [2019.10.25-11.20.41:820][  0]LogInit: Texture streaming: Enabled
10-25 20:20:41.831   539   585 V msm8974_platform: platform_get_native_support:napb: ui Prop enabled(1) version(1)
10-25 20:20:41.831   539   585 V audio_hw_primary: audio_is_true_native_stream_active:napb: not in true mode or non hdphones device
10-25 20:20:41.831   539   585 V audio_hw_primary: enable_audio_route: enter: usecase(1)
10-25 20:20:41.831   539   585 D audio_hw_utils: audio_extn_utils_send_app_type_cfg: usecase->out_snd_device speaker
10-25 20:20:41.831   539   585 D msm8974_platform: platform_split_snd_device: snd_device(2) new_snd_devices (speaker)
10-25 20:20:41.831   539   585 V msm8974_platform: platform_get_snd_device_backend_index: enter with device 2
10-25 20:20:41.831   539   585 I audio_hw_utils: send_app_type_cfg_for_device PLAYBACK app_type 69936, acdb_dev_id 15, sample_rate 48000, snd_device_be_idx 43
10-25 20:20:41.832   539   585 D msm8974_platform: platform_split_snd_device: snd_device(2) new_snd_devices (speaker)
10-25 20:20:41.832   539   585 V msm8974_platform: platform_send_audio_calibration: sending audio calibration for snd_device(2) acdb_id(15)
10-25 20:20:41.832   539   585 D ACDB-LOADER: ACDB -> send_audio_cal, acdb_id = 15, path = 0, app id = 0x11130, sample rate = 48000
10-25 20:20:41.832   539   585 D ACDB-LOADER: ACDB -> send_asm_topology
10-25 20:20:41.832   539   585 D ACDB-LOADER: ACDB -> ACDB_CMD_GET_AUDPROC_STREAM_TOPOLOGY_ID
10-25 20:20:41.832   539   585 D ACDB-LOADER: ACDB -> send_adm_topology
10-25 20:20:41.832   539   585 D ACDB-LOADER: ACDB -> ACDB_CMD_GET_AUDPROC_COMMON_TOPOLOGY_ID
10-25 20:20:41.832   539   585 D ACDB-LOADER: ACDB -> send_audtable
10-25 20:20:41.832   539   585 D ACDB-LOADER: ACDB -> ACDB_CMD_GET_AUDPROC_COMMON_TABLE_SIZE
10-25 20:20:41.832   539   585 D ACDB-LOADER: ACDB -> ACDB_CMD_GET_AUDPROC_COMMON_TABLE
10-25 20:20:41.832   539   585 D ACDB-LOADER: ACDB -> AUDIO_SET_AUDPROC_CAL
10-25 20:20:41.832   539   585 D ACDB-LOADER: ACDB -> send_audvoltable
10-25 20:20:41.832   539   585 D ACDB-LOADER: ACDB -> ACDB_CMD_GET_AUDPROC_GAIN_DEP_STEP_TABLE, vol index 0
10-25 20:20:41.832   539   585 D         : Failed to fetch the lookup information of the device 0000000F 
10-25 20:20:41.832   539   585 E ACDB-LOADER: Error: ACDB AudProc vol returned = -19
10-25 20:20:41.832   539   585 D ACDB-LOADER: ACDB -> AUDIO_SET_VOL_CAL cal type = 12
10-25 20:20:41.832   539   585 D ACDB-LOADER: ACDB -> send_audstrmtable
10-25 20:20:41.832   539   585 D ACDB-LOADER: ACDB -> ACDB_CMD_GET_AUDPROC_STREAM_TABLE_V2
10-25 20:20:41.832   539   585 D ACDB-LOADER: ACDB -> audstrm_cal->cal_type.cal_data.cal_size = 16
10-25 20:20:41.832   539   585 D ACDB-LOADER: ACDB -> send_afe_topology
10-25 20:20:41.832   539   585 D ACDB-LOADER: ACDB -> ACDB_CMD_GET_AFE_TOPOLOGY_ID
10-25 20:20:41.832   539   585 D ACDB-LOADER: ACDB -> GET_AFE_TOPOLOGY_ID for adcd_id 15, Topology Id 112fc
10-25 20:20:41.832   539   585 D ACDB-LOADER: ACDB -> send_afe_cal
10-25 20:20:41.832   539   585 D ACDB-LOADER: ACDB -> ACDB_CMD_GET_AFE_COMMON_TABLE
10-25 20:20:41.832   539   585 D         : Failed to fetch the lookup information of the device 0000000F 
10-25 20:20:41.832   539   585 E ACDB-LOADER: Error: ACDB AFE returned = -19
10-25 20:20:41.832   539   585 D ACDB-LOADER: ACDB -> AUDIO_SET_AFE_CAL
10-25 20:20:41.832   539   585 D ACDB-LOADER: ACDB -> send_hw_delay : acdb_id = 15 path = 0
10-25 20:20:41.832   539   585 D ACDB-LOADER: ACDB -> ACDB_AVSYNC_INFO: ACDB_CMD_GET_DEVICE_PROPERTY
10-25 20:20:41.832   539   585 D audio_hw_primary: enable_audio_route: apply mixer and update path: low-latency-playback speaker
10-25 20:20:41.834   539   585 V audio_hw_primary: enable_audio_route: exit
10-25 20:20:41.834   539   585 D audio_hw_primary: select_devices: done
10-25 20:20:41.834   539   585 V audio_hw_primary: start_output_stream: Opening PCM device card_id(0) device_id(13) format(0)
10-25 20:20:41.838   539   585 V msm8974_platform: platform_set_channel_map channel_count:2
10-25 20:20:41.838   539   585 D msm8974_platform: platform_set_channel_map mixer_ctl_name:Playback Channel Map13
10-25 20:20:41.838   539   585 D msm8974_platform: platform_set_channel_map: set mapping(1 2 0 0 0 0 0 0) for channel:2
10-25 20:20:41.838   539   585 V audio_hw_primary: start_output_stream: pcm_prepare
10-25 20:20:41.839 17542 17558 D UE4     : [2019.10.25-11.20.41:838][  0]LogSlate: Updating window title bar state: overlay mode, drag disabled, window buttons hidden, title bar hidden
10-25 20:20:41.839 17542 17558 D UE4     : [2019.10.25-11.20.41:839][  0]LogInit: Display: Game Engine Initialized.
10-25 20:20:41.842 17542 17558 D UE4     : [2019.10.25-11.20.41:841][  0]LogInit: Display: Starting Game.
10-25 20:20:41.842 17542 17558 D UE4     : [2019.10.25-11.20.41:842][  0]LogNet: Browse: /Game/VirtualRealityBP/Maps/UITestMap?Name=Player
10-25 20:20:41.842 17542 17558 D UE4     : [2019.10.25-11.20.41:842][  0]LogHMD: Initializing OVRPlugin session
10-25 20:20:41.842 17542 17558 W DeviceProperties_Android: ovrDeviceProperties::GetDeviceType(): GetDeviceCapabilitiesFlags not initialized.
10-25 20:20:41.842 17542 17558 D OVRPlugin: Initializing VR.
10-25 20:20:41.842 17542 17558 I VrApiLoader: VrApi Loader Version: 1.1.22.0-0-0 Feb  4 2019 14:42:09 
10-25 20:20:41.842 17542 17558 V VrDriver: Loading 32-bit VrDriver.
10-25 20:20:41.843 17542 17558 I VrApi_DriverLoader: *Adding Layer: GoCompatibility
10-25 20:20:41.843 17542 17558 I VrApi_DriverLoader: About to call StartLayer in vrapilayers.GoCompatibility
10-25 20:20:41.843 17542 17558 D GoCompatibility: GoCompatibility StartLayer: Loading libgocompatibility.so
10-25 20:20:41.843 17542 17558 I GoCompatibility: VrApiLayer: GoCompatibility
10-25 20:20:41.843 17542 17558 I VrApiLayers: Initializing VrApiLayer
10-25 20:20:41.843 17542 17558 I VrApi_DriverLoader: VrapiLayer GoCompatibility started
10-25 20:20:41.843 17542 17558 I GoCompatibility: GoCompatibility: vrapi_Initialize_Hooked(1 1 22 0 0x10200)
10-25 20:20:41.843 17542 17558 I VrApi   : ----------- vrapi_Initialize [start] ----------
10-25 20:20:41.844 17542 17558 I VrRuntimeClient: VrRuntimeClient: Init
10-25 20:20:41.844 17542 17558 I DeviceProperties_Android: ovrDeviceProperties::Initialize
10-25 20:20:41.845 17542 17558 I DeviceProperties_Android: Headset Model: 'monterey:SDC:SDINDDH4-128G   '
10-25 20:20:41.846 17542 17558 I DeviceProperties_Android: Device Model: 'monterey'
10-25 20:20:41.846 17542 17558 I DeviceProperties_Android: Device Region: 'US'
10-25 20:20:41.846 17542 17558 I DeviceProperties_Android: GPU Type: 'ADRENO_540'
10-25 20:20:41.847 17542 17558 I DeviceProperties_Android: Num Refresh Rates Supported 2
10-25 20:20:41.847 17542 17558 I DeviceProperties_Android: Refresh Rate (0): 60.000000Hz
10-25 20:20:41.847 17542 17558 I DeviceProperties_Android: Refresh Rate (1): 72.000000Hz
10-25 20:20:41.847 17542 17558 I OSSDK   : CalibrationManager: Using standalone implementation
10-25 20:20:41.849 17542 17558 I DeviceProperties_Android: DisplayParms.ScanoutDirection = 3
10-25 20:20:41.849 17542 17558 I DeviceProperties_Android: DisplayParms.ShutterType = 0
10-25 20:20:41.849 17542 17558 I DeviceProperties_Android: DisplayParms.timing = 0.500000 1.000000
10-25 20:20:41.849 17542 17558 I DeviceProperties_Android: DisplayParms.prediction = (1.000000 1.500000) (1.500000 2.000000)
10-25 20:20:41.850 17542 17558 I DeviceProperties_Android: getDisplayDimensions returned: 2880, 1600
10-25 20:20:41.850 17542 17558 I DeviceProperties_Android: ovrDeviceProperties: OVR_DEVICE_CAPABILITY_POSITIONAL_TRACKING_BIT
10-25 20:20:41.850 17542 17558 I DeviceProperties_Android: ovrDeviceProperties: OVR_DEVICE_CAPABILITY_MULTIVIEW_BIT
10-25 20:20:41.850 17542 17558 I DeviceProperties_Android: ovrDeviceProperties: OVR_DEVICE_CAPABILITY_PROTECTED_CONTENT_BIT
10-25 20:20:41.850 17542 17558 I DeviceProperties_Android: ovrDeviceProperties: OVR_DEVICE_CAPABILITY_SRGB_SCANOUT_SUPPORT_BIT
10-25 20:20:41.850 17542 17558 I DeviceProperties_Android: ovrDeviceProperties: OVR_DEVICE_CAPABILITY_DYNAMIC_DISPLAY_REFRESH_RATE_BIT
10-25 20:20:41.850 17542 17558 I DeviceProperties_Android: ovrDeviceProperties: OVR_DEVICE_CAPABILITY_MEMORY_EXPORT_BIT
10-25 20:20:41.850 17542 17558 I DeviceProperties_Android: ovrDeviceProperties: OVR_DEVICE_CAPABILITY_FIXED_FOVEATED_RENDERING_BIT
10-25 20:20:41.850 17542 17558 I VrRuntimeClient: RuntimeService Enabled
10-25 20:20:41.851 17542 17558 I RuntimeHelpers: ShouldEnableOOPComposition: oopc_enabled_prop = -1
10-25 20:20:41.851 17542 17558 I RuntimeHelpers: ShouldEnableOOPComposition: enabled 1
10-25 20:20:41.851 17542 17558 I RuntimeHelpers: IsOopCompositionEnabled: enabled
10-25 20:20:41.851 17542 17558 I RuntimeHelpers: OOP_INPUT: oopi_enabled_prop = 1
10-25 20:20:41.851 17542 17558 I AudioCapture: AudioCapture::Init
10-25 20:20:41.851 17542 17558 I AudioCapture: AudioCapture::Init -> Initializing audio capture using direct OS Callbacks
10-25 20:20:41.852 17542 17558 I AudioCapture: AudioCapture::Init COMPLETE
10-25 20:20:41.859   539   585 E audio_hw_extn: audio_extn_perf_lock_release: Perf lock release error 
10-25 20:20:41.859   539   585 D audio_hw_primary: start_output_stream: exit
10-25 20:20:41.867 17542 17558 I VrRuntimeClient: InsideFlailLockoutGKorSysProp true
10-25 20:20:41.867 17542 17558 I VrRuntimeClient: Flail Lockout Hand: 'combined'
10-25 20:20:41.867 17542 17558 I VrRuntimeClient: Flail Lockout Slow Test: '50'  Change '0.05'
10-25 20:20:41.867 17542 17558 I VrRuntimeClient: Flail Lockout Fast Test: '100'  Change '0.1'
10-25 20:20:41.867 17542 17558 I VrRuntimeClient: Flail Lockout Menu button: 1
10-25 20:20:41.868 17542 17558 D VrRuntimeClient: VrRuntimeClient: initialize. inContext: com.epicgames.ue4.GameActivity@b0f55ef
10-25 20:20:41.869  2183  2183 D VrRuntimeService: onStartCommand
10-25 20:20:41.870 17542 17558 I VrApi   : IsFocusAware: 0
10-25 20:20:41.871 17542 17558 I Breakpad: Breakpad Init
10-25 20:20:41.875 17542 17558 I Breakpad: Mobile Breakpad GK is disabled
10-25 20:20:41.875 17542 17558 I Breakpad: Breakpad for Native crashes disabled
10-25 20:20:41.876 17542 17558 D SystemActivitiesReceiver: Registering Oculus System Activity receiver
10-25 20:20:41.884 17542 17558 I SystemUtils_Internal: ShellSystemUtilsAnytimeUICapability: 2
10-25 20:20:41.884 17542 17558 D VrRuntimeClient: connectToService
10-25 20:20:41.884 17542 17558 D VrRuntimeClient: VrRuntimeClient: creating new service
10-25 20:20:41.885  2183  2183 D VrRuntimeService: onStartCommand
10-25 20:20:41.886 17542 17558 D VrRuntimeClient: VrRuntimeClient: Waiting on connection...
10-25 20:20:41.887 17542 17625 D VrRuntimeClient: VrRuntimeClient: Service connected.
10-25 20:20:41.887  2183  2202 I ClientMgr: ClientMgr::CreateClient: 17542:com.YourCompany.LastResisters
10-25 20:20:41.887  2183  2202 I SharedMemoryServer: SharedMemoryServer::MapMemory: Allocated shared memory fd 54 (VrRuntimeService_PrivateReadWrite_com.YourCompany.LastResisters)
10-25 20:20:41.888  2183  2202 W Vulkan_Utils: Memory type 24 with properties 10 not found.
10-25 20:20:41.888  2183  2202 I BufferObject: ovrBufferObjectFactory::Initialize BufferSize=4096, Fd=56, AllocSize=9568, VkBuffer=0x7f88786300, VkMemory=0x7f875d3500, Mapping=0x7f9c302000
10-25 20:20:41.888  2183  2202 I GuardianSystem: SetCurrentPackageName: com.YourCompany.LastResisters
10-25 20:20:41.889  2183  2200 D VrRuntimeService: IVrRuntimeClient.Stub().getSharedMemoryFileDescriptor()
10-25 20:20:41.889  2183  2200 I VrRuntimeService: SharedMemoryDebug: nativeGetSharedMemoryPublicReadOnlyFd: 35
10-25 20:20:41.889  2183  2200 D VrRuntimeService: getSharedMemoryFileDescriptor fd (VrRuntimeService) 35
10-25 20:20:41.889  2183  2372 D VrRuntimeService: IVrRuntimeClient.Stub().getSharedMemoryPrivateReadWriteFileDescriptor()
10-25 20:20:41.889  2183  2372 I VrRuntimeService: SharedMemoryDebug: nativeGetSharedMemoryPrivateReadWriteFd: 54
10-25 20:20:41.889  2183  2372 D VrRuntimeService: getSharedMemoryPrivateReadWriteFileDescriptor fd (VrRuntimeService) 54
10-25 20:20:41.889  2183  2202 D VrRuntimeService: IVrRuntimeClient.Stub().getBufferObjectImportInfo()
10-25 20:20:41.890 17542 17625 I VrRuntimeClient: nativeRuntimeServiceConnected: publicReadOnlyFd=79, privateReadWriteFd=80, bufferObjectFd=81
10-25 20:20:41.890 17542 17558 D VrRuntimeClient: VrRuntimeClient: connectionIsReady: true
10-25 20:20:41.891 17542 17558 D VrRuntimeClient: VrRuntimeClient: context.bindService SUCCESS
10-25 20:20:41.891 17542 17558 I Distortion: SetLensPositions - iad=0.0635, left offset=-0.002986,-0.00272, right offset=0.002986,-0.00272
10-25 20:20:41.891 17542 17558 I Distortion: SetLensPositions - iad=0.0635, left offset=-0.002986,-0.00272, right offset=0.002986,-0.00272
10-25 20:20:41.891 17542 17558 I OSSDK   : CalibrationManager: Using standalone implementation
10-25 20:20:41.895 17542 17558 I Distortion: Loaded distortion file from Calibration Manager
10-25 20:20:41.895 17542 17558 I Distortion: ovrDistortionMeshHeader::magic = 0x56347807
10-25 20:20:41.895 17542 17558 I Distortion: ovrDistortionMeshHeader::deviceModel = 0x101
10-25 20:20:41.895 17542 17558 I Distortion: ovrDistortionMeshHeader::headsetModel = 0x103
10-25 20:20:41.895 17542 17558 I Distortion: ovrDistortionMeshHeader::eyeBlocksWide = 32
10-25 20:20:41.895 17542 17558 I Distortion: ovrDistortionMeshHeader::eyeBlocksHigh = 32
10-25 20:20:41.895 17542 17558 I Distortion: ovrDistortionMeshHeader::lensSeparationMeters = 0.053428
10-25 20:20:41.895 17542 17558 I Distortion: ovrDistortionMeshHeader::horizontalOffsetMeters = 0.000000
10-25 20:20:41.896 17542 17558 I Distortion: ovrDistortionMeshHeader::displayWidthMeters = 0.118800
10-25 20:20:41.896 17542 17558 I Distortion: ovrDistortionMeshHeader::displayHeightMeters = 0.066000
10-25 20:20:41.896 17542 17558 I Distortion: ovrDistortionMeshHeader::displayWidthPixels = 2880
10-25 20:20:41.896 17542 17558 I Distortion: ovrDistortionMeshHeader::displayHeightPixels = 1600
10-25 20:20:41.896 17542 17558 I Distortion: ovrDistortionMeshHeader::eyeTextureWidthPixels = 1216
10-25 20:20:41.896 17542 17558 I Distortion: ovrDistortionMeshHeader::eyeTextureHeightPixels = 1344
10-25 20:20:41.896 17542 17558 I Distortion: ovrDistortionMeshHeader::leftEye = up 47.000000 / down 53.000000 / left 52.000000 / right 42.000000
10-25 20:20:41.896 17542 17558 I Distortion: ovrDistortionMeshHeader::rightEye = up 47.000000 / down 53.000000 / left 42.000000 / right 52.000000
10-25 20:20:41.896 17542 17558 I TrackingServiceClient: initialize
10-25 20:20:41.896 17542 17558 D TrackingServiceClient: onInitialize
10-25 20:20:41.898 17542 17558 I InputHooks: InitializeInputHooks
10-25 20:20:41.898 17542 17558 I InputHooks: InitializeInputHooks create
10-25 20:20:41.898 17542 17558 I InputHooks: InitializeInputHookscreated calling init
10-25 20:20:41.898 17542 17558 I InputHooks_Internal: SetReorientHMDOnControllerRecenter = false
10-25 20:20:41.899 17542 17558 I InputHooks_Internal: SetBlockRemoteButtonsWhenNotEmulatingHMT = true
10-25 20:20:41.899 17542 17558 I InputHooks_Internal: SetLatchBackButtonEntireFrame = true
10-25 20:20:41.899 17542 17558 D VrRuntimeClient: getClient6dofEntitlementMode for com.YourCompany.LastResisters
10-25 20:20:41.905  2030  2235 W PublicLibraryProvider: Cannot find entitlement for com.YourCompany.LastResisters
10-25 20:20:41.905 17542 17558 I VrApi   : ----------- vrapi_Initialize [end] ----------
10-25 20:20:41.905 17542 17558 I GoCompatibility: Determining Emulation mode for com.YourCompany.LastResisters
10-25 20:20:41.905 17542 17558 I GoCompatibility: enitlement mode unkown so checking manifest for Go Compatibility
10-25 20:20:41.905 17542 17558 D GoCompatibility: PackageName: com.YourCompany.LastResisters
10-25 20:20:41.907 17542 17558 I GoCompatibility: headtracking feature in manifest, GoCompatibility disabled.
10-25 20:20:41.907 17542 17558 I VrIntegrationLoader: VrIntegration Loader Version  1.1.22.0-0-0 Feb  4 2019 14:42:09 
10-25 20:20:41.908 17542 17558 W System.err: java.lang.ClassNotFoundException: com.oculus.systemdriver.VrIntegrationLoader
10-25 20:20:41.908 17542 17558 W System.err: 	at java.lang.Class.classForName(Native Method)
10-25 20:20:41.909 17542 17558 W System.err: 	at java.lang.Class.forName(Class.java:400)
10-25 20:20:41.909 17542 17558 W System.err: Caused by: java.lang.ClassNotFoundException: Didn't find class "com.oculus.systemdriver.VrIntegrationLoader" on path: DexPathList[[zip file "/system/priv-app/VrDriver/VrDriver.apk"],nativeLibraryDirectories=[/system/priv-app/VrDriver/lib/arm, /system/priv-app/VrDriver/VrDriver.apk!/lib/armeabi-v7a, /system/lib, /vendor/lib, /system/lib, /vendor/lib]]
10-25 20:20:41.909 17542 17558 W System.err: 	at dalvik.system.BaseDexClassLoader.findClass(BaseDexClassLoader.java:56)
10-25 20:20:41.909 17542 17558 W System.err: 	at java.lang.ClassLoader.loadClass(ClassLoader.java:380)
10-25 20:20:41.909 17542 17558 W System.err: 	at java.lang.ClassLoader.loadClass(ClassLoader.java:312)
10-25 20:20:41.909 17542 17558 W System.err: 	... 2 more
10-25 20:20:41.909 17542 17558 W VrIntegrationLoader: vrintegration_Initialize: Required Component vrIntegration module are not installed.
10-25 20:20:41.909 17542 17558 E OVRPlugin: vrintegration initialized failed with code -1
10-25 20:20:41.909 17542 17558 D OVRPlugin: Mode Parms CpuLevel 2 GpuLevel 2
10-25 20:20:41.911 17542 17558 I OVRPlugin: OSSDK::VrDevice::v2::createVrDeviceManager() succeed
10-25 20:20:41.912 17542 17558 D UE4     : [2019.10.25-11.20.41:911][  0]LogHMD: OculusHMD plugin supports multiview!
10-25 20:20:41.912 17542 17558 D OVRPlugin: GL_EXTENSIONS:
10-25 20:20:41.912 17542 17558 D OVRPlugin: GL_OES_EGL_image
10-25 20:20:41.912 17542 17558 D OVRPlugin: GL_OES_EGL_image_external
10-25 20:20:41.912 17542 17558 D OVRPlugin: GL_OES_EGL_sync
10-25 20:20:41.912 17542 17558 D OVRPlugin: GL_OES_vertex_half_float
10-25 20:20:41.912 17542 17558 D OVRPlugin: GL_OES_framebuffer_object
10-25 20:20:41.912 17542 17558 D OVRPlugin: GL_OES_rgb8_rgba8
10-25 20:20:41.912 17542 17558 D OVRPlugin: GL_OES_compressed_ETC1_RGB8_texture
10-25 20:20:41.912 17542 17558 D OVRPlugin: GL_AMD_compressed_ATC_texture
10-25 20:20:41.912 17542 17558 D OVRPlugin: GL_KHR_texture_compression_astc_ldr
10-25 20:20:41.912 17542 17558 D OVRPlugin: GL_KHR_texture_compression_astc_hdr
10-25 20:20:41.912 17542 17558 D OVRPlugin: GL_OES_texture_compression_astc
10-25 20:20:41.912 17542 17558 D OVRPlugin: GL_OES_texture_npot
10-25 20:20:41.912 17542 17558 D OVRPlugin: GL_EXT_texture_filter_anisotropic
10-25 20:20:41.912 17542 17558 D OVRPlugin: GL_EXT_texture_format_BGRA8888
10-25 20:20:41.912 17542 17558 D OVRPlugin: GL_EXT_read_format_bgra
10-25 20:20:41.912 17542 17558 D OVRPlugin: GL_OES_texture_3D
10-25 20:20:41.912 17542 17558 D OVRPlugin: GL_EXT_color_buffer_float
10-25 20:20:41.912 17542 17558 D OVRPlugin: GL_EXT_color_buffer_half_float
10-25 20:20:41.912 17542 17558 D OVRPlugin: GL_QCOM_alpha_test
10-25 20:20:41.912 17542 17558 D OVRPlugin: GL_OES_depth24
10-25 20:20:41.913 17542 17558 D OVRPlugin: GL_OES_packed_depth_stencil
10-25 20:20:41.913 17542 17558 D OVRPlugin: GL_OES_depth_texture
10-25 20:20:41.913 17542 17558 D OVRPlugin: GL_OES_depth_texture_cube_map
10-25 20:20:41.913 17542 17558 D OVRPlugin: GL_EXT_sRGB
10-25 20:20:41.913 17542 17558 D OVRPlugin: GL_OES_texture_float
10-25 20:20:41.913 17542 17558 D OVRPlugin: GL_OES_texture_float_linear
10-25 20:20:41.913 17542 17558 D OVRPlugin: GL_OES_texture_half_float
10-25 20:20:41.913 17542 17558 D OVRPlugin: GL_OES_texture_half_float_linear
10-25 20:20:41.913 17542 17558 D OVRPlugin: GL_EXT_texture_type_2_10_10_10_REV
10-25 20:20:41.913 17542 17558 D OVRPlugin: GL_EXT_texture_sRGB_decode
10-25 20:20:41.913 17542 17558 D OVRPlugin: GL_EXT_texture_format_sRGB_override
10-25 20:20:41.913 17542 17558 D OVRPlugin: GL_OES_element_index_uint
10-25 20:20:41.913 17542 17558 D OVRPlugin: GL_EXT_copy_image
10-25 20:20:41.913 17542 17558 D OVRPlugin: GL_EXT_geometry_shader
10-25 20:20:41.913 17542 17558 D OVRPlugin: GL_EXT_tessellation_shader
10-25 20:20:41.913 17542 17558 D OVRPlugin: GL_OES_texture_stencil8
10-25 20:20:41.913 17542 17558 D OVRPlugin: GL_EXT_shader_io_blocks
10-25 20:20:41.913 17542 17558 D OVRPlugin: GL_OES_shader_image_atomic
10-25 20:20:41.913 17542 17558 D OVRPlugin: GL_OES_sample_variables
10-25 20:20:41.913 17542 17558 D OVRPlugin: GL_EXT_texture_border_clamp
10-25 20:20:41.913 17542 17558 D OVRPlugin: GL_EXT_EGL_image_external_wrap_modes
10-25 20:20:41.913 17542 17558 D OVRPlugin: GL_EXT_multisampled_render_to_texture
10-25 20:20:41.913 17542 17558 D OVRPlugin: GL_EXT_multisampled_render_to_texture2
10-25 20:20:41.913 17542 17558 D OVRPlugin: GL_OES_shader_multisample_interpolation
10-25 20:20:41.913 17542 17558 D OVRPlugin: GL_EXT_texture_cube_map_array
10-25 20:20:41.913 17542 17558 D OVRPlugin: GL_EXT_draw_buffers_indexed
10-25 20:20:41.913 17542 17558 D OVRPlugin: GL_EXT_gpu_shader5
10-25 20:20:41.913 17542 17558 D OVRPlugin: GL_EXT_robustness
10-25 20:20:41.913 17542 17558 D OVRPlugin: GL_EXT_texture_buffer
10-25 20:20:41.913 17542 17558 D OVRPlugin: GL_EXT_shader_framebuffer_fetch
10-25 20:20:41.913 17542 17558 D OVRPlugin: GL_ARM_shader_framebuffer_fetch_depth_stencil
10-25 20:20:41.913 17542 17558 D OVRPlugin: GL_OES_texture_storage_multisample_2d_array
10-25 20:20:41.914 17542 17558 D OVRPlugin: GL_OES_sample_shading
10-25 20:20:41.914 17542 17558 D OVRPlugin: GL_OES_get_program_binary
10-25 20:20:41.914 17542 17558 D OVRPlugin: GL_EXT_debug_label
10-25 20:20:41.914 17542 17558 D OVRPlugin: GL_KHR_blend_equation_advanced
10-25 20:20:41.914 17542 17558 D OVRPlugin: GL_KHR_blend_equation_advanced_coherent
10-25 20:20:41.914 17542 17558 D OVRPlugin: GL_QCOM_tiled_rendering
10-25 20:20:41.914 17542 17558 D OVRPlugin: GL_ANDROID_extension_pack_es31a
10-25 20:20:41.914 17542 17558 D OVRPlugin: GL_EXT_primitive_bounding_box
10-25 20:20:41.914 17542 17558 D OVRPlugin: GL_OES_standard_derivatives
10-25 20:20:41.914 17542 17558 D OVRPlugin: GL_OES_vertex_array_object
10-25 20:20:41.914 17542 17558 D OVRPlugin: GL_EXT_disjoint_timer_query
10-25 20:20:41.914 17542 17558 D OVRPlugin: GL_KHR_debug
10-25 20:20:41.914 17542 17558 D OVRPlugin: GL_EXT_YUV_target
10-25 20:20:41.914 17542 17558 D OVRPlugin: GL_EXT_sRGB_write_control
10-25 20:20:41.914 17542 17558 D OVRPlugin: GL_EXT_texture_norm16
10-25 20:20:41.914 17542 17558 D OVRPlugin: GL_EXT_discard_framebuffer
10-25 20:20:41.914 17542 17558 D OVRPlugin: GL_OES_surfaceless_context
10-25 20:20:41.914 17542 17558 D OVRPlugin: GL_OVR_multiview
10-25 20:20:41.914 17542 17558 D OVRPlugin: GL_OVR_multiview2
10-25 20:20:41.914 17542 17558 D OVRPlugin: GL_EXT_texture_sRGB_R8
10-25 20:20:41.914 17542 17558 D OVRPlugin: GL_KHR_no_error
10-25 20:20:41.914 17542 17558 D OVRPlugin: GL_EXT_debug_marker
10-25 20:20:41.914 17542 17558 D OVRPlugin: GL_OES_EGL_image_external_essl3
10-25 20:20:41.914 17542 17558 D OVRPlugin: GL_OVR_multiview_multisampled_render_to_texture
10-25 20:20:41.914 17542 17558 D OVRPlugin: GL_EXT_buffer_storage
10-25 20:20:41.914 17542 17558 D OVRPlugin: GL_EXT_external_buffer
10-25 20:20:41.914 17542 17558 D OVRPlugin: GL_EXT_blit_framebuffer_params
10-25 20:20:41.914 17542 17558 D OVRPlugin: GL_EXT_clip_cull_distance
10-25 20:20:41.914 17542 17558 D OVRPlugin: GL_EXT_protected_textures
10-25 20:20:41.914 17542 17558 D OVRPlugin: GL_EXT_shader_non_constant_global_initializers
10-25 20:20:41.914 17542 17558 D OVRPlugin: GL_QCOM_texture_foveated
10-25 20:20:41.914 17542 17558 D OVRPlugin: GL_QCOM_shader_framebuffer_fetch_noncoherent
10-25 20:20:41.914 17542 17558 D OVRPlugin: GL_QCOM_shader_framebuffer_fetch_rate
10-25 20:20:41.914 17542 17558 D OVRPlugin: GL_EXT_memory_object
10-25 20:20:41.915 17542 17558 D OVRPlugin: GL_EXT_memory_object_fd
10-25 20:20:41.915 17542 17558 D OVRPlugin: GL_EXT_EGL_image_array
10-25 20:20:41.915 17542 17558 D OVRPlugin: GL_NV_shader_noperspective_interpolation
10-25 20:20:41.915 17542 17558 D OVRPlugin: GL_KHR_robust_buffer_access_behavior
10-25 20:20:41.915 17542 17558 D OVRPlugin: GL_EXT_EGL_image_storage
10-25 20:20:41.915 17542 17558 D OVRPlugin: GL_EXT_blend_func_extended
10-25 20:20:41.915 17542 17558 D OVRPlugin: GL_EXT_clip_control
10-25 20:20:41.915 17542 17558 D OVRPlugin: GL_OES_texture_view
10-25 20:20:41.915 17542 17558 D OVRPlugin: GL_EXT_fragment_invocation_density
10-25 20:20:41.915 17542 17558 D OVRPlugin: GL_QCOM_YUV_texture_gather
10-25 20:20:41.915 17542 17558 D OVRPlugin: es3 = TRUE
10-25 20:20:41.915 17542 17558 D OVRPlugin: Found: GL_EXT_discard_framebuffer
10-25 20:20:41.915 17542 17558 D OVRPlugin: Found: GL_EXT_multisampled_render_to_texture
10-25 20:20:41.915 17542 17558 D OVRPlugin: Found: GL_OES_vertex_array_object
10-25 20:20:41.915 17542 17558 D OVRPlugin: Found: GL_QCOM_tiled_rendering
10-25 20:20:41.916 17542 17558 D OVRPlugin: Found: GL_EXT_disjoint_timer_query
10-25 20:20:41.917 17542 17558 D OVRPlugin: Found: GL_EXT_texture_sRGB_decode
10-25 20:20:41.917 17542 17558 D OVRPlugin: Found: GL_EXT_texture_filter_anisotropic
10-25 20:20:41.917 17542 17558 D OVRPlugin: GL_MAX_TEXTURE_SIZE = 16384
10-25 20:20:41.917 17542 17558 D OVRPlugin: GL_MAX_VERTEX_UNIFORM_VECTORS = 256
10-25 20:20:41.917 17542 17558 D OVRPlugin: GL_MAX_FRAGMENT_UNIFORM_VECTORS = 256
10-25 20:20:41.917 17542 17558 D OVRPlugin: Found: GL_EXT_texture_border_clamp
10-25 20:20:41.917 17542 17558 D OVRPlugin: Finished setting up render thread.
10-25 20:20:41.917 17542 17558 D OVRPlugin: Entering VR mode.
10-25 20:20:41.917 17542 17558 I VrApi   : ---------- vrapi_EnterVrMode [start] ----------
10-25 20:20:41.919 17542 17558 I InputHooks_Internal: Enabling Native Input Hooks
10-25 20:20:41.920 17542 17558 I VrRuntimeClient: Tracing is disabled
10-25 20:20:41.922 17542 17558 D VrApi   : targetSDKVersion 19
10-25 20:20:41.925 17542 17558 I VrRuntimeClient: DEVICE MODEL NUMBER = Quest
10-25 20:20:41.925 17542 17558 I VrRuntimeClient: DEVICE HARDWARE = monterey
10-25 20:20:41.925 17542 17558 I VrRuntimeClient: DEVICE BUILD NAME = user-396520.6170.0
10-25 20:20:41.925 17542 17558 I VrRuntimeClient: DEVICE BUILD TYPE = user
10-25 20:20:41.925 17542 17558 I VrRuntimeClient: DEVICE OS VERSION = 7.1.1
10-25 20:20:41.925 17542 17558 I VrRuntimeClient: VRRUNTIME VERSION = VRAPI_VERSION_BEGIN { 1.1.27.0-178455920-178455920 Oct 17 2019 20:40:08 Development } RELEASE
10-25 20:20:41.925 17542 17558 I VrRuntimeClient: API LOADER VERSION = 1.1.22.0
10-25 20:20:41.925 17542 17558 I VrRuntimeClient: VRDRIVER VERSION = 10.0.0.143.427
10-25 20:20:41.925 17542 17558 I VrRuntimeClient: APP NAME = LastResisters
10-25 20:20:41.925 17542 17558 I VrRuntimeClient: APP VERSION = 1.0 versionCode 1 internalVersionName <none>
10-25 20:20:41.925 17542 17558 I VrRuntimeClient: APP VR TYPE = vr_only
