10-23 09:37:50.326  3078  3099 I RCTVR_Shutdown: Initiated webserver shutdown
10-23 09:37:50.326  3078  3099 I RCTVR_Shutdown: StreamingManagerService shutted down
10-23 09:37:50.326  3078  3099 I RCTVR_Shutdown: Webby shutted down
10-23 09:37:50.327  3078  3099 I RCTVR_Shutdown: AppState went background
10-23 09:37:50.327  3078  3099 I RCTVR_Shutdown: Headset status changed
10-23 09:37:50.327  2078  2178 W Sensor  : bad interpupillary distance: 0.059600, returning 0.068750
10-23 09:37:50.328  1843  1914 I [OAR] ShellApp: HomePanelAppIndex: 1 - com.oculus.vrshell.home.LibraryService
10-23 09:37:50.328  1843  1914 I [OAR] ShellApp: Existing BundleConfiguration has not been passed to this panel
10-23 09:37:50.328  1843  1914 I [OAR] PanelAppHost: PanelAppHost( com.oculus.vrshell.home/com.oculus.vrshell.home.LibraryService ) for PanelId 3
10-23 09:37:50.328  1843  1914 I [OAR] PanelAppHost: Panel app 3 (com.oculus.vrshell.home/com.oculus.vrshell.home.LibraryService) changing state from startup to foreground
10-23 09:37:50.328  3078  3116 V RCTVR_HERMES: [log]: 'Home', 'HomeGraphQueryUtils: fetching https://graph.oculus.com/graphql?forced_locale=ja_JP&q=viewer()%7Buser%7Bdevice_preferences.device_id(%3Cdevice_id%3E)%7Bsessions_in_vr%7D%7D%7D&query_params=%7B%22device_id%22%3A%22be0fd68d00cfd792%22%7D'
10-23 09:37:50.328  3078  3116 V RCTVR_HERMES: [log]: 'Home', 'SessionsInVR: Failed to fetch.'
10-23 09:37:50.331  1843  1914 I [OAR] PanelAppHost: adding environment string uri
10-23 09:37:50.331  1843  1914 I [OAR] PanelAppHost: adding environment string /library?newDeeplink=1
10-23 09:37:50.331  1843  1914 I [OAR] PanelAppHost: adding environment string _oc_launch_timestamp
10-23 09:37:50.331  1843  1914 I [OAR] PanelAppHost: adding environment string 756267
10-23 09:37:50.331  1843  1914 I [OAR] PanelAppHost: adding environment string _oc_device_region
10-23 09:37:50.331  1843  1914 I [OAR] PanelAppHost: adding environment string 0
10-23 09:37:50.331  1843  1914 I [OAR] PanelAppHost: adding environment string _oc_device_type
10-23 09:37:50.331  1843  1914 I [OAR] PanelAppHost: adding environment string 259
10-23 09:37:50.331  1843  1914 I [OAR] PanelAppHost: adding environment string _oc_headset_type
10-23 09:37:50.332  1843  1914 I [OAR] PanelAppHost: adding environment string 256
10-23 09:37:50.332  1843  1914 I [OAR] PanelAppHost: adding environment string _oc_analytics_session_id
10-23 09:37:50.332  1843  1914 I [OAR] PanelAppHost: adding environment string 0cbf85aa-1676-490c-bc19-c9da31ea20cc
10-23 09:37:50.332  1843  1914 I [OAR] PanelAppHost: adding environment string _oc_userid
10-23 09:37:50.332  1843  1914 I [OAR] PanelAppHost: adding environment string 100526290914264
10-23 09:37:50.332  1843  1914 I [OAR] PanelAppHost: adding environment string _oc_enterprise_mode
10-23 09:37:50.332  1843  1914 I [OAR] PanelAppHost: adding environment string false
10-23 09:37:50.332  1843  1914 I [OAR] PanelAppHost: adding environment string _oc_shell_version_name
10-23 09:37:50.332  1843  1914 I [OAR] PanelAppHost: adding environment string 9.0.0.170.450
10-23 09:37:50.332  1843  1914 I [OAR] PanelAppHost: adding environment string _oc_shell_version_code
10-23 09:37:50.332  1843  1914 I [OAR] PanelAppHost: adding environment string 174321109
10-23 09:37:50.332  1843  1914 I [OAR] PanelAppHost: adding environment string _oc_shell_permissions
10-23 09:37:50.332  1843  1914 I [OAR] PanelAppHost: adding environment string permissionsGranted write_storage microphone
10-23 09:37:50.332  1843  1914 I [OAR] PanelAppHost: adding environment string _oc_shell_automation_enabled
10-23 09:37:50.332  1843  1914 I [OAR] PanelAppHost: adding environment string false
10-23 09:37:50.332  1843  1914 I [OAR] PanelAppHost: adding environment string _oc_shell_feature_sets
10-23 09:37:50.332  1843  1914 I [OAR] PanelAppHost: adding environment string multi-layer-v1,mirror-avatar-v1,system-ux-routes-v1,deeplink-nav-v1,secure-layers-v1
10-23 09:37:50.332  1843  1914 I [OAR] PanelAppHost: adding environment string _oc_gk:oculus_vrshell_core_anytime_ui
10-23 09:37:50.332  1843  1914 I [OAR] PanelAppHost: adding environment string true
10-23 09:37:50.332  1843  1914 I [OAR] PanelAppHost: adding environment string _oc_gk:oculus_mobile_sysux_unified_dialogs_v9
10-23 09:37:50.332  1843  1914 I [OAR] PanelAppHost: adding environment string true
10-23 09:37:50.332  1843  1914 I [OAR] PanelAppHost: adding environment string _oc_gk:oculus_mobile_home_panel_services
10-23 09:37:50.332  1843  1914 I [OAR] PanelAppHost: adding environment string true
10-23 09:37:50.332  1843  1914 I [OAR] PanelAppHost: adding environment string _oc_gk:oculus_mobile_go_environments_picker_migration
10-23 09:37:50.332  1843  1914 I [OAR] PanelAppHost: adding environment string true
10-23 09:37:50.332  1843  1914 I [OAR] PanelAppHost: adding environment string _oc_shell_panel_app_index
10-23 09:37:50.332  1843  1914 I [OAR] PanelAppHost: adding environment string 1
10-23 09:37:50.332  1843  1914 I [OAR] PanelAppHost: Calling sendPanelLaunchIntent for panel app com.oculus.vrshell.home/com.oculus.vrshell.home.LibraryService
10-23 09:37:50.332  1843  1914 D [OAR] ShellApplication: sendApkPanelLaunchIntent: packageName=com.oculus.vrshell.home, serviceClassName=com.oculus.vrshell.home.LibraryService
10-23 09:37:50.333  1843  1914 D [OAR] ShellApplication: bindService Intent { cmp=com.oculus.vrshell.home/.LibraryService }
10-23 09:37:50.337  2078  3334 W Sensor  : bad interpupillary distance: 0.059600, returning 0.068750
10-23 09:37:50.341  1774  1774 I VRLifecycleSessionManager: Stored session info.
10-23 09:37:50.342  2078  2178 W Sensor  : bad interpupillary distance: 0.059600, returning 0.068750
10-23 09:37:50.351  2078  3334 W Sensor  : bad interpupillary distance: 0.059600, returning 0.068750
10-23 09:37:50.355  2078  2178 W Sensor  : bad interpupillary distance: 0.059600, returning 0.068750
10-23 09:37:50.361  1105  1492 I ActivityManager: Start proc 4053:com.oculus.vrshell.home:library/u0a47 for service com.oculus.vrshell.home/.LibraryService
10-23 09:37:50.362  1843  1914 I InputHooks_Internal: SetInhibitHandleBackButtonLongPress = false
10-23 09:37:50.362  2078  2091 I GazeTimer: (756.3524) CancelTimer
10-23 09:37:50.362  1843  1914 I ScreenCaptureHelper: SetScreenCaptureInhibitFlag : enabled
10-23 09:37:50.363  2078  2090 I ScreenCaptureBase: GlobalInhibitState=0
10-23 09:37:50.363  1843  1914 D VRProviderHelper: Could not find provider
10-23 09:37:50.363  1843  1914 I [OAR] PlatformManager: Resuming live stream
10-23 09:37:50.365  2078  3334 W Sensor  : bad interpupillary distance: 0.059600, returning 0.068750
10-23 09:37:50.366  1920  1920 I [OAR] AnytimeUIAndroidPanelApp: updateActiveComponent - systemux://library, returnComponent = 
10-23 09:37:50.369  2078  2178 W Sensor  : bad interpupillary distance: 0.059600, returning 0.068750
10-23 09:37:50.370   706  2934 I [CT]    : L:Behavior:AtRest: activated
10-23 09:37:50.371   706  2934 I [CT]    : AdHocPatch: [Left] t = 208.555s, behavior transition: None -> AtRest at 208.604s
10-23 09:37:50.373  2078  2179 I VrRuntimeService: nativeDestroyTextureSwapChain 126
10-23 09:37:50.373  1843  1914 W Sensor  : bad interpupillary distance: 0.059600, returning 0.068750
10-23 09:37:50.375  1843  1914 W Sensor  : bad interpupillary distance: 0.059600, returning 0.068750
10-23 09:37:50.379  2078  3329 I GuardianRenderLayer: GuardianRenderLayer: Rendering status changed: false
10-23 09:37:50.382  1843  4014 I VrApi   : FPS=71,Prd=46ms,Tear=0,Early=69,Stale=2,VSnc=1,Lat=1,Fov=0,CPU4/GPU=3/4,1958/670MHz,OC=FF,TA=0/E0/0,SP=N/F/N,Mem=1804MHz,Free=1802MB,PSM=0,PLS=0,Temp=26.0C/0.0C,TW=3.24ms,App=4.33ms,GD=0.00ms,CPU&GPU=7.64ms,LCnt=3,GPU%=0.55,CPU%=0.14(W0.23)
10-23 09:37:50.384  2078  2178 W Sensor  : bad interpupillary distance: 0.059600, returning 0.068750
10-23 09:37:50.386  1843  1914 I [OAR] PlatformManager: isLiveStreaming response:  0
10-23 09:37:50.388  1843  1914 W Sensor  : bad interpupillary distance: 0.059600, returning 0.068750
10-23 09:37:50.390  1843  1843 D [OAR] ShellControlBroadcastReceiver: onReceive with sAppPtr 3944714872 and action com.oculus.systemactivities.LOCAL_STREAM_STATE_UPDATE
10-23 09:37:50.390   706  3315 I [CT]    : Viper:Map_Manager: State: TRACKING_PERSISTENT, UUID=5c9cda66-709e-4775-93a8-ccba5cac6ad4, Num. Persistent maps = 5,  Persistent maps:5c9cda66-709e-4775-93a8-ccba5cac6ad4,6deead67-4213-4151-aaf8-63de2ae4c2a9,bb643b67-d579-4064-a1be-6f4d6ffd2343,1b72d92f-36d9-41ed-adbe-ef72f675dcde,f2dc65c9-768c-460e-b605-3476a2ce509c,, Ser. Disabled = 00000000-0000-0000-0000-000000000000
10-23 09:37:50.390  1843  2240 I OVRPlatform: [QueueAsyncResponseHandler] success: {"livestreaming_enabled":false,"is_paused":false,"livestreaming_type":0,"comments_visible":false,"mic_enabled":true}
10-23 09:37:50.393  2078  3329 I TimeWarp: UpdateClockLevels: Apply pending clock request change: 3,4 -> 4,4
10-23 09:37:50.393  2078  3328 I Clocks  : ReleaseClocks - start
10-23 09:37:50.395   713   820 D VrApiService: CPU_CLUSTER_0: No client requests exists, release clocks
10-23 09:37:50.395   713   820 D VrApiService: CPU_CLUSTER_1: No client requests exists, release clocks
10-23 09:37:50.395   713   820 D VrApiService: GPU: No client requests exists, release clocks
10-23 09:37:50.395   713   820 D VrApiService: CPUBW: No client requests exists, release clocks
10-23 09:37:50.395   713   820 D VrApiService: GPUBW: No client requests exists, release clocks
10-23 09:37:50.396  2078  3328 I Clocks  : ReleaseClocks - end (2.5 ms)
10-23 09:37:50.396  2078  3328 I Clocks  : LockClocks( cpu=4, gpu=4 ) - start
10-23 09:37:50.397  2078  3328 I Clocks  : CPU levels [0, 4]
10-23 09:37:50.397  2078  3328 I Clocks  : GPU levels [0, 5]
10-23 09:37:50.397  2078  2178 W Sensor  : bad interpupillary distance: 0.059600, returning 0.068750
10-23 09:37:50.397   713  1205 D VrApiService: CPU_CLUSTER_0: Client 2078 sends freq request [21, 21]
10-23 09:37:50.397   713  1205 D VrApiService: CPU_CLUSTER_0: Next Perf Level = (21, 21)
10-23 09:37:50.397   713  1205 D VrApiService: CPU_CLUSTER_1: Client 2078 sends freq request [26, 26]
10-23 09:37:50.397   713  1205 D VrApiService: CPU_CLUSTER_1: Next Perf Level = (26, 26)
10-23 09:37:50.397   713  1205 D VrApiService: CPUBW: Client 2078 sends freq request [8, 11]
10-23 09:37:50.397   713  1205 D VrApiService: CPUBW: Next Perf Level = (8, 11)
10-23 09:37:50.399   713  1205 D VrApiService: GPUBW: Client 2078 sends freq request [9, 11]
10-23 09:37:50.399   713  1205 D VrApiService: GPUBW: Next Perf Level = (9, 11)
10-23 09:37:50.399   713  1205 D VrApiService: GPU: Client 2078 sends freq request [6, 6]
10-23 09:37:50.399   713  1205 D VrApiService: GPU: Next Perf Level = (6, 6)
10-23 09:37:50.399  1843  1914 I [OAR] ShellApp: 0xcfdb51e0 msg: broadcastIntent:
10-23 09:37:50.399  1843  1914 I [OAR] ShellApp: is_capture_running = 0
10-23 09:37:50.399  1843  1914 I [OAR] ShellApp: intent_action = com.oculus.systemactivities.LOCAL_STREAM_STATE_UPDATE
10-23 09:37:50.399  2078  3328 I Clocks  : LockClocks( cpu=4, gpu=4 ) - end (3.5 ms)
10-23 09:37:50.399  1843  1914 I [OAR] SystemUXController: OnLocalStreamChanged, enabled?=0
10-23 09:37:50.401  1920  1920 I [OAR] AnytimeUIAndroidPanelAppBase: updateLocalStreamState - false
10-23 09:37:50.401  1843  1914 W Sensor  : bad interpupillary distance: 0.059600, returning 0.068750
10-23 09:37:50.411  2078  2178 W Sensor  : bad interpupillary distance: 0.059600, returning 0.068750
10-23 09:37:50.415  1843  1914 W Sensor  : bad interpupillary distance: 0.059600, returning 0.068750
10-23 09:37:50.425  2078  2178 W Sensor  : bad interpupillary distance: 0.059600, returning 0.068750
10-23 09:37:50.429  1843  1914 W Sensor  : bad interpupillary distance: 0.059600, returning 0.068750
10-23 09:37:50.432  4053  4053 W System  : ClassLoader referenced unknown path: /system/app/VrHome/lib/arm
10-23 09:37:50.439  2078  2178 W Sensor  : bad interpupillary distance: 0.059600, returning 0.068750
10-23 09:37:50.443  1843  1914 W Sensor  : bad interpupillary distance: 0.059600, returning 0.068750
10-23 09:37:50.454  2078  2178 W Sensor  : bad interpupillary distance: 0.059600, returning 0.068750
10-23 09:37:50.457  1843  1914 W Sensor  : bad interpupillary distance: 0.059600, returning 0.068750
10-23 09:37:50.465  4053  4053 I HomeApplication: timestamp onCreate
10-23 09:37:50.466  2078  2178 W Sensor  : bad interpupillary distance: 0.059600, returning 0.068750
10-23 09:37:50.467  4053  4053 I HomeApplication: timestamp start SoLoader.init
10-23 09:37:50.471  1843  1914 W Sensor  : bad interpupillary distance: 0.059600, returning 0.068750
10-23 09:37:50.475  4053  4053 D SoLoader: init start
10-23 09:37:50.476  4053  4053 D SoLoader: adding system library source: /vendor/lib
10-23 09:37:50.476  4053  4053 D SoLoader: adding system library source: /system/lib
10-23 09:37:50.477  4053  4053 D SoLoader: adding backup source from : com.facebook.soloader.ApkSoSource[root = /data/data/com.oculus.vrshell.home/lib-main flags = 1]
10-23 09:37:50.480  4053  4053 D SoLoader: Preparing SO source: com.facebook.soloader.DirectorySoSource[root = /system/lib flags = 2]
10-23 09:37:50.480  4053  4053 D SoLoader: Preparing SO source: com.facebook.soloader.DirectorySoSource[root = /system/vendor/lib flags = 2]
10-23 09:37:50.480  2078  2178 W Sensor  : bad interpupillary distance: 0.059600, returning 0.068750
10-23 09:37:50.480  4053  4053 D SoLoader: Preparing SO source: com.facebook.soloader.ApkSoSource[root = /data/data/com.oculus.vrshell.home/lib-main flags = 1]
10-23 09:37:50.481  4053  4053 V fb-UnpackingSoSource: locked dso store /data/user/0/com.oculus.vrshell.home/lib-main
10-23 09:37:50.484  1843  1914 W Sensor  : bad interpupillary distance: 0.059600, returning 0.068750
10-23 09:37:50.486  4053  4053 I fb-UnpackingSoSource: dso store is up-to-date: /data/user/0/com.oculus.vrshell.home/lib-main
10-23 09:37:50.487  4053  4053 V fb-UnpackingSoSource: releasing dso store lock for /data/user/0/com.oculus.vrshell.home/lib-main
10-23 09:37:50.487  4053  4053 D SoLoader: init finish: 3 SO sources prepared
10-23 09:37:50.487  4053  4053 D SoLoader: init exiting
10-23 09:37:50.488  4053  4053 I HomeApplication: timestamp start initJni
10-23 09:37:50.490  4053  4053 D SoLoader: About to load: libfbjni.so
10-23 09:37:50.492  4053  4053 D SoLoader: libfbjni.so found on /data/data/com.oculus.vrshell.home/lib-main
10-23 09:37:50.494  2078  2178 W Sensor  : bad interpupillary distance: 0.059600, returning 0.068750
10-23 09:37:50.497  4053  4053 D SoLoader: Loading lib dependencies: [liblog.so, libmemalign16.so, libgnustl_shared.so, libdl.so, libc.so]
10-23 09:37:50.497  4053  4053 D SoLoader: About to load: liblog.so
10-23 09:37:50.497  4053  4053 D SoLoader: liblog.so not found on /data/data/com.oculus.vrshell.home/lib-main
10-23 09:37:50.498  4053  4053 D SoLoader: liblog.so not found on /system/vendor/lib
10-23 09:37:50.498  4053  4053 D SoLoader: liblog.so found on /system/lib
10-23 09:37:50.498  4053  4053 D SoLoader: liblog.so loaded implicitly
10-23 09:37:50.498  4053  4053 D SoLoader: Loaded: liblog.so
10-23 09:37:50.498  4053  4053 D SoLoader: About to load: libmemalign16.so
10-23 09:37:50.499  1843  1914 W Sensor  : bad interpupillary distance: 0.059600, returning 0.068750
10-23 09:37:50.500  4053  4053 D SoLoader: libmemalign16.so found on /data/data/com.oculus.vrshell.home/lib-main
10-23 09:37:50.502  4053  4053 D SoLoader: Loading lib dependencies: [libgnustl_shared.so, libc.so]
10-23 09:37:50.502  4053  4053 D SoLoader: About to load: libgnustl_shared.so
10-23 09:37:50.502  4053  4053 D SoLoader: libgnustl_shared.so found on /data/data/com.oculus.vrshell.home/lib-main
10-23 09:37:50.504  4053  4053 D SoLoader: Loading lib dependencies: [libm.so, libc.so, libdl.so]
10-23 09:37:50.504  4053  4053 D SoLoader: About to load: libm.so
10-23 09:37:50.504  4053  4053 D SoLoader: libm.so not found on /data/data/com.oculus.vrshell.home/lib-main
10-23 09:37:50.504  4053  4053 D SoLoader: libm.so not found on /system/vendor/lib
10-23 09:37:50.504  4053  4053 D SoLoader: libm.so found on /system/lib
10-23 09:37:50.504  4053  4053 D SoLoader: libm.so loaded implicitly
10-23 09:37:50.505  4053  4053 D SoLoader: Loaded: libm.so
10-23 09:37:50.505  4053  4053 D SoLoader: About to load: libc.so
10-23 09:37:50.505  4053  4053 D SoLoader: libc.so not found on /data/data/com.oculus.vrshell.home/lib-main
10-23 09:37:50.505  4053  4053 D SoLoader: libc.so not found on /system/vendor/lib
10-23 09:37:50.505  4053  4053 D SoLoader: libc.so found on /system/lib
10-23 09:37:50.505  4053  4053 D SoLoader: libc.so loaded implicitly
10-23 09:37:50.505  4053  4053 D SoLoader: Loaded: libc.so
10-23 09:37:50.505  4053  4053 D SoLoader: About to load: libdl.so
10-23 09:37:50.505  4053  4053 D SoLoader: libdl.so not found on /data/data/com.oculus.vrshell.home/lib-main
10-23 09:37:50.505  4053  4053 D SoLoader: libdl.so not found on /system/vendor/lib
10-23 09:37:50.505  4053  4053 D SoLoader: libdl.so found on /system/lib
10-23 09:37:50.505  4053  4053 D SoLoader: libdl.so loaded implicitly
10-23 09:37:50.505  4053  4053 D SoLoader: Loaded: libdl.so
10-23 09:37:50.508  4053  4053 D SoLoader: Loaded: libgnustl_shared.so
10-23 09:37:50.508  2078  2178 W Sensor  : bad interpupillary distance: 0.059600, returning 0.068750
10-23 09:37:50.509  4053  4053 D SoLoader: Loaded: libmemalign16.so
10-23 09:37:50.509  3078  3134 I RCTVRNET: Request complete: 'docid=' 'traceid=CtguXhaLx98' code=400 time=180
10-23 09:37:50.511  4053  4053 D SoLoader: Loaded: libfbjni.so
10-23 09:37:50.511  4053  4053 I HomeApplication: timestamp initJni end
10-23 09:37:50.513  1843  1914 W Sensor  : bad interpupillary distance: 0.059600, returning 0.068750
10-23 09:37:50.523  2078  2178 W Sensor  : bad interpupillary distance: 0.059600, returning 0.068750
10-23 09:37:50.523  4053  4053 D UnifiedTelemetryLogger: UnifiedTelemetryLogger instance created.
10-23 09:37:50.525  4053  4053 D UnifiedTelemetryLogger: UnifiedTelemetryLogger mIsStandAloneDevice = true
10-23 09:37:50.527  4053  4053 D UnifiedTelemetryLogger: UnifiedTelemetryLogger instance created
10-23 09:37:50.527  1843  1914 W Sensor  : bad interpupillary distance: 0.059600, returning 0.068750
10-23 09:37:50.528  4053  4053 D UnifiedTelemetryLogger: binding with UnifiedTelemetryService
10-23 09:37:50.537  2078  2178 W Sensor  : bad interpupillary distance: 0.059600, returning 0.068750
10-23 09:37:50.539  4053  4068 D UnifiedTelemetryLogger: Gatekeeper values: mDuplicateLogging = false, mUseUnifiedTelemetryService = false
10-23 09:37:50.541  1843  1914 W Sensor  : bad interpupillary distance: 0.059600, returning 0.068750
10-23 09:37:50.551  2078  2178 W Sensor  : bad interpupillary distance: 0.059600, returning 0.068750
10-23 09:37:50.555  1843  1914 W Sensor  : bad interpupillary distance: 0.059600, returning 0.068750
10-23 09:37:50.558  4053  4053 I HomeApplication: process: com.oculus.vrshell.home:library
10-23 09:37:50.558  4053  4053 I HomeApplication: endpoint: https://graph.facebook.com/logging_client_events
10-23 09:37:50.564  2078  2178 W Sensor  : bad interpupillary distance: 0.059600, returning 0.068750
10-23 09:37:50.565  4053  4053 I PanelService: onCreate()
10-23 09:37:50.568  1843  1914 W Sensor  : bad interpupillary distance: 0.059600, returning 0.068750
10-23 09:37:50.576  4053  4053 I SingletonPanelService: Loading library home
10-23 09:37:50.578  2078  2178 W Sensor  : bad interpupillary distance: 0.059600, returning 0.068750
10-23 09:37:50.582  1843  1914 W Sensor  : bad interpupillary distance: 0.059600, returning 0.068750
10-23 09:37:50.592  2078  2178 W Sensor  : bad interpupillary distance: 0.059600, returning 0.068750
10-23 09:37:50.596  1843  1914 W Sensor  : bad interpupillary distance: 0.059600, returning 0.068750
10-23 09:37:50.606  2078  2178 W Sensor  : bad interpupillary distance: 0.059600, returning 0.068750
10-23 09:37:50.610  1843  1914 W Sensor  : bad interpupillary distance: 0.059600, returning 0.068750
10-23 09:37:50.622  2078  2178 W Sensor  : bad interpupillary distance: 0.059600, returning 0.068750
10-23 09:37:50.624  1843  1914 W Sensor  : bad interpupillary distance: 0.059600, returning 0.068750
10-23 09:37:50.634  2078  2178 W Sensor  : bad interpupillary distance: 0.059600, returning 0.068750
10-23 09:37:50.638  3078  3099 I RCTVR_Shutdown: JS synced
10-23 09:37:50.638  1843  1914 W Sensor  : bad interpupillary distance: 0.059600, returning 0.068750
10-23 09:37:50.639  3078  3099 I RCTVR_Shutdown: Native modules flushed
10-23 09:37:50.639  3078  3099 I RCTVR_Shutdown: OnBackground complete
10-23 09:37:50.639  3078  3099 I panelapp: LE reactvr_info
10-23 09:37:50.641  3078  3099 D OculusLogger: logLegacyEvent(reactvr_info, {{device_type=MONTEREY, headset_type=MONTEREY, id=100526290914264, function=emit, session_id=0cbf85aa-1676-490c-bc19-c9da31ea20cc, device_region=UNSPECIFIED, module=RCTDeviceEventEmitter, exec=call_function, type=backgrounded_message, real_timestamp=1571791070327, args=["appStateDidChange"}}, false)
10-23 09:37:50.642  3078  3099 I panelapp: LE reactvr_info
10-23 09:37:50.643  3078  3099 D OculusLogger: logLegacyEvent(reactvr_info, {{device_type=MONTEREY, headset_type=MONTEREY, id=100526290914264, session_id=0cbf85aa-1676-490c-bc19-c9da31ea20cc, uid=31, device_region=UNSPECIFIED, type=network_fetch_start, real_timestamp=1571791070328}}, false)
10-23 09:37:50.643  3078  3099 I panelapp: LE reactvr_info
10-23 09:37:50.644  3078  3099 D OculusLogger: logLegacyEvent(reactvr_info, {{device_type=MONTEREY, download_size=144.000000, headset_type=MONTEREY, total_time=180, transfer_time=0, connect_time=0, firstbyte_time=180, code=400, redirect_time=0, retried_times=0, max_retries=3, traceID=CtguXhaLx98, id=100526290914264, session_id=0cbf85aa-1676-490c-bc19-c9da31ea20cc, uid=31, device_region=UNSPECIFIED, download_speed=800.000000, namelookup_time=0, docID=, type=network_fetch_complete, real_timestamp=1571791070511}}, false)
10-23 09:37:50.644  3078  3099 I panelapp: LE reactvr_info
10-23 09:37:50.645  3078  3099 D OculusLogger: logLegacyEvent(reactvr_info, {{device_type=MONTEREY, headset_type=MONTEREY, id=100526290914264, function=emit, session_id=0cbf85aa-1676-490c-bc19-c9da31ea20cc, device_region=UNSPECIFIED, module=RCTDeviceEventEmitter, exec=call_function_json, type=backgrounded_message, real_timestamp=1571791070511}}, false)
10-23 09:37:50.645  3078  3099 I panelapp: LE reactvr_info
10-23 09:37:50.645  3078  3099 D OculusLogger: logLegacyEvent(reactvr_info, {{device_type=MONTEREY, headset_type=MONTEREY, id=100526290914264, function=emit, session_id=0cbf85aa-1676-490c-bc19-c9da31ea20cc, device_region=UNSPECIFIED, module=RCTDeviceEventEmitter, exec=call_function_json, type=backgrounded_message, real_timestamp=1571791070511}}, false)
10-23 09:37:50.645  3078  3099 I panelapp: LE reactvr_info
10-23 09:37:50.647  3078  3099 D OculusLogger: logLegacyEvent(reactvr_info, {{device_type=MONTEREY, headset_type=MONTEREY, id=100526290914264, function=emit, session_id=0cbf85aa-1676-490c-bc19-c9da31ea20cc, device_region=UNSPECIFIED, module=RCTDeviceEventEmitter, exec=call_function_json, type=backgrounded_message, real_timestamp=1571791070511}}, false)
10-23 09:37:50.647  3078  3099 I panelapp: LE reactvr_info
10-23 09:37:50.650  2078  2178 W Sensor  : bad interpupillary distance: 0.059600, returning 0.068750
10-23 09:37:50.651  3078  3099 D OculusLogger: logLegacyEvent(reactvr_info, {{device_type=MONTEREY, execute_time=308, headset_type=MONTEREY, engine=hermes, call=gc, msg=long_execution, id=100526290914264, session_id=0cbf85aa-1676-490c-bc19-c9da31ea20cc, device_region=UNSPECIFIED, type=js_engine, real_timestamp=1571791070637}}, false)
10-23 09:37:50.651  3078  3099 I panelapp: LE reactvr_info
10-23 09:37:50.652  1843  1914 W Sensor  : bad interpupillary distance: 0.059600, returning 0.068750
10-23 09:37:50.653  3078  3099 D OculusLogger: logLegacyEvent(reactvr_info, {{device_type=MONTEREY, headset_type=MONTEREY, id=100526290914264, session_id=0cbf85aa-1676-490c-bc19-c9da31ea20cc, device_region=UNSPECIFIED, exec=invoke_callback, type=backgrounded_message, args=["appSwitch"], real_timestamp=1571791070638}}, false)
10-23 09:37:50.653  3078  3099 I panelapp: LE reactvr_info
10-23 09:37:50.653  3078  3099 D OculusLogger: logLegacyEvent(reactvr_info, {{device_type=MONTEREY, headset_type=MONTEREY, id=100526290914264, session_id=0cbf85aa-1676-490c-bc19-c9da31ea20cc, device_region=UNSPECIFIED, exec=invoke_callback, type=backgrounded_message, real_timestamp=1571791070638, args=["appSwitch"]}}, false)
10-23 09:37:50.653  3078  3099 I panelapp: LE reactvr_info
10-23 09:37:50.655  3078  3099 D OculusLogger: logLegacyEvent(reactvr_info, {{device_type=MONTEREY, headset_type=MONTEREY, id=100526290914264, function=emit, session_id=0cbf85aa-1676-490c-bc19-c9da31ea20cc, device_region=UNSPECIFIED, module=RCTDeviceEventEmitter, exec=call_function, type=backgrounded_message, args=["controllerBatteryL, real_timestamp=1571791070639}}, false)
10-23 09:37:50.662  2078  2178 W Sensor  : bad interpupillary distance: 0.059600, returning 0.068750
10-23 09:37:50.665  1843  1914 W Sensor  : bad interpupillary distance: 0.059600, returning 0.068750
10-23 09:37:50.666  4053  4053 I BaseService: onCreate service type LIBRARY
10-23 09:37:50.667  4053  4053 D CrashReporting: Breakpad for Native crashes enabled
10-23 09:37:50.667  4053  4053 D SoLoader: About to load: libbreakpad.so
10-23 09:37:50.667  4053  4053 D SoLoader: libbreakpad.so found on /data/data/com.oculus.vrshell.home/lib-main
10-23 09:37:50.669  4053  4053 D SoLoader: Loading lib dependencies: [liblog.so, libsigmux.so, libmemalign16.so, libgnustl_shared.so, libdl.so, libc.so]
10-23 09:37:50.669  4053  4053 D SoLoader: About to load: libsigmux.so
10-23 09:37:50.670  4053  4053 D SoLoader: libsigmux.so found on /data/data/com.oculus.vrshell.home/lib-main
10-23 09:37:50.673  4053  4053 D SoLoader: Loading lib dependencies: [libgnustl_shared.so, libc.so]
10-23 09:37:50.675  4053  4053 D SoLoader: Loaded: libsigmux.so
10-23 09:37:50.675  2078  2178 W Sensor  : bad interpupillary distance: 0.059600, returning 0.068750
10-23 09:37:50.677  4053  4053 D SoLoader: Loaded: libbreakpad.so
10-23 09:37:50.679  4053  4053 D CrashReporting: ACRA/OculusCrashReporter for Java crashes enabled
10-23 09:37:50.679  1843  1914 W Sensor  : bad interpupillary distance: 0.059600, returning 0.068750
10-23 09:37:50.680  4053  4053 D CrashReporting: ACRA/Initializing with endpoint https://www.facebook.com/mobile/generic_android_crash_logs/285486028533521
10-23 09:37:50.689  2078  2178 W Sensor  : bad interpupillary distance: 0.059600, returning 0.068750
10-23 09:37:50.693  1843  1914 W Sensor  : bad interpupillary distance: 0.059600, returning 0.068750
10-23 09:37:50.700  4053  4053 D ExceptionHandlerManager: ExceptionHandlerManager not explicitly initialized, using default mode
10-23 09:37:50.700  4053  4053 D ExceptionHandlerManager: initializing exception handler manager, prioritized=true
10-23 09:37:50.703  2078  2178 W Sensor  : bad interpupillary distance: 0.059600, returning 0.068750
10-23 09:37:50.706  4053  4053 E ACRA    : Skipping ANR Detector for process: com.oculus.vrshell.home:library
10-23 09:37:50.707  1843  1914 W Sensor  : bad interpupillary distance: 0.059600, returning 0.068750
10-23 09:37:50.709  4053  4053 D CrashReporting: JavascriptCrashReporter is enabled
10-23 09:37:50.710  4053  4053 I BaseService: Core app versions: {"com.oculus.browser":172278593,"com.oculus.govrnux":0,"com.oculus.home":173779912,"com.oculus.horizon":174857686,"com.oculus.mediaplayer":53624647,"com.oculus.systemactivities":174044220,"com.oculus.systemdriver":174043977,"com.oculus.systemutilities":174044450,"com.oculus.vrshell":174321109,"com.oculus.vrshell.home":174044043}
10-23 09:37:50.717  2078  2178 W Sensor  : bad interpupillary distance: 0.059600, returning 0.068750
10-23 09:37:50.721  1843  1914 W Sensor  : bad interpupillary distance: 0.059600, returning 0.068750
10-23 09:37:50.731  2078  2178 W Sensor  : bad interpupillary distance: 0.059600, returning 0.068750
10-23 09:37:50.735  1843  1914 W Sensor  : bad interpupillary distance: 0.059600, returning 0.068750
10-23 09:37:50.745  2078  2178 W Sensor  : bad interpupillary distance: 0.059600, returning 0.068750
10-23 09:37:50.749  1843  1914 W Sensor  : bad interpupillary distance: 0.059600, returning 0.068750
10-23 09:37:50.758  4053  4053 I OVRLibrary: com.oculus.vrshell.home will use OCMS as the library provider
10-23 09:37:50.759  2078  2178 W Sensor  : bad interpupillary distance: 0.059600, returning 0.068750
10-23 09:37:50.763  1843  1914 W Sensor  : bad interpupillary distance: 0.059600, returning 0.068750
10-23 09:37:50.773  2078  2178 W Sensor  : bad interpupillary distance: 0.059600, returning 0.068750
10-23 09:37:50.777  1843  1914 W Sensor  : bad interpupillary distance: 0.059600, returning 0.068750
10-23 09:37:50.787  2078  2178 W Sensor  : bad interpupillary distance: 0.059600, returning 0.068750
10-23 09:37:50.791  1843  1914 W Sensor  : bad interpupillary distance: 0.059600, returning 0.068750
10-23 09:37:50.801  2078  2178 W Sensor  : bad interpupillary distance: 0.059600, returning 0.068750
10-23 09:37:50.804  1843  1914 I [OAR] AudioSystem: Starting haptic hover1 on device 536870915
10-23 09:37:50.804  1843  1914 I [OAR] AudioMixer: Creating a new stream for client UiSound0
10-23 09:37:50.804  1843  1914 I [OAR] AudioMixer: PlaySoundEffect: 1554 samples at 27.368617
10-23 09:37:50.805  4053  4053 I PanelService: onBind()
10-23 09:37:50.805  1843  1914 W Sensor  : bad interpupillary distance: 0.059600, returning 0.068750
10-23 09:37:50.807  1843  1843 D [OAR] PanelServiceConnection: onSeviceConnected - component name (ComponentInfo{com.oculus.vrshell.home/com.oculus.vrshell.home.LibraryService}), panel app id (3)
10-23 09:37:50.807  1843  1843 D [OAR] ShellApplication: notify OS to set com.oculus.vrshell.home/com.oculus.vrshell.home.LibraryService to FOREGROUND
10-23 09:37:50.810  1843  1843 I [OAR] PanelServiceConnection: verifyFirstPartyUID(isDeveloperBuildAllowed=true, uid=10047) => isVrRunnable=true, apkSignatureResult=SigCertInfo(isTrusted=true, packageNames=[com.oculus.vrshell.home], signature=3082038d30820275a00302010202041303858a300d06092a864886f70d01010b05003077310b3009060355040613025553310b3009060355040813024341311330110603550407130a4d656e6c6f205061726b31173015060355040a130e4f63756c75732056522c204c4c4331173015060355040b130e4f63756c75732056522c204c4c43311430120603550403130b4f63756c75732041707073301e170d3134313033303231343032315a170d3432303331373231343032315a3077310b3009060355040613025553310b3009060355040813024341311330110603550407130a4d656e6c6f205061726b31173015060355040a130e4f63756c75732056522c204c4c4331173015060355040b130e4f63756c75732056522c204c4c43311430120603550403130b4f63756c7573204170707330820122300d06092a864886f70d01010105000382010f003082010a0282010100a34c7fbd96dea95d811f21a0d760cabca85f2df5dbe19b62aca7a3e3e0b6e48f7e173345f2753c458d639cc2e222eeee4cfb5e89ac1c5060044414056709a43a7f1a6f1e4f2c3d708c48912634be08ad6da1fff92d9c0d4b85e4bc8a8b1c27de84c04eb1e6577c10693500af46beaf7bd2ce72a06a46f4e565859f242cecbef1a431ae8096db712cebe73840bacc64de6b99077ba1ca8c20e5d0b4870bd161f087abbf568dfef58e604068ca6f7cdea183c8681c306bc30cb223e7c5ce3a2fcf00d13e158475b3700ef62dcca46c57baecca4d91052e20b861a1a085d5fc8e99aed8c4a9cfd550d01e54ef5062133befcf7f9ea6a5a1d1575a72cd82279f34030203010001a321301f301d0603551d0e04160414ec7ccdaf8ccdc6dd1b87d4b561582ad8ec397b80300d06092a864886f70d01010b0500038201010014c557ecddc17ba8b979618036e7093b8e7307f624644532c31239f4dc83fd9424267ca7670fa9f78689cbc5bfd8a6312fdc214bd159d614a8753ceec0f2b2d9166217895b13c992e1d10ca625a3153dacfa51dbdb7fde139bd59510f5add29f88be3826b445ce7386dcf06577be72fbdf118fa81179091fad275981409e02d40422d8e86df5827a2c496a4b905b4825c3f1ba0af4cf509bf9b0d4d608cf0b4320ac60d1a8cbcc384de24f11a4c93c0fc5b887cbd6855871af1b1ef729c51a8a123efc6a627b6494e81a264587443b9156ad17772863c2f9685fae9c72a552b333f8ef2822bce5d4d178e45b3a8dd4e321924f6a5ba43f732971a9e74cbf0433), time=1 ms
10-23 09:37:50.815  2078  2178 W Sensor  : bad interpupillary distance: 0.059600, returning 0.068750
10-23 09:37:50.819  1843  1914 W Sensor  : bad interpupillary distance: 0.059600, returning 0.068750
10-23 09:37:50.828  4053  4053 I HomeApplication: onUserId
10-23 09:37:50.829  2078  2178 W Sensor  : bad interpupillary distance: 0.059600, returning 0.068750
10-23 09:37:50.833  1843  1914 W Sensor  : bad interpupillary distance: 0.059600, returning 0.068750
10-23 09:37:50.833  4053  4064 D VrSignatureVerifier: No developer OSIG found
10-23 09:37:50.838  1843  4015 I [OAR] AudioMixer: Finishing mono effect
10-23 09:37:50.838  1843  4015 I [OAR] AudioMixer: Finishing mono effect
10-23 09:37:50.843  2078  2178 W Sensor  : bad interpupillary distance: 0.059600, returning 0.068750
10-23 09:37:50.847  1843  1914 W Sensor  : bad interpupillary distance: 0.059600, returning 0.068750
10-23 09:37:50.856  2078  2178 W Sensor  : bad interpupillary distance: 0.059600, returning 0.068750
10-23 09:37:50.861  1843  1914 W Sensor  : bad interpupillary distance: 0.059600, returning 0.068750
10-23 09:37:50.871  2078  2178 W Sensor  : bad interpupillary distance: 0.059600, returning 0.068750
10-23 09:37:50.873  4053  4064 I PanelService: verifyVrShellUID(isDeveloperBuildAllowed=true, uid=10024) => isVrRunnable=true, apkSignatureResult=SigCertInfo(isTrusted=true, packageNames=[com.oculus.vrshell], signature=3082038d30820275a00302010202041303858a300d06092a864886f70d01010b05003077310b3009060355040613025553310b3009060355040813024341311330110603550407130a4d656e6c6f205061726b31173015060355040a130e4f63756c75732056522c204c4c4331173015060355040b130e4f63756c75732056522c204c4c43311430120603550403130b4f63756c75732041707073301e170d3134313033303231343032315a170d3432303331373231343032315a3077310b3009060355040613025553310b3009060355040813024341311330110603550407130a4d656e6c6f205061726b31173015060355040a130e4f63756c75732056522c204c4c4331173015060355040b130e4f63756c75732056522c204c4c43311430120603550403130b4f63756c7573204170707330820122300d06092a864886f70d01010105000382010f003082010a0282010100a34c7fbd96dea95d811f21a0d760cabca85f2df5dbe19b62aca7a3e3e0b6e48f7e173345f2753c458d639cc2e222eeee4cfb5e89ac1c5060044414056709a43a7f1a6f1e4f2c3d708c48912634be08ad6da1fff92d9c0d4b85e4bc8a8b1c27de84c04eb1e6577c10693500af46beaf7bd2ce72a06a46f4e565859f242cecbef1a431ae8096db712cebe73840bacc64de6b99077ba1ca8c20e5d0b4870bd161f087abbf568dfef58e604068ca6f7cdea183c8681c306bc30cb223e7c5ce3a2fcf00d13e158475b3700ef62dcca46c57baecca4d91052e20b861a1a085d5fc8e99aed8c4a9cfd550d01e54ef5062133befcf7f9ea6a5a1d1575a72cd82279f34030203010001a321301f301d0603551d0e04160414ec7ccdaf8ccdc6dd1b87d4b561582ad8ec397b80300d06092a864886f70d01010b0500038201010014c557ecddc17ba8b979618036e7093b8e7307f624644532c31239f4dc83fd9424267ca7670fa9f78689cbc5bfd8a6312fdc214bd159d614a8753ceec0f2b2d9166217895b13c992e1d10ca625a3153dacfa51dbdb7fde139bd59510f5add29f88be3826b445ce7386dcf06577be72fbdf118fa81179091fad275981409e02d40422d8e86df5827a2c496a4b905b4825c3f1ba0af4cf509bf9b0d4d608cf0b4320ac60d1a8cbcc384de24f11a4c93c0fc5b887cbd6855871af1b1ef729c51a8a123efc6a627b6494e81a264587443b9156ad17772863c2f9685fae9c72a552b333f8ef2822bce5d4d178e45b3a8dd4e321924f6a5ba43f732971a9e74cbf0433), time=57 ms
10-23 09:37:50.874  4053  4053 I PanelService: Creating panel app with environment {_oc_userid="100526290914264", _oc_gk:oculus_vrshell_core_anytime_ui="true", _oc_gk:oculus_mobile_sysux_unified_dialogs_v9="true", _oc_shell_panel_app_index="1", _oc_shell_permissions="permissionsGranted write_storage microphone", uri="/library?newDeeplink=1", _oc_device_type="259", _oc_shell_version_code="174321109", _oc_shell_version_name="9.0.0.170.450", _oc_device_region="0", _oc_launch_timestamp="756267", _oc_shell_automation_enabled="false", _oc_headset_type="256", _oc_gk:oculus_mobile_home_panel_services="true", _oc_shell_feature_sets="multi-layer-v1,mirror-avatar-v1,system-ux-routes-v1,deeplink-nav-v1,secure-layers-v1", _oc_enterprise_mode="false", _oc_analytics_session_id="0cbf85aa-1676-490c-bc19-c9da31ea20cc", _oc_gk:oculus_mobile_go_environments_picker_migration="true", _oc_gearvr_developer_mode="true"}
10-23 09:37:50.875  4053  4075 I panelapp: timestamp Panel_Create numWindows 4
10-23 09:37:50.875  1843  1914 W Sensor  : bad interpupillary distance: 0.059600, returning 0.068750
10-23 09:37:50.879   541   594 D audio_hw_extn: audio_extn_snd_device_in_get_parameters: Current input sound device: none
10-23 09:37:50.879   541   594 D audio_hw_extn: audio_extn_get_parameters: returns snd_device_in=none
10-23 09:37:50.879   541   594 E voice_extn: voice_extn_compress_voip_get_parameters: COMPRESS_VOIP_ENABLED is not defined
10-23 09:37:50.879  4053  4075 W System  : ClassLoader referenced unknown path: /system/app/Horizon/lib/arm
10-23 09:37:50.880  4053  4075 D ApplicationLoaders: ignored Vulkan layer search path /system/app/Horizon/lib/arm:/system/fake-libs:/system/app/Horizon/Horizon.apk!/lib/armeabi-v7a:/system/lib:/vendor/lib for namespace 0xedd1f090
10-23 09:37:50.880   541   594 V msm8974_platform: platform_get_parameters: exit: returns - snd_device_in=none
10-23 09:37:50.881   541   594 V audio_hw_primary: adev_get_parameters: exit: returns - snd_device_in=none
10-23 09:37:50.881   541   594 I hash_map_utils: key: 'snd_device_in' value: ''
10-23 09:37:50.881   541   541 D audio_hw_extn: audio_extn_snd_device_out_get_parameters: Current output sound device: speaker
10-23 09:37:50.881   541   541 D audio_hw_extn: audio_extn_get_parameters: returns snd_device_out=speaker
10-23 09:37:50.881   541   541 E voice_extn: voice_extn_compress_voip_get_parameters: COMPRESS_VOIP_ENABLED is not defined
10-23 09:37:50.881   541   541 V msm8974_platform: platform_get_parameters: exit: returns - snd_device_out=speaker
10-23 09:37:50.881   541   541 V audio_hw_primary: adev_get_parameters: exit: returns - snd_device_out=speaker
10-23 09:37:50.881   541   541 I hash_map_utils: key: 'snd_device_out' value: ''
10-23 09:37:50.885  2078  2178 W Sensor  : bad interpupillary distance: 0.059600, returning 0.068750
10-23 09:37:50.887  4053  4075 I OVRPlatform: [LoaderUtils] PlatformSDK check API compatibility (requested api = 1.1.32.0, implementation = 1.1.41.0)
10-23 09:37:50.889  1843  1914 W Sensor  : bad interpupillary distance: 0.059600, returning 0.068750
10-23 09:37:50.889  4053  4075 I OVRPlatform: [Context] ConfigOption DisableFbns =>  1
10-23 09:37:50.889  4053  4075 I OVRPlatform: [RequestStopwatch] ovr_PlatformInitializeAndroidAsynchronous took 0.9640 milliseconds
10-23 09:37:50.890  4053  4075 I OCPlatformModule: timestamp request accesstoken
10-23 09:37:50.890  4053  4075 I AnalyticsLogger: Got HashMapClass
10-23 09:37:50.890  4053  4075 I AnalyticsLogger: Got OculusLoggerClass
10-23 09:37:50.890  4053  4075 I AnalyticsLogger: Got reportEventMethod
10-23 09:37:50.890  4053  4075 I AnalyticsLogger: Got reportVersionedEventMethod
10-23 09:37:50.890  4053  4075 I AnalyticsLogger: Got reportQuickExperimentExposureMethod
10-23 09:37:50.890  4053  4075 I panelapp: PanelSize 1400 540
10-23 09:37:50.891  4053  4075 D OculusLogger: logLegacyEvent(oculus_home_init, {{session_id=0cbf85aa-1676-490c-bc19-c9da31ea20cc, step=panel_configure, device_region=UNSPECIFIED, device_type=MONTEREY, headset_type=MONTEREY, id=100526290914264, real_timestamp=1571791070890}}, true)
10-23 09:37:50.897  4053  4087 D OVRServiceSynchronous: isServiceAvailable matched: 1
10-23 09:37:50.897  4053  4079 D OVR     : Registered OVRPlatformBroadcastReceiver
10-23 09:37:50.897  4053  4079 I OVR     : Initialized OVRPlatform with returnComponent com.oculus.vrshell.home/com.oculus.vrshell.home.LibraryService
10-23 09:37:50.898  2078  2178 W Sensor  : bad interpupillary distance: 0.059600, returning 0.068750
10-23 09:37:50.899  4053  4089 D JVM     : JVM::Initialize@[tid=4089]
10-23 09:37:50.899  4053  4089 D JVM     : JVM::JVM@[tid=4089]
10-23 09:37:50.903  1843  1914 W Sensor  : bad interpupillary distance: 0.059600, returning 0.068750
10-23 09:37:50.907  4053  4053 D OVRServiceSynchronous: Service connected.
10-23 09:37:50.913  2078  2178 W Sensor  : bad interpupillary distance: 0.059600, returning 0.068750
10-23 09:37:50.917  1843  1914 W Sensor  : bad interpupillary distance: 0.059600, returning 0.068750
10-23 09:37:50.926  2078  2178 W Sensor  : bad interpupillary distance: 0.059600, returning 0.068750
10-23 09:37:50.930  4053  4075 I RCTVR   : language 'ja-rJP'
10-23 09:37:50.931  4053  4075 D AccessTokenForwarder: Constructed
10-23 09:37:50.931  1843  1914 W Sensor  : bad interpupillary distance: 0.059600, returning 0.068750
10-23 09:37:50.933  4053  4075 I BundleHelper: JS Bundles are not passing GKs.
10-23 09:37:50.933  4053  4075 I RCTVR   : [TIMESTAMP] : ReactPlayerCommon : 1571791070.93387985
10-23 09:37:50.933  4053  4075 I RCTVR   : ReactPlayer: config shell version 9.0.0.170.450
10-23 09:37:50.933  4053  4075 I RCTVR   : ReactPlayer: config automation enabled false
10-23 09:37:50.933  4053  4075 I RCTVR   : ReactPlayerCommon: Init
10-23 09:37:50.936  4053  4075 I RCTVR   : [TIMESTAMP] : ReactPlayer_InitReactNativeContext_Start : 1571791070.93647194
10-23 09:37:50.940  2078  2178 W Sensor  : bad interpupillary distance: 0.059600, returning 0.068750
10-23 09:37:50.941  4053  4094 I AsyncFonts: FStart
10-23 09:37:50.941  4053  4094 I ReactNativeContextGL: attempt loading default
10-23 09:37:50.941  4053  4075 I RCTVR   : AsyncLocalStorage '/data/user/0/com.oculus.vrshell.home/files'
10-23 09:37:50.942  4053  4095 I OVR_MemBuffer: Couldn't open assets/audio/sound_def.json
10-23 09:37:50.942  4053  4075 I panelapp: module com/oculus/modules/AppLaunchModuleImpl, requires context: true
10-23 09:37:50.942  4053  4094 I RCTVR   : cached fonts kern table /data/user/0/com.oculus.vrshell.home/cache/fonts13126623695769500235.tbl, size: 173570
10-23 09:37:50.942  4053  4094 I ReactNativeContextGL: attempt loading sans-serif-Medium
10-23 09:37:50.943  4053  4075 I panelapp: module com/oculus/modules/AuthModuleImpl, requires context: true
10-23 09:37:50.943  4053  4075 I panelapp: module com/oculus/modules/BatteryStateModuleImpl, requires context: true
10-23 09:37:50.943  4053  4075 I panelapp: module com/oculus/modules/CompanionServerModuleImpl, requires context: true
10-23 09:37:50.944  4053  4075 I panelapp: module com/oculus/modules/ConnectivityStateModuleImpl, requires context: true
10-23 09:37:50.945  4053  4094 I RCTVR   : cached fonts kern table /data/user/0/com.oculus.vrshell.home/cache/fonts16661023916611392351.tbl, size: 174602
10-23 09:37:50.945  1843  1914 W Sensor  : bad interpupillary distance: 0.059600, returning 0.068750
10-23 09:37:50.945  4053  4094 I ReactNativeContextGL: attempt loading sans-serif-Normal
10-23 09:37:50.945  4053  4089 W VideoCapabilities: Unrecognized profile 2130706433 for video/avc
10-23 09:37:50.945  4053  4089 W VideoCapabilities: Unrecognized profile 2130706434 for video/avc
10-23 09:37:50.945  4053  4075 I panelapp: module com/oculus/modules/ControllerStateModuleImpl, requires context: false
10-23 09:37:50.945  4053  4075 I panelapp: module com/oculus/modules/DeviceEnvironmentModuleImpl, requires context: true
10-23 09:37:50.946  4053  4094 I RCTVR   : cached fonts kern table /data/user/0/com.oculus.vrshell.home/cache/fonts13126623695769500235.tbl, size: 173570
10-23 09:37:50.946  4053  4094 I ReactNativeContextGL: attempt loading sans-serif-Light
10-23 09:37:50.946  4053  4094 I RCTVR   : cached fonts kern table /data/user/0/com.oculus.vrshell.home/cache/fonts14253415785172224153.tbl, size: 173570
10-23 09:37:50.946  4053  4094 I ReactNativeContextGL: attempt loading sans-serif-Bold
10-23 09:37:50.947  4053  4094 I RCTVR   : cached fonts kern table /data/user/0/com.oculus.vrshell.home/cache/fonts3359410587668850974.tbl, size: 174602
10-23 09:37:50.947  4053  4094 I ReactNativeContextGL: attempt loading emoji
10-23 09:37:50.948  4053  4094 I ReactNativeContextGL: attempt loading arabic
10-23 09:37:50.948  4053  4094 I RCTVR   : cached fonts kern table /data/user/0/com.oculus.vrshell.home/cache/fonts10454961147255332201.tbl, size: 0
10-23 09:37:50.948  4053  4094 I ReactNativeContextGL: attempt loading cjk
10-23 09:37:50.949  4053  4075 I panelapp: module com/oculus/modules/DialogsModuleImpl, requires context: true
10-23 09:37:50.950  4053  4075 I panelapp: module com/oculus/modules/InputDeviceModuleImpl, requires context: false
10-23 09:37:50.950  4053  4075 I panelapp: module com/oculus/modules/JSBundleModuleImpl, requires context: true
10-23 09:37:50.952  4053  4094 I RCTVR   : cached fonts kern table /data/user/0/com.oculus.vrshell.home/cache/fonts15581044167771501236.tbl, size: 292628
10-23 09:37:50.952  4053  4094 I AsyncFonts: FComplete
10-23 09:37:50.954  2078  2178 W Sensor  : bad interpupillary distance: 0.059600, returning 0.068750
10-23 09:37:50.954  4053  4075 D NetworkSecurityConfig: No Network Security Config specified, using platform default
10-23 09:37:50.956  4053  4075 I panelapp: module com/oculus/modules/LanguageModuleImpl, requires context: true
10-23 09:37:50.956  4053  4075 I panelapp: module com/oculus/modules/LibraryModuleImpl, requires context: true
10-23 09:37:50.958  1843  1914 W Sensor  : bad interpupillary distance: 0.059600, returning 0.068750
10-23 09:37:50.960  1967  1978 W LibraryProvider: Cannot find entitlement for com.oculus.vrshell.home
10-23 09:37:50.961  1774  1983 W OCMSLibrary: null cursor received for query content://com.oculus.ocms.library/apps/com.oculus.vrshell.home
10-23 09:37:50.962  4053  4090 V OVRServiceManager: Registered process token.
10-23 09:37:50.965  4053  4089 W VideoCapabilities: Unrecognized profile 2130706433 for video/avc
10-23 09:37:50.965  4053  4089 W VideoCapabilities: Unrecognized profile 2130706434 for video/avc
10-23 09:37:50.967  4053  4089 W VideoCapabilities: Unrecognized profile 2130706433 for video/avc
10-23 09:37:50.967  4053  4089 W VideoCapabilities: Unrecognized profile 2130706434 for video/avc
10-23 09:37:50.969  2078  2178 W Sensor  : bad interpupillary distance: 0.059600, returning 0.068750
10-23 09:37:50.969  4053  4089 W VideoCapabilities: Unrecognized profile/level 0/3 for video/mpeg2
10-23 09:37:50.972  4053  4089 W VideoCapabilities: Unrecognized profile/level 0/3 for video/mpeg2
10-23 09:37:50.973  1843  1914 W Sensor  : bad interpupillary distance: 0.059600, returning 0.068750
10-23 09:37:50.975  4053  4089 W VideoCapabilities: Unsupported mime video/x-ms-wmv
10-23 09:37:50.976  4053  4089 W VideoCapabilities: Unsupported mime video/x-ms-wmv
10-23 09:37:50.977  4053  4092 I RCTVR   : JavaScript[0xe9ef43d8], Avg 38.9983300000894815, Max 38.9983300000894815, MaxInLast 38.9983300000894815
10-23 09:37:50.978  4053  4092 I RCTVR_HERMES: Hermes Mem: numCollections 0, allocatedBytes 149360, heapSize 9273344, va 8388608
10-23 09:37:50.980  4053  4089 W VideoCapabilities: Unsupported mime video/divx
10-23 09:37:50.981  4053  4089 W VideoCapabilities: Unsupported mime video/divx311
10-23 09:37:50.982  2078  2178 W Sensor  : bad interpupillary distance: 0.059600, returning 0.068750
10-23 09:37:50.983  4053  4089 W VideoCapabilities: Unsupported mime video/divx4
10-23 09:37:50.985  1843  1914 I [OAR] AudioSystem: Starting haptic hover1 on device 536870915
10-23 09:37:50.985  1843  1914 I [OAR] AudioMixer: Creating a new stream for client UiSound1
10-23 09:37:50.985  1843  1914 I [OAR] AudioMixer: PlaySoundEffect: 1554 samples at 27.548617
10-23 09:37:50.986  1843  1914 W Sensor  : bad interpupillary distance: 0.059600, returning 0.068750
10-23 09:37:50.995  4053  4075 I OVRLibrary: com.oculus.vrshell.home will use OCMS as the library provider
10-23 09:37:50.995  4053  4075 I panelapp: module com/oculus/modules/OTAUpdateStateModuleImpl, requires context: true
10-23 09:37:50.995  4053  4075 I panelapp: module com/oculus/modules/PanelCookiesModuleImpl, requires context: true
10-23 09:37:50.996  2078  2178 W Sensor  : bad interpupillary distance: 0.059600, returning 0.068750
10-23 09:37:50.997  4053  4075 D PanelCookiesModuleImpl: Detected valid cookie 'Home:CachedAccessToken' - Added.
10-23 09:37:50.997  4053  4075 I panelapp: module com/oculus/modules/QuickExperimentsModuleImpl, requires context: true
10-23 09:37:50.998  4053  4075 I panelapp: module com/oculus/modules/QuickPromotionModuleImpl, requires context: true
10-23 09:37:50.998  4053  4075 I panelapp: module com/oculus/modules/ServiceModuleImpl, requires context: false
10-23 09:37:50.998  4053  4075 I panelapp: module com/oculus/modules/SettingsManagerModuleImpl, requires context: false
10-23 09:37:50.999  4053  4075 I panelapp: module com/oculus/modules/StorageManagerModuleImpl, requires context: false
10-23 09:37:50.999  4053  4075 I panelapp: module com/oculus/modules/SystemTooltipModuleImpl, requires context: false
10-23 09:37:50.999  4053  4075 I panelapp: module com/oculus/modules/ToasterModuleImpl, requires context: true
10-23 09:37:50.999  4053  4075 I panelapp: module com/oculus/modules/UserModuleImpl, requires context: true
10-23 09:37:50.999  4053  4075 I panelapp: module com/oculus/modules/UserManagerModuleImpl, requires context: true
10-23 09:37:51.000  4053  4075 I panelapp: module com/oculus/modules/WebTaskLaunchModuleImpl, requires context: true
10-23 09:37:51.000  4053  4075 I panelapp: module com/oculus/modules/WifiManagerModuleImpl, requires context: true
10-23 09:37:51.001  1843  1914 W Sensor  : bad interpupillary distance: 0.059600, returning 0.068750
10-23 09:37:51.001  4053  4075 I panelapp: module com/oculus/platform/CoreAppAccessTokenFetcherModule, requires context: true
