11-07 12:16:46.203 11611 11631 W InputDeviceManager: AddPairToDeviceListMapping called when index already exists in the vector index: 1,  id: 536870915
11-07 12:16:46.345   716 12410 I [CT]    : VIPER: [floorplane] Floor height has been updated to 1.44442 meters.
11-07 12:16:46.405   716 12329 W [CT]    : VIPER: StereoEpipolarSearch: No search points in epipolar search.
11-07 12:16:46.425 11611 11631 W InputDeviceManager: AddPairToDeviceListMapping called when index already exists in the vector index: 1,  id: 536870915
11-07 12:16:46.427 11611 12566 I VrApi   : FPS=60,Prd=45ms,Tear=0,Early=0,Stale=51,VSnc=1,Lat=1,Fov=0,CPU4/GPU=4/5,2304/710MHz,OC=FF,TA=0/E0/E0,SP=N/F/F,Mem=1804MHz,Free=1169MB,PSM=0,PLS=0,Temp=31.0C/0.0C,TW=2.52ms,App=18.03ms,GD=1.24ms,CPU&GPU=20.86ms,LCnt=1,GPU%=0.87,CPU%=0.26(W0.30)
11-07 12:16:46.439 11611 11631 W InputDeviceManager: AddPairToDeviceListMapping called when index already exists in the vector index: 1,  id: 536870915
11-07 12:16:46.509 11611 12577 W InputDeviceManager: AddPairToDeviceListMapping called when index already exists in the vector index: 1,  id: 536870915
11-07 12:16:46.585  2167 12356 I GuardianRender: GuardianRender: Rendering status changed: false
11-07 12:16:46.793  2167 12356 I GuardianRender: GuardianRender: Rendering status changed: true
11-07 12:16:46.815 11611 12577 W InputDeviceManager: AddPairToDeviceListMapping called when index already exists in the vector index: 1,  id: 536870915
11-07 12:16:46.816   551   606 V msm8974_platform: platform_get_parameters: exit: returns - snd_device_in=none
11-07 12:16:46.817   551   606 V audio_hw_primary: adev_get_parameters: exit: returns - snd_device_in=none
11-07 12:16:46.817   551   606 I hash_map_utils: key: 'snd_device_in' value: ''
11-07 12:16:46.817   551  2910 V msm8974_platform: platform_get_parameters: exit: returns - snd_device_out=speaker
11-07 12:16:46.817   551  2910 V audio_hw_primary: adev_get_parameters: exit: returns - snd_device_out=speaker
11-07 12:16:46.817   551  2910 I hash_map_utils: key: 'snd_device_out' value: ''
11-07 12:16:46.819   716 12410 I [CT]    : VIPER: [floorplane] Floor height has been updated to 1.44334 meters.
11-07 12:16:46.885 11611 11631 W InputDeviceManager: AddPairToDeviceListMapping called when index already exists in the vector index: 1,  id: 536870915
11-07 12:16:47.031  2167 12356 I GuardianRender: GuardianRender: Rendering status changed: false
11-07 12:16:47.274  2074 16997 W LibraryProvider: Cannot find entitlement for com.oculus.systemdriver
11-07 12:16:47.276  1803  2037 W OVRLibrary: null cursor received for query content://com.oculus.ocms.library/apps/com.oculus.systemdriver
11-07 12:16:47.276  1803  2037 I SDKLoggingService: Unable to find AppId for package (com.oculus.systemdriver)
11-07 12:16:47.281  2167 12356 I GuardianRender: GuardianRender: Rendering status changed: true
11-07 12:16:47.370   716 12329 I [CT]    : Viper:Map_Manager: State: TRACKING_PERSISTENT, UUID=2c5e4e74-36b3-42fc-8983-214e2852eca3, Num. Persistent maps = 5,  Persistent maps:4034f9e6-aea6-4d8b-9875-0a4dcc820184,6deead67-4213-4151-aaf8-63de2ae4c2a9,5c9cda66-709e-4775-93a8-ccba5cac6ad4,2c5e4e74-36b3-42fc-8983-214e2852eca3,fda60373-74c6-4496-b368-06c9baf27c06,, Ser. Disabled = 00000000-0000-0000-0000-000000000000
11-07 12:16:47.406   716 12329 I [CT]    : VIPER: Status=6DoF,TRACKING,KF=54,Inl=353,Pts=347,Jit=0.8mm,Issues(Cam/min=0.0,IMU/min=0.0),Exp=(5.5ms,g=6,I=99)(5.1ms,g=3,I=98)(5.5ms,g=6,I=107)(5.3ms,g=3,I=95)
11-07 12:16:47.428 11611 12577 W InputDeviceManager: AddPairToDeviceListMapping called when index already exists in the vector index: 1,  id: 536870915
11-07 12:16:47.428 11611 12566 I VrApi   : FPS=51,Prd=44ms,Tear=0,Early=0,Stale=59,VSnc=1,Lat=1,Fov=0,CPU4/GPU=4/5,2304/710MHz,OC=FF,TA=0/E0/E0,SP=N/F/F,Mem=1804MHz,Free=1172MB,PSM=0,PLS=0,Temp=31.0C/0.0C,TW=2.19ms,App=19.31ms,GD=1.24ms,CPU&GPU=22.61ms,LCnt=1,GPU%=0.95,CPU%=0.29(W0.35)
11-07 12:16:47.776 11611 12577 W InputDeviceManager: AddPairToDeviceListMapping called when index already exists in the vector index: 1,  id: 536870915
11-07 12:16:48.109   716 12328 I [CT]    : MANAGEMENT:CONSTELLATION: Status=GREEN,, Obj=16572054001761934198,6DOF=1,FusJit=0.006mm,Issues(Cam/min=  0,IMU/min=0), Obj=3669952633402657438,6DOF=1,FusJit=0.0mm,Issues(Cam/min=  0,IMU/min=0)
11-07 12:16:48.110 11611 11631 W InputDeviceManager: AddPairToDeviceListMapping called when index already exists in the vector index: 1,  id: 536870915
11-07 12:16:48.427 11611 12566 I VrApi   : FPS=55,Prd=45ms,Tear=0,Early=0,Stale=42,VSnc=1,Lat=1,Fov=0,CPU4/GPU=4/5,2304/710MHz,OC=FF,TA=0/E0/E0,SP=N/F/F,Mem=1804MHz,Free=1167MB,PSM=0,PLS=0,Temp=31.0C/0.0C,TW=2.51ms,App=17.94ms,GD=1.06ms,CPU&GPU=23.68ms,LCnt=1,GPU%=0.93,CPU%=0.30(W0.36)
11-07 12:16:48.500 11611 12577 W InputDeviceManager: AddPairToDeviceListMapping called when index already exists in the vector index: 1,  id: 536870915
11-07 12:16:48.604   716 12329 I [CT]    : HealthReport: ==================================================
11-07 12:16:48.604   716 12329 I [CT]    : Health Report
11-07 12:16:48.604   716 12329 I [CT]    : -------------
11-07 12:16:48.604   716 12329 I [CT]    : 
11-07 12:16:48.604   716 12329 I [CT]    : Reporter #1 (InsideOutHealthMonitor) summary:
11-07 12:16:48.604   716 12329 I [CT]    : Camera: Total Dropped: 0.000000, Total Frame Count: 577 (0.000000%), Camera Reset Count: 0
11-07 12:16:48.604   716 12329 I [CT]    : Camera: Total Single Camera Frame Dropped: 0, Total Frame Count: 577 (0.000000%)
11-07 12:16:48.604   716 12329 I [CT]    : IMU: Total Dropped: 0.000000, Total Sample Count: 19451 (0.000000%)
11-07 12:16:48.604   716 12329 I [CT]    : Magnetometer: Total Dropped: 0.000000, Total Sample Count: 584 (0.000000%)
11-07 12:16:48.604   716 12329 I [CT]    : 
11-07 12:16:48.604   716 12329 I [CT]    : Reporter #1 (InsideOutHealthMonitor) Passed
11-07 12:16:48.604   716 12329 I [CT]    : --------------------------------------------------
11-07 12:16:48.604   716 12329 I [CT]    : Reporter #2 (ConstellationHealthMonitor) summary:
11-07 12:16:48.604   716 12329 I [CT]    : Camera: Total Dropped: 0.000000, Total Frame Count: 578 (0.000000%), Camera Reset Count: 1
11-07 12:16:48.604   716 12329 I [CT]    : Camera: Total Single Camera Frame Dropped: 0, Total Frame Count: 578 (0.000000%)
11-07 12:16:48.604   716 12329 I [CT]    : Controller 16572054001761934198:
11-07 12:16:48.604   716 12329 I [CT]    : IMU: Capture period exceeded threshold.  Largest period: 2.753122 sec
11-07 12:16:48.604   716 12329 I [CT]    : Controllers may have been sleeping
11-07 12:16:48.604   716 12329 I [CT]    : IMU: Total Dropped: 0.000000, Total Sample Count: 8429.185500 (0.000000%)
11-07 12:16:48.604   716 12329 I [CT]    : Controller 3669952633402657438:
11-07 12:16:48.604   716 12329 I [CT]    : IMU: C
11-07 12:16:48.827   551   606 V msm8974_platform: platform_get_parameters: exit: returns - snd_device_in=none
11-07 12:16:48.827   551   606 V audio_hw_primary: adev_get_parameters: exit: returns - snd_device_in=none
11-07 12:16:48.827   551   606 I hash_map_utils: key: 'snd_device_in' value: ''
11-07 12:16:48.827   551  2910 V msm8974_platform: platform_get_parameters: exit: returns - snd_device_out=speaker
11-07 12:16:48.827   551  2910 V audio_hw_primary: adev_get_parameters: exit: returns - snd_device_out=speaker
11-07 12:16:48.827   551  2910 I hash_map_utils: key: 'snd_device_out' value: ''
11-07 12:16:49.021  2167 12356 I GuardianRender: GuardianRender: Rendering status changed: false
11-07 12:16:49.028  1081  1399 I WifiHAL : event received NL80211_CMD_VENDOR, vendor_id = 0x1374, subcmd = 0x6a
11-07 12:16:49.411  2167 12356 I TimeWarp: UpdateClockLevels: Apply pending clock request change: 4,5 -> 4,4
11-07 12:16:49.412  2167 12344 I Clocks  : ReleaseClocks - start
11-07 12:16:49.412   720   720 D VrApiService: CPU_CLUSTER_0: No client requests exists, release clocks
11-07 12:16:49.412   720   720 D VrApiService: CPU_CLUSTER_1: No client requests exists, release clocks
11-07 12:16:49.413   720   720 D VrApiService: GPU: No client requests exists, release clocks
11-07 12:16:49.413   720   720 D VrApiService: CPUBW: No client requests exists, release clocks
11-07 12:16:49.413   720   720 D VrApiService: GPUBW: No client requests exists, release clocks
11-07 12:16:49.414  2167 12344 I Clocks  : ReleaseClocks - end (1.7 ms)
11-07 12:16:49.414  2167 12344 I Clocks  : LockClocks( cpu=4, gpu=4 ) - start
11-07 12:16:49.414  2167 12344 I Clocks  : CPU levels [0, 4]
11-07 12:16:49.414  2167 12344 I Clocks  : GPU levels [0, 5]
11-07 12:16:49.414   720  1991 D VrApiService: CPU_CLUSTER_0: Client 2167 sends freq request [21, 21]
11-07 12:16:49.415   720  1991 D VrApiService: CPU_CLUSTER_0: Next Perf Level = (21, 21)
11-07 12:16:49.415   720  1991 D VrApiService: CPU_CLUSTER_1: Client 2167 sends freq request [26, 26]
11-07 12:16:49.415   720  1991 D VrApiService: CPU_CLUSTER_1: Next Perf Level = (26, 26)
11-07 12:16:49.415   720  1991 D VrApiService: CPUBW: Client 2167 sends freq request [8, 11]
11-07 12:16:49.415   720  1991 D VrApiService: CPUBW: Next Perf Level = (8, 11)
11-07 12:16:49.415   720  1991 D VrApiService: GPUBW: Client 2167 sends freq request [9, 11]
11-07 12:16:49.415   720  1991 D VrApiService: GPUBW: Next Perf Level = (9, 11)
11-07 12:16:49.415   720  1991 D VrApiService: GPU: Client 2167 sends freq request [6, 6]
11-07 12:16:49.415   720  1991 D VrApiService: GPU: Next Perf Level = (6, 6)
11-07 12:16:49.416  2167 12344 I Clocks  : LockClocks( cpu=4, gpu=4 ) - end (2.2 ms)
11-07 12:16:49.428 11611 12566 I VrApi   : FPS=57,Prd=44ms,Tear=0,Early=0,Stale=46,VSnc=1,Lat=1,Fov=0,CPU4/GPU=4/5,2304/670MHz,OC=FF,TA=0/E0/E0,SP=N/F/F,Mem=1804MHz,Free=1171MB,PSM=0,PLS=0,Temp=31.0C/0.0C,TW=2.52ms,App=16.82ms,GD=0.49ms,CPU&GPU=22.88ms,LCnt=1,GPU%=0.93,CPU%=0.29(W0.33)
11-07 12:16:49.962 11611 12577 W InputDeviceManager: AddPairToDeviceListMapping called when index already exists in the vector index: 1,  id: 536870915
11-07 12:16:50.046 11611 12577 W InputDeviceManager: AddPairToDeviceListMapping called when index already exists in the vector index: 1,  id: 536870915
11-07 12:16:50.370   716 12329 I [CT]    : Viper:Map_Manager: State: TRACKING_PERSISTENT, UUID=2c5e4e74-36b3-42fc-8983-214e2852eca3, Num. Persistent maps = 5,  Persistent maps:4034f9e6-aea6-4d8b-9875-0a4dcc820184,6deead67-4213-4151-aaf8-63de2ae4c2a9,5c9cda66-709e-4775-93a8-ccba5cac6ad4,2c5e4e74-36b3-42fc-8983-214e2852eca3,fda60373-74c6-4496-b368-06c9baf27c06,, Ser. Disabled = 00000000-0000-0000-0000-000000000000
11-07 12:16:50.404   716 12329 I [CT]    : VIPER: Status=6DoF,TRACKING,KF=54,Inl=325,Pts=347,Jit=0.1mm,Issues(Cam/min=0.0,IMU/min=0.0),Exp=(5.8ms,g=4,I=99)(4.6ms,g=3,I=97)(5.8ms,g=4,I=99)(4.9ms,g=3,I=94)
11-07 12:16:50.428 11611 12566 I VrApi   : FPS=57,Prd=44ms,Tear=0,Early=0,Stale=35,VSnc=1,Lat=1,Fov=0,CPU4/GPU=4/4,2304/670MHz,OC=FF,TA=0/E0/E0,SP=N/F/F,Mem=1804MHz,Free=1172MB,PSM=0,PLS=0,Temp=31.0C/0.0C,TW=1.93ms,App=16.05ms,GD=0.00ms,CPU&GPU=22.87ms,LCnt=1,GPU%=0.94,CPU%=0.26(W0.32)
11-07 12:16:50.838   551   606 V msm8974_platform: platform_get_parameters: exit: returns - snd_device_in=none
11-07 12:16:50.838   551   606 V audio_hw_primary: adev_get_parameters: exit: returns - snd_device_in=none
11-07 12:16:50.838   551   606 I hash_map_utils: key: 'snd_device_in' value: ''
11-07 12:16:50.839   551  2910 V msm8974_platform: platform_get_parameters: exit: returns - snd_device_out=speaker
11-07 12:16:50.839   551  2910 V audio_hw_primary: adev_get_parameters: exit: returns - snd_device_out=speaker
11-07 12:16:50.839   551  2910 I hash_map_utils: key: 'snd_device_out' value: ''
11-07 12:16:51.107   716 12328 I [CT]    : MANAGEMENT:CONSTELLATION: Status=GREEN,, Obj=16572054001761934198,6DOF=1,FusJit=0.003mm,Issues(Cam/min=  0,IMU/min=0), Obj=3669952633402657438,6DOF=1,FusJit=0.0mm,Issues(Cam/min=  0,IMU/min=0)
11-07 12:16:51.396 11611 12577 W InputDeviceManager: AddPairToDeviceListMapping called when index already exists in the vector index: 1,  id: 536870915
11-07 12:16:51.431 11611 12566 I VrApi   : FPS=61,Prd=45ms,Tear=0,Early=0,Stale=36,VSnc=1,Lat=1,Fov=0,CPU4/GPU=4/4,2304/670MHz,OC=FF,TA=0/E0/E0,SP=N/F/F,Mem=1804MHz,Free=1172MB,PSM=0,PLS=0,Temp=31.0C/0.0C,TW=1.93ms,App=16.00ms,GD=0.00ms,CPU&GPU=21.12ms,LCnt=1,GPU%=0.92,CPU%=0.24(W0.30)
11-07 12:16:51.541  1081  1399 I WifiHAL : event received NL80211_CMD_VENDOR, vendor_id = 0x1374, subcmd = 0x6b
11-07 12:16:51.548  1081  1177 D WifiQualifiedNetworkSelector:: ==========start qualified Network Selection==========
11-07 12:16:51.548  1081  1177 D WifiQualifiedNetworkSelector:: Current network is: "F04WiFi01A" ,ID is: 1
11-07 12:16:51.548  1081  1177 D WifiQualifiedNetworkSelector:: Quit qualified Network Selection since it is not forced and current network is qualified already
11-07 12:16:52.106 11611 11631 W InputDeviceManager: AddPairToDeviceListMapping called when index already exists in the vector index: 1,  id: 536870915
11-07 12:16:52.134 11611 11631 W InputDeviceManager: AddPairToDeviceListMapping called when index already exists in the vector index: 1,  id: 536870915
11-07 12:16:52.427 11611 12566 I VrApi   : FPS=60,Prd=45ms,Tear=0,Early=0,Stale=36,VSnc=1,Lat=1,Fov=0,CPU4/GPU=4/4,2304/670MHz,OC=FF,TA=0/E0/E0,SP=N/F/F,Mem=1804MHz,Free=1166MB,PSM=0,PLS=0,Temp=31.0C/0.0C,TW=1.93ms,App=14.81ms,GD=0.00ms,CPU&GPU=21.10ms,LCnt=1,GPU%=0.93,CPU%=0.29(W0.43)
11-07 12:16:52.468 11611 11631 W InputDeviceManager: AddPairToDeviceListMapping called when index already exists in the vector index: 1,  id: 536870915
11-07 12:16:52.491  2074  2216 W LibraryProvider: Cannot find entitlement for com.oculus.systemdriver
11-07 12:16:52.492  1803  1954 W OVRLibrary: null cursor received for query content://com.oculus.ocms.library/apps/com.oculus.systemdriver
11-07 12:16:52.492  1803  1954 I SDKLoggingService: Unable to find AppId for package (com.oculus.systemdriver)
11-07 12:16:52.496 11611 12577 W InputDeviceManager: AddPairToDeviceListMapping called when index already exists in the vector index: 1,  id: 536870915
11-07 12:16:52.503  2167 12356 I GuardianRender: GuardianRender: Rendering status changed: true
11-07 12:16:52.586  2167 12356 I TimeWarp: UpdateClockLevels: Apply pending clock request change: 4,4 -> 4,5
11-07 12:16:52.586  2167 12344 I Clocks  : ReleaseClocks - start
11-07 12:16:52.587   720  1992 D VrApiService: CPU_CLUSTER_0: No client requests exists, release clocks
11-07 12:16:52.587   720  1992 D VrApiService: CPU_CLUSTER_1: No client requests exists, release clocks
11-07 12:16:52.589   720  1992 D VrApiService: GPU: No client requests exists, release clocks
11-07 12:16:52.589   720  1992 D VrApiService: CPUBW: No client requests exists, release clocks
11-07 12:16:52.589   720  1992 D VrApiService: GPUBW: No client requests exists, release clocks
11-07 12:16:52.590  2167 12344 I Clocks  : ReleaseClocks - end (3.0 ms)
11-07 12:16:52.590  2167 12344 I Clocks  : LockClocks( cpu=4, gpu=5 ) - start
11-07 12:16:52.592  2167 12344 I Clocks  : CPU levels [0, 4]
11-07 12:16:52.592  2167 12344 I Clocks  : GPU levels [0, 5]
11-07 12:16:52.592   720  6500 D VrApiService: CPU_CLUSTER_0: Client 2167 sends freq request [21, 21]
11-07 12:16:52.592   720  6500 D VrApiService: CPU_CLUSTER_0: Next Perf Level = (21, 21)
11-07 12:16:52.592   720  6500 D VrApiService: CPU_CLUSTER_1: Client 2167 sends freq request [26, 26]
11-07 12:16:52.592   720  6500 D VrApiService: CPU_CLUSTER_1: Next Perf Level = (26, 26)
11-07 12:16:52.593   720  6500 D VrApiService: CPUBW: Client 2167 sends freq request [8, 11]
11-07 12:16:52.593   720  6500 D VrApiService: CPUBW: Next Perf Level = (8, 11)
11-07 12:16:52.593   720  6500 D VrApiService: GPUBW: Client 2167 sends freq request [9, 11]
11-07 12:16:52.593   720  6500 D VrApiService: GPUBW: Next Perf Level = (9, 11)
11-07 12:16:52.593   720  6500 D VrApiService: GPU: Client 2167 sends freq request [7, 7]
11-07 12:16:52.593   720  6500 D VrApiService: GPU: Next Perf Level = (7, 7)
11-07 12:16:52.594  2167 12344 I Clocks  : LockClocks( cpu=4, gpu=5 ) - end (4.0 ms)
11-07 12:16:52.816 11611 11631 W InputDeviceManager: AddPairToDeviceListMapping called when index already exists in the vector index: 1,  id: 536870915
11-07 12:16:52.846   551   606 V msm8974_platform: platform_get_parameters: exit: returns - snd_device_in=none
11-07 12:16:52.846   551   606 V audio_hw_primary: adev_get_parameters: exit: returns - snd_device_in=none
11-07 12:16:52.846   551   606 I hash_map_utils: key: 'snd_device_in' value: ''
11-07 12:16:52.846   551  2910 V msm8974_platform: platform_get_parameters: exit: returns - snd_device_out=speaker
11-07 12:16:52.847   551  2910 V audio_hw_primary: adev_get_parameters: exit: returns - snd_device_out=speaker
11-07 12:16:52.847   551  2910 I hash_map_utils: key: 'snd_device_out' value: ''
11-07 12:16:53.318 11611 12577 W InputDeviceManager: AddPairToDeviceListMapping called when index already exists in the vector index: 1,  id: 536870915
11-07 12:16:53.370   716 12329 I [CT]    : Viper:Map_Manager: State: TRACKING_PERSISTENT, UUID=2c5e4e74-36b3-42fc-8983-214e2852eca3, Num. Persistent maps = 5,  Persistent maps:4034f9e6-aea6-4d8b-9875-0a4dcc820184,6deead67-4213-4151-aaf8-63de2ae4c2a9,5c9cda66-709e-4775-93a8-ccba5cac6ad4,2c5e4e74-36b3-42fc-8983-214e2852eca3,fda60373-74c6-4496-b368-06c9baf27c06,, Ser. Disabled = 00000000-0000-0000-0000-000000000000
11-07 12:16:53.404   716 12329 I [CT]    : VIPER: Status=6DoF,TRACKING,KF=54,Inl=344,Pts=347,Jit=0.6mm,Issues(Cam/min=0.0,IMU/min=0.0),Exp=(5.5ms,g=4,I=100)(5.1ms,g=3,I=98)(5.5ms,g=4,I=98)(4.6ms,g=4,I=97)
11-07 12:16:53.426 11611 12566 I VrApi   : FPS=60,Prd=44ms,Tear=0,Early=0,Stale=36,VSnc=1,Lat=1,Fov=0,CPU4/GPU=4/5,2304/710MHz,OC=FF,TA=0/E0/E0,SP=N/F/F,Mem=1804MHz,Free=1171MB,PSM=0,PLS=0,Temp=31.0C/0.0C,TW=2.54ms,App=17.97ms,GD=0.50ms,CPU&GPU=21.00ms,LCnt=1,GPU%=0.94,CPU%=0.27(W0.38)
11-07 12:16:53.605   716 12329 I [CT]    : HealthReport: ==================================================
11-07 12:16:53.605   716 12329 I [CT]    : Health Report
11-07 12:16:53.605   716 12329 I [CT]    : -------------
11-07 12:16:53.605   716 12329 I [CT]    : 
11-07 12:16:53.605   716 12329 I [CT]    : Reporter #1 (InsideOutHealthMonitor) summary:
11-07 12:16:53.605   716 12329 I [CT]    : Camera: Total Dropped: 0.000000, Total Frame Count: 727 (0.000000%), Camera Reset Count: 0
11-07 12:16:53.605   716 12329 I [CT]    : Camera: Total Single Camera Frame Dropped: 0, Total Frame Count: 727 (0.000000%)
11-07 12:16:53.605   716 12329 I [CT]    : IMU: Total Dropped: 0.000000, Total Sample Count: 24451 (0.000000%)
11-07 12:16:53.605   716 12329 I [CT]    : Magnetometer: Total Dropped: 0.000000, Total Sample Count: 733 (0.000000%)
11-07 12:16:53.605   716 12329 I [CT]    : 
11-07 12:16:53.605   716 12329 I [CT]    : Reporter #1 (InsideOutHealthMonitor) Passed
11-07 12:16:53.605   716 12329 I [CT]    : --------------------------------------------------
11-07 12:16:53.605   716 12329 I [CT]    : Reporter #2 (ConstellationHealthMonitor) summary:
11-07 12:16:53.605   716 12329 I [CT]    : Camera: Total Dropped: 0.000000, Total Frame Count: 728 (0.000000%), Camera Reset Count: 1
11-07 12:16:53.605   716 12329 I [CT]    : Camera: Total Single Camera Frame Dropped: 0, Total Frame Count: 728 (0.000000%)
11-07 12:16:53.605   716 12329 I [CT]    : Controller 16572054001761934198:
11-07 12:16:53.605   716 12329 I [CT]    : IMU: Capture period exceeded threshold.  Largest period: 2.753122 sec
11-07 12:16:53.605   716 12329 I [CT]    : Controllers may have been sleeping
11-07 12:16:53.605   716 12329 I [CT]    : IMU: Total Dropped: 0.000000, Total Sample Count: 10929.288500 (0.000000%)
11-07 12:16:53.605   716 12329 I [CT]    : Controller 3669952633402657438:
11-07 12:16:53.605   716 12329 I [CT]    : IMU: 
11-07 12:16:54.107   716 12328 I [CT]    : MANAGEMENT:CONSTELLATION: Status=GREEN,, Obj=16572054001761934198,6DOF=1,FusJit=0.06mm,Issues(Cam/min=  0,IMU/min=0), Obj=3669952633402657438,6DOF=1,FusJit=0.0mm,Issues(Cam/min=  0,IMU/min=0)
11-07 12:16:54.428 11611 12566 I VrApi   : FPS=60,Prd=45ms,Tear=0,Early=0,Stale=44,VSnc=1,Lat=1,Fov=0,CPU4/GPU=4/5,2304/710MHz,OC=FF,TA=0/E0/E0,SP=N/F/F,Mem=1804MHz,Free=1171MB,PSM=0,PLS=0,Temp=31.0C/0.0C,TW=2.48ms,App=16.38ms,GD=0.52ms,CPU&GPU=21.46ms,LCnt=1,GPU%=0.94,CPU%=0.21(W0.30)
11-07 12:16:54.860   551   606 V msm8974_platform: platform_get_parameters: exit: returns - snd_device_in=none
11-07 12:16:54.860   551   606 V audio_hw_primary: adev_get_parameters: exit: returns - snd_device_in=none
11-07 12:16:54.860   551   606 I hash_map_utils: key: 'snd_device_in' value: ''
11-07 12:16:54.860   551  2910 V msm8974_platform: platform_get_parameters: exit: returns - snd_device_out=speaker
11-07 12:16:54.860   551  2910 V audio_hw_primary: adev_get_parameters: exit: returns - snd_device_out=speaker
11-07 12:16:54.860   551  2910 I hash_map_utils: key: 'snd_device_out' value: ''
11-07 12:16:55.337 11611 11631 W InputDeviceManager: AddPairToDeviceListMapping called when index already exists in the vector index: 1,  id: 536870915
11-07 12:16:55.406 11611 12577 W InputDeviceManager: AddPairToDeviceListMapping called when index already exists in the vector index: 1,  id: 536870915
11-07 12:16:55.429 11611 12566 I VrApi   : FPS=57,Prd=44ms,Tear=0,Early=0,Stale=44,VSnc=1,Lat=1,Fov=0,CPU4/GPU=4/5,2304/710MHz,OC=FF,TA=0/E0/E0,SP=N/F/F,Mem=1804MHz,Free=1171MB,PSM=0,PLS=0,Temp=31.0C/0.0C,TW=2.48ms,App=16.77ms,GD=0.59ms,CPU&GPU=22.16ms,LCnt=1,GPU%=0.92,CPU%=0.25(W0.38)
11-07 12:16:55.671  1539  9317 I OsSdk   : will wait 60 seconds before retrying
11-07 12:16:55.935 11611 11631 W InputDeviceManager: AddPairToDeviceListMapping called when index already exists in the vector index: 1,  id: 536870915
11-07 12:16:56.044 11611 11633 D UE4     : Used memory: 405088
11-07 12:16:56.339 11611 12577 W InputDeviceManager: AddPairToDeviceListMapping called when index already exists in the vector index: 1,  id: 536870915
11-07 12:16:56.370   716 12329 I [CT]    : Viper:Map_Manager: State: TRACKING_PERSISTENT, UUID=2c5e4e74-36b3-42fc-8983-214e2852eca3, Num. Persistent maps = 5,  Persistent maps:4034f9e6-aea6-4d8b-9875-0a4dcc820184,6deead67-4213-4151-aaf8-63de2ae4c2a9,5c9cda66-709e-4775-93a8-ccba5cac6ad4,2c5e4e74-36b3-42fc-8983-214e2852eca3,fda60373-74c6-4496-b368-06c9baf27c06,, Ser. Disabled = 00000000-0000-0000-0000-000000000000
11-07 12:16:56.405   716 12329 I [CT]    : VIPER: Status=6DoF,TRACKING,KF=54,Inl=346,Pts=347,Jit=0.2mm,Issues(Cam/min=0.0,IMU/min=0.0),Exp=(5.9ms,g=4,I=99)(5.3ms,g=3,I=97)(5.9ms,g=4,I=101)(4.9ms,g=4,I=98)
11-07 12:16:56.688 11611 11631 W InputDeviceManager: AddPairToDeviceListMapping called when index already exists in the vector index: 1,  id: 536870915
11-07 12:16:56.723 11611 12566 I Telemetry: App memory usage: PSS=396MB
11-07 12:16:56.725 11611 12566 I VrApi   : FPS=57,Prd=45ms,Tear=0,Early=0,Stale=45,VSnc=1,Lat=1,Fov=0,CPU4/GPU=4/5,2304/710MHz,OC=FF,TA=0/E0/E0,SP=N/F/F,Mem=1804MHz,Free=1171MB,PSM=0,PLS=0,Temp=31.0C/0.0C,TW=2.50ms,App=17.00ms,GD=0.62ms,CPU&GPU=22.66ms,LCnt=1,GPU%=0.94,CPU%=0.29(W0.35)
11-07 12:16:56.878   551   606 V msm8974_platform: platform_get_parameters: exit: returns - snd_device_in=none
11-07 12:16:56.879   551   606 V audio_hw_primary: adev_get_parameters: exit: returns - snd_device_in=none
11-07 12:16:56.879   551   606 I hash_map_utils: key: 'snd_device_in' value: ''
11-07 12:16:56.879   551  2910 V msm8974_platform: platform_get_parameters: exit: returns - snd_device_out=speaker
11-07 12:16:56.879   551  2910 V audio_hw_primary: adev_get_parameters: exit: returns - snd_device_out=speaker
11-07 12:16:56.879   551  2910 I hash_map_utils: key: 'snd_device_out' value: ''
11-07 12:16:57.063 11611 12577 W InputDeviceManager: AddPairToDeviceListMapping called when index already exists in the vector index: 1,  id: 536870915
11-07 12:16:57.105 11611 11631 W InputDeviceManager: AddPairToDeviceListMapping called when index already exists in the vector index: 1,  id: 536870915
11-07 12:16:57.107   716 12328 I [CT]    : MANAGEMENT:CONSTELLATION: Status=GREEN,, Obj=16572054001761934198,6DOF=1,FusJit=0.004mm,Issues(Cam/min=  0,IMU/min=0), Obj=3669952633402657438,6DOF=1,FusJit=0.0mm,Issues(Cam/min=  0,IMU/min=0)
11-07 12:16:57.189 11611 12577 W InputDeviceManager: AddPairToDeviceListMapping called when index already exists in the vector index: 1,  id: 536870915
11-07 12:16:57.286 11611 12577 W InputDeviceManager: AddPairToDeviceListMapping called when index already exists in the vector index: 1,  id: 536870915
11-07 12:16:57.429 11611 12566 I VrApi   : FPS=57,Prd=45ms,Tear=0,Early=0,Stale=47,VSnc=1,Lat=1,Fov=0,CPU4/GPU=4/5,2304/710MHz,OC=FF,TA=0/E0/E0,SP=N/F/F,Mem=1804MHz,Free=1171MB,PSM=0,PLS=0,Temp=31.0C/0.0C,TW=2.53ms,App=19.00ms,GD=0.65ms,CPU&GPU=22.97ms,LCnt=1,GPU%=0.89,CPU%=0.23(W0.26)
11-07 12:16:57.891  2167 12356 I GuardianRender: GuardianRender: Rendering status changed: false
11-07 12:16:58.183  2167 12356 I TimeWarp: UpdateClockLevels: Apply pending clock request change: 4,5 -> 4,4
11-07 12:16:58.184  2167 12344 I Clocks  : ReleaseClocks - start
11-07 12:16:58.184   720 30446 D VrApiService: CPU_CLUSTER_0: No client requests exists, release clocks
11-07 12:16:58.184   720 30446 D VrApiService: CPU_CLUSTER_1: No client requests exists, release clocks
11-07 12:16:58.184   720 30446 D VrApiService: GPU: No client requests exists, release clocks
11-07 12:16:58.184   720 30446 D VrApiService: CPUBW: No client requests exists, release clocks
11-07 12:16:58.185   720 30446 D VrApiService: GPUBW: No client requests exists, release clocks
11-07 12:16:58.185  2167 12344 I Clocks  : ReleaseClocks - end (1.7 ms)
11-07 12:16:58.185  2167 12344 I Clocks  : LockClocks( cpu=4, gpu=4 ) - start
11-07 12:16:58.186  2167 12344 I Clocks  : CPU levels [0, 4]
11-07 12:16:58.186  2167 12344 I Clocks  : GPU levels [0, 5]
11-07 12:16:58.187   720   720 D VrApiService: CPU_CLUSTER_0: Client 2167 sends freq request [21, 21]
11-07 12:16:58.187   720   720 D VrApiService: CPU_CLUSTER_0: Next Perf Level = (21, 21)
11-07 12:16:58.188   720   720 D VrApiService: CPU_CLUSTER_1: Client 2167 sends freq request [26, 26]
11-07 12:16:58.188   720   720 D VrApiService: CPU_CLUSTER_1: Next Perf Level = (26, 26)
11-07 12:16:58.192   720   720 D VrApiService: CPUBW: Client 2167 sends freq request [8, 11]
11-07 12:16:58.193   720   720 D VrApiService: CPUBW: Next Perf Level = (8, 11)
11-07 12:16:58.193   720   720 D VrApiService: GPUBW: Client 2167 sends freq request [9, 11]
11-07 12:16:58.193   720   720 D VrApiService: GPUBW: Next Perf Level = (9, 11)
11-07 12:16:58.194   720   720 D VrApiService: GPU: Client 2167 sends freq request [6, 6]
11-07 12:16:58.194   720   720 D VrApiService: GPU: Next Perf Level = (6, 6)
11-07 12:16:58.194  2167 12344 I Clocks  : LockClocks( cpu=4, gpu=4 ) - end (8.9 ms)
11-07 12:16:58.311   716 12293 I [CT]    : L:Behavior:NearHeadMoving: state transition: TorsoInitialized -> InRange
11-07 12:16:58.360   716 12293 I [CT]    : L:Behavior:NearHeadMoving: state transition: TorsoInitialized -> InRange
11-07 12:16:58.428 11611 12566 I VrApi   : FPS=56,Prd=44ms,Tear=0,Early=0,Stale=46,VSnc=1,Lat=1,Fov=0,CPU4/GPU=4/5,2304/670MHz,OC=FF,TA=0/E0/E0,SP=N/F/F,Mem=1804MHz,Free=1171MB,PSM=0,PLS=0,Temp=31.0C/0.0C,TW=2.51ms,App=17.07ms,GD=0.58ms,CPU&GPU=22.96ms,LCnt=1,GPU%=0.95,CPU%=0.29(W0.35)
11-07 12:16:58.604   716 12329 I [CT]    : HealthReport: ==================================================
11-07 12:16:58.604   716 12329 I [CT]    : Health Report
11-07 12:16:58.604   716 12329 I [CT]    : -------------
11-07 12:16:58.604   716 12329 I [CT]    : 
11-07 12:16:58.604   716 12329 I [CT]    : Reporter #1 (InsideOutHealthMonitor) summary:
11-07 12:16:58.604   716 12329 I [CT]    : Camera: Total Dropped: 0.000000, Total Frame Count: 877 (0.000000%), Camera Reset Count: 0
11-07 12:16:58.604   716 12329 I [CT]    : Camera: Total Single Camera Frame Dropped: 0, Total Frame Count: 877 (0.000000%)
11-07 12:16:58.604   716 12329 I [CT]    : IMU: Total Dropped: 0.000000, Total Sample Count: 29449 (0.000000%)
11-07 12:16:58.604   716 12329 I [CT]    : Magnetometer: Total Dropped: 0.000000, Total Sample Count: 883 (0.000000%)
11-07 12:16:58.604   716 12329 I [CT]    : 
11-07 12:16:58.604   716 12329 I [CT]    : Reporter #1 (InsideOutHealthMonitor) Passed
11-07 12:16:58.604   716 12329 I [CT]    : --------------------------------------------------
11-07 12:16:58.604   716 12329 I [CT]    : Reporter #2 (ConstellationHealthMonitor) summary:
11-07 12:16:58.604   716 12329 I [CT]    : Camera: Total Dropped: 0.000000, Total Frame Count: 878 (0.000000%), Camera Reset Count: 1
11-07 12:16:58.604   716 12329 I [CT]    : Camera: Total Single Camera Frame Dropped: 0, Total Frame Count: 878 (0.000000%)
11-07 12:16:58.604   716 12329 I [CT]    : Controller 16572054001761934198:
11-07 12:16:58.604   716 12329 I [CT]    : IMU: Capture period exceeded threshold.  Largest period: 2.753122 sec
11-07 12:16:58.604   716 12329 I [CT]    : Controllers may have been sleeping
11-07 12:16:58.604   716 12329 I [CT]    : IMU: Total Dropped: 0.000000, Total Sample Count: 13428.397500 (0.000000%)
11-07 12:16:58.604   716 12329 I [CT]    : Controller 3669952633402657438:
11-07 12:16:58.604   716 12329 I [CT]    : IMU: 
11-07 12:16:58.637 11611 12577 W InputDeviceManager: AddPairToDeviceListMapping called when index already exists in the vector index: 1,  id: 536870915
11-07 12:16:58.642   716 12293 I [CT]    : L:Behavior:NearHeadMoving: state transition: InRange -> Active
11-07 12:16:58.643   716 12293 I [CT]    : L:Behavior:NearHeadMoving: activated
11-07 12:16:58.643   716 12293 I [CT]    : L:Behavior:NearHeadMoving: using reliablePoseInWorld
11-07 12:16:58.643   716 12293 I [CT]    : AdHocPatch: [Left] t = 29.645s, behavior transition: None -> NearHeadMoving at 29.695s
11-07 12:16:58.682   716 12410 W [CT]    : VIPER: [floorplane] Failed detection of groundplane, not enough points for detection. Took 0.07ms
11-07 12:16:58.687   716 12329 W [CT]    : VIPER: Closest keyframe is not in both maps. We can't recover the srcFromTgtMap transform.
11-07 12:16:58.692   716 12293 I [CT]    : L:Behavior:NearHeadMoving: state transition: InRange -> Active
11-07 12:16:58.692   716 12293 I [CT]    : L:Behavior:NearHeadMoving: activated
11-07 12:16:58.692   716 12293 I [CT]    : L:Behavior:NearHeadMoving: using reliablePoseInWorld
11-07 12:16:58.692   716 12293 I [CT]    : AdHocPatch: [Right] t = 29.695s, behavior transition: None -> NearHeadMoving at 29.693s
11-07 12:16:58.885   551   606 V msm8974_platform: platform_get_parameters: exit: returns - snd_device_in=none
11-07 12:16:58.885   551   606 V audio_hw_primary: adev_get_parameters: exit: returns - snd_device_in=none
11-07 12:16:58.885   551   606 I hash_map_utils: key: 'snd_device_in' value: ''
11-07 12:16:58.886   551  2910 V msm8974_platform: platform_get_parameters: exit: returns - snd_device_out=speaker
11-07 12:16:58.886   551  2910 V audio_hw_primary: adev_get_parameters: exit: returns - snd_device_out=speaker
11-07 12:16:58.887   551  2910 I hash_map_utils: key: 'snd_device_out' value: ''
11-07 12:16:58.967   716 12410 W [CT]    : VIPER: [floorplane] Failed detection of groundplane, not enough points for detection. Took 0.062448ms
11-07 12:16:59.208   716 12410 W [CT]    : VIPER: [floorplane] Failed detection of groundplane, not enough points for detection. Took 0.064479ms
11-07 12:16:59.262  1081  1942 I SyncBossHAL: internal/syncboss_hal_prox.c(38): INFO: Reporting prox event: prox_off
11-07 12:16:59.262  1081  1161 D SensorsHAL: returning 1 events to client
11-07 12:16:59.262  1566  1566 D VrPowerManagerService: processing message: sensor changed
11-07 12:16:59.263  1566  1566 I VrPowerManagerService: transition from HEADSET_MOUNTED to HEADSET_UNMOUNTED
11-07 12:16:59.267  2167  2167 D VrRuntimeService: Received broadcast: com.oculus.intent.action.MOUNT_STATE_CHANGED
11-07 12:16:59.267  2167  2167 D VrRuntimeService: mounted state: false
11-07 12:16:59.268 11611 12577 I VrApi   : ovr_HandleHmdEvents: HMT was UNmounted
11-07 12:16:59.268  1505  1528 D VrPowerManagerClient: Headset state: 3
11-07 12:16:59.268  1505  1528 V ControllerNotifications: Handling unmount notification
11-07 12:16:59.268   716 11235 D TrackingService: Received transition request to STANDBY current is RUNNING
11-07 12:16:59.268   716 11235 D TrackingService: Executing transition from RUNNING to STANDBY
11-07 12:16:59.272   551 12288 D audio_hw_primary: adev_set_mic_mute state 0
11-07 12:16:59.273  1803  1803 I VRLifecycleSessionManager: Stored session info.
11-07 12:16:59.274  2167  2397 I ClientMgr: Headset was unmounted
11-07 12:16:59.276  1803  1803 W VRLifecycleManager: onHeadsetUnmounted
11-07 12:16:59.277  1803  1803 I PlatformPluginManager: setHeadsetMountState: false
11-07 12:16:59.278  1803  1803 I OVRPlatform: [AudioManager] SetHeadsetMounted: false
11-07 12:16:59.278  1803  1803 I OVRPlatform: [AudioManager] Current headsetMounted_ false
11-07 12:16:59.279  1803  1803 I OVRPlatform: [AudioManager] Current headphoneStatus_: DISCONNECTED
11-07 12:16:59.279  1803  1803 I OVRPlatform: [PartyChat] Setting connection MicrophoneMutedState MUTED
11-07 12:16:59.279  1803 12296 I OVRPlatform: [PartyChat] Updating playback mode to 0
11-07 12:16:59.279 11611 11631 D OVRPlugin: User present: 0
11-07 12:16:59.279  1803  1803 W VRLifecycleManager: onHeadsetUnmounted
11-07 12:16:59.371   716 12329 I [CT]    : Viper:Map_Manager: State: TRACKING_PERSISTENT, UUID=2c5e4e74-36b3-42fc-8983-214e2852eca3, Num. Persistent maps = 5,  Persistent maps:4034f9e6-aea6-4d8b-9875-0a4dcc820184,6deead67-4213-4151-aaf8-63de2ae4c2a9,5c9cda66-709e-4775-93a8-ccba5cac6ad4,2c5e4e74-36b3-42fc-8983-214e2852eca3,fda60373-74c6-4496-b368-06c9baf27c06,, Ser. Disabled = 00000000-0000-0000-0000-000000000000
11-07 12:16:59.405   716 12329 I [CT]    : VIPER: Status=6DoF,TRACKING,KF=55,Inl=353,Pts=302,Jit=0.8mm,Issues(Cam/min=0.0,IMU/min=0.0),Exp=(6.0ms,g=5,I=99)(4.9ms,g=3,I=97)(6.0ms,g=5,I=95)(4.4ms,g=4,I=98)
11-07 12:16:59.428 11611 12566 I VrApi   : FPS=57,Prd=45ms,Tear=0,Early=0,Stale=32,VSnc=1,Lat=1,Fov=0,CPU4/GPU=4/4,2304/670MHz,OC=FF,TA=0/E0/E0,SP=N/F/F,Mem=1804MHz,Free=1167MB,PSM=0,PLS=0,Temp=31.0C/0.0C,TW=1.93ms,App=16.04ms,GD=0.00ms,CPU&GPU=22.79ms,LCnt=1,GPU%=0.93,CPU%=0.27(W0.33)
11-07 12:16:59.566   716 12410 W [CT]    : VIPER: [floorplane] Failed detection of groundplane, not enough points for detection. Took 0.067657ms
11-07 12:16:59.611 11611 12577 W InputDeviceManager: AddPairToDeviceListMapping called when index already exists in the vector index: 1,  id: 536870915
11-07 12:16:59.765   716 12410 W [CT]    : VIPER: [floorplane] Failed detection of groundplane, not enough points for detection. Took 0.057604ms
11-07 12:16:59.793   716 12328 W [CT]    : CONSTELLATION:MATCHING: [Camera 0] Brute matching timed out after 500/1683 iterations.
11-07 12:16:59.826   716 12328 W [CT]    : CONSTELLATION:MATCHING: [Camera 0] Brute matching timed out after 400/3498 iterations.
11-07 12:16:59.827   716 12328 W [CT]    : CONSTELLATION:MATCHING: [Camera 0] Brute matching timed out after 0/3366 iterations.
11-07 12:16:59.859   716 12328 W [CT]    : CONSTELLATION:MATCHING: [Camera 0] Brute matching timed out after 300/2862 iterations.
11-07 12:16:59.860   716 12328 W [CT]    : CONSTELLATION:MATCHING: [Camera 0] Brute matching timed out after 0/2754 iterations.
11-07 12:16:59.893   716 12328 W [CT]    : CONSTELLATION:MATCHING: [Camera 0] Brute matching timed out after 100/1377 iterations.
11-07 12:16:59.926   716 12328 W [CT]    : CONSTELLATION:MATCHING: [Camera 0] Brute matching timed out after 600/612 iterations.
11-07 12:16:59.969   716 12410 W [CT]    : VIPER: [floorplane] Failed detection of groundplane, not enough points for detection. Took 0.067083ms
11-07 12:16:59.982 15796 15812 I OsSdk   : will wait 60 seconds before retrying
11-07 12:17:00.002   716 12329 I [CT]    : VIPER:TRACKSTATUS: BAD TRACKING: num_inliers too low (11 < 13)
11-07 12:17:00.056   716 12329 W [CT]    : VIPER: Closest keyframe is not in both maps. We can't recover the srcFromTgtMap transform.
11-07 12:17:00.057   716 12410 W [CT]    : VIPER: [floorplane] Failed detection of groundplane, not enough points for detection. Took 0.073594ms
11-07 12:17:00.103   716 12328 I [CT]    : MANAGEMENT:CONSTELLATION: Status=GREEN,, Obj=16572054001761934198,6DOF=1 (estimated),Issues(Cam/min=  0,IMU/min=0), Obj=3669952633402657438,6DOF=1 (estimated),Issues(Cam/min=  0,IMU/min=0)
11-07 12:17:00.179  1803  2758 D UnifiedTelemetryLogger: Gatekeeper values: mDuplicateLogging = false, mUseUnifiedTelemetryService = false
11-07 12:17:00.179  3054  3067 D UnifiedTelemetryLogger: Gatekeeper values: mDuplicateLogging = false, mUseUnifiedTelemetryService = false
11-07 12:17:00.202   716 12329 I [CT]    : VIPER:TRACKSTATUS: BAD TRACKING: num_inliers too low (12 < 13)
11-07 12:17:00.224   716 12329 W [CT]    : VIPER: Closest keyframe is not in both maps. We can't recover the srcFromTgtMap transform.
11-07 12:17:00.224   716 12410 W [CT]    : VIPER: [floorplane] Failed detection of groundplane, not enough points for detection. Took 0.080781ms
11-07 12:17:00.225  2074  2137 D UnifiedTelemetryLogger: Gatekeeper values: mDuplicateLogging = false, mUseUnifiedTelemetryService = false
11-07 12:17:00.237   716 12329 I [CT]    : VIPER:TRACKSTATUS: BAD TRACKING: num_inliers too low (10 < 13)
11-07 12:17:00.275  1969  2762 D UnifiedTelemetryLogger: Gatekeeper values: mDuplicateLogging = false, mUseUnifiedTelemetryService = false
11-07 12:17:00.329 22355 22375 D UnifiedTelemetryLogger: Gatekeeper values: mDuplicateLogging = false, mUseUnifiedTelemetryService = false
11-07 12:17:00.387 20629 20644 D UnifiedTelemetryLogger: Gatekeeper values: mDuplicateLogging = false, mUseUnifiedTelemetryService = false
11-07 12:17:00.413   716 12410 W [CT]    : VIPER: [floorplane] Failed detection of groundplane, not enough points for detection. Took 0.048385ms
11-07 12:17:00.423   716 12329 W [CT]    : VIPER: Closest keyframe is not in both maps. We can't recover the srcFromTgtMap transform.
11-07 12:17:00.429 11611 12566 I VrApi   : FPS=64,Prd=45ms,Tear=0,Early=0,Stale=30,VSnc=1,Lat=1,Fov=0,CPU4/GPU=4/4,2304/670MHz,OC=FF,TA=0/E0/E0,SP=N/F/F,Mem=1804MHz,Free=1171MB,PSM=0,PLS=0,Temp=31.0C/0.0C,TW=3.16ms,App=16.98ms,GD=0.00ms,CPU&GPU=20.25ms,LCnt=1,GPU%=0.92,CPU%=0.28(W0.32)
11-07 12:17:00.436   716 12329 I [CT]    : VIPER:TRACKSTATUS: BAD TRACKING: num_inliers too low (12 < 13)
11-07 12:17:00.467   716 12329 I [CT]    : VIPER:TRACKSTATUS: BAD TRACKING: num_inliers too low (11 < 13)
11-07 12:17:00.559   716 12328 W [CT]    : CONSTELLATION:MATCHING: [Camera 1] Brute matching timed out after 100/153 iterations.
11-07 12:17:00.682  1522  2755 D UnifiedTelemetryLogger: Gatekeeper values: mDuplicateLogging = false, mUseUnifiedTelemetryService = false
11-07 12:17:00.696  1436  2754 D UnifiedTelemetryLogger: Gatekeeper values: mDuplicateLogging = false, mUseUnifiedTelemetryService = false
11-07 12:17:00.699   716 12329 I [CT]    : VIPER:TRACKSTATUS: BAD TRACKING: num_inliers too low (11 < 13)
11-07 12:17:00.704  7426  7443 D UnifiedTelemetryLogger: Gatekeeper values: mDuplicateLogging = false, mUseUnifiedTelemetryService = false
11-07 12:17:00.727   716 12328 W [CT]    : CONSTELLATION:MATCHING: [Camera 2] Brute matching timed out after 1000/1431 iterations.
11-07 12:17:00.727   716 12328 W [CT]    : CONSTELLATION:MATCHING: [Camera 2] Brute matching timed out after 0/1377 iterations.
11-07 12:17:00.765   716 12329 I [CT]    : VIPER:TRACKSTATUS: BAD TRACKING: num_inliers too low (12 < 13)
11-07 12:17:00.775   716 12410 W [CT]    : VIPER: [floorplane] Failed detection of groundplane, not enough points for detection. Took 0.051615ms
11-07 12:17:00.781 11611 12577 W InputDeviceManager: AddPairToDeviceListMapping called when index already exists in the vector index: 1,  id: 536870915
11-07 12:17:00.793   716 12328 W [CT]    : CONSTELLATION:MATCHING: [Camera 2] Brute matching timed out after 200/612 iterations.
11-07 12:17:00.826   716 12328 W [CT]    : CONSTELLATION:MATCHING: [Camera 0] Brute matching timed out after 300/1224 iterations.
11-07 12:17:00.836   716 12329 I [CT]    : VIPER:TRACKSTATUS: BAD TRACKING: num_inliers too low (11 < 13)
11-07 12:17:00.899   551  2910 V msm8974_platform: platform_get_parameters: exit: returns - snd_device_in=none
11-07 12:17:00.899   551  2910 V audio_hw_primary: adev_get_parameters: exit: returns - snd_device_in=none
11-07 12:17:00.899   551  2910 I hash_map_utils: key: 'snd_device_in' value: ''
11-07 12:17:00.900   551 12288 V msm8974_platform: platform_get_parameters: exit: returns - snd_device_out=speaker
11-07 12:17:00.900   551 12288 V audio_hw_primary: adev_get_parameters: exit: returns - snd_device_out=speaker
11-07 12:17:00.901   551 12288 I hash_map_utils: key: 'snd_device_out' value: ''
11-07 12:17:00.906 11611 11631 W InputDeviceManager: AddPairToDeviceListMapping called when index already exists in the vector index: 1,  id: 536870915
11-07 12:17:00.993   716 12328 W [CT]    : CONSTELLATION:MATCHING: [Camera 0] Brute matching timed out after 800/918 iterations.
11-07 12:17:01.014 17809 17827 D UnifiedTelemetryLogger: Gatekeeper values: mDuplicateLogging = false, mUseUnifiedTelemetryService = false
11-07 12:17:01.026 11409 11422 D UnifiedTelemetryLogger: Gatekeeper values: mDuplicateLogging = false, mUseUnifiedTelemetryService = false
11-07 12:17:01.093   716 12328 W [CT]    : CONSTELLATION:MATCHING: [Camera 0] Brute matching timed out after 800/918 iterations.
11-07 12:17:01.182   716 12328 I [CT]    : CONSTELLATION: R: RESET. Keep Cov and Calib States = 1
11-07 12:17:01.213   716 12328 I [CT]    : CONSTELLATION: L: RESET. Keep Cov and Calib States = 1
11-07 12:17:01.214   716 12293 I [CT]    : L:Behavior:NearHeadMoving: state transition: Active -> Transition
11-07 12:17:01.252   716 12293 I [CT]    : L:Behavior:NearHeadMoving: state transition: Active -> Transition
11-07 12:17:01.428 11611 12566 I VrApi   : FPS=59,Prd=45ms,Tear=0,Early=0,Stale=45,VSnc=1,Lat=1,Fov=0,CPU4/GPU=4/4,2304/670MHz,OC=FF,TA=0/E0/E0,SP=N/F/F,Mem=1804MHz,Free=1172MB,PSM=0,PLS=0,Temp=31.0C/0.0C,TW=3.12ms,App=16.90ms,GD=0.00ms,CPU&GPU=21.64ms,LCnt=1,GPU%=0.95,CPU%=0.22(W0.25)
11-07 12:17:01.596   716 12329 I [CT]    : VIPER:TRACKSTATUS: BAD TRACKING: num_inliers too low (12 < 13)
11-07 12:17:01.616   716 12293 I [CT]    : L:Behavior:NearHeadMoving: state transition: Transition -> Init
11-07 12:17:01.616   716 12293 I [CT]    : L:Behavior:NearHeadMoving: deactivated
11-07 12:17:01.616   716 12293 I [CT]    : AdHocPatch: [Left] t = 32.618s, behavior transition: NearHeadMoving -> None at 32.669s
11-07 12:17:01.618   716 12293 I [CT]    : L:Behavior:NearHeadMoving: state transition: Init -> InRange
11-07 12:17:01.630   716 12329 I [CT]    : VIPER:TRACKSTATUS: BAD TRACKING: num_inliers too low (12 < 13)
11-07 12:17:01.664   716 12329 I [CT]    : VIPER:TRACKSTATUS: BAD TRACKING: num_inliers too low (11 < 13)
11-07 12:17:01.697   716 12329 I [CT]    : VIPER:TRACKSTATUS: BAD TRACKING: num_inliers too low (12 < 13)
11-07 12:17:01.697   716 12329 I [CT]    : VIPER:TRACKSTATUS: TrackingStatusManager: Transition from 6DoF to 3DoF.
11-07 12:17:01.698   716 12292 I [CT]    : VisionInterface: HMD Tracking switching to 3dof
11-07 12:17:01.701   716 12328 W [CT]    : VIPER: StateBuffer: Could not get velocity from buffer. Not currently tracking in 6dof.
11-07 12:17:01.701   716 12328 I [CT]    : TRACKER:CONSTELLATION: No HMD tracking for Constellation
11-07 12:17:01.703  2167  2396 I GuardianSystem: GuardianSystem::GetCurrentMapId: Relocalization started: 2c5e4e74-36b3-42fc-8983-214e2852eca3 / 2c5e4e74-36b3-42fc-8983-214e2852eca3
11-07 12:17:01.711  2167  2397 I ClientMgr: MountStateShouldPushBlack: Tracking changed to INVALID
11-07 12:17:01.730   716 12329 I [CT]    : VIPER:TRACKSTATUS: BAD TRACKING: num_inliers too low (12 < 16)
11-07 12:17:01.731   716 12329 W [CT]    : VIPER: TRACKING UNSTABLE: No tracking for 0 frames and we have been in 3DoF for 1 frames.
11-07 12:17:01.734   716 12328 W [CT]    : VIPER: StateBuffer: Could not get velocity from buffer. Not currently tracking in 6dof.
11-07 12:17:01.751   716 12293 I [CT]    : L:Behavior:NearHeadMoving: state transition: Transition -> Init
11-07 12:17:01.751   716 12293 I [CT]    : L:Behavior:NearHeadMoving: deactivated
11-07 12:17:01.751   716 12293 I [CT]    : AdHocPatch: [Right] t = 32.755s, behavior transition: NearHeadMoving -> None at 32.802s
11-07 12:17:01.753   716 12293 I [CT]    : L:Behavior:NearHeadMoving: state transition: Init -> TorsoInitialized
11-07 12:17:01.763   716 12329 I [CT]    : VIPER:TRACKSTATUS: BAD TRACKING: num_inliers too low (11 < 16)
11-07 12:17:01.764   716 12329 W [CT]    : VIPER: TRACKING UNSTABLE: No tracking for 0 frames and we have been in 3DoF for 2 frames.
11-07 12:17:01.767   716 12328 W [CT]    : VIPER: StateBuffer: Could not get velocity from buffer. Not currently tracking in 6dof.
11-07 12:17:01.797   716 12329 I [CT]    : VIPER:TRACKSTATUS: BAD TRACKING: num_inliers too low (14 < 16)
11-07 12:17:01.797   716 12329 W [CT]    : VIPER: TRACKING UNSTABLE: No tracking for 0 frames and we have been in 3DoF for 3 frames.
11-07 12:17:01.801   716 12328 W [CT]    : VIPER: StateBuffer: Could not get velocity from buffer. Not currently tracking in 6dof.
11-07 12:17:01.830   716 12329 I [CT]    : VIPER:TRACKSTATUS: BAD TRACKING: num_inliers too low (14 < 16)
11-07 12:17:01.830   716 12329 W [CT]    : VIPER: TRACKING UNSTABLE: No tracking for 0 frames and we have been in 3DoF for 4 frames.
11-07 12:17:01.834   716 12328 W [CT]    : VIPER: StateBuffer: Could not get velocity from buffer. Not currently tracking in 6dof.
11-07 12:17:01.865   716 12329 I [CT]    : VIPER:TRACKSTATUS: BAD TRACKING: num_inliers too low (13 < 16)
11-07 12:17:01.865   716 12329 W [CT]    : VIPER: TRACKING UNSTABLE: No tracking for 0 frames and we have been in 3DoF for 5 frames.
11-07 12:17:01.868   716 12328 W [CT]    : VIPER: StateBuffer: Could not get velocity from buffer. Not currently tracking in 6dof.
11-07 12:17:01.897   716 12329 I [CT]    : VIPER:TRACKSTATUS: BAD TRACKING: num_inliers too low (13 < 16)
11-07 12:17:01.897   716 12329 W [CT]    : VIPER: TRACKING UNSTABLE: No tracking for 0 frames and we have been in 3DoF for 6 frames.
11-07 12:17:01.901   716 12328 W [CT]    : VIPER: StateBuffer: Could not get velocity from buffer. Not currently tracking in 6dof.
11-07 12:17:01.932   716 12329 I [CT]    : VIPER:TRACKSTATUS: BAD TRACKING: num_inliers too low (13 < 16)
11-07 12:17:01.932   716 12329 W [CT]    : VIPER: TRACKING UNSTABLE: No tracking for 0 frames and we have been in 3DoF for 7 frames.
11-07 12:17:01.934   716 12328 W [CT]    : VIPER: StateBuffer: Could not get velocity from buffer. Not currently tracking in 6dof.
11-07 12:17:01.948   716 12293 I [CT]    : L:Behavior:NearHeadMoving: state transition: InRange -> Active
11-07 12:17:01.948   716 12293 I [CT]    : L:Behavior:NearHeadMoving: activated
11-07 12:17:01.948   716 12293 I [CT]    : L:Behavior:NearHeadMoving: using reliablePoseInWorld
11-07 12:17:01.948   716 12293 I [CT]    : AdHocPatch: [Left] t = 32.951s, behavior transition: None -> NearHeadMoving at 32.881s
11-07 12:17:01.964   716 12329 I [CT]    : VIPER:TRACKSTATUS: BAD TRACKING: num_inliers too low (13 < 16)
11-07 12:17:01.964   716 12329 W [CT]    : VIPER: TRACKING UNSTABLE: No tracking for 0 frames and we have been in 3DoF for 8 frames.
11-07 12:17:01.967   716 12328 W [CT]    : VIPER: StateBuffer: Could not get velocity from buffer. Not currently tracking in 6dof.
11-07 12:17:01.998   716 12329 I [CT]    : VIPER:TRACKSTATUS: BAD TRACKING: num_inliers too low (13 < 16)
11-07 12:17:01.998   716 12329 W [CT]    : VIPER: TRACKING UNSTABLE: No tracking for 0 frames and we have been in 3DoF for 9 frames.
11-07 12:17:02.001   716 12328 W [CT]    : VIPER: StateBuffer: Could not get velocity from buffer. Not currently tracking in 6dof.
11-07 12:17:02.031   716 12329 I [CT]    : VIPER:TRACKSTATUS: BAD TRACKING: num_inliers too low (12 < 16)
11-07 12:17:02.031   716 12329 W [CT]    : VIPER: TRACKING UNSTABLE: No tracking for 0 frames and we have been in 3DoF for 10 frames.
11-07 12:17:02.034   716 12328 W [CT]    : VIPER: StateBuffer: Could not get velocity from buffer. Not currently tracking in 6dof.
11-07 12:17:02.043  2074  2179 W LibraryProvider: Cannot find entitlement for system
11-07 12:17:02.043  1466 26980 W OVRLibrary: null cursor received for query content://com.oculus.ocms.library/apps/system
11-07 12:17:02.046   716   979 I OsSdk   : will wait 60 seconds before retrying
11-07 12:17:02.063   716 12329 I [CT]    : VIPER:TRACKSTATUS: BAD TRACKING: num_inliers too low (14 < 16)
11-07 12:17:02.063   716 12329 W [CT]    : VIPER: TRACKING UNSTABLE: No tracking for 0 frames and we have been in 3DoF for 11 frames.
11-07 12:17:02.067   716 12328 W [CT]    : VIPER: StateBuffer: Could not get velocity from buffer. Not currently tracking in 6dof.
11-07 12:17:02.097   716 12329 I [CT]    : VIPER:TRACKSTATUS: BAD TRACKING: num_inliers too low (14 < 16)
11-07 12:17:02.097   716 12329 W [CT]    : VIPER: TRACKING UNSTABLE: No tracking for 0 frames and we have been in 3DoF for 12 frames.
11-07 12:17:02.101   716 12328 W [CT]    : VIPER: StateBuffer: Could not get velocity from buffer. Not currently tracking in 6dof.
11-07 12:17:02.130   716 12329 I [CT]    : VIPER:TRACKSTATUS: BAD TRACKING: num_inliers too low (14 < 16)
11-07 12:17:02.131   716 12329 W [CT]    : VIPER: TRACKING UNSTABLE: No tracking for 0 frames and we have been in 3DoF for 13 frames.
11-07 12:17:02.134   716 12328 W [CT]    : VIPER: StateBuffer: Could not get velocity from buffer. Not currently tracking in 6dof.
11-07 12:17:02.164   716 12329 I [CT]    : VIPER:TRACKSTATUS: BAD TRACKING: num_inliers too low (15 < 16)
