10-24 10:14:51.944 21433 21534 I OVR_MemBuffer: Couldn't open assets/src/ocicon/assets/oc_icon_search_outline_1_24_d2d3d4.png
10-24 10:14:51.945 21433 21534 I OVR_MemBuffer: Couldn't open assets/src/ocicon/assets/oc_icon_home_outline_2_24_d2d3d4.png
10-24 10:14:51.945 21433 21472 I RCTVR   : Marker 'tti_explore_panel_contents': duration=30.333278ms start=2814187.18478199979 end=2814217.51806000015
10-24 10:14:51.945 21433 21472 I RCTVR   : Marker 'tti_explore_panel': duration=29.952080ms start=2814187.68676100019 end=2814217.63884099992
10-24 10:14:51.945 21433 21472 I RCTVR   : Allocated offscreen texture 5, size 792x64
10-24 10:14:51.953  1828  1912 I [OAR] PanelAppHost: Setting panel layer visibility of layer "#main" to visible
10-24 10:14:51.954  1828  1912 I [OAR] PanelRenderLayer: New SurfaceLayer 884 x 540 (shape: 2)
10-24 10:14:51.954 21433 21472 I panelapp: LE reactvr_info
10-24 10:14:51.955 21433 21472 D OculusLogger: logLegacyEvent(reactvr_info, {{device_type=MONTEREY, headset_type=MONTEREY, id=100526290914264, session_id=d794a180-5f32-4a4d-9e39-ce5c03016b21, uid=7, device_region=UNSPECIFIED, type=network_fetch_start, real_timestamp=1571879691919}}, false)
10-24 10:14:51.955 21433 21472 I panelapp: LE reactvr_info
10-24 10:14:51.955 21433 21472 D OculusLogger: logLegacyEvent(reactvr_info, {{device_type=MONTEREY, headset_type=MONTEREY, id=100526290914264, session_id=d794a180-5f32-4a4d-9e39-ce5c03016b21, device_region=UNSPECIFIED, uid=8, type=network_fetch_start, real_timestamp=1571879691919}}, false)
10-24 10:14:51.955 21433 21472 I panelapp: LE reactvr_info
10-24 10:14:51.955 21433 21472 D OculusLogger: logLegacyEvent(reactvr_info, {{start=2814187.184782, device_type=MONTEREY, headset_type=MONTEREY, id=100526290914264, session_id=d794a180-5f32-4a4d-9e39-ce5c03016b21, marker_name=tti_explore_panel_contents, device_region=UNSPECIFIED, duration=30.333278, type=marker_event, real_timestamp=1571879691945}}, false)
10-24 10:14:51.955 21433 21472 I panelapp: LE reactvr_info
10-24 10:14:51.955 21433 21472 D OculusLogger: logLegacyEvent(reactvr_info, {{start=2814187.686761, device_type=MONTEREY, headset_type=MONTEREY, id=100526290914264, session_id=d794a180-5f32-4a4d-9e39-ce5c03016b21, marker_name=tti_explore_panel, device_region=UNSPECIFIED, duration=29.952080, type=marker_event, real_timestamp=1571879691945}}, false)
10-24 10:14:51.957  2177  2188 I VrRuntimeService: nativeCreateTextureSwapChain 65536 0 35907 884 540 10 3 1 0 0
10-24 10:14:51.961  2177  2188 I VrRuntimeServer: CreateTextureSwapChain: result importswapchaingles 1
10-24 10:14:51.962 21433 21505 I RCTVRNET: Request complete: time=206 name=unknown docid= traceid=FCYIv57QWZN code=200
10-24 10:14:51.969 21433 21472 I panelapp: LE reactvr_info
10-24 10:14:51.969 21433 21472 D OculusLogger: logLegacyEvent(reactvr_info, {{device_type=MONTEREY, download_size=0, headset_type=MONTEREY, total_time=0, time_to_fetch=0, time_to_process=11, transfer_time=0, url_uid=821850a9, firstbyte_time=0, id=100526290914264, session_id=d794a180-5f32-4a4d-9e39-ce5c03016b21, download_speed=0, device_region=UNSPECIFIED, type=image_load_complete, real_timestamp=1571879691956}}, false)
10-24 10:14:51.969 21433 21472 I panelapp: LE reactvr_info
10-24 10:14:51.969 21433 21472 D OculusLogger: logLegacyEvent(reactvr_info, {{download_size=0, device_type=MONTEREY, headset_type=MONTEREY, total_time=0, time_to_fetch=0, time_to_process=11, transfer_time=0, url_uid=edc967f2, firstbyte_time=0, id=100526290914264, session_id=d794a180-5f32-4a4d-9e39-ce5c03016b21, download_speed=0, device_region=UNSPECIFIED, type=image_load_complete, real_timestamp=1571879691956}}, false)
10-24 10:14:51.969 21433 21472 I panelapp: LE reactvr_info
10-24 10:14:51.970 21433 21472 D OculusLogger: logLegacyEvent(reactvr_info, {{device_type=MONTEREY, download_size=0, headset_type=MONTEREY, total_time=0, transfer_time=0, time_to_fetch=30, time_to_process=8, url_uid=f396e096, firstbyte_time=0, id=100526290914264, session_id=d794a180-5f32-4a4d-9e39-ce5c03016b21, device_region=UNSPECIFIED, download_speed=0, type=image_load_complete, real_timestamp=1571879691956}}, false)
10-24 10:14:51.970 21433 21472 I panelapp: LE reactvr_info
10-24 10:14:51.970 21433 21472 D OculusLogger: logLegacyEvent(reactvr_info, {{device_type=MONTEREY, download_size=0, headset_type=MONTEREY, total_time=0, time_to_process=11, time_to_fetch=0, transfer_time=0, url_uid=3b1ce9f0, firstbyte_time=0, id=100526290914264, session_id=d794a180-5f32-4a4d-9e39-ce5c03016b21, device_region=UNSPECIFIED, download_speed=0, type=image_load_complete, real_timestamp=1571879691956}}, false)
10-24 10:14:51.970 21433 21472 I panelapp: LE reactvr_info
10-24 10:14:51.970 21433 21472 D OculusLogger: logLegacyEvent(reactvr_info, {{download_size=24.000000, device_type=MONTEREY, headset_type=MONTEREY, total_time=206, method=GET, transfer_time=0, connect_time=6, firstbyte_time=199, code=200, redirect_time=0, retried_times=0, max_retries=3, traceID=FCYIv57QWZN, id=100526290914264, session_id=d794a180-5f32-4a4d-9e39-ce5c03016b21, download_speed=116.000000, namelookup_time=0, uid=3, device_region=UNSPECIFIED, docID=, tracking_name=unknown, type=network_fetch_complete, real_timestamp=1571879691962}}, false)
10-24 10:14:51.981  2177 19617 I TimeWarpProgs: loaded binary layerProgram 0:0x25807:0x0 in 0.8 ms
10-24 10:14:52.004  1828  2467 I OVRPlatform: [HttpRequest] Request `me?fields=current_party{id,leader{id},join_policy,users{id,alias,can_viewer_message,display_name,profile_url,profile_url_small,presence,presence_status,presence_app{id,package_name},presence_deeplink_message,presence_destination_api_name,presence_scoped_user_id,avatar_v2{avatar_image{uri}}},invited_users{id,alias,can_viewer_message,display_name,profile_url,profile_url_small,presence,presence_status,presence_app{id,package_name},presence_deeplink_message,presence_destination_api_name,presence_scoped_user_id,avatar_v2{avatar_image{uri}}}}' (id: 2890) succeeded: {"id":"100526290914264"}
10-24 10:14:52.004  1828  2467 I OVRPlatform: [RequestStopwatch] HttpRequestAsync (me?fields=current_party{id,leader{id},join_policy,users{id,alias,can_viewer_message,display_name,profile_url,profile_url_small,presence,presence_status,presence_app{id,package_name},presence_deeplink_message,presence_destination_api_name,presence_scoped_user_id,avatar_v2{avatar_image{uri}}},invited_users{id,alias,can_viewer_message,display_name,profile_url,profile_url_small,presence,presence_status,presence_app{id,package_name},presence_deeplink_message,presence_destination_api_name,presence_scoped_user_id,avatar_v2{avatar_image{uri}}}}) took 357.2630 milliseconds
10-24 10:14:52.009  1828  1912 I [OAR] PartyManager: Party Response Parse Time: 0.017708ms
10-24 10:14:52.043 21433 21505 I RCTVRNET: Request complete: time=234 name=unknown docid= traceid=CRB4/Ut3uOf code=400
10-24 10:14:52.050 21433 21505 I RCTVRNET: Request complete: time=242 name=unknown docid= traceid=H0BU9JZ8Pnz code=200
10-24 10:14:52.053 21433 21472 I panelapp: LE reactvr_info
10-24 10:14:52.053 21433 21472 D OculusLogger: logLegacyEvent(reactvr_info, {{download_size=144.000000, device_type=MONTEREY, headset_type=MONTEREY, total_time=234, method=GET, transfer_time=0, connect_time=3, firstbyte_time=230, code=400, redirect_time=0, retried_times=0, max_retries=3, traceID=CRB4/Ut3uOf, id=100526290914264, session_id=d794a180-5f32-4a4d-9e39-ce5c03016b21, namelookup_time=0, download_speed=615.000000, uid=5, device_region=UNSPECIFIED, tracking_name=unknown, docID=, type=network_fetch_complete, real_timestamp=1571879692043}}, false)
10-24 10:14:52.053 21433 21472 I panelapp: LE reactvr_info
10-24 10:14:52.053 21433 21472 D OculusLogger: logLegacyEvent(reactvr_info, {{download_size=24.000000, device_type=MONTEREY, headset_type=MONTEREY, method=GET, total_time=242, transfer_time=0, connect_time=3, firstbyte_time=239, code=200, redirect_time=0, retried_times=0, max_retries=3, traceID=H0BU9JZ8Pnz, id=100526290914264, session_id=d794a180-5f32-4a4d-9e39-ce5c03016b21, uid=4, namelookup_time=0, download_speed=99.000000, device_region=UNSPECIFIED, tracking_name=unknown, docID=, type=network_fetch_complete, real_timestamp=1571879692050}}, false)
10-24 10:14:52.066 21433 21505 I RCTVRNET: Request complete: time=156 name=OCRelayNetwork_ExploreToolbarQuery docid=2349292165114833 traceid=Cjmx2YgCkWm code=200
10-24 10:14:52.080 21433 21472 I panelapp: LE reactvr_info
10-24 10:14:52.080 21433 21472 D OculusLogger: logLegacyEvent(reactvr_info, {{download_size=383.000000, device_type=MONTEREY, headset_type=MONTEREY, total_time=156, method=POST, transfer_time=156, connect_time=0, firstbyte_time=0, code=200, redirect_time=0, retried_times=0, max_retries=0, traceID=Cjmx2YgCkWm, id=100526290914264, session_id=d794a180-5f32-4a4d-9e39-ce5c03016b21, namelookup_time=0, uid=6, download_speed=2455.000000, device_region=UNSPECIFIED, docID=2349292165114833, tracking_name=OCRelayNetwork_ExploreToolbarQuery, type=network_fetch_complete, real_timestamp=1571879692067}}, false)
10-24 10:14:52.138 21433 21505 I RCTVRNET: Request complete: time=218 name=OCRelayNetwork_DiscoStoryPostConsumptionFeedbackControllerQuery docid=2049940518449682 traceid=FAnWkU5UfkP code=200
10-24 10:14:52.150 21433 21472 I panelapp: LE reactvr_info
10-24 10:14:52.150 21433 21472 D OculusLogger: logLegacyEvent(reactvr_info, {{download_size=49.000000, device_type=MONTEREY, headset_type=MONTEREY, total_time=218, method=POST, transfer_time=218, connect_time=0, firstbyte_time=0, code=200, redirect_time=0, retried_times=0, max_retries=0, traceID=FAnWkU5UfkP, id=100526290914264, session_id=d794a180-5f32-4a4d-9e39-ce5c03016b21, uid=7, download_speed=224.000000, namelookup_time=0, device_region=UNSPECIFIED, docID=2049940518449682, tracking_name=OCRelayNetwork_DiscoStoryPostConsumptionFeedbackControllerQuery, type=network_fetch_complete, real_timestamp=1571879692138}}, false)
10-24 10:14:52.150 21433 21472 I panelapp: LE reactvr_info
10-24 10:14:52.150 21433 21472 D OculusLogger: logLegacyEvent(reactvr_info, {{device_type=MONTEREY, headset_type=MONTEREY, id=100526290914264, session_id=d794a180-5f32-4a4d-9e39-ce5c03016b21, uid=9, device_region=UNSPECIFIED, type=network_fetch_start, real_timestamp=1571879692149}}, false)
10-24 10:14:52.256  1828 21322 I VrApi   : FPS=69,Prd=45ms,Tear=2,Early=62,Stale=5,VSnc=1,Lat=1,Fov=0,CPU4/GPU=4/4,2304/670MHz,OC=FF,TA=0/E0/0,SP=N/F/N,Mem=1804MHz,Free=1892MB,PSM=0,PLS=0,Temp=29.0C/0.0C,TW=2.54ms,App=4.79ms,GD=0.00ms,CPU&GPU=7.79ms,LCnt=2,GPU%=0.50,CPU%=0.69(W0.75)
10-24 10:14:52.303 21433 21520 I libjingle: [000:541] [21520] (opensslidentity.cc:82): Returning key pair
10-24 10:14:52.303 21433 21520 I libjingle: [000:542] [21520] (opensslidentity.cc:89): Making certificate for WebRTC
10-24 10:14:52.305 21433 21520 I libjingle: [000:543] [21520] (opensslidentity.cc:137): Returning certificate
10-24 10:14:52.306 21433 21476 I OVRPlatform: [AndroidPlatformIntegration] Cached SystemVoipState wasn't set, explicitly requesting
10-24 10:14:52.306 21433 21476 I OVRPlatform: [RequestStopwatch] AndroidFinishInitialization took 817.9150 milliseconds
10-24 10:14:52.306 21433 21476 I OVRPlatform: [RequestStopwatch] AndroidAsyncInitRequest took 818.3330 milliseconds
10-24 10:14:52.309  1779  1961 I PlatformPluginManager: Adding client com.oculus.horizon.service.OVRService@616c1ad
10-24 10:14:52.309  1779  1961 I OVRPlatform: [PartiesAPI] ovr_Party_PluginGetSharedMemHandle: This function is deprecated, do not use
10-24 10:14:52.309 21433 21480 I OVRPlatform: [P2PNetworkTransport] SystemVoip state changed, updating mute
10-24 10:14:52.332 21433 21505 I RCTVRNET: Request complete: time=182 name=OCRelayNetwork_DiscoStoryPostConsumptionFeedbackControllerRefetchQuery docid=2275903889144707 traceid=Afx9lH69nHK code=200
10-24 10:14:52.344 21433 21472 I panelapp: LE reactvr_info
10-24 10:14:52.345 21433 21472 D OculusLogger: logLegacyEvent(reactvr_info, {{download_size=49.000000, device_type=MONTEREY, headset_type=MONTEREY, method=POST, total_time=182, transfer_time=182, connect_time=0, firstbyte_time=0, code=200, redirect_time=0, retried_times=0, max_retries=0, traceID=Afx9lH69nHK, id=100526290914264, session_id=d794a180-5f32-4a4d-9e39-ce5c03016b21, download_speed=269.000000, namelookup_time=0, uid=9, device_region=UNSPECIFIED, tracking_name=OCRelayNetwork_DiscoStoryPostConsumptionFeedbackControllerRefetchQuery, docID=2275903889144707, type=network_fetch_complete, real_timestamp=1571879692332}}, false)
10-24 10:14:52.371  1828  1912 I [OAR] AudioSystem: Starting haptic hover1 on device 536870915
10-24 10:14:52.371  1828  1912 I [OAR] AudioMixer: Creating a new stream for client UiSound0
10-24 10:14:52.371  1828  1912 I [OAR] AudioMixer: PlaySoundEffect: 1554 samples at 29.052064
10-24 10:14:52.397  1828 21325 I [OAR] AudioMixer: Finishing mono effect
10-24 10:14:52.471  1779  1794 I ExternalPlatformNetwork: access token acquired for pkg 'com.oculus.vrshell.home'
10-24 10:14:52.475 21433 21477 I OVRPlatform: [RequestStopwatch] AccessTokenRequest took 170.0360 milliseconds
10-24 10:14:52.484 21433 21472 I OCPlatformModule: timestamp accessTokenRequestID
10-24 10:14:52.484 21433 21472 I AccessTokenForwarderModule: Forwarding token
10-24 10:14:52.484 21433 21472 D AccessTokenForwarder: Get access token
10-24 10:14:52.484 21433 21472 I GraphQLPrefetch: Fetching query 2536889986399455 {"alternativeSource":null,"cursor":null,"count":4,"feedSource":null,"section":"ALL"}
10-24 10:14:52.485 21433 21492 V RCTVR_HERMES: [log]: 'Home', 'Init Step: fetchAccessTokenOnce succeeded'
10-24 10:14:52.485 21433 21492 I RCTVR_HERMES: [info]: 'Analytics', { section_name: 'null',
10-24 10:14:52.485 21433 21492 I RCTVR_HERMES:   sub_section_name: 'null',
10-24 10:14:52.485 21433 21492 I RCTVR_HERMES:   action: 'cache_hit',
10-24 10:14:52.485 21433 21492 I RCTVR_HERMES:   real_timestamp: 1571879692485,
10-24 10:14:52.485 21433 21492 I RCTVR_HERMES:   type: 'oculus_home_access_token_cache' }
10-24 10:14:52.486 21433 21472 I MessengerModule: SetAccessToken
10-24 10:14:52.486 21433 21433 I MessengerModule: Can't initialise yet, missing: Service
10-24 10:14:52.499 21433 21472 D OculusLogger: logLegacyEvent(oculus_home_access_token_cache, {{from_pkg=com.oculus.vrshell, device_type=MONTEREY, headset_type=MONTEREY, action=cache_hit, id=100526290914264, session_id=d794a180-5f32-4a4d-9e39-ce5c03016b21, device_region=UNSPECIFIED, sub_section_name=null, section_name=null, service_type=EXPLORE, real_timestamp=1571879692485}}, false)
10-24 10:14:52.519 21433 21492 V RCTVR_HERMES: [log]: 'Home', 'Init Step: stepFetchAccessToken resolved'
10-24 10:14:52.520 21433 21492 I RCTVR_HERMES: [info]: 'Analytics', { section_name: 'null',
10-24 10:14:52.520 21433 21492 I RCTVR_HERMES:   sub_section_name: 'null',
10-24 10:14:52.520 21433 21492 I RCTVR_HERMES:   destination: undefined,
10-24 10:14:52.520 21433 21492 I RCTVR_HERMES:   source: undefined,
10-24 10:14:52.520 21433 21492 I RCTVR_HERMES:   timerId: undefined,
10-24 10:14:52.520 21433 21492 I RCTVR_HERMES:   first_session_event: true,
10-24 10:14:52.520 21433 21492 I RCTVR_HERMES:   active_duration_ms: 814.3764809998684,
10-24 10:14:52.520 21433 21492 I RCTVR_HERMES:   step: '',
10-24 10:14:52.520 21433 21492 I RCTVR_HERMES:   real_timestamp: 1571879692519,
10-24 10:14:52.520 21433 21492 I RCTVR_HERMES:   type: 'oculus_home_access_token_latency' }
10-24 10:14:52.526 21433 21472 I HomeApplication: onAccessToken
10-24 10:14:52.526 21433 21472 D OculusLogger: logLegacyEvent(oculus_home_access_token_latency, {{from_pkg=com.oculus.vrshell, device_type=MONTEREY, step=, destination=, headset_type=MONTEREY, source=, timerId=, section_name=null, service_type=EXPLORE, id=100526290914264, session_id=d794a180-5f32-4a4d-9e39-ce5c03016b21, device_region=UNSPECIFIED, first_session_event=true, sub_section_name=null, active_duration_ms=814.3764809998684, real_timestamp=1571879692519}}, false)
10-24 10:14:52.557 21433 21572 D APIInterceptor: intercept original headers:
10-24 10:14:52.557 21433 21572 D APIInterceptor: Host: graph.oculus.com
10-24 10:14:52.557 21433 21572 D APIInterceptor: Connection: Keep-Alive
10-24 10:14:52.557 21433 21572 D APIInterceptor: Accept-Encoding: gzip
10-24 10:14:52.557 21433 21572 D APIInterceptor: User-Agent: okhttp/3.11.0
10-24 10:14:52.559 21433 21572 D APIInterceptor: intercept modified headers:
10-24 10:14:52.559 21433 21572 D APIInterceptor: Host: graph.oculus.com
10-24 10:14:52.559 21433 21572 D APIInterceptor: Connection: Keep-Alive
10-24 10:14:52.559 21433 21572 D APIInterceptor: Accept-Encoding: gzip
10-24 10:14:52.559 21433 21572 D APIInterceptor: X-Build-Model: Oculus Quest
10-24 10:14:52.559 21433 21572 D APIInterceptor: X-Build-Number: 178455638
10-24 10:14:52.559 21433 21572 D APIInterceptor: X-ANDROID-ID: be0fd68d00cfd792
10-24 10:14:52.559 21433 21572 D APIInterceptor: X-OC-Selected-Headset-Serial: 1PASH9B9N99323
10-24 10:14:52.559 21433 21572 D APIInterceptor: X-OC-VrShell-Build-Name: 10.0.0.143.427
10-24 10:14:52.559 21433 21572 D APIInterceptor: User-Agent: Dalvik/2.1.0 (Linux; U; Android 7.1.1; Quest Build/NGI77B) [FBAN/OculusHomeShell;FBAV/10.0.0.143.427;FBDV/Quest;FBCR/null;FBLC/ja_JP;FBSV/7.1.1;FBBD/oculus;FBBV/178455638;FBCA/armeabi-v7a:armeabi;FBMF/Oculus;FBPN/com.oculus.vrshell.home;]
10-24 10:14:52.559 21433 21572 D APIInterceptor: Accept-Language: ja_JP
10-24 10:14:52.620   539   592 V msm8974_platform: platform_get_parameters: exit: returns - snd_device_in=none
10-24 10:14:52.620   539   592 V audio_hw_primary: adev_get_parameters: exit: returns - snd_device_in=none
10-24 10:14:52.620   539   592 I hash_map_utils: key: 'snd_device_in' value: ''
10-24 10:14:52.622   539  1178 V msm8974_platform: platform_get_parameters: exit: returns - snd_device_out=speaker
10-24 10:14:52.622   539  1178 V audio_hw_primary: adev_get_parameters: exit: returns - snd_device_out=speaker
10-24 10:14:52.622   539  1178 I hash_map_utils: key: 'snd_device_out' value: ''
10-24 10:14:52.651 21433 21472 I RvrPnl  : FPS=70.0391/82.4466/23.9154, MSPF=0.0142777/12.1291/41.8141, MEMALLOC=14.5163
10-24 10:14:52.677 21433 21505 I RCTVRNET: Request complete: time=756 name=OCRelayNetwork_ExploreShelvesQueryRendererQuery docid=2536889986399455 traceid=EzNpDztvF2R code=200
10-24 10:14:52.679 21433 21472 I panelapp: LE reactvr_info
10-24 10:14:52.679 21433 21472 D OculusLogger: logLegacyEvent(reactvr_info, {{download_size=28544.000000, device_type=MONTEREY, headset_type=MONTEREY, method=POST, total_time=756, transfer_time=756, connect_time=0, firstbyte_time=0, code=200, redirect_time=0, retried_times=0, max_retries=0, traceID=EzNpDztvF2R, id=100526290914264, session_id=d794a180-5f32-4a4d-9e39-ce5c03016b21, uid=8, download_speed=37756.000000, namelookup_time=0, device_region=UNSPECIFIED, docID=2536889986399455, tracking_name=OCRelayNetwork_ExploreShelvesQueryRendererQuery, type=network_fetch_complete, real_timestamp=1571879692677}}, false)
10-24 10:14:52.683   704 18579 I [CT]    : R:Behavior:NearHeadMoving: state transition: TorsoInitialized -> InRange
10-24 10:14:52.725 21433 21492 I RCTVR_HERMES: [info]: 'Analytics', { section_name: 'null',
10-24 10:14:52.725 21433 21492 I RCTVR_HERMES:   sub_section_name: 'null',
10-24 10:14:52.725 21433 21492 I RCTVR_HERMES:   home_version: '178455638/10.0.0.143.427/production',
10-24 10:14:52.725 21433 21492 I RCTVR_HERMES:   location: '/prime',
10-24 10:14:52.725 21433 21492 I RCTVR_HERMES:   os_version: 'user-396520.6170.0',
10-24 10:14:52.725 21433 21492 I RCTVR_HERMES:   service_name: 'EXPLORE',
10-24 10:14:52.725 21433 21492 I RCTVR_HERMES:   shell_version: '178455526/10.0.0.143.427/',
10-24 10:14:52.725 21433 21492 I RCTVR_HERMES:   startup_latency_ms: 1813.8630340001546,
10-24 10:14:52.725 21433 21492 I RCTVR_HERMES:   tti_type: 'cold_start_page_loaded',
10-24 10:14:52.725 21433 21492 I RCTVR_HERMES:   vrshell_panel_app_index: 1,
10-24 10:14:52.725 21433 21492 I RCTVR_HERMES:   real_timestamp: 1571879692724,
10-24 10:14:52.725 21433 21492 I RCTVR_HERMES:   type: 'oculus_home_tti' }
10-24 10:14:52.725 21433 21492 I RCTVR_HERMES: [info]: 'Analytics', { section_name: 'null',
10-24 10:14:52.725 21433 21492 I RCTVR_HERMES:   sub_section_name: 'null',
10-24 10:14:52.725 21433 21492 I RCTVR_HERMES:   destination: 'explore_shelves',
10-24 10:14:52.725 21433 21492 I RCTVR_HERMES:   source: undefined,
10-24 10:14:52.725 21433 21492 I RCTVR_HERMES:   timerId: undefined,
10-24 10:14:52.725 21433 21492 I RCTVR_HERMES:   first_session_event: true,
10-24 10:14:52.725 21433 21492 I RCTVR_HERMES:   active_duration_ms: 846.2627279995941,
10-24 10:14:52.725 21433 21492 I RCTVR_HERMES:   step: 'explore_shelves',
10-24 10:14:52.725 21433 21492 I RCTVR_HERMES:   real_timestamp: 1571879692725,
10-24 10:14:52.725 21433 21492 I RCTVR_HERMES:   type: 'oculus_home_explore_load_latency' }
10-24 10:14:52.736 21433 21472 D OculusLogger: logLegacyEvent(oculus_home_tti, {{from_pkg=com.oculus.vrshell, device_type=MONTEREY, headset_type=MONTEREY, tti_type=cold_start_page_loaded, service_name=EXPLORE, vrshell_panel_app_index=1, section_name=null, service_type=EXPLORE, location=/prime, id=100526290914264, session_id=d794a180-5f32-4a4d-9e39-ce5c03016b21, device_region=UNSPECIFIED, startup_latency_ms=1813.8630340001546, os_version=user-396520.6170.0, home_version=178455638/10.0.0.143.427/production, sub_section_name=null, shell_version=178455526/10.0.0.143.427/, real_timestamp=1571879692724}}, false)
10-24 10:14:52.736 21433 21472 D OculusLogger: logLegacyEvent(oculus_home_explore_load_latency, {{from_pkg=com.oculus.vrshell, device_type=MONTEREY, step=explore_shelves, destination=explore_shelves, headset_type=MONTEREY, source=, timerId=, section_name=null, service_type=EXPLORE, id=100526290914264, session_id=d794a180-5f32-4a4d-9e39-ce5c03016b21, device_region=UNSPECIFIED, first_session_event=true, sub_section_name=null, active_duration_ms=846.2627279995941, real_timestamp=1571879692725}}, false)
10-24 10:14:52.753 21433 21492 W RCTVR_HERMES: [warn]: QEData empty or corrupt for sessionless__oculus_explore_prime_cta
10-24 10:14:52.763 21433 21472 D OculusLogger: reportQuickExperimentExposure(sessionless__oculus_home_percent_positive_ratings_universe, control, 100526290914264)
10-24 10:14:52.776 21433 21472 D OculusLogger: reportQuickExperimentExposure(sessionless__oculus_home_percent_positive_ratings_universe, control, 100526290914264)
10-24 10:14:52.791 21433 21472 D OculusLogger: reportQuickExperimentExposure(sessionless__oculus_home_percent_positive_ratings_universe, control, 100526290914264)
10-24 10:14:52.805 21433 21472 D OculusLogger: reportQuickExperimentExposure(sessionless__oculus_home_percent_positive_ratings_universe, control, 100526290914264)
10-24 10:14:52.884   704 19658 I [CT]    : VIPER: [floorplane] Floor height has been updated to 1.15241 meters.
10-24 10:14:52.886  1828  1912 I [OAR] AudioSystem: Starting haptic select1 on device 536870915
10-24 10:14:52.886  1828  1912 I [OAR] AudioMixer: Creating a new stream for client UiSound1
10-24 10:14:52.886  1828  1912 I [OAR] AudioMixer: PlaySoundEffect: 25598 samples at 29.572064
10-24 10:14:52.930 21433 21472 D OculusLogger: reportQuickExperimentExposure(sessionless__oculus_home_percent_positive_ratings_universe, control, 100526290914264)
10-24 10:14:52.944 21433 21472 D OculusLogger: reportQuickExperimentExposure(sessionless__oculus_home_percent_positive_ratings_universe, control, 100526290914264)
