--------- beginning of main
11-05 17:47:24.288 28459 28459 D AndroidRuntime: >>>>>> START com.android.internal.os.RuntimeInit uid 2000 <<<<<<
11-05 17:47:24.291 28459 28459 D AndroidRuntime: CheckJNI is OFF
11-05 17:47:24.385   658   909 I OsSdk   : will wait 60 seconds before retrying
11-05 17:47:24.386 28459 28459 D ICU     : No timezone override file found: /data/misc/zoneinfo/current/icu/icu_tzdata.dat
11-05 17:47:24.408 28459 28459 I Radio-JNI: register_android_hardware_Radio DONE
11-05 17:47:24.417 28459 28459 D AndroidRuntime: Calling main entry com.android.commands.am.Am
11-05 17:47:24.421  1081  1462 D OculusGoPackageTypeHelper: Is package com.YourCompany.LastResisters a system app: false
11-05 17:47:24.421  1081  1462 D OculusGoPackageTypeHelper: Is package com.YourCompany.LastResisters Oculus store app: false
11-05 17:47:24.421  1081  1462 D OculusGoPackageTypeHelper: Is com.YourCompany.LastResisters, a side loaded Vr app: true
11-05 17:47:24.421  1081  1462 D NonVrActivityIntentWrapper: Is Intent { flg=0x10000000 cmp=com.YourCompany.LastResisters/com.epicgames.ue4.GameActivity }, a valid launch intent: false
--------- beginning of system
11-05 17:47:24.421  1081  1462 I ActivityManager: START u0 {flg=0x10000000 cmp=com.YourCompany.LastResisters/com.epicgames.ue4.GameActivity} from uid 2000 on display 0
11-05 17:47:24.441  1081  1462 I ActivityManager: Start proc 28469:com.YourCompany.LastResisters/u0a270 for activity com.YourCompany.LastResisters/com.epicgames.ue4.GameActivity
11-05 17:47:24.443 28469 28469 I art     : Late-enabling -Xcheck:jni
11-05 17:47:24.444 28459 28459 D AndroidRuntime: Shutting down VM
11-05 17:47:24.483  1866  1866 D [OAR] MainActivity: com.oculus.vrshell.MainActivity@6ef1aeb surfaceDestroyed()
11-05 17:47:24.483  1866  1866 I [OAR] ShellMain:     looperMessageQueue->SendPrintf("surfaceDestroyed 0xc9fe9808")
11-05 17:47:24.483  1866  1952 I [OAR] ShellFrameAnalytics: ShellFrame frameFunction: 170712330us/1702067114us, trace: 0us/32us, process commands: 0us/8251us, system update: 0us/9622us, render 0us/18794us, post render 0us/80us
11-05 17:47:24.483  1866  1952 I [OAR] ShellApp: 0xe7799388 msg: surfaceDestroyed 0xc9fe9808
11-05 17:47:24.514 28469 28484 V UE4-NetworkChangedManager: Network Available
11-05 17:47:24.519 28469 28469 W linker  : /data/app/com.YourCompany.LastResisters-1/lib/arm/libOVRPlugin.so: is missing DT_SONAME will use basename as a replacement: "libOVRPlugin.so"
11-05 17:47:24.522 28469 28469 D OVRPlugin: JNI_OnLoad
11-05 17:47:24.572 28469 28469 D UE4     : Used memory before allocating anything was 51.68MB
11-05 17:47:24.684 28469 28469 D UE4     : In the JNI_OnLoad function
11-05 17:47:24.685 28469 28469 D UE4     : [JNI] - Failed to determine if app purchasing is enabled!
11-05 17:47:24.693 28469 28469 D UE4     : Path found as '/storage/emulated/0'
11-05 17:47:24.693 28469 28469 D UE4     : Font Path found as '/system/fonts/'
11-05 17:47:24.693 28469 28469 D UE4     : In the JNI_OnLoad function 5
11-05 17:47:24.716 28469 28485 D UE4     : Entering native app glue main function
11-05 17:47:24.716 28469 28485 D UE4     : Created event thread
11-05 17:47:24.716 28469 28485 D UE4     : Entered AndroidMain()
11-05 17:47:24.717 28469 28486 D UE4     : Entering event processing thread engine entry point
11-05 17:47:24.717 28469 28486 D UE4     : Prepared looper for event thread
11-05 17:47:24.717 28469 28486 D UE4     : Passed callback initialization
11-05 17:47:24.717 28469 28486 D UE4     : Passed sensor initialization
11-05 17:47:24.718 28469 28485 D UE4     : Controller interface supported
11-05 17:47:24.724 28469 28469 D PermissionFragment: Creating PlayGamesFragment
11-05 17:47:24.725  1081  1473 I ActivityManager: START u0 {act=android.content.pm.action.REQUEST_PERMISSIONS pkg=com.android.packageinstaller cmp=com.android.packageinstaller/.permission.ui.GrantPermissionsActivity (has extras)} from uid 10270 on display 0
11-05 17:47:24.730 28469 28469 D UE4     : Vulkan version: 1.0.3
11-05 17:47:24.730 28469 28469 D UE4     : Vulkan level: 0
11-05 17:47:24.731 28469 28469 D UE4     : Found DepthBufferPreference = 0
11-05 17:47:24.731 28469 28469 D UE4     : Found bPackageDataInsideApk = 0
11-05 17:47:24.731 28469 28469 D UE4     : Found ProjectName = LastResisters
11-05 17:47:24.731 28469 28469 D UE4     : Found AppType = 
11-05 17:47:24.731 28469 28469 D UE4     : Found bHasOBBFiles = 0
11-05 17:47:24.731 28469 28469 D UE4     : Found bVerifyOBBOnStartUp = false
11-05 17:47:24.731 28469 28469 D UE4     : UI hiding set to true
11-05 17:47:24.732 28469 28469 D UE4     : BuildConfiguration set to Development
11-05 17:47:24.732 28469 28469 D UE4     : UseExternalFilesDir set to false
11-05 17:47:24.732 28469 28469 D UE4     : AllowIMU set to true
11-05 17:47:24.732 28469 28469 D UE4     : SupportsVulkan set to false
11-05 17:47:24.732 28469 28469 D UE4     : Found Oculus Mobile mode = vr_only
11-05 17:47:24.735 28469 28469 I Adreno GLES: Found an ESX Settings File: /data/misc/gpu/esx_config.txt
11-05 17:47:24.737 28469 28469 I Adreno GLES: QUALCOMM build                   : b8c103d, I8a36212832
11-05 17:47:24.737 28469 28469 I Adreno GLES: Build Date                       : 05/17/19
11-05 17:47:24.737 28469 28469 I Adreno GLES: OpenGL ES Shader Compiler Version: EV031.26.12.00
11-05 17:47:24.737 28469 28469 I Adreno GLES: Local Branch                     : 
11-05 17:47:24.737 28469 28469 I Adreno GLES: Remote Branch                    : refs/tags/AU_LINUX_ANDROID_LA.UM.5.7.R1.07.01.01.253.109
11-05 17:47:24.737 28469 28469 I Adreno GLES: Remote Branch                    : NONE
11-05 17:47:24.737 28469 28469 I Adreno GLES: Reconstruct Branch               : NOTHING
11-05 17:47:24.737 28469 28469 I Adreno GLES: Build Config                     : S P 6.0.9 AArch32
11-05 17:47:24.760 28469 28469 I Adreno GLES: Found an ESX Settings File: /data/misc/gpu/esx_config.txt
11-05 17:47:24.763 28469 28469 I Adreno GLES: Found an ESX Settings File: /data/misc/gpu/esx_config.txt
11-05 17:47:24.764 28469 28469 I Adreno GLES: PFP: 0x005ff112, ME: 0x005ff066
11-05 17:47:24.764 28469 28469 I Adreno GLES: Found an ESX Settings File: /data/misc/gpu/esx_config.txt
11-05 17:47:24.791 28469 28469 D UE4     : Hardware: Qualcomm Technologies, Inc APQ8998
11-05 17:47:24.791 28469 28469 D UE4     : ro.hardware: monterey
11-05 17:47:24.792 28469 28469 D UE4     : Memory: 3790 MB
11-05 17:47:24.796 28469 28469 D UE4     : UseAffinity: false
11-05 17:47:24.796 28469 28469 D UE4     : BigCoreMask: 0xffff
11-05 17:47:24.796 28469 28469 D UE4     : LittleCoreMask: 0x0
11-05 17:47:24.797 28469 28469 D UE4     : APK path: /data/app/com.YourCompany.LastResisters-1/base.apk
11-05 17:47:24.798 28469 28469 D UE4     : OBB in APK: false
11-05 17:47:24.799 28469 28469 D UE4     : InternalFilePath found as '/data/user/0/com.YourCompany.LastResisters/files'
11-05 17:47:24.799 28469 28469 D UE4     : ExternalFilePath found as '/storage/emulated/0/Android/data/com.YourCompany.LastResisters/files'
11-05 17:47:24.799 28469 28469 D UE4     : App is running in Landscape
11-05 17:47:24.800 28469 28487 D UE4     : Used memory: 51021
11-05 17:47:24.800 28469 28469 D UE4     : Android version is 7.1.1
11-05 17:47:24.800 28469 28469 D UE4     : Android manufacturer is Oculus
11-05 17:47:24.800 28469 28469 D UE4     : Android model is Quest
11-05 17:47:24.800 28469 28469 D UE4     : Android build number is user-396520.6170.115
11-05 17:47:24.800 28469 28469 D UE4     : OS language is set to ja_JP
11-05 17:47:24.800 28469 28469 D UE4     : Debugger attached is false
11-05 17:47:24.811 28469 28474 I art     : Compiler allocated 4MB to compile void com.epicgames.ue4.GameActivity.onCreate(android.os.Bundle)
11-05 17:47:24.814 28469 28474 I art     : Do partial code cache collection, code=14KB, data=31KB
11-05 17:47:24.815 28469 28474 I art     : After code cache collection, code=14KB, data=31KB
11-05 17:47:24.815 28469 28474 I art     : Increasing code cache capacity to 128KB
11-05 17:47:24.832 28469 28469 W PopupManager: You have not specified a View to use as content view for popups. Falling back to the Activity content view. Note that this may not work as expected in multi-screen environments
11-05 17:47:24.832 28469 28469 D UE4     : googleClient is valid
11-05 17:47:24.832 28469 28469 D UE4     : ==============> GameActive.onCreate complete!
11-05 17:47:24.833 28469 28469 D UE4     : Creating console command broadcast listener
11-05 17:47:24.833 28469 28486 D UE4     : LogAndroidEvents::EnqueueAppEvent : 9, 0, tid = 28486, APP_EVENT_STATE_ON_START
11-05 17:47:24.834 28469 28469 D UE4     : ==================================> Inside onStart function in GameActivity
11-05 17:47:24.834 28469 28469 V UE4-GameApplication: App in foreground
11-05 17:47:24.835 28469 28486 D UE4     : Case APP_CMD_RESUME
11-05 17:47:24.835 28469 28469 D UE4     : === Restoring Transparent Bars ===
11-05 17:47:24.835 28469 28486 D UE4     : LogAndroidEvents::EnqueueAppEvent : 7, 0, tid = 28486, APP_EVENT_STATE_ON_RESUME
11-05 17:47:24.836 28469 28469 D UE4     : ==============> [JAVA] AndroidThunkJava_KeepScreenOn(false) - Enabled screen saver
11-05 17:47:24.836 28469 28469 D UE4     : Registering sensor listeners
11-05 17:47:24.836 28469 28469 D UE4     : App is running in Landscape
11-05 17:47:24.836 28469 28469 D UE4     : === Restoring Transparent Bars ===
11-05 17:47:24.836 28469 28469 D UE4     : ==============> Resuming main init
11-05 17:47:24.842 28469 28485 D UE4     : APK Commandline: ../../../LastResisters/LastResisters.uproject  /Game/Game/Level/Maps/Play/Play -Messaging -SessionId=E24ABD064DEC1F17949A9596F6475A03 -SessionOwner="s172091" -SessionName="Launch On Device" -iterative
11-05 17:47:24.843 28469 28485 D UE4     : Override Commandline: ../../../LastResisters/LastResisters.uproject  /Game/Game/Level/Maps/Play/Play -Messaging -SessionId=6A7774F249B7D69128C3B48715DDD842 -SessionOwner="s172091" -SessionName="Launch On Device" -iterative
11-05 17:47:24.843 28469 28485 D UE4     : Final commandline: ../../../LastResisters/LastResisters.uproject  /Game/Game/Level/Maps/Play/Play -Messaging -SessionId=6A7774F249B7D69128C3B48715DDD842 -SessionOwner="s172091" -SessionName="Launch On Device" -iterative
11-05 17:47:24.843 28469 28485 D UE4     : Created sync event
11-05 17:47:24.846 28469 28469 D UE4     : ==============> GameActive.onResume complete!
11-05 17:47:24.858 28469 28469 D UE4     : onPause: stop memory reporter runnable
11-05 17:47:24.858 28469 28469 D UE4     : Unregistering sensor listeners
11-05 17:47:24.858 28469 28486 D UE4     : Case APP_CMD_PAUSE
11-05 17:47:24.858 28469 28469 D UE4     : ==============> GameActive.onPause complete!
11-05 17:47:24.858 28469 28486 D UE4     : LogAndroidEvents::EnqueueAppEvent : 6, 0, tid = 28486, APP_EVENT_STATE_ON_PAUSE
11-05 17:47:24.870  1081  1519 I ActivityManager: Start proc 28489:com.android.packageinstaller/u0a21 for activity com.android.packageinstaller/.permission.ui.GrantPermissionsActivity
11-05 17:47:24.897 28469 28486 D UE4     : LogAndroidEvents::EnqueueAppEvent : 12, 0, tid = 28486, APP_EVENT_STATE_SAVE_STATE
11-05 17:47:24.899 28469 28486 D UE4     : LogAndroidEvents::EnqueueAppEvent : 8, 0, tid = 28486, APP_EVENT_STATE_ON_STOP
11-05 17:47:24.899 28469 28469 D UE4     : ==============> GameActive.onStop complete!
11-05 17:47:24.906 28469 28469 D UE4     : ==============> GameActive.onTrimMemory(TRIM_MEMORY_UI_HIDDEN) called!
11-05 17:47:24.907 28489 28489 W System  : ClassLoader referenced unknown path: /system/priv-app/VrPackageInstaller/lib/arm64
11-05 17:47:24.922 28469 28474 I art     : Do partial code cache collection, code=16KB, data=32KB
11-05 17:47:24.922 28469 28474 I art     : After code cache collection, code=16KB, data=32KB
11-05 17:47:24.922 28469 28474 I art     : Increasing code cache capacity to 256KB
11-05 17:47:24.926 28469 28474 I art     : Compiler allocated 7MB to compile boolean com.epicgames.ue4.GameActivity.processSystemInfo(java.lang.String, java.lang.String)
11-05 17:47:24.961 28489 28489 I VrApiLoader: VrApi Loader Version: 1.1.24.0-0-0 Jun  3 2019 11:15:11 
11-05 17:47:24.962 28489 28504 D OsSdk   : Connected to unified telemetry service.
11-05 17:47:24.964 28489 28504 I OsSdk   : will wait 60 seconds before retrying
11-05 17:47:24.964 28489 28489 W System  : ClassLoader referenced unknown path: /system/priv-app/VrDriver/lib/arm64
11-05 17:47:24.965 28489 28489 D ApplicationLoaders: ignored Vulkan layer search path /system/priv-app/VrDriver/lib/arm64:/system/priv-app/VrDriver/VrDriver.apk!/lib/arm64-v8a:/system/lib64:/vendor/lib64 for namespace 0x7f7e1200f0
11-05 17:47:24.967 28489 28489 V VrDriver: Loading 64-bit VrDriver.
11-05 17:47:24.970 28489 28489 I Distortion: SetLensPositions - iad=0.062, left offset=0.00119,0, right offset=-0.00449,0
11-05 17:47:24.970 28489 28489 I Distortion: SetLensPositions - iad=0.062, left offset=0.00119,0, right offset=-0.00449,0
11-05 17:47:24.971 28489 28489 I VrApi_DriverLoader: *Adding Layer: GoCompatibility
11-05 17:47:24.971 28489 28489 I VrApi_DriverLoader: About to call StartLayer in vrapilayers.GoCompatibility
11-05 17:47:24.971 28489 28489 D GoCompatibility: GoCompatibility StartLayer: Loading libgocompatibility.so
11-05 17:47:24.972 28489 28489 I GoCompatibility: JNI_OnLoad() for GoCompatibility
11-05 17:47:24.972 28489 28489 I GoCompatibility: VrApiLayer: GoCompatibility
11-05 17:47:24.973 28489 28489 I VrApiLayers: Initializing VrApiLayer
11-05 17:47:24.973 28489 28489 I VrApi_DriverLoader: VrapiLayer GoCompatibility started
11-05 17:47:24.973 28489 28489 I GoCompatibility: GoCompatibility: vrapi_Initialize_Hooked(1 1 24 0 0x10200)
11-05 17:47:24.973 28489 28489 I VrApi   : ----------- vrapi_Initialize [start] ----------
11-05 17:47:24.973 28489 28489 I Adreno GLES: Found an ESX Settings File: /data/misc/gpu/esx_config.txt
11-05 17:47:24.974 28489 28489 I Adreno GLES: QUALCOMM build                   : b8c103d, I8a36212832
11-05 17:47:24.974 28489 28489 I Adreno GLES: Build Date                       : 05/17/19
11-05 17:47:24.974 28489 28489 I Adreno GLES: OpenGL ES Shader Compiler Version: EV031.26.12.00
11-05 17:47:24.974 28489 28489 I Adreno GLES: Local Branch                     : 
11-05 17:47:24.974 28489 28489 I Adreno GLES: Remote Branch                    : refs/tags/AU_LINUX_ANDROID_LA.UM.5.7.R1.07.01.01.253.109
11-05 17:47:24.974 28489 28489 I Adreno GLES: Remote Branch                    : NONE
11-05 17:47:24.974 28489 28489 I Adreno GLES: Reconstruct Branch               : NOTHING
11-05 17:47:24.974 28489 28489 I Adreno GLES: Build Config                     : S P 6.0.9 AArch64
11-05 17:47:24.977 28489 28489 I Adreno GLES: Found an ESX Settings File: /data/misc/gpu/esx_config.txt
11-05 17:47:24.978 28489 28489 I Adreno GLES: Found an ESX Settings File: /data/misc/gpu/esx_config.txt
11-05 17:47:24.979 28489 28489 I Adreno GLES: PFP: 0x005ff112, ME: 0x005ff066
11-05 17:47:24.979 28489 28489 I Adreno GLES: Found an ESX Settings File: /data/misc/gpu/esx_config.txt
11-05 17:47:24.984 28489 28489 I VrRuntimeClient: VrRuntimeClient: Init
11-05 17:47:24.984 28489 28489 I DeviceProperties_Android: ovrDeviceProperties::Initialize
11-05 17:47:24.985 28489 28489 I DeviceProperties_Android: Headset Model: 'monterey:SDC:SDINDDH4-128G   '
11-05 17:47:24.986 28489 28489 I DeviceProperties_Android: Device Model: 'monterey'
11-05 17:47:24.986 28489 28489 I DeviceProperties_Android: Device Region: 'US'
11-05 17:47:24.986 28489 28489 I DeviceProperties_Android: GPU Type: 'ADRENO_540'
11-05 17:47:24.994 28489 28489 I DeviceProperties_Android: Num Refresh Rates Supported 2
11-05 17:47:24.994 28489 28489 I DeviceProperties_Android: Refresh Rate (0): 60.000000Hz
11-05 17:47:24.994 28489 28489 I DeviceProperties_Android: Refresh Rate (1): 72.000000Hz
11-05 17:47:24.994 28489 28489 I OSSDK   : CalibrationManager: Using standalone implementation
11-05 17:47:25.166  2074  2092 W LibraryProvider: Cannot find entitlement for com.android.packageinstaller
11-05 17:47:25.166  1466 25162 W OVRLibrary: null cursor received for query content://com.oculus.ocms.library/apps/com.android.packageinstaller
11-05 17:47:25.166  2074  2165 W LibraryProvider: Cannot find entitlement for com.android.packageinstaller
11-05 17:47:25.166  1466  2079 W OVRLibrary: null cursor received for query content://com.oculus.ocms.library/apps/com.android.packageinstaller
11-05 17:47:25.168 28489 28504 I OsSdk   : will wait 60 seconds before retrying
11-05 17:47:25.314  2074  2216 W LibraryProvider: Cannot find entitlement for com.android.packageinstaller
11-05 17:47:25.314  1466 18403 W OVRLibrary: null cursor received for query content://com.oculus.ocms.library/apps/com.android.packageinstaller
11-05 17:47:25.318 28489 28489 I DeviceProperties_Android: DisplayParms.ScanoutDirection = 3
11-05 17:47:25.318 28489 28489 I DeviceProperties_Android: DisplayParms.ShutterType = 0
11-05 17:47:25.318 28489 28489 I DeviceProperties_Android: DisplayParms.timing = 0.500000 1.000000
11-05 17:47:25.318 28489 28489 I DeviceProperties_Android: DisplayParms.prediction = (1.000000 1.500000) (1.500000 2.000000)
11-05 17:47:25.319 28489 28489 I DeviceProperties_Android: getDisplayDimensions returned: 2880, 1600
11-05 17:47:25.321 28489 28489 I DeviceProperties_Android: ovrDeviceProperties: OVR_DEVICE_CAPABILITY_POSITIONAL_TRACKING_BIT
11-05 17:47:25.321 28489 28489 I DeviceProperties_Android: ovrDeviceProperties: OVR_DEVICE_CAPABILITY_MULTIVIEW_BIT
11-05 17:47:25.321 28489 28489 I DeviceProperties_Android: ovrDeviceProperties: OVR_DEVICE_CAPABILITY_PROTECTED_CONTENT_BIT
11-05 17:47:25.321 28489 28489 I DeviceProperties_Android: ovrDeviceProperties: OVR_DEVICE_CAPABILITY_SRGB_SCANOUT_SUPPORT_BIT
11-05 17:47:25.321 28489 28489 I DeviceProperties_Android: ovrDeviceProperties: OVR_DEVICE_CAPABILITY_DYNAMIC_DISPLAY_REFRESH_RATE_BIT
11-05 17:47:25.321 28489 28489 I DeviceProperties_Android: ovrDeviceProperties: OVR_DEVICE_CAPABILITY_MEMORY_EXPORT_BIT
11-05 17:47:25.321 28489 28489 I DeviceProperties_Android: ovrDeviceProperties: OVR_DEVICE_CAPABILITY_FIXED_FOVEATED_RENDERING_BIT
11-05 17:47:25.323 28489 28489 I VrRuntimeClient: RuntimeService Enabled
11-05 17:47:25.323 28489 28489 I RuntimeHelpers: ShouldEnableOOPComposition: oopc_enabled_prop = -1
11-05 17:47:25.323 28489 28489 I RuntimeHelpers: ShouldEnableOOPComposition: enabled 1
11-05 17:47:25.323 28489 28489 I RuntimeHelpers: IsOopCompositionEnabled: enabled
11-05 17:47:25.323 28489 28489 I RuntimeHelpers: OOP_INPUT: oopi_enabled_prop = 1
11-05 17:47:25.327 28489 28489 I AudioCapture: AudioCapture::Init
11-05 17:47:25.331 28489 28489 I AudioCapture: AudioCapture::Init -> Initializing audio capture using direct OS Callbacks
11-05 17:47:25.332 28489 28489 I AudioCapture: AudioCapture::Init COMPLETE
11-05 17:47:25.361 28489 28489 I VrRuntimeClient: InsideFlailLockoutGKorSysProp true
11-05 17:47:25.361 28489 28489 I VrRuntimeClient: Flail Lockout Hand: 'combined'
11-05 17:47:25.361 28489 28489 I VrRuntimeClient: Flail Lockout Slow Test: '50'  Change '0.05'
11-05 17:47:25.361 28489 28489 I VrRuntimeClient: Flail Lockout Fast Test: '100'  Change '0.1'
11-05 17:47:25.362 28489 28489 I VrRuntimeClient: Flail Lockout Menu button: 1
11-05 17:47:25.364 28489 28489 D VrRuntimeClient: VrRuntimeClient: initialize. inContext: com.oculus.os.DialogContext@ddac453
11-05 17:47:25.367  2167  2167 D VrRuntimeService: onStartCommand
11-05 17:47:25.367 28489 28489 I VrApi   : IsFocusAware: 0
11-05 17:47:25.368 28489 28489 D LoggingService: Binding to logging service
11-05 17:47:25.370 28489 28489 D LoggingService: Logging Package version: 10.0.0.111.515
11-05 17:47:25.372 28489 28489 I Breakpad: Breakpad Init
11-05 17:47:25.381 28489 28489 I Breakpad: Mobile Breakpad GK is disabled
11-05 17:47:25.381 28489 28489 I Breakpad: Breakpad for Native crashes disabled
11-05 17:47:25.382 28489 28489 D SystemActivitiesReceiver: Registering Oculus System Activity receiver
11-05 17:47:25.395 28489 28489 I SystemUtils_Internal: ShellSystemUtilsAnytimeUICapability: 2
11-05 17:47:25.395 28489 28489 D VrRuntimeClient: connectToService
11-05 17:47:25.395 28489 28489 D VrRuntimeClient: VrRuntimeClient: creating new service
11-05 17:47:25.396  1081  1121 W ActivityManager: Activity pause timeout for ActivityRecord{8df7d8b u0 com.android.packageinstaller/.permission.ui.GrantPermissionsActivity t424}
11-05 17:47:25.397  2167  2167 D VrRuntimeService: onStartCommand
11-05 17:47:25.400 28489 28489 D VrRuntimeClient: VrRuntimeClient: Waiting on connection...
11-05 17:47:25.400 28489 28505 D VrRuntimeClient: VrRuntimeClient: Service connected.
11-05 17:47:25.403  2167  8423 I ClientMgr: ClientMgr::CreateClient: 28489:com.android.packageinstaller
11-05 17:47:25.403  2167  8423 I SharedMemoryServer: SharedMemoryServer::MapMemory: Allocated shared memory fd 45 (VrRuntimeService_PrivateReadWrite_com.android.packageinstaller)
11-05 17:47:25.404  2167  8423 W Vulkan_Utils: Memory type 24 with properties 10 not found.
11-05 17:47:25.404  2167  8423 I BufferObject: ovrBufferObjectFactory::Initialize BufferSize=4096, Fd=47, AllocSize=9568, VkBuffer=0x7f5d1ee700, VkMemory=0x7f5955e480, Mapping=0x7f787ae000
11-05 17:47:25.404  2167  8423 I GuardianSystem: SetCurrentPackageName: com.android.packageinstaller
11-05 17:47:25.404  2167  8423 I GuardianSystem: SetCurrentPackageName: Return package changed: com.android.packageinstaller
11-05 17:47:25.406  2167  2180 D VrRuntimeService: IVrRuntimeClient.Stub().getSharedMemoryFileDescriptor()
11-05 17:47:25.406  2167  2180 I VrRuntimeService: SharedMemoryDebug: nativeGetSharedMemoryPublicReadOnlyFd: 35
11-05 17:47:25.406  2167  2180 D VrRuntimeService: getSharedMemoryFileDescriptor fd (VrRuntimeService) 35
11-05 17:47:25.407  2167  2189 D VrRuntimeService: IVrRuntimeClient.Stub().getSharedMemoryPrivateReadWriteFileDescriptor()
11-05 17:47:25.407  2167  2189 I VrRuntimeService: SharedMemoryDebug: nativeGetSharedMemoryPrivateReadWriteFd: 45
11-05 17:47:25.407  2167  2189 D VrRuntimeService: getSharedMemoryPrivateReadWriteFileDescriptor fd (VrRuntimeService) 45
11-05 17:47:25.409  2167  2899 D VrRuntimeService: IVrRuntimeClient.Stub().getBufferObjectImportInfo()
11-05 17:47:25.411 28489 28505 I VrRuntimeClient: nativeRuntimeServiceConnected: publicReadOnlyFd=43, privateReadWriteFd=44, bufferObjectFd=45
11-05 17:47:25.412 28489 28489 D VrRuntimeClient: VrRuntimeClient: connectionIsReady: true
11-05 17:47:25.413 28489 28489 D VrRuntimeClient: VrRuntimeClient: context.bindService SUCCESS
11-05 17:47:25.413 28489 28489 I Distortion: SetLensPositions - iad=0.0635, left offset=-0.002986,-0.00272, right offset=0.002986,-0.00272
11-05 17:47:25.413 28489 28489 I Distortion: SetLensPositions - iad=0.0635, left offset=-0.002986,-0.00272, right offset=0.002986,-0.00272
11-05 17:47:25.413 28489 28489 I OSSDK   : CalibrationManager: Using standalone implementation
11-05 17:47:25.418 28489 28489 I Distortion: Loaded distortion file from Calibration Manager
11-05 17:47:25.418 28489 28489 I Distortion: ovrDistortionMeshHeader::magic = 0x56347807
11-05 17:47:25.418 28489 28489 I Distortion: ovrDistortionMeshHeader::deviceModel = 0x101
11-05 17:47:25.418 28489 28489 I Distortion: ovrDistortionMeshHeader::headsetModel = 0x103
11-05 17:47:25.418 28489 28489 I Distortion: ovrDistortionMeshHeader::eyeBlocksWide = 32
11-05 17:47:25.418 28489 28489 I Distortion: ovrDistortionMeshHeader::eyeBlocksHigh = 32
11-05 17:47:25.418 28489 28489 I Distortion: ovrDistortionMeshHeader::lensSeparationMeters = 0.053428
11-05 17:47:25.418 28489 28489 I Distortion: ovrDistortionMeshHeader::horizontalOffsetMeters = 0.000000
11-05 17:47:25.419 28489 28489 I Distortion: ovrDistortionMeshHeader::displayWidthMeters = 0.118800
11-05 17:47:25.419 28489 28489 I Distortion: ovrDistortionMeshHeader::displayHeightMeters = 0.066000
11-05 17:47:25.419 28489 28489 I Distortion: ovrDistortionMeshHeader::displayWidthPixels = 2880
11-05 17:47:25.419 28489 28489 I Distortion: ovrDistortionMeshHeader::displayHeightPixels = 1600
11-05 17:47:25.419 28489 28489 I Distortion: ovrDistortionMeshHeader::eyeTextureWidthPixels = 1216
11-05 17:47:25.419 28489 28489 I Distortion: ovrDistortionMeshHeader::eyeTextureHeightPixels = 1344
11-05 17:47:25.419 28489 28489 I Distortion: ovrDistortionMeshHeader::leftEye = up 47.000000 / down 53.000000 / left 52.000000 / right 42.000000
11-05 17:47:25.419 28489 28489 I Distortion: ovrDistortionMeshHeader::rightEye = up 47.000000 / down 53.000000 / left 42.000000 / right 52.000000
11-05 17:47:25.419 28489 28489 I TrackingServiceClient: initialize
11-05 17:47:25.421 28489 28489 D TrackingServiceClient: onInitialize
11-05 17:47:25.423 28489 28489 I InputHooks: InitializeInputHooks
11-05 17:47:25.423 28489 28489 I InputHooks: InitializeInputHooks create
11-05 17:47:25.423 28489 28489 I InputHooks: InitializeInputHookscreated calling init
11-05 17:47:25.423 28489 28489 I InputHooks_Internal: SetReorientHMDOnControllerRecenter = false
11-05 17:47:25.423 28489 28489 I InputHooks_Internal: SetBlockRemoteButtonsWhenNotEmulatingHMT = true
11-05 17:47:25.423 28489 28489 I InputHooks_Internal: SetLatchBackButtonEntireFrame = true
11-05 17:47:25.423 28489 28489 D VrRuntimeClient: getClient6dofEntitlementMode for com.android.packageinstaller
11-05 17:47:25.430  2074  2215 W PublicLibraryProvider: Cannot find entitlement for com.android.packageinstaller
11-05 17:47:25.430 28489 28489 I VrApi   : ----------- vrapi_Initialize [end] ----------
11-05 17:47:25.431 28489 28489 I GoCompatibility: Determining Emulation mode for com.android.packageinstaller
11-05 17:47:25.431 28489 28489 I GoCompatibility: enitlement mode unkown so checking manifest for Go Compatibility
11-05 17:47:25.431 28489 28489 I GoCompatibility: headtracking feature in manifest, GoCompatibility disabled.
11-05 17:47:25.459 28489 28489 D LoggingService: Connected to logging service: ComponentInfo{com.oculus.horizon/com.oculus.horizon.service.SDKLoggingService}
11-05 17:47:25.465 28489 28489 I GoCompatibility: GoCompatibility: vrapi_shutdown_Hooked()
11-05 17:47:25.465 28489 28489 I VrApi   : ------------ vrapi_Shutdown [start] -----------
11-05 17:47:25.465 28489 28489 D TrackingServiceClient: onShutdown
11-05 17:47:25.465 28489 28489 D SystemActivitiesReceiver: Unregistering Oculus System Activity receiver
11-05 17:47:25.466 28489 28489 I Breakpad: Breakpad Shutdown
11-05 17:47:25.466 28489 28489 I AudioCapture: AudioCapture::Shutdown
11-05 17:47:25.466 28489 28489 I AudioCapture: AudioCapture::StopAudioConsumerThread
11-05 17:47:25.467 28489 28489 I AudioCapture: AudioCapture::StopAudioConsumerThread COMPLETE
11-05 17:47:25.467 28489 28489 I AudioCapture: AudioCapture::Shutdown COMPLETE
11-05 17:47:25.467 28489 28489 I VrRuntimeClient: DisableGlFunctionHooks
11-05 17:47:25.467 28489 28489 I BufferObject: ovrBufferObjectFactory::Shutdown
11-05 17:47:25.467 28489 28489 I BufferObject: ovrBufferObjectFactory: closing fd=45
11-05 17:47:25.467 28489 28489 I RenderUtils: ovrRenderUtils::Shutdown - not initialized
11-05 17:47:25.467 28489 28489 D VrRuntimeClient: VrRuntimeClient: shutdown.
11-05 17:47:25.467 28489 28489 D VrRuntimeClient: VrRuntimeClient: Performing disconnect
11-05 17:47:25.467  2167  2180 D VrRuntimeService: VrRuntimeService: destroyClientInternal: com.android.packageinstaller, pid: 28489, window: null
11-05 17:47:25.467  2167  2180 I ClientMgr: ClientMgr::DestroyClient: 28489:com.android.packageinstaller
11-05 17:47:25.467  2167  2180 I ClientMgr: ClientMgr::DestroyClient: non-deferred ShutdownResources: 18446744073709551615 == 18446744073709551615 
11-05 17:47:25.467  2167  2180 I BufferObject: ovrBufferObjectFactory::Shutdown
11-05 17:47:25.467  2167  2180 I BufferObject: ovrBufferObjectFactory: closing fd=47
11-05 17:47:25.467  2167  2180 I BufferObject: ovrBufferObjectFactory: unmapping Vulkan memory
11-05 17:47:25.467  2167  2180 I BufferObject: ovrBufferObjectFactory: destroying Vulkan buffer=547023152896
11-05 17:47:25.467  2167  2180 I BufferObject: ovrBufferObjectFactory: freeing Vulkan memory=546959647872
11-05 17:47:25.468 28489 28489 I VrRuntimeClient: nativeRuntimeServiceConnected: publicReadOnlyFd=-1, privateReadWriteFd=-1, bufferObjectFd=-1
11-05 17:47:25.475 28489 28489 I VrApi   : ------------ vrapi_Shutdown [end] -----------
11-05 17:47:25.486 28469 28486 D UE4     : LogAndroidEvents::EnqueueAppEvent : 9, 0, tid = 28486, APP_EVENT_STATE_ON_START
11-05 17:47:25.487 28469 28469 D UE4     : Creating console command broadcast listener
11-05 17:47:25.489 28469 28469 D UE4     : ==================================> Inside onStart function in GameActivity
11-05 17:47:25.491 28469 28469 D UE4     : ==============> GameActive.onStop complete!
11-05 17:47:25.491 28469 28486 D UE4     : LogAndroidEvents::EnqueueAppEvent : 8, 0, tid = 28486, APP_EVENT_STATE_ON_STOP
11-05 17:47:25.505 28469 28486 D UE4     : Case APP_CMD_INIT_WINDOW
11-05 17:47:25.505 28469 28486 D UE4     : LogAndroidEvents::EnqueueAppEvent : 0, 3809728520, tid = 28486, APP_EVENT_STATE_WINDOW_CREATED
11-05 17:47:25.511  2167  2167 D VrRuntimeService: onFocusedWindowChanged: topWindowToken=android.os.BinderProxy@93ddd20, topWindowUid=10270
11-05 17:47:25.511  1803  1803 I PlatformPluginManager: Empty clients, initing
11-05 17:47:25.511  1803  1803 I PlatformPluginManager: Calling init()
11-05 17:47:25.511  2167  2167 W ClientMgr: ClientMgr::SetPrimaryCompositorClient: No active client
11-05 17:47:25.511  2167  2167 W VrRuntimeServer: VrRuntimeServer_SetCompositorSharedMemory: Invalid Warp
11-05 17:47:25.511  2167  2167 W VrRuntimeServer: VrRuntimeServer_ReleaseClockLevels: Invalid Warp when trying to release levels.
11-05 17:47:25.512  1803  1803 I PlatformPluginManager: Not docked, aborting init
11-05 17:47:25.512  1803  1803 I PlatformPluginManager: Init failed in connect(). Shutting down?
11-05 17:47:25.512  1803  1803 W System.err: java.lang.Exception: Stack trace
11-05 17:47:25.512 28469 28488 I Adreno GLES: QUALCOMM build                   : b8c103d, I8a36212832
11-05 17:47:25.512 28469 28488 I Adreno GLES: Build Date                       : 05/17/19
11-05 17:47:25.512 28469 28488 I Adreno GLES: OpenGL ES Shader Compiler Version: EV031.26.12.00
11-05 17:47:25.512 28469 28488 I Adreno GLES: Local Branch                     : 
11-05 17:47:25.512 28469 28488 I Adreno GLES: Remote Branch                    : refs/tags/AU_LINUX_ANDROID_LA.UM.5.7.R1.07.01.01.253.109
11-05 17:47:25.512 28469 28488 I Adreno GLES: Remote Branch                    : NONE
11-05 17:47:25.512 28469 28488 I Adreno GLES: Reconstruct Branch               : NOTHING
11-05 17:47:25.512 28469 28488 I Adreno GLES: Build Config                     : S P 6.0.9 AArch32
11-05 17:47:25.512  1803  1803 W System.err: 	at java.lang.Thread.dumpStack(Thread.java:1376)
11-05 17:47:25.512  1803  1803 W System.err: 	at com.oculus.horizon.platformplugin.PlatformPluginManager.connect(PlatformPluginManager.java:536)
11-05 17:47:25.512  1803  1803 W System.err: 	at com.oculus.horizon.platformplugin.PlatformPluginManager.connect(PlatformPluginManager.java:445)
11-05 17:47:25.512  1803  1803 W System.err: 	at com.oculus.horizon.service_media.OVRMediaServiceManager.safeGetPPM(OVRMediaServiceManager.java:290)
11-05 17:47:25.512  1803  1803 W System.err: 	at com.oculus.horizon.service_media.OVRMediaServiceManager.onAppSwitch(OVRMediaServiceManager.java:984)
11-05 17:47:25.512  1803  1803 W System.err: 	at com.oculus.horizon.service_media.AppSwitchManager.onAppSwitch(AppSwitchManager.java:68)
11-05 17:47:25.512  1803  1803 W System.err: 	at com.oculus.horizon.service_media.AppSwitchManager.onAppSwitch(AppSwitchManager.java:76)
11-05 17:47:25.512  1803  1803 W System.err: 	at com.oculus.horizon.service_media.OVRMediaService$1.onForegroundAppUpdate(OVRMediaService.java:85)
11-05 17:47:25.512  1803  1803 W System.err: 	at com.oculus.horizon.service_media.ForegroundAppChecker.handleNewForegroundAppInfo(ForegroundAppChecker.java:91)
11-05 17:47:25.512  1803  1803 W System.err: 	at com.oculus.horizon.service_media.ForegroundAppChecker.access$100(ForegroundAppChecker.java:27)
11-05 17:47:25.512  1803  1803 W System.err: 	at com.oculus.horizon.service_media.ForegroundAppChecker$TopWindowManager$TopWindowObserver.onFocusedWindowChanged(ForegroundAppChecker.java:116)
11-05 17:47:25.512  1803  1803 W System.err: 	at com.oculus.os.ActivityManagerUtils$WindowLayoutObserverWrapper$1.run(ActivityManagerUtils.java:114)
11-05 17:47:25.512  1803  1803 W System.err: 	at android.os.Handler.handleCallback(Handler.java:751)
11-05 17:47:25.512  1803  1803 W System.err: 	at android.os.Handler.dispatchMessage(Handler.java:95)
11-05 17:47:25.512  1803  1803 W System.err: 	at android.os.Looper.loop(Looper.java:154)
11-05 17:47:25.512  1803  1803 W System.err: 	at android.app.ActivityThread.main(ActivityThread.java:6144)
11-05 17:47:25.512  1803  1803 W System.err: 	at java.lang.reflect.Method.invoke(Native Method)
11-05 17:47:25.512  1803  1803 W System.err: 	at com.android.internal.os.ZygoteInit$MethodAndArgsCaller.run(ZygoteInit.java:886)
11-05 17:47:25.512  1803  1803 W System.err: 	at com.android.internal.os.ZygoteInit.main(ZygoteInit.java:776)
11-05 17:47:25.524 28469 28488 I Adreno GLES: Found an ESX Settings File: /data/misc/gpu/esx_config.txt
11-05 17:47:25.528 28469 28488 I Adreno GLES: Found an ESX Settings File: /data/misc/gpu/esx_config.txt
11-05 17:47:25.530 28469 28488 I Adreno GLES: PFP: 0x005ff112, ME: 0x005ff066
11-05 17:47:25.530 28469 28488 I Adreno GLES: Found an ESX Settings File: /data/misc/gpu/esx_config.txt
11-05 17:47:25.533  2074  2179 W LibraryProvider: Cannot find entitlement for com.oculus.vrshell
11-05 17:47:25.534  1803  1803 W OVRLibrary: null cursor received for query content://com.oculus.ocms.library/apps/com.oculus.vrshell
11-05 17:47:25.534  1803  1803 I PlatformPluginManager: onAppStart com.oculus.vrshell false
11-05 17:47:25.534  1803  1803 E PlatformPluginManager: onAppStart called before init
11-05 17:47:25.534  1803  1803 E OVRMediaServiceManager: LivestreamingManager Not initialized
11-05 17:47:25.546 28469 28488 I OpenGLRenderer: Initialized EGL, version 1.4
11-05 17:47:25.546 28469 28488 D OpenGLRenderer: Swap behavior 1
11-05 17:47:25.552 28469 28486 D UE4     : LogAndroidEvents::EnqueueAppEvent : 9, 0, tid = 28486, APP_EVENT_STATE_ON_START
11-05 17:47:25.552 28469 28469 D UE4     : Creating console command broadcast listener
11-05 17:47:25.553 28469 28469 D UE4     : ==================================> Inside onStart function in GameActivity
11-05 17:47:25.554 28469 28486 D UE4     : Case APP_CMD_RESUME
11-05 17:47:25.554 28469 28486 D UE4     : LogAndroidEvents::EnqueueAppEvent : 7, 0, tid = 28486, APP_EVENT_STATE_ON_RESUME
11-05 17:47:25.554 28469 28469 D UE4     : onResume: start memory reporter runnable
11-05 17:47:25.554 28469 28469 D UE4     : === Restoring Transparent Bars ===
11-05 17:47:25.554 28469 28469 D UE4     : ==============> [JAVA] AndroidThunkJava_KeepScreenOn(false) - Enabled screen saver
11-05 17:47:25.554 28469 28469 D UE4     : Registering sensor listeners
11-05 17:47:25.554 28469 28469 D UE4     : App is running in Landscape
11-05 17:47:25.554 28469 28469 D UE4     : === Restoring Transparent Bars ===
11-05 17:47:25.554 28469 28469 D UE4     : ==============> Resuming main init
11-05 17:47:25.555 28469 28469 D UE4     : ==============> GameActive.onResume complete!
11-05 17:47:25.555 28469 28469 D UE4     : onPause: stop memory reporter runnable
11-05 17:47:25.555 28469 28469 D UE4     : Unregistering sensor listeners
11-05 17:47:25.555 28469 28486 D UE4     : Case APP_CMD_PAUSE
11-05 17:47:25.555 28469 28486 D UE4     : LogAndroidEvents::EnqueueAppEvent : 6, 0, tid = 28486, APP_EVENT_STATE_ON_PAUSE
11-05 17:47:25.555 28469 28469 D UE4     : ==============> GameActive.onPause complete!
11-05 17:47:25.557 28469 28486 D UE4     : LogAndroidEvents::EnqueueAppEvent : 11, 0, tid = 28486, APP_EVENT_STATE_WINDOW_GAINED_FOCUS
11-05 17:47:25.593 28469 28486 D UE4     : LogAndroidEvents::EnqueueAppEvent : 12, 0, tid = 28486, APP_EVENT_STATE_SAVE_STATE
11-05 17:47:25.594 28469 28486 D UE4     : LogAndroidEvents::EnqueueAppEvent : 8, 0, tid = 28486, APP_EVENT_STATE_ON_STOP
11-05 17:47:25.594 28469 28469 D UE4     : ==============> GameActive.onStop complete!
11-05 17:47:25.594 28469 28469 W IInputConnectionWrapper: reportFullscreenMode on inexistent InputConnection
11-05 17:47:25.652 28469 28485 D UE4     : EGL Extensions: 
11-05 17:47:25.652 28469 28485 D UE4     : EGL_KHR_get_all_proc_addresses EGL_ANDROID_presentation_time EGL_KHR_swap_buffers_with_damage EGL_ANDROID_create_native_client_buffer EGL_ANDROID_front_buffer_auto_refresh EGL_KHR_image EGL_KHR_image_base EGL_KHR_lock_surface EGL_KHR_gl_texture_2D_image EGL_KHR_gl_texture_3D_image EGL_KHR_gl_texture_cubemap_image EGL_KHR_gl_renderbuffer_image EGL_KHR_reusable_sync EGL_KHR_fence_sync EGL_KHR_create_context EGL_KHR_surfaceless_context EGL_EXT_create_context_robustness EGL_ANDROID_image_native_buffer EGL_KHR_wait_sync EGL_ANDROID_recordable EGL_KHR_partial_update EGL_KHR_create_context_no_error EGL_KHR_mutable_render_buffer EGL_EXT_yuv_surface EGL_EXT_protected_content 
11-05 17:47:25.655 28469 28485 D UE4     : FAndroidGPUInfo
11-05 17:47:25.655 28469 28485 D UE4     : AndroidEGL::InitSurface 0, 0
11-05 17:47:25.655 28469 28485 D UE4     : [JAVA] - SetDesiredViewSize width=2880 and height=1600
11-05 17:47:25.655 28469 28485 D UE4     : AndroidEGL::CreateEGLSurface(0), eglSurface = eglCreatePbufferSurface(), 8x8
11-05 17:47:25.655 28469 28485 D UE4     : AndroidEGL::CreateEGLSurface(0), auxSurface = eglCreatePbufferSurface(), 8x8
11-05 17:47:25.660 28469 28485 D vulkan  : searching for layers in '/data/app/com.YourCompany.LastResisters-1/lib/arm'
11-05 17:47:25.660 28469 28485 D vulkan  : searching for layers in '/system/fake-libs'
11-05 17:47:25.660 28469 28485 D vulkan  : searching for layers in '/data/app/com.YourCompany.LastResisters-1/base.apk!/lib/armeabi-v7a'
11-05 17:47:25.660 28469 28485 I Adreno VK: QUALCOMM build          : b8c103d, I8a36212832
11-05 17:47:25.660 28469 28485 I Adreno VK: Build Date              : 05/17/19
11-05 17:47:25.660 28469 28485 I Adreno VK: Shader Compiler Version : EV031.26.12.00
11-05 17:47:25.660 28469 28485 I Adreno VK: Local Branch            : 
11-05 17:47:25.660 28469 28485 I Adreno VK: Remote Branch           : refs/tags/AU_LINUX_ANDROID_LA.UM.5.7.R1.07.01.01.253.109
11-05 17:47:25.660 28469 28485 I Adreno VK: Remote Branch           : NONE
11-05 17:47:25.660 28469 28485 I Adreno VK: Reconstruct Branch      : NOTHING
11-05 17:47:25.661 28469 28485 I Adreno VK: Build Config            : G O 9.9.0 AArch32
11-05 17:47:25.716 28469 28485 D UE4     : LogPluginManager: Mounting plugin Paper2D
11-05 17:47:25.719 28469 28485 D UE4     : LogPluginManager: Mounting plugin AISupport
11-05 17:47:25.722 28469 28485 D UE4     : LogPluginManager: Mounting plugin LightPropagationVolume
11-05 17:47:25.724 28469 28485 D UE4     : LogPluginManager: Mounting plugin AnimationSharing
11-05 17:47:25.727 28469 28485 D UE4     : LogPluginManager: Mounting plugin AssetManagerEditor
11-05 17:47:25.729 28469 28485 D UE4     : LogPluginManager: Mounting plugin CryptoKeys
11-05 17:47:25.732 28469 28485 D UE4     : LogPluginManager: Mounting plugin CurveEditorTools
11-05 17:47:25.734 28469 28485 D UE4     : LogPluginManager: Mounting plugin FacialAnimation
11-05 17:47:25.737 28469 28485 D UE4     : LogPluginManager: Mounting plugin DatasmithContent
11-05 17:47:25.740 28469 28485 D UE4     : LogPluginManager: Mounting plugin VariantManagerContent
11-05 17:47:25.742 28469 28485 D UE4     : LogPluginManager: Mounting plugin AlembicImporter
11-05 17:47:25.745 28469 28485 D UE4     : LogPluginManager: Mounting plugin AutomationUtils
11-05 17:47:25.747 28469 28485 D UE4     : LogPluginManager: Mounting plugin BackChannel
11-05 17:47:25.750 28469 28485 D UE4     : LogPluginManager: Mounting plugin CharacterAI
11-05 17:47:25.752 28469 28485 D UE4     : LogPluginManager: Mounting plugin GeometryCache
11-05 17:47:25.754 28469 28485 D UE4     : LogPluginManager: Mounting plugin PlatformCrypto
11-05 17:47:25.757 28469 28485 D UE4     : LogPluginManager: Mounting plugin AndroidMedia
11-05 17:47:25.759 28469 28485 D UE4     : LogPluginManager: Mounting plugin ImgMedia
11-05 17:47:25.761 28469 28485 D UE4     : LogPluginManager: Mounting plugin MediaCompositing
11-05 17:47:25.764 28469 28485 D UE4     : LogPluginManager: Mounting plugin TcpMessaging
11-05 17:47:25.766 28469 28485 D UE4     : LogPluginManager: Mounting plugin UdpMessaging
11-05 17:47:25.769 28469 28485 D UE4     : LogPluginManager: Mounting plugin ActorSequence
11-05 17:47:25.771 28469 28485 D UE4     : LogPluginManager: Mounting plugin NetcodeUnitTest
11-05 17:47:25.773 28469 28485 D UE4     : LogPluginManager: Mounting plugin OnlineSubsystemGooglePlay
11-05 17:47:25.776 28469 28485 D UE4     : LogPluginManager: Mounting plugin OnlineSubsystem
11-05 17:47:25.779 28469 28485 D UE4     : LogPluginManager: Mounting plugin OnlineSubsystemNull
11-05 17:47:25.782 28469 28485 D UE4     : LogPluginManager: Mounting plugin OnlineSubsystemUtils
11-05 17:47:25.784 28469 28485 D UE4     : LogPluginManager: Mounting plugin AndroidDeviceProfileSelector
11-05 17:47:25.787 28469 28485 D UE4     : LogPluginManager: Mounting plugin AndroidMoviePlayer
11-05 17:47:25.789 28469 28485 D UE4     : LogPluginManager: Mounting plugin AndroidPermission
11-05 17:47:25.792 28469 28485 D UE4     : LogPluginManager: Mounting plugin AppleImageUtils
11-05 17:47:25.794 28469 28485 D UE4     : LogPluginManager: Mounting plugin ArchVisCharacter
11-05 17:47:25.797 28469 28485 D UE4     : LogPluginManager: Mounting plugin AudioCapture
11-05 17:47:25.799 28469 28485 D UE4     : LogPluginManager: Mounting plugin CableComponent
11-05 17:47:25.802 28469 28485 D UE4     : LogPluginManager: Mounting plugin CustomMeshComponent
11-05 17:47:25.804 28469 28485 D UE4     : LogPluginManager: Mounting plugin EditableMesh
11-05 17:47:25.806 28469 28485 D UE4     : LogPluginManager: Mounting plugin ExampleDeviceProfileSelector
11-05 17:47:25.809 28469 28485 D UE4     : LogPluginManager: Mounting plugin GoogleCloudMessaging
11-05 17:47:25.811 28469 28485 D UE4     : LogPluginManager: Mounting plugin LocationServicesBPLibrary
11-05 17:47:25.814 28469 28485 D UE4     : LogPluginManager: Mounting plugin MobilePatchingUtils
11-05 17:47:25.817 28469 28485 D UE4     : LogPluginManager: Mounting plugin OculusVR
11-05 17:47:25.820 28469 28485 D UE4     : LogPluginManager: Mounting plugin PhysXVehicles
11-05 17:47:25.823 28469 28485 D UE4     : LogPluginManager: Mounting plugin ProceduralMeshComponent
11-05 17:47:25.825 28469 28485 D UE4     : LogPluginManager: Mounting plugin RuntimePhysXCooking
11-05 17:47:25.828 28469 28485 D UE4     : LogPluginManager: Mounting plugin SignificanceManager
11-05 17:47:25.830 28469 28485 D UE4     : LogPluginManager: Mounting plugin ScreenshotTools
11-05 17:47:25.900 28469 28485 D UE4     : LogInit: Using libcurl 7.46.0
11-05 17:47:25.900 28469 28485 D UE4     : LogInit:  - built for arm-unknown-linux-androideabi
11-05 17:47:25.900 28469 28485 D UE4     : LogInit:  - supports SSL with OpenSSL/1.0.1s
11-05 17:47:25.900 28469 28485 D UE4     : LogInit:  - supports HTTP deflate (compression) using libz 1.2.8
11-05 17:47:25.900 28469 28485 D UE4     : LogInit:  - other features:
11-05 17:47:25.900 28469 28485 D UE4     : LogInit:      CURL_VERSION_SSL
11-05 17:47:25.900 28469 28485 D UE4     : LogInit:      CURL_VERSION_LIBZ
11-05 17:47:25.900 28469 28485 D UE4     : LogInit:      CURL_VERSION_IPV6
11-05 17:47:25.900 28469 28485 D UE4     : LogInit:      CURL_VERSION_ASYNCHDNS
11-05 17:47:25.900 28469 28485 D UE4     : LogInit:      CURL_VERSION_TLSAUTH_SRP
11-05 17:47:25.900 28469 28485 D UE4     : LogInit:  CurlRequestOptions (configurable via config and command line):
11-05 17:47:25.900 28469 28485 D UE4     : LogInit:  - bVerifyPeer = true  - Libcurl will verify peer certificate
11-05 17:47:25.900 28469 28485 D UE4     : LogInit:  - bUseHttpProxy = false  - Libcurl will NOT use HTTP proxy
11-05 17:47:25.900 28469 28485 D UE4     : LogInit:  - bDontReuseConnections = false  - Libcurl will reuse connections
11-05 17:47:25.900 28469 28485 D UE4     : LogInit:  - MaxHostConnections = 16  - Libcurl will limit the number of connections to a host
11-05 17:47:25.900 28469 28485 D UE4     : LogInit:  - LocalHostAddr = Default
11-05 17:47:25.900 28469 28485 D UE4     : LogInit:  - BufferSize = 65536
11-05 17:47:25.902 28469 28485 D UE4     : LogOnline: Display: OSS: OnlineSubsystemGooglePlayModule::StartupModule()
11-05 17:47:25.902 28469 28485 D UE4     : LogOnline: OSS: Creating online subsystem instance for: GooglePlay
11-05 17:47:25.902 28469 28485 D UE4     : LogOnline: Warning: OSS: FOnlineSubsystemGooglePlayModule was disabled
11-05 17:47:25.902 28469 28485 D UE4     : LogOnline: OSS: Unable to create OnlineSubsystem module GooglePlay
11-05 17:47:25.902 28469 28485 D UE4     : LogOnline: OSS: Creating online subsystem instance for: NULL
11-05 17:47:25.902 28469 28485 D UE4     : LogOnline: OSS: Creating online subsystem instance for: GooglePlay
11-05 17:47:25.902 28469 28485 D UE4     : LogOnline: Warning: OSS: FOnlineSubsystemGooglePlayModule was disabled
11-05 17:47:25.903 28469 28485 I VrApiLoader: VrApi Loader Version: 1.1.22.0-0-0 Feb  4 2019 14:42:09 
11-05 17:47:25.906 28469 28485 W System  : ClassLoader referenced unknown path: /system/priv-app/VrDriver/lib/arm
11-05 17:47:25.906 28469 28485 D ApplicationLoaders: ignored Vulkan layer search path /system/priv-app/VrDriver/lib/arm:/system/priv-app/VrDriver/VrDriver.apk!/lib/armeabi-v7a:/system/lib:/vendor/lib for namespace 0xf1edb090
11-05 17:47:25.910 28469 28485 V VrDriver: Loading 32-bit VrDriver.
11-05 17:47:25.914 28469 28485 I Distortion: SetLensPositions - iad=0.062, left offset=0.00119,0, right offset=-0.00449,0
11-05 17:47:25.914 28469 28485 I Distortion: SetLensPositions - iad=0.062, left offset=0.00119,0, right offset=-0.00449,0
11-05 17:47:25.915 28469 28485 I VrApi_DriverLoader: *Adding Layer: GoCompatibility
11-05 17:47:25.915 28469 28485 I VrApi_DriverLoader: About to call StartLayer in vrapilayers.GoCompatibility
11-05 17:47:25.915 28469 28485 D GoCompatibility: GoCompatibility StartLayer: Loading libgocompatibility.so
11-05 17:47:25.916 28469 28485 I GoCompatibility: JNI_OnLoad() for GoCompatibility
11-05 17:47:25.916 28469 28485 I GoCompatibility: VrApiLayer: GoCompatibility
11-05 17:47:25.916 28469 28485 I VrApiLayers: Initializing VrApiLayer
11-05 17:47:25.917 28469 28485 I VrApi_DriverLoader: VrapiLayer GoCompatibility started
11-05 17:47:25.917 28469 28485 I GoCompatibility: GoCompatibility: vrapi_Initialize_Hooked(1 1 22 0 0x10200)
11-05 17:47:25.917 28469 28485 I VrApi   : ----------- vrapi_Initialize [start] ----------
11-05 17:47:25.920 28469 28485 I VrRuntimeClient: VrRuntimeClient: Init
11-05 17:47:25.921 28469 28485 I DeviceProperties_Android: ovrDeviceProperties::Initialize
11-05 17:47:25.922 28469 28522 D OsSdk   : Connected to unified telemetry service.
11-05 17:47:25.923 28469 28485 I DeviceProperties_Android: Headset Model: 'monterey:SDC:SDINDDH4-128G   '
11-05 17:47:25.923 28469 28485 I DeviceProperties_Android: Device Model: 'monterey'
11-05 17:47:25.924 28469 28485 I DeviceProperties_Android: Device Region: 'US'
11-05 17:47:25.927 28469 28485 I DeviceProperties_Android: GPU Type: 'ADRENO_540'
11-05 17:47:25.928 28469 28485 I DeviceProperties_Android: Num Refresh Rates Supported 2
11-05 17:47:25.928 28469 28485 I DeviceProperties_Android: Refresh Rate (0): 60.000000Hz
11-05 17:47:25.928 28469 28485 I DeviceProperties_Android: Refresh Rate (1): 72.000000Hz
11-05 17:47:25.928 28469 28485 I OSSDK   : CalibrationManager: Using standalone implementation
11-05 17:47:25.998  1588  1884 I OsSdk   : will wait 60 seconds before retrying
11-05 17:47:25.999  1969  2044 I OsSdk   : will wait 60 seconds before retrying
11-05 17:47:26.107  2074  2095 W LibraryProvider: Cannot find entitlement for com.YourCompany.LastResisters
11-05 17:47:26.107  1466  2099 W OVRLibrary: null cursor received for query content://com.oculus.ocms.library/apps/com.YourCompany.LastResisters
11-05 17:47:26.108  2074  2119 W LibraryProvider: Cannot find entitlement for com.YourCompany.LastResisters
11-05 17:47:26.108  1466 27023 W OVRLibrary: null cursor received for query content://com.oculus.ocms.library/apps/com.YourCompany.LastResisters
11-05 17:47:26.109 28469 28522 I OsSdk   : will wait 60 seconds before retrying
11-05 17:47:26.232  2074  2165 W LibraryProvider: Cannot find entitlement for com.YourCompany.LastResisters
11-05 17:47:26.233  1466 27045 W OVRLibrary: null cursor received for query content://com.oculus.ocms.library/apps/com.YourCompany.LastResisters
11-05 17:47:26.236 28469 28485 I DeviceProperties_Android: DisplayParms.ScanoutDirection = 3
11-05 17:47:26.237 28469 28485 I DeviceProperties_Android: DisplayParms.ShutterType = 0
11-05 17:47:26.237 28469 28485 I DeviceProperties_Android: DisplayParms.timing = 0.500000 1.000000
11-05 17:47:26.237 28469 28485 I DeviceProperties_Android: DisplayParms.prediction = (1.000000 1.500000) (1.500000 2.000000)
11-05 17:47:26.238 28469 28485 I DeviceProperties_Android: getDisplayDimensions returned: 2880, 1600
11-05 17:47:26.240 28469 28485 I DeviceProperties_Android: ovrDeviceProperties: OVR_DEVICE_CAPABILITY_POSITIONAL_TRACKING_BIT
11-05 17:47:26.240 28469 28485 I DeviceProperties_Android: ovrDeviceProperties: OVR_DEVICE_CAPABILITY_MULTIVIEW_BIT
11-05 17:47:26.241 28469 28485 I DeviceProperties_Android: ovrDeviceProperties: OVR_DEVICE_CAPABILITY_PROTECTED_CONTENT_BIT
