11-05 17:47:26.241 28469 28485 I DeviceProperties_Android: ovrDeviceProperties: OVR_DEVICE_CAPABILITY_SRGB_SCANOUT_SUPPORT_BIT
11-05 17:47:26.241 28469 28485 I DeviceProperties_Android: ovrDeviceProperties: OVR_DEVICE_CAPABILITY_DYNAMIC_DISPLAY_REFRESH_RATE_BIT
11-05 17:47:26.241 28469 28485 I DeviceProperties_Android: ovrDeviceProperties: OVR_DEVICE_CAPABILITY_MEMORY_EXPORT_BIT
11-05 17:47:26.241 28469 28485 I DeviceProperties_Android: ovrDeviceProperties: OVR_DEVICE_CAPABILITY_FIXED_FOVEATED_RENDERING_BIT
11-05 17:47:26.242 28469 28485 I VrRuntimeClient: RuntimeService Enabled
11-05 17:47:26.242 28469 28485 I RuntimeHelpers: ShouldEnableOOPComposition: oopc_enabled_prop = -1
11-05 17:47:26.243 28469 28485 I RuntimeHelpers: ShouldEnableOOPComposition: enabled 1
11-05 17:47:26.243 28469 28485 I RuntimeHelpers: IsOopCompositionEnabled: enabled
11-05 17:47:26.243 28469 28485 I RuntimeHelpers: OOP_INPUT: oopi_enabled_prop = 1
11-05 17:47:26.245 28469 28485 I AudioCapture: AudioCapture::Init
11-05 17:47:26.251 28469 28485 I AudioCapture: AudioCapture::Init -> Initializing audio capture using direct OS Callbacks
11-05 17:47:26.251 28469 28485 I AudioCapture: AudioCapture::Init COMPLETE
11-05 17:47:26.257 28469 28469 V UE4-GameApplication: App in background
11-05 17:47:26.285 28469 28485 I VrRuntimeClient: InsideFlailLockoutGKorSysProp true
11-05 17:47:26.285 28469 28485 I VrRuntimeClient: Flail Lockout Hand: 'combined'
11-05 17:47:26.286 28469 28485 I VrRuntimeClient: Flail Lockout Slow Test: '50'  Change '0.05'
11-05 17:47:26.286 28469 28485 I VrRuntimeClient: Flail Lockout Fast Test: '100'  Change '0.1'
11-05 17:47:26.286 28469 28485 I VrRuntimeClient: Flail Lockout Menu button: 1
11-05 17:47:26.289 28469 28485 D VrRuntimeClient: VrRuntimeClient: initialize. inContext: com.epicgames.ue4.GameActivity@1fd254a
11-05 17:47:26.292  2167  2167 D VrRuntimeService: onStartCommand
11-05 17:47:26.295 28469 28485 I VrApi   : IsFocusAware: 0
11-05 17:47:26.296 28469 28485 D LoggingService: Binding to logging service
11-05 17:47:26.297 28469 28485 D LoggingService: Logging Package version: 10.0.0.111.515
11-05 17:47:26.300 28469 28485 I Breakpad: Breakpad Init
11-05 17:47:26.300 28469 28469 D LoggingService: Connected to logging service: ComponentInfo{com.oculus.horizon/com.oculus.horizon.service.SDKLoggingService}
11-05 17:47:26.312 28469 28485 I Breakpad: Mobile Breakpad GK is disabled
11-05 17:47:26.312 28469 28485 I Breakpad: Breakpad for Native crashes disabled
11-05 17:47:26.313 28469 28485 D SystemActivitiesReceiver: Registering Oculus System Activity receiver
11-05 17:47:26.331 28469 28485 I SystemUtils_Internal: ShellSystemUtilsAnytimeUICapability: 2
11-05 17:47:26.331 28469 28485 D VrRuntimeClient: connectToService
11-05 17:47:26.332 28469 28485 D VrRuntimeClient: VrRuntimeClient: creating new service
11-05 17:47:26.333  2167  2167 D VrRuntimeService: onStartCommand
11-05 17:47:26.337 28469 28523 D VrRuntimeClient: VrRuntimeClient: Service connected.
11-05 17:47:26.337 28469 28485 D VrRuntimeClient: VrRuntimeClient: Waiting on connection...
11-05 17:47:26.338  2167  2180 I ClientMgr: ClientMgr::CreateClient: 28469:com.YourCompany.LastResisters
11-05 17:47:26.338  2167  2180 I SharedMemoryServer: SharedMemoryServer::MapMemory: Allocated shared memory fd 45 (VrRuntimeService_PrivateReadWrite_com.YourCompany.LastResisters)
11-05 17:47:26.338  2167  2180 W Vulkan_Utils: Memory type 24 with properties 10 not found.
11-05 17:47:26.339  2167  2180 I BufferObject: ovrBufferObjectFactory::Initialize BufferSize=4096, Fd=47, AllocSize=9568, VkBuffer=0x7f5d1ee700, VkMemory=0x7f5955e600, Mapping=0x7f787ae000
11-05 17:47:26.339  2167  2180 I GuardianSystem: SetCurrentPackageName: com.YourCompany.LastResisters
11-05 17:47:26.339  2167  2180 I GuardianSystem: SetCurrentPackageName: Return package changed: com.YourCompany.LastResisters
11-05 17:47:26.340  2167  2189 D VrRuntimeService: IVrRuntimeClient.Stub().getSharedMemoryFileDescriptor()
11-05 17:47:26.340  2167  2189 I VrRuntimeService: SharedMemoryDebug: nativeGetSharedMemoryPublicReadOnlyFd: 35
11-05 17:47:26.340  2167  2189 D VrRuntimeService: getSharedMemoryFileDescriptor fd (VrRuntimeService) 35
11-05 17:47:26.340  2167  2899 D VrRuntimeService: IVrRuntimeClient.Stub().getSharedMemoryPrivateReadWriteFileDescriptor()
11-05 17:47:26.340  2167  2899 I VrRuntimeService: SharedMemoryDebug: nativeGetSharedMemoryPrivateReadWriteFd: 45
11-05 17:47:26.340  2167  2899 D VrRuntimeService: getSharedMemoryPrivateReadWriteFileDescriptor fd (VrRuntimeService) 45
11-05 17:47:26.341  2167  8423 D VrRuntimeService: IVrRuntimeClient.Stub().getBufferObjectImportInfo()
11-05 17:47:26.341 28469 28523 I VrRuntimeClient: nativeRuntimeServiceConnected: publicReadOnlyFd=72, privateReadWriteFd=73, bufferObjectFd=74
11-05 17:47:26.342 28469 28485 D VrRuntimeClient: VrRuntimeClient: connectionIsReady: true
11-05 17:47:26.342 28469 28485 D VrRuntimeClient: VrRuntimeClient: context.bindService SUCCESS
11-05 17:47:26.342 28469 28485 I Distortion: SetLensPositions - iad=0.0635, left offset=-0.002986,-0.00272, right offset=0.002986,-0.00272
11-05 17:47:26.342 28469 28485 I Distortion: SetLensPositions - iad=0.0635, left offset=-0.002986,-0.00272, right offset=0.002986,-0.00272
11-05 17:47:26.342 28469 28485 I OSSDK   : CalibrationManager: Using standalone implementation
11-05 17:47:26.344 28469 28485 I Distortion: Loaded distortion file from Calibration Manager
11-05 17:47:26.344 28469 28485 I Distortion: ovrDistortionMeshHeader::magic = 0x56347807
11-05 17:47:26.344 28469 28485 I Distortion: ovrDistortionMeshHeader::deviceModel = 0x101
11-05 17:47:26.344 28469 28485 I Distortion: ovrDistortionMeshHeader::headsetModel = 0x103
11-05 17:47:26.344 28469 28485 I Distortion: ovrDistortionMeshHeader::eyeBlocksWide = 32
11-05 17:47:26.344 28469 28485 I Distortion: ovrDistortionMeshHeader::eyeBlocksHigh = 32
11-05 17:47:26.344 28469 28485 I Distortion: ovrDistortionMeshHeader::lensSeparationMeters = 0.053428
11-05 17:47:26.344 28469 28485 I Distortion: ovrDistortionMeshHeader::horizontalOffsetMeters = 0.000000
11-05 17:47:26.344 28469 28485 I Distortion: ovrDistortionMeshHeader::displayWidthMeters = 0.118800
11-05 17:47:26.344 28469 28485 I Distortion: ovrDistortionMeshHeader::displayHeightMeters = 0.066000
11-05 17:47:26.344 28469 28485 I Distortion: ovrDistortionMeshHeader::displayWidthPixels = 2880
11-05 17:47:26.345 28469 28485 I Distortion: ovrDistortionMeshHeader::displayHeightPixels = 1600
11-05 17:47:26.345 28469 28485 I Distortion: ovrDistortionMeshHeader::eyeTextureWidthPixels = 1216
11-05 17:47:26.345 28469 28485 I Distortion: ovrDistortionMeshHeader::eyeTextureHeightPixels = 1344
11-05 17:47:26.345 28469 28485 I Distortion: ovrDistortionMeshHeader::leftEye = up 47.000000 / down 53.000000 / left 52.000000 / right 42.000000
11-05 17:47:26.345 28469 28485 I Distortion: ovrDistortionMeshHeader::rightEye = up 47.000000 / down 53.000000 / left 42.000000 / right 52.000000
11-05 17:47:26.345 28469 28485 I TrackingServiceClient: initialize
11-05 17:47:26.346 28469 28485 D TrackingServiceClient: onInitialize
11-05 17:47:26.347 28469 28485 I InputHooks: InitializeInputHooks
11-05 17:47:26.347 28469 28485 I InputHooks: InitializeInputHooks create
11-05 17:47:26.347 28469 28485 I InputHooks: InitializeInputHookscreated calling init
11-05 17:47:26.347 28469 28485 I InputHooks_Internal: SetReorientHMDOnControllerRecenter = false
11-05 17:47:26.347 28469 28485 I InputHooks_Internal: SetBlockRemoteButtonsWhenNotEmulatingHMT = true
11-05 17:47:26.347 28469 28485 I InputHooks_Internal: SetLatchBackButtonEntireFrame = true
11-05 17:47:26.347 28469 28485 D VrRuntimeClient: getClient6dofEntitlementMode for com.YourCompany.LastResisters
11-05 17:47:26.352  2074  2216 W PublicLibraryProvider: Cannot find entitlement for com.YourCompany.LastResisters
11-05 17:47:26.354 28469 28485 I VrApi   : ----------- vrapi_Initialize [end] ----------
11-05 17:47:26.354 28469 28485 I GoCompatibility: Determining Emulation mode for com.YourCompany.LastResisters
11-05 17:47:26.354 28469 28485 I GoCompatibility: enitlement mode unkown so checking manifest for Go Compatibility
11-05 17:47:26.354 28469 28485 D GoCompatibility: PackageName: com.YourCompany.LastResisters
11-05 17:47:26.356 28469 28485 I GoCompatibility: headtracking feature in manifest, GoCompatibility disabled.
11-05 17:47:26.356 28469 28485 I OVRPlugin: VkInstanceExtensions:
11-05 17:47:26.356 28469 28485 I OVRPlugin:   VK_KHR_surface
11-05 17:47:26.356 28469 28485 I OVRPlugin:   VK_KHR_android_surface
11-05 17:47:26.356 28469 28485 I OVRPlugin:   VK_KHR_get_physical_device_properties2
11-05 17:47:26.356 28469 28485 I OVRPlugin: VkDeviceExtensions:
11-05 17:47:26.356 28469 28485 I OVRPlugin:   VK_KHR_swapchain
11-05 17:47:26.356 28469 28485 I OVRPlugin:   VK_KHR_external_memory_fd
11-05 17:47:26.356 28469 28485 I GoCompatibility: GoCompatibility: vrapi_shutdown_Hooked()
11-05 17:47:26.356 28469 28485 I VrApi   : ------------ vrapi_Shutdown [start] -----------
11-05 17:47:26.356 28469 28485 D TrackingServiceClient: onShutdown
11-05 17:47:26.356 28469 28485 D SystemActivitiesReceiver: Unregistering Oculus System Activity receiver
11-05 17:47:26.358 28469 28485 I Breakpad: Breakpad Shutdown
11-05 17:47:26.358 28469 28485 I AudioCapture: AudioCapture::Shutdown
11-05 17:47:26.358 28469 28485 I AudioCapture: AudioCapture::StopAudioConsumerThread
11-05 17:47:26.358 28469 28485 I AudioCapture: AudioCapture::StopAudioConsumerThread COMPLETE
11-05 17:47:26.358 28469 28485 I AudioCapture: AudioCapture::Shutdown COMPLETE
11-05 17:47:26.358 28469 28485 I VrRuntimeClient: DisableGlFunctionHooks
11-05 17:47:26.358 28469 28485 I BufferObject: ovrBufferObjectFactory::Shutdown
11-05 17:47:26.358 28469 28485 I BufferObject: ovrBufferObjectFactory: closing fd=74
11-05 17:47:26.358 28469 28485 I RenderUtils: ovrRenderUtils::Shutdown - not initialized
11-05 17:47:26.358 28469 28485 D VrRuntimeClient: VrRuntimeClient: shutdown.
11-05 17:47:26.358 28469 28485 D VrRuntimeClient: VrRuntimeClient: Performing disconnect
11-05 17:47:26.358  2167  2189 D VrRuntimeService: VrRuntimeService: destroyClientInternal: com.YourCompany.LastResisters, pid: 28469, window: null
11-05 17:47:26.358  2167  2189 I ClientMgr: ClientMgr::DestroyClient: 28469:com.YourCompany.LastResisters
11-05 17:47:26.358  2167  2189 I ClientMgr: ClientMgr::DestroyClient: non-deferred ShutdownResources: 18446744073709551615 == 18446744073709551615 
11-05 17:47:26.358  2167  2189 I BufferObject: ovrBufferObjectFactory::Shutdown
11-05 17:47:26.358  2167  2189 I BufferObject: ovrBufferObjectFactory: closing fd=47
11-05 17:47:26.358  2167  2189 I BufferObject: ovrBufferObjectFactory: unmapping Vulkan memory
11-05 17:47:26.358  2167  2189 I BufferObject: ovrBufferObjectFactory: destroying Vulkan buffer=547023152896
11-05 17:47:26.358  2167  2189 I BufferObject: ovrBufferObjectFactory: freeing Vulkan memory=546959648256
11-05 17:47:26.360 28469 28485 I VrRuntimeClient: nativeRuntimeServiceConnected: publicReadOnlyFd=-1, privateReadWriteFd=-1, bufferObjectFd=-1
11-05 17:47:26.360 28469 28485 I VrApi   : ------------ vrapi_Shutdown [end] -----------
11-05 17:47:26.360 28469 28485 I OVRPlugin: ProfilerSystem: verbose mode 0
11-05 17:47:26.360 28469 28485 D UE4     : LogInit: Build: ++UE4+Release-4.23-CL-9631420
11-05 17:47:26.360 28469 28485 D UE4     : LogInit: Engine Version: 4.23.1-9631420+++UE4+Release-4.23
11-05 17:47:26.360 28469 28485 D UE4     : LogInit: Compatible Engine Version: 4.23.0-8386587+++UE4+Release-4.23
11-05 17:47:26.360 28469 28485 D UE4     : LogInit: Net CL: 8386587
11-05 17:47:26.360 28469 28485 D UE4     : LogInit: OS: Android (7.1.1), CPU: Quest, GPU: Adreno (TM) 540
11-05 17:47:26.360 28469 28485 D UE4     : LogInit: Compiled (32-bit): Oct 18 2019 03:15:40
11-05 17:47:26.360 28469 28485 D UE4     : LogInit: Compiled with Clang: 3.8.275480 
11-05 17:47:26.360 28469 28485 D UE4     : LogInit: Build Configuration: Development
11-05 17:47:26.360 28469 28485 D UE4     : LogInit: Branch Name: ++UE4+Release-4.23
11-05 17:47:26.361 28469 28485 D UE4     : LogInit: Command Line:   /Game/Game/Level/Maps/Play/Play -Messaging -SessionId=6A7774F249B7D69128C3B48715DDD842 -SessionOwner="s172091" -SessionName="Launch On Device" -iterative
11-05 17:47:26.361 28469 28485 D UE4     : LogInit: Base Directory: 
11-05 17:47:26.361 28469 28485 D UE4     : LogInit: Installed Engine Build: 0
11-05 17:47:26.361 28469 28485 D UE4     : LogDevObjectVersion: Number of dev versions registered: 23
11-05 17:47:26.361 28469 28485 D UE4     : LogDevObjectVersion:   Dev-Blueprints (B0D832E4-1F89-4F0D-ACCF-7EB736FD4AA2): 10
11-05 17:47:26.361 28469 28485 D UE4     : LogDevObjectVersion:   Dev-Build (E1C64328-A22C-4D53-A36C-8E866417BD8C): 0
11-05 17:47:26.361 28469 28485 D UE4     : LogDevObjectVersion:   Dev-Core (375EC13C-06E4-48FB-B500-84F0262A717E): 3
11-05 17:47:26.361 28469 28485 D UE4     : LogDevObjectVersion:   Dev-Editor (E4B068ED-F494-42E9-A231-DA0B2E46BB41): 34
11-05 17:47:26.361 28469 28485 D UE4     : LogDevObjectVersion:   Dev-Framework (CFFC743F-43B0-4480-9391-14DF171D2073): 35
11-05 17:47:26.361 28469 28485 D UE4     : LogDevObjectVersion:   Dev-Mobile (B02B49B5-BB20-44E9-A304-32B752E40360): 2
11-05 17:47:26.361 28469 28485 D UE4     : LogDevObjectVersion:   Dev-Networking (A4E4105C-59A1-49B5-A7C5-40C4547EDFEE): 0
11-05 17:47:26.361 28469 28485 D UE4     : LogDevObjectVersion:   Dev-Online (39C831C9-5AE6-47DC-9A44-9C173E1C8E7C): 0
11-05 17:47:26.361 28469 28485 D UE4     : LogDevObjectVersion:   Dev-Physics (78F01B33-EBEA-4F98-B9B4-84EACCB95AA2): 0
11-05 17:47:26.361 28469 28485 D UE4     : LogDevObjectVersion:   Dev-Platform (6631380F-2D4D-43E0-8009-CF276956A95A): 0
11-05 17:47:26.361 28469 28485 D UE4     : LogDevObjectVersion:   Dev-Rendering (12F88B9F-8875-4AFC-A67C-D90C383ABD29): 31
11-05 17:47:26.361 28469 28485 D UE4     : LogDevObjectVersion:   Dev-Sequencer (7B5AE74C-D270-4C10-A958-57980B212A5A): 11
11-05 17:47:26.361 28469 28485 D UE4     : LogDevObjectVersion:   Dev-VR (D7296918-1DD6-4BDD-9DE2-64A83CC13884): 2
11-05 17:47:26.361 28469 28485 D UE4     : LogDevObjectVersion:   Dev-LoadTimes (C2A15278-BFE7-4AFE-6C17-90FF531DF755): 1
11-05 17:47:26.361 28469 28485 D UE4     : LogDevObjectVersion:   Private-Geometry (6EACA3D4-40EC-4CC1-B786-8BED09428FC5): 3
11-05 17:47:26.361 28469 28485 D UE4     : LogDevObjectVersion:   Dev-AnimPhys (29E575DD-E0A3-4627-9D10-D276232CDCEA): 17
11-05 17:47:26.361 28469 28485 D UE4     : LogDevObjectVersion:   Dev-Anim (AF43A65D-7FD3-4947-9873-3E8ED9C1BB05): 2
11-05 17:47:26.361 28469 28485 D UE4     : LogDevObjectVersion:   Dev-ReflectionCapture (6B266CEC-1EC7-4B8F-A30B-E4D90942FC07): 1
11-05 17:47:26.361 28469 28485 D UE4     : LogDevObjectVersion:   Dev-Automation (0DF73D61-A23F-47EA-B727-89E90C41499A): 1
11-05 17:47:26.361 28469 28485 D UE4     : LogDevObjectVersion:   FortniteMain (601D1886-AC64-4F84-AA16-D3DE0DEAC7D6): 27
11-05 17:47:26.361 28469 28485 D UE4     : LogDevObjectVersion:   Dev-Enterprise (9DFFBCD6-494F-0158-E221-12823C92A888): 6
11-05 17:47:26.361 28469 28485 D UE4     : LogDevObjectVersion:   Dev-Niagara (F2AED0AC-9AFE-416F-8664-AA7FFA26D6FC): 1
11-05 17:47:26.361 28469 28485 D UE4     : LogDevObjectVersion:   Dev-Destruction (174F1F0B-B4C6-45A5-B13F-2EE8D0FB917D): 9
11-05 17:47:26.390 28469 28485 D UE4     : LogInit: Presizing for max 131072 objects, including 1 objects not considered by GC, pre-allocating 0 bytes for permanent pool.
11-05 17:47:26.391 28469 28485 D UE4     : LogStreaming: Display: Async Loading initialized: Event Driven Loader: true, Async Loading Thread: false, Async Post Load: true
11-05 17:47:26.403 28469 28485 D UE4     : LogInit: Object subsystem initialized
11-05 17:47:26.405 28469 28485 D UE4     : LogConfig: Setting CVar [[con.DebugEarlyDefault:1]]
11-05 17:47:26.406 28469 28485 D UE4     : [2019.11.05-08.47.26:406][  0]LogConfig: Setting CVar [[con.DebugEarlyDefault:1]]
11-05 17:47:26.406 28469 28485 D UE4     : [2019.11.05-08.47.26:406][  0]LogConfig: Applying CVar settings from Section [/Script/Engine.RendererSettings] File [../../../LastResisters/Saved/Config/Android/Engine.ini]
11-05 17:47:26.406 28469 28485 D UE4     : [2019.11.05-08.47.26:406][  0]LogConfig: Setting CVar [[r.GPUCrashDebugging:0]]
11-05 17:47:26.406 28469 28485 D UE4     : [2019.11.05-08.47.26:406][  0]LogConfig: Setting CVar [[r.Mobile.UseHWsRGBEncoding:1]]
11-05 17:47:26.406 28469 28485 D UE4     : [2019.11.05-08.47.26:406][  0]LogConfig: Setting CVar [[r.DefaultFeature.AntiAliasing:2]]
11-05 17:47:26.406 28469 28485 D UE4     : [2019.11.05-08.47.26:406][  0]LogConfig: Applying CVar settings from Section [/Script/Engine.RendererOverrideSettings] File [../../../LastResisters/Saved/Config/Android/Engine.ini]
11-05 17:47:26.406 28469 28485 D UE4     : [2019.11.05-08.47.26:406][  0]LogConfig: Applying CVar settings from Section [/Script/Engine.StreamingSettings] File [../../../LastResisters/Saved/Config/Android/Engine.ini]
11-05 17:47:26.406 28469 28485 D UE4     : [2019.11.05-08.47.26:406][  0]LogConfig: Setting CVar [[s.MinBulkDataSizeForAsyncLoading:131072]]
11-05 17:47:26.406 28469 28485 D UE4     : [2019.11.05-08.47.26:406][  0]LogConfig: Setting CVar [[s.AsyncLoadingThreadEnabled:0]]
11-05 17:47:26.406 28469 28485 D UE4     : [2019.11.05-08.47.26:406][  0]LogConfig: Setting CVar [[s.EventDrivenLoaderEnabled:1]]
11-05 17:47:26.406 28469 28485 D UE4     : [2019.11.05-08.47.26:406][  0]LogConfig: Setting CVar [[s.WarnIfTimeLimitExceeded:0]]
11-05 17:47:26.406 28469 28485 D UE4     : [2019.11.05-08.47.26:406][  0]LogConfig: Setting CVar [[s.TimeLimitExceededMultiplier:1.5]]
11-05 17:47:26.406 28469 28485 D UE4     : [2019.11.05-08.47.26:406][  0]LogConfig: Setting CVar [[s.TimeLimitExceededMinTime:0.005]]
11-05 17:47:26.406 28469 28485 D UE4     : [2019.11.05-08.47.26:406][  0]LogConfig: Setting CVar [[s.UseBackgroundLevelStreaming:1]]
11-05 17:47:26.406 28469 28485 D UE4     : [2019.11.05-08.47.26:406][  0]LogConfig: Setting CVar [[s.PriorityAsyncLoadingExtraTime:15.0]]
11-05 17:47:26.406 28469 28485 D UE4     : [2019.11.05-08.47.26:406][  0]LogConfig: Setting CVar [[s.LevelStreamingActorsUpdateTimeLimit:5.0]]
11-05 17:47:26.406 28469 28485 D UE4     : [2019.11.05-08.47.26:406][  0]LogConfig: Setting CVar [[s.PriorityLevelStreamingActorsUpdateExtraTime:5.0]]
11-05 17:47:26.406 28469 28485 D UE4     : [2019.11.05-08.47.26:406][  0]LogConfig: Setting CVar [[s.LevelStreamingComponentsRegistrationGranularity:10]]
11-05 17:47:26.406 28469 28485 D UE4     : [2019.11.05-08.47.26:406][  0]LogConfig: Setting CVar [[s.UnregisterComponentsTimeLimit:1.0]]
11-05 17:47:26.407 28469 28485 D UE4     : [2019.11.05-08.47.26:406][  0]LogConfig: Setting CVar [[s.LevelStreamingComponentsUnregistrationGranularity:5]]
11-05 17:47:26.407 28469 28485 D UE4     : [2019.11.05-08.47.26:407][  0]LogConfig: Applying CVar settings from Section [/Script/Engine.GarbageCollectionSettings] File [../../../LastResisters/Saved/Config/Android/Engine.ini]
11-05 17:47:26.407 28469 28485 D UE4     : [2019.11.05-08.47.26:407][  0]LogConfig: Setting CVar [[gc.MaxObjectsNotConsideredByGC:1]]
11-05 17:47:26.407 28469 28485 D UE4     : [2019.11.05-08.47.26:407][  0]LogConfig: Setting CVar [[gc.SizeOfPermanentObjectPool:0]]
11-05 17:47:26.407 28469 28485 D UE4     : [2019.11.05-08.47.26:407][  0]LogConfig: Setting CVar [[gc.FlushStreamingOnGC:0]]
11-05 17:47:26.407 28469 28485 D UE4     : [2019.11.05-08.47.26:407][  0]LogConfig: Setting CVar [[gc.NumRetriesBeforeForcingGC:10]]
11-05 17:47:26.407 28469 28485 D UE4     : [2019.11.05-08.47.26:407][  0]LogConfig: Setting CVar [[gc.AllowParallelGC:1]]
11-05 17:47:26.407 28469 28485 D UE4     : [2019.11.05-08.47.26:407][  0]LogConfig: Setting CVar [[gc.TimeBetweenPurgingPendingKillObjects:61.1]]
11-05 17:47:26.407 28469 28485 D UE4     : [2019.11.05-08.47.26:407][  0]LogConfig: Setting CVar [[gc.MaxObjectsInEditor:16777216]]
11-05 17:47:26.407 28469 28485 D UE4     : [2019.11.05-08.47.26:407][  0]LogConfig: Setting CVar [[gc.IncrementalBeginDestroyEnabled:1]]
11-05 17:47:26.407 28469 28485 D UE4     : [2019.11.05-08.47.26:407][  0]LogConfig: Setting CVar [[gc.CreateGCClusters:1]]
11-05 17:47:26.407 28469 28485 D UE4     : [2019.11.05-08.47.26:407][  0]LogConfig: Setting CVar [[gc.MinGCClusterSize:5]]
11-05 17:47:26.407 28469 28485 D UE4     : [2019.11.05-08.47.26:407][  0]LogConfig: Setting CVar [[gc.ActorClusteringEnabled:0]]
11-05 17:47:26.407 28469 28485 D UE4     : [2019.11.05-08.47.26:407][  0]LogConfig: Setting CVar [[gc.BlueprintClusteringEnabled:0]]
11-05 17:47:26.407 28469 28485 D UE4     : [2019.11.05-08.47.26:407][  0]LogConfig: Setting CVar [[gc.UseDisregardForGCOnDedicatedServers:0]]
11-05 17:47:26.407 28469 28485 D UE4     : [2019.11.05-08.47.26:407][  0]LogConfig: Setting CVar [[gc.MaxObjectsInGame:131072]]
11-05 17:47:26.407 28469 28485 D UE4     : [2019.11.05-08.47.26:407][  0]LogConfig: Applying CVar settings from Section [/Script/Engine.NetworkSettings] File [../../../LastResisters/Saved/Config/Android/Engine.ini]
11-05 17:47:26.407 28469 28485 D UE4     : [2019.11.05-08.47.26:407][  0]LogConfig: Applying CVar settings from Section [ViewDistanceQuality@3] File [../../../LastResisters/Saved/Config/Android/Scalability.ini]
11-05 17:47:26.408 28469 28485 D UE4     : [2019.11.05-08.47.26:407][  0]LogConfig: Setting CVar [[r.SkeletalMeshLODBias:0]]
11-05 17:47:26.408 28469 28485 D UE4     : [2019.11.05-08.47.26:408][  0]LogConfig: Setting CVar [[r.ViewDistanceScale:1.0]]
11-05 17:47:26.408 28469 28485 D UE4     : [2019.11.05-08.47.26:408][  0]LogConfig: Applying CVar settings from Section [AntiAliasingQuality@3] File [../../../LastResisters/Saved/Config/Android/Scalability.ini]
11-05 17:47:26.408 28469 28485 D UE4     : [2019.11.05-08.47.26:408][  0]LogConfig: Setting CVar [[r.PostProcessAAQuality:4]]
11-05 17:47:26.408 28469 28485 D UE4     : [2019.11.05-08.47.26:408][  0]LogConfig: Applying CVar settings from Section [ShadowQuality@3] File [../../../LastResisters/Saved/Config/Android/Scalability.ini]
11-05 17:47:26.408 28469 28485 D UE4     : [2019.11.05-08.47.26:408][  0]LogConfig: Setting CVar [[r.LightFunctionQuality:1]]
11-05 17:47:26.408 28469 28485 D UE4     : [2019.11.05-08.47.26:408][  0]LogConfig: Setting CVar [[r.ShadowQuality:5]]
11-05 17:47:26.408 28469 28485 D UE4     : [2019.11.05-08.47.26:408][  0]LogConfig: Setting CVar [[r.Shadow.CSM.MaxCascades:10]]
11-05 17:47:26.408 28469 28485 D UE4     : [2019.11.05-08.47.26:408][  0]LogConfig: Setting CVar [[r.Shadow.MaxResolution:2048]]
11-05 17:47:26.408 28469 28485 D UE4     : [2019.11.05-08.47.26:408][  0]LogConfig: Setting CVar [[r.Shadow.MaxCSMResolution:2048]]
11-05 17:47:26.408 28469 28485 D UE4     : [2019.11.05-08.47.26:408][  0]LogConfig: Setting CVar [[r.Shadow.RadiusThreshold:0.01]]
11-05 17:47:26.408 28469 28485 D UE4     : [2019.11.05-08.47.26:408][  0]LogConfig: Setting CVar [[r.Shadow.DistanceScale:1.0]]
11-05 17:47:26.408 28469 28485 D UE4     : [2019.11.05-08.47.26:408][  0]LogConfig: Setting CVar [[r.Shadow.CSM.TransitionScale:1.0]]
11-05 17:47:26.408 28469 28485 D UE4     : [2019.11.05-08.47.26:408][  0]LogConfig: Setting CVar [[r.Shadow.PreShadowResolutionFactor:1.0]]
11-05 17:47:26.408 28469 28485 D UE4     : [2019.11.05-08.47.26:408][  0]LogConfig: Setting CVar [[r.DistanceFieldShadowing:1]]
11-05 17:47:26.408 28469 28485 D UE4     : [2019.11.05-08.47.26:408][  0]LogConfig: Setting CVar [[r.DistanceFieldAO:1]]
11-05 17:47:26.408 28469 28485 D UE4     : [2019.11.05-08.47.26:408][  0]LogConfig: Setting CVar [[r.AOQuality:2]]
11-05 17:47:26.408 28469 28485 D UE4     : [2019.11.05-08.47.26:408][  0]LogConfig: Setting CVar [[r.VolumetricFog:1]]
11-05 17:47:26.408 28469 28485 D UE4     : [2019.11.05-08.47.26:408][  0]LogConfig: Setting CVar [[r.VolumetricFog.GridPixelSize:8]]
11-05 17:47:26.408 28469 28485 D UE4     : [2019.11.05-08.47.26:408][  0]LogConfig: Setting CVar [[r.VolumetricFog.GridSizeZ:128]]
11-05 17:47:26.408 28469 28485 D UE4     : [2019.11.05-08.47.26:408][  0]LogConfig: Setting CVar [[r.VolumetricFog.HistoryMissSupersampleCount:4]]
11-05 17:47:26.408 28469 28485 D UE4     : [2019.11.05-08.47.26:408][  0]LogConfig: Setting CVar [[r.LightMaxDrawDistanceScale:1]]
11-05 17:47:26.408 28469 28485 D UE4     : [2019.11.05-08.47.26:408][  0]LogConfig: Setting CVar [[r.CapsuleShadows:1]]
11-05 17:47:26.408 28469 28485 D UE4     : [2019.11.05-08.47.26:408][  0]LogConfig: Applying CVar settings from Section [PostProcessQuality@3] File [../../../LastResisters/Saved/Config/Android/Scalability.ini]
11-05 17:47:26.409 28469 28485 D UE4     : [2019.11.05-08.47.26:408][  0]LogConfig: Setting CVar [[r.MotionBlurQuality:4]]
11-05 17:47:26.409 28469 28485 D UE4     : [2019.11.05-08.47.26:409][  0]LogConfig: Setting CVar [[r.AmbientOcclusionMipLevelFactor:0.4]]
11-05 17:47:26.409 28469 28485 D UE4     : [2019.11.05-08.47.26:409][  0]LogConfig: Setting CVar [[r.AmbientOcclusionMaxQuality:100]]
11-05 17:47:26.409 28469 28485 D UE4     : [2019.11.05-08.47.26:409][  0]LogConfig: Setting CVar [[r.AmbientOcclusionLevels:-1]]
11-05 17:47:26.409 28469 28485 D UE4     : [2019.11.05-08.47.26:409][  0]LogConfig: Setting CVar [[r.AmbientOcclusionRadiusScale:1.0]]
11-05 17:47:26.409 28469 28485 D UE4     : [2019.11.05-08.47.26:409][  0]LogConfig: Setting CVar [[r.DepthOfFieldQuality:2]]
11-05 17:47:26.409 28469 28485 D UE4     : [2019.11.05-08.47.26:409][  0]LogConfig: Setting CVar [[r.RenderTargetPoolMin:400]]
11-05 17:47:26.409 28469 28485 D UE4     : [2019.11.05-08.47.26:409][  0]LogConfig: Setting CVar [[r.LensFlareQuality:2]]
11-05 17:47:26.409 28469 28485 D UE4     : [2019.11.05-08.47.26:409][  0]LogConfig: Setting CVar [[r.SceneColorFringeQuality:1]]
11-05 17:47:26.409 28469 28485 D UE4     : [2019.11.05-08.47.26:409][  0]LogConfig: Setting CVar [[r.EyeAdaptationQuality:2]]
11-05 17:47:26.409 28469 28485 D UE4     : [2019.11.05-08.47.26:409][  0]LogConfig: Setting CVar [[r.BloomQuality:5]]
11-05 17:47:26.409 28469 28485 D UE4     : [2019.11.05-08.47.26:409][  0]LogConfig: Setting CVar [[r.FastBlurThreshold:100]]
11-05 17:47:26.409 28469 28485 D UE4     : [2019.11.05-08.47.26:409][  0]LogConfig: Setting CVar [[r.Upscale.Quality:3]]
11-05 17:47:26.409 28469 28485 D UE4     : [2019.11.05-08.47.26:409][  0]LogConfig: Setting CVar [[r.Tonemapper.GrainQuantization:1]]
11-05 17:47:26.409 28469 28485 D UE4     : [2019.11.05-08.47.26:409][  0]LogConfig: Setting CVar [[r.LightShaftQuality:1]]
11-05 17:47:26.409 28469 28485 D UE4     : [2019.11.05-08.47.26:409][  0]LogConfig: Setting CVar [[r.Filter.SizeScale:1]]
11-05 17:47:26.409 28469 28485 D UE4     : [2019.11.05-08.47.26:409][  0]LogConfig: Setting CVar [[r.Tonemapper.Quality:5]]
11-05 17:47:26.409 28469 28485 D UE4     : [2019.11.05-08.47.26:409][  0]LogConfig: Setting CVar [[r.DOF.Gather.AccumulatorQuality:1        ; higher gathering accumulator quality]]
11-05 17:47:26.409 28469 28485 D UE4     : [2019.11.05-08.47.26:409][  0]LogConfig: Setting CVar [[r.DOF.Gather.PostfilterMethod:1          ; Median3x3 postfilering method]]
11-05 17:47:26.409 28469 28485 D UE4     : [2019.11.05-08.47.26:409][  0]LogConfig: Setting CVar [[r.DOF.Gather.EnableBokehSettings:0       ; no bokeh simulation when gathering]]
11-05 17:47:26.409 28469 28485 D UE4     : [2019.11.05-08.47.26:409][  0]LogConfig: Setting CVar [[r.DOF.Gather.RingCount:4                 ; medium number of samples when gathering]]
11-05 17:47:26.409 28469 28485 D UE4     : [2019.11.05-08.47.26:409][  0]LogConfig: Setting CVar [[r.DOF.Scatter.ForegroundCompositing:1    ; additive foreground scattering]]
11-05 17:47:26.409 28469 28485 D UE4     : [2019.11.05-08.47.26:409][  0]LogConfig: Setting CVar [[r.DOF.Scatter.BackgroundCompositing:2    ; additive background scattering]]
11-05 17:47:26.409 28469 28485 D UE4     : [2019.11.05-08.47.26:409][  0]LogConfig: Setting CVar [[r.DOF.Scatter.EnableBokehSettings:1      ; bokeh simulation when scattering]]
11-05 17:47:26.410 28469 28485 D UE4     : [2019.11.05-08.47.26:409][  0]LogConfig: Setting CVar [[r.DOF.Scatter.MaxSpriteRatio:0.1         ; only a maximum of 10% of scattered bokeh]]
11-05 17:47:26.410 28469 28485 D UE4     : [2019.11.05-08.47.26:410][  0]LogConfig: Setting CVar [[r.DOF.Recombine.Quality:1                ; cheap slight out of focus]]
11-05 17:47:26.410 28469 28485 D UE4     : [2019.11.05-08.47.26:410][  0]LogConfig: Setting CVar [[r.DOF.Recombine.EnableBokehSettings:0    ; no bokeh simulation on slight out of focus]]
11-05 17:47:26.410 28469 28485 D UE4     : [2019.11.05-08.47.26:410][  0]LogConfig: Setting CVar [[r.DOF.TemporalAAQuality:1                ; more stable temporal accumulation]]
11-05 17:47:26.410 28469 28485 D UE4     : [2019.11.05-08.47.26:410][  0]LogConfig: Setting CVar [[r.DOF.Kernel.MaxForegroundRadius:0.025]]
11-05 17:47:26.410 28469 28485 D UE4     : [2019.11.05-08.47.26:410][  0]LogConfig: Setting CVar [[r.DOF.Kernel.MaxBackgroundRadius:0.025]]
11-05 17:47:26.410 28469 28485 D UE4     : [2019.11.05-08.47.26:410][  0]LogConfig: Applying CVar settings from Section [TextureQuality@3] File [../../../LastResisters/Saved/Config/Android/Scalability.ini]
11-05 17:47:26.410 28469 28485 D UE4     : [2019.11.05-08.47.26:410][  0]LogConfig: Setting CVar [[r.Streaming.MipBias:0]]
11-05 17:47:26.410 28469 28485 D UE4     : [2019.11.05-08.47.26:410][  0]LogConfig: Setting CVar [[r.Streaming.AmortizeCPUToGPUCopy:0]]
11-05 17:47:26.410 28469 28485 D UE4     : [2019.11.05-08.47.26:410][  0]LogConfig: Setting CVar [[r.Streaming.MaxNumTexturesToStreamPerFrame:0]]
11-05 17:47:26.410 28469 28485 D UE4     : [2019.11.05-08.47.26:410][  0]LogConfig: Setting CVar [[r.Streaming.Boost:1]]
11-05 17:47:26.410 28469 28485 D UE4     : [2019.11.05-08.47.26:410][  0]LogConfig: Setting CVar [[r.MaxAnisotropy:8]]
11-05 17:47:26.410 28469 28485 D UE4     : [2019.11.05-08.47.26:410][  0]LogConfig: Setting CVar [[r.Streaming.LimitPoolSizeToVRAM:0]]
11-05 17:47:26.410 28469 28485 D UE4     : [2019.11.05-08.47.26:410][  0]LogConfig: Setting CVar [[r.Streaming.PoolSize:1000]]
11-05 17:47:26.410 28469 28485 D UE4     : [2019.11.05-08.47.26:410][  0]LogConfig: Setting CVar [[r.Streaming.MaxEffectiveScreenSize:0]]
11-05 17:47:26.410 28469 28485 D UE4     : [2019.11.05-08.47.26:410][  0]LogConfig: Applying CVar settings from Section [EffectsQuality@3] File [../../../LastResisters/Saved/Config/Android/Scalability.ini]
11-05 17:47:26.410 28469 28485 D UE4     : [2019.11.05-08.47.26:410][  0]LogConfig: Setting CVar [[r.TranslucencyLightingVolumeDim:64]]
11-05 17:47:26.410 28469 28485 D UE4     : [2019.11.05-08.47.26:410][  0]LogConfig: Setting CVar [[r.RefractionQuality:2]]
11-05 17:47:26.410 28469 28485 D UE4     : [2019.11.05-08.47.26:410][  0]LogConfig: Setting CVar [[r.SSR.Quality:3]]
11-05 17:47:26.410 28469 28485 D UE4     : [2019.11.05-08.47.26:410][  0]LogConfig: Setting CVar [[r.SceneColorFormat:4]]
11-05 17:47:26.410 28469 28485 D UE4     : [2019.11.05-08.47.26:410][  0]LogConfig: Setting CVar [[r.DetailMode:2]]
11-05 17:47:26.410 28469 28485 D UE4     : [2019.11.05-08.47.26:410][  0]LogConfig: Setting CVar [[r.TranslucencyVolumeBlur:1]]
11-05 17:47:26.410 28469 28485 D UE4     : [2019.11.05-08.47.26:410][  0]LogConfig: Setting CVar [[r.MaterialQualityLevel:1 ; High quality]]
11-05 17:47:26.410 28469 28485 D UE4     : [2019.11.05-08.47.26:410][  0]LogConfig: Setting CVar [[r.SSS.Scale:1]]
11-05 17:47:26.411 28469 28485 D UE4     : [2019.11.05-08.47.26:410][  0]LogConfig: Setting CVar [[r.SSS.SampleSet:2]]
11-05 17:47:26.411 28469 28485 D UE4     : [2019.11.05-08.47.26:411][  0]LogConfig: Setting CVar [[r.SSS.Quality:1]]
11-05 17:47:26.411 28469 28485 D UE4     : [2019.11.05-08.47.26:411][  0]LogConfig: Setting CVar [[r.SSS.HalfRes:1]]
11-05 17:47:26.411 28469 28485 D UE4     : [2019.11.05-08.47.26:411][  0]LogConfig: Setting CVar [[r.EmitterSpawnRateScale:1.0]]
11-05 17:47:26.411 28469 28485 D UE4     : [2019.11.05-08.47.26:411][  0]LogConfig: Setting CVar [[r.ParticleLightQuality:2]]
11-05 17:47:26.411 28469 28485 D UE4     : [2019.11.05-08.47.26:411][  0]LogConfig: Applying CVar settings from Section [FoliageQuality@3] File [../../../LastResisters/Saved/Config/Android/Scalability.ini]
11-05 17:47:26.411 28469 28485 D UE4     : [2019.11.05-08.47.26:411][  0]LogConfig: Setting CVar [[foliage.DensityScale:1.0]]
11-05 17:47:26.411 28469 28485 D UE4     : [2019.11.05-08.47.26:411][  0]LogConfig: Setting CVar [[grass.DensityScale:1.0]]
11-05 17:47:26.411 28469 28485 D UE4     : [2019.11.05-08.47.26:411][  0]LogAndroid: Vulkan not available as project packaged without bSupportsVulkan or bSupportsVulkanSM5.
11-05 17:47:26.423 28469 28485 D UE4     : [2019.11.05-08.47.26:423][  0]LogAndroid: Checking 35 rules from DeviceProfile ini file.
11-05 17:47:26.423 28469 28485 D UE4     : [2019.11.05-08.47.26:423][  0]LogAndroid:   Default profile: Android_Default
11-05 17:47:26.423 28469 28485 D UE4     : [2019.11.05-08.47.26:423][  0]LogAndroid:   GpuFamily: Adreno (TM) 540
11-05 17:47:26.423 28469 28485 D UE4     : [2019.11.05-08.47.26:423][  0]LogAndroid:   GlVersion: OpenGL ES 3.2 V@393.0 (GIT@b8c103d, I8a36212832) (Date:05/17/19)
11-05 17:47:26.423 28469 28485 D UE4     : [2019.11.05-08.47.26:423][  0]LogAndroid:   VulkanAvailable: false
11-05 17:47:26.423 28469 28485 D UE4     : [2019.11.05-08.47.26:423][  0]LogAndroid:   VulkanVersion: 1.0.87
11-05 17:47:26.423 28469 28485 D UE4     : [2019.11.05-08.47.26:423][  0]LogAndroid:   AndroidVersion: 7.1.1
11-05 17:47:26.423 28469 28485 D UE4     : [2019.11.05-08.47.26:423][  0]LogAndroid:   DeviceMake: Oculus
11-05 17:47:26.423 28469 28485 D UE4     : [2019.11.05-08.47.26:423][  0]LogAndroid:   DeviceModel: Quest
11-05 17:47:26.423 28469 28485 D UE4     : [2019.11.05-08.47.26:423][  0]LogAndroid:   DeviceBuildNumber: user-396520.6170.115
11-05 17:47:26.423 28469 28485 D UE4     : [2019.11.05-08.47.26:423][  0]LogAndroid:   UsingHoudini: false
11-05 17:47:26.423 28469 28485 D UE4     : [2019.11.05-08.47.26:423][  0]LogAndroid:   Hardware: Qualcomm Technologies, Inc APQ8998
11-05 17:47:26.423 28469 28485 D UE4     : [2019.11.05-08.47.26:423][  0]LogAndroid:   Chipset: unknown
11-05 17:47:26.440 28469 28485 D UE4     : [2019.11.05-08.47.26:440][  0]LogAndroid: Selected Device Profile: [Android_Adreno5xx_No_Vulkan]
11-05 17:47:26.440 28469 28485 D UE4     : [2019.11.05-08.47.26:440][  0]LogInit: Applying CVar settings loaded from the selected device profile: [Android_Adreno5xx_No_Vulkan]
11-05 17:47:26.440 28469 28485 D UE4     : [2019.11.05-08.47.26:440][  0]LogHAL: Display: Platform has ~ 4 GB [3974336512 / 4294967296 / 4], which maps to Default [LargestMinGB=8, LargerMinGB=6, DefaultMinGB=4, SmallerMinGB=3, SmallestMinGB=0)
11-05 17:47:26.440 28469 28485 D UE4     : [2019.11.05-08.47.26:440][  0]LogConfig: Setting CVar [[r.Android.DisableVulkanSupport:1]]
11-05 17:47:26.440 28469 28485 D UE4     : [2019.11.05-08.47.26:440][  0]LogInit: Going up to parent DeviceProfile [Android_Adreno5xx]
11-05 17:47:26.440 28469 28485 D UE4     : [2019.11.05-08.47.26:440][  0]LogConfig: Setting CVar [[r.DisjointTimerQueries:1]]
11-05 17:47:26.440 28469 28485 D UE4     : [2019.11.05-08.47.26:440][  0]LogInit: Going up to parent DeviceProfile [Android_High]
11-05 17:47:26.441 28469 28485 D UE4     : [2019.11.05-08.47.26:441][  0]LogConfig: Setting CVar [[r.BloomQuality:1]]
11-05 17:47:26.441 28469 28485 D UE4     : [2019.11.05-08.47.26:441][  0]LogConfig: Setting CVar [[r.DepthOfFieldQuality:1]]
11-05 17:47:26.441 28469 28485 D UE4     : [2019.11.05-08.47.26:441][  0]LogConfig: Setting CVar [[r.LightShaftQuality:1]]
11-05 17:47:26.441 28469 28485 D UE4     : [2019.11.05-08.47.26:441][  0]LogConfig: Setting CVar [[r.RefractionQuality:1]]
11-05 17:47:26.441 28469 28485 D UE4     : [2019.11.05-08.47.26:441][  0]LogConfig: Setting CVar [[r.MobileContentScaleFactor:1.0]]
11-05 17:47:26.441 28469 28485 D UE4     : [2019.11.05-08.47.26:441][  0]LogInit: Going up to parent DeviceProfile [Android]
11-05 17:47:26.441 28469 28485 D UE4     : [2019.11.05-08.47.26:441][  0]LogConfig: Setting CVar [[r.ShadowQuality:2]]
11-05 17:47:26.441 28469 28485 D UE4     : [2019.11.05-08.47.26:441][  0]LogConfig: Setting CVar [[slate.AbsoluteIndices:1]]
11-05 17:47:26.441 28469 28485 D UE4     : [2019.11.05-08.47.26:441][  0]LogConfig: Setting CVar [[r.Vulkan.DelayAcquireBackBuffer:2]]
11-05 17:47:26.441 28469 28485 D UE4     : [2019.11.05-08.47.26:441][  0]LogConfig: Setting CVar [[r.Vulkan.RobustBufferAccess:1]]
11-05 17:47:26.441 28469 28485 D UE4     : [2019.11.05-08.47.26:441][  0]LogConfig: Setting CVar [[r.Vulkan.DescriptorSetLayoutMode:2]]
11-05 17:47:26.441 28469 28485 D UE4     : [2019.11.05-08.47.26:441][  0]LogInit: Going up to parent DeviceProfile []
11-05 17:47:26.441 28469 28485 D UE4     : [2019.11.05-08.47.26:441][  0]LogConfig: Applying CVar settings from Section [ViewDistanceQuality@3] File [../../../LastResisters/Saved/Config/Android/Scalability.ini]
11-05 17:47:26.441 28469 28485 D UE4     : [2019.11.05-08.47.26:441][  0]LogConfig: Setting CVar [[r.SkeletalMeshLODBias:0]]
11-05 17:47:26.441 28469 28485 D UE4     : [2019.11.05-08.47.26:441][  0]LogConfig: Setting CVar [[r.ViewDistanceScale:1.0]]
11-05 17:47:26.442 28469 28485 D UE4     : [2019.11.05-08.47.26:442][  0]LogConfig: Applying CVar settings from Section [AntiAliasingQuality@3] File [../../../LastResisters/Saved/Config/Android/Scalability.ini]
11-05 17:47:26.442 28469 28485 D UE4     : [2019.11.05-08.47.26:442][  0]LogConfig: Setting CVar [[r.PostProcessAAQuality:4]]
11-05 17:47:26.442 28469 28485 D UE4     : [2019.11.05-08.47.26:442][  0]LogConfig: Applying CVar settings from Section [ShadowQuality@3] File [../../../LastResisters/Saved/Config/Android/Scalability.ini]
11-05 17:47:26.442 28469 28485 D UE4     : [2019.11.05-08.47.26:442][  0]LogConfig: Setting CVar [[r.LightFunctionQuality:1]]
11-05 17:47:26.442 28469 28485 D UE4     : [2019.11.05-08.47.26:442][  0]LogConfig: Setting CVar [[r.ShadowQuality:5]]
11-05 17:47:26.442 28469 28485 D UE4     : [2019.11.05-08.47.26:442][  0]LogConsoleManager: Setting the console variable 'r.ShadowQuality' with 'SetByScalability' was ignored as it is lower priority than the previous 'SetByDeviceProfile'. Value remains '2'
11-05 17:47:26.442 28469 28485 D UE4     : [2019.11.05-08.47.26:442][  0]LogConfig: Setting CVar [[r.Shadow.CSM.MaxCascades:10]]
11-05 17:47:26.442 28469 28485 D UE4     : [2019.11.05-08.47.26:442][  0]LogConfig: Setting CVar [[r.Shadow.MaxResolution:2048]]
11-05 17:47:26.442 28469 28485 D UE4     : [2019.11.05-08.47.26:442][  0]LogConfig: Setting CVar [[r.Shadow.MaxCSMResolution:2048]]
11-05 17:47:26.442 28469 28485 D UE4     : [2019.11.05-08.47.26:442][  0]LogConfig: Setting CVar [[r.Shadow.RadiusThreshold:0.01]]
11-05 17:47:26.442 28469 28485 D UE4     : [2019.11.05-08.47.26:442][  0]LogConfig: Setting CVar [[r.Shadow.DistanceScale:1.0]]
11-05 17:47:26.442 28469 28485 D UE4     : [2019.11.05-08.47.26:442][  0]LogConfig: Setting CVar [[r.Shadow.CSM.TransitionScale:1.0]]
11-05 17:47:26.442 28469 28485 D UE4     : [2019.11.05-08.47.26:442][  0]LogConfig: Setting CVar [[r.Shadow.PreShadowResolutionFactor:1.0]]
11-05 17:47:26.442 28469 28485 D UE4     : [2019.11.05-08.47.26:442][  0]LogConfig: Setting CVar [[r.DistanceFieldShadowing:1]]
11-05 17:47:26.442 28469 28485 D UE4     : [2019.11.05-08.47.26:442][  0]LogConfig: Setting CVar [[r.DistanceFieldAO:1]]
11-05 17:47:26.442 28469 28485 D UE4     : [2019.11.05-08.47.26:442][  0]LogConfig: Setting CVar [[r.AOQuality:2]]
11-05 17:47:26.442 28469 28485 D UE4     : [2019.11.05-08.47.26:442][  0]LogConfig: Setting CVar [[r.VolumetricFog:1]]
11-05 17:47:26.442 28469 28485 D UE4     : [2019.11.05-08.47.26:442][  0]LogConfig: Setting CVar [[r.VolumetricFog.GridPixelSize:8]]
11-05 17:47:26.442 28469 28485 D UE4     : [2019.11.05-08.47.26:442][  0]LogConfig: Setting CVar [[r.VolumetricFog.GridSizeZ:128]]
11-05 17:47:26.442 28469 28485 D UE4     : [2019.11.05-08.47.26:442][  0]LogConfig: Setting CVar [[r.VolumetricFog.HistoryMissSupersampleCount:4]]
11-05 17:47:26.442 28469 28485 D UE4     : [2019.11.05-08.47.26:442][  0]LogConfig: Setting CVar [[r.LightMaxDrawDistanceScale:1]]
11-05 17:47:26.442 28469 28485 D UE4     : [2019.11.05-08.47.26:442][  0]LogConfig: Setting CVar [[r.CapsuleShadows:1]]
11-05 17:47:26.442 28469 28485 D UE4     : [2019.11.05-08.47.26:442][  0]LogConfig: Applying CVar settings from Section [PostProcessQuality@3] File [../../../LastResisters/Saved/Config/Android/Scalability.ini]
11-05 17:47:26.442 28469 28485 D UE4     : [2019.11.05-08.47.26:442][  0]LogConfig: Setting CVar [[r.MotionBlurQuality:4]]
11-05 17:47:26.442 28469 28485 D UE4     : [2019.11.05-08.47.26:442][  0]LogConfig: Setting CVar [[r.AmbientOcclusionMipLevelFactor:0.4]]
11-05 17:47:26.442 28469 28485 D UE4     : [2019.11.05-08.47.26:442][  0]LogConfig: Setting CVar [[r.AmbientOcclusionMaxQuality:100]]
11-05 17:47:26.443 28469 28485 D UE4     : [2019.11.05-08.47.26:443][  0]LogConfig: Setting CVar [[r.AmbientOcclusionLevels:-1]]
11-05 17:47:26.443 28469 28485 D UE4     : [2019.11.05-08.47.26:443][  0]LogConfig: Setting CVar [[r.AmbientOcclusionRadiusScale:1.0]]
11-05 17:47:26.443 28469 28485 D UE4     : [2019.11.05-08.47.26:443][  0]LogConfig: Setting CVar [[r.DepthOfFieldQuality:2]]
11-05 17:47:26.443 28469 28485 D UE4     : [2019.11.05-08.47.26:443][  0]LogConsoleManager: Setting the console variable 'r.DepthOfFieldQuality' with 'SetByScalability' was ignored as it is lower priority than the previous 'SetByDeviceProfile'. Value remains '1'
11-05 17:47:26.443 28469 28485 D UE4     : [2019.11.05-08.47.26:443][  0]LogConfig: Setting CVar [[r.RenderTargetPoolMin:400]]
11-05 17:47:26.443 28469 28485 D UE4     : [2019.11.05-08.47.26:443][  0]LogConfig: Setting CVar [[r.LensFlareQuality:2]]
11-05 17:47:26.443 28469 28485 D UE4     : [2019.11.05-08.47.26:443][  0]LogConfig: Setting CVar [[r.SceneColorFringeQuality:1]]
11-05 17:47:26.443 28469 28485 D UE4     : [2019.11.05-08.47.26:443][  0]LogConfig: Setting CVar [[r.EyeAdaptationQuality:2]]
11-05 17:47:26.443 28469 28485 D UE4     : [2019.11.05-08.47.26:443][  0]LogConfig: Setting CVar [[r.BloomQuality:5]]
11-05 17:47:26.443 28469 28485 D UE4     : [2019.11.05-08.47.26:443][  0]LogConsoleManager: Setting the console variable 'r.BloomQuality' with 'SetByScalability' was ignored as it is lower priority than the previous 'SetByDeviceProfile'. Value remains '1'
11-05 17:47:26.443 28469 28485 D UE4     : [2019.11.05-08.47.26:443][  0]LogConfig: Setting CVar [[r.FastBlurThreshold:100]]
11-05 17:47:26.443 28469 28485 D UE4     : [2019.11.05-08.47.26:443][  0]LogConfig: Setting CVar [[r.Upscale.Quality:3]]
11-05 17:47:26.443 28469 28485 D UE4     : [2019.11.05-08.47.26:443][  0]LogConfig: Setting CVar [[r.Tonemapper.GrainQuantization:1]]
11-05 17:47:26.443 28469 28485 D UE4     : [2019.11.05-08.47.26:443][  0]LogConfig: Setting CVar [[r.LightShaftQuality:1]]
11-05 17:47:26.443 28469 28485 D UE4     : [2019.11.05-08.47.26:443][  0]LogConsoleManager: Setting the console variable 'r.LightShaftQuality' with 'SetByScalability' was ignored as it is lower priority than the previous 'SetByDeviceProfile'. Value remains '1'
11-05 17:47:26.443 28469 28485 D UE4     : [2019.11.05-08.47.26:443][  0]LogConfig: Setting CVar [[r.Filter.SizeScale:1]]
11-05 17:47:26.443 28469 28485 D UE4     : [2019.11.05-08.47.26:443][  0]LogConfig: Setting CVar [[r.Tonemapper.Quality:5]]
11-05 17:47:26.443 28469 28485 D UE4     : [2019.11.05-08.47.26:443][  0]LogConfig: Setting CVar [[r.DOF.Gather.AccumulatorQuality:1        ; higher gathering accumulator quality]]
11-05 17:47:26.443 28469 28485 D UE4     : [2019.11.05-08.47.26:443][  0]LogConfig: Setting CVar [[r.DOF.Gather.PostfilterMethod:1          ; Median3x3 postfilering method]]
11-05 17:47:26.443 28469 28485 D UE4     : [2019.11.05-08.47.26:443][  0]LogConfig: Setting CVar [[r.DOF.Gather.EnableBokehSettings:0       ; no bokeh simulation when gathering]]
11-05 17:47:26.443 28469 28485 D UE4     : [2019.11.05-08.47.26:443][  0]LogConfig: Setting CVar [[r.DOF.Gather.RingCount:4                 ; medium number of samples when gathering]]
11-05 17:47:26.443 28469 28485 D UE4     : [2019.11.05-08.47.26:443][  0]LogConfig: Setting CVar [[r.DOF.Scatter.ForegroundCompositing:1    ; additive foreground scattering]]
11-05 17:47:26.443 28469 28485 D UE4     : [2019.11.05-08.47.26:443][  0]LogConfig: Setting CVar [[r.DOF.Scatter.BackgroundCompositing:2    ; additive background scattering]]
11-05 17:47:26.443 28469 28485 D UE4     : [2019.11.05-08.47.26:443][  0]LogConfig: Setting CVar [[r.DOF.Scatter.EnableBokehSettings:1      ; bokeh simulation when scattering]]
11-05 17:47:26.443 28469 28485 D UE4     : [2019.11.05-08.47.26:443][  0]LogConfig: Setting CVar [[r.DOF.Scatter.MaxSpriteRatio:0.1         ; only a maximum of 10% of scattered bokeh]]
11-05 17:47:26.443 28469 28485 D UE4     : [2019.11.05-08.47.26:443][  0]LogConfig: Setting CVar [[r.DOF.Recombine.Quality:1                ; cheap slight out of focus]]
11-05 17:47:26.443 28469 28485 D UE4     : [2019.11.05-08.47.26:443][  0]LogConfig: Setting CVar [[r.DOF.Recombine.EnableBokehSettings:0    ; no bokeh simulation on slight out of focus]]
11-05 17:47:26.443 28469 28485 D UE4     : [2019.11.05-08.47.26:443][  0]LogConfig: Setting CVar [[r.DOF.TemporalAAQuality:1                ; more stable temporal accumulation]]
11-05 17:47:26.443 28469 28485 D UE4     : [2019.11.05-08.47.26:443][  0]LogConfig: Setting CVar [[r.DOF.Kernel.MaxForegroundRadius:0.025]]
11-05 17:47:26.443 28469 28485 D UE4     : [2019.11.05-08.47.26:443][  0]LogConfig: Setting CVar [[r.DOF.Kernel.MaxBackgroundRadius:0.025]]
11-05 17:47:26.444 28469 28485 D UE4     : [2019.11.05-08.47.26:444][  0]LogConfig: Applying CVar settings from Section [TextureQuality@3] File [../../../LastResisters/Saved/Config/Android/Scalability.ini]
11-05 17:47:26.444 28469 28485 D UE4     : [2019.11.05-08.47.26:444][  0]LogConfig: Setting CVar [[r.Streaming.MipBias:0]]
11-05 17:47:26.444 28469 28485 D UE4     : [2019.11.05-08.47.26:444][  0]LogConfig: Setting CVar [[r.Streaming.AmortizeCPUToGPUCopy:0]]
11-05 17:47:26.444 28469 28485 D UE4     : [2019.11.05-08.47.26:444][  0]LogConfig: Setting CVar [[r.Streaming.MaxNumTexturesToStreamPerFrame:0]]
11-05 17:47:26.444 28469 28485 D UE4     : [2019.11.05-08.47.26:444][  0]LogConfig: Setting CVar [[r.Streaming.Boost:1]]
11-05 17:47:26.444 28469 28485 D UE4     : [2019.11.05-08.47.26:444][  0]LogConfig: Setting CVar [[r.MaxAnisotropy:8]]
11-05 17:47:26.444 28469 28485 D UE4     : [2019.11.05-08.47.26:444][  0]LogConfig: Setting CVar [[r.Streaming.LimitPoolSizeToVRAM:0]]
11-05 17:47:26.444 28469 28485 D UE4     : [2019.11.05-08.47.26:444][  0]LogConfig: Setting CVar [[r.Streaming.PoolSize:1000]]
11-05 17:47:26.444 28469 28485 D UE4     : [2019.11.05-08.47.26:444][  0]LogConfig: Setting CVar [[r.Streaming.MaxEffectiveScreenSize:0]]
11-05 17:47:26.444 28469 28485 D UE4     : [2019.11.05-08.47.26:444][  0]LogConfig: Applying CVar settings from Section [EffectsQuality@3] File [../../../LastResisters/Saved/Config/Android/Scalability.ini]
11-05 17:47:26.444 28469 28485 D UE4     : [2019.11.05-08.47.26:444][  0]LogConfig: Setting CVar [[r.TranslucencyLightingVolumeDim:64]]
11-05 17:47:26.444 28469 28485 D UE4     : [2019.11.05-08.47.26:444][  0]LogConfig: Setting CVar [[r.RefractionQuality:2]]
11-05 17:47:26.444 28469 28485 D UE4     : [2019.11.05-08.47.26:444][  0]LogConsoleManager: Setting the console variable 'r.RefractionQuality' with 'SetByScalability' was ignored as it is lower priority than the previous 'SetByDeviceProfile'. Value remains '1'
11-05 17:47:26.444 28469 28485 D UE4     : [2019.11.05-08.47.26:444][  0]LogConfig: Setting CVar [[r.SSR.Quality:3]]
11-05 17:47:26.444 28469 28485 D UE4     : [2019.11.05-08.47.26:444][  0]LogConfig: Setting CVar [[r.SceneColorFormat:4]]
11-05 17:47:26.444 28469 28485 D UE4     : [2019.11.05-08.47.26:444][  0]LogConfig: Setting CVar [[r.DetailMode:2]]
11-05 17:47:26.444 28469 28485 D UE4     : [2019.11.05-08.47.26:444][  0]LogConfig: Setting CVar [[r.TranslucencyVolumeBlur:1]]
11-05 17:47:26.444 28469 28485 D UE4     : [2019.11.05-08.47.26:444][  0]LogConfig: Setting CVar [[r.MaterialQualityLevel:1 ; High quality]]
11-05 17:47:26.444 28469 28485 D UE4     : [2019.11.05-08.47.26:444][  0]LogConfig: Setting CVar [[r.SSS.Scale:1]]
11-05 17:47:26.444 28469 28485 D UE4     : [2019.11.05-08.47.26:444][  0]LogConfig: Setting CVar [[r.SSS.SampleSet:2]]
11-05 17:47:26.444 28469 28485 D UE4     : [2019.11.05-08.47.26:444][  0]LogConfig: Setting CVar [[r.SSS.Quality:1]]
11-05 17:47:26.444 28469 28485 D UE4     : [2019.11.05-08.47.26:444][  0]LogConfig: Setting CVar [[r.SSS.HalfRes:1]]
11-05 17:47:26.444 28469 28485 D UE4     : [2019.11.05-08.47.26:444][  0]LogConfig: Setting CVar [[r.EmitterSpawnRateScale:1.0]]
11-05 17:47:26.444 28469 28485 D UE4     : [2019.11.05-08.47.26:444][  0]LogConfig: Setting CVar [[r.ParticleLightQuality:2]]
11-05 17:47:26.444 28469 28485 D UE4     : [2019.11.05-08.47.26:444][  0]LogConfig: Applying CVar settings from Section [FoliageQuality@3] File [../../../LastResisters/Saved/Config/Android/Scalability.ini]
11-05 17:47:26.444 28469 28485 D UE4     : [2019.11.05-08.47.26:444][  0]LogConfig: Setting CVar [[foliage.DensityScale:1.0]]
11-05 17:47:26.444 28469 28485 D UE4     : [2019.11.05-08.47.26:444][  0]LogConfig: Setting CVar [[grass.DensityScale:1.0]]
11-05 17:47:26.444 28469 28485 D UE4     : [2019.11.05-08.47.26:444][  0]LogConfig: Applying CVar settings from Section [Startup] File [../../../Engine/Config/ConsoleVariables.ini]
11-05 17:47:26.445 28469 28485 D UE4     : [2019.11.05-08.47.26:445][  0]LogConfig: Setting CVar [[net.UseAdaptiveNetUpdateFrequency:0]]
