10-24 10:34:20.275  2152  3012 W libosutils: PipelineSignal::waitOnListener(): failed (lost connection to service?)
10-24 10:34:20.275  2152  3012 W libosutils: PipelineSignal::waitOnListener(): failed (lost connection to service?)
10-24 10:34:20.290  2152  3012 W libosutils: PipelineSignal::waitOnListener(): failed (lost connection to service?)
10-24 10:34:20.290  2152  3012 W libosutils: PipelineSignal::waitOnListener(): failed (lost connection to service?)
10-24 10:34:20.304  2152  3012 W libosutils: PipelineSignal::waitOnListener(): failed (lost connection to service?)
10-24 10:34:20.304  2152  3012 W libosutils: PipelineSignal::waitOnListener(): failed (lost connection to service?)
10-24 10:34:20.306   705  3056 W [CT]    : CONSTELLATION:MATCHING: [Camera 2] Brute matching timed out after 700/1071 iterations.
10-24 10:34:20.316  2152  3012 W libosutils: PipelineSignal::waitOnListener(): failed (lost connection to service?)
10-24 10:34:20.316  2152  3012 W libosutils: PipelineSignal::waitOnListener(): failed (lost connection to service?)
10-24 10:34:20.322  1868  3364 I Telemetry: App memory usage: PSS=234MB
10-24 10:34:20.323  1868  3364 I VrApi   : FPS=42,Prd=42ms,Tear=0,Early=37,Stale=33,VSnc=1,Lat=1,Fov=0,CPU4/GPU=4/4,2304/670MHz,OC=FF,TA=0/0/0,SP=N/N/N,Mem=1804MHz,Free=2270MB,PSM=0,PLS=0,Temp=26.0C/0.0C,TW=3.15ms,App=0.61ms,GD=0.00ms,CPU&GPU=17.02ms,LCnt=1,GPU%=0.28,CPU%=0.36(W0.62)
10-24 10:34:20.330  2152  3012 W libosutils: PipelineSignal::waitOnListener(): failed (lost connection to service?)
10-24 10:34:20.330  2152  3012 W libosutils: PipelineSignal::waitOnListener(): failed (lost connection to service?)
10-24 10:34:20.347  2152  3012 W libosutils: PipelineSignal::waitOnListener(): failed (lost connection to service?)
10-24 10:34:20.348  2152  3012 W libosutils: PipelineSignal::waitOnListener(): failed (lost connection to service?)
10-24 10:34:20.358  2152  3012 W libosutils: PipelineSignal::waitOnListener(): failed (lost connection to service?)
10-24 10:34:20.358  2152  3012 W libosutils: PipelineSignal::waitOnListener(): failed (lost connection to service?)
10-24 10:34:20.371  2152  3012 W libosutils: PipelineSignal::waitOnListener(): failed (lost connection to service?)
10-24 10:34:20.372  2152  3012 W libosutils: PipelineSignal::waitOnListener(): failed (lost connection to service?)
10-24 10:34:20.386  2152  3012 W libosutils: PipelineSignal::waitOnListener(): failed (lost connection to service?)
10-24 10:34:20.386  2152  3012 W libosutils: PipelineSignal::waitOnListener(): failed (lost connection to service?)
10-24 10:34:20.400  2152  3012 W libosutils: PipelineSignal::waitOnListener(): failed (lost connection to service?)
10-24 10:34:20.400  2152  3012 W libosutils: PipelineSignal::waitOnListener(): failed (lost connection to service?)
10-24 10:34:20.406   705  3056 W [CT]    : CONSTELLATION:MATCHING: [Camera 2] Brute matching timed out after 200/918 iterations.
10-24 10:34:20.414  2152  3012 W libosutils: PipelineSignal::waitOnListener(): failed (lost connection to service?)
10-24 10:34:20.415  2152  3012 W libosutils: PipelineSignal::waitOnListener(): failed (lost connection to service?)
10-24 10:34:20.427  2152  3012 W libosutils: PipelineSignal::waitOnListener(): failed (lost connection to service?)
10-24 10:34:20.427  2152  3012 W libosutils: PipelineSignal::waitOnListener(): failed (lost connection to service?)
10-24 10:34:20.440   705  3056 W [CT]    : CONSTELLATION:MATCHING: [Camera 2] Brute matching timed out after 700/795 iterations.
10-24 10:34:20.440   705  3056 W [CT]    : CONSTELLATION:MATCHING: [Camera 2] Brute matching timed out after 0/765 iterations.
10-24 10:34:20.441  2152  3012 W libosutils: PipelineSignal::waitOnListener(): failed (lost connection to service?)
10-24 10:34:20.442  2152  3012 W libosutils: PipelineSignal::waitOnListener(): failed (lost connection to service?)
10-24 10:34:20.446   705  3056 I [CT]    : MANAGEMENT:CONSTELLATION: Status=GREEN,, Obj=1122628778328220990,6DOF=1 (estimated),Issues(Cam/min=  0,IMU/min=0), Obj=6776806836185477697,6DOF=1 (estimated),Issues(Cam/min=  0,IMU/min=0)
10-24 10:34:20.455  2152  3012 W libosutils: PipelineSignal::waitOnListener(): failed (lost connection to service?)
10-24 10:34:20.455  2152  3012 W libosutils: PipelineSignal::waitOnListener(): failed (lost connection to service?)
10-24 10:34:20.469  2152  3012 W libosutils: PipelineSignal::waitOnListener(): failed (lost connection to service?)
10-24 10:34:20.470  2152  3012 W libosutils: PipelineSignal::waitOnListener(): failed (lost connection to service?)
10-24 10:34:20.483  2152  3012 W libosutils: PipelineSignal::waitOnListener(): failed (lost connection to service?)
10-24 10:34:20.483  2152  3012 W libosutils: PipelineSignal::waitOnListener(): failed (lost connection to service?)
10-24 10:34:20.497  2152  3012 W libosutils: PipelineSignal::waitOnListener(): failed (lost connection to service?)
10-24 10:34:20.497  2152  3012 W libosutils: PipelineSignal::waitOnListener(): failed (lost connection to service?)
10-24 10:34:20.506   705  3056 W [CT]    : CONSTELLATION:MATCHING: [Camera 2] Brute matching timed out after 100/765 iterations.
10-24 10:34:20.512  2152  3012 W libosutils: PipelineSignal::waitOnListener(): failed (lost connection to service?)
10-24 10:34:20.512  2152  3012 W libosutils: PipelineSignal::waitOnListener(): failed (lost connection to service?)
10-24 10:34:20.525  2152  3012 W libosutils: PipelineSignal::waitOnListener(): failed (lost connection to service?)
10-24 10:34:20.526  2152  3012 W libosutils: PipelineSignal::waitOnListener(): failed (lost connection to service?)
10-24 10:34:20.539   705  3056 W [CT]    : CONSTELLATION:MATCHING: [Camera 0] Brute matching timed out after 400/477 iterations.
10-24 10:34:20.540   705  3056 W [CT]    : CONSTELLATION:MATCHING: [Camera 0] Brute matching timed out after 0/459 iterations.
10-24 10:34:20.543  2152  3012 W libosutils: PipelineSignal::waitOnListener(): failed (lost connection to service?)
10-24 10:34:20.545  2152  3012 W libosutils: PipelineSignal::waitOnListener(): failed (lost connection to service?)
10-24 10:34:20.572   705  3056 W [CT]    : CONSTELLATION:MATCHING: [Camera 2] Brute matching timed out after 200/954 iterations.
10-24 10:34:20.573   705  3056 W [CT]    : CONSTELLATION:MATCHING: [Camera 1] Brute matching timed out after 0/612 iterations.
10-24 10:34:20.585   705  3338 I [CT]    : VIPER: [floorplane] Floor height has been updated to 1.21358 meters.
10-24 10:34:20.585  2152  3012 W libosutils: PipelineSignal::waitOnListener(): failed (lost connection to service?)
10-24 10:34:20.585  2152  3012 W libosutils: PipelineSignal::waitOnListener(): failed (lost connection to service?)
10-24 10:34:20.594  2152  3012 W libosutils: PipelineSignal::waitOnListener(): failed (lost connection to service?)
10-24 10:34:20.594  2152  3012 W libosutils: PipelineSignal::waitOnListener(): failed (lost connection to service?)
10-24 10:34:20.606   705  3056 W [CT]    : CONSTELLATION:MATCHING: [Camera 2] Brute matching timed out after 0/795 iterations.
10-24 10:34:20.606   546   591 D AudioFlinger: mixer(0xee703f40) throttle end: throttle time(9)
10-24 10:34:20.606   705  3056 W [CT]    : CONSTELLATION:MATCHING: [Camera 2] Brute matching timed out after 0/765 iterations.
10-24 10:34:20.608  2152  3012 W libosutils: PipelineSignal::waitOnListener(): failed (lost connection to service?)
10-24 10:34:20.609  2152  3012 W libosutils: PipelineSignal::waitOnListener(): failed (lost connection to service?)
10-24 10:34:20.622  2152  3012 W libosutils: PipelineSignal::waitOnListener(): failed (lost connection to service?)
10-24 10:34:20.623  2152  3012 W libosutils: PipelineSignal::waitOnListener(): failed (lost connection to service?)
10-24 10:34:20.636  2152  3012 W libosutils: PipelineSignal::waitOnListener(): failed (lost connection to service?)
10-24 10:34:20.637  2152  3012 W libosutils: PipelineSignal::waitOnListener(): failed (lost connection to service?)
10-24 10:34:20.639   705  3056 W [CT]    : CONSTELLATION:MATCHING: [Camera 2] Brute matching timed out after 300/954 iterations.
10-24 10:34:20.639   705  3056 W [CT]    : CONSTELLATION:MATCHING: [Camera 0] Brute matching timed out after 0/765 iterations.
10-24 10:34:20.651  2152  3012 W libosutils: PipelineSignal::waitOnListener(): failed (lost connection to service?)
10-24 10:34:20.651  2152  3012 W libosutils: PipelineSignal::waitOnListener(): failed (lost connection to service?)
10-24 10:34:20.664  2152  3012 W libosutils: PipelineSignal::waitOnListener(): failed (lost connection to service?)
10-24 10:34:20.664  2152  3012 W libosutils: PipelineSignal::waitOnListener(): failed (lost connection to service?)
10-24 10:34:20.672   705  3056 W [CT]    : CONSTELLATION:MATCHING: [Camera 3] Brute matching timed out after 200/954 iterations.
10-24 10:34:20.673   705  3056 W [CT]    : CONSTELLATION:MATCHING: [Camera 2] Brute matching timed out after 0/918 iterations.
10-24 10:34:20.678  2152  3012 W libosutils: PipelineSignal::waitOnListener(): failed (lost connection to service?)
10-24 10:34:20.678  2152  3012 W libosutils: PipelineSignal::waitOnListener(): failed (lost connection to service?)
10-24 10:34:20.692  2152  3012 W libosutils: PipelineSignal::waitOnListener(): failed (lost connection to service?)
10-24 10:34:20.693  2152  3012 W libosutils: PipelineSignal::waitOnListener(): failed (lost connection to service?)
10-24 10:34:20.706  2152  3012 W libosutils: PipelineSignal::waitOnListener(): failed (lost connection to service?)
10-24 10:34:20.706   705  3056 W [CT]    : CONSTELLATION:MATCHING: [Camera 1] Brute matching timed out after 200/954 iterations.
10-24 10:34:20.706   705  3056 W [CT]    : CONSTELLATION:MATCHING: [Camera 2] Brute matching timed out after 0/918 iterations.
10-24 10:34:20.708  2152  3012 W libosutils: PipelineSignal::waitOnListener(): failed (lost connection to service?)
10-24 10:34:20.723  2152  3012 W libosutils: PipelineSignal::waitOnListener(): failed (lost connection to service?)
10-24 10:34:20.724  2152  3012 W libosutils: PipelineSignal::waitOnListener(): failed (lost connection to service?)
10-24 10:34:20.737  2152  3012 W libosutils: PipelineSignal::waitOnListener(): failed (lost connection to service?)
10-24 10:34:20.739  2152  3012 W libosutils: PipelineSignal::waitOnListener(): failed (lost connection to service?)
10-24 10:34:20.739   705  3056 W [CT]    : CONSTELLATION:MATCHING: [Camera 2] Brute matching timed out after 800/918 iterations.
10-24 10:34:20.740   705  3056 W [CT]    : CONSTELLATION:MATCHING: [Camera 0] Brute matching timed out after 0/636 iterations.
10-24 10:34:20.740   705  3056 W [CT]    : CONSTELLATION:MATCHING: [Camera 1] Brute matching timed out after 0/918 iterations.
10-24 10:34:20.756  2152  3012 W libosutils: PipelineSignal::waitOnListener(): failed (lost connection to service?)
10-24 10:34:20.757  2152  3012 W libosutils: PipelineSignal::waitOnListener(): failed (lost connection to service?)
10-24 10:34:20.762  2152  3012 W libosutils: PipelineSignal::waitOnListener(): failed (lost connection to service?)
10-24 10:34:20.762  2152  3012 W libosutils: PipelineSignal::waitOnListener(): failed (lost connection to service?)
10-24 10:34:20.773   705  3056 W [CT]    : CONSTELLATION:MATCHING: [Camera 0] Brute matching timed out after 700/765 iterations.
10-24 10:34:20.773   705  3056 W [CT]    : CONSTELLATION:MATCHING: [Camera 2] Brute matching timed out after 0/954 iterations.
10-24 10:34:20.773   705  3056 W [CT]    : CONSTELLATION:MATCHING: [Camera 1] Brute matching timed out after 0/765 iterations.
10-24 10:34:20.777  2152  3012 W libosutils: PipelineSignal::waitOnListener(): failed (lost connection to service?)
10-24 10:34:20.779  2152  3012 W libosutils: PipelineSignal::waitOnListener(): failed (lost connection to service?)
10-24 10:34:20.792  2152  3012 W libosutils: PipelineSignal::waitOnListener(): failed (lost connection to service?)
10-24 10:34:20.793  2152  3012 W libosutils: PipelineSignal::waitOnListener(): failed (lost connection to service?)
10-24 10:34:20.804  2152  3012 W libosutils: PipelineSignal::waitOnListener(): failed (lost connection to service?)
10-24 10:34:20.808   705  3056 W [CT]    : CONSTELLATION:MATCHING: [Camera 0] Brute matching timed out after 500/765 iterations.
10-24 10:34:20.809  2152  3012 W libosutils: PipelineSignal::waitOnListener(): failed (lost connection to service?)
10-24 10:34:20.809   705  3056 W [CT]    : CONSTELLATION:MATCHING: [Camera 0] Brute matching timed out after 0/795 iterations.
10-24 10:34:20.809   705  3056 W [CT]    : CONSTELLATION:MATCHING: [Camera 0] Brute matching timed out after 0/765 iterations.
10-24 10:34:20.819  2152  3012 W libosutils: PipelineSignal::waitOnListener(): failed (lost connection to service?)
10-24 10:34:20.821  2152  3012 W libosutils: PipelineSignal::waitOnListener(): failed (lost connection to service?)
10-24 10:34:20.831  2152  3012 W libosutils: PipelineSignal::waitOnListener(): failed (lost connection to service?)
10-24 10:34:20.832  2152  3012 W libosutils: PipelineSignal::waitOnListener(): failed (lost connection to service?)
10-24 10:34:20.843   705  3056 W [CT]    : CONSTELLATION:MATCHING: [Camera 3] Brute matching timed out after 300/636 iterations.
10-24 10:34:20.843   705  3056 W [CT]    : CONSTELLATION:MATCHING: [Camera 1] Brute matching timed out after 0/459 iterations.
10-24 10:34:20.847  2152  3012 W libosutils: PipelineSignal::waitOnListener(): failed (lost connection to service?)
10-24 10:34:20.853  2152  3012 W libosutils: PipelineSignal::waitOnListener(): failed (lost connection to service?)
10-24 10:34:20.859  2152  3012 W libosutils: PipelineSignal::waitOnListener(): failed (lost connection to service?)
10-24 10:34:20.861  2152  3012 W libosutils: PipelineSignal::waitOnListener(): failed (lost connection to service?)
10-24 10:34:20.875  2152  3012 W libosutils: PipelineSignal::waitOnListener(): failed (lost connection to service?)
10-24 10:34:20.876  2152  3012 W libosutils: PipelineSignal::waitOnListener(): failed (lost connection to service?)
10-24 10:34:20.876   705  3056 W [CT]    : CONSTELLATION:MATCHING: [Camera 1] Brute matching timed out after 100/477 iterations.
10-24 10:34:20.877   705  3056 W [CT]    : CONSTELLATION:MATCHING: [Camera 1] Brute matching timed out after 0/459 iterations.
10-24 10:34:20.886   705  3338 I [CT]    : VIPER: [floorplane] Floor height has been updated to 1.21281 meters.
10-24 10:34:20.887  2152  3012 W libosutils: PipelineSignal::waitOnListener(): failed (lost connection to service?)
10-24 10:34:20.887  2152  3012 W libosutils: PipelineSignal::waitOnListener(): failed (lost connection to service?)
10-24 10:34:20.891  2101  2142 W LibraryProvider: Cannot find entitlement for com.oculus.systemdriver
10-24 10:34:20.891  1839  1853 W OVRLibrary: null cursor received for query content://com.oculus.ocms.library/apps/com.oculus.systemdriver
10-24 10:34:20.892  1839  1853 I SDKLoggingService: Unable to find AppId for package (com.oculus.systemdriver)
10-24 10:34:20.903  2152  3012 W libosutils: PipelineSignal::waitOnListener(): failed (lost connection to service?)
10-24 10:34:20.905  2152  3012 W libosutils: PipelineSignal::waitOnListener(): failed (lost connection to service?)
10-24 10:34:20.910   705  3056 W [CT]    : CONSTELLATION:MATCHING: [Camera 1] Brute matching timed out after 500/795 iterations.
10-24 10:34:20.910   705  3056 W [CT]    : CONSTELLATION:MATCHING: [Camera 1] Brute matching timed out after 0/765 iterations.
10-24 10:34:20.915  2152  3012 W libosutils: PipelineSignal::waitOnListener(): failed (lost connection to service?)
10-24 10:34:20.923  2152  3012 W libosutils: PipelineSignal::waitOnListener(): failed (lost connection to service?)
10-24 10:34:20.929  2152  3012 W libosutils: PipelineSignal::waitOnListener(): failed (lost connection to service?)
10-24 10:34:20.929  2152  3012 W libosutils: PipelineSignal::waitOnListener(): failed (lost connection to service?)
10-24 10:34:20.942   705  3056 W [CT]    : CONSTELLATION:MATCHING: [Camera 2] Brute matching timed out after 600/795 iterations.
10-24 10:34:20.943   705  3056 W [CT]    : CONSTELLATION:MATCHING: [Camera 0] Brute matching timed out after 0/459 iterations.
10-24 10:34:20.944  2152  3012 W libosutils: PipelineSignal::waitOnListener(): failed (lost connection to service?)
10-24 10:34:20.944  2152  3012 W libosutils: PipelineSignal::waitOnListener(): failed (lost connection to service?)
10-24 10:34:20.956  2152  3012 W libosutils: PipelineSignal::waitOnListener(): failed (lost connection to service?)
10-24 10:34:20.957  2152  3012 W libosutils: PipelineSignal::waitOnListener(): failed (lost connection to service?)
10-24 10:34:20.971  2152  3012 W libosutils: PipelineSignal::waitOnListener(): failed (lost connection to service?)
10-24 10:34:20.971  2152  3012 W libosutils: PipelineSignal::waitOnListener(): failed (lost connection to service?)
10-24 10:34:20.975   705  3056 W [CT]    : CONSTELLATION:MATCHING: [Camera 2] Brute matching timed out after 400/636 iterations.
10-24 10:34:20.975   705  3056 W [CT]    : CONSTELLATION:MATCHING: [Camera 2] Brute matching timed out after 0/612 iterations.
10-24 10:34:20.988  2152  3012 W libosutils: PipelineSignal::waitOnListener(): failed (lost connection to service?)
10-24 10:34:20.989  2152  3012 W libosutils: PipelineSignal::waitOnListener(): failed (lost connection to service?)
10-24 10:34:21.007   705  3056 W [CT]    : CONSTELLATION:MATCHING: [Camera 1] Brute matching timed out after 100/795 iterations.
10-24 10:34:21.007   705  3056 W [CT]    : CONSTELLATION:MATCHING: [Camera 0] Brute matching timed out after 0/459 iterations.
10-24 10:34:21.011  2152  3012 W libosutils: PipelineSignal::waitOnListener(): failed (lost connection to service?)
10-24 10:34:21.013  2152  3012 W libosutils: PipelineSignal::waitOnListener(): failed (lost connection to service?)
10-24 10:34:21.029  2152  3012 W libosutils: PipelineSignal::waitOnListener(): failed (lost connection to service?)
10-24 10:34:21.031  2152  3012 W libosutils: PipelineSignal::waitOnListener(): failed (lost connection to service?)
10-24 10:34:21.041   705  3056 W [CT]    : CONSTELLATION:MATCHING: [Camera 1] Brute matching timed out after 700/795 iterations.
10-24 10:34:21.041   705  3056 W [CT]    : CONSTELLATION:MATCHING: [Camera 2] Brute matching timed out after 0/765 iterations.
10-24 10:34:21.043  2152  3012 W libosutils: PipelineSignal::waitOnListener(): failed (lost connection to service?)
10-24 10:34:21.048  2152  3012 W libosutils: PipelineSignal::waitOnListener(): failed (lost connection to service?)
10-24 10:34:21.065  2152  3012 W libosutils: PipelineSignal::waitOnListener(): failed (lost connection to service?)
10-24 10:34:21.065  2152  3012 W libosutils: PipelineSignal::waitOnListener(): failed (lost connection to service?)
10-24 10:34:21.076   705  3056 W [CT]    : CONSTELLATION:MATCHING: [Camera 0] Brute matching timed out after 100/795 iterations.
10-24 10:34:21.077   705  3056 W [CT]    : CONSTELLATION:MATCHING: [Camera 0] Brute matching timed out after 0/765 iterations.
10-24 10:34:21.077   705  3338 I [CT]    : VIPER: [floorplane] Floor height has been updated to 1.21501 meters.
10-24 10:34:21.082  2152  3012 W libosutils: PipelineSignal::waitOnListener(): failed (lost connection to service?)
10-24 10:34:21.083  2152  3012 W libosutils: PipelineSignal::waitOnListener(): failed (lost connection to service?)
10-24 10:34:21.093  1868  3364 I VrApi   : FPS=15,Prd=45ms,Tear=0,Early=0,Stale=72,VSnc=1,Lat=1,Fov=0,CPU4/GPU=3/4,2304/670MHz,OC=FF,TA=0/E0/0,SP=N/F/N,Mem=1804MHz,Free=2267MB,PSM=0,PLS=0,Temp=26.0C/0.0C,TW=1.71ms,App=0.11ms,GD=1.05ms,CPU&GPU=19.45ms,LCnt=1,GPU%=0.23,CPU%=0.22(W0.33)
10-24 10:34:21.095  2152  3012 W libosutils: PipelineSignal::waitOnListener(): failed (lost connection to service?)
10-24 10:34:21.096  2152  3012 W libosutils: PipelineSignal::waitOnListener(): failed (lost connection to service?)
10-24 10:34:21.109   705  3056 W [CT]    : CONSTELLATION:MATCHING: [Camera 1] Brute matching timed out after 600/795 iterations.
10-24 10:34:21.109   705  3056 W [CT]    : CONSTELLATION:MATCHING: [Camera 1] Brute matching timed out after 0/765 iterations.
10-24 10:34:21.110  2152  3012 W libosutils: PipelineSignal::waitOnListener(): failed (lost connection to service?)
10-24 10:34:21.110  2152  3012 W libosutils: PipelineSignal::waitOnListener(): failed (lost connection to service?)
10-24 10:34:21.124  2152  3012 W libosutils: PipelineSignal::waitOnListener(): failed (lost connection to service?)
10-24 10:34:21.124  2152  3012 W libosutils: PipelineSignal::waitOnListener(): failed (lost connection to service?)
10-24 10:34:21.138  2152  3012 W libosutils: PipelineSignal::waitOnListener(): failed (lost connection to service?)
10-24 10:34:21.139  2152  3012 W libosutils: PipelineSignal::waitOnListener(): failed (lost connection to service?)
10-24 10:34:21.141   705  3056 W [CT]    : CONSTELLATION:MATCHING: [Camera 2] Brute matching timed out after 0/459 iterations.
10-24 10:34:21.151  2152  3012 W libosutils: PipelineSignal::waitOnListener(): failed (lost connection to service?)
10-24 10:34:21.152  2152  3012 W libosutils: PipelineSignal::waitOnListener(): failed (lost connection to service?)
10-24 10:34:21.171  2152  3012 W libosutils: PipelineSignal::waitOnListener(): failed (lost connection to service?)
10-24 10:34:21.173  2152  3012 W libosutils: PipelineSignal::waitOnListener(): failed (lost connection to service?)
10-24 10:34:21.179  2152  3012 W libosutils: PipelineSignal::waitOnListener(): failed (lost connection to service?)
10-24 10:34:21.179  2152  3012 W libosutils: PipelineSignal::waitOnListener(): failed (lost connection to service?)
10-24 10:34:21.193  2152  3012 W libosutils: PipelineSignal::waitOnListener(): failed (lost connection to service?)
10-24 10:34:21.193  2152  3012 W libosutils: PipelineSignal::waitOnListener(): failed (lost connection to service?)
10-24 10:34:21.206   705  3056 W [CT]    : CONSTELLATION:MATCHING: [Camera 2] Brute matching timed out after 300/459 iterations.
10-24 10:34:21.212  2152  3012 W libosutils: PipelineSignal::waitOnListener(): failed (lost connection to service?)
10-24 10:34:21.214  2152  3012 W libosutils: PipelineSignal::waitOnListener(): failed (lost connection to service?)
10-24 10:34:21.221  2152  3012 W libosutils: PipelineSignal::waitOnListener(): failed (lost connection to service?)
10-24 10:34:21.221  2152  3012 W libosutils: PipelineSignal::waitOnListener(): failed (lost connection to service?)
10-24 10:34:21.237  2152  3012 W libosutils: PipelineSignal::waitOnListener(): failed (lost connection to service?)
10-24 10:34:21.237  2152  3012 W libosutils: PipelineSignal::waitOnListener(): failed (lost connection to service?)
10-24 10:34:21.249  2152  3012 W libosutils: PipelineSignal::waitOnListener(): failed (lost connection to service?)
10-24 10:34:21.249  2152  3012 W libosutils: PipelineSignal::waitOnListener(): failed (lost connection to service?)
10-24 10:34:21.263  2152  3012 W libosutils: PipelineSignal::waitOnListener(): failed (lost connection to service?)
10-24 10:34:21.263  2152  3012 W libosutils: PipelineSignal::waitOnListener(): failed (lost connection to service?)
10-24 10:34:21.273   705  3056 W [CT]    : CONSTELLATION:MATCHING: [Camera 1] Brute matching timed out after 200/612 iterations.
10-24 10:34:21.279  2152  3012 W libosutils: PipelineSignal::waitOnListener(): failed (lost connection to service?)
10-24 10:34:21.279  2152  3012 W libosutils: PipelineSignal::waitOnListener(): failed (lost connection to service?)
10-24 10:34:21.294  2152  3012 W libosutils: PipelineSignal::waitOnListener(): failed (lost connection to service?)
10-24 10:34:21.294  2152  3012 W libosutils: PipelineSignal::waitOnListener(): failed (lost connection to service?)
10-24 10:34:21.305  2152  3012 W libosutils: PipelineSignal::waitOnListener(): failed (lost connection to service?)
10-24 10:34:21.306  2152  3012 W libosutils: PipelineSignal::waitOnListener(): failed (lost connection to service?)
10-24 10:34:21.306   705  3056 W [CT]    : CONSTELLATION:MATCHING: [Camera 2] Brute matching timed out after 200/612 iterations.
10-24 10:34:21.319  2152  3012 W libosutils: PipelineSignal::waitOnListener(): failed (lost connection to service?)
10-24 10:34:21.319  2152  3012 W libosutils: PipelineSignal::waitOnListener(): failed (lost connection to service?)
10-24 10:34:21.333  2152  3012 W libosutils: PipelineSignal::waitOnListener(): failed (lost connection to service?)
10-24 10:34:21.334  2152  3012 W libosutils: PipelineSignal::waitOnListener(): failed (lost connection to service?)
10-24 10:34:21.340   705  3056 W [CT]    : CONSTELLATION:MATCHING: [Camera 0] Brute matching timed out after 200/477 iterations.
10-24 10:34:21.340   705  3056 W [CT]    : CONSTELLATION:MATCHING: [Camera 3] Brute matching timed out after 0/153 iterations.
10-24 10:34:21.347  2152  3012 W libosutils: PipelineSignal::waitOnListener(): failed (lost connection to service?)
10-24 10:34:21.347  2152  3012 W libosutils: PipelineSignal::waitOnListener(): failed (lost connection to service?)
10-24 10:34:21.367  2152  3012 W libosutils: PipelineSignal::waitOnListener(): failed (lost connection to service?)
10-24 10:34:21.367  2152  3012 W libosutils: PipelineSignal::waitOnListener(): failed (lost connection to service?)
10-24 10:34:21.369   705  3035 I [CT]    : L:Behavior:AtRest: deactivated
10-24 10:34:21.369   705  3035 I [CT]    : AdHocPatch: [Right] t = 8.258s, behavior transition: AtRest -> None at 8.306s
10-24 10:34:21.372   705  3056 W [CT]    : CONSTELLATION:MATCHING: [Camera 1] Brute matching timed out after 900/954 iterations.
10-24 10:34:21.373   705  3056 W [CT]    : CONSTELLATION:MATCHING: [Camera 3] Brute matching timed out after 0/153 iterations.
10-24 10:34:21.374  2152  3012 W libosutils: PipelineSignal::waitOnListener(): failed (lost connection to service?)
10-24 10:34:21.376  2152  3012 W libosutils: PipelineSignal::waitOnListener(): failed (lost connection to service?)
10-24 10:34:21.388  2152  3012 W libosutils: PipelineSignal::waitOnListener(): failed (lost connection to service?)
10-24 10:34:21.389  2152  3012 W libosutils: PipelineSignal::waitOnListener(): failed (lost connection to service?)
10-24 10:34:21.403  2152  3012 W libosutils: PipelineSignal::waitOnListener(): failed (lost connection to service?)
10-24 10:34:21.404  2152  3012 W libosutils: PipelineSignal::waitOnListener(): failed (lost connection to service?)
10-24 10:34:21.407   705  3056 W [CT]    : CONSTELLATION:MATCHING: [Camera 2] Brute matching timed out after 100/795 iterations.
10-24 10:34:21.407   705  3056 W [CT]    : CONSTELLATION:MATCHING: [Camera 2] Brute matching timed out after 0/765 iterations.
10-24 10:34:21.407   705  3056 W [CT]    : CONSTELLATION: R: Flyaway detected: Reset. [8.26659]
10-24 10:34:21.416  2152  3012 W libosutils: PipelineSignal::waitOnListener(): failed (lost connection to service?)
10-24 10:34:21.417  2152  3012 W libosutils: PipelineSignal::waitOnListener(): failed (lost connection to service?)
10-24 10:34:21.431  2152  3012 W libosutils: PipelineSignal::waitOnListener(): failed (lost connection to service?)
10-24 10:34:21.431  2152  3012 W libosutils: PipelineSignal::waitOnListener(): failed (lost connection to service?)
10-24 10:34:21.439   705  3056 W [CT]    : CONSTELLATION:MATCHING: [Camera 2] Brute matching timed out after 200/795 iterations.
10-24 10:34:21.439   705  3056 W [CT]    : CONSTELLATION:MATCHING: [Camera 3] Brute matching timed out after 0/306 iterations.
10-24 10:34:21.444  2152  3012 W libosutils: PipelineSignal::waitOnListener(): failed (lost connection to service?)
10-24 10:34:21.445  2152  3012 W libosutils: PipelineSignal::waitOnListener(): failed (lost connection to service?)
10-24 10:34:21.456   705  3035 I [CT]    : R:Behavior:HandOverHand: activated, AttachedToTorso
10-24 10:34:21.456   705  3035 I [CT]    : AdHocPatch: [Right] t = 8.346s, behavior transition: None -> HandOverHand at -0.479s
10-24 10:34:21.458  2152  3012 W libosutils: PipelineSignal::waitOnListener(): failed (lost connection to service?)
10-24 10:34:21.458   705  3035 I [CT]    : R:Behavior:HandOverHand: deactivated
10-24 10:34:21.458   705  3035 I [CT]    : AdHocPatch: [Right] t = 8.348s, behavior transition: HandOverHand -> None at 0.000s
10-24 10:34:21.458  2152  3012 W libosutils: PipelineSignal::waitOnListener(): failed (lost connection to service?)
10-24 10:34:21.465   546  1779 V msm8974_platform: platform_get_parameters: exit: returns - snd_device_in=none
10-24 10:34:21.465   546  1779 V audio_hw_primary: adev_get_parameters: exit: returns - snd_device_in=none
10-24 10:34:21.465   546  1779 I hash_map_utils: key: 'snd_device_in' value: ''
10-24 10:34:21.468   546   597 V msm8974_platform: platform_get_parameters: exit: returns - snd_device_out=speaker
10-24 10:34:21.468   546   597 V audio_hw_primary: adev_get_parameters: exit: returns - snd_device_out=speaker
10-24 10:34:21.469   546   597 I hash_map_utils: key: 'snd_device_out' value: ''
10-24 10:34:21.472  2152  3012 W libosutils: PipelineSignal::waitOnListener(): failed (lost connection to service?)
10-24 10:34:21.473  2152  3012 W libosutils: PipelineSignal::waitOnListener(): failed (lost connection to service?)
10-24 10:34:21.473   705  3056 W [CT]    : CONSTELLATION:MATCHING: [Camera 1] Brute matching timed out after 100/954 iterations.
10-24 10:34:21.473   705  3056 W [CT]    : CONSTELLATION:MATCHING: [Camera 0] Brute matching timed out after 0/459 iterations.
10-24 10:34:21.486  2152  3012 W libosutils: PipelineSignal::waitOnListener(): failed (lost connection to service?)
10-24 10:34:21.486  2152  3012 W libosutils: PipelineSignal::waitOnListener(): failed (lost connection to service?)
10-24 10:34:21.499  2152  3012 W libosutils: PipelineSignal::waitOnListener(): failed (lost connection to service?)
10-24 10:34:21.502  2152  3012 W libosutils: PipelineSignal::waitOnListener(): failed (lost connection to service?)
10-24 10:34:21.506   705  3056 W [CT]    : CONSTELLATION:MATCHING: [Camera 1] Brute matching timed out after 200/1113 iterations.
10-24 10:34:21.506   705  3056 W [CT]    : CONSTELLATION:MATCHING: [Camera 2] Brute matching timed out after 0/765 iterations.
10-24 10:34:21.514  2152  3012 W libosutils: PipelineSignal::waitOnListener(): failed (lost connection to service?)
10-24 10:34:21.514  2152  3012 W libosutils: PipelineSignal::waitOnListener(): failed (lost connection to service?)
10-24 10:34:21.527  2152  3012 W libosutils: PipelineSignal::waitOnListener(): failed (lost connection to service?)
10-24 10:34:21.527  2152  3012 W libosutils: PipelineSignal::waitOnListener(): failed (lost connection to service?)
10-24 10:34:21.539   705  3056 W [CT]    : CONSTELLATION:MATCHING: [Camera 2] Brute matching timed out after 200/795 iterations.
10-24 10:34:21.540   705  3056 W [CT]    : CONSTELLATION:MATCHING: [Camera 1] Brute matching timed out after 0/1224 iterations.
10-24 10:34:21.541  2152  3012 W libosutils: PipelineSignal::waitOnListener(): failed (lost connection to service?)
10-24 10:34:21.542  2152  3012 W libosutils: PipelineSignal::waitOnListener(): failed (lost connection to service?)
10-24 10:34:21.555  2152  3012 W libosutils: PipelineSignal::waitOnListener(): failed (lost connection to service?)
10-24 10:34:21.556  2152  3012 W libosutils: PipelineSignal::waitOnListener(): failed (lost connection to service?)
10-24 10:34:21.569  2152  3012 W libosutils: PipelineSignal::waitOnListener(): failed (lost connection to service?)
10-24 10:34:21.570  2152  3012 W libosutils: PipelineSignal::waitOnListener(): failed (lost connection to service?)
10-24 10:34:21.573   705  3056 W [CT]    : CONSTELLATION:MATCHING: [Camera 0] Brute matching timed out after 900/954 iterations.
10-24 10:34:21.573   705  3056 W [CT]    : CONSTELLATION:MATCHING: [Camera 2] Brute matching timed out after 0/765 iterations.
10-24 10:34:21.583  2152  3012 W libosutils: PipelineSignal::waitOnListener(): failed (lost connection to service?)
10-24 10:34:21.583  2152  3012 W libosutils: PipelineSignal::waitOnListener(): failed (lost connection to service?)
10-24 10:34:21.597  2152  3012 W libosutils: PipelineSignal::waitOnListener(): failed (lost connection to service?)
10-24 10:34:21.597  2152  3012 W libosutils: PipelineSignal::waitOnListener(): failed (lost connection to service?)
10-24 10:34:21.606   705  3056 W [CT]    : CONSTELLATION:MATCHING: [Camera 1] Brute matching timed out after 200/954 iterations.
10-24 10:34:21.606   705  3056 W [CT]    : CONSTELLATION:MATCHING: [Camera 2] Brute matching timed out after 0/765 iterations.
10-24 10:34:21.611  2152  3012 W libosutils: PipelineSignal::waitOnListener(): failed (lost connection to service?)
10-24 10:34:21.613  2152  3012 W libosutils: PipelineSignal::waitOnListener(): failed (lost connection to service?)
10-24 10:34:21.625  2152  3012 W libosutils: PipelineSignal::waitOnListener(): failed (lost connection to service?)
10-24 10:34:21.625  2152  3012 W libosutils: PipelineSignal::waitOnListener(): failed (lost connection to service?)
10-24 10:34:21.639  2152  3012 W libosutils: PipelineSignal::waitOnListener(): failed (lost connection to service?)
10-24 10:34:21.639  2152  3012 W libosutils: PipelineSignal::waitOnListener(): failed (lost connection to service?)
10-24 10:34:21.639   705  3056 W [CT]    : CONSTELLATION:MATCHING: [Camera 2] Brute matching timed out after 700/795 iterations.
10-24 10:34:21.640   705  3056 W [CT]    : CONSTELLATION:MATCHING: [Camera 2] Brute matching timed out after 0/765 iterations.
10-24 10:34:21.653  2152  3012 W libosutils: PipelineSignal::waitOnListener(): failed (lost connection to service?)
10-24 10:34:21.653  2152  3012 W libosutils: PipelineSignal::waitOnListener(): failed (lost connection to service?)
10-24 10:34:21.668  2152  3012 W libosutils: PipelineSignal::waitOnListener(): failed (lost connection to service?)
10-24 10:34:21.670   705  3035 I [CT]    : L:Behavior:AtRest: activated
10-24 10:34:21.670   705  3035 I [CT]    : AdHocPatch: [Right] t = 8.560s, behavior transition: None -> AtRest at 8.608s
10-24 10:34:21.673   705  3056 W [CT]    : CONSTELLATION:MATCHING: [Camera 0] Brute matching timed out after 300/795 iterations.
10-24 10:34:21.673   705  3056 W [CT]    : CONSTELLATION:MATCHING: [Camera 1] Brute matching timed out after 0/1377 iterations.
10-24 10:34:21.676  2152  3012 W libosutils: PipelineSignal::waitOnListener(): failed (lost connection to service?)
10-24 10:34:21.680  2152  3012 W libosutils: PipelineSignal::waitOnListener(): failed (lost connection to service?)
10-24 10:34:21.681  2152  3012 W libosutils: PipelineSignal::waitOnListener(): failed (lost connection to service?)
10-24 10:34:21.694  2152  3012 W libosutils: PipelineSignal::waitOnListener(): failed (lost connection to service?)
10-24 10:34:21.695  2152  3012 W libosutils: PipelineSignal::waitOnListener(): failed (lost connection to service?)
10-24 10:34:21.706   705  3056 W [CT]    : CONSTELLATION:MATCHING: [Camera 1] Brute matching timed out after 700/1113 iterations.
10-24 10:34:21.706   705  3056 W [CT]    : CONSTELLATION:MATCHING: [Camera 3] Brute matching timed out after 0/153 iterations.
10-24 10:34:21.708  2152  3012 W libosutils: PipelineSignal::waitOnListener(): failed (lost connection to service?)
10-24 10:34:21.709  2152  3012 W libosutils: PipelineSignal::waitOnListener(): failed (lost connection to service?)
10-24 10:34:21.722  2152  3012 W libosutils: PipelineSignal::waitOnListener(): failed (lost connection to service?)
10-24 10:34:21.723  2152  3012 W libosutils: PipelineSignal::waitOnListener(): failed (lost connection to service?)
10-24 10:34:21.736  2152  3012 W libosutils: PipelineSignal::waitOnListener(): failed (lost connection to service?)
10-24 10:34:21.737  2152  3012 W libosutils: PipelineSignal::waitOnListener(): failed (lost connection to service?)
10-24 10:34:21.738   705  3035 I [CT]    : L:Behavior:AtRest: deactivated
10-24 10:34:21.738   705  3035 I [CT]    : AdHocPatch: [Right] t = 8.628s, behavior transition: AtRest -> None at 8.676s
10-24 10:34:21.739   705  3056 W [CT]    : CONSTELLATION:MATCHING: [Camera 1] Brute matching timed out after 0/1431 iterations.
10-24 10:34:21.739   705  3056 W [CT]    : CONSTELLATION:MATCHING: [Camera 1] Brute matching timed out after 0/1377 iterations.
10-24 10:34:21.751  2152  3012 W libosutils: PipelineSignal::waitOnListener(): failed (lost connection to service?)
10-24 10:34:21.751  2152  3012 W libosutils: PipelineSignal::waitOnListener(): failed (lost connection to service?)
10-24 10:34:21.764  2152  3012 W libosutils: PipelineSignal::waitOnListener(): failed (lost connection to service?)
10-24 10:34:21.769  2152  3012 W libosutils: PipelineSignal::waitOnListener(): failed (lost connection to service?)
10-24 10:34:21.773   705  3056 W [CT]    : CONSTELLATION:MATCHING: [Camera 3] Brute matching timed out after 300/306 iterations.
10-24 10:34:21.773   705  3056 W [CT]    : CONSTELLATION:MATCHING: [Camera 1] Brute matching timed out after 0/1908 iterations.
10-24 10:34:21.773   705  3056 W [CT]    : CONSTELLATION:MATCHING: [Camera 2] Brute matching timed out after 0/918 iterations.
10-24 10:34:21.778  2152  3012 W libosutils: PipelineSignal::waitOnListener(): failed (lost connection to service?)
10-24 10:34:21.779  2152  3012 W libosutils: PipelineSignal::waitOnListener(): failed (lost connection to service?)
10-24 10:34:21.792  2152  3012 W libosutils: PipelineSignal::waitOnListener(): failed (lost connection to service?)
10-24 10:34:21.798  2152  3012 W libosutils: PipelineSignal::waitOnListener(): failed (lost connection to service?)
10-24 10:34:21.806  2152  3012 W libosutils: PipelineSignal::waitOnListener(): failed (lost connection to service?)
10-24 10:34:21.806   705  3056 W [CT]    : CONSTELLATION:MATCHING: [Camera 0] Brute matching timed out after 400/636 iterations.
10-24 10:34:21.806   705  3056 W [CT]    : CONSTELLATION:MATCHING: [Camera 1] Brute matching timed out after 0/1224 iterations.
10-24 10:34:21.807  2152  3012 W libosutils: PipelineSignal::waitOnListener(): failed (lost connection to service?)
10-24 10:34:21.813   705  3035 I [CT]    : L:Behavior:AtRest: deactivated
10-24 10:34:21.813   705  3035 I [CT]    : AdHocPatch: [Left] t = 8.702s, behavior transition: AtRest -> None at 8.346s
10-24 10:34:21.820  2152  3012 W libosutils: PipelineSignal::waitOnListener(): failed (lost connection to service?)
10-24 10:34:21.820  2152  3012 W libosutils: PipelineSignal::waitOnListener(): failed (lost connection to service?)
10-24 10:34:21.834  2152  3012 W libosutils: PipelineSignal::waitOnListener(): failed (lost connection to service?)
10-24 10:34:21.835  2152  3012 W libosutils: PipelineSignal::waitOnListener(): failed (lost connection to service?)
10-24 10:34:21.840   705  3056 W [CT]    : CONSTELLATION:MATCHING: [Camera 3] Brute matching timed out after 400/459 iterations.
10-24 10:34:21.840   705  3056 W [CT]    : CONSTELLATION:MATCHING: [Camera 3] Brute matching timed out after 0/477 iterations.
10-24 10:34:21.840   705  3056 W [CT]    : CONSTELLATION:MATCHING: [Camera 2] Brute matching timed out after 0/1071 iterations.
10-24 10:34:21.848  2152  3012 W libosutils: PipelineSignal::waitOnListener(): failed (lost connection to service?)
10-24 10:34:21.848  2152  3012 W libosutils: PipelineSignal::waitOnListener(): failed (lost connection to service?)
10-24 10:34:21.862  2152  3012 W libosutils: PipelineSignal::waitOnListener(): failed (lost connection to service?)
10-24 10:34:21.862  2152  3012 W libosutils: PipelineSignal::waitOnListener(): failed (lost connection to service?)
10-24 10:34:21.873   705  3056 W [CT]    : CONSTELLATION:MATCHING: [Camera 1] Brute matching timed out after 800/1530 iterations.
10-24 10:34:21.873   705  3056 W [CT]    : CONSTELLATION:MATCHING: [Camera 1] Brute matching timed out after 0/1590 iterations.
10-24 10:34:21.873   705  3056 W [CT]    : CONSTELLATION:MATCHING: [Camera 3] Brute matching timed out after 0/306 iterations.
10-24 10:34:21.875  2152  3012 W libosutils: PipelineSignal::waitOnListener(): failed (lost connection to service?)
10-24 10:34:21.876  2152  3012 W libosutils: PipelineSignal::waitOnListener(): failed (lost connection to service?)
10-24 10:34:21.890  2152  3012 W libosutils: PipelineSignal::waitOnListener(): failed (lost connection to service?)
10-24 10:34:21.890  2152  3012 W libosutils: PipelineSignal::waitOnListener(): failed (lost connection to service?)
10-24 10:34:21.904  2152  3012 W libosutils: PipelineSignal::waitOnListener(): failed (lost connection to service?)
10-24 10:34:21.904  2152  3012 W libosutils: PipelineSignal::waitOnListener(): failed (lost connection to service?)
10-24 10:34:21.906   705  3056 W [CT]    : CONSTELLATION:MATCHING: [Camera 0] Brute matching timed out after 200/795 iterations.
10-24 10:34:21.906   705  3056 W [CT]    : CONSTELLATION:MATCHING: [Camera 2] Brute matching timed out after 0/765 iterations.
10-24 10:34:21.918  2152  3012 W libosutils: PipelineSignal::waitOnListener(): failed (lost connection to service?)
10-24 10:34:21.918  2152  3012 W libosutils: PipelineSignal::waitOnListener(): failed (lost connection to service?)
10-24 10:34:21.931  2152  3012 W libosutils: PipelineSignal::waitOnListener(): failed (lost connection to service?)
10-24 10:34:21.931  2152  3012 W libosutils: PipelineSignal::waitOnListener(): failed (lost connection to service?)
10-24 10:34:21.939   705  3035 I [CT]    : L:Behavior:AtRest: activated
10-24 10:34:21.939   705  3035 I [CT]    : AdHocPatch: [Left] t = 8.828s, behavior transition: None -> AtRest at 8.346s
10-24 10:34:21.940   705  3056 W [CT]    : CONSTELLATION:MATCHING: [Camera 1] Brute matching timed out after 100/1908 iterations.
10-24 10:34:21.940   705  3056 W [CT]    : CONSTELLATION:MATCHING: [Camera 0] Brute matching timed out after 0/918 iterations.
10-24 10:34:21.945  2152  3012 W libosutils: PipelineSignal::waitOnListener(): failed (lost connection to service?)
10-24 10:34:21.946  2152  3012 W libosutils: PipelineSignal::waitOnListener(): failed (lost connection to service?)
10-24 10:34:21.959  2152  3012 W libosutils: PipelineSignal::waitOnListener(): failed (lost connection to service?)
10-24 10:34:21.959  2152  3012 W libosutils: PipelineSignal::waitOnListener(): failed (lost connection to service?)
10-24 10:34:21.973   705  3056 W [CT]    : CONSTELLATION:MATCHING: [Camera 1] Brute matching timed out after 200/612 iterations.
10-24 10:34:21.973  2152  3012 W libosutils: PipelineSignal::waitOnListener(): failed (lost connection to service?)
10-24 10:34:21.973  2152  3012 W libosutils: PipelineSignal::waitOnListener(): failed (lost connection to service?)
10-24 10:34:21.987  2152  3012 W libosutils: PipelineSignal::waitOnListener(): failed (lost connection to service?)
10-24 10:34:21.987  2152  3012 W libosutils: PipelineSignal::waitOnListener(): failed (lost connection to service?)
10-24 10:34:22.001  2152  3012 W libosutils: PipelineSignal::waitOnListener(): failed (lost connection to service?)
10-24 10:34:22.003  2152  3012 W libosutils: PipelineSignal::waitOnListener(): failed (lost connection to service?)
10-24 10:34:22.006   705  3056 W [CT]    : CONSTELLATION:MATCHING: [Camera 1] Brute matching timed out after 1000/1113 iterations.
10-24 10:34:22.006   705  3056 W [CT]    : CONSTELLATION:MATCHING: [Camera 0] Brute matching timed out after 0/918 iterations.
10-24 10:34:22.015  2152  3012 W libosutils: PipelineSignal::waitOnListener(): failed (lost connection to service?)
10-24 10:34:22.015  2152  3012 W libosutils: PipelineSignal::waitOnListener(): failed (lost connection to service?)
10-24 10:34:22.029  2152  3012 W libosutils: PipelineSignal::waitOnListener(): failed (lost connection to service?)
10-24 10:34:22.029  2152  3012 W libosutils: PipelineSignal::waitOnListener(): failed (lost connection to service?)
10-24 10:34:22.040   705  3056 W [CT]    : CONSTELLATION:MATCHING: [Camera 2] Brute matching timed out after 700/795 iterations.
10-24 10:34:22.040   705  3056 W [CT]    : CONSTELLATION:MATCHING: [Camera 1] Brute matching timed out after 0/153 iterations.
10-24 10:34:22.043  2152  3012 W libosutils: PipelineSignal::waitOnListener(): failed (lost connection to service?)
10-24 10:34:22.043  2152  3012 W libosutils: PipelineSignal::waitOnListener(): failed (lost connection to service?)
10-24 10:34:22.057  2152  3012 W libosutils: PipelineSignal::waitOnListener(): failed (lost connection to service?)
10-24 10:34:22.057  2152  3012 W libosutils: PipelineSignal::waitOnListener(): failed (lost connection to service?)
10-24 10:34:22.071  2152  3012 W libosutils: PipelineSignal::waitOnListener(): failed (lost connection to service?)
10-24 10:34:22.072  2152  3012 W libosutils: PipelineSignal::waitOnListener(): failed (lost connection to service?)
10-24 10:34:22.072   705  3056 W [CT]    : CONSTELLATION:MATCHING: [Camera 2] Brute matching timed out after 0/1071 iterations.
10-24 10:34:22.084  2152  3012 W libosutils: PipelineSignal::waitOnListener(): failed (lost connection to service?)
10-24 10:34:22.085  2152  3012 W libosutils: PipelineSignal::waitOnListener(): failed (lost connection to service?)
10-24 10:34:22.091  1868  3364 I VrApi   : FPS=72,Prd=39ms,Tear=1,Early=71,Stale=1,VSnc=1,Lat=1,Fov=0,CPU4/GPU=4/4,2304/670MHz,OC=FF,TA=0/E0/0,SP=N/F/N,Mem=1804MHz,Free=2269MB,PSM=0,PLS=0,Temp=26.0C/0.0C,TW=1.47ms,App=0.10ms,GD=1.01ms,CPU&GPU=2.13ms,LCnt=2,GPU%=0.20,CPU%=0.26(W0.38)
10-24 10:34:22.098  2152  3012 W libosutils: PipelineSignal::waitOnListener(): failed (lost connection to service?)
10-24 10:34:22.098  2152  3012 W libosutils: PipelineSignal::waitOnListener(): failed (lost connection to service?)
10-24 10:34:22.106   705  3056 W [CT]    : CONSTELLATION:MATCHING: [Camera 0] Brute matching timed out after 300/954 iterations.
10-24 10:34:22.106   705  3056 W [CT]    : CONSTELLATION:MATCHING: [Camera 1] Brute matching timed out after 0/153 iterations.
10-24 10:34:22.113  2152  3012 W libosutils: PipelineSignal::waitOnListener(): failed (lost connection to service?)
10-24 10:34:22.113  2152  3012 W libosutils: PipelineSignal::waitOnListener(): failed (lost connection to service?)
10-24 10:34:22.127  2152  3012 W libosutils: PipelineSignal::waitOnListener(): failed (lost connection to service?)
10-24 10:34:22.127  2152  3012 W libosutils: PipelineSignal::waitOnListener(): failed (lost connection to service?)
10-24 10:34:22.139   705  3056 W [CT]    : CONSTELLATION:MATCHING: [Camera 2] Brute matching timed out after 100/1113 iterations.
10-24 10:34:22.140   705  3056 W [CT]    : CONSTELLATION:MATCHING: [Camera 1] Brute matching timed out after 0/612 iterations.
10-24 10:34:22.140  2152  3012 W libosutils: PipelineSignal::waitOnListener(): failed (lost connection to service?)
10-24 10:34:22.141  2152  3012 W libosutils: PipelineSignal::waitOnListener(): failed (lost connection to service?)
10-24 10:34:22.154  2152  3012 W libosutils: PipelineSignal::waitOnListener(): failed (lost connection to service?)
10-24 10:34:22.154  2152  3012 W libosutils: PipelineSignal::waitOnListener(): failed (lost connection to service?)
10-24 10:34:22.168  2152  3012 W libosutils: PipelineSignal::waitOnListener(): failed (lost connection to service?)
10-24 10:34:22.169  2152  3012 W libosutils: PipelineSignal::waitOnListener(): failed (lost connection to service?)
10-24 10:34:22.173   705  3056 W [CT]    : CONSTELLATION:MATCHING: [Camera 2] Brute matching timed out after 700/1113 iterations.
10-24 10:34:22.173   705  3056 W [CT]    : CONSTELLATION:MATCHING: [Camera 0] Brute matching timed out after 0/612 iterations.
10-24 10:34:22.184  2152  3012 W libosutils: PipelineSignal::waitOnListener(): failed (lost connection to service?)
10-24 10:34:22.185  2152  3012 W libosutils: PipelineSignal::waitOnListener(): failed (lost connection to service?)
10-24 10:34:22.195  2152  3012 W libosutils: PipelineSignal::waitOnListener(): failed (lost connection to service?)
10-24 10:34:22.196  2152  3012 W libosutils: PipelineSignal::waitOnListener(): failed (lost connection to service?)
10-24 10:34:22.206   705  3056 W [CT]    : CONSTELLATION:MATCHING: [Camera 1] Brute matching timed out after 0/636 iterations.
10-24 10:34:22.206   705  3056 W [CT]    : CONSTELLATION:MATCHING: [Camera 2] Brute matching timed out after 0/918 iterations.
10-24 10:34:22.210  2152  3012 W libosutils: PipelineSignal::waitOnListener(): failed (lost connection to service?)
10-24 10:34:22.211  2152  3012 W libosutils: PipelineSignal::waitOnListener(): failed (lost connection to service?)
10-24 10:34:22.224  2152  3012 W libosutils: PipelineSignal::waitOnListener(): failed (lost connection to service?)
10-24 10:34:22.224  2152  3012 W libosutils: PipelineSignal::waitOnListener(): failed (lost connection to service?)
10-24 10:34:22.228   705  3035 I [CT]    : L:Behavior:AtRest: deactivated
10-24 10:34:22.228   705  3035 I [CT]    : AdHocPatch: [Left] t = 9.118s, behavior transition: AtRest -> None at 8.346s
10-24 10:34:22.238  2152  3012 W libosutils: PipelineSignal::waitOnListener(): failed (lost connection to service?)
10-24 10:34:22.239   705  3056 W [CT]    : CONSTELLATION:MATCHING: [Camera 0] Brute matching timed out after 800/1272 iterations.
10-24 10:34:22.240   705  3056 W [CT]    : CONSTELLATION:MATCHING: [Camera 1] Brute matching timed out after 0/306 iterations.
10-24 10:34:22.240   705  3056 I [CT]    : CONSTELLATION: R: RESET. Keep Cov and Calib States = 0
10-24 10:34:22.240  2152  3012 W libosutils: PipelineSignal::waitOnListener(): failed (lost connection to service?)
10-24 10:34:22.243   705  3056 W [CT]    : CONSTELLATION: L: Flyaway detected: Reset. [9.09992]
