--------- beginning of system
11-08 16:33:25.241  1055 30009 I ActivityManager: START u0 {flg=0x10000000 cmp=com.YourCompany.LastResisters/com.epicgames.ue4.GameActivity} from uid 2000 on display 0
11-08 16:33:25.259  1055 30009 I ActivityManager: Start proc 21732:com.YourCompany.LastResisters/u0a337 for activity com.YourCompany.LastResisters/com.epicgames.ue4.GameActivity
11-08 16:33:25.532  1055  1449 I ActivityManager: START u0 {act=android.content.pm.action.REQUEST_PERMISSIONS pkg=com.android.packageinstaller cmp=com.android.packageinstaller/.permission.ui.GrantPermissionsActivity (has extras)} from uid 10337 on display 0
11-08 16:33:28.251  1055  1242 E TaskPersister: File error accessing recents directory (directory doesn't exist?).
11-08 16:33:28.646  1055  1627 I PowerManagerService: Waking up from sleep (uid 1000)...
11-08 16:33:28.646  1055  1120 I DisplayPowerController: Blocking screen on until initial contents have been drawn.
11-08 16:33:28.648  1055  1117 I DisplayManagerService: Display device changed state: "Built-in Screen", ON
11-08 16:33:28.983  1055  1120 I DisplayPowerController: Unblocked screen on after 337 ms
11-08 16:33:29.397  1457 21866 W ContextImpl: Calling a method in the system process without a qualified user: android.app.ContextImpl.sendBroadcast:877 android.content.ContextWrapper.sendBroadcast:421 com.facebook.analytics2.logger.UploadServiceBus.signalJobRan:60 com.facebook.analytics2.logger.UploadJobHandler.exitStateMachine:264 com.facebook.analytics2.logger.UploadJobHandler.handleMessage:97 
11-08 16:33:30.255  1055  1628 I ActivityManager: START u0 {act=com.oculus.vrshell.intent.action.LAUNCH flg=0x10000000 cmp=com.oculus.vrshell/.MainActivity (has extras)} from uid 10024 on display 0
11-08 16:33:30.680  1055 30009 I ActivityManager: Start proc 21972:com.oculus.vrshell.home:explore/u0a48 for service com.oculus.vrshell.home/.ExploreService
11-08 16:33:31.235  1457 21988 W ContextImpl: Calling a method in the system process without a qualified user: android.app.ContextImpl.sendBroadcast:877 android.content.ContextWrapper.sendBroadcast:421 com.facebook.analytics2.logger.UploadServiceBus.signalJobRan:60 com.facebook.analytics2.logger.UploadJobHandler.exitStateMachine:264 com.facebook.analytics2.logger.UploadJobHandler.handleMessage:97 
--------- beginning of main
11-08 16:33:31.776 21972 22067 I libjingle: [000:045] [22067] (webrtcvoiceengine.cc:722): Disabling EC since built-in EC will be used instead
11-08 16:33:31.776 21972 22067 I libjingle: [000:045] [22067] (webrtcvoiceengine.cc:729): Echo control set to 0 with mode 4
11-08 16:33:31.776 21972 22067 I libjingle: [000:045] [22067] (webrtcvoiceengine.cc:764): Auto gain set to 0 with mode 4
11-08 16:33:31.776 21972 22067 I OVRPlatform: [SharedMicrophoneAudioRecord] EnableBuiltInEffect(): called to enable effect 2
11-08 16:33:31.776 21972 22067 I libjingle: [000:045] [22067] (webrtcvoiceengine.cc:804): Disabling NS since built-in NS will be used instead
11-08 16:33:31.776 21972 22067 I libjingle: [000:045] [22067] (webrtcvoiceengine.cc:811): Noise suppression set to 0 with mode 5
11-08 16:33:31.776 21972 22067 I libjingle: [000:045] [22067] (webrtcvoiceengine.cc:817): High pass filter enabled? 0
11-08 16:33:31.776 21972 22067 I libjingle: [000:045] [22067] (webrtcvoiceengine.cc:825): Stereo swapping enabled? 0
11-08 16:33:31.776 21972 22067 I libjingle: [000:045] [22067] (webrtcvoiceengine.cc:834): NetEq capacity is 50
11-08 16:33:31.776 21972 22067 I libjingle: [000:045] [22067] (webrtcvoiceengine.cc:842): NetEq fast mode? 0
11-08 16:33:31.776 21972 22067 I libjingle: [000:045] [22067] (webrtcvoiceengine.cc:850): Typing detection is enabled? 0
11-08 16:33:31.776 21972 22067 E libjingle: [000:045] [22067] (voe_audio_processing_impl.cc:955): SetTypingDetectionStatus: not supported
11-08 16:33:31.776 21972 22067 W libjingle: [000:045] [22067] (webrtcvoiceengine.cc:854): SetTypingDetectionStatus(0) failed, err=8003
11-08 16:33:31.776 21972 22067 I libjingle: [000:045] [22067] (webrtcvoiceengine.cc:859): Adjust agc delta is 0
11-08 16:33:31.776 21972 22067 I libjingle: [000:045] [22067] (webrtcvoiceengine.cc:1091): Adjusting AGC level from default -3dB to -3dB
11-08 16:33:31.776 21972 22067 I libjingle: [000:045] [22067] (webrtcvoiceengine.cc:870): Delay agnostic aec is enabled? 0
11-08 16:33:31.776 21972 22067 I libjingle: [000:045] [22067] (webrtcvoiceengine.cc:879): Extended filter aec is enabled? 0
11-08 16:33:31.776 21972 22067 I libjingle: [000:045] [22067] (webrtcvoiceengine.cc:888): Experimental ns is enabled? 0
11-08 16:33:31.776 21972 22067 I libjingle: [000:045] [22067] (webrtcvoiceengine.cc:611): WebRtc VoiceEngine codecs:
11-08 16:33:31.776 21972 22067 I libjingle: [000:045] [22067] (webrtcvoiceengine.cc:613): opus/48000/2 (111)
11-08 16:33:31.776 21972 22067 I libjingle: [000:045] [22067] (webrtcvoiceengine.cc:613): ISAC/16000/1 (103)
11-08 16:33:31.776 21972 22067 I libjingle: [000:045] [22067] (webrtcvoiceengine.cc:613): G722/8000/1 (9)
11-08 16:33:31.776 21972 22067 I libjingle: [000:045] [22067] (webrtcvoiceengine.cc:613): ILBC/8000/1 (102)
11-08 16:33:31.776 21972 22067 I libjingle: [000:045] [22067] (webrtcvoiceengine.cc:613): PCMU/8000/1 (0)
11-08 16:33:31.776 21972 22067 I libjingle: [000:045] [22067] (webrtcvoiceengine.cc:613): PCMA/8000/1 (8)
11-08 16:33:31.776 21972 22067 I libjingle: [000:045] [22067] (webrtcvoiceengine.cc:613): CN/32000/1 (106)
11-08 16:33:31.776 21972 22067 I libjingle: [000:045] [22067] (webrtcvoiceengine.cc:613): CN/16000/1 (105)
11-08 16:33:31.776 21972 22067 I libjingle: [000:045] [22067] (webrtcvoiceengine.cc:613): CN/8000/1 (13)
11-08 16:33:31.776 21972 22067 I libjingle: [000:045] [22067] (webrtcvoiceengine.cc:613): red/8000/1 (127)
11-08 16:33:31.776 21972 22067 I libjingle: [000:045] [22067] (webrtcvoiceengine.cc:613): telephone-event/8000/1 (126)
11-08 16:33:31.776 21972 22067 I libjingle: [000:045] [22067] (webrtcvoiceengine.cc:961): Setting microphone to (id=0) and speaker to (id=0)
11-08 16:33:31.776 21972 22067 W libjingle: [000:045] [22067] (webrtcvoiceengine.cc:1066): webrtc: SetRecordingChannel() unable to set the recording channel (error=10028)
11-08 16:33:31.777 21972 22067 E libjingle: [000:045] [22067] (webrtcvoiceengine.cc:1066): webrtc: recording in stereo is not supported
11-08 16:33:31.777 21972 22067 W libjingle: [000:045] [22067] (webrtcvoiceengine.cc:1066): webrtc: SetRecordingDevice() failed to set mono recording mode (error=8090)
11-08 16:33:31.777 21972 22067 E libjingle: [000:045] [22067] (webrtcvoiceengine.cc:1066): webrtc: stereo playout is not supported
11-08 16:33:31.777 21972 22067 W libjingle: [000:045] [22067] (webrtcvoiceengine.cc:1066): webrtc: SetPlayoutDevice() failed to set stereo playout mode (error=8090)
11-08 16:33:31.777 21972 22067 I libjingle: [000:045] [22067] (webrtcvoiceengine.cc:981): Set microphone to (id=0) and speaker to (id=0)
11-08 16:33:31.777 21972 22067 I libjingle: [000:045] [22067] (webrtcvoiceengine.cc:554): WebRtcVoiceEngine::Init Done!
11-08 16:33:31.777 21972 22067 I libjingle: [000:045] [22067] (webrtcvideoengine2.cc:506): WebRtcVideoEngine2::Init
11-08 16:33:31.777 21972 22067 I libjingle: [000:046] [22067] (dtlsidentitystore.cc:53): Generating identity, using keytype 0
11-08 16:33:31.777 21972 22067 I libjingle: [000:046] [22067] (opensslidentity.cc:41): Making key pair
11-08 16:33:31.778 21972 22047 I RCTVR_HERMES: [info]: 'Analytics', { status: 'qp_initialize_started', type: 'oculus_config' }
11-08 16:33:31.797 21972 22047 I RCTVR_HERMES: [info]: QuickExperiments loaded native cached QEs.
11-08 16:33:31.797 21972 22047 I RCTVR_HERMES: [info]: Overrides: [object Object]
11-08 16:33:31.816 21972 22047 I RCTVR_HERMES: [info]: 'Analytics', { default_values_used: false,
11-08 16:33:31.816 21972 22047 I RCTVR_HERMES:   duration_ms: 112,
11-08 16:33:31.816 21972 22047 I RCTVR_HERMES:   payload: '{"sessionless__oculus_journey_universe_4":{"name":"qe_default","group":null,"inExperiment":false,"exposureTtl":3600,"params":[],"shouldLog":false,"inDeployGroup":false,"hash":"f2050113b8391293dc4eb5956df0847a"},"sessionless__oculus_mobile_search_exact_match_universe":{"name":"sessionless__oculus_mobile_search_exact_match_experiment","group":"control","inExperiment":true,"exposureTtl":3600,"params":{"match_threshold":{"type":1,"value":"999"},"miss_threshold":{"type":1,"value":"0"},"show_exact_match":{"type":1,"value":"0"}},"shouldLog":true,"inDeployGroup":false,"hash":"ae682e71bdc842b05243477d27d0067f"},"sessionless__oculus_search_home_web_search_universe":{"name":"sessionless__oculus_search_home_web_search_button","group":"Test","inExperiment":true,"exposureTtl":3600,"params":{"is_enabled":{"type":1,"value":"1"}},"shouldLog":true,"inDeployGroup":false,"hash":"0cbf14350e629b39a5b7de754f0393d1"},"sessionless__oculus_journey_univ
11-08 16:33:31.817 21972 22047 I RCTVR_HERMES: [info]: 'Analytics', { section_name: 'null',
11-08 16:33:31.817 21972 22047 I RCTVR_HERMES:   sub_section_name: 'null',
11-08 16:33:31.817 21972 22047 I RCTVR_HERMES:   destination: undefined,
11-08 16:33:31.817 21972 22047 I RCTVR_HERMES:   source: undefined,
11-08 16:33:31.817 21972 22047 I RCTVR_HERMES:   timerId: undefined,
11-08 16:33:31.817 21972 22047 I RCTVR_HERMES:   first_session_event: true,
11-08 16:33:31.817 21972 22047 I RCTVR_HERMES:   active_duration_ms: 132.4668619967997,
11-08 16:33:31.817 21972 22047 I RCTVR_HERMES:   step: '',
11-08 16:33:31.817 21972 22047 I RCTVR_HERMES:   real_timestamp: 1573198411816,
11-08 16:33:31.817 21972 22047 I RCTVR_HERMES:   type: 'oculus_home_qe_latency' }
11-08 16:33:31.818 21972 22047 I RCTVR_HERMES: [info]: 'Analytics', { section_name: 'null',
11-08 16:33:31.818 21972 22047 I RCTVR_HERMES:   sub_section_name: 'null',
11-08 16:33:31.818 21972 22047 I RCTVR_HERMES:   destination: undefined,
11-08 16:33:31.818 21972 22047 I RCTVR_HERMES:   source: undefined,
11-08 16:33:31.818 21972 22047 I RCTVR_HERMES:   timerId: undefined,
11-08 16:33:31.818 21972 22047 I RCTVR_HERMES:   first_session_event: true,
11-08 16:33:31.818 21972 22047 I RCTVR_HERMES:   active_duration_ms: 133.32264300063252,
11-08 16:33:31.818 21972 22047 I RCTVR_HERMES:   step: '',
11-08 16:33:31.818 21972 22047 I RCTVR_HERMES:   real_timestamp: 1573198411817,
11-08 16:33:31.818 21972 22047 I RCTVR_HERMES:   type: 'oculus_home_init_latency_quick_experiments' }
11-08 16:33:31.818 21972 22047 W RCTVR_HERMES: [warn]: QEData empty or corrupt for sessionless__oculus_mobile_explore_prefetching
11-08 16:33:31.819 21972 22047 I RCTVR_HERMES: [info]: 'Analytics', { section_name: 'null',
11-08 16:33:31.819 21972 22047 I RCTVR_HERMES:   sub_section_name: 'null',
11-08 16:33:31.819 21972 22047 I RCTVR_HERMES:   destination: undefined,
11-08 16:33:31.819 21972 22047 I RCTVR_HERMES:   source: undefined,
11-08 16:33:31.819 21972 22047 I RCTVR_HERMES:   timerId: undefined,
11-08 16:33:31.819 21972 22047 I RCTVR_HERMES:   first_session_event: true,
11-08 16:33:31.819 21972 22047 I RCTVR_HERMES:   active_duration_ms: 0.33015600219368935,
11-08 16:33:31.819 21972 22047 I RCTVR_HERMES:   step: '',
11-08 16:33:31.819 21972 22047 I RCTVR_HERMES:   real_timestamp: 1573198411818,
11-08 16:33:31.819 21972 22047 I RCTVR_HERMES:   type: 'oculus_home_init_latency_native_prefetch' }
11-08 16:33:31.820 21972 22047 V RCTVR_HERMES: [log]: 'Home', 'Initial URL: apk://com.oculus.vrshell.home/?_oc_enterprise_mode=false&_oc_shell_panel_app_index=2&_oc_shell_version_code=179270103&_oc_headset_type=256&_oc_launch_timestamp=28550533&_oc_gearvr_developer_mode=true&_oc_shell_version_name=10.1.0.144.427&uri=%2Fprime&_oc_analytics_session_id=ddac02d6-8a47-4d44-b7ab-462f1fc2fbef&_oc_shell_automation_enabled=false&_oc_gk:oculus_mobile_sysux_unified_dialogs_v9=true&_oc_shell_permissions=permissionsGranted%20camera%20write_storage%20microphone&_oc_shell_feature_sets=multi-layer-v1%2Cmirror-avatar-v1%2Csystem-ux-routes-v1%2Cdeeplink-nav-v1&_oc_gk:oculus_vrshell_core_anytime_ui=true&_oc_userid=1963267730655420&_oc_device_type=259&_oc_gk:oculus_mobile_go_environments_picker_migration=true&_oc_device_region=0&_oc_gk:oculus_mobile_home_panel_services=true'
11-08 16:33:31.821 21972 22047 I RCTVR_HERMES: [info]: 'Home', [ 'Deeplinking URI: /deeplinking/prime?deeplinkingRoot=1' ]
11-08 16:33:31.822 21972 22047 I RCTVR_HERMES: [info]: 'Analytics', { section_name: 'null',
11-08 16:33:31.822 21972 22047 I RCTVR_HERMES:   sub_section_name: 'null',
11-08 16:33:31.822 21972 22047 I RCTVR_HERMES:   destination: undefined,
11-08 16:33:31.822 21972 22047 I RCTVR_HERMES:   source: undefined,
11-08 16:33:31.822 21972 22047 I RCTVR_HERMES:   timerId: undefined,
11-08 16:33:31.822 21972 22047 I RCTVR_HERMES:   first_session_event: true,
11-08 16:33:31.822 21972 22047 I RCTVR_HERMES:   active_duration_ms: 136.2491520009935,
11-08 16:33:31.822 21972 22047 I RCTVR_HERMES:   step: '',
11-08 16:33:31.822 21972 22047 I RCTVR_HERMES:   real_timestamp: 1573198411821,
11-08 16:33:31.822 21972 22047 I RCTVR_HERMES:   type: 'oculus_home_init_latency_deeplinking' }
11-08 16:33:31.823 21972 22047 I JniUtils: Using caller's JNIEnv
11-08 16:33:31.843  1764 22076 I FbnsPushNotificationHandler: {"ndid":"","persisted_id":"","extra_data":"{\"user_with_updated_status\":\"1963267730655420\",\"presence\":\"Home | Quest\",\"app_id\":1481000308606657,\"friend_display_name\":\"\\u6e21\\u6765\\u4f1d\\u4eba\"}","PushNotifID":"e2edfc26-7f02-44e7-aca2-c321ddc5c9bb"}
11-08 16:33:31.844  1764 22076 I NotificationReceiver: oculus_user_status
11-08 16:33:31.856  1764 22076 I NotificationReceiver: Notification cannot be toasted without a message. Hiding notif
11-08 16:33:31.879   712 21843 I [CT]    : Viper:Map_Manager: State: TRACKING_PERSISTENT, UUID=ddbf46f9-2dca-4c55-aad6-82db99e2cc82, Num. Persistent maps = 5,  Persistent maps:c35d16fd-2f43-4aee-acdd-50817cc71f4c,ddbf46f9-2dca-4c55-aad6-82db99e2cc82,e88738b8-3abe-42c7-89b3-80158ce05742,67aea901-b572-42b7-9d58-b3f32e26f466,c039ea76-57b5-4c41-9a99-f1bc208bbafc,, Ser. Disabled = 00000000-0000-0000-0000-000000000000
11-08 16:33:31.889  1806 22079 D [OAR] VrShellAnalyticsUploader: User-Agent: VrShellAnalytics2/1.0.0 [FBAN/OculusVrShell;FBAV/10.1.0.144.427;FBBV/179270103;FBBD/oculus;FBBPD/monterey;FBMF/Oculus;FBDV/Quest;FBSV/7.1.1;FBPN/com.oculus.vrshell;]
11-08 16:33:31.910 21732 21938 D UE4     : *** JavaEnvDestructor: 21938
11-08 16:33:32.005 21732 21937 D UE4     : *** JavaEnvDestructor: 21937
11-08 16:33:32.010 21732 21748 D UE4     : [2019.11.08-07.33.32:010][  1]LogCore: Display: AppLifetime: Application will deactivate
11-08 16:33:32.011 21732 21943 D OVRPlugin: Leaving VR mode.
11-08 16:33:32.011 21732 21943 I VrApi   : ---------- vrapi_LeaveVrMode [start] ----------
11-08 16:33:32.012 21732 21943 D VrApi   : targetSDKVersion 19
11-08 16:33:32.014 21732 21943 I VrRuntimeClient: DEVICE MODEL NUMBER = Quest
11-08 16:33:32.014 21732 21943 I VrRuntimeClient: DEVICE HARDWARE = monterey
11-08 16:33:32.014 21732 21943 I VrRuntimeClient: DEVICE BUILD NAME = user-396520.6170.115
11-08 16:33:32.014 21732 21943 I VrRuntimeClient: DEVICE BUILD TYPE = user
11-08 16:33:32.014 21732 21943 I VrRuntimeClient: DEVICE OS VERSION = 7.1.1
11-08 16:33:32.014 21732 21943 I VrRuntimeClient: VRRUNTIME VERSION = VRAPI_VERSION_BEGIN { 1.1.27.0-179270206-179270206 Oct 22 2019 13:59:12 Development } RELEASE
11-08 16:33:32.014 21732 21943 I VrRuntimeClient: API LOADER VERSION = 1.1.22.0
11-08 16:33:32.014 21732 21943 I VrRuntimeClient: VRDRIVER VERSION = 10.1.0.144.427
11-08 16:33:32.014 21732 21943 I VrRuntimeClient: APP NAME = LastResisters
11-08 16:33:32.014 21732 21943 I VrRuntimeClient: APP VERSION = 1.0 versionCode 1 internalVersionName <none>
11-08 16:33:32.014 21732 21943 I VrRuntimeClient: APP VR TYPE = vr_only
11-08 16:33:32.014 21732 21943 I VrRuntimeClient: APP PACKAGE NAME = com.YourCompany.LastResisters
11-08 16:33:32.014 21732 21943 I VrRuntimeClient: APP ACTIVITY CLASS = com.epicgames.ue4.GameActivity
11-08 16:33:32.015 21732 21943 D BatteryReceiver: Unregistering battery receiver
11-08 16:33:32.026 21972 22059 I RCTVRNET: Request complete: time=277 name=unknown docid= traceid=G+77fyTHNmD code=400
11-08 16:33:32.043 21972 22067 I libjingle: [000:312] [22067] (opensslidentity.cc:82): Returning key pair
11-08 16:33:32.043 21972 22067 I libjingle: [000:312] [22067] (opensslidentity.cc:89): Making certificate for WebRTC
11-08 16:33:32.045 21972 22067 I libjingle: [000:314] [22067] (opensslidentity.cc:137): Returning certificate
11-08 16:33:32.046 21972 22031 I OVRPlatform: [AndroidPlatformIntegration] Cached SystemVoipState wasn't set, explicitly requesting
11-08 16:33:32.050  1764  1981 I PlatformPluginManager: Adding client com.oculus.horizon.service.OVRService@c4c49f
11-08 16:33:32.051  1764  1981 I OVRPlatform: [PartiesAPI] ovr_Party_PluginGetSharedMemHandle: This function is deprecated, do not use
11-08 16:33:32.051 21972 22031 I OVRPlatform: [RequestStopwatch] AndroidFinishInitialization took 496.8070 milliseconds
11-08 16:33:32.052 21972 22031 I OVRPlatform: [RequestStopwatch] AndroidAsyncInitRequest took 497.9340 milliseconds
11-08 16:33:32.052 21972 22034 I OVRPlatform: [P2PNetworkTransport] SystemVoip state changed, updating mute
11-08 16:33:32.060 21972 22047 W RCTVR_HERMES: [warn]: QEData empty or corrupt for sessionless__oculus_mobile_library_badge_updates_category_universe
11-08 16:33:32.066  2021  2185 W LibraryProvider: Cannot find entitlement for com.YourCompany.LastResisters
11-08 16:33:32.070  1764  1907 W OVRLibrary: null cursor received for query content://com.oculus.ocms.library/apps/com.YourCompany.LastResisters
11-08 16:33:32.070  1764  1907 I SDKLoggingService: Unable to find AppId for package (com.YourCompany.LastResisters)
11-08 16:33:32.072 21732 21802 I VrApi   : FPS=0,Prd=0ms,Tear=0,Early=0,Stale=0,VSnc=1,Lat=0,Fov=0,CPU4/GPU=0/0,2304/670MHz,OC=FF,TA=0/0/0,SP=N/N/N,Mem=1804MHz,Free=1594MB,PSM=0,PLS=0,Temp=33.0C/0.0C,TW=0.00ms,App=0.00ms,GD=0.00ms,CPU&GPU=0.00ms,LCnt=0,GPU%=-1.00,CPU%=-1.00(W-1.00)
11-08 16:33:32.083 21732 21943 I VrApi   : OVR::Stats thread stopped
11-08 16:33:32.083 21732 21943 I InputDeviceManager: ovrInputDeviceManager::Shutdown
11-08 16:33:32.085 21732 21801 I InputHooks_Internal: InputHooksThreadRun ShutdownRequest received
11-08 16:33:32.086 21732 21943 I InputHooks_Internal: Disabling Native Input Hooks
11-08 16:33:32.093  2135  2150 D VrRuntimeService: this client: 21732:com.YourCompany.LastResisters
11-08 16:33:32.093  2135  2150 D VrRuntimeService: enableRendering: clientWindow: null enable: false
11-08 16:33:32.093  2135  2150 I ClientMgr: ClientMgr::EnableRendering 21732:com.YourCompany.LastResisters : disable
11-08 16:33:32.093 21732 21803 I VrRuntimeClient: FenceChecker::MainLoop - ended
11-08 16:33:32.093 21732 21943 I BufferObject: ovrBufferObjectFactory::Unimport deleting GL buffer=113
11-08 16:33:32.093 21732 21943 I BufferObject: ovrBufferObjectFactory::Unimport deleting GL memory object=1
11-08 16:33:32.094 21732 21943 I TrackingServiceClient: OVR::TrackingService::ClientSetInterface
11-08 16:33:32.094 21732 21943 D TrackingServiceClient: onClientDisconnect
11-08 16:33:32.094 21732 21943 D TrackingServiceConnectionNative: onClientDisconnect
11-08 16:33:32.094   712 25941 I TrackingService: Unregistering client by ITrackingService.unregisterClient
11-08 16:33:32.094   712 25941 I TrackingService: TrackingServiceHost Unregistering client: pid 21732
11-08 16:33:32.094 21732 21943 D BinderConnection: Disconnecting from TrackingService service
11-08 16:33:32.094 21732 21943 D TrackingServiceConnectionNative: onDisconnected
11-08 16:33:32.095 21732 21943 D TrackingServiceClient: TrackingServiceConnection mConnectedRemotes.clear()
11-08 16:33:32.095 21732 21943 I TrackingServiceClient: OVR::TrackingService::ClientSetInterface
11-08 16:33:32.095 21732 21943 I VrApi   : ---------- vrapi_LeaveVrMode [end] ----------
11-08 16:33:32.095 21732 21748 D UE4     : Unregistering volume receiver
11-08 16:33:32.095 21732 21748 D UE4     : Unregistering battery receiver
11-08 16:33:32.096 21732 21748 D UE4     : Unregistering headset receiver
11-08 16:33:32.096 21732 21748 D UE4     : [2019.11.08-07.33.32:096][  1]LogCore: Display: AppLifetime: Application will enter background
11-08 16:33:32.097 21732 21944 D UE4     : *** JavaEnvDestructor: 21944
11-08 16:33:32.097 21732 21943 D UE4     : AndroidEGL::ResetDisplay()
11-08 16:33:32.097 21732 21943 D UE4     : *** JavaEnvDestructor: 21943
11-08 16:33:32.098 21732 21748 D UE4     : [2019.11.08-07.33.32:098][  1]LogTemp: Android pause audio
11-08 16:33:32.098 21732 21748 D UE4     : [2019.11.08-07.33.32:098][  1]LogAudioMixerAndroid: Display: Suspending android audio renderer
11-08 16:33:32.103 21732 21748 D UE4     : [2019.11.08-07.33.32:103][  1]LogTemp: Android release microphone
11-08 16:33:32.103 21732 21748 D UE4     : Execution has been paused...
11-08 16:33:32.103 21732 21749 D UE4     : [2019.11.08-07.33.32:103][  1]LogAndroid: Case APP_CMD_SAVE_STATE
11-08 16:33:32.103 21732 21749 D UE4     : LogAndroidEvents::EnqueueAppEvent : 12, 0, tid = 21749, APP_EVENT_STATE_SAVE_STATE
11-08 16:33:32.104 21732 21732 D UE4     : ==============> GameActive.onStop complete!
11-08 16:33:32.104 21732 21749 D UE4     : [2019.11.08-07.33.32:104][  1]LogAndroid: Case APP_CMD_STOP
11-08 16:33:32.104 21732 21749 D UE4     : LogAndroidEvents::EnqueueAppEvent : 8, 0, tid = 21749, APP_EVENT_STATE_ON_STOP
11-08 16:33:32.105 21732 21732 D UE4     : ==============> GameActive.onTrimMemory(TRIM_MEMORY_UI_HIDDEN) called!
11-08 16:33:32.107 21732 21732 D UE4     : Creating console command broadcast listener
11-08 16:33:32.107 21732 21749 D UE4     : [2019.11.08-07.33.32:107][  1]LogAndroid: Case APP_CMD_START
11-08 16:33:32.107 21732 21749 D UE4     : LogAndroidEvents::EnqueueAppEvent : 9, 0, tid = 21749, APP_EVENT_STATE_ON_START
11-08 16:33:32.108 21732 21732 D UE4     : ==================================> Inside onStart function in GameActivity
11-08 16:33:32.108 21732 21749 D UE4     : Case APP_CMD_RESUME
11-08 16:33:32.108 21732 21732 D UE4     : onResume: start memory reporter runnable
11-08 16:33:32.108 21732 21749 D UE4     : [2019.11.08-07.33.32:108][  1]LogAndroid: Case APP_CMD_RESUME
11-08 16:33:32.108 21732 21749 D UE4     : LogAndroidEvents::EnqueueAppEvent : 7, 0, tid = 21749, APP_EVENT_STATE_ON_RESUME
11-08 16:33:32.108 21732 21732 D UE4     : === Restoring Transparent Bars ===
11-08 16:33:32.108 21732 21732 D UE4     : ==============> [JAVA] AndroidThunkJava_KeepScreenOn(false) - Enabled screen saver
11-08 16:33:32.108 21732 21732 D UE4     : Registering sensor listeners
11-08 16:33:32.108 21732 21732 D UE4     : App is running in Landscape
11-08 16:33:32.108 21732 21732 D UE4     : === Restoring Transparent Bars ===
11-08 16:33:32.108 21732 21732 D UE4     : ==============> Resuming main init
11-08 16:33:32.109 21732 21732 D UE4     : ==============> GameActive.onResume complete!
11-08 16:33:32.109 21732 21749 D UE4     : [2019.11.08-07.33.32:109][  1]LogAndroid: Case APP_CMD_GAINED_FOCUS
11-08 16:33:32.109 21732 21749 D UE4     : LogAndroidEvents::EnqueueAppEvent : 11, 0, tid = 21749, APP_EVENT_STATE_WINDOW_GAINED_FOCUS
11-08 16:33:32.122  1055  1463 I ActivityManager: Activity reported stop, but no longer stopping: ActivityRecord{2b35d38 u0 com.YourCompany.LastResisters/com.epicgames.ue4.GameActivity t707} RESUMED
11-08 16:33:32.141   541   587 V audio_hw_primary: out_get_latency: Latency 8
11-08 16:33:32.161   541   587 V audio_hw_primary: out_get_latency: Latency 8
11-08 16:33:32.178   541   580 V AudioPolicyManagerCustom: getNewOutputDevice() selected device 0
11-08 16:33:32.178   541   580 V AudioPolicyManagerCustom: checkOutputForStrategy(): policy related outputs
11-08 16:33:32.192 21972 22059 I RCTVRNET: Request complete: time=411 name=unknown docid= traceid=ESCg2OSxGle code=200
11-08 16:33:32.192 21972 22059 I RCTVRNET: Request complete: time=489 name=unknown docid= traceid=HUt/oVmsATs code=200
11-08 16:33:32.196  1806 22079 D [OAR] VrShellAnalyticsUploader: User-Agent: VrShellAnalytics2/1.0.0 [FBAN/OculusVrShell;FBAV/10.1.0.144.427;FBBV/179270103;FBBD/oculus;FBBPD/monterey;FBMF/Oculus;FBDV/Quest;FBSV/7.1.1;FBPN/com.oculus.vrshell;]
11-08 16:33:32.204 21732 21748 D UE4     : [2019.11.08-07.33.32:204][  1]LogAndroidEvents: Display: LogAndroidEvents::DequeueAppEvent : 12, 0, APP_EVENT_STATE_SAVE_STATE
11-08 16:33:32.204 21732 21748 D UE4     : [2019.11.08-07.33.32:204][  1]LogAndroidEvents: Display: LogAndroidEvents::DequeueAppEvent : 8, 0, APP_EVENT_STATE_ON_STOP
11-08 16:33:32.204 21732 21748 D UE4     : [2019.11.08-07.33.32:204][  1]LogAndroidEvents: Display: LogAndroidEvents::DequeueAppEvent : 9, 0, APP_EVENT_STATE_ON_START
11-08 16:33:32.204 21732 21748 D UE4     : [2019.11.08-07.33.32:204][  1]LogAndroidEvents: Display: LogAndroidEvents::DequeueAppEvent : 7, 0, APP_EVENT_STATE_ON_RESUME
11-08 16:33:32.206 21732 21748 D UE4     : [2019.11.08-07.33.32:206][  1]LogTemp: Android resume audio
11-08 16:33:32.206 21732 21748 D UE4     : [2019.11.08-07.33.32:206][  1]LogAudioMixerAndroid: Display: Resuming android audio renderer
11-08 16:33:32.210   541   580 W AudioFlinger: checkEffectCompatibility_l(): non HW effect Volume listener for Music on playback thread in fast mode
11-08 16:33:32.210   541   580 E AudioEffect: set(): AudioFlinger could not create effect, status: -22
11-08 16:33:32.210   541   580 E AudioPolicyEffects: addOutputSessionEffects(): failed to create Fx  music_helper on session 1689
11-08 16:33:32.210   541   580 V AudioPolicyManagerCustom: getNewOutputDevice() selected device 2
11-08 16:33:32.210   541   580 V AudioPolicyManagerCustom: checkOutputForStrategy(): policy related outputs
11-08 16:33:32.211 21732 21748 D UE4     : [2019.11.08-07.33.32:211][  1]LogHMD: Initializing OVRPlugin session
11-08 16:33:32.211 21732 21748 D UE4     : [2019.11.08-07.33.32:211][  1]LogHMD: OculusHMD plugin supports multiview!
11-08 16:33:32.211 21732 21748 D OVRPlugin: GL_EXTENSIONS:
11-08 16:33:32.211 21732 21748 D OVRPlugin: GL_OES_EGL_image
11-08 16:33:32.211 21732 21748 D OVRPlugin: GL_OES_EGL_image_external
11-08 16:33:32.211 21732 21748 D OVRPlugin: GL_OES_EGL_sync
11-08 16:33:32.211 21732 21748 D OVRPlugin: GL_OES_vertex_half_float
11-08 16:33:32.211 21732 21748 D OVRPlugin: GL_OES_framebuffer_object
11-08 16:33:32.211 21732 21748 D OVRPlugin: GL_OES_rgb8_rgba8
11-08 16:33:32.211 21732 21748 D OVRPlugin: GL_OES_compressed_ETC1_RGB8_texture
11-08 16:33:32.211 21732 21748 D OVRPlugin: GL_AMD_compressed_ATC_texture
11-08 16:33:32.211 21732 21748 D OVRPlugin: GL_KHR_texture_compression_astc_ldr
11-08 16:33:32.211 21732 21748 D OVRPlugin: GL_KHR_texture_compression_astc_hdr
11-08 16:33:32.211 21732 21748 D OVRPlugin: GL_OES_texture_compression_astc
11-08 16:33:32.211 21732 21748 D OVRPlugin: GL_OES_texture_npot
11-08 16:33:32.211 21732 21748 D OVRPlugin: GL_EXT_texture_filter_anisotropic
11-08 16:33:32.211 21732 21748 D OVRPlugin: GL_EXT_texture_format_BGRA8888
11-08 16:33:32.211 21732 21748 D OVRPlugin: GL_EXT_read_format_bgra
11-08 16:33:32.211 21732 21748 D OVRPlugin: GL_OES_texture_3D
11-08 16:33:32.211 21732 21748 D OVRPlugin: GL_EXT_color_buffer_float
11-08 16:33:32.211 21732 21748 D OVRPlugin: GL_EXT_color_buffer_half_float
11-08 16:33:32.211 21732 21748 D OVRPlugin: GL_QCOM_alpha_test
11-08 16:33:32.211 21732 21748 D OVRPlugin: GL_OES_depth24
11-08 16:33:32.211 21732 21748 D OVRPlugin: GL_OES_packed_depth_stencil
11-08 16:33:32.211 21732 21748 D OVRPlugin: GL_OES_depth_texture
11-08 16:33:32.211 21732 21748 D OVRPlugin: GL_OES_depth_texture_cube_map
11-08 16:33:32.211 21732 21748 D OVRPlugin: GL_EXT_sRGB
11-08 16:33:32.211 21732 21748 D OVRPlugin: GL_OES_texture_float
11-08 16:33:32.211 21732 21748 D OVRPlugin: GL_OES_texture_float_linear
11-08 16:33:32.211 21732 21748 D OVRPlugin: GL_OES_texture_half_float
11-08 16:33:32.211 21732 21748 D OVRPlugin: GL_OES_texture_half_float_linear
11-08 16:33:32.211 21732 21748 D OVRPlugin: GL_EXT_texture_type_2_10_10_10_REV
11-08 16:33:32.211 21732 21748 D OVRPlugin: GL_EXT_texture_sRGB_decode
11-08 16:33:32.211 21732 21748 D OVRPlugin: GL_EXT_texture_format_sRGB_override
11-08 16:33:32.211 21732 21748 D OVRPlugin: GL_OES_element_index_uint
11-08 16:33:32.211 21732 21748 D OVRPlugin: GL_EXT_copy_image
11-08 16:33:32.211 21732 21748 D OVRPlugin: GL_EXT_geometry_shader
11-08 16:33:32.211 21732 21748 D OVRPlugin: GL_EXT_tessellation_shader
11-08 16:33:32.211 21732 21748 D OVRPlugin: GL_OES_texture_stencil8
11-08 16:33:32.211 21732 21748 D OVRPlugin: GL_EXT_shader_io_blocks
11-08 16:33:32.211 21732 21748 D OVRPlugin: GL_OES_shader_image_atomic
11-08 16:33:32.211 21732 21748 D OVRPlugin: GL_OES_sample_variables
11-08 16:33:32.211 21732 21748 D OVRPlugin: GL_EXT_texture_border_clamp
11-08 16:33:32.211 21732 21748 D OVRPlugin: GL_EXT_EGL_image_external_wrap_modes
11-08 16:33:32.211 21732 21748 D OVRPlugin: GL_EXT_multisampled_render_to_texture
11-08 16:33:32.211 21732 21748 D OVRPlugin: GL_EXT_multisampled_render_to_texture2
11-08 16:33:32.211 21732 21748 D OVRPlugin: GL_OES_shader_multisample_interpolation
11-08 16:33:32.211 21732 21748 D OVRPlugin: GL_EXT_texture_cube_map_array
11-08 16:33:32.211 21732 21748 D OVRPlugin: GL_EXT_draw_buffers_indexed
11-08 16:33:32.211 21732 21748 D OVRPlugin: GL_EXT_gpu_shader5
11-08 16:33:32.211 21732 21748 D OVRPlugin: GL_EXT_robustness
11-08 16:33:32.211 21732 21748 D OVRPlugin: GL_EXT_texture_buffer
11-08 16:33:32.211 21732 21748 D OVRPlugin: GL_EXT_shader_framebuffer_fetch
11-08 16:33:32.211 21732 21748 D OVRPlugin: GL_ARM_shader_framebuffer_fetch_depth_stencil
11-08 16:33:32.211 21732 21748 D OVRPlugin: GL_OES_texture_storage_multisample_2d_array
11-08 16:33:32.211 21732 21748 D OVRPlugin: GL_OES_sample_shading
11-08 16:33:32.211 21732 21748 D OVRPlugin: GL_OES_get_program_binary
11-08 16:33:32.211 21732 21748 D OVRPlugin: GL_EXT_debug_label
11-08 16:33:32.211 21732 21748 D OVRPlugin: GL_KHR_blend_equation_advanced
11-08 16:33:32.211 21732 21748 D OVRPlugin: GL_KHR_blend_equation_advanced_coherent
11-08 16:33:32.211 21732 21748 D OVRPlugin: GL_QCOM_tiled_rendering
11-08 16:33:32.211 21732 21748 D OVRPlugin: GL_ANDROID_extension_pack_es31a
11-08 16:33:32.211 21732 21748 D OVRPlugin: GL_EXT_primitive_bounding_box
11-08 16:33:32.211 21732 21748 D OVRPlugin: GL_OES_standard_derivatives
11-08 16:33:32.211 21732 21748 D OVRPlugin: GL_OES_vertex_array_object
11-08 16:33:32.211 21732 21748 D OVRPlugin: GL_EXT_disjoint_timer_query
11-08 16:33:32.211 21732 21748 D OVRPlugin: GL_KHR_debug
11-08 16:33:32.211 21732 21748 D OVRPlugin: GL_EXT_YUV_target
11-08 16:33:32.211 21732 21748 D OVRPlugin: GL_EXT_sRGB_write_control
11-08 16:33:32.211 21732 21748 D OVRPlugin: GL_EXT_texture_norm16
11-08 16:33:32.211 21732 21748 D OVRPlugin: GL_EXT_discard_framebuffer
11-08 16:33:32.211 21732 21748 D OVRPlugin: GL_OES_surfaceless_context
11-08 16:33:32.211 21732 21748 D OVRPlugin: GL_OVR_multiview
11-08 16:33:32.211 21732 21748 D OVRPlugin: GL_OVR_multiview2
11-08 16:33:32.211 21732 21748 D OVRPlugin: GL_EXT_texture_sRGB_R8
11-08 16:33:32.211 21732 21748 D OVRPlugin: GL_KHR_no_error
11-08 16:33:32.211 21732 21748 D OVRPlugin: GL_EXT_debug_marker
11-08 16:33:32.211 21732 21748 D OVRPlugin: GL_OES_EGL_image_external_essl3
11-08 16:33:32.211 21732 21748 D OVRPlugin: GL_OVR_multiview_multisampled_render_to_texture
11-08 16:33:32.211 21732 21748 D OVRPlugin: GL_EXT_buffer_storage
11-08 16:33:32.211 21732 21748 D OVRPlugin: GL_EXT_external_buffer
11-08 16:33:32.211 21732 21748 D OVRPlugin: GL_EXT_blit_framebuffer_params
11-08 16:33:32.211 21732 21748 D OVRPlugin: GL_EXT_clip_cull_distance
11-08 16:33:32.211 21732 21748 D OVRPlugin: GL_EXT_protected_textures
11-08 16:33:32.211 21732 21748 D OVRPlugin: GL_EXT_shader_non_constant_global_initializers
11-08 16:33:32.211 21732 21748 D OVRPlugin: GL_QCOM_texture_foveated
11-08 16:33:32.211 21732 21748 D OVRPlugin: GL_QCOM_shader_framebuffer_fetch_noncoherent
11-08 16:33:32.211 21732 21748 D OVRPlugin: GL_QCOM_shader_framebuffer_fetch_rate
11-08 16:33:32.211 21732 21748 D OVRPlugin: GL_EXT_memory_object
11-08 16:33:32.211 21732 21748 D OVRPlugin: GL_EXT_memory_object_fd
11-08 16:33:32.211 21732 21748 D OVRPlugin: GL_EXT_EGL_image_array
11-08 16:33:32.211 21732 21748 D OVRPlugin: GL_NV_shader_noperspective_interpolation
11-08 16:33:32.211 21732 21748 D OVRPlugin: GL_KHR_robust_buffer_access_behavior
11-08 16:33:32.211 21732 21748 D OVRPlugin: GL_EXT_EGL_image_storage
11-08 16:33:32.211 21732 21748 D OVRPlugin: GL_EXT_blend_func_extended
11-08 16:33:32.211 21732 21748 D OVRPlugin: GL_EXT_clip_control
11-08 16:33:32.211 21732 21748 D OVRPlugin: GL_OES_texture_view
11-08 16:33:32.211 21732 21748 D OVRPlugin: GL_EXT_fragment_invocation_density
11-08 16:33:32.211 21732 21748 D OVRPlugin: GL_QCOM_YUV_texture_gather
11-08 16:33:32.211 21732 21748 D OVRPlugin: es3 = TRUE
11-08 16:33:32.211 21732 21748 D OVRPlugin: Found: GL_EXT_discard_framebuffer
11-08 16:33:32.212 21732 21748 D OVRPlugin: Found: GL_EXT_multisampled_render_to_texture
11-08 16:33:32.212 21732 21748 D OVRPlugin: Found: GL_OES_vertex_array_object
11-08 16:33:32.212 21732 21748 D OVRPlugin: Found: GL_QCOM_tiled_rendering
11-08 16:33:32.212 21732 21748 D OVRPlugin: Found: GL_EXT_disjoint_timer_query
11-08 16:33:32.212 21732 21748 D OVRPlugin: Found: GL_EXT_texture_sRGB_decode
11-08 16:33:32.212 21732 21748 D OVRPlugin: Found: GL_EXT_texture_filter_anisotropic
11-08 16:33:32.212 21732 21748 D OVRPlugin: GL_MAX_TEXTURE_SIZE = 16384
11-08 16:33:32.212 21732 21748 D OVRPlugin: GL_MAX_VERTEX_UNIFORM_VECTORS = 256
11-08 16:33:32.212 21732 21748 D OVRPlugin: GL_MAX_FRAGMENT_UNIFORM_VECTORS = 256
11-08 16:33:32.212 21732 21748 D OVRPlugin: Found: GL_EXT_texture_border_clamp
11-08 16:33:32.212 21732 21748 D OVRPlugin: Finished setting up render thread.
11-08 16:33:32.212 21732 21748 D OVRPlugin: Entering VR mode.
11-08 16:33:32.212 21732 21748 I VrApi   : ---------- vrapi_EnterVrMode [start] ----------
11-08 16:33:32.212 21732 21748 I InputHooks_Internal: Enabling Native Input Hooks
11-08 16:33:32.212 21732 21748 I VrRuntimeClient: Tracing is disabled
11-08 16:33:32.214 21732 21748 D VrApi   : targetSDKVersion 19
11-08 16:33:32.218 21732 21748 I VrRuntimeClient: DEVICE MODEL NUMBER = Quest
11-08 16:33:32.218 21732 21748 I VrRuntimeClient: DEVICE HARDWARE = monterey
11-08 16:33:32.218 21732 21748 I VrRuntimeClient: DEVICE BUILD NAME = user-396520.6170.115
11-08 16:33:32.218 21732 21748 I VrRuntimeClient: DEVICE BUILD TYPE = user
11-08 16:33:32.218 21732 21748 I VrRuntimeClient: DEVICE OS VERSION = 7.1.1
11-08 16:33:32.218 21732 21748 I VrRuntimeClient: VRRUNTIME VERSION = VRAPI_VERSION_BEGIN { 1.1.27.0-179270206-179270206 Oct 22 2019 13:59:12 Development } RELEASE
11-08 16:33:32.218 21732 21748 I VrRuntimeClient: API LOADER VERSION = 1.1.22.0
11-08 16:33:32.218 21732 21748 I VrRuntimeClient: VRDRIVER VERSION = 10.1.0.144.427
11-08 16:33:32.218 21732 21748 I VrRuntimeClient: APP NAME = LastResisters
11-08 16:33:32.218 21732 21748 I VrRuntimeClient: APP VERSION = 1.0 versionCode 1 internalVersionName <none>
11-08 16:33:32.218 21732 21748 I VrRuntimeClient: APP VR TYPE = vr_only
11-08 16:33:32.218 21732 21748 I VrRuntimeClient: APP PACKAGE NAME = com.YourCompany.LastResisters
11-08 16:33:32.218 21732 21748 I VrRuntimeClient: APP ACTIVITY CLASS = com.epicgames.ue4.GameActivity
11-08 16:33:32.218 21732 21748 D BatteryReceiver: Registering battery receiver
11-08 16:33:32.223 21732 21748 D HeadsetReceiver: getCurrentHeadsetState: false
11-08 16:33:32.223 21732 21748 I DeviceStatus_Android: nativeHeadsetEvent(0)
11-08 16:33:32.223 21732 21748 I DeviceStatus_Android: nativeGamepadListener(0)
11-08 16:33:32.224 21732 21748 I InputDeviceManager: ovrInputDeviceManager::Initialize
11-08 16:33:32.224 21732 21748 I ScreenCaptureHelper: GetScreenCaptureInhibitFlagFromVrHelper
11-08 16:33:32.225 21732 21748 D VRProviderHelper: Could not find provider
11-08 16:33:32.225  2135  2148 I ScreenCaptureBase: GlobalInhibitState=0
11-08 16:33:32.226 21732 21748 D TrackingServiceConnectionNative: onClientConnect
11-08 16:33:32.226 21732 21748 D BinderConnection: Connecting to TrackingService
11-08 16:33:32.226 21732 21748 D TrackingServiceConnectionNative: onConnected
11-08 16:33:32.226   712  2866 I TrackingService: TrackingService::getSharedMemoryFileDescriptor
11-08 16:33:32.227 21732 21748 I TrackingServiceClient: OVR::TrackingService::ClientSetInterface
11-08 16:33:32.227 21732 21748 I TrackingServiceClient: TrackingService client: roFd(82)
11-08 16:33:32.227 21732 21748 I TrackingServiceClient: TrackingService client: connected to interface version 10.
11-08 16:33:32.227 21732 21748 I TrackingServiceClient: TrackingService client: last prediction time is 0.004765 seconds old
11-08 16:33:32.227 21732 21748 I TrackingServiceClient: TrackingService client: provided by pid=712
11-08 16:33:32.227   712 25941 I TrackingService: TrackingService::registerClient
11-08 16:33:32.227   712 25941 I TrackingService: Registering client with TrackingServiceHost
11-08 16:33:32.227   712 25941 I TrackingService: Notifying client pid 21732 of new remote 5e0c0de996463241
11-08 16:33:32.227 21732 21748 D TrackingServiceClient: TrackingServiceClient onRemoteConnected 5e0c0de996463241
11-08 16:33:32.227   712 25941 I TrackingService: Notifying client pid 21732 of new remote 0f9460ed0ae2653e
11-08 16:33:32.227 21732 21748 D TrackingServiceClient: TrackingServiceClient onRemoteConnected f9460ed0ae2653e
11-08 16:33:32.227   712 25941 I TrackingService: TrackingServiceHost GetSharedMemoryFileDescriptor for client pid 21732
11-08 16:33:32.227   712 25941 I TrackingService: TrackingServiceHost registered common client; there are 0 secure clients
11-08 16:33:32.228 21732 21748 I TrackingServiceClient: ClientConnectComplete
11-08 16:33:32.228 21732 21748 I VrApi   : ovrModeParms::VRAPI_MODE_FLAG_ALLOW_POWER_SAVE = 1
11-08 16:33:32.228 21732 21748 I VrApi   : ovrModeParms::VRAPI_MODE_FLAG_RESET_WINDOW_FULLSCREEN = 1
11-08 16:33:32.228 21732 21748 I VrApi   : ovrModeParms::VRAPI_MODE_FLAG_NATIVE_WINDOW = 1
11-08 16:33:32.228 21732 21748 I VrApi   : ovrModeParms::VRAPI_MODE_FLAG_FRONT_BUFFER_PROTECTED = 0
11-08 16:33:32.228 21732 21748 I VrApi   : ovrModeParms::VRAPI_MODE_FLAG_FRONT_BUFFER_565 = 0
11-08 16:33:32.228 21732 21748 I VrApi   : ovrModeParms::VRAPI_MODE_FLAG_FRONT_BUFFER_SRGB = 1
11-08 16:33:32.228 21732 21748 I VrApi   : ovrModeParms::VRAPI_MODE_FLAG_CREATE_CONTEXT_NO_ERROR = 0
11-08 16:33:32.228 21732 21748 I VrApi   : HMD sensor attached.
11-08 16:33:32.229 21732 21748 I VrApi   : Client side frame sync enabled
11-08 16:33:32.229 21732 21748 D VrRuntimeClient: VrRuntimeClient: enableRendering: activity client
11-08 16:33:32.229 21732 21748 D VrRuntimeClient: VrRuntimeClient: enableRendering: Using clientWindow=android.os.BinderProxy@c28f048
11-08 16:33:32.230  2135  4586 I ClientMgr: ClientMgr::SetPrimaryCompositorClient: com.YourCompany.LastResisters
11-08 16:33:32.233  2135  4586 I GuardianSystem: SetCurrentPackageName: com.YourCompany.LastResisters
11-08 16:33:32.233  2135  4586 D VrRuntimeService: this client: 21732:com.YourCompany.LastResisters
11-08 16:33:32.233  2135  4586 D VrRuntimeService: enableRendering: clientWindow: android.os.BinderProxy@a1b81db enable: true
11-08 16:33:32.233  2135  4586 I ClientMgr: ClientMgr::EnableRendering 21732:com.YourCompany.LastResisters : enable
11-08 16:33:32.233  2135  4586 I TimeWarp: CheckDebuggerConnected: debugger 0
11-08 16:33:32.234 21732 21748 I VrRuntimeClient: CreateWarp: ImportGles: Fd=81, BufferSize=4096, AllocSize=9568
11-08 16:33:32.234 21732 21748 I VrRuntimeClient: CreateWarp: ImportGles: bo.Gl.BufferId=778, bo.Gl.MemoryObject=6
11-08 16:33:32.237  1764  1764 I OVRMediaService: onStartCommand Received message type: set_package_name, caller package: no_app_identity
11-08 16:33:32.237 21732 21748 I ScreenCaptureHelper: Advertising com.YourCompany.LastResisters as streamable
11-08 16:33:32.238  1764  1764 I OVRMediaService: Got package name intent (com.YourCompany.LastResisters)
11-08 16:33:32.239 21732 21748 I OSSDK   : TelemetryHandler: Using standalone implementation
11-08 16:33:32.239 21732 21748 I VrApi   : OVR::Stats thread started
11-08 16:33:32.241   541  1664 V msm8974_platform: platform_get_parameters: exit: returns - snd_device_in=none
11-08 16:33:32.241   541  1664 V audio_hw_primary: adev_get_parameters: exit: returns - snd_device_in=none
11-08 16:33:32.241   541  1664 I hash_map_utils: key: 'snd_device_in' value: ''
11-08 16:33:32.242 21732 21748 I VrApi   : System brightness = 255
11-08 16:33:32.242 21732 21732 D MetricsService: Connected to metrics service: ComponentInfo{com.oculus.ovrmonitormetricsservice/com.oculus.ovrmonitormetricsservice.MetricsService}
11-08 16:33:32.242   541   541 V msm8974_platform: platform_get_parameters: exit: returns - snd_device_out=speaker
11-08 16:33:32.243   541   541 V audio_hw_primary: adev_get_parameters: exit: returns - snd_device_out=speaker
11-08 16:33:32.243   541   541 I hash_map_utils: key: 'snd_device_out' value: ''
11-08 16:33:32.250 21732 21748 I VrApi   : Set brightness to 255
11-08 16:33:32.251  1764  2519 I ExternalPlatformNetwork: access token acquired for pkg 'com.oculus.vrshell.home'
11-08 16:33:32.252 21732 21748 I VrApi   : Set DND mode to false
11-08 16:33:32.254 21972 22033 I OVRPlatform: [RequestStopwatch] AccessTokenRequest took 208.4940 milliseconds
11-08 16:33:32.258 21732 22110 D VrApi   : targetSDKVersion 19
11-08 16:33:32.260 21732 22110 I JniUtils: ovr_GetCurrentPackageSignature 
11-08 16:33:32.261 21732 22110 I Metrics : device name = Oculus Quest
11-08 16:33:32.276 21732 21748 I VrApi   : System DND mode = false
11-08 16:33:32.276 21732 21748 I VrApi   : ---------- vrapi_EnterVrMode [end] ----------
11-08 16:33:32.276 21732 21748 I InputHooks_Internal: SetLatchBackButtonEntireFrame = false
11-08 16:33:32.276 21732 21748 I InputHooks_Internal: SetBlockRemoteButtonsWhenNotEmulatingHMT = true
11-08 16:33:32.276 21732 21748 I InputHooks_Internal: SetEatNativeGamepadEvents = false
11-08 16:33:32.276 21732 21748 D OVRPlugin: Registering utility receivers.
11-08 16:33:32.276 21732 21748 I InputHooks_Internal: SetReorientHMDOnControllerRecenter = true
11-08 16:33:32.276 21732 21748 D UE4     : Registering volume receiver
11-08 16:33:32.279  1764  2070 I UploadManager: Scheduling jobbId 2131296373 within interval (0, 1800000)
11-08 16:33:32.280   712 21843 I [CT]    : HealthReport: ==================================================
11-08 16:33:32.280   712 21843 I [CT]    : Health Report
11-08 16:33:32.280   712 21843 I [CT]    : -------------
11-08 16:33:32.280   712 21843 I [CT]    : 
11-08 16:33:32.280   712 21843 I [CT]    : Reporter #1 (InsideOutHealthMonitor) summary:
11-08 16:33:32.280   712 21843 I [CT]    : Camera: Total Dropped: 0.000000, Total Frame Count: 1977 (0.000000%), Camera Reset Count: 0
11-08 16:33:32.280   712 21843 I [CT]    : Camera: Total Single Camera Frame Dropped: 0, Total Frame Count: 1977 (0.000000%)
11-08 16:33:32.280   712 21843 I [CT]    : IMU: Total Dropped: 0.000000, Total Sample Count: 166852 (0.000000%)
11-08 16:33:32.280   712 21843 I [CT]    : Magnetometer: Total Dropped: 0.000000, Total Sample Count: 5006 (0.000000%)
11-08 16:33:32.280   712 21843 I [CT]    : 
11-08 16:33:32.280   712 21843 I [CT]    : Reporter #1 (InsideOutHealthMonitor) Passed
11-08 16:33:32.280   712 21843 I [CT]    : --------------------------------------------------
11-08 16:33:32.280   712 21843 I [CT]    : Reporter #2 (ConstellationHealthMonitor) summary:
11-08 16:33:32.280   712 21843 I [CT]    : Camera: Total Dropped: 0.000000, Total Frame Count: 1978 (0.000000%), Camera Reset Count: 3
11-08 16:33:32.280   712 21843 I [CT]    : Camera: Total Single Camera Frame Dropped: 0, Total Frame Count: 1978 (0.000000%)
11-08 16:33:32.280   712 21843 I [CT]    : Controller 1122628778328220990:
11-08 16:33:32.280   712 21843 I [CT]    : IMU: Capture period exceeded threshold.  Largest period: 0.907296 sec
11-08 16:33:32.280   712 21843 I [CT]    : Controllers may have been sleeping
11-08 16:33:32.280   712 21843 I [CT]    : IMU: Total Dropped: 12.007500, Total Sample Count: 83064.932500 (0.014456%)
11-08 16:33:32.280   712 21843 I [CT]    : Controller 6776806836185477697:
11-08 16:33:32.284 21732 21748 D UE4     : startVolumeReceiver: 15
11-08 16:33:32.284 21732 21748 D UE4     : nativeVolumeEvent(15)
11-08 16:33:32.284 21732 21748 D UE4     : Registering battery receiver
11-08 16:33:32.287 21732 21748 D UE4     : Registering headset receiver
11-08 16:33:32.288 21732 21748 D UE4     : startHeadsetReceiver: 0
11-08 16:33:32.288 21732 21748 D UE4     : nativeHeadsetEvent(0)
11-08 16:33:32.288 21732 21748 D UE4     : [2019.11.08-07.33.32:288][  1]LogCore: Display: AppLifetime: Application has entered foreground
11-08 16:33:32.288 21732 21748 D UE4     : [2019.11.08-07.33.32:288][  1]LogUdpMessaging: Initializing bridge on interface 0.0.0.0:0 to multicast group 230.0.0.1:6666.
11-08 16:33:32.290 21732 21748 D UE4     : [2019.11.08-07.33.32:290][  1]LogTcpMessaging: Initializing TcpMessaging bridge, listening on 127.0.0.1:6666
11-08 16:33:32.291 21732 21748 D UE4     : [2019.11.08-07.33.32:291][  1]LogCore: Display: AppLifetime: Application has reactivated
11-08 16:33:32.291 21732 21748 D UE4     : Execution has been resumed!
11-08 16:33:32.291 21732 21748 D UE4     : [2019.11.08-07.33.32:291][  1]LogAndroidEvents: Display: LogAndroidEvents::DequeueAppEvent : 11, 0, APP_EVENT_STATE_WINDOW_GAINED_FOCUS
11-08 16:33:32.292  2021  2304 W LibraryProvider: Cannot find entitlement for com.YourCompany.LastResisters
11-08 16:33:32.292  1764  1764 W OVRLibrary: null cursor received for query content://com.oculus.ocms.library/apps/com.YourCompany.LastResisters
11-08 16:33:32.293 21732 21748 D OVRPlugin: User present: 1
11-08 16:33:32.295  2021  2034 W LibraryProvider: Cannot find entitlement for com.YourCompany.LastResisters
11-08 16:33:32.295  1764  2520 W OVRLibrary: null cursor received for query content://com.oculus.ocms.library/apps/com.YourCompany.LastResisters
11-08 16:33:32.295  1764  2520 I SDKLoggingService: Unable to find AppId for package (com.YourCompany.LastResisters)
11-08 16:33:32.295 21732 22107 D UE4     : *** JavaEnvDestructor: 22107
11-08 16:33:32.296 21732 22106 D UE4     : AndroidEGL::ResetDisplay()
11-08 16:33:32.296 21732 22106 D UE4     : *** JavaEnvDestructor: 22106
11-08 16:33:32.305 21732 22119 I VrApi   : ovr_HandleHmdEvents: HMT was mounted
11-08 16:33:32.306 21732 22119 I TrackingServiceClient: setting simple haptics, but not yet connected to socket, open connection...
11-08 16:33:32.306   712   912 I TrackingService: virtual android::binder::Status OVR::OS::Tracking::TrackingService::getTrackingSocketFileDescriptor(android::os::ParcelFileDescriptor *)
11-08 16:33:32.306   712   912 D TrackingService: haptic socket already exists
11-08 16:33:32.306 21732 22122 I VrRuntimeClient: FenceChecker::MainLoop - started
11-08 16:33:32.328  2135 21863 I Clocks  : SetSchedFifo( tid=21748, pri=1 ) succeeded
11-08 16:33:32.329  2021  2073 W LibraryProvider: Cannot find entitlement for com.YourCompany.LastResisters
11-08 16:33:32.329  2135 21863 I Clocks  : SetSchedFifo( tid=22119, pri=1 ) succeeded
11-08 16:33:32.330  1764  1764 W OVRLibrary: null cursor received for query content://com.oculus.ocms.library/apps/com.YourCompany.LastResisters
11-08 16:33:32.330  1764  1764 I PlatformPluginManager: onAppStart com.YourCompany.LastResisters false
11-08 16:33:32.330  1764  1764 I PlatformPluginManager: onAppStart - Stopping party chat passthrough
11-08 16:33:32.330  2135 21863 I Clocks  : SetSchedFifo( tid=22122, pri=1 ) succeeded
11-08 16:33:32.330  1764  1764 I PlatformPlugin: [PlatformPluginManager] SetSystemVoipPassthrough 0
11-08 16:33:32.330  1764  1764 I OVRPlatform: [PartyChat] PartyChatSetPassthrough 0
11-08 16:33:32.330  1764 21837 I OVRPlatform: [PartyChat] Updating playback mode to 1
11-08 16:33:32.331  2135 21863 I Clocks  : SetSchedFifo( tid=21827, pri=1 ) succeeded
11-08 16:33:32.331  1764  1764 I OVRPlatform: [PartiesAPI] ovr_Party_PluginGetSharedMemHandle: This function is deprecated, do not use
11-08 16:33:32.331  2135  2378 I GuardianSystem: ForceShowGuardian: false, 0.00
11-08 16:33:32.334  2135 21863 I TimeWarpProgs: loaded binary layerProgram 0:0x2c027:0x0 in 0.8 ms
11-08 16:33:32.334  2135 21863 I TimeWarpProgs: loaded binary layerProgram 0:0x2c00f:0x0 in 0.4 ms
11-08 16:33:32.336  1764  1764 E OVRMediaServiceManager: LivestreamingManager Not initialized
11-08 16:33:32.358 21732 22119 W VrApi   : FrameIndex = 3, LatestRetiredFrameIndex = 0, waited for 25 msec for frame to retire
11-08 16:33:32.415   712 21843 I [CT]    : VIPER: Status=6DoF,TRACKING,KF=174,Inl=310,Pts=482,Jit=0.2mm,Issues(Cam/min=0.0,IMU/min=0.0),Exp=(4.0ms,g=3,I=101)(3.7ms,g=3,I=97)(4.0ms,g=3,I=97)(3.8ms,g=3,I=100)
11-08 16:33:32.487 21732 21748 W InputDeviceManager: AddPairToDeviceListMapping called when index already exists in the vector index: 1,  id: 536870915
11-08 16:33:32.515 21732 21748 W InputDeviceManager: AddPairToDeviceListMapping called when index already exists in the vector index: 1,  id: 536870915
11-08 16:33:32.519  1764  1764 I PlatformPluginManager: enforcePartyChatStateConsistency - User not in a party.
11-08 16:33:32.519  1764  1764 I PlatformPluginManager: stopPartyChat
11-08 16:33:32.519  1764  1764 I PlatformPlugin: [PlatformPluginManager] Stopping party chat
11-08 16:33:32.535  2135 21863 I TimeWarp: UpdateClockLevels: Apply pending clock request change: 4,4 -> 4,5
11-08 16:33:32.536  2135 21857 I Clocks  : ReleaseClocks - start
11-08 16:33:32.536   716  2712 D VrApiService: CPU_CLUSTER_0: No client requests exists, release clocks
