11-05 17:47:27.504 28469 28485 I DeviceProperties_Android: ovrDeviceProperties: OVR_DEVICE_CAPABILITY_PROTECTED_CONTENT_BIT
11-05 17:47:27.504 28469 28485 I DeviceProperties_Android: ovrDeviceProperties: OVR_DEVICE_CAPABILITY_SRGB_SCANOUT_SUPPORT_BIT
11-05 17:47:27.504 28469 28485 I DeviceProperties_Android: ovrDeviceProperties: OVR_DEVICE_CAPABILITY_DYNAMIC_DISPLAY_REFRESH_RATE_BIT
11-05 17:47:27.504 28469 28485 I DeviceProperties_Android: ovrDeviceProperties: OVR_DEVICE_CAPABILITY_MEMORY_EXPORT_BIT
11-05 17:47:27.504 28469 28485 I DeviceProperties_Android: ovrDeviceProperties: OVR_DEVICE_CAPABILITY_FIXED_FOVEATED_RENDERING_BIT
11-05 17:47:27.505 28469 28485 I VrRuntimeClient: RuntimeService Enabled
11-05 17:47:27.505 28469 28485 I RuntimeHelpers: ShouldEnableOOPComposition: oopc_enabled_prop = -1
11-05 17:47:27.505 28469 28485 I RuntimeHelpers: ShouldEnableOOPComposition: enabled 1
11-05 17:47:27.505 28469 28485 I RuntimeHelpers: IsOopCompositionEnabled: enabled
11-05 17:47:27.505 28469 28485 I RuntimeHelpers: OOP_INPUT: oopi_enabled_prop = 1
11-05 17:47:27.505 28469 28485 I AudioCapture: AudioCapture::Init
11-05 17:47:27.506 28469 28485 I AudioCapture: AudioCapture::Init -> Initializing audio capture using direct OS Callbacks
11-05 17:47:27.506 28469 28485 I AudioCapture: AudioCapture::Init COMPLETE
11-05 17:47:27.511   551   600 E audio_hw_extn: audio_extn_perf_lock_release: Perf lock release error 
11-05 17:47:27.511   551   600 D audio_hw_primary: start_output_stream: exit
11-05 17:47:27.522 28469 28485 I VrRuntimeClient: InsideFlailLockoutGKorSysProp true
11-05 17:47:27.522 28469 28485 I VrRuntimeClient: Flail Lockout Hand: 'combined'
11-05 17:47:27.522 28469 28485 I VrRuntimeClient: Flail Lockout Slow Test: '50'  Change '0.05'
11-05 17:47:27.522 28469 28485 I VrRuntimeClient: Flail Lockout Fast Test: '100'  Change '0.1'
11-05 17:47:27.522 28469 28485 I VrRuntimeClient: Flail Lockout Menu button: 1
11-05 17:47:27.522 28469 28485 D VrRuntimeClient: VrRuntimeClient: initialize. inContext: com.epicgames.ue4.GameActivity@1fd254a
11-05 17:47:27.524  2167  2167 D VrRuntimeService: onStartCommand
11-05 17:47:27.525 28469 28485 I VrApi   : IsFocusAware: 0
11-05 17:47:27.525 28469 28485 I Breakpad: Breakpad Init
11-05 17:47:27.531 28469 28485 I Breakpad: Mobile Breakpad GK is disabled
11-05 17:47:27.531 28469 28485 I Breakpad: Breakpad for Native crashes disabled
11-05 17:47:27.531 28469 28485 D SystemActivitiesReceiver: Registering Oculus System Activity receiver
11-05 17:47:27.539 28469 28485 I SystemUtils_Internal: ShellSystemUtilsAnytimeUICapability: 2
11-05 17:47:27.540 28469 28485 D VrRuntimeClient: connectToService
11-05 17:47:27.540 28469 28485 D VrRuntimeClient: VrRuntimeClient: creating new service
11-05 17:47:27.541  2167  2167 D VrRuntimeService: onStartCommand
11-05 17:47:27.542 28469 28485 D VrRuntimeClient: VrRuntimeClient: Waiting on connection...
11-05 17:47:27.543 28469 28551 D VrRuntimeClient: VrRuntimeClient: Service connected.
11-05 17:47:27.543  2167  2180 I ClientMgr: ClientMgr::CreateClient: 28469:com.YourCompany.LastResisters
11-05 17:47:27.543  2167  2180 I SharedMemoryServer: SharedMemoryServer::MapMemory: Allocated shared memory fd 45 (VrRuntimeService_PrivateReadWrite_com.YourCompany.LastResisters)
11-05 17:47:27.544  2167  2180 W Vulkan_Utils: Memory type 24 with properties 10 not found.
11-05 17:47:27.544  2167  2180 I BufferObject: ovrBufferObjectFactory::Initialize BufferSize=4096, Fd=47, AllocSize=9568, VkBuffer=0x7f5ca95600, VkMemory=0x7f5d6cc380, Mapping=0x7f787ae000
11-05 17:47:27.544  2167  2180 I GuardianSystem: SetCurrentPackageName: com.YourCompany.LastResisters
11-05 17:47:27.545  2167  2189 D VrRuntimeService: IVrRuntimeClient.Stub().getSharedMemoryFileDescriptor()
11-05 17:47:27.545  2167  2189 I VrRuntimeService: SharedMemoryDebug: nativeGetSharedMemoryPublicReadOnlyFd: 35
11-05 17:47:27.545  2167  2189 D VrRuntimeService: getSharedMemoryFileDescriptor fd (VrRuntimeService) 35
11-05 17:47:27.545  2167  2899 D VrRuntimeService: IVrRuntimeClient.Stub().getSharedMemoryPrivateReadWriteFileDescriptor()
11-05 17:47:27.545  2167  2899 I VrRuntimeService: SharedMemoryDebug: nativeGetSharedMemoryPrivateReadWriteFd: 45
11-05 17:47:27.545  2167  2899 D VrRuntimeService: getSharedMemoryPrivateReadWriteFileDescriptor fd (VrRuntimeService) 45
11-05 17:47:27.546  2167  8423 D VrRuntimeService: IVrRuntimeClient.Stub().getBufferObjectImportInfo()
11-05 17:47:27.547 28469 28551 I VrRuntimeClient: nativeRuntimeServiceConnected: publicReadOnlyFd=79, privateReadWriteFd=80, bufferObjectFd=81
11-05 17:47:27.548 28469 28485 D VrRuntimeClient: VrRuntimeClient: connectionIsReady: true
11-05 17:47:27.548 28469 28485 D VrRuntimeClient: VrRuntimeClient: context.bindService SUCCESS
11-05 17:47:27.549 28469 28485 I Distortion: SetLensPositions - iad=0.0635, left offset=-0.002986,-0.00272, right offset=0.002986,-0.00272
11-05 17:47:27.549 28469 28485 I Distortion: SetLensPositions - iad=0.0635, left offset=-0.002986,-0.00272, right offset=0.002986,-0.00272
11-05 17:47:27.549 28469 28485 I OSSDK   : CalibrationManager: Using standalone implementation
11-05 17:47:27.553 28469 28485 I Distortion: Loaded distortion file from Calibration Manager
11-05 17:47:27.553 28469 28485 I Distortion: ovrDistortionMeshHeader::magic = 0x56347807
11-05 17:47:27.553 28469 28485 I Distortion: ovrDistortionMeshHeader::deviceModel = 0x101
11-05 17:47:27.553 28469 28485 I Distortion: ovrDistortionMeshHeader::headsetModel = 0x103
11-05 17:47:27.553 28469 28485 I Distortion: ovrDistortionMeshHeader::eyeBlocksWide = 32
11-05 17:47:27.553 28469 28485 I Distortion: ovrDistortionMeshHeader::eyeBlocksHigh = 32
11-05 17:47:27.554 28469 28485 I Distortion: ovrDistortionMeshHeader::lensSeparationMeters = 0.053428
11-05 17:47:27.554 28469 28485 I Distortion: ovrDistortionMeshHeader::horizontalOffsetMeters = 0.000000
11-05 17:47:27.554 28469 28485 I Distortion: ovrDistortionMeshHeader::displayWidthMeters = 0.118800
11-05 17:47:27.554 28469 28485 I Distortion: ovrDistortionMeshHeader::displayHeightMeters = 0.066000
11-05 17:47:27.554 28469 28485 I Distortion: ovrDistortionMeshHeader::displayWidthPixels = 2880
11-05 17:47:27.554 28469 28485 I Distortion: ovrDistortionMeshHeader::displayHeightPixels = 1600
11-05 17:47:27.554 28469 28485 I Distortion: ovrDistortionMeshHeader::eyeTextureWidthPixels = 1216
11-05 17:47:27.554 28469 28485 I Distortion: ovrDistortionMeshHeader::eyeTextureHeightPixels = 1344
11-05 17:47:27.554 28469 28485 I Distortion: ovrDistortionMeshHeader::leftEye = up 47.000000 / down 53.000000 / left 52.000000 / right 42.000000
11-05 17:47:27.554 28469 28485 I Distortion: ovrDistortionMeshHeader::rightEye = up 47.000000 / down 53.000000 / left 42.000000 / right 52.000000
11-05 17:47:27.554 28469 28485 I TrackingServiceClient: initialize
11-05 17:47:27.554 28469 28485 D TrackingServiceClient: onInitialize
11-05 17:47:27.557 28469 28485 I InputHooks: InitializeInputHooks
11-05 17:47:27.557 28469 28485 I InputHooks: InitializeInputHooks create
11-05 17:47:27.557 28469 28485 I InputHooks: InitializeInputHookscreated calling init
11-05 17:47:27.557 28469 28485 I InputHooks_Internal: SetReorientHMDOnControllerRecenter = false
11-05 17:47:27.557 28469 28485 I InputHooks_Internal: SetBlockRemoteButtonsWhenNotEmulatingHMT = true
11-05 17:47:27.557 28469 28485 I InputHooks_Internal: SetLatchBackButtonEntireFrame = true
11-05 17:47:27.557 28469 28485 D VrRuntimeClient: getClient6dofEntitlementMode for com.YourCompany.LastResisters
11-05 17:47:27.564  2074  2215 W PublicLibraryProvider: Cannot find entitlement for com.YourCompany.LastResisters
11-05 17:47:27.565 28469 28485 I VrApi   : ----------- vrapi_Initialize [end] ----------
11-05 17:47:27.565 28469 28485 I GoCompatibility: Determining Emulation mode for com.YourCompany.LastResisters
11-05 17:47:27.565 28469 28485 I GoCompatibility: enitlement mode unkown so checking manifest for Go Compatibility
11-05 17:47:27.565 28469 28485 D GoCompatibility: PackageName: com.YourCompany.LastResisters
11-05 17:47:27.567 28469 28485 I GoCompatibility: headtracking feature in manifest, GoCompatibility disabled.
11-05 17:47:27.568 28469 28485 I VrIntegrationLoader: VrIntegration Loader Version  1.1.22.0-0-0 Feb  4 2019 14:42:09 
11-05 17:47:27.570 28469 28485 W System.err: java.lang.ClassNotFoundException: com.oculus.systemdriver.VrIntegrationLoader
11-05 17:47:27.570 28469 28485 W System.err: 	at java.lang.Class.classForName(Native Method)
11-05 17:47:27.570 28469 28485 W System.err: 	at java.lang.Class.forName(Class.java:400)
11-05 17:47:27.571 28469 28485 W System.err: Caused by: java.lang.ClassNotFoundException: Didn't find class "com.oculus.systemdriver.VrIntegrationLoader" on path: DexPathList[[zip file "/system/priv-app/VrDriver/VrDriver.apk"],nativeLibraryDirectories=[/system/priv-app/VrDriver/lib/arm, /system/priv-app/VrDriver/VrDriver.apk!/lib/armeabi-v7a, /system/lib, /vendor/lib, /system/lib, /vendor/lib]]
11-05 17:47:27.571 28469 28485 W System.err: 	at dalvik.system.BaseDexClassLoader.findClass(BaseDexClassLoader.java:56)
11-05 17:47:27.571 28469 28485 W System.err: 	at java.lang.ClassLoader.loadClass(ClassLoader.java:380)
11-05 17:47:27.571 28469 28485 W System.err: 	at java.lang.ClassLoader.loadClass(ClassLoader.java:312)
11-05 17:47:27.571 28469 28485 W System.err: 	... 2 more
11-05 17:47:27.571 28469 28485 W VrIntegrationLoader: vrintegration_Initialize: Required Component vrIntegration module are not installed.
11-05 17:47:27.571 28469 28485 E OVRPlugin: vrintegration initialized failed with code -1
11-05 17:47:27.571 28469 28485 D OVRPlugin: Mode Parms CpuLevel 2 GpuLevel 2
11-05 17:47:27.573 28469 28485 I OVRPlugin: OSSDK::VrDevice::v2::createVrDeviceManager() succeed
11-05 17:47:27.574 28469 28485 D UE4     : [2019.11.05-08.47.27:574][  0]LogHMD: OculusHMD plugin supports multiview!
11-05 17:47:27.575 28469 28485 D OVRPlugin: GL_EXTENSIONS:
11-05 17:47:27.575 28469 28485 D OVRPlugin: GL_OES_EGL_image
11-05 17:47:27.575 28469 28485 D OVRPlugin: GL_OES_EGL_image_external
11-05 17:47:27.575 28469 28485 D OVRPlugin: GL_OES_EGL_sync
11-05 17:47:27.575 28469 28485 D OVRPlugin: GL_OES_vertex_half_float
11-05 17:47:27.575 28469 28485 D OVRPlugin: GL_OES_framebuffer_object
11-05 17:47:27.575 28469 28485 D OVRPlugin: GL_OES_rgb8_rgba8
11-05 17:47:27.575 28469 28485 D OVRPlugin: GL_OES_compressed_ETC1_RGB8_texture
11-05 17:47:27.575 28469 28485 D OVRPlugin: GL_AMD_compressed_ATC_texture
11-05 17:47:27.575 28469 28485 D OVRPlugin: GL_KHR_texture_compression_astc_ldr
11-05 17:47:27.575 28469 28485 D OVRPlugin: GL_KHR_texture_compression_astc_hdr
11-05 17:47:27.575 28469 28485 D OVRPlugin: GL_OES_texture_compression_astc
11-05 17:47:27.576 28469 28485 D OVRPlugin: GL_OES_texture_npot
11-05 17:47:27.576 28469 28485 D OVRPlugin: GL_EXT_texture_filter_anisotropic
11-05 17:47:27.576 28469 28485 D OVRPlugin: GL_EXT_texture_format_BGRA8888
11-05 17:47:27.576 28469 28485 D OVRPlugin: GL_EXT_read_format_bgra
11-05 17:47:27.576 28469 28485 D OVRPlugin: GL_OES_texture_3D
11-05 17:47:27.576 28469 28485 D OVRPlugin: GL_EXT_color_buffer_float
11-05 17:47:27.576 28469 28485 D OVRPlugin: GL_EXT_color_buffer_half_float
11-05 17:47:27.576 28469 28485 D OVRPlugin: GL_QCOM_alpha_test
11-05 17:47:27.576 28469 28485 D OVRPlugin: GL_OES_depth24
11-05 17:47:27.576 28469 28485 D OVRPlugin: GL_OES_packed_depth_stencil
11-05 17:47:27.576 28469 28485 D OVRPlugin: GL_OES_depth_texture
11-05 17:47:27.576 28469 28485 D OVRPlugin: GL_OES_depth_texture_cube_map
11-05 17:47:27.576 28469 28485 D OVRPlugin: GL_EXT_sRGB
11-05 17:47:27.576 28469 28485 D OVRPlugin: GL_OES_texture_float
11-05 17:47:27.576 28469 28485 D OVRPlugin: GL_OES_texture_float_linear
11-05 17:47:27.576 28469 28485 D OVRPlugin: GL_OES_texture_half_float
11-05 17:47:27.576 28469 28485 D OVRPlugin: GL_OES_texture_half_float_linear
11-05 17:47:27.577 28469 28485 D OVRPlugin: GL_EXT_texture_type_2_10_10_10_REV
11-05 17:47:27.577 28469 28485 D OVRPlugin: GL_EXT_texture_sRGB_decode
11-05 17:47:27.577 28469 28485 D OVRPlugin: GL_EXT_texture_format_sRGB_override
11-05 17:47:27.577 28469 28485 D OVRPlugin: GL_OES_element_index_uint
11-05 17:47:27.577 28469 28485 D OVRPlugin: GL_EXT_copy_image
11-05 17:47:27.577 28469 28485 D OVRPlugin: GL_EXT_geometry_shader
11-05 17:47:27.577 28469 28485 D OVRPlugin: GL_EXT_tessellation_shader
11-05 17:47:27.577 28469 28485 D OVRPlugin: GL_OES_texture_stencil8
11-05 17:47:27.577 28469 28485 D OVRPlugin: GL_EXT_shader_io_blocks
11-05 17:47:27.577 28469 28485 D OVRPlugin: GL_OES_shader_image_atomic
11-05 17:47:27.577 28469 28485 D OVRPlugin: GL_OES_sample_variables
11-05 17:47:27.577 28469 28485 D OVRPlugin: GL_EXT_texture_border_clamp
11-05 17:47:27.577 28469 28485 D OVRPlugin: GL_EXT_EGL_image_external_wrap_modes
11-05 17:47:27.577 28469 28485 D OVRPlugin: GL_EXT_multisampled_render_to_texture
11-05 17:47:27.577 28469 28485 D OVRPlugin: GL_EXT_multisampled_render_to_texture2
11-05 17:47:27.577 28469 28485 D OVRPlugin: GL_OES_shader_multisample_interpolation
11-05 17:47:27.577 28469 28485 D OVRPlugin: GL_EXT_texture_cube_map_array
11-05 17:47:27.577 28469 28485 D OVRPlugin: GL_EXT_draw_buffers_indexed
11-05 17:47:27.577 28469 28485 D OVRPlugin: GL_EXT_gpu_shader5
11-05 17:47:27.577 28469 28485 D OVRPlugin: GL_EXT_robustness
11-05 17:47:27.577 28469 28485 D OVRPlugin: GL_EXT_texture_buffer
11-05 17:47:27.577 28469 28485 D OVRPlugin: GL_EXT_shader_framebuffer_fetch
11-05 17:47:27.577 28469 28485 D OVRPlugin: GL_ARM_shader_framebuffer_fetch_depth_stencil
11-05 17:47:27.577 28469 28485 D OVRPlugin: GL_OES_texture_storage_multisample_2d_array
11-05 17:47:27.578 28469 28485 D OVRPlugin: GL_OES_sample_shading
11-05 17:47:27.578 28469 28485 D OVRPlugin: GL_OES_get_program_binary
11-05 17:47:27.578 28469 28485 D OVRPlugin: GL_EXT_debug_label
11-05 17:47:27.578 28469 28485 D OVRPlugin: GL_KHR_blend_equation_advanced
11-05 17:47:27.578 28469 28485 D OVRPlugin: GL_KHR_blend_equation_advanced_coherent
11-05 17:47:27.578 28469 28485 D OVRPlugin: GL_QCOM_tiled_rendering
11-05 17:47:27.578 28469 28485 D OVRPlugin: GL_ANDROID_extension_pack_es31a
11-05 17:47:27.578 28469 28485 D OVRPlugin: GL_EXT_primitive_bounding_box
11-05 17:47:27.578 28469 28485 D OVRPlugin: GL_OES_standard_derivatives
11-05 17:47:27.578 28469 28485 D OVRPlugin: GL_OES_vertex_array_object
11-05 17:47:27.578 28469 28485 D OVRPlugin: GL_EXT_disjoint_timer_query
11-05 17:47:27.578 28469 28485 D OVRPlugin: GL_KHR_debug
11-05 17:47:27.578 28469 28485 D OVRPlugin: GL_EXT_YUV_target
11-05 17:47:27.578 28469 28485 D OVRPlugin: GL_EXT_sRGB_write_control
11-05 17:47:27.578 28469 28485 D OVRPlugin: GL_EXT_texture_norm16
11-05 17:47:27.578 28469 28485 D OVRPlugin: GL_EXT_discard_framebuffer
11-05 17:47:27.578 28469 28485 D OVRPlugin: GL_OES_surfaceless_context
11-05 17:47:27.578 28469 28485 D OVRPlugin: GL_OVR_multiview
11-05 17:47:27.578 28469 28485 D OVRPlugin: GL_OVR_multiview2
11-05 17:47:27.578 28469 28485 D OVRPlugin: GL_EXT_texture_sRGB_R8
11-05 17:47:27.578 28469 28485 D OVRPlugin: GL_KHR_no_error
11-05 17:47:27.578 28469 28485 D OVRPlugin: GL_EXT_debug_marker
11-05 17:47:27.578 28469 28485 D OVRPlugin: GL_OES_EGL_image_external_essl3
11-05 17:47:27.578 28469 28485 D OVRPlugin: GL_OVR_multiview_multisampled_render_to_texture
11-05 17:47:27.578 28469 28485 D OVRPlugin: GL_EXT_buffer_storage
11-05 17:47:27.578 28469 28485 D OVRPlugin: GL_EXT_external_buffer
11-05 17:47:27.578 28469 28485 D OVRPlugin: GL_EXT_blit_framebuffer_params
11-05 17:47:27.578 28469 28485 D OVRPlugin: GL_EXT_clip_cull_distance
11-05 17:47:27.578 28469 28485 D OVRPlugin: GL_EXT_protected_textures
11-05 17:47:27.579 28469 28485 D OVRPlugin: GL_EXT_shader_non_constant_global_initializers
11-05 17:47:27.579 28469 28485 D OVRPlugin: GL_QCOM_texture_foveated
11-05 17:47:27.579 28469 28485 D OVRPlugin: GL_QCOM_shader_framebuffer_fetch_noncoherent
11-05 17:47:27.579 28469 28485 D OVRPlugin: GL_QCOM_shader_framebuffer_fetch_rate
11-05 17:47:27.579 28469 28485 D OVRPlugin: GL_EXT_memory_object
11-05 17:47:27.579 28469 28485 D OVRPlugin: GL_EXT_memory_object_fd
11-05 17:47:27.579 28469 28485 D OVRPlugin: GL_EXT_EGL_image_array
11-05 17:47:27.579 28469 28485 D OVRPlugin: GL_NV_shader_noperspective_interpolation
11-05 17:47:27.579 28469 28485 D OVRPlugin: GL_KHR_robust_buffer_access_behavior
11-05 17:47:27.579 28469 28485 D OVRPlugin: GL_EXT_EGL_image_storage
11-05 17:47:27.579 28469 28485 D OVRPlugin: GL_EXT_blend_func_extended
11-05 17:47:27.579 28469 28485 D OVRPlugin: GL_EXT_clip_control
11-05 17:47:27.579 28469 28485 D OVRPlugin: GL_OES_texture_view
11-05 17:47:27.579 28469 28485 D OVRPlugin: GL_EXT_fragment_invocation_density
11-05 17:47:27.579 28469 28485 D OVRPlugin: GL_QCOM_YUV_texture_gather
11-05 17:47:27.579 28469 28485 D OVRPlugin: es3 = TRUE
11-05 17:47:27.579 28469 28485 D OVRPlugin: Found: GL_EXT_discard_framebuffer
11-05 17:47:27.579 28469 28485 D OVRPlugin: Found: GL_EXT_multisampled_render_to_texture
11-05 17:47:27.580 28469 28485 D OVRPlugin: Found: GL_OES_vertex_array_object
11-05 17:47:27.580 28469 28485 D OVRPlugin: Found: GL_QCOM_tiled_rendering
11-05 17:47:27.580 28469 28485 D OVRPlugin: Found: GL_EXT_disjoint_timer_query
11-05 17:47:27.581 28469 28485 D OVRPlugin: Found: GL_EXT_texture_sRGB_decode
11-05 17:47:27.581 28469 28485 D OVRPlugin: Found: GL_EXT_texture_filter_anisotropic
11-05 17:47:27.581 28469 28485 D OVRPlugin: GL_MAX_TEXTURE_SIZE = 16384
11-05 17:47:27.581 28469 28485 D OVRPlugin: GL_MAX_VERTEX_UNIFORM_VECTORS = 256
11-05 17:47:27.581 28469 28485 D OVRPlugin: GL_MAX_FRAGMENT_UNIFORM_VECTORS = 256
11-05 17:47:27.582 28469 28485 D OVRPlugin: Found: GL_EXT_texture_border_clamp
11-05 17:47:27.582 28469 28485 D OVRPlugin: Finished setting up render thread.
11-05 17:47:27.582 28469 28485 D OVRPlugin: Entering VR mode.
11-05 17:47:27.582 28469 28485 I VrApi   : ---------- vrapi_EnterVrMode [start] ----------
11-05 17:47:27.585 28469 28485 I InputHooks_Internal: Enabling Native Input Hooks
11-05 17:47:27.585 28469 28485 I VrRuntimeClient: Tracing is disabled
11-05 17:47:27.588 28469 28485 D VrApi   : targetSDKVersion 19
11-05 17:47:27.592 28469 28485 I VrRuntimeClient: DEVICE MODEL NUMBER = Quest
11-05 17:47:27.592 28469 28485 I VrRuntimeClient: DEVICE HARDWARE = monterey
11-05 17:47:27.592 28469 28485 I VrRuntimeClient: DEVICE BUILD NAME = user-396520.6170.115
11-05 17:47:27.592 28469 28485 I VrRuntimeClient: DEVICE BUILD TYPE = user
11-05 17:47:27.592 28469 28485 I VrRuntimeClient: DEVICE OS VERSION = 7.1.1
11-05 17:47:27.592 28469 28485 I VrRuntimeClient: VRRUNTIME VERSION = VRAPI_VERSION_BEGIN { 1.1.27.0-179270206-179270206 Oct 22 2019 13:59:12 Development } RELEASE
11-05 17:47:27.593 28469 28485 I VrRuntimeClient: API LOADER VERSION = 1.1.22.0
11-05 17:47:27.593 28469 28485 I VrRuntimeClient: VRDRIVER VERSION = 10.1.0.144.427
11-05 17:47:27.593 28469 28485 I VrRuntimeClient: APP NAME = LastResisters
11-05 17:47:27.593 28469 28485 I VrRuntimeClient: APP VERSION = 1.0 versionCode 1 internalVersionName <none>
11-05 17:47:27.593 28469 28485 I VrRuntimeClient: APP VR TYPE = vr_only
11-05 17:47:27.593 28469 28485 I VrRuntimeClient: APP PACKAGE NAME = com.YourCompany.LastResisters
11-05 17:47:27.593 28469 28485 I VrRuntimeClient: APP ACTIVITY CLASS = com.epicgames.ue4.GameActivity
11-05 17:47:27.593 28469 28485 D BatteryReceiver: Registering battery receiver
11-05 17:47:27.600 28469 28485 D HeadsetReceiver: getCurrentHeadsetState: false
11-05 17:47:27.600 28469 28485 I DeviceStatus_Android: nativeHeadsetEvent(0)
11-05 17:47:27.610 28469 28485 I DeviceStatus_Android: nativeGamepadListener(0)
11-05 17:47:27.611  2196  2221 I OsSdk   : will wait 60 seconds before retrying
11-05 17:47:27.611 28469 28485 I InputDeviceManager: ovrInputDeviceManager::Initialize
11-05 17:47:27.613 28469 28485 I ScreenCaptureHelper: GetScreenCaptureInhibitFlagFromVrHelper
11-05 17:47:27.617 28469 28485 D VRProviderHelper: Could not find provider
11-05 17:47:27.618  2167  2189 I ScreenCaptureBase: GlobalInhibitState=0
11-05 17:47:27.618 28469 28485 D TrackingServiceConnectionNative: onClientConnect
11-05 17:47:27.619 28469 28485 D BinderConnection: Connecting to TrackingService
11-05 17:47:27.620 28469 28485 D TrackingServiceConnectionNative: onConnected
11-05 17:47:27.621   716  3479 I TrackingService: TrackingService::getSharedMemoryFileDescriptor
11-05 17:47:27.622 28469 28485 I TrackingServiceClient: OVR::TrackingService::ClientSetInterface
11-05 17:47:27.623 28469 28485 I TrackingServiceClient: TrackingService client: roFd(83)
11-05 17:47:27.623 28469 28485 I TrackingServiceClient: TrackingService client: connected to interface version 10.
11-05 17:47:27.623 28469 28485 I TrackingServiceClient: TrackingService client: last prediction time is 1585.443189 seconds old
11-05 17:47:27.623 28469 28485 I TrackingServiceClient: TrackingService client: provided by pid=716
11-05 17:47:27.623   716 11235 I TrackingService: TrackingService::registerClient
11-05 17:47:27.623   716 11235 I TrackingService: Registering client with TrackingServiceHost
11-05 17:47:27.625   716 11235 I TrackingService: TrackingServiceHost GetSharedMemoryFileDescriptor for client pid 28469
11-05 17:47:27.625   716 11235 I TrackingService: TrackingServiceHost registered common client; there are 0 secure clients
11-05 17:47:27.625 28469 28485 I TrackingServiceClient: ClientConnectComplete
11-05 17:47:27.625 28469 28485 I VrApi   : ovrModeParms::VRAPI_MODE_FLAG_ALLOW_POWER_SAVE = 1
11-05 17:47:27.625 28469 28485 I VrApi   : ovrModeParms::VRAPI_MODE_FLAG_RESET_WINDOW_FULLSCREEN = 1
11-05 17:47:27.625 28469 28485 I VrApi   : ovrModeParms::VRAPI_MODE_FLAG_NATIVE_WINDOW = 1
11-05 17:47:27.625 28469 28485 I VrApi   : ovrModeParms::VRAPI_MODE_FLAG_FRONT_BUFFER_PROTECTED = 0
11-05 17:47:27.625 28469 28485 I VrApi   : ovrModeParms::VRAPI_MODE_FLAG_FRONT_BUFFER_565 = 0
11-05 17:47:27.626 28469 28485 I VrApi   : ovrModeParms::VRAPI_MODE_FLAG_FRONT_BUFFER_SRGB = 1
11-05 17:47:27.626 28469 28485 I VrApi   : ovrModeParms::VRAPI_MODE_FLAG_CREATE_CONTEXT_NO_ERROR = 0
11-05 17:47:27.626 28469 28485 I TrackingServiceClient: Implausible sensor time! pt = 1585.45
11-05 17:47:27.626 28469 28485 I VrApi   : HMD sensor attached.
11-05 17:47:27.628 28469 28485 I VrApi   : Client side frame sync enabled
11-05 17:47:27.629 28469 28485 D VrRuntimeClient: VrRuntimeClient: enableRendering: activity client
11-05 17:47:27.631 28469 28485 D VrRuntimeClient: VrRuntimeClient: enableRendering: Using clientWindow=android.os.BinderProxy@8b55f77
11-05 17:47:27.632  2167  2899 I ClientMgr: ClientMgr::SetPrimaryCompositorClient: com.YourCompany.LastResisters
11-05 17:47:27.632  2167  2899 W VrRuntimeServer: VrRuntimeServer_SetCompositorSharedMemory: Invalid Warp
11-05 17:47:27.632  2167  2899 I GuardianSystem: SetCurrentPackageName: com.YourCompany.LastResisters
11-05 17:47:27.632  2167  2899 D VrRuntimeService: this client: 28469:com.YourCompany.LastResisters
11-05 17:47:27.632  2167  2899 D VrRuntimeService: enableRendering: clientWindow: android.os.BinderProxy@93ddd20 enable: true
11-05 17:47:27.632  2167  2899 I ClientMgr: ClientMgr::EnableRendering 28469:com.YourCompany.LastResisters : enable
11-05 17:47:27.632 28469 28485 I VrRuntimeClient: CreateWarp: ImportGles: Fd=81, BufferSize=4096, AllocSize=9568
11-05 17:47:27.632 28469 28485 I BufferObject: ovrBufferObjectFactory::ImportGles() initializing extensions
11-05 17:47:27.632 28469 28485 I GL_Utils: es3 = TRUE
11-05 17:47:27.632 28469 28485 I GL_Utils: Found: GL_OES_vertex_array_object
11-05 17:47:27.633 28469 28485 I GL_Utils: Found: GL_QCOM_tiled_rendering
11-05 17:47:27.633 28469 28485 I GL_Utils: Found: GL_EXT_sRGB_write_control
11-05 17:47:27.633 28469 28485 I GL_Utils: Found: GL_EXT_disjoint_timer_query
11-05 17:47:27.634 28469 28485 I GL_Utils: Found: GL_EXT_memory_object
11-05 17:47:27.635 28469 28485 I GL_Utils: Found: GL_EXT_memory_object_fd
11-05 17:47:27.635 28469 28485 I GL_Utils: Found: GL_QCOM_texture_foveated
11-05 17:47:27.635 28469 28485 I GL_Utils: Found: GL_KHR_debug
11-05 17:47:27.636 28469 28485 I GL_Utils: Found: GL_EXT_texture_border_clamp
11-05 17:47:27.636 28469 28485 I GL_Utils: Found: GL_EXT_texture_filter_anisotropic
11-05 17:47:27.636 28469 28485 I VrRuntimeClient: CreateWarp: ImportGles: bo.Gl.BufferId=113, bo.Gl.MemoryObject=1
11-05 17:47:27.638 28469 28485 I ScreenCaptureHelper: Advertising com.YourCompany.LastResisters as streamable
11-05 17:47:27.638  1803  1803 I OVRMediaService: onStartCommand Received message type: set_package_name, caller package: no_app_identity
11-05 17:47:27.639  1803  1803 I OVRMediaService: Got package name intent (com.YourCompany.LastResisters)
11-05 17:47:27.641 28469 28485 I OSSDK   : TelemetryHandler: Using standalone implementation
11-05 17:47:27.642 28469 28485 I VrApi   : OVR::Stats thread started
11-05 17:47:27.644 28469 28485 I VrApi   : System brightness = 255
11-05 17:47:27.646 28469 28485 I VrApi   : Set brightness to 255
11-05 17:47:27.647 28469 28485 I VrApi   : Set DND mode to false
11-05 17:47:27.653 28469 28553 D VrApi   : targetSDKVersion 19
11-05 17:47:27.653  2074  2179 W LibraryProvider: Cannot find entitlement for com.YourCompany.LastResisters
11-05 17:47:27.653  1803  1803 W OVRLibrary: null cursor received for query content://com.oculus.ocms.library/apps/com.YourCompany.LastResisters
11-05 17:47:27.654  1803  1803 I PlatformPluginManager: Empty clients, initing
11-05 17:47:27.654  1803  1803 I PlatformPluginManager: Calling init()
11-05 17:47:27.654  1803  1803 I PlatformPluginManager: Not docked, aborting init
11-05 17:47:27.654  1803  1803 I PlatformPluginManager: Init failed in connect(). Shutting down?
11-05 17:47:27.654  1803  1803 W System.err: java.lang.Exception: Stack trace
11-05 17:47:27.654  1803  1803 W System.err: 	at java.lang.Thread.dumpStack(Thread.java:1376)
11-05 17:47:27.654  1803  1803 W System.err: 	at com.oculus.horizon.platformplugin.PlatformPluginManager.connect(PlatformPluginManager.java:536)
11-05 17:47:27.654  1803  1803 W System.err: 	at com.oculus.horizon.platformplugin.PlatformPluginManager.connect(PlatformPluginManager.java:445)
11-05 17:47:27.654  1803  1803 W System.err: 	at com.oculus.horizon.service_media.OVRMediaServiceManager.safeGetPPM(OVRMediaServiceManager.java:290)
11-05 17:47:27.655  1803  1803 W System.err: 	at com.oculus.horizon.service_media.OVRMediaServiceManager.onAppSwitch(OVRMediaServiceManager.java:984)
11-05 17:47:27.655  1803  1803 W System.err: 	at com.oculus.horizon.service_media.AppSwitchManager.onAppSwitch(AppSwitchManager.java:68)
11-05 17:47:27.655  1803  1803 W System.err: 	at com.oculus.horizon.service_media.OVRMediaService$1.onAppSwitch(OVRMediaService.java:80)
11-05 17:47:27.655  1803  1803 W System.err: 	at com.oculus.horizon.service_media.OVRMediaService.doStartCommand(OVRMediaService.java:378)
11-05 17:47:27.655  1803  1803 W System.err: 	at com.facebook.secure.service.PublicBaseServiceWithSwitchOff.onStartCommand(PublicBaseServiceWithSwitchOff.java:136)
11-05 17:47:27.655  1803  1803 W System.err: 	at android.app.ActivityThread.handleServiceArgs(ActivityThread.java:3350)
11-05 17:47:27.655  1803  1803 W System.err: 	at android.app.ActivityThread.-wrap21(ActivityThread.java)
11-05 17:47:27.655  1803  1803 W System.err: 	at android.app.ActivityThread$H.handleMessage(ActivityThread.java:1582)
11-05 17:47:27.655  1803  1803 W System.err: 	at android.os.Handler.dispatchMessage(Handler.java:102)
11-05 17:47:27.655  1803  1803 W System.err: 	at android.os.Looper.loop(Looper.java:154)
11-05 17:47:27.655  1803  1803 W System.err: 	at android.app.ActivityThread.main(ActivityThread.java:6144)
11-05 17:47:27.655  1803  1803 W System.err: 	at java.lang.reflect.Method.invoke(Native Method)
11-05 17:47:27.655  1803  1803 W System.err: 	at com.android.internal.os.ZygoteInit$MethodAndArgsCaller.run(ZygoteInit.java:886)
11-05 17:47:27.655  1803  1803 W System.err: 	at com.android.internal.os.ZygoteInit.main(ZygoteInit.java:776)
11-05 17:47:27.656 28469 28553 I JniUtils: ovr_GetCurrentPackageSignature 
11-05 17:47:27.658 28469 28485 I VrApi   : System DND mode = false
11-05 17:47:27.659 28469 28485 I VrApi   : ---------- vrapi_EnterVrMode [end] ----------
11-05 17:47:27.659 28469 28485 I InputHooks_Internal: SetLatchBackButtonEntireFrame = false
11-05 17:47:27.659 28469 28485 I InputHooks_Internal: SetBlockRemoteButtonsWhenNotEmulatingHMT = true
11-05 17:47:27.659 28469 28485 I InputHooks_Internal: SetEatNativeGamepadEvents = false
11-05 17:47:27.659 28469 28485 D OVRPlugin: Registering utility receivers.
11-05 17:47:27.660 28469 28485 D OVRPlugin: Developer mode: 1
11-05 17:47:27.660 28469 28553 I Metrics : device name = Oculus Quest
11-05 17:47:27.661 28469 28485 I InputHooks_Internal: SetReorientHMDOnControllerRecenter = true
11-05 17:47:27.661 28469 28485 D UE4     : [2019.11.05-08.47.27:661][  0]LogHMD: Error: Mobile HDR is not supported on Oculus Mobile HMD devices.
11-05 17:47:27.662 28469 28485 I TrackingServiceClient: Implausible sensor time! pt = 1585.48
11-05 17:47:27.664  2167  8423 I VrRuntimeService: nativeCreateTextureSwapChain 65536 0 35907 2432 1344 1 3 1 0 0
11-05 17:47:27.664  2074  2118 W LibraryProvider: Cannot find entitlement for com.YourCompany.LastResisters
11-05 17:47:27.665  1803  1803 W OVRLibrary: null cursor received for query content://com.oculus.ocms.library/apps/com.YourCompany.LastResisters
11-05 17:47:27.665  1803  1803 I PlatformPluginManager: onAppStart com.YourCompany.LastResisters false
11-05 17:47:27.665  1803  1803 E PlatformPluginManager: onAppStart called before init
11-05 17:47:27.665  1803  1803 E OVRMediaServiceManager: LivestreamingManager Not initialized
11-05 17:47:27.667  2167  8423 I VrRuntimeServer: CreateTextureSwapChain: result importswapchaingles 1
11-05 17:47:27.669 28469 28528 I GL_Utils: es3 = TRUE
11-05 17:47:27.669 28469 28528 I GL_Utils: Found: GL_OES_vertex_array_object
11-05 17:47:27.669 28469 28528 I GL_Utils: Found: GL_QCOM_tiled_rendering
11-05 17:47:27.670 28469 28528 I GL_Utils: Found: GL_EXT_sRGB_write_control
11-05 17:47:27.670 28469 28528 I GL_Utils: Found: GL_EXT_disjoint_timer_query
11-05 17:47:27.670 28469 28528 I GL_Utils: Found: GL_EXT_memory_object
11-05 17:47:27.671 28469 28528 I GL_Utils: Found: GL_EXT_memory_object_fd
11-05 17:47:27.672 28469 28528 I GL_Utils: Found: GL_QCOM_texture_foveated
11-05 17:47:27.672  2074  2216 W LibraryProvider: Cannot find entitlement for com.YourCompany.LastResisters
11-05 17:47:27.672 28469 28528 I GL_Utils: Found: GL_KHR_debug
11-05 17:47:27.672 28469 28528 I GL_Utils: Found: GL_EXT_texture_border_clamp
11-05 17:47:27.672  1803  4758 W OVRLibrary: null cursor received for query content://com.oculus.ocms.library/apps/com.YourCompany.LastResisters
11-05 17:47:27.672 28469 28528 I GL_Utils: Found: GL_EXT_texture_filter_anisotropic
11-05 17:47:27.672  1803  4758 I SDKLoggingService: Unable to find AppId for package (com.YourCompany.LastResisters)
11-05 17:47:27.677 28469 28528 D UE4     : [2019.11.05-08.47.27:677][  0]LogHMD: Allocating Oculus 2432 x 1344 rendertarget swapchain
11-05 17:47:27.679 28469 28485 I TrackingServiceClient: Implausible sensor time! pt = 1585.5
11-05 17:47:27.680 28469 28485 D UE4     : [2019.11.05-08.47.27:680][  0]LogHMD: FSplash::OnShow
11-05 17:47:27.681 28469 28485 D UE4     : [2019.11.05-08.47.27:681][  0]LogLoad: LoadMap: /Game/Game/Level/Maps/Play/Play?Name=Player
11-05 17:47:27.682 28469 28485 D UE4     : [2019.11.05-08.47.27:682][  0]LogWorld: BeginTearingDown for /Temp/Untitled_0
11-05 17:47:27.682 28469 28528 I TrackingServiceClient: Implausible sensor time! pt = 1585.5
11-05 17:47:27.683  2167  2180 I VrRuntimeService: nativeCreateTextureSwapChain 65536 0 35907 1 1 1 1 1 0 0
11-05 17:47:27.684  2167  2180 I VrRuntimeServer: CreateTextureSwapChain: result importswapchaingles 1
11-05 17:47:27.698 28469 28528 D UE4     : [2019.11.05-08.47.27:697][  0]LogRHI: Using OpenGL program LRU cache: 0
11-05 17:47:27.705 28469 28485 D UE4     : [2019.11.05-08.47.27:704][  0]LogWorld: UWorld::CleanupWorld for Untitled, bSessionEnded=true, bCleanupResources=true
11-05 17:47:27.726 28469 28528 W VrApi   : Time to first swap: 1.812 seconds
11-05 17:47:27.726 28469 28556 I VrRuntimeClient: FenceChecker::MainLoop - started
11-05 17:47:27.731 28469 28549 D UE4     : [2019.11.05-08.47.27:731][  0]LogAudioMixer: Display: No commands were queued while flushing the source manager.
11-05 17:47:27.744 28469 28485 D UE4     : [2019.11.05-08.47.27:744][  0]LogUObjectHash: Compacting FUObjectHashTables data took   2.35ms
11-05 17:47:27.786 28469 28485 D UE4     : [2019.11.05-08.47.27:786][  0]LogAIModule: Creating AISystem for world Play
11-05 17:47:27.787 28469 28485 D UE4     : [2019.11.05-08.47.27:787][  0]LogLoad: Game class is 'GameModeBase'
11-05 17:47:27.791 28469 28485 D UE4     : [2019.11.05-08.47.27:791][  0]LogScript: Warning: Accessed None trying to read property K2Node_DynamicCast_AsGame_Instance
11-05 17:47:27.791 28469 28485 D UE4     : 	BP_PlayerAnimation_C /Game/Game/Level/Maps/Play/Play.Play:PersistentLevel.BP_Player_3.CharacterMesh0.BP_PlayerAnimation_C_2147482582
11-05 17:47:27.791 28469 28485 D UE4     : 	Function /Game/Game/Animation/PlayerAnimation/BP_PlayerAnimation.BP_PlayerAnimation_C:ExecuteUbergraph_BP_PlayerAnimation:007F
11-05 17:47:27.791 28469 28485 D UE4     : [2019.11.05-08.47.27:791][  0]LogScript: Warning: Script call stack:
11-05 17:47:27.791 28469 28485 D UE4     : 	Function /Game/Game/Animation/PlayerAnimation/BP_PlayerAnimation.BP_PlayerAnimation_C:BlueprintUpdateAnimation
11-05 17:47:27.791 28469 28485 D UE4     : 	Function /Game/Game/Animation/PlayerAnimation/BP_PlayerAnimation.BP_PlayerAnimation_C:ExecuteUbergraph_BP_PlayerAnimation
11-05 17:47:27.791 28469 28485 D UE4     : 
11-05 17:47:27.791 28469 28485 D UE4     : [2019.11.05-08.47.27:791][  0]LogScript: Warning: Accessed None trying to read property K2Node_DynamicCast_AsGame_Instance
11-05 17:47:27.791 28469 28485 D UE4     : 	BP_PlayerAnimation_C /Game/Game/Level/Maps/Play/Play.Play:PersistentLevel.BP_Player_3.CharacterMesh0.BP_PlayerAnimation_C_2147482582
11-05 17:47:27.791 28469 28485 D UE4     : 	Function /Game/Game/Animation/PlayerAnimation/BP_PlayerAnimation.BP_PlayerAnimation_C:ExecuteUbergraph_BP_PlayerAnimation:0108
11-05 17:47:27.791 28469 28485 D UE4     : [2019.11.05-08.47.27:791][  0]LogScript: Warning: Script call stack:
11-05 17:47:27.791 28469 28485 D UE4     : 	Function /Game/Game/Animation/PlayerAnimation/BP_PlayerAnimation.BP_PlayerAnimation_C:BlueprintUpdateAnimation
11-05 17:47:27.791 28469 28485 D UE4     : 	Function /Game/Game/Animation/PlayerAnimation/BP_PlayerAnimation.BP_PlayerAnimation_C:ExecuteUbergraph_BP_PlayerAnimation
11-05 17:47:27.791 28469 28485 D UE4     : 
11-05 17:47:27.794 28469 28485 D UE4     : [2019.11.05-08.47.27:794][  0]LogWorld: Bringing World /Game/Game/Level/Maps/Play/Play.Play up for play (max tick rate 0) at 2019.11.05-17.47.27
11-05 17:47:27.796 28469 28485 D UE4     : [2019.11.05-08.47.27:796][  0]LogWorld: Bringing up level for play took: 0.008203
11-05 17:47:27.796 28469 28485 D UE4     : [2019.11.05-08.47.27:796][  0]LogOnline: OSS: Creating online subsystem instance for: GooglePlay
11-05 17:47:27.796 28469 28485 D UE4     : [2019.11.05-08.47.27:796][  0]LogOnline: Warning: OSS: FOnlineSubsystemGooglePlayModule was disabled
11-05 17:47:27.797 28469 28485 D UE4     : [2019.11.05-08.47.27:797][  0]LogGameMode: FindPlayerStart: PATHS NOT DEFINED or NO PLAYERSTART with positive rating
11-05 17:47:27.799 28469 28485 D UE4     : [2019.11.05-08.47.27:799][  0]LogLoad: Took 0.118462 seconds to LoadMap(/Game/Game/Level/Maps/Play/Play)
11-05 17:47:27.803 28469 28530 D UE4     : *** JavaEnvDestructor: 28530
11-05 17:47:27.809 28469 28528 D UE4     : AndroidEGL::ResetDisplay()
11-05 17:47:27.809 28469 28528 D UE4     : *** JavaEnvDestructor: 28528
11-05 17:47:27.812 28469 28485 D UE4     : [2019.11.05-08.47.27:812][  0]LogAndroid: Passed GEngineLoop.Init()
11-05 17:47:27.814 28469 28485 D UE4     : [2019.11.05-08.47.27:814][  0]LogAndroidEvents: Display: LogAndroidEvents::DequeueAppEvent : 9, 0, APP_EVENT_STATE_ON_START
11-05 17:47:27.814 28469 28485 D UE4     : [2019.11.05-08.47.27:814][  0]LogAndroidEvents: Display: LogAndroidEvents::DequeueAppEvent : 7, 0, APP_EVENT_STATE_ON_RESUME
11-05 17:47:27.814 28469 28485 D UE4     : [2019.11.05-08.47.27:814][  0]LogAndroidEvents: Display: LogAndroidEvents::DequeueAppEvent : 6, 0, APP_EVENT_STATE_ON_PAUSE
11-05 17:47:27.814 28469 28485 D UE4     : [2019.11.05-08.47.27:814][  0]LogAndroidEvents: Display: LogAndroidEvents::DequeueAppEvent : 12, 0, APP_EVENT_STATE_SAVE_STATE
11-05 17:47:27.814 28469 28485 D UE4     : [2019.11.05-08.47.27:814][  0]LogAndroidEvents: Display: LogAndroidEvents::DequeueAppEvent : 8, 0, APP_EVENT_STATE_ON_STOP
11-05 17:47:27.815 28469 28485 D UE4     : [2019.11.05-08.47.27:815][  0]LogAndroidEvents: Display: LogAndroidEvents::DequeueAppEvent : 9, 0, APP_EVENT_STATE_ON_START
11-05 17:47:27.815 28469 28485 D UE4     : [2019.11.05-08.47.27:815][  0]LogAndroidEvents: Display: LogAndroidEvents::DequeueAppEvent : 8, 0, APP_EVENT_STATE_ON_STOP
11-05 17:47:27.815 28469 28485 D UE4     : [2019.11.05-08.47.27:815][  0]LogAndroidEvents: Display: LogAndroidEvents::DequeueAppEvent : 0, 3809728520, APP_EVENT_STATE_WINDOW_CREATED
11-05 17:47:27.815 28469 28485 D UE4     : APP_EVENT_STATE_WINDOW_CREATED 0, 0, 0, 0
11-05 17:47:27.815 28469 28485 D UE4     : [2019.11.05-08.47.27:815][  0]LogAndroidEvents: Display: ExecWindowCreated
11-05 17:47:27.815 28469 28485 D UE4     : AndroidEGL::ReInitWindow()
11-05 17:47:27.815 28469 28485 D UE4     : AndroidEGL::ReInit()
11-05 17:47:27.815 28469 28485 D UE4     : AndroidEGL::ResetDisplay()
11-05 17:47:27.815 28469 28485 D UE4     : AndroidEGL::InitSurface 0, 0
11-05 17:47:27.815 28469 28485 D UE4     : AndroidEGL::CreateEGLSurface() Already initialized: 0xc7c87f40
11-05 17:47:27.815 28469 28485 D UE4     : ExecWindowCreated, 0, 1, 0
11-05 17:47:27.815 28469 28485 D UE4     : [2019.11.05-08.47.27:815][  0]LogAndroidEvents: Display: LogAndroidEvents::DequeueAppEvent : 9, 0, APP_EVENT_STATE_ON_START
11-05 17:47:27.815 28469 28485 D UE4     : [2019.11.05-08.47.27:815][  0]LogAndroidEvents: Display: LogAndroidEvents::DequeueAppEvent : 7, 0, APP_EVENT_STATE_ON_RESUME
11-05 17:47:27.815 28469 28485 D UE4     : [2019.11.05-08.47.27:815][  0]LogTemp: Android resume audio
11-05 17:47:27.818 28469 28485 D UE4     : Registering volume receiver
11-05 17:47:27.819 28469 28557 D UE4     : [2019.11.05-08.47.27:819][  0]LogRenderer: Reallocating scene render targets to support 2880x1600 Format 10 NumSamples 1 (Frame:1).
11-05 17:47:27.820 28469 28485 D UE4     : startVolumeReceiver: 9
11-05 17:47:27.820 28469 28485 D UE4     : nativeVolumeEvent(9)
11-05 17:47:27.820 28469 28485 D UE4     : Registering battery receiver
11-05 17:47:27.821 28469 28485 D UE4     : Registering headset receiver
11-05 17:47:27.821 28469 28469 D UE4     : Battery: status = 2, rawlevel = 36, scale = 100
11-05 17:47:27.821 28469 28469 D UE4     : nativeBatteryEvent(stat = 2, lvl = 36  temp = 27.00 C)
11-05 17:47:27.822 28469 28485 D UE4     : startHeadsetReceiver: 0
11-05 17:47:27.822 28469 28485 D UE4     : nativeHeadsetEvent(0)
11-05 17:47:27.822 28469 28485 D UE4     : [2019.11.05-08.47.27:822][  0]LogCore: Display: AppLifetime: Application has entered foreground
11-05 17:47:27.823 28469 28485 D UE4     : [2019.11.05-08.47.27:823][  0]LogAndroid: Display: Low Power Mode Changed: 0
11-05 17:47:27.827 28469 28539 D UE4     : *** JavaEnvDestructor: 28539
11-05 17:47:27.964  1737  1796 I OsSdk   : will wait 60 seconds before retrying
11-05 17:47:28.299 28469 28559 D UE4     : [2019.11.05-08.47.28:299][  0]LogTcpMessaging: Started Connection to '127.0.0.1:58762'
11-05 17:47:28.301 28469 28559 D UE4     : [2019.11.05-08.47.28:300][  0]LogTcpMessaging: Discovered node 'EA4C0DDC4A40586439330DA1C70654FF' on connection '127.0.0.1:58762'...
11-05 17:47:28.350 28469 28537 D UE4     : *** JavaEnvDestructor: 28537
11-05 17:47:28.352 28469 28538 D UE4     : *** JavaEnvDestructor: 28538
11-05 17:47:28.352 28469 28536 D UE4     : *** JavaEnvDestructor: 28536
11-05 17:47:28.454 28469 28485 D UE4     : [2019.11.05-08.47.28:454][  0]LogUdpMessaging: Initializing bridge on interface 0.0.0.0:0 to multicast group 230.0.0.1:6666.
11-05 17:47:28.528   551   593 V AudioPolicyManagerCustom: getNewOutputDevice() selected device 0
11-05 17:47:28.528   551   593 V AudioPolicyManagerCustom: checkOutputForStrategy(): policy related outputs
11-05 17:47:28.604 28469 28535 D UE4     : *** JavaEnvDestructor: 28535
11-05 17:47:28.691  2074  2215 W LibraryProvider: Cannot find entitlement for com.YourCompany.LastResisters
11-05 17:47:28.692  1803 20535 W OVRLibrary: null cursor received for query content://com.oculus.ocms.library/apps/com.YourCompany.LastResisters
11-05 17:47:28.692  1803 20535 I SDKLoggingService: Unable to find AppId for package (com.YourCompany.LastResisters)
11-05 17:47:28.798 28469 28553 I Telemetry: App memory usage: PSS=336MB
11-05 17:47:28.800 28469 28553 I TrackingServiceClient: Implausible sensor time! pt = 1586.62
11-05 17:47:28.801 28469 28553 I VrApi   : FPS=0,Prd=0ms,Tear=0,Early=0,Stale=0,VSnc=1,Lat=0,Fov=0,CPU4/GPU=0/0,300/257MHz,OC=FF,TA=0/0/0,SP=N/N/N,Mem=200MHz,Free=1562MB,PSM=0,PLS=0,Temp=27.0C/0.0C,TW=0.00ms,App=0.00ms,GD=0.00ms,CPU&GPU=0.00ms,LCnt=0,GPU%=-1.00,CPU%=-1.00(W-1.00)
11-05 17:47:29.300 28469 28534 D UE4     : *** JavaEnvDestructor: 28534
11-05 17:47:29.373 28469 28559 D UE4     : [2019.11.05-08.47.29:373][  0]LogTcpMessaging: Lost node 'EA4C0DDC4A40586439330DA1C70654FF' on connection '127.0.0.1:58762'...
11-05 17:47:29.374 28469 28559 D UE4     : *** JavaEnvDestructor: 28559
11-05 17:47:29.476 28469 28485 D UE4     : [2019.11.05-08.47.29:476][  0]LogTcpMessaging: Initializing TcpMessaging bridge, listening on 127.0.0.1:6666
11-05 17:47:29.481 28469 28485 D UE4     : [2019.11.05-08.47.29:481][  0]LogCore: Display: AppLifetime: Application has reactivated
11-05 17:47:29.482 28469 28485 D UE4     : Execution has been resumed!
11-05 17:47:29.482 28469 28485 D UE4     : [2019.11.05-08.47.29:482][  0]LogAndroidEvents: Display: LogAndroidEvents::DequeueAppEvent : 6, 0, APP_EVENT_STATE_ON_PAUSE
11-05 17:47:29.488 28469 28563 D UE4     : *** JavaEnvDestructor: 28563
11-05 17:47:29.498 28313 28321 D xrspd   : ep0 xrspd event SUSPEND
11-05 17:47:29.666 28313 28329 E xrspd   : I/O error during file operation (op: write, len: 1024): No such device (19)
11-05 17:47:29.666 28313 28327 E xrspd   : I/O error during file operation (op: read, len: 1024): No such device (19)
11-05 17:47:29.667 28313 28327 D xrspd   : Error while processing inbound data, will terminate participant: I/O error
11-05 17:47:29.667 28313 28327 D xrspd   : terminating participant...
11-05 17:47:29.667 28313 28327 D xrspd   : terminateSession: No active session
11-05 17:47:29.667 28313 28327 D xrspd   : destroying topic 1...
11-05 17:47:29.667 28313 28328 D xrspd   : sent transactional message INVITE
11-05 17:47:29.667 28313 28328 E xrspd   : failed to send invite for 'basic': I/O error (13)
11-05 17:47:29.667 28313 28328 D xrspd   : transitioning XrspSession state to Disconnected
11-05 17:47:29.668 28313 28321 D xrspd   : ep0 xrspd event DISABLE
11-05 17:47:29.668 28313 28321 D xrspd   : streaming session stopped (2)
11-05 17:47:29.668 28313 28321 I xrspd   : calling XrspdHelperStopAsync...
11-05 17:47:29.668 28313 28321 D xrspd   : ep0 xrspd event UNBIND
11-05 17:47:29.668 28313 28568 D xrspd   : XrspdHelper stopping ...
11-05 17:47:29.668 28313 28568 D xrspd   : stopping XrspdHelper by terminating participant
11-05 17:47:29.668 28313 28568 D xrspd   : XrspParticipantTerminate() can only be called once.
11-05 17:47:29.668 28313 28568 D xrspd   : joining inbound thread...
11-05 17:47:29.668 28313 28568 W xrspd   : XrspdHelper inbound processing returned: I/O error (13)
11-05 17:47:29.668 28313 28568 D xrspd   : joining outbound thread...
11-05 17:47:29.668 28313 28568 W xrspd   : XrspdHelper outbound processing returned: I/O error (13)
11-05 17:47:29.668 28313 28568 D xrspd   : XrspdHelper stopped: invalid state (3)
11-05 17:47:29.668 28313 28568 D xrspd   : joining inbound thread...
11-05 17:47:29.668 28313 28568 D xrspd   : joining outbound thread...
11-05 17:47:29.668 28313 28568 I xrspd   : XrspdHelperStopAsync completed via callback.
11-05 17:47:29.671 28313 28321 D xrspd   : ep0 xrspd event BIND
11-05 17:47:29.682 28469 28553 I TrackingServiceClient: Implausible sensor time! pt = 1587.5
11-05 17:47:29.682 28469 28553 I VrApi   : FPS=0,Prd=0ms,Tear=0,Early=0,Stale=0,VSnc=1,Lat=0,Fov=0,CPU4/GPU=0/0,300/257MHz,OC=FF,TA=0/0/0,SP=N/N/N,Mem=680MHz,Free=1566MB,PSM=0,PLS=0,Temp=27.0C/0.0C,TW=0.00ms,App=0.00ms,GD=0.00ms,CPU&GPU=0.00ms,LCnt=0,GPU%=-1.00,CPU%=-1.00(W-1.00)
11-05 17:47:29.967 23003 23003 D MtpReceiver: Received Usb Mtp state
11-05 17:47:29.967 23003 23003 D MtpReceiver: USB plugged in
11-05 17:47:29.967 23003 23003 D MtpReceiver: Starting Media Scan Service
11-05 17:47:29.968 23003 23003 W ContextImpl: Calling a method in the system process without a qualified user: android.app.ContextImpl.startService:1357 android.content.ContextWrapper.startService:613 android.content.ContextWrapper.startService:613 com.oculus.os.vrmtpapp.MtpReceiver.handleUsbState:83 com.oculus.os.vrmtpapp.MtpReceiver.onReceive:46 
11-05 17:47:29.991 28313 28321 D xrspd   : ep0 xrspd event ENABLE
11-05 17:47:29.991 28313 28321 I xrspd   : calling XrspdHelperStart
11-05 17:47:29.991 28313 28321 D xrspd   : XrspdHelper starting...
11-05 17:47:29.991 28313 28321 D xrspd   : XrspdHelper: create transport
11-05 17:47:29.993 28313 28321 D xrspd   : XrspdHelper started
11-05 17:47:29.993 28313 28573 D xrspd   : transitioning XrspSession state to InviteSent
11-05 17:47:29.993 28313 28573 D xrspd   : sending XrspSession invite for 'basic'
11-05 17:47:29.993 28313 28573 D xrspd   : trying to send transactional message INVITE
11-05 17:47:30.087 23003 23003 D MtpReceiver: Started Media Scan Service
11-05 17:47:30.088  1866  1989 I OsSdk   : will wait 60 seconds before retrying
11-05 17:47:30.090   720  2388 I OsSdk   : will wait 60 seconds before retrying
11-05 17:47:30.095 23003 23003 D MtpReceiver: Received Usb Mtp state
11-05 17:47:30.095 23003 23003 D MtpReceiver: USB plugged in
11-05 17:47:30.098 16348 16348 D MtpService: starting MTP server in MTP mode
11-05 17:47:30.102 16348 16348 D MtpService: Adding MTP storage 0x10001 at /storage/emulated/0
11-05 17:47:30.184 28469 28469 D UE4     : Battery: status = 2, rawlevel = 36, scale = 100
11-05 17:47:30.184 28469 28469 D UE4     : nativeBatteryEvent(stat = 2, lvl = 36  temp = 28.00 C)
11-05 17:47:30.186  1436 28576 I OSUpdateService: Intent with action system_battery_changed
11-05 17:47:30.439 16348 28571 D MediaProvider: object removed 26142
11-05 17:47:30.439 16348 28571 D MediaProvider: object removed 26203
11-05 17:47:30.439 16348 28571 D MediaProvider: object removed 26204
11-05 17:47:30.463 28469 28561 D UE4     : *** JavaEnvDestructor: 28561
11-05 17:47:30.464 28469 28562 D UE4     : *** JavaEnvDestructor: 28562
11-05 17:47:30.465 28469 28560 D UE4     : *** JavaEnvDestructor: 28560
11-05 17:47:30.682 28469 28553 I TrackingServiceClient: Implausible sensor time! pt = 1588.5
11-05 17:47:30.682 28469 28553 I VrApi   : FPS=0,Prd=0ms,Tear=0,Early=0,Stale=0,VSnc=1,Lat=0,Fov=0,CPU4/GPU=0/0,300/257MHz,OC=FF,TA=0/0/0,SP=N/N/N,Mem=411MHz,Free=1564MB,PSM=0,PLS=0,Temp=27.0C/0.0C,TW=0.00ms,App=0.00ms,GD=0.00ms,CPU&GPU=0.00ms,LCnt=0,GPU%=-1.00,CPU%=-1.00(W-1.00)
