11-08 16:33:45.868 21732 22119 W InputDeviceManager: AddPairToDeviceListMapping called when index already exists in the vector index: 1,  id: 536870915
11-08 16:33:45.916  2021  2304 W LibraryProvider: Cannot find entitlement for system
11-08 16:33:45.916  1457  4538 W OVRLibrary: null cursor received for query content://com.oculus.ocms.library/apps/system
11-08 16:33:45.979 21732 21749 I InputHooks_Internal: Home Button
11-08 16:33:45.979 21732 21749 I InputHooks_Internal: source is remote, so not setting home key, letting that come from tracking service
11-08 16:33:45.992  2135  2148 I RecenterTimer: (28565.9617) StartTimer(1.00 0.50)
11-08 16:33:46.021 21732 21748 W InputDeviceManager: AddPairToDeviceListMapping called when index already exists in the vector index: 1,  id: 536870915
11-08 16:33:46.119 21732 21748 W InputDeviceManager: AddPairToDeviceListMapping called when index already exists in the vector index: 1,  id: 536870915
11-08 16:33:46.127 21732 21749 I InputHooks_Internal: Home Button
11-08 16:33:46.127 21732 21749 I InputHooks_Internal: source is remote, so not setting home key, letting that come from tracking service
11-08 16:33:46.152 21732 22108 I SystemUtils_Internal: ovrSystemUtils::StartSystemActivity: confirmQuit (null)
11-08 16:33:46.154 21732 22108 D SystemUtils: Package com.oculus.systemactivities exists on device
11-08 16:33:46.154 21732 22108 I SystemUtils_Internal: Package com.oculus.systemactivities : INSTALLED
11-08 16:33:46.154  2135  2149 I ScreenCaptureBase: Screen Capture Command:2
11-08 16:33:46.155 21732 22108 I SystemUtils_Internal: Using Anytime UI for cmd: confirmQuit
11-08 16:33:46.155 21732 22108 D SystemUtils: sendBroadcastIntent - action: 'com.oculus.vrshell.intent.action.LAUNCH' data: 'systemux://dialog/exit'intent_pkg: com.YourCompany.LastResisters
11-08 16:33:46.156 21732 22108 D SystemUtils: VR Shell isn't running.
11-08 16:33:46.163  1806  1806 D [OAR] ShellControlBroadcastReceiver: onReceive with MainActivity native pointer 4068020696, action com.oculus.vrshell.intent.action.LAUNCH
11-08 16:33:46.164  1806  1806 D [OAR] ShellControlBroadcastReceiver: Data URI is systemux://dialog/exit
11-08 16:33:46.166  1055  1505 D NonVrActivityIntentWrapper: Is Intent { act=com.oculus.vrshell.intent.action.LAUNCH flg=0x10000000 cmp=com.oculus.vrshell/.MainActivity (has extras) }, a valid launch intent: false
11-08 16:33:46.166  1055  1505 I ActivityManager: START u0 {act=com.oculus.vrshell.intent.action.LAUNCH flg=0x10000000 cmp=com.oculus.vrshell/.MainActivity (has extras)} from uid 10024 on display 0
11-08 16:33:46.175 21732 21749 D UE4     : [2019.11.08-07.33.46:174][754]LogAndroid: Case APP_CMD_LOST_FOCUS
11-08 16:33:46.175 21732 21749 D UE4     : LogAndroidEvents::EnqueueAppEvent : 10, 0, tid = 21749, APP_EVENT_STATE_WINDOW_LOST_FOCUS
11-08 16:33:46.176 21732 21732 D UE4     : onPause: stop memory reporter runnable
11-08 16:33:46.176 21732 21732 D UE4     : Unregistering sensor listeners
11-08 16:33:46.176 21732 21749 D UE4     : Case APP_CMD_PAUSE
11-08 16:33:46.176 21732 21732 D UE4     : ==============> GameActive.onPause complete!
11-08 16:33:46.176 21732 21749 D UE4     : [2019.11.08-07.33.46:176][754]LogAndroid: Case APP_CMD_PAUSE
11-08 16:33:46.176 21732 21749 D UE4     : LogAndroidEvents::EnqueueAppEvent : 6, 0, tid = 21749, APP_EVENT_STATE_ON_PAUSE
11-08 16:33:46.177 21732 21748 D UE4     : [2019.11.08-07.33.46:177][754]LogAndroidEvents: Display: LogAndroidEvents::DequeueAppEvent : 10, 0, APP_EVENT_STATE_WINDOW_LOST_FOCUS
11-08 16:33:46.177 21732 21748 D UE4     : [2019.11.08-07.33.46:177][754]LogAndroidEvents: Display: LogAndroidEvents::DequeueAppEvent : 6, 0, APP_EVENT_STATE_ON_PAUSE
11-08 16:33:46.193 21732 21811 E Parcel  : Reading a NULL string not supported here.
11-08 16:33:46.195 21732 21811 D AudioTrack: updateAppOpsPlayAudio: checkOp OP_PLAY_AUDIO for com.YourCompany.LastResisters returns: 0 (ALLOWED)
11-08 16:33:46.197  1806  1806 D [OAR] MainActivity: onNewIntent()
11-08 16:33:46.197  1806  1897 I [OAR] ShellApp: 0xd74f1388 msg: intent
11-08 16:33:46.197  1806  1897 I [OAR] SystemUXController: System UX, targetComponent = systemux://dialog/exit, uri = , returnComponent = com.YourCompany.LastResisters/com.epicgames.ue4.GameActivity
11-08 16:33:46.197  1806  1897 I [OAR] DialogController: Dialog parsed URI, scheme = systemux, host = dialog, port = 0, path = exit
11-08 16:33:46.197  1806  1897 I [OAR] DialogController: Queuing pending dialog systemux://dialog/exit - command uri systemux://dialog/exit
11-08 16:33:46.197  1806  1897 I [OAR] SystemUXController: Registering pending Dialog launch for 9 - overwriting existing launch? false.
11-08 16:33:46.198 21732 21744 E Parcel  : Reading a NULL string not supported here.
11-08 16:33:46.199  2135 21863 V Appshot : Appshot client set to com.YourCompany.LastResisters
11-08 16:33:46.199  2135 21863 I CaptureSurfaceManager: Capture NativeWindow: 768 x 768 fmt 1
11-08 16:33:46.200  2135 21863 I CaptureSurfaceManager: Surface Size 768x768
11-08 16:33:46.203  2135 21863 I Distortion: SetLensPositions - iad=0.062, left offset=0.00119,0, right offset=-0.00449,0
11-08 16:33:46.203  2135 21863 I DistortionMesh: LoadDistortionMeshFromMemory
11-08 16:33:46.204 21732 21744 D AudioTrack: updateAppOpsPlayAudio: checkOp OP_PLAY_AUDIO for com.YourCompany.LastResisters returns: 1 (IGNORED)
11-08 16:33:46.204 21732 21744 I AudioTrack: updateAppOpsPlayAudio: pausing audio thread
11-08 16:33:46.204 21732 21744 E Parcel  : Reading a NULL string not supported here.
11-08 16:33:46.208  2135 21863 I TimeWarpProgs: loaded binary layerProgram 0:0x4080a7:0x0 in 5.1 ms
11-08 16:33:46.209 21732 21744 D AudioTrack: updateAppOpsPlayAudio: checkOp OP_PLAY_AUDIO for com.YourCompany.LastResisters returns: 1 (IGNORED)
11-08 16:33:46.209  2135 21863 I Vsync   : Vsync 1240:  2 x 13.92 ms (71.82 Hz, at 28566.179)
11-08 16:33:46.209  2135 21863 I TimeWarp: Adjusting 1240.13 > 1239 to 1240
11-08 16:33:46.212  1806  1806 D [OAR] MainActivity: onResume()
11-08 16:33:46.213 21732 21744 E Parcel  : Reading a NULL string not supported here.
11-08 16:33:46.222  2135 21883 V Appshot : SendAppshotToShell
11-08 16:33:46.226  1806  1806 D [OAR] CompanionServerPreferencesHandler: Updating companion server prefs
11-08 16:33:46.226  1806  1897 I [OAR] ShellApp: 0xd74f1388 msg: resume
11-08 16:33:46.226  1806  1806 D [OAR] CompanionServerPreferencesHandler: updateVrReady: false
11-08 16:33:46.226  1806  1806 D [OAR] CompanionServerPreferencesHandler: updateNuxComplete: false
11-08 16:33:46.226  1806  1806 D [OAR] CompanionServerPreferencesHandler: updateNuxFlow: false
11-08 16:33:46.230  1055  1483 I MediaFocusControl:  AudioFocus  requestAudioFocus() from uid/pid 10024/1806 clientId=android.media.AudioManager@fc8ac91com.oculus.video.VideoPlayer_Android@62bd7f6 req=1 flags=0x0
11-08 16:33:46.231 21732 22116 D UE4     : *** JavaEnvDestructor: 22116
11-08 16:33:46.232  1806  1897 D VideoPlayer_Android: requestAudioFocus(): GRANTED audio focus
11-08 16:33:46.238  1806  1806 D [OAR] MainActivity: com.oculus.vrshell.MainActivity@4538d3b surfaceCreated()
11-08 16:33:46.238  1806  1806 I [OAR] ShellMain:     looperMessageQueue->PostPrintf("surfaceCreated 0xd136a008")
11-08 16:33:46.238  1806  1806 D [OAR] MainActivity: com.oculus.vrshell.MainActivity@4538d3b surfaceChanged() format: 4 width: 2880 height: 1600
11-08 16:33:46.238  1806  1806 I [OAR] ShellMain:     ANativeWindow_release(newNativeWindow)
11-08 16:33:46.239  1806  1897 I [OAR] ShellApp: 0xd74f1388 msg: surfaceCreated 0xd136a008
11-08 16:33:46.239  1806  1897 I [OAR] ShellApp: ---------- ShellApp::EnterVrMode() ----------
11-08 16:33:46.239  1806  1897 I [OAR] ShellApp: phone is in developer mode
11-08 16:33:46.239  1806  1897 I [OAR] ShellApp: vrapi_EnterVrMode()
11-08 16:33:46.239  1806  1897 I VrApi   : ---------- vrapi_EnterVrMode [start] ----------
11-08 16:33:46.239  1806  1897 D InputHooksJava: Enabling Java Input Hooks
11-08 16:33:46.239  1806  1897 I VrRuntimeClient: Tracing is disabled
11-08 16:33:46.245  1806  1897 D VrApi   : targetSDKVersion 25
11-08 16:33:46.246  1806  1897 I VrRuntimeClient: DEVICE MODEL NUMBER = Quest
11-08 16:33:46.247  1806  1897 I VrRuntimeClient: DEVICE HARDWARE = monterey
11-08 16:33:46.247  1806  1897 I VrRuntimeClient: DEVICE BUILD NAME = user-396520.6170.115
11-08 16:33:46.247  1806  1897 I VrRuntimeClient: DEVICE BUILD TYPE = user
11-08 16:33:46.247  1806  1897 I VrRuntimeClient: DEVICE OS VERSION = 7.1.1
11-08 16:33:46.247  1806  1897 I VrRuntimeClient: VRRUNTIME VERSION = VRAPI_VERSION_BEGIN { 1.1.27.0-179270206-179270206 Oct 22 2019 13:59:12 Development } RELEASE
11-08 16:33:46.247  1806  1897 I VrRuntimeClient: API LOADER VERSION = 1.1.25.0
11-08 16:33:46.247  1806  1897 I VrRuntimeClient: VRDRIVER VERSION = 10.1.0.144.427
11-08 16:33:46.247  1806  1897 I VrRuntimeClient: APP NAME = Oculus App Runtime
11-08 16:33:46.247  1806  1897 I VrRuntimeClient: APP VERSION = 10.1.0.144.427 versionCode 179270103 internalVersionName 10.1.0.144.427.9820da52c4b1 2019_10_22_13_56
11-08 16:33:46.247  1806  1897 I VrRuntimeClient: APP VR TYPE = vr_only
11-08 16:33:46.247  1806  1897 I VrRuntimeClient: APP PACKAGE NAME = com.oculus.vrshell
11-08 16:33:46.247  1806  1897 I VrRuntimeClient: APP ACTIVITY CLASS = com.oculus.vrshell.MainActivity
11-08 16:33:46.247  1806  1897 D BatteryReceiver: Registering battery receiver
11-08 16:33:46.261  1806  1897 D HeadsetReceiver: getCurrentHeadsetState: false
11-08 16:33:46.261  1806  1897 I DeviceStatus_Android: nativeHeadsetEvent(0)
11-08 16:33:46.262  1806  1897 I DeviceStatus_Android: nativeGamepadListener(0)
11-08 16:33:46.262  1806  1897 I InputDeviceManager: ovrInputDeviceManager::Initialize
11-08 16:33:46.263  2135  2135 D VrRuntimeService: onFocusedWindowChanged: topWindowToken=android.os.BinderProxy@1738e66, topWindowUid=10024
11-08 16:33:46.263  2135  2135 W ClientMgr: ClientMgr::SetPrimaryCompositorClient: No active client
11-08 16:33:46.263  2135  2135 I TimeWarp: ReleaseClockLevels
11-08 16:33:46.263  1806  1897 I ScreenCaptureHelper: GetScreenCaptureInhibitFlagFromVrHelper
11-08 16:33:46.264  2135 21863 I TimeWarp: UpdateClockLevels: Force releasing clocks
11-08 16:33:46.264  2135 21863 I TimeWarp: UpdateClockLevels: Apply pending clock request change: 4,4 -> -1,-1
11-08 16:33:46.264  2135 21857 I Clocks  : ReleaseClocks - start
11-08 16:33:46.268   716  2712 D VrApiService: CPU_CLUSTER_0: No client requests exists, release clocks
11-08 16:33:46.270   716  2712 D VrApiService: CPU_CLUSTER_1: No client requests exists, release clocks
11-08 16:33:46.270   716  2712 D VrApiService: GPU: No client requests exists, release clocks
11-08 16:33:46.270   716  2712 D VrApiService: CPUBW: No client requests exists, release clocks
11-08 16:33:46.270  2135 21863 W TimeWarp: FetchFrame: client(0) is enabled, but shared memory is not set
11-08 16:33:46.271  2135 21863 W TimeWarp: FetchFrame: client(0) is enabled, but shared memory is not set
11-08 16:33:46.273  1806  1897 D VRProviderHelper: Could not find provider
11-08 16:33:46.273  2135  2148 I ScreenCaptureBase: GlobalInhibitState=0
11-08 16:33:46.274  1806  1897 D TrackingServiceConnectionNative: onClientConnect
11-08 16:33:46.274  1806  1897 D BinderConnection: Connecting to TrackingService
11-08 16:33:46.278  1806  1897 D TrackingServiceConnectionNative: onConnected
11-08 16:33:46.278  2135 21863 I TimeWarp: UpdateClockLevels: Apply pending clock request change: -1,-1 -> 2,3
11-08 16:33:46.282   712   907 I TrackingService: TrackingService::getSharedMemoryFileDescriptor
11-08 16:33:46.284  2135 21863 W TimeWarp: FetchFrame: client(0) is enabled, but shared memory is not set
11-08 16:33:46.284   716  2712 D VrApiService: GPUBW: No client requests exists, release clocks
11-08 16:33:46.285  1806  1897 I TrackingServiceClient: OVR::TrackingService::ClientSetInterface
11-08 16:33:46.285  1806  1897 I TrackingServiceClient: TrackingService client: roFd(86)
11-08 16:33:46.285  1806  1897 I TrackingServiceClient: TrackingService client: connected to interface version 10.
11-08 16:33:46.285  1806  1897 I TrackingServiceClient: TrackingService client: last prediction time is 0.005463 seconds old
11-08 16:33:46.285  2135 21863 W TimeWarp: FetchFrame: client(0) is enabled, but shared memory is not set
11-08 16:33:46.285  1806  1897 I TrackingServiceClient: TrackingService client: provided by pid=712
11-08 16:33:46.285   712 25941 I TrackingService: TrackingService::registerClient
11-08 16:33:46.285   712 25941 I TrackingService: Registering client with TrackingServiceHost
11-08 16:33:46.285  2135 21857 I Clocks  : ReleaseClocks - end (21.2 ms)
11-08 16:33:46.285  2135 21857 I Clocks  : LockClocks( cpu=2, gpu=3 ) - start
11-08 16:33:46.286   712 25941 I TrackingService: Notifying client pid 1806 of new remote 5e0c0de996463241
11-08 16:33:46.286  1806  1897 D TrackingServiceClient: TrackingServiceClient onRemoteConnected 5e0c0de996463241
11-08 16:33:46.286   712 25941 I TrackingService: Notifying client pid 1806 of new remote 0f9460ed0ae2653e
11-08 16:33:46.286  1806  1897 D TrackingServiceClient: TrackingServiceClient onRemoteConnected f9460ed0ae2653e
11-08 16:33:46.286   712 25941 I TrackingService: TrackingServiceHost GetSharedMemoryFileDescriptor for client pid 1806
11-08 16:33:46.286   712 25941 I TrackingService: TrackingServiceHost registered common client; there are 0 secure clients
11-08 16:33:46.287  2135 21857 I Clocks  : CPU levels [0, 4]
11-08 16:33:46.287  2135 21857 I Clocks  : GPU levels [0, 5]
11-08 16:33:46.288   716  2712 D VrApiService: CPU_CLUSTER_0: Client 2135 sends freq request [21, 21]
11-08 16:33:46.288   716  2712 D VrApiService: CPU_CLUSTER_0: Next Perf Level = (21, 21)
11-08 16:33:46.288   716  2712 D VrApiService: CPU_CLUSTER_1: Client 2135 sends freq request [18, 18]
11-08 16:33:46.288   716  2712 D VrApiService: CPU_CLUSTER_1: Next Perf Level = (18, 18)
11-08 16:33:46.288   716  2712 D VrApiService: CPUBW: Client 2135 sends freq request [8, 11]
11-08 16:33:46.289   716  2712 D VrApiService: CPUBW: Next Perf Level = (8, 11)
11-08 16:33:46.289  1806  1897 I TrackingServiceClient: ClientConnectComplete
11-08 16:33:46.289  1806  1897 I VrApi   : ovrModeParms::VRAPI_MODE_FLAG_ALLOW_POWER_SAVE = 1
11-08 16:33:46.289  1806  1897 I VrApi   : ovrModeParms::VRAPI_MODE_FLAG_RESET_WINDOW_FULLSCREEN = 1
11-08 16:33:46.289  1806  1897 I VrApi   : ovrModeParms::VRAPI_MODE_FLAG_NATIVE_WINDOW = 1
11-08 16:33:46.289  1806  1897 I VrApi   : ovrModeParms::VRAPI_MODE_FLAG_FRONT_BUFFER_PROTECTED = 0
11-08 16:33:46.289  1806  1897 I VrApi   : ovrModeParms::VRAPI_MODE_FLAG_FRONT_BUFFER_565 = 0
11-08 16:33:46.289  1806  1897 I VrApi   : ovrModeParms::VRAPI_MODE_FLAG_FRONT_BUFFER_SRGB = 1
11-08 16:33:46.289  1806  1897 I VrApi   : ovrModeParms::VRAPI_MODE_FLAG_CREATE_CONTEXT_NO_ERROR = 0
11-08 16:33:46.289  1806  1897 I VrApi   : HMD sensor attached.
11-08 16:33:46.289   716  2712 D VrApiService: GPUBW: Client 2135 sends freq request [9, 11]
11-08 16:33:46.289   716  2712 D VrApiService: GPUBW: Next Perf Level = (9, 11)
11-08 16:33:46.289   716  2712 D VrApiService: GPU: Client 2135 sends freq request [4, 4]
11-08 16:33:46.289   716  2712 D VrApiService: GPU: Next Perf Level = (4, 4)
11-08 16:33:46.290  2135 21857 I Clocks  : LockClocks( cpu=2, gpu=3 ) - end (4.4 ms)
11-08 16:33:46.292  1806  1897 I VrApi   : Client side frame sync enabled
11-08 16:33:46.292  1806  1897 D VrRuntimeClient: VrRuntimeClient: enableRendering: activity client
11-08 16:33:46.292  1806  1897 D VrRuntimeClient: VrRuntimeClient: enableRendering: Using clientWindow=android.os.BinderProxy@40db32a
11-08 16:33:46.293  2135  4586 I ClientMgr: ClientMgr::SetPrimaryCompositorClient: com.oculus.vrshell
11-08 16:33:46.296  2135  4586 I GuardianSystem: SetCurrentPackageName: com.oculus.vrshell
11-08 16:33:46.296  2135  4586 D VrRuntimeService: this client: 1806:com.oculus.vrshell
11-08 16:33:46.296  2135  4586 D VrRuntimeService: enableRendering: clientWindow: android.os.BinderProxy@1738e66 enable: true
11-08 16:33:46.296  2135  4586 I ClientMgr: ClientMgr::EnableRendering 1806:com.oculus.vrshell : enable
11-08 16:33:46.296  2135  4586 I TimeWarp: CheckDebuggerConnected: debugger 0
11-08 16:33:46.296  1806  1897 I VrRuntimeClient: CreateWarp: ImportGles: Fd=63, BufferSize=4096, AllocSize=9568
11-08 16:33:46.296  1806  1897 I VrRuntimeClient: CreateWarp: ImportGles: bo.Gl.BufferId=203, bo.Gl.MemoryObject=15
11-08 16:33:46.297  2135 21863 I Clocks  : SetSchedFifo( tid=21748, pri=0 ) succeeded
11-08 16:33:46.299  2135 21863 I Clocks  : SetSchedFifo( tid=22119, pri=0 ) succeeded
11-08 16:33:46.300  1806  1897 I ScreenCaptureHelper: Advertising com.oculus.vrshell as streamable
11-08 16:33:46.303  2135 21863 I Clocks  : SetSchedFifo( tid=22122, pri=0 ) succeeded
11-08 16:33:46.304  1806  1897 I OSSDK   : TelemetryHandler: Using standalone implementation
11-08 16:33:46.304  1806  1897 I VrApi   : OVR::Stats thread started
11-08 16:33:46.305  2135 21863 I Clocks  : SetSchedFifo( tid=21827, pri=0 ) succeeded
11-08 16:33:46.305  2135 21863 I TimeWarp: Will tear: 0.006677
11-08 16:33:46.315  1806  1806 D MetricsService: Connected to metrics service: ComponentInfo{com.oculus.ovrmonitormetricsservice/com.oculus.ovrmonitormetricsservice.MetricsService}
11-08 16:33:46.316 21732 22114 D UE4     : *** JavaEnvDestructor: 22114
11-08 16:33:46.317 21732 22115 D UE4     : *** JavaEnvDestructor: 22115
11-08 16:33:46.318 21732 22113 D UE4     : *** JavaEnvDestructor: 22113
11-08 16:33:46.320  2135 21863 V Appshot : Appshot client set to com.YourCompany.LastResisters
11-08 16:33:46.321  2135 21863 I CaptureSurfaceManager: Capture NativeWindow: 768 x 768 fmt 1
11-08 16:33:46.322  2135 21863 I CaptureSurfaceManager: Surface Size 768x768
11-08 16:33:46.326  1806  1897 I VrApi   : System brightness = 255
11-08 16:33:46.326  2135 21863 I Distortion: SetLensPositions - iad=0.062, left offset=0.00119,0, right offset=-0.00449,0
11-08 16:33:46.326  2135 21863 I DistortionMesh: LoadDistortionMeshFromMemory
11-08 16:33:46.326  2021  2185 W LibraryProvider: Cannot find entitlement for com.YourCompany.LastResisters
11-08 16:33:46.327  1764  1764 W OVRLibrary: null cursor received for query content://com.oculus.ocms.library/apps/com.YourCompany.LastResisters
11-08 16:33:46.330  1806 22579 D VrApi   : targetSDKVersion 25
11-08 16:33:46.331  2135 21863 I TimeWarpProgs: loaded binary layerProgram 0:0x400087:0x0 in 4.4 ms
11-08 16:33:46.331  1806 22579 I JniUtils: ovr_GetCurrentPackageSignature 
11-08 16:33:46.332  1806  1897 I VrApi   : Set brightness to 255
11-08 16:33:46.333  2135 21863 I Vsync   : Vsync 1249:  3 x 13.93 ms (71.82 Hz, at 28566.303)
11-08 16:33:46.333  2135 21863 I TimeWarp: Adjusting 1249.01 > 1248 to 1249
11-08 16:33:46.333  2135 21863 I TimeWarp: UpdateClockLevels: Apply pending clock request change: 2,3 -> 3,3
11-08 16:33:46.333  2135 21857 I Clocks  : ReleaseClocks - start
11-08 16:33:46.334  1806  1897 I VrApi   : Set DND mode to false
11-08 16:33:46.335   716  1227 D VrApiService: CPU_CLUSTER_0: No client requests exists, release clocks
11-08 16:33:46.335   716  1227 D VrApiService: CPU_CLUSTER_1: No client requests exists, release clocks
11-08 16:33:46.335   716  1227 D VrApiService: GPU: No client requests exists, release clocks
11-08 16:33:46.336   716  1227 D VrApiService: CPUBW: No client requests exists, release clocks
11-08 16:33:46.336   716  1227 D VrApiService: GPUBW: No client requests exists, release clocks
11-08 16:33:46.337  2135 21857 I Clocks  : ReleaseClocks - end (3.1 ms)
11-08 16:33:46.337  2135 21857 I Clocks  : LockClocks( cpu=3, gpu=3 ) - start
11-08 16:33:46.338  2135 21857 I Clocks  : CPU levels [0, 4]
11-08 16:33:46.338  2135 21857 I Clocks  : GPU levels [0, 5]
11-08 16:33:46.339   716  1227 D VrApiService: CPU_CLUSTER_0: Client 2135 sends freq request [21, 21]
11-08 16:33:46.339   716  1227 D VrApiService: CPU_CLUSTER_0: Next Perf Level = (21, 21)
11-08 16:33:46.339   716  1227 D VrApiService: CPU_CLUSTER_1: Client 2135 sends freq request [22, 22]
11-08 16:33:46.339   716  1227 D VrApiService: CPU_CLUSTER_1: Next Perf Level = (22, 22)
11-08 16:33:46.339  1806 22579 I Metrics : device name = Oculus Quest
11-08 16:33:46.341   716  1227 D VrApiService: CPUBW: Client 2135 sends freq request [8, 11]
11-08 16:33:46.341   716  1227 D VrApiService: CPUBW: Next Perf Level = (8, 11)
11-08 16:33:46.343 21732 22110 I VrApi   : FPS=60,Prd=44ms,Tear=0,Early=0,Stale=36,VSnc=1,Lat=1,Fov=0,CPU4/GPU=4/4,1651/515MHz,OC=FF,TA=0/3/3,SP=N/N/N,Mem=1804MHz,Free=1572MB,PSM=0,PLS=0,Temp=33.0C/0.0C,TW=2.14ms,App=14.85ms,GD=0.00ms,CPU&GPU=21.26ms,LCnt=1,GPU%=0.93,CPU%=0.26(W0.33)
11-08 16:33:46.345  1806  1897 I VrApi   : System DND mode = false
11-08 16:33:46.345  1806  1897 I VrApi   : ---------- vrapi_EnterVrMode [end] ----------
11-08 16:33:46.345  1806  1897 I InputHooks_Internal: SetInhibitHandleHomeKey = true
11-08 16:33:46.346  1806  1897 I InputHooks_Internal: SetInhibitHandleBackButtonLongPress = true
11-08 16:33:46.346   716  1227 D VrApiService: GPUBW: Client 2135 sends freq request [9, 11]
11-08 16:33:46.346   716  1227 D VrApiService: GPUBW: Next Perf Level = (9, 11)
11-08 16:33:46.346   716  1227 D VrApiService: GPU: Client 2135 sends freq request [4, 4]
11-08 16:33:46.346   716  1227 D VrApiService: GPU: Next Perf Level = (4, 4)
11-08 16:33:46.346  2135 21857 I Clocks  : LockClocks( cpu=3, gpu=3 ) - end (9.6 ms)
11-08 16:33:46.347  2135  2150 I GazeTimer: (28566.3162) CancelTimer
11-08 16:33:46.347  1806  1897 I InputHooks_Internal: SetBlockRemoteButtonsWhenNotEmulatingHMT = false
11-08 16:33:46.347  1806  1897 I InputHooks_Internal: SetReorientHMDOnControllerRecenter = true
11-08 16:33:46.347  1806  1897 I [OAR] ShellApp: Setting clock levels to cpu=2, gpu=4
11-08 16:33:46.347  1806  1897 I [OAR] ShellApp: Setting perf thread tids to main=1897, render=unset
11-08 16:33:46.347  1806  1897 I [OAR] Compositor: Initializing Compositor: 1216x1344
11-08 16:33:46.347  1806  1897 I [OAR] ShellApp: FramebufferIsSrgb: true
11-08 16:33:46.347  1806  1897 I InputHooks_Internal: SetInhibitHandleBackButtonLongPress = false
11-08 16:33:46.348  2135  2148 I GazeTimer: (28566.3176) CancelTimer
11-08 16:33:46.348  1806  1897 I ScreenCaptureHelper: SetScreenCaptureInhibitFlag : enabled
11-08 16:33:46.348  2135  4586 I ScreenCaptureBase: GlobalInhibitState=0
11-08 16:33:46.349  1806  1897 D VRProviderHelper: Could not find provider
11-08 16:33:46.349  1806  1897 I [OAR] PlatformManager: Resuming live stream
11-08 16:33:46.355  1806  1897 I libOpenSLES: Emulating old channel mask behavior (ignoring positional mask 0x3, using default mask 0x3 based on channel count of 2)
11-08 16:33:46.356  1806  2518 I OVRPlatform: [QueueAsyncResponseHandler] success: {"livestreaming_enabled":false,"is_paused":false,"livestreaming_type":0,"comments_visible":false,"mic_enabled":true}
11-08 16:33:46.356   541  1664 I AudioPolicyManagerCustom: offload disabled by audio.offload.disable=1
11-08 16:33:46.356   541  1664 I AudioPolicyManagerCustom: Direct PCM is disabled for this request
11-08 16:33:46.356   541  1664 V AudioPolicyManagerCustom: getOutputForDevice() returns output 13
11-08 16:33:46.358   541   541 V audio_hw_primary: out_get_parameters: enter: keys - is_direct_pcm_track
11-08 16:33:46.358   541   541 V audio_hw_primary: not in direct_pcm
11-08 16:33:46.358   541   541 V audio_hw_primary: out_get_parameters: exit: returns - is_direct_pcm_track=false
11-08 16:33:46.359  1806  1806 D [OAR] ShellControlBroadcastReceiver: onReceive with MainActivity native pointer 4068020696, action com.oculus.systemactivities.LOCAL_STREAM_STATE_UPDATE
11-08 16:33:46.359   541 12833 W AudioFlinger: createTrack_l(): mismatch between requested flags (00000104) and output flags (00000006)
11-08 16:33:46.361  1806  1897 D AudioTrack: Client defaulted notificationFrames to 192 for frameCount 384
11-08 16:33:46.361  2021  2033 W LibraryProvider: Cannot find entitlement for system
11-08 16:33:46.362  1457  2076 W OVRLibrary: null cursor received for query content://com.oculus.ocms.library/apps/system
11-08 16:33:46.364   712   946 I OsSdk   : will wait 60 seconds before retrying
11-08 16:33:46.364  2021  2075 W LibraryProvider: Cannot find entitlement for com.YourCompany.LastResisters
11-08 16:33:46.365  1806  1897 D AudioTrack: updateAppOpsPlayAudio: checkOp OP_PLAY_AUDIO for com.oculus.vrshell returns: 0 (ALLOWED)
11-08 16:33:46.365  1764  1764 W OVRLibrary: null cursor received for query content://com.oculus.ocms.library/apps/com.YourCompany.LastResisters
11-08 16:33:46.365  1764  1764 I PlatformPluginManager: onAppStart com.YourCompany.LastResisters false
11-08 16:33:46.366   541   541 V msm8974_platform: platform_get_parameters: exit: returns - snd_device_in=none
11-08 16:33:46.366   541   541 V audio_hw_primary: adev_get_parameters: exit: returns - snd_device_in=none
11-08 16:33:46.366   541   541 I hash_map_utils: key: 'snd_device_in' value: ''
11-08 16:33:46.368   541   580 W AudioFlinger: checkEffectCompatibility_l(): non HW effect Volume listener for Music on playback thread in fast mode
11-08 16:33:46.368   541 29386 V msm8974_platform: platform_get_parameters: exit: returns - snd_device_out=speaker
11-08 16:33:46.368   541   580 E AudioEffect: set(): AudioFlinger could not create effect, status: -22
11-08 16:33:46.368   541 29386 V audio_hw_primary: adev_get_parameters: exit: returns - snd_device_out=speaker
11-08 16:33:46.368   541   580 E AudioPolicyEffects: addOutputSessionEffects(): failed to create Fx  music_helper on session 1713
11-08 16:33:46.368   541 29386 I hash_map_utils: key: 'snd_device_out' value: ''
11-08 16:33:46.368  1806  1897 I [OAR] SystemUXController: Recentering for launch - 3, , com.YourCompany.LastResisters/com.epicgames.ue4.GameActivity
11-08 16:33:46.368  1806  1897 I [OAR] LocalSpace: ResetNextFrame
11-08 16:33:46.369  1764  1764 I PlatformPluginManager: onAppStart - Stopping party chat passthrough
11-08 16:33:46.369  1764  1764 I PlatformPlugin: [PlatformPluginManager] SetSystemVoipPassthrough 0
11-08 16:33:46.369  1764  1764 I OVRPlatform: [PartyChat] PartyChatSetPassthrough 0
11-08 16:33:46.369  1806  1897 I [OAR] ShellApp: 0xd74f1388 msg: broadcastIntent:
11-08 16:33:46.369  1806  1897 I [OAR] ShellApp: is_capture_running = 0
11-08 16:33:46.369  1806  1897 I [OAR] ShellApp: intent_action = com.oculus.systemactivities.LOCAL_STREAM_STATE_UPDATE
11-08 16:33:46.369  1806  1897 I [OAR] SystemUXController: OnLocalStreamChanged, enabled?=0
11-08 16:33:46.369  1764 21837 I OVRPlatform: [PartyChat] Updating playback mode to 1
11-08 16:33:46.369  1806  1897 I [OAR] InputManager: Adding controller deviceId = 536870914 type = 4
11-08 16:33:46.372  1806  1897 I [OAR] ModelFile: LoadModelFileFromMemory assets/questControllerRight.gltf.ovrscene 1517928
11-08 16:33:46.372  1806  1897 I [OAR] ModelFile: LoadModelFileFromMemory zfp = 0xc83f4f00
11-08 16:33:46.373  1764  1764 I OVRPlatform: [PartiesAPI] ovr_Party_PluginGetSharedMemHandle: This function is deprecated, do not use
11-08 16:33:46.374  1764  1764 E OVRMediaServiceManager: LivestreamingManager Not initialized
11-08 16:33:46.376  1764  1764 I OVRMediaService: onStartCommand Received message type: set_package_name, caller package: no_app_identity
11-08 16:33:46.377  1764  1764 I OVRMediaService: Got package name intent (com.oculus.vrshell)
11-08 16:33:46.380  1806  1897 I [OAR] ModelFile_glTF: LoadModelFile_glTF_Json parsing assets/questControllerRight.gltf.ovrscene
11-08 16:33:46.382  1806  1897 I [OAR] InputManager: Adding controller deviceId = 536870915 type = 4
11-08 16:33:46.384  1806  1897 I [OAR] ModelFile: LoadModelFileFromMemory assets/questControllerLeft.gltf.ovrscene 1517928
11-08 16:33:46.385  1806  1897 I [OAR] ModelFile: LoadModelFileFromMemory zfp = 0xd2de5800
11-08 16:33:46.393  1806  1897 I [OAR] ModelFile_glTF: LoadModelFile_glTF_Json parsing assets/questControllerLeft.gltf.ovrscene
11-08 16:33:46.395  1806  1897 I [OAR] InputManager: Switching Primary controller due to vrapi
11-08 16:33:46.395  1806  1897 I [OAR] InputManager: Secondary input source selection id=536870914
11-08 16:33:46.395  2135  2149 I GuardianSystem: Guardian: GuardianCmdWithParms 1, 0, 0.000000
11-08 16:33:46.395  1806  1897 I [OAR] RouteInput: New inputState.cursorTraceSource: 1
11-08 16:33:46.395  1806  1897 I [OAR] LocalSpace: Reset - initialRawFromLocalPose
11-08 16:33:46.395  1806  1897 I [OAR] LocalSpace: 	rotX: 0.107359
11-08 16:33:46.395  1806  1897 I [OAR] LocalSpace: 	rotY: 0.155589
11-08 16:33:46.395  1806  1897 I [OAR] LocalSpace: 	rotZ: -0.046270
11-08 16:33:46.395  1806  1897 I [OAR] LocalSpace: 	rotW: 0.980880
11-08 16:33:46.395  1806  1897 I [OAR] LocalSpace: 	traX: -0.103222
11-08 16:33:46.395  1806  1897 I [OAR] LocalSpace: 	traY: -0.060238
11-08 16:33:46.395  1806  1897 I [OAR] LocalSpace: 	traZ: -0.345504
11-08 16:33:46.395  1806  1897 I [OAR] LocalSpace: Applying VRAPI Reorient
11-08 16:33:46.395  1806  1897 I [OAR] LocalSpace: Recentering local space
11-08 16:33:46.395  1806  1897 I VrRuntimeClient: VrRuntimeClient: UpdateLocalSpace: 2 (-0.108325, 0.210417, -0.018115, 0.971423), (-0.109816, -0.131932, -0.386151)
11-08 16:33:46.395  2135  2150 I GuardianSystem: GuardianSystem::UpdateLocalSpace src = 2, Local (0.000000, 0.215834, 0.000000, 0.976430) (-0.109816, -0.131932, -0.386151)
11-08 16:33:46.395  2135  2150 I GuardianSystem: GuardianSystem::UpdateLocalSpace LocalTilted (-0.108325, 0.210417, -0.018115, 0.971423) (-0.109816, -0.131932, -0.386151)
11-08 16:33:46.395  2135  2150 I GuardianSystem: GuardianSystem::UpdateLocalSpace RawFloorHeight() = -1.205583
11-08 16:33:46.396  1806  1897 I [OAR] LocalSpace: currentLocalPose
11-08 16:33:46.396  1806  1897 I [OAR] LocalSpace: 	rotX: -0.101861
11-08 16:33:46.396  1806  1897 I [OAR] LocalSpace: 	rotY: -0.004209
11-08 16:33:46.396  1806  1897 I [OAR] LocalSpace: 	rotZ: -0.041068
11-08 16:33:46.396  1806  1897 I [OAR] LocalSpace: 	rotW: 0.993942
11-08 16:33:46.396  1806  1897 I [OAR] LocalSpace: 	traX: 0.000000
11-08 16:33:46.396  1806  1897 I [OAR] LocalSpace: 	traY: 1.073652
11-08 16:33:46.396  1806  1897 I [OAR] LocalSpace: 	traZ: 0.000000
11-08 16:33:46.396  1806  1897 I [OAR] LocalSpace: localPose
11-08 16:33:46.396  1806  1897 I [OAR] LocalSpace: 	rotX: 0.094878
11-08 16:33:46.396  1806  1897 I [OAR] LocalSpace: 	rotY: 0.004162
11-08 16:33:46.396  1806  1897 I [OAR] LocalSpace: 	rotZ: -0.043623
11-08 16:33:46.396  1806  1897 I [OAR] LocalSpace: 	rotW: 0.994524
11-08 16:33:46.396  1806  1897 I [OAR] LocalSpace: 	traX: 0.000000
11-08 16:33:46.396  1806  1897 I [OAR] LocalSpace: 	traY: 1.135973
11-08 16:33:46.396  1806  1897 I [OAR] LocalSpace: 	traZ: 0.000000
11-08 16:33:46.396  1806  1897 I [OAR] DialogControllerManager: HideDialog(process pending launch. launchType: 3)
11-08 16:33:46.396  1806  1897 I [OAR] DialogControllerManager: Previous pending dialog: type: 0, uri "systemux://dialog/none", return component: "", return activity component: ""
11-08 16:33:46.396  1806  1897 I [OAR] DialogControllerManager: ShowDialog
11-08 16:33:46.396  1806  1897 I [OAR] DialogControllerManager: Previous pending dialog: type: 0, uri "systemux://dialog/none", return component: "", return activity component: ""
11-08 16:33:46.396  1806  1897 I [OAR] DialogControllerManager: New pending dialog: type: 9, uri "systemux://dialog/exit", return component: "com.YourCompany.LastResisters", return activity component: "com.YourCompany.LastResisters/com.epicgames.ue4.GameActivity"
11-08 16:33:46.396  1806  1897 I [OAR] DialogControllerManager: Dialog change detected; updating dialog UI.
11-08 16:33:46.396  1806  1897 I [OAR] DialogControllerManager: Old dialog: type: 0, uri "systemux://dialog/none", return component: "", return activity component: ""
11-08 16:33:46.396  1806  1897 I [OAR] DialogControllerManager: New dialog: type: 9, uri "systemux://dialog/exit", return component: "com.YourCompany.LastResisters", return activity component: "com.YourCompany.LastResisters/com.epicgames.ue4.GameActivity"
11-08 16:33:46.396  1806  1897 I [OAR] SystemDialogDefinition: Unable to find system dialog definition for dialog URI "systemux://dialog/exit".
11-08 16:33:46.396  1806  1897 I [OAR] DialogController: SetPendingDialog old: 0 systemux://dialog/none   new: 9 systemux://dialog/exit com.YourCompany.LastResisters/com.epicgames.ue4.GameActivity
11-08 16:33:46.397  1806  1897 I [OAR] PlatformManager: Checking livestreaming allowed for:  com.YourCompany.LastResisters
11-08 16:33:46.397  1806  1897 I [OAR] DialogController: Launching pending dialog: systemux://dialog/exit
11-08 16:33:46.397  1806  1897 I [OAR] DialogController: showDialog systemux://dialog/exit systemux://dialog/exit com.YourCompany.LastResisters
11-08 16:33:46.398  1806  1897 I [OAR] PartyManager: Party Response Parse Time: 0.01625ms
11-08 16:33:46.398  1806  1897 I [OAR] PlatformManager: isLiveStreaming response:  0
11-08 16:33:46.398  1806  2409 I OVRPlatform: [CurlHttpClient] Executing HTTP request: https://graph.oculus.com//v1.20/me?fields=current_party{id,leader{id},join_policy,users{id,alias,can_viewer_message,display_name,profile_url,profile_url_small,presence,presence_status,presence_app{id,package_name},presence_deeplink_message,presence_destination_api_name,presence_scoped_user_id,avatar_v2{avatar_image{uri}}},invited_users{id,alias,can_viewer_message,display_name,profile_url,profile_url_small,presence,presence_status,presence_app{id,package_name},presence_deeplink_message,presence_destination_api_name,presence_scoped_user_id,avatar_v2{avatar_image{uri}}}}&app_version=179270103
11-08 16:33:46.399  1910  1910 I [OAR] AnytimeUIAndroidPanelApp: updateActiveComponent - systemux://home, returnComponent = com.YourCompany.LastResisters
11-08 16:33:46.400  1806  1897 I [OAR] TelemetryProvider: aui_reorient system 0 0 0 com.YourCompany.LastResisters
11-08 16:33:46.400  1910  1910 I [OAR] AnytimeUIAndroidPanelAppBase: updateLiveStreamStatus - isLiveStreaming=false, allowed=false
11-08 16:33:46.400  1910  1910 I [OAR] AnytimeUIAndroidPanelAppBase: updateLocalStreamState - false
11-08 16:33:46.400  1910  1910 I [OAR] AnytimeUIAndroidPanelAppBase: configureDialog:  systemux://dialog/exit [systemux://dialog/exit] (com.YourCompany.LastResisters)
11-08 16:33:46.400  1910  1910 I [OAR] AnytimeUIAndroidPanelAppBase: actionSetRoute - Route:  EXIT_TO_HOME(systemux://dialog/exit)
11-08 16:33:46.401  1806 22585 I VrRuntimeClient: FenceChecker::MainLoop - started
11-08 16:33:46.404  1910  1910 D [OAR] TaskBarViewV1: NUX Mode = false
11-08 16:33:46.404  1910  1910 D [OAR] TaskBarViewV1: Skipping NUX Mode for Quest
11-08 16:33:46.405  1806  1897 I [OAR] AudioMixer: PlayAmbisonicWavFile: 1335437 looping samples 4 channels at 28.028074
11-08 16:33:46.407  1910  1910 I [OAR] AndroidPanelApp: Calling ensurePanelLayer on layer "dialog" with view ID 2131230742
11-08 16:33:46.407  1910  1910 I [OAR] AndroidPanelLayer: Setting spec for layer "dialog"
11-08 16:33:46.407  1910  1910 I [OAR] AndroidPanelLayer: Setting size of layer "dialog" to have width 540 and height 300
11-08 16:33:46.408  1910  1910 I [OAR] AndroidPanelLayer: Destroying presentation for layer "dialog" with width 540 and height 300
11-08 16:33:46.408  1910  1910 I [OAR] AndroidPanelLayer: Creating presentation for layer "dialog" with width 540 and height 300
11-08 16:33:46.411  2135 21863 I TimeWarpProgs: loaded binary layerProgram 2:0x24007:0x0 in 1.0 ms
11-08 16:33:46.421  2135 21863 I Clocks  : SetSchedFifo( tid=1897, pri=1 ) succeeded
11-08 16:33:46.422  2135  2378 I GuardianSystem: ForceShowGuardian: false, 0.00
11-08 16:33:46.427  1055 30009 I DisplayManagerService: Display device added: DisplayDeviceInfo{"com.oculus.android_panel_app.AndroidPanelLayer-dialog": uniqueId="virtual:com.oculus.systemux,10061,com.oculus.android_panel_app.AndroidPanelLayer-dialog,0", 540 x 300, modeId 3, defaultModeId 3, supportedModes [{id=3, width=540, height=300, fps=60.0}], colorMode 0, supportedColorModes [0], HdrCapabilities null, density 160, 160.0 x 160.0 dpi, appVsyncOff 0, presDeadline 16666666, touch NONE, rotation 0, type VIRTUAL, state OFF, owner com.oculus.systemux (uid 10061), FLAG_PRIVATE, FLAG_NEVER_BLANK, FLAG_OWN_CONTENT_ONLY}
11-08 16:33:46.428  2021  2304 W LibraryProvider: Cannot find entitlement for com.oculus.vrshell
11-08 16:33:46.428  1764  1764 W OVRLibrary: null cursor received for query content://com.oculus.ocms.library/apps/com.oculus.vrshell
11-08 16:33:46.428  1764  1764 I PlatformPluginManager: onAppStart com.oculus.vrshell false
11-08 16:33:46.429  1764  1764 I OVRPlatform: [PartiesAPI] ovr_Party_PluginGetSharedMemHandle: This function is deprecated, do not use
11-08 16:33:46.434 21732 22117 D UE4     : *** JavaEnvDestructor: 22117
11-08 16:33:46.438  2135 21863 I Clocks  : SetSchedFifo( tid=22585, pri=1 ) succeeded
11-08 16:33:46.441  2135 21863 I Clocks  : SetSchedFifo( tid=21827, pri=1 ) succeeded
11-08 16:33:46.441  2135 21863 I TimeWarp: UpdateClockLevels: Apply pending clock request change: 3,3 -> 3,4
11-08 16:33:46.441  2135 21863 I TimeWarp: Will tear: 0.017298
11-08 16:33:46.442  2135 21857 I Clocks  : ReleaseClocks - start
11-08 16:33:46.443   716  5421 D VrApiService: CPU_CLUSTER_0: No client requests exists, release clocks
11-08 16:33:46.443   716  5421 D VrApiService: CPU_CLUSTER_1: No client requests exists, release clocks
11-08 16:33:46.444   716  5421 D VrApiService: GPU: No client requests exists, release clocks
11-08 16:33:46.444  1764  1764 E OVRMediaServiceManager: LivestreamingManager Not initialized
11-08 16:33:46.444   716  5421 D VrApiService: CPUBW: No client requests exists, release clocks
11-08 16:33:46.445   716  5421 D VrApiService: GPUBW: No client requests exists, release clocks
11-08 16:33:46.445  2135 21857 I Clocks  : ReleaseClocks - end (3.7 ms)
11-08 16:33:46.445  2135 21857 I Clocks  : LockClocks( cpu=3, gpu=4 ) - start
11-08 16:33:46.456  1910  1910 D [OAR] AnytimeUIAndroidPanelApp: Inflating view for layer: dialog, viewIdentifier = 2131230742
11-08 16:33:46.456  1910  1910 D [OAR] AndroidPanelLayer: getSystemService(LAYOUT_INFLATER_SERVICE)
11-08 16:33:46.457  2135 21857 I Clocks  : CPU levels [0, 4]
11-08 16:33:46.457  2135 21857 I Clocks  : GPU levels [0, 5]
11-08 16:33:46.458   716  5421 D VrApiService: CPU_CLUSTER_0: Client 2135 sends freq request [21, 21]
11-08 16:33:46.458   716  5421 D VrApiService: CPU_CLUSTER_0: Next Perf Level = (21, 21)
11-08 16:33:46.458   716  5421 D VrApiService: CPU_CLUSTER_1: Client 2135 sends freq request [22, 22]
11-08 16:33:46.458   716  5421 D VrApiService: CPU_CLUSTER_1: Next Perf Level = (22, 22)
11-08 16:33:46.458   716  5421 D VrApiService: CPUBW: Client 2135 sends freq request [8, 11]
11-08 16:33:46.458   716  5421 D VrApiService: CPUBW: Next Perf Level = (8, 11)
11-08 16:33:46.459   716  5421 D VrApiService: GPUBW: Client 2135 sends freq request [9, 11]
11-08 16:33:46.459   716  5421 D VrApiService: GPUBW: Next Perf Level = (9, 11)
11-08 16:33:46.459   716  5421 D VrApiService: GPU: Client 2135 sends freq request [6, 6]
11-08 16:33:46.459   716  5421 D VrApiService: GPU: Next Perf Level = (6, 6)
11-08 16:33:46.461  2135 21857 I Clocks  : LockClocks( cpu=3, gpu=4 ) - end (15.6 ms)
11-08 16:33:46.465  2135 21883 D Appshot : broadcastImageToShell intent_pkg: com.YourCompany.LastResisters jpg_size: 22328
11-08 16:33:46.466  1910  1910 D [OAR] HomeDialog: Home Dialog constructed
11-08 16:33:46.482  2135 21883 V Appshot : SendAppshotToShell
11-08 16:33:46.486  2021  2034 W LibraryProvider: Cannot find entitlement for com.YourCompany.LastResisters
11-08 16:33:46.486  1764  1776 W OVRLibrary: null cursor received for query content://com.oculus.ocms.library/apps/com.YourCompany.LastResisters
11-08 16:33:46.487  1806  2416 I OVRPlatform: [QueueAsyncResponseHandler] success: {"streaming_enabled":false}
11-08 16:33:46.494  1764  2070 I UploadManager: Scheduling jobbId 2131296373 within interval (900000, 2700000)
11-08 16:33:46.495  1806  1897 I [OAR] PlatformManager: isLiveStreamingAllowed response:  0
11-08 16:33:46.505   695 13118 D GatekeeperNativeService: Using value 0 for gk oculus_vrbugreporter_enabled, user=0
11-08 16:33:46.510   695   791 D GatekeeperNativeService: Using value 0 for gk oculus_bugreporter_v2_enabled, user=0
11-08 16:33:46.511  1910  1910 I [OAR] BugReporterUtils: Setting up bug reporter on button; using None
11-08 16:33:46.511  1910  1910 D [OAR] HomeDialog: target package set to com.YourCompany.LastResisters
11-08 16:33:46.541  1764  1764 I PlatformPluginManager: enforcePartyChatStateConsistency - User not in a party.
11-08 16:33:46.541  1764  1764 I PlatformPluginManager: stopPartyChat
11-08 16:33:46.542  1764  1764 I PlatformPlugin: [PlatformPluginManager] Stopping party chat
11-08 16:33:46.575  1910  1910 I OVRLibrary: com.oculus.systemux will use OCMS as the library provider
11-08 16:33:46.587  1806  2405 I OVRPlatform: [HttpRequest] Request `me?fields=current_party{id,leader{id},join_policy,users{id,alias,can_viewer_message,display_name,profile_url,profile_url_small,presence,presence_status,presence_app{id,package_name},presence_deeplink_message,presence_destination_api_name,presence_scoped_user_id,avatar_v2{avatar_image{uri}}},invited_users{id,alias,can_viewer_message,display_name,profile_url,profile_url_small,presence,presence_status,presence_app{id,package_name},presence_deeplink_message,presence_destination_api_name,presence_scoped_user_id,avatar_v2{avatar_image{uri}}}}' (id: 28820) succeeded: {"id":"1963267730655420"}
11-08 16:33:46.587  1806  2405 I OVRPlatform: [RequestStopwatch] HttpRequestAsync (me?fields=current_party{id,leader{id},join_policy,users{id,alias,can_viewer_message,display_name,profile_url,profile_url_small,presence,presence_status,presence_app{id,package_name},presence_deeplink_message,presence_destination_api_name,presence_scoped_user_id,avatar_v2{avatar_image{uri}}},invited_users{id,alias,can_viewer_message,display_name,profile_url,profile_url_small,presence,presence_status,presence_app{id,package_name},presence_deeplink_message,presence_destination_api_name,presence_scoped_user_id,avatar_v2{avatar_image{uri}}}}) took 188.8470 milliseconds
11-08 16:33:46.589  2021  2032 I art     : Background sticky concurrent mark sweep GC freed 7967(808KB) AllocSpace objects, 5(100KB) LOS objects, 21% free, 3MB/4MB, paused 5.539ms total 23.676ms
11-08 16:33:46.592  2135 21863 I TimeWarpProgs: loaded binary layerProgram 2:0x20007:0x0 in 0.7 ms
11-08 16:33:46.593  1806  1897 I [OAR] PartyManager: Party Response Parse Time: 0.026459ms
11-08 16:33:46.613  2135 21883 D Appshot : broadcastImageToShell intent_pkg: com.YourCompany.LastResisters jpg_size: 3740
11-08 16:33:46.625  1764  1764 I PlatformPluginManager: enforcePartyChatStateConsistency - User not in a party.
11-08 16:33:46.625  1764  1764 I PlatformPluginManager: stopPartyChat
11-08 16:33:46.625  1764  1764 I PlatformPlugin: [PlatformPluginManager] Stopping party chat
11-08 16:33:46.627  2021  2180 W LibraryProvider: Cannot find entitlement for com.YourCompany.LastResisters
11-08 16:33:46.627  1910  1910 W OCMSLibrary: null cursor received for query content://com.oculus.ocms.library/apps/com.YourCompany.LastResisters
11-08 16:33:46.631  1910  1910 I [OAR] AndroidPanelLayer: Setting size of layer "dialog" to have width 540 and height 300
11-08 16:33:46.636  1910  1910 I [OAR] AndroidPanelApp: layerTransform: Showing panel layer "dialog" in VrShell with width 540, height 300, position( 0.000000 , 0.000000 , 0.000000), rotation (0.000000 , 0.000000 , 0.000000 )  hit-testable true, shape 2 [radius: 4.000000], and system-positioned true. Using layerTransform: false. Density: 13.000000. Supersampled: false 
11-08 16:33:46.650  1910  1910 I AndroidPanelApp: layerSupersample no changes
11-08 16:33:46.652  1910  1910 D [OAR] AnytimeUIBroadcastReceiver: action: com.oculus.vrshell.intent.action.UPDATE_APP_SCREENSHOT
11-08 16:33:46.653  1910  1910 D [OAR] HomeDialog: screenshot update package: com.YourCompany.LastResisters size: 22328
11-08 16:33:46.662  1806  1897 I [OAR] PanelAppHost: Resize layer dialog to size 540 x 300 shape:2 stereo:0
11-08 16:33:46.662  1806  1897 I [OAR] PanelRenderLayer: ResetSurface 540 x 300 - shape:2 stereo:0
11-08 16:33:46.692  1910  1910 I AndroidPanelApp: Processing next frame action "layerShow" for layer "dialog"
11-08 16:33:46.692  1910  1910 I [OAR] AndroidPanelApp: layerShow acknowledged for dialog
11-08 16:33:46.692  1910  1910 I [OAR] AndroidPanelLayer: Showing layer dialog
11-08 16:33:46.693  1055  1117 I DisplayManagerService: Display device changed state: "com.oculus.android_panel_app.AndroidPanelLayer-dialog", ON
11-08 16:33:46.694  1910  1910 I [OAR] AndroidPanelLayer: Unhiding layer dialog
11-08 16:33:46.717  1806  1897 I [OAR] PanelAppHost: Setting panel layer visibility of layer "dialog" to visible
11-08 16:33:46.732  1806  1897 I [OAR] PanelRenderLayer: New SurfaceLayer 540 x 300 (shape: 2)
11-08 16:33:46.733  2135  4586 I VrRuntimeService: nativeCreateTextureSwapChain 65536 0 35907 540 300 10 3 1 0 0
11-08 16:33:46.737  2135  4586 I VrRuntimeServer: CreateTextureSwapChain: result importswapchaingles 1
11-08 16:33:46.741  1055  1463 I ActivityManager: Start proc 22598:com.oculus.vrshell:SystemUX/u0a24 for broadcast com.oculus.vrshell/com.oculus.panelapp.anytimeui.AnytimeUIBroadcastReceiver
11-08 16:33:46.759  2135 21863 I TimeWarpProgs: loaded binary layerProgram 0:0x21807:0x0 in 1.0 ms
11-08 16:33:46.780  1910  1910 I [OAR] AndroidPanelApp: Layout change has caused layer "dialog" to be resized from -1 X -1 to 540 X 300
11-08 16:33:46.780  1910  1910 I [OAR] AndroidPanelLayer: Setting size of layer "dialog" to have width 540 and height 300
11-08 16:33:46.781  1910  1910 I [OAR] AndroidPanelApp: layerTransform: Showing panel layer "dialog" in VrShell with width 540, height 300, position( 0.000000 , 0.000000 , 0.000000), rotation (0.000000 , 0.000000 , 0.000000 )  hit-testable true, shape 2 [radius: 4.000000], and system-positioned true. Using layerTransform: false. Density: 13.000000. Supersampled: false 
11-08 16:33:46.781  1910  1910 I AndroidPanelApp: Processing next frame action "layerResize" for layer "dialog"
11-08 16:33:46.781  1910  1910 I [OAR] AndroidPanelApp: layerResize is waiting for next frame
11-08 16:33:46.786  1910  1910 I AndroidPanelApp: layerSupersample no changes
11-08 16:33:46.787  1806  1897 I [OAR] PanelAppHost: Resize layer dialog to size 540 x 300 shape:2 stereo:0
11-08 16:33:46.787  1806  1897 I [OAR] PanelRenderLayer: ResetSurface 540 x 300 - shape:2 stereo:0
11-08 16:33:46.788  1910  1910 I AndroidPanelApp: Processing next frame action "layerShow" for layer "dialog"
11-08 16:33:46.788  1910  1910 I [OAR] AndroidPanelApp: layerShow acknowledged for dialog
11-08 16:33:46.788  1910  1910 I [OAR] AndroidPanelLayer: Showing layer dialog
11-08 16:33:46.788  1910  1910 I [OAR] AndroidPanelLayer: Unhiding layer dialog
11-08 16:33:46.801  1806  1897 I [OAR] PanelAppHost: Setting panel layer visibility of layer "dialog" to visible
11-08 16:33:46.831 22598 22598 W System  : ClassLoader referenced unknown path: /system/priv-app/VrShell/lib/arm
11-08 16:33:46.880 22598 22598 D [OAR] AnytimeUIBroadcastReceiver: action: com.oculus.vrshell.intent.action.UPDATE_APP_SCREENSHOT
11-08 16:33:46.880   712 21843 I [CT]    : Viper:Map_Manager: State: TRACKING_PERSISTENT, UUID=ddbf46f9-2dca-4c55-aad6-82db99e2cc82, Num. Persistent maps = 5,  Persistent maps:c35d16fd-2f43-4aee-acdd-50817cc71f4c,ddbf46f9-2dca-4c55-aad6-82db99e2cc82,e88738b8-3abe-42c7-89b3-80158ce05742,67aea901-b572-42b7-9d58-b3f32e26f466,c039ea76-57b5-4c41-9a99-f1bc208bbafc,, Ser. Disabled = 00000000-0000-0000-0000-000000000000
11-08 16:33:46.892 22598 22598 D [OAR] HomeDialog: screenshot update package: com.YourCompany.LastResisters size: 22328
11-08 16:33:46.900  1910  1910 D [OAR] AnytimeUIBroadcastReceiver: action: com.oculus.vrshell.intent.action.UPDATE_APP_SCREENSHOT
11-08 16:33:46.900  1910  1910 D [OAR] HomeDialog: screenshot update package: com.YourCompany.LastResisters size: 3740
11-08 16:33:46.930 21732 22118 D UE4     : *** JavaEnvDestructor: 22118
11-08 16:33:46.946 22598 22598 D [OAR] AnytimeUIBroadcastReceiver: action: com.oculus.vrshell.intent.action.UPDATE_APP_SCREENSHOT
11-08 16:33:46.946 22598 22598 D [OAR] HomeDialog: screenshot update package: com.YourCompany.LastResisters size: 3740
11-08 16:33:47.118 21732 22188 D UE4     : [2019.11.08-07.33.47:117][754]LogTcpMessaging: Lost node '4E3B9971446492A4D0E4C2810F5AF5F3' on connection '127.0.0.1:39578'...
11-08 16:33:47.118 21732 22188 D UE4     : *** JavaEnvDestructor: 22188
11-08 16:33:47.191  1806  1897 I [OAR] AudioSystem: Starting haptic hover1 on device 536870915
11-08 16:33:47.191  1806  1897 I [OAR] AudioMixer: Creating a new stream for client UiSound5
11-08 16:33:47.191  1806  1897 I [OAR] AudioMixer: PlaySoundEffect: 1554 samples at 28.808074
11-08 16:33:47.192  1806  1897 I TrackingServiceClient: setting complex haptics, but not yet connected to socket, open connection...
11-08 16:33:47.192   712   907 I TrackingService: virtual android::binder::Status OVR::OS::Tracking::TrackingService::getTrackingSocketFileDescriptor(android::os::ParcelFileDescriptor *)
11-08 16:33:47.192   712   907 D TrackingService: haptic socket already exists
11-08 16:33:47.199   712 21936 I [CT]    : VIPER: [floorplane] Floor height has been updated to 1.12283 meters.
11-08 16:33:47.220 21732 21748 D UE4     : [2019.11.08-07.33.47:220][754]LogCore: Display: AppLifetime: Application will deactivate
11-08 16:33:47.220 21732 22119 D OVRPlugin: Leaving VR mode.
11-08 16:33:47.220 21732 22119 I VrApi   : ---------- vrapi_LeaveVrMode [start] ----------
11-08 16:33:47.221  1806 22582 I [OAR] AudioMixer: Finishing mono effect
