10-24 10:14:49.669  1828  1912 I [OAR] PanelRenderLayer: Setting ShellDistance for a layerTransform enabled layer
10-24 10:14:49.669  1828  1912 I [OAR] PanelRenderLayer: Using layerTransform 2. layerWidth:248 , layerHeight:68
10-24 10:14:49.683  1828  1912 I [OAR] PanelRenderLayer: Setting ShellDistance for a layerTransform enabled layer
10-24 10:14:49.683  1828  1912 I [OAR] PanelRenderLayer: Using layerTransform 2. layerWidth:248 , layerHeight:68
10-24 10:14:49.697  1828  1912 I [OAR] PanelRenderLayer: Setting ShellDistance for a layerTransform enabled layer
10-24 10:14:49.697  1828  1912 I [OAR] PanelRenderLayer: Using layerTransform 2. layerWidth:248 , layerHeight:68
10-24 10:14:49.699   704 18579 I [CT]    : L:Behavior:AtRest: deactivated
10-24 10:14:49.699   704 18579 I [CT]    : AdHocPatch: [Left] t = 103.634s, behavior transition: AtRest -> None at 103.685s
10-24 10:14:49.711  1828  1912 I [OAR] PanelRenderLayer: Setting ShellDistance for a layerTransform enabled layer
10-24 10:14:49.711  1828  1912 I [OAR] PanelRenderLayer: Using layerTransform 2. layerWidth:248 , layerHeight:68
10-24 10:14:49.725  1828  1912 I [OAR] PanelRenderLayer: Setting ShellDistance for a layerTransform enabled layer
10-24 10:14:49.725  1828  1912 I [OAR] PanelRenderLayer: Using layerTransform 2. layerWidth:248 , layerHeight:68
10-24 10:14:49.739  1828  1912 I [OAR] PanelRenderLayer: Setting ShellDistance for a layerTransform enabled layer
10-24 10:14:49.739  1828  1912 I [OAR] PanelRenderLayer: Using layerTransform 2. layerWidth:248 , layerHeight:68
10-24 10:14:49.753  1828  1912 I [OAR] PanelRenderLayer: Setting ShellDistance for a layerTransform enabled layer
10-24 10:14:49.753  1828  1912 I [OAR] PanelRenderLayer: Using layerTransform 2. layerWidth:248 , layerHeight:68
10-24 10:14:49.766  1828  1912 I [OAR] PanelRenderLayer: Setting ShellDistance for a layerTransform enabled layer
10-24 10:14:49.766  1828  1912 I [OAR] PanelRenderLayer: Using layerTransform 2. layerWidth:248 , layerHeight:68
10-24 10:14:49.780  1828  1912 I [OAR] PanelRenderLayer: Setting ShellDistance for a layerTransform enabled layer
10-24 10:14:49.780  1828  1912 I [OAR] PanelRenderLayer: Using layerTransform 2. layerWidth:248 , layerHeight:68
10-24 10:14:49.784 19497 19698 D UE4     : *** JavaEnvDestructor: 19698
10-24 10:14:49.794  1828  1912 I [OAR] PanelRenderLayer: Setting ShellDistance for a layerTransform enabled layer
10-24 10:14:49.794  1828  1912 I [OAR] PanelRenderLayer: Using layerTransform 2. layerWidth:248 , layerHeight:68
10-24 10:14:49.809  1918  1918 I [OAR] AnytimeUIAndroidPanelAppBase: hideTooltip (configuring Android tooltip view)
10-24 10:14:49.809  1918  1918 I [OAR] AndroidPanelLayer: Hiding layer tooltip
10-24 10:14:49.822  1828  1912 I [OAR] PanelAppHost: Setting panel layer visibility of layer "tooltip" to invisible
10-24 10:14:49.971   704 19595 I [CT]    : Viper:Map_Manager: State: TRACKING_PERSISTENT, UUID=5c9cda66-709e-4775-93a8-ccba5cac6ad4, Num. Persistent maps = 5,  Persistent maps:5c9cda66-709e-4775-93a8-ccba5cac6ad4,6deead67-4213-4151-aaf8-63de2ae4c2a9,bb643b67-d579-4064-a1be-6f4d6ffd2343,1b72d92f-36d9-41ed-adbe-ef72f675dcde,f2dc65c9-768c-460e-b605-3476a2ce509c,, Ser. Disabled = 00000000-0000-0000-0000-000000000000
10-24 10:14:49.977 19497 19770 D UE4     : [2019.10.24-01.14.49:977][647]LogTcpMessaging: Lost node '3BEE96554F5E1ABA83D7CD8D71A76488' on connection '127.0.0.1:41538'...
10-24 10:14:49.977 19497 19770 D UE4     : *** JavaEnvDestructor: 19770
10-24 10:14:50.078 19497 19513 D UE4     : [2019.10.24-01.14.50:078][647]LogCore: Display: AppLifetime: Application will deactivate
10-24 10:14:50.079 19497 19703 D OVRPlugin: Leaving VR mode.
10-24 10:14:50.079 19497 19703 I VrApi   : ---------- vrapi_LeaveVrMode [start] ----------
10-24 10:14:50.081 19497 19703 D VrApi   : targetSDKVersion 19
10-24 10:14:50.084 19497 19703 I VrRuntimeClient: DEVICE MODEL NUMBER = Quest
10-24 10:14:50.084 19497 19703 I VrRuntimeClient: DEVICE HARDWARE = monterey
10-24 10:14:50.084 19497 19703 I VrRuntimeClient: DEVICE BUILD NAME = user-396520.6170.0
10-24 10:14:50.084 19497 19703 I VrRuntimeClient: DEVICE BUILD TYPE = user
10-24 10:14:50.084 19497 19703 I VrRuntimeClient: DEVICE OS VERSION = 7.1.1
10-24 10:14:50.084 19497 19703 I VrRuntimeClient: VRRUNTIME VERSION = VRAPI_VERSION_BEGIN { 1.1.27.0-178455920-178455920 Oct 17 2019 20:40:08 Development } RELEASE
10-24 10:14:50.084 19497 19703 I VrRuntimeClient: API LOADER VERSION = 1.1.22.0
10-24 10:14:50.084 19497 19703 I VrRuntimeClient: VRDRIVER VERSION = 10.0.0.143.427
10-24 10:14:50.084 19497 19703 I VrRuntimeClient: APP NAME = LastResisters
10-24 10:14:50.084 19497 19703 I VrRuntimeClient: APP VERSION = 1.0 versionCode 1 internalVersionName <none>
10-24 10:14:50.084 19497 19703 I VrRuntimeClient: APP VR TYPE = vr_only
10-24 10:14:50.084 19497 19703 I VrRuntimeClient: APP PACKAGE NAME = com.YourCompany.LastResisters
10-24 10:14:50.084 19497 19703 I VrRuntimeClient: APP ACTIVITY CLASS = com.epicgames.ue4.GameActivity
10-24 10:14:50.091 19497 19703 D BatteryReceiver: Unregistering battery receiver
10-24 10:14:50.140  2084  2127 W LibraryProvider: Cannot find entitlement for com.YourCompany.LastResisters
10-24 10:14:50.141  1779  2060 W OVRLibrary: null cursor received for query content://com.oculus.ocms.library/apps/com.YourCompany.LastResisters
10-24 10:14:50.141  1779  2060 I SDKLoggingService: Unable to find AppId for package (com.YourCompany.LastResisters)
10-24 10:14:50.145 19497 19631 D VrApi   : targetSDKVersion 19
10-24 10:14:50.183  2084  2126 W LibraryProvider: Cannot find entitlement for com.YourCompany.LastResisters
10-24 10:14:50.183  1779  1794 W OVRLibrary: null cursor received for query content://com.oculus.ocms.library/apps/com.YourCompany.LastResisters
10-24 10:14:50.184  1779  1794 I SDKLoggingService: Unable to find AppId for package (com.YourCompany.LastResisters)
10-24 10:14:50.229  2084  2224 W LibraryProvider: Cannot find entitlement for com.YourCompany.LastResisters
10-24 10:14:50.230  1779  1961 W OVRLibrary: null cursor received for query content://com.oculus.ocms.library/apps/com.YourCompany.LastResisters
10-24 10:14:50.230  1779  1961 I SDKLoggingService: Unable to find AppId for package (com.YourCompany.LastResisters)
10-24 10:14:50.234 19497 19631 I VrApi   : FPS=59,Prd=45ms,Tear=0,Early=0,Stale=39,VSnc=1,Lat=1,Fov=0,CPU4/GPU=4/4,1651/670MHz,OC=FF,TA=0/3/3,SP=N/N/N,Mem=1804MHz,Free=1829MB,PSM=0,PLS=0,Temp=29.0C/0.0C,TW=1.93ms,App=17.82ms,GD=0.00ms,CPU&GPU=21.65ms,LCnt=1,GPU%=0.89,CPU%=0.26(W0.32)
10-24 10:14:50.242 19497 19703 I VrApi   : OVR::Stats thread stopped
10-24 10:14:50.242 19497 19703 I InputDeviceManager: ovrInputDeviceManager::Shutdown
10-24 10:14:50.251 19497 19629 I InputHooks_Internal: InputHooksThreadRun ShutdownRequest received
10-24 10:14:50.255 19497 19703 I InputHooks_Internal: Disabling Native Input Hooks
10-24 10:14:50.259  1828 21322 I VrApi   : FPS=72,Prd=45ms,Tear=0,Early=67,Stale=0,VSnc=1,Lat=1,Fov=0,CPU4/GPU=2/4,1651/670MHz,OC=FF,TA=0/E0/0,SP=N/F/N,Mem=1804MHz,Free=1828MB,PSM=0,PLS=0,Temp=29.0C/0.0C,TW=2.92ms,App=4.18ms,GD=0.00ms,CPU&GPU=7.38ms,LCnt=4,GPU%=0.51,CPU%=0.07(W0.14)
10-24 10:14:50.270  2177  2189 D VrRuntimeService: this client: 19497:com.YourCompany.LastResisters
10-24 10:14:50.270  2177  2189 D VrRuntimeService: enableRendering: clientWindow: null enable: false
10-24 10:14:50.270  2177  2189 I ClientMgr: ClientMgr::EnableRendering 19497:com.YourCompany.LastResisters : disable
10-24 10:14:50.271 19497 19636 I VrRuntimeClient: FenceChecker::MainLoop - ended
10-24 10:14:50.271 19497 19703 I BufferObject: ovrBufferObjectFactory::Unimport deleting GL buffer=113
10-24 10:14:50.271 19497 19703 I BufferObject: ovrBufferObjectFactory::Unimport deleting GL memory object=1
10-24 10:14:50.272 19497 19703 I TrackingServiceClient: OVR::TrackingService::ClientSetInterface
10-24 10:14:50.272 19497 19703 D TrackingServiceClient: onClientDisconnect
10-24 10:14:50.272 19497 19703 D TrackingServiceConnectionNative: onClientDisconnect
10-24 10:14:50.272   704   933 I TrackingService: Unregistering client by ITrackingService.unregisterClient
10-24 10:14:50.273   704   933 I TrackingService: TrackingServiceHost Unregistering client: pid 19497
10-24 10:14:50.275 19497 19703 D BinderConnection: Disconnecting from TrackingService service
10-24 10:14:50.275 19497 19703 D TrackingServiceConnectionNative: onDisconnected
10-24 10:14:50.275 19497 19703 D TrackingServiceClient: TrackingServiceConnection mConnectedRemotes.clear()
10-24 10:14:50.275 19497 19703 I TrackingServiceClient: OVR::TrackingService::ClientSetInterface
10-24 10:14:50.276 19497 19703 I VrApi   : ---------- vrapi_LeaveVrMode [end] ----------
10-24 10:14:50.276 19497 19513 D UE4     : Unregistering volume receiver
10-24 10:14:50.277 19497 19513 D UE4     : Unregistering battery receiver
10-24 10:14:50.277 19497 19513 D UE4     : Unregistering headset receiver
10-24 10:14:50.279 19497 19513 D UE4     : [2019.10.24-01.14.50:279][647]LogCore: Display: AppLifetime: Application will enter background
10-24 10:14:50.284 19497 19704 D UE4     : *** JavaEnvDestructor: 19704
10-24 10:14:50.286 19497 19703 D UE4     : AndroidEGL::ResetDisplay()
10-24 10:14:50.308 19497 19703 D UE4     : *** JavaEnvDestructor: 19703
10-24 10:14:50.309 19497 19513 D UE4     : [2019.10.24-01.14.50:309][647]LogTemp: Android pause audio
10-24 10:14:50.309 19497 19513 D UE4     : [2019.10.24-01.14.50:309][647]LogAudioMixerAndroid: Display: Suspending android audio renderer
10-24 10:14:50.310 19497 19513 D UE4     : [2019.10.24-01.14.50:310][647]LogTemp: Android release microphone
10-24 10:14:50.310 19497 19513 D UE4     : Execution has been paused...
10-24 10:14:50.311 19497 19514 D UE4     : [2019.10.24-01.14.50:311][647]LogAndroid: Case APP_CMD_SAVE_STATE
10-24 10:14:50.311 19497 19514 D UE4     : LogAndroidEvents::EnqueueAppEvent : 12, 0, tid = 19514, APP_EVENT_STATE_SAVE_STATE
10-24 10:14:50.313 19497 19497 D UE4     : ==============> GameActive.onStop complete!
10-24 10:14:50.313 19497 19514 D UE4     : [2019.10.24-01.14.50:313][647]LogAndroid: Case APP_CMD_STOP
10-24 10:14:50.313 19497 19514 D UE4     : LogAndroidEvents::EnqueueAppEvent : 8, 0, tid = 19514, APP_EVENT_STATE_ON_STOP
10-24 10:14:50.313 19497 19497 D UE4     : ==============> GameActive.onTrimMemory(TRIM_MEMORY_UI_HIDDEN) called!
10-24 10:14:50.314 19497 19497 V UE4-GameApplication: App in background
10-24 10:14:50.314 19497 19497 W ViewRootImpl[GameActivity]: Dropping event due to no window focus: MotionEvent { action=ACTION_DOWN, actionButton=0, id[0]=0, x[0]=1440.0, y[0]=800.0, toolType[0]=TOOL_TYPE_UNKNOWN, buttonState=0, metaState=META_CTRL_LEFT_ON|META_META_ON|META_META_LEFT_ON|META_SCROLL_LOCK_ON|0x01000000|0x04000000|0x20000000|0x40000000, flags=0x0, edgeFlags=0x0, pointerCount=1, historySize=0, eventTime=2811737, downTime=2811737, deviceId=0, source=0x2002 }
10-24 10:14:50.314 19497 19497 W ViewRootImpl[GameActivity]: Cancelling event due to no window focus: MotionEvent { action=ACTION_CANCEL, actionButton=0, id[0]=0, x[0]=1440.0, y[0]=800.0, toolType[0]=TOOL_TYPE_UNKNOWN, buttonState=0, metaState=META_CTRL_LEFT_ON|META_META_ON|META_META_LEFT_ON|META_SCROLL_LOCK_ON|0x01000000|0x04000000|0x20000000|0x40000000, flags=0x0, edgeFlags=0x0, pointerCount=1, historySize=0, eventTime=2812051, downTime=2811737, deviceId=0, source=0x2002 }
10-24 10:14:50.315 19497 19497 W ViewRootImpl[GameActivity]: Cancelling event due to no window focus: MotionEvent { action=ACTION_CANCEL, actionButton=0, id[0]=0, x[0]=1440.0, y[0]=800.0, toolType[0]=TOOL_TYPE_UNKNOWN, buttonState=0, metaState=META_CTRL_LEFT_ON|META_META_ON|META_META_LEFT_ON|META_SCROLL_LOCK_ON|0x01000000|0x04000000|0x20000000|0x40000000, flags=0x0, edgeFlags=0x0, pointerCount=1, historySize=0, eventTime=2812051, downTime=2811737, deviceId=0, source=0x2002 }
10-24 10:14:50.315 19497 19497 W ViewRootImpl[GameActivity]: Dropping event due to no window focus: MotionEvent { action=ACTION_DOWN, actionButton=0, id[0]=0, x[0]=1440.0, y[0]=800.0, toolType[0]=TOOL_TYPE_UNKNOWN, buttonState=0, metaState=META_CTRL_LEFT_ON|META_META_ON|META_META_LEFT_ON|META_SCROLL_LOCK_ON|0x01000000|0x04000000|0x20000000|0x40000000, flags=0x0, edgeFlags=0x0, pointerCount=1, historySize=0, eventTime=2812142, downTime=2812142, deviceId=0, source=0x2002 }
10-24 10:14:50.315 19497 19497 W ViewRootImpl[GameActivity]: Cancelling event due to no window focus: MotionEvent { action=ACTION_CANCEL, actionButton=0, id[0]=0, x[0]=1440.0, y[0]=800.0, toolType[0]=TOOL_TYPE_UNKNOWN, buttonState=0, metaState=META_CTRL_LEFT_ON|META_META_ON|META_META_LEFT_ON|META_SCROLL_LOCK_ON|0x01000000|0x04000000|0x20000000|0x40000000, flags=0x0, edgeFlags=0x0, pointerCount=1, historySize=0, eventTime=2812324, downTime=2812142, deviceId=0, source=0x2002 }
10-24 10:14:50.315 19497 19497 W ViewRootImpl[GameActivity]: Cancelling event due to no window focus: MotionEvent { action=ACTION_CANCEL, actionButton=0, id[0]=0, x[0]=1440.0, y[0]=800.0, toolType[0]=TOOL_TYPE_UNKNOWN, buttonState=0, metaState=META_CTRL_LEFT_ON|META_META_ON|META_META_LEFT_ON|META_SCROLL_LOCK_ON|0x01000000|0x04000000|0x20000000|0x40000000, flags=0x0, edgeFlags=0x0, pointerCount=1, historySize=0, eventTime=2812324, downTime=2812142, deviceId=0, source=0x2002 }
10-24 10:14:50.324 19497 19514 D UE4     : Case APP_CMD_TERM_WINDOW, tid = 19514
10-24 10:14:50.325 19497 19514 D UE4     : [2019.10.24-01.14.50:324][647]LogAndroid: Case APP_CMD_TERM_WINDOW
10-24 10:14:50.325 19497 19514 D UE4     : LogAndroidEvents::EnqueueAppEvent : 3, 0, tid = 19514, APP_EVENT_STATE_WINDOW_DESTROYED
10-24 10:14:50.411 19497 19513 D UE4     : [2019.10.24-01.14.50:411][647]LogAndroidEvents: Display: LogAndroidEvents::DequeueAppEvent : 12, 0, APP_EVENT_STATE_SAVE_STATE
10-24 10:14:50.412 19497 19513 D UE4     : [2019.10.24-01.14.50:412][647]LogAndroidEvents: Display: LogAndroidEvents::DequeueAppEvent : 8, 0, APP_EVENT_STATE_ON_STOP
10-24 10:14:50.412 19497 19513 D UE4     : [2019.10.24-01.14.50:412][647]LogAndroidEvents: Display: LogAndroidEvents::DequeueAppEvent : 3, 0, APP_EVENT_STATE_WINDOW_DESTROYED
10-24 10:14:50.412 19497 19513 D UE4     : APP_EVENT_STATE_WINDOW_DESTROYED, 0, 0, 0
10-24 10:14:50.412 19497 19513 D UE4     : AndroidEGL::DestroyWindow()
10-24 10:14:50.412 19497 19513 D UE4     : AndroidEGL::UnBind()
10-24 10:14:50.412 19497 19513 D UE4     : AndroidEGL::ResetDisplay()
10-24 10:14:50.412 19497 19513 D UE4     : AndroidEGL::DestroySurface()
10-24 10:14:50.412 19497 19513 D UE4     : FAndroidAppEntry::DestroyWindow() called
10-24 10:14:50.547  1828  1912 I [OAR] AudioSystem: Starting haptic hover1 on device 536870915
10-24 10:14:50.547  1828  1912 I [OAR] AudioMixer: Creating a new stream for client UiSound5
10-24 10:14:50.547  1828  1912 I [OAR] AudioMixer: PlaySoundEffect: 1554 samples at 27.232064
10-24 10:14:50.577  1828 21325 I [OAR] AudioMixer: Finishing mono effect
10-24 10:14:50.608   539 15792 V msm8974_platform: platform_get_parameters: exit: returns - snd_device_in=none
10-24 10:14:50.608   539 15792 V audio_hw_primary: adev_get_parameters: exit: returns - snd_device_in=none
10-24 10:14:50.608   539 15792 I hash_map_utils: key: 'snd_device_in' value: ''
10-24 10:14:50.609   539   539 V msm8974_platform: platform_get_parameters: exit: returns - snd_device_out=speaker
10-24 10:14:50.609   539   539 V audio_hw_primary: adev_get_parameters: exit: returns - snd_device_out=speaker
10-24 10:14:50.609   539   539 I hash_map_utils: key: 'snd_device_out' value: ''
10-24 10:14:50.638   704 19595 I [CT]    : VIPER: Status=6DoF,TRACKING,KF=117,Inl=395,Pts=513,Jit=0.2mm,Issues(Cam/min=0.0,IMU/min=0.0),Exp=(5.6ms,g=4,I=99)(4.1ms,g=3,I=97)(5.6ms,g=4,I=103)(4.4ms,g=3,I=97)
10-24 10:14:50.855  1918  1918 D [OAR] HomeDialog: Quit Pressed
10-24 10:14:50.855  1918  1918 I [OAR] AnytimeUIAndroidPanelAppBase: actionHideDialog - quit
10-24 10:14:50.855  1918  1918 D [OAR] HomeDialog: Releasing old screenshot, jpg_size: 3740
10-24 10:14:50.881  1828  1912 I [OAR] AudioSystem: Starting haptic select1 on device 536870915
10-24 10:14:50.881  1828  1912 I [OAR] AudioMixer: Creating a new stream for client UiSound0
10-24 10:14:50.881  1828  1912 I [OAR] AudioMixer: PlaySoundEffect: 25598 samples at 27.572064
10-24 10:14:50.881  1828  1912 I [OAR] ShellDialogControllerHost: DialogResult: quit
10-24 10:14:50.886  1828  1912 I [OAR] ShellApplication: Sent exit broadcast to SystemActivities for:  com.YourCompany.LastResisters
10-24 10:14:50.886 19497 19497 D SystemActivitiesReceiver: SystemActivityReceiver.onReceive intent:Intent { act=com.oculus.system_activity flg=0x10 pkg=com.YourCompany.LastResisters (has extras) }
10-24 10:14:50.887 19497 19497 D SystemActivitiesReceiver: fromPackageName: 'com.oculus.vrshell'
10-24 10:14:50.887 19497 19497 D SystemActivitiesReceiver: command: '{"Command":"exitToHome","PlatformUIVersion":4,"ToPackage":"com.YourCompany.LastResisters"}'
10-24 10:14:50.887 19497 19497 D SystemActivitiesReceiver: uri: ''
10-24 10:14:50.888  2177 12205 I GuardianSystem: GuardianSystem::GuardianCmd 14
10-24 10:14:50.888  1828  1912 I [OAR] DialogControllerManager: HideDialog(quit of exittohome)
10-24 10:14:50.888  1828  1912 I [OAR] DialogControllerManager: Previous pending dialog: type: 9, uri "systemux://dialog/exit", return component: "com.YourCompany.LastResisters", return activity component: "com.YourCompany.LastResisters/com.epicgames.ue4.GameActivity"
10-24 10:14:50.890 19497 19497 D TrustedSignatureVerifier: Checking app signature for com.oculus.vrshell
10-24 10:14:50.891 19497 19497 D SystemActivitiesReceiver: App is trusted
10-24 10:14:50.892 19497 19497 I SystemUtils_Internal: nativeSystemActivityIntent in 'com.YourCompany.LastResisters': 'com.oculus.vrshell' '{"Command":"exitToHome","PlatformUIVersion":4,"ToPackage":"com.YourCompany.LastResisters"}' ''
10-24 10:14:50.892 19497 19497 I SystemUtils_Internal: finish() - exit to Home
10-24 10:14:50.892 19497 19497 W art     : Attempt to remove non-JNI local reference, dumping thread
10-24 10:14:50.892 19497 19497 W art     : Attempt to remove non-JNI local reference, dumping thread
10-24 10:14:50.892 19497 19497 W art     : Attempt to remove non-JNI local reference, dumping thread
10-24 10:14:50.892 19497 19497 D SystemActivitiesReceiver: SystemActivityReceiver.onReceive intent:Intent { act=com.oculus.system_activity flg=0x10 pkg=com.YourCompany.LastResisters (has extras) }
10-24 10:14:50.893 19497 19497 D SystemActivitiesReceiver: fromPackageName: 'com.oculus.vrshell'
10-24 10:14:50.893 19497 19497 D SystemActivitiesReceiver: command: '{"Command":"returnToLauncher","PlatformUIVersion":4,"ToPackage":"com.YourCompany.LastResisters"}'
10-24 10:14:50.893 19497 19497 D SystemActivitiesReceiver: uri: ''
10-24 10:14:50.893 19497 19497 I SystemUtils_Internal: nativeSystemActivityIntent in 'com.YourCompany.LastResisters': 'com.oculus.vrshell' '{"Command":"returnToLauncher","PlatformUIVersion":4,"ToPackage":"com.YourCompany.LastResisters"}' ''
10-24 10:14:50.893 19497 19497 I SystemUtils_Internal: ovrSystemUtils::AddEvent: queued event '{"Command":"returnToLauncher","PlatformUIVersion":4,"ToPackage":"com.YourCompany.LastResisters"}'
10-24 10:14:50.893 19497 19497 W art     : Attempt to remove non-JNI local reference, dumping thread
10-24 10:14:50.893 19497 19497 W art     : Attempt to remove non-JNI local reference, dumping thread
10-24 10:14:50.893 19497 19497 W art     : Attempt to remove non-JNI local reference, dumping thread
10-24 10:14:50.894 19497 19497 D ContextHelper: shouldSkipFinish: activity=com.epicgames.ue4.GameActivity@b85811a
10-24 10:14:50.894  1828  1912 I [OAR] DialogControllerManager: Dialog change detected; updating dialog UI.
10-24 10:14:50.894  1828  1912 I [OAR] DialogControllerManager: Old dialog: type: 9, uri "systemux://dialog/exit", return component: "com.YourCompany.LastResisters", return activity component: "com.YourCompany.LastResisters/com.epicgames.ue4.GameActivity"
10-24 10:14:50.894  1828  1912 I [OAR] DialogControllerManager: New dialog: type: 0, uri "systemux://dialog/none", return component: "", return activity component: ""
10-24 10:14:50.895  1828  1912 I [OAR] DialogController: CloseDialogs() old: 9, pendingUri: systemux://dialog/exit, pendingComponent: com.YourCompany.LastResisters
10-24 10:14:50.895  1828  1912 I [OAR] SystemUXController: No known System UX Route for Navigation Route: com.oculus.systemux/com.oculus.panelapp.anytimeui.AnytimeUIAndroidPanelService
10-24 10:14:50.895  1828  1912 I [OAR] PlatformManager: Checking livestreaming allowed for:  com.oculus.vrshell
10-24 10:14:50.895  1828  1912 I [OAR] DialogController: Clearing existing dialog systemux://dialog/exit to None while in transition to pending dialog systemux://dialog/none
10-24 10:14:50.895 19497 19497 D ContextHelper: activity=com.epicgames.ue4.GameActivity@b85811a, resumed=false
10-24 10:14:50.895 19497 19497 D ContextHelper: Calling finish() on com.epicgames.ue4.GameActivity@b85811a
10-24 10:14:50.896  1918  1918 I [OAR] AnytimeUIAndroidPanelApp: updateActiveComponent - com.oculus.systemux/com.oculus.panelapp.anytimeui.AnytimeUIAndroidPanelService, returnComponent = 
10-24 10:14:50.896  1918  1918 I [OAR] AnytimeUIAndroidPanelAppBase: configureDialog:  systemux://dialog/none [] ()
10-24 10:14:50.896  1918  1918 I [OAR] AnytimeUIAndroidPanelAppBase: actionSetRoute - Route:  NONE(systemux://dialog/none)
10-24 10:14:50.896  1918  1918 D [OAR] TaskBarViewV1: NUX Mode = false
10-24 10:14:50.896  1918  1918 D [OAR] TaskBarViewV1: Skipping NUX Mode for Quest
10-24 10:14:50.896  1918  1918 I [OAR] AndroidPanelLayer: Hiding layer dialog
10-24 10:14:50.899  1828  2473 I OVRPlatform: [QueueAsyncResponseHandler] success: {"streaming_enabled":true}
10-24 10:14:50.908  1828  1912 D [OAR] PanelAppConfigurationUtil: Retrieving panel configuration for com.oculus.vrshell.home - com.oculus.vrshell.home.ExploreService
10-24 10:14:50.909 19497 19497 D UE4     : onDestroy: destroy memoryHandlerThread
10-24 10:14:50.910  1828  1912 I [OAR] SystemUXController: Registering pending Shell Application launch for com.oculus.vrshell.home/com.oculus.vrshell.home.ExploreService,- overwriting existing launch? false.
10-24 10:14:50.910  1828  1912 I [OAR] SystemUXController: ProcessPendingLaunch 1
10-24 10:14:50.910  1828  1912 I [OAR] DialogControllerManager: HideDialog(process pending launch. launchType: 1)
10-24 10:14:50.910  1828  1912 I [OAR] DialogControllerManager: Previous pending dialog: type: 0, uri "systemux://dialog/none", return component: "", return activity component: ""
10-24 10:14:50.910  1828  1912 D [OAR] PanelAppConfigurationUtil: Retrieving panel configuration for com.oculus.vrshell.home - com.oculus.vrshell.home.ExploreService
10-24 10:14:50.911 19497 19514 D UE4     : [2019.10.24-01.14.50:911][647]LogAndroid: Case APP_CMD_INPUT_CHANGED
10-24 10:14:50.911 19497 19514 D UE4     : [2019.10.24-01.14.50:911][647]LogAndroid: Case APP_CMD_DESTROY
10-24 10:14:50.911 19497 19514 D UE4     : LogAndroidEvents::EnqueueAppEvent : 5, 0, tid = 19514, APP_EVENT_STATE_ON_DESTROY
10-24 10:14:50.912  1828  1912 I [OAR] ShellApp: ResetComponents
10-24 10:14:50.912  1828  1912 I [OAR] EnvironmentReconciler: Clear()
10-24 10:14:50.912  1828  1912 I [OAR] TrackedUser: Reset
10-24 10:14:50.912  1828  1912 I [OAR] ShellApp: LaunchOrDeepLink() - Falling back to LaunchPrimaryPanelApp - No matching context found for com.oculus.vrshell.home/com.oculus.vrshell.home.ExploreService with uri /prime
10-24 10:14:50.912  1828  1912 I [OAR] ShellApp: LaunchPrimaryPanelApp( com.oculus.vrshell.home/com.oculus.vrshell.home.ExploreService )
10-24 10:14:50.912  1828  1912 I [OAR] ShellApp: CreatePanelApp( com.oculus.vrshell.home/com.oculus.vrshell.home.ExploreService )
10-24 10:14:50.912  1828  1912 I [OAR] ShellApp: Environment:
10-24 10:14:50.912  1828  1912 I [OAR] ShellApp: uri = /prime
10-24 10:14:50.912  1828  1912 I [OAR] ShellApp: _oc_launch_timestamp = 2813183
10-24 10:14:50.913  1828  1912 I [OAR] ShellLaunchParameters: HomePanelAppIndex: 1 - com.oculus.vrshell.home.ExploreService
10-24 10:14:50.913  1828  1912 I [OAR] ShellLaunchParameters: Existing BundleConfiguration has not been passed to this panel
10-24 10:14:50.913  1828  1912 I [OAR] PanelAppHost: PanelAppHost( com.oculus.vrshell.home/com.oculus.vrshell.home.ExploreService ) for PanelId 6
10-24 10:14:50.913  1828  1912 I [OAR] PanelAppHost: Panel app 6 (com.oculus.vrshell.home/com.oculus.vrshell.home.ExploreService) changing state from startup to foreground
10-24 10:14:50.919  1828  1912 I [OAR] PanelAppHost: adding environment string uri
10-24 10:14:50.919  1828  1912 I [OAR] PanelAppHost: adding environment string /prime
10-24 10:14:50.919  1828  1912 I [OAR] PanelAppHost: adding environment string _oc_launch_timestamp
10-24 10:14:50.919  1828  1912 I [OAR] PanelAppHost: adding environment string 2813183
10-24 10:14:50.919  1828  1912 I [OAR] PanelAppHost: adding environment string _oc_device_region
10-24 10:14:50.919  1828  1912 I [OAR] PanelAppHost: adding environment string 0
10-24 10:14:50.919  1828  1912 I [OAR] PanelAppHost: adding environment string _oc_device_type
10-24 10:14:50.919  1828  1912 I [OAR] PanelAppHost: adding environment string 259
10-24 10:14:50.919  1828  1912 I [OAR] PanelAppHost: adding environment string _oc_headset_type
10-24 10:14:50.919  1828  1912 I [OAR] PanelAppHost: adding environment string 256
10-24 10:14:50.919  1828  1912 I [OAR] PanelAppHost: adding environment string _oc_analytics_session_id
10-24 10:14:50.919  1828  1912 I [OAR] PanelAppHost: adding environment string d794a180-5f32-4a4d-9e39-ce5c03016b21
10-24 10:14:50.919  1828  1912 I [OAR] PanelAppHost: adding environment string _oc_userid
10-24 10:14:50.919  1828  1912 I [OAR] PanelAppHost: adding environment string 100526290914264
10-24 10:14:50.919  1828  1912 I [OAR] PanelAppHost: adding environment string _oc_enterprise_mode
10-24 10:14:50.919  1828  1912 I [OAR] PanelAppHost: adding environment string false
10-24 10:14:50.919  1828  1912 I [OAR] PanelAppHost: adding environment string _oc_shell_version_name
10-24 10:14:50.919  1828  1912 I [OAR] PanelAppHost: adding environment string 10.0.0.143.427
10-24 10:14:50.919  1828  1912 I [OAR] PanelAppHost: adding environment string _oc_shell_version_code
10-24 10:14:50.919  1828  1912 I [OAR] PanelAppHost: adding environment string 178455526
10-24 10:14:50.919  1828  1912 I [OAR] PanelAppHost: adding environment string _oc_shell_permissions
10-24 10:14:50.919  1828  1912 I [OAR] PanelAppHost: adding environment string permissionsGranted camera write_storage microphone
10-24 10:14:50.919  1828  1912 I [OAR] PanelAppHost: adding environment string _oc_shell_automation_enabled
10-24 10:14:50.919  1828  1912 I [OAR] PanelAppHost: adding environment string false
10-24 10:14:50.919  1828  1912 I [OAR] PanelAppHost: adding environment string _oc_shell_feature_sets
10-24 10:14:50.919  1828  1912 I [OAR] PanelAppHost: adding environment string multi-layer-v1,mirror-avatar-v1,system-ux-routes-v1,deeplink-nav-v1
10-24 10:14:50.919  1828  1912 I [OAR] PanelAppHost: adding environment string _oc_gk:oculus_vrshell_core_anytime_ui
10-24 10:14:50.919  1828  1912 I [OAR] PanelAppHost: adding environment string true
10-24 10:14:50.919  1828  1912 I [OAR] PanelAppHost: adding environment string _oc_gk:oculus_mobile_sysux_unified_dialogs_v9
10-24 10:14:50.919  1828  1912 I [OAR] PanelAppHost: adding environment string true
10-24 10:14:50.919  1828  1912 I [OAR] PanelAppHost: adding environment string _oc_gk:oculus_mobile_home_panel_services
10-24 10:14:50.919  1828  1912 I [OAR] PanelAppHost: adding environment string true
10-24 10:14:50.919  1828  1912 I [OAR] PanelAppHost: adding environment string _oc_gk:oculus_mobile_go_environments_picker_migration
10-24 10:14:50.919  1828  1912 I [OAR] PanelAppHost: adding environment string true
10-24 10:14:50.919  1828  1912 I [OAR] PanelAppHost: adding environment string _oc_shell_panel_app_index
10-24 10:14:50.919  1828  1912 I [OAR] PanelAppHost: adding environment string 1
10-24 10:14:50.920  1828  1912 I [OAR] PanelAppHost: Calling sendPanelLaunchIntent for panel app com.oculus.vrshell.home/com.oculus.vrshell.home.ExploreService
10-24 10:14:50.920  1828  1912 D [OAR] ShellApplication: sendApkPanelLaunchIntent: packageName=com.oculus.vrshell.home, serviceClassName=com.oculus.vrshell.home.ExploreService
10-24 10:14:50.923  1779  1779 I VRLifecycleSessionManager: Stored session info.
10-24 10:14:50.923  1828  1912 D [OAR] ShellApplication: bindService Intent { cmp=com.oculus.vrshell.home/.ExploreService }
10-24 10:14:50.949  1116  1127 I ActivityManager: Start proc 21433:com.oculus.vrshell.home:explore/u0a47 for service com.oculus.vrshell.home/.ExploreService
10-24 10:14:50.949  1828  1912 I InputHooks_Internal: SetInhibitHandleBackButtonLongPress = false
10-24 10:14:50.950  2177  2189 I GazeTimer: (2813.2229) CancelTimer
10-24 10:14:50.950  1828  1912 I ScreenCaptureHelper: SetScreenCaptureInhibitFlag : enabled
10-24 10:14:50.951  2177  2188 I ScreenCaptureBase: GlobalInhibitState=0
10-24 10:14:50.953  1828  1912 D VRProviderHelper: Could not find provider
10-24 10:14:50.953  1828  1912 I [OAR] PlatformManager: Resuming live stream
10-24 10:14:50.958  1828  1912 I [OAR] PanelAppHost: Setting panel layer visibility of layer "dialog" to invisible
10-24 10:14:50.958  1828  1912 I [OAR] PlatformManager: isLiveStreamingAllowed response:  1
10-24 10:14:50.958  1918  1918 I [OAR] AnytimeUIAndroidPanelApp: updateActiveComponent - systemux://home, returnComponent = 
10-24 10:14:50.961  1918  1918 I [OAR] AnytimeUIAndroidPanelAppBase: updateLiveStreamStatus - isLiveStreaming=false, allowed=true
10-24 10:14:50.964  1828  2478 I OVRPlatform: [QueueAsyncResponseHandler] success: {"livestreaming_enabled":false,"is_paused":false,"livestreaming_type":0,"comments_visible":false,"mic_enabled":true}
10-24 10:14:50.965  1828  1828 D [OAR] ShellControlBroadcastReceiver: onReceive with MainActivity native pointer 3764269408, action com.oculus.systemactivities.LOCAL_STREAM_STATE_UPDATE
10-24 10:14:50.971  2177 19617 I TimeWarp: UpdateClockLevels: Apply pending clock request change: 2,4 -> 4,4
10-24 10:14:50.972  2177 19614 I Clocks  : ReleaseClocks - start
10-24 10:14:50.973   708   708 D VrApiService: CPU_CLUSTER_0: No client requests exists, release clocks
10-24 10:14:50.974   708   708 D VrApiService: CPU_CLUSTER_1: No client requests exists, release clocks
10-24 10:14:50.974   708   708 D VrApiService: GPU: No client requests exists, release clocks
10-24 10:14:50.974   708   708 D VrApiService: CPUBW: No client requests exists, release clocks
10-24 10:14:50.975   708   708 D VrApiService: GPUBW: No client requests exists, release clocks
10-24 10:14:50.976  2177 19614 I Clocks  : ReleaseClocks - end (4.1 ms)
10-24 10:14:50.976  2177 19614 I Clocks  : LockClocks( cpu=4, gpu=4 ) - start
10-24 10:14:50.978  1828  1912 I [OAR] ShellApp: 0xcfa04388 msg: broadcastIntent:
10-24 10:14:50.978  1828  1912 I [OAR] ShellApp: is_capture_running = 0
10-24 10:14:50.978  1828  1912 I [OAR] ShellApp: intent_action = com.oculus.systemactivities.LOCAL_STREAM_STATE_UPDATE
10-24 10:14:50.978  1828  1912 I [OAR] SystemUXController: OnLocalStreamChanged, enabled?=0
10-24 10:14:50.978  2177 19614 I Clocks  : CPU levels [0, 4]
10-24 10:14:50.978  2177 19614 I Clocks  : GPU levels [0, 5]
10-24 10:14:50.978   708  1372 D VrApiService: CPU_CLUSTER_0: Client 2177 sends freq request [21, 21]
10-24 10:14:50.979  1828  1912 I [OAR] AudioMixer: PlayAmbisonicWavFile: 1335437 looping samples 4 channels at 27.672064
10-24 10:14:50.979  1828  1912 I [OAR] PlatformManager: isLiveStreaming response:  0
10-24 10:14:50.979   708  1372 D VrApiService: CPU_CLUSTER_0: Next Perf Level = (21, 21)
10-24 10:14:50.979   708  1372 D VrApiService: CPU_CLUSTER_1: Client 2177 sends freq request [26, 26]
10-24 10:14:50.979   708  1372 D VrApiService: CPU_CLUSTER_1: Next Perf Level = (26, 26)
10-24 10:14:50.979   708  1372 D VrApiService: CPUBW: Client 2177 sends freq request [8, 11]
10-24 10:14:50.979  1918  1918 I [OAR] AnytimeUIAndroidPanelAppBase: updateLocalStreamState - false
10-24 10:14:50.979   708  1372 D VrApiService: CPUBW: Next Perf Level = (8, 11)
10-24 10:14:50.983   708  1372 D VrApiService: GPUBW: Client 2177 sends freq request [9, 11]
10-24 10:14:50.983   708  1372 D VrApiService: GPUBW: Next Perf Level = (9, 11)
10-24 10:14:50.984   708  1372 D VrApiService: GPU: Client 2177 sends freq request [6, 6]
10-24 10:14:50.984   708  1372 D VrApiService: GPU: Next Perf Level = (6, 6)
10-24 10:14:50.984  2177 19614 I Clocks  : LockClocks( cpu=4, gpu=4 ) - end (8.0 ms)
10-24 10:14:51.012 19497 19513 D UE4     : [2019.10.24-01.14.51:012][647]LogAndroidEvents: Display: LogAndroidEvents::DequeueAppEvent : 5, 0, APP_EVENT_STATE_ON_DESTROY
10-24 10:14:51.013 19497 19513 D UE4     : APP_EVENT_STATE_ON_DESTROY
10-24 10:14:51.014 21433 21433 W System  : ClassLoader referenced unknown path: /system/app/VrHome/lib/arm
10-24 10:14:51.050 21433 21433 I HomeApplication: timestamp onCreate
10-24 10:14:51.052 21433 21433 I HomeApplication: timestamp start SoLoader.init
10-24 10:14:51.056 21433 21433 D SoLoader: init start
10-24 10:14:51.056 21433 21433 D SoLoader: adding system library source: /vendor/lib
10-24 10:14:51.057 21433 21433 D SoLoader: adding system library source: /system/lib
10-24 10:14:51.058 21433 21433 D SoLoader: adding backup source from : com.facebook.soloader.ApkSoSource[root = /data/data/com.oculus.vrshell.home/lib-main flags = 1]
10-24 10:14:51.058 21433 21433 D SoLoader: Preparing SO source: com.facebook.soloader.DirectorySoSource[root = /system/lib flags = 2]
10-24 10:14:51.058 21433 21433 D SoLoader: Preparing SO source: com.facebook.soloader.DirectorySoSource[root = /system/vendor/lib flags = 2]
10-24 10:14:51.058 21433 21433 D SoLoader: Preparing SO source: com.facebook.soloader.ApkSoSource[root = /data/data/com.oculus.vrshell.home/lib-main flags = 1]
10-24 10:14:51.060 21433 21433 V fb-UnpackingSoSource: locked dso store /data/user/0/com.oculus.vrshell.home/lib-main
10-24 10:14:51.072 21433 21433 I fb-UnpackingSoSource: dso store is up-to-date: /data/user/0/com.oculus.vrshell.home/lib-main
10-24 10:14:51.072 21433 21433 V fb-UnpackingSoSource: releasing dso store lock for /data/user/0/com.oculus.vrshell.home/lib-main
10-24 10:14:51.072 21433 21433 D SoLoader: init finish: 3 SO sources prepared
10-24 10:14:51.073 21433 21433 D SoLoader: init exiting
10-24 10:14:51.073 21433 21433 I HomeApplication: timestamp start initJni
10-24 10:14:51.073 21433 21433 D SoLoader: About to load: libfbjni.so
10-24 10:14:51.074 21433 21433 D SoLoader: libfbjni.so found on /data/data/com.oculus.vrshell.home/lib-main
10-24 10:14:51.076 21433 21433 D SoLoader: Loading lib dependencies: [liblog.so, libmemalign16.so, libgnustl_shared.so, libdl.so, libc.so]
10-24 10:14:51.076 21433 21433 D SoLoader: About to load: liblog.so
10-24 10:14:51.077 21433 21433 D SoLoader: liblog.so not found on /data/data/com.oculus.vrshell.home/lib-main
10-24 10:14:51.077 21433 21433 D SoLoader: liblog.so not found on /system/vendor/lib
10-24 10:14:51.077 21433 21433 D SoLoader: liblog.so found on /system/lib
10-24 10:14:51.077 21433 21433 D SoLoader: liblog.so loaded implicitly
10-24 10:14:51.077 21433 21433 D SoLoader: Loaded: liblog.so
10-24 10:14:51.077 21433 21433 D SoLoader: About to load: libmemalign16.so
10-24 10:14:51.077 21433 21433 D SoLoader: libmemalign16.so found on /data/data/com.oculus.vrshell.home/lib-main
10-24 10:14:51.078 21433 21433 D SoLoader: Loading lib dependencies: [libgnustl_shared.so, libc.so]
10-24 10:14:51.078 21433 21433 D SoLoader: About to load: libgnustl_shared.so
10-24 10:14:51.078 21433 21433 D SoLoader: libgnustl_shared.so found on /data/data/com.oculus.vrshell.home/lib-main
10-24 10:14:51.079 21433 21433 D SoLoader: Loading lib dependencies: [libm.so, libc.so, libdl.so]
10-24 10:14:51.079 21433 21433 D SoLoader: About to load: libm.so
10-24 10:14:51.079 21433 21433 D SoLoader: libm.so not found on /data/data/com.oculus.vrshell.home/lib-main
10-24 10:14:51.080 21433 21433 D SoLoader: libm.so not found on /system/vendor/lib
10-24 10:14:51.080 21433 21433 D SoLoader: libm.so found on /system/lib
10-24 10:14:51.080 21433 21433 D SoLoader: libm.so loaded implicitly
10-24 10:14:51.080 21433 21433 D SoLoader: Loaded: libm.so
10-24 10:14:51.080 21433 21433 D SoLoader: About to load: libc.so
10-24 10:14:51.080 21433 21433 D SoLoader: libc.so not found on /data/data/com.oculus.vrshell.home/lib-main
10-24 10:14:51.080 21433 21433 D SoLoader: libc.so not found on /system/vendor/lib
10-24 10:14:51.080 21433 21433 D SoLoader: libc.so found on /system/lib
10-24 10:14:51.080 21433 21433 D SoLoader: libc.so loaded implicitly
10-24 10:14:51.080 21433 21433 D SoLoader: Loaded: libc.so
10-24 10:14:51.080 21433 21433 D SoLoader: About to load: libdl.so
10-24 10:14:51.080 21433 21433 D SoLoader: libdl.so not found on /data/data/com.oculus.vrshell.home/lib-main
10-24 10:14:51.080 21433 21433 D SoLoader: libdl.so not found on /system/vendor/lib
10-24 10:14:51.081 21433 21433 D SoLoader: libdl.so found on /system/lib
10-24 10:14:51.081 21433 21433 D SoLoader: libdl.so loaded implicitly
10-24 10:14:51.081 21433 21433 D SoLoader: Loaded: libdl.so
10-24 10:14:51.083 21433 21433 D SoLoader: Loaded: libgnustl_shared.so
10-24 10:14:51.084 21433 21433 D SoLoader: Loaded: libmemalign16.so
10-24 10:14:51.088 21433 21433 D SoLoader: Loaded: libfbjni.so
10-24 10:14:51.088 21433 21433 I HomeApplication: timestamp initJni end
10-24 10:14:51.095 21433 21433 D UnifiedTelemetryLogger: UnifiedTelemetryLogger instance created.
10-24 10:14:51.096 21433 21433 D UnifiedTelemetryLogger: UnifiedTelemetryLogger mIsStandAloneDevice = true
10-24 10:14:51.098 21433 21433 D UnifiedTelemetryLogger: UnifiedTelemetryLogger instance created
10-24 10:14:51.099 21433 21433 D UnifiedTelemetryLogger: binding with UnifiedTelemetryService
10-24 10:14:51.110 21433 21451 D UnifiedTelemetryLogger: Gatekeeper values: mDuplicateLogging = false, mUseUnifiedTelemetryService = false
10-24 10:14:51.113 19497 19513 D UE4     : [2019.10.24-01.14.51:113][647]LogAndroid: Exiting
10-24 10:14:51.115 21433 21433 I HomeApplication: process: com.oculus.vrshell.home:explore
10-24 10:14:51.115 21433 21433 I HomeApplication: endpoint: https://graph.facebook.com/logging_client_events
10-24 10:14:51.115 19497 19584 D UE4     : *** JavaEnvDestructor: 19584
10-24 10:14:51.116 19497 19513 D UE4     : [2019.10.24-01.14.51:116][647]LogAudioMixer: Display: No commands were queued while flushing the source manager.
10-24 10:14:51.117 19497 19581 D UE4     : *** JavaEnvDestructor: 19581
10-24 10:14:51.131 21433 21433 I PanelService: onCreate()
10-24 10:14:51.143 21433 21433 I SingletonPanelService: Loading library home
10-24 10:14:51.221 21433 21433 I BaseService: onCreate service type EXPLORE
10-24 10:14:51.221 21433 21433 D CrashReporting: Breakpad for Native crashes enabled
10-24 10:14:51.223 21433 21433 D SoLoader: About to load: libbreakpad.so
10-24 10:14:51.223 21433 21433 D SoLoader: libbreakpad.so found on /data/data/com.oculus.vrshell.home/lib-main
10-24 10:14:51.225 21433 21433 D SoLoader: Loading lib dependencies: [liblog.so, libsigmux.so, libmemalign16.so, libgnustl_shared.so, libdl.so, libc.so]
10-24 10:14:51.225 21433 21433 D SoLoader: About to load: libsigmux.so
10-24 10:14:51.225 21433 21433 D SoLoader: libsigmux.so found on /data/data/com.oculus.vrshell.home/lib-main
10-24 10:14:51.226 21433 21433 D SoLoader: Loading lib dependencies: [libgnustl_shared.so, libc.so]
10-24 10:14:51.227 21433 21433 D SoLoader: Loaded: libsigmux.so
10-24 10:14:51.231 21433 21433 D SoLoader: Loaded: libbreakpad.so
10-24 10:14:51.233 21433 21433 D CrashReporting: ACRA/OculusCrashReporter for Java crashes enabled
10-24 10:14:51.237 21433 21433 D CrashReporting: ACRA/Initializing with endpoint https://www.facebook.com/mobile/generic_android_crash_logs/285486028533521
10-24 10:14:51.258  1828 21322 I VrApi   : FPS=72,Prd=45ms,Tear=0,Early=72,Stale=0,VSnc=1,Lat=1,Fov=0,CPU4/GPU=2/4,2304/670MHz,OC=FF,TA=0/E0/0,SP=N/F/N,Mem=1804MHz,Free=1829MB,PSM=0,PLS=0,Temp=29.0C/0.0C,TW=2.84ms,App=4.33ms,GD=0.00ms,CPU&GPU=6.77ms,LCnt=3,GPU%=0.52,CPU%=0.13(W0.19)
10-24 10:14:51.263 21433 21433 D ExceptionHandlerManager: ExceptionHandlerManager not explicitly initialized, using default mode
10-24 10:14:51.263 21433 21433 D ExceptionHandlerManager: initializing exception handler manager, prioritized=true
10-24 10:14:51.275 21433 21433 E ACRA    : Skipping ANR Detector for process: com.oculus.vrshell.home:explore
10-24 10:14:51.277 21433 21433 D CrashReporting: JavascriptCrashReporter is enabled
10-24 10:14:51.278 21433 21433 I BaseService: Core app versions: {"com.oculus.browser":172278593,"com.oculus.govrnux":0,"com.oculus.home":178455640,"com.oculus.horizon":178430283,"com.oculus.mediaplayer":53624647,"com.oculus.systemactivities":178455839,"com.oculus.systemdriver":178455920,"com.oculus.systemutilities":178455608,"com.oculus.vrshell":178455526,"com.oculus.vrshell.home":178455638}
10-24 10:14:51.279 19497 19513 D UE4     : [2019.10.24-01.14.51:279][647]LogWorld: BeginTearingDown for /Game/VirtualRealityBP/Maps/PlayerMoveTestMap
10-24 10:14:51.281 19497 19513 D UE4     : [2019.10.24-01.14.51:281][647]LogWorld: UWorld::CleanupWorld for PlayerMoveTestMap, bSessionEnded=true, bCleanupResources=true
10-24 10:14:51.285 19497 19513 W SwapChain_GLES: DestroyImportedTextureResourcesGLES: must be called with the same EGLContext current (0xcfb2d5c0) when ImportTextureSwapChain was called
10-24 10:14:51.291  2177  2189 I VrRuntimeService: nativeDestroyTextureSwapChain 151
10-24 10:14:51.291  2177  2189 I VrRuntimeServer: DestroyTextureSwapChain: result destroyswapchain 1
10-24 10:14:51.293 19497 19513 W SwapChain_GLES: DestroyImportedTextureResourcesGLES: must be called with the same EGLContext current (0xcfb2d5c0) when ImportTextureSwapChain was called
10-24 10:14:51.294  2177  2188 I VrRuntimeService: nativeDestroyTextureSwapChain 150
10-24 10:14:51.295  2177  2188 I VrRuntimeServer: DestroyTextureSwapChain: result destroyswapchain 1
10-24 10:14:51.296 19497 19513 D OVRPlugin: Shutting down VR.
10-24 10:14:51.296 19497 19513 I GoCompatibility: GoCompatibility: vrapi_shutdown_Hooked()
10-24 10:14:51.296 19497 19513 I VrApi   : ------------ vrapi_Shutdown [start] -----------
10-24 10:14:51.296 19497 19513 D TrackingServiceClient: onShutdown
10-24 10:14:51.296 19497 19513 D SystemActivitiesReceiver: Unregistering Oculus System Activity receiver
10-24 10:14:51.297 19497 19513 I Breakpad: Breakpad Shutdown
10-24 10:14:51.297 19497 19513 I AudioCapture: AudioCapture::Shutdown
10-24 10:14:51.297 19497 19513 I AudioCapture: AudioCapture::StopAudioConsumerThread
10-24 10:14:51.297 19497 19513 I AudioCapture: AudioCapture::StopAudioConsumerThread COMPLETE
10-24 10:14:51.297 19497 19513 I AudioCapture: AudioCapture::Shutdown COMPLETE
10-24 10:14:51.297 19497 19513 I VrRuntimeClient: DisableGlFunctionHooks
10-24 10:14:51.297 19497 19513 I BufferObject: ovrBufferObjectFactory::Shutdown
10-24 10:14:51.297 19497 19513 I BufferObject: ovrBufferObjectFactory: closing fd=83
10-24 10:14:51.297 19497 19513 I RenderUtils: ovrRenderUtils::Shutdown - not initialized
10-24 10:14:51.298 19497 19513 D VrRuntimeClient: VrRuntimeClient: shutdown.
10-24 10:14:51.299 19497 19513 D VrRuntimeClient: VrRuntimeClient: Performing disconnect
10-24 10:14:51.299  2177  2422 D VrRuntimeService: VrRuntimeService: destroyClientInternal: com.YourCompany.LastResisters, pid: 19497, window: null
10-24 10:14:51.299  2177  2422 I ClientMgr: ClientMgr::DestroyClient: 19497:com.YourCompany.LastResisters
10-24 10:14:51.299  2177  2422 I ClientMgr: ClientMgr::DestroyClient: non-deferred ShutdownResources: 2644 == 2644 
10-24 10:14:51.299  2177  2422 I BufferObject: ovrBufferObjectFactory::Shutdown
10-24 10:14:51.299  2177  2422 I BufferObject: ovrBufferObjectFactory: closing fd=77
10-24 10:14:51.299  2177  2422 I BufferObject: ovrBufferObjectFactory: unmapping Vulkan memory
10-24 10:14:51.299  2177  2422 I BufferObject: ovrBufferObjectFactory: destroying Vulkan buffer=547898049024
10-24 10:14:51.299  2177  2422 I BufferObject: ovrBufferObjectFactory: freeing Vulkan memory=548374068736
10-24 10:14:51.307 19497 19513 I VrRuntimeClient: nativeRuntimeServiceConnected: publicReadOnlyFd=-1, privateReadWriteFd=-1, bufferObjectFd=-1
10-24 10:14:51.307 19497 19513 I VrApi   : ------------ vrapi_Shutdown [end] -----------
10-24 10:14:51.309 19497 19513 D UE4     : [2019.10.24-01.14.51:309][647]LogSlate: Request Window 'LastResisters (32-bit Development GLSL_ES3_1_ANDROID) ' being destroyed
10-24 10:14:51.309 19497 19513 D UE4     : [2019.10.24-01.14.51:309][647]LogAndroid: FAndroidWindow::GetScreenRect: Window was NULL, returned default resolution: 1280 x 720
10-24 10:14:51.310 19497 19513 D UE4     : [2019.10.24-01.14.51:310][647]LogSlate: Window 'LastResisters (32-bit Development GLSL_ES3_1_ANDROID) ' being destroyed
10-24 10:14:51.312 19497 19513 D UE4     : [2019.10.24-01.14.51:312][647]LogSlate: Slate User Destroyed.  User Index 0, Is Virtual User: 0
10-24 10:14:51.315 19497 19513 D UE4     : [2019.10.24-01.14.51:315][647]LogRendererCore: FGlobalDynamicReadBuffer::Cleanup()
10-24 10:14:51.315 19497 19513 D UE4     : [2019.10.24-01.14.51:315][647]LogRendererCore: FGlobalDynamicReadBuffer::Cleanup()
10-24 10:14:51.315 19497 19513 D UE4     : [2019.10.24-01.14.51:315][647]LogRendererCore: FGlobalDynamicReadBuffer::Cleanup()
10-24 10:14:51.321 19497 19513 D UE4     : AndroidEGL::ResetDisplay()
10-24 10:14:51.340 21433 21433 I PanelService: onBind()
10-24 10:14:51.342  1828  1828 D [OAR] PanelServiceConnection: onSeviceConnected - component name (ComponentInfo{com.oculus.vrshell.home/com.oculus.vrshell.home.ExploreService}), panel app id (6)
10-24 10:14:51.342  1828  1828 D [OAR] ShellApplication: notify OS to set com.oculus.vrshell.home/com.oculus.vrshell.home.ExploreService to FOREGROUND
10-24 10:14:51.356  1828  1828 I [OAR] PanelServiceConnection: verifyFirstPartyUID(isDeveloperBuildAllowed=true, uid=10047) => isVrRunnable=true, apkSignatureResult=SigCertInfo(isTrusted=true, packageNames=[com.oculus.vrshell.home], signature=3082038d30820275a00302010202041303858a300d06092a864886f70d01010b05003077310b3009060355040613025553310b3009060355040813024341311330110603550407130a4d656e6c6f205061726b31173015060355040a130e4f63756c75732056522c204c4c4331173015060355040b130e4f63756c75732056522c204c4c43311430120603550403130b4f63756c75732041707073301e170d3134313033303231343032315a170d3432303331373231343032315a3077310b3009060355040613025553310b3009060355040813024341311330110603550407130a4d656e6c6f205061726b31173015060355040a130e4f63756c75732056522c204c4c4331173015060355040b130e4f63756c75732056522c204c4c43311430120603550403130b4f63756c7573204170707330820122300d06092a864886f70d01010105000382010f003082010a0282010100a34c7fbd96dea95d811f21a0d760cabca85f2df5dbe19b62aca7a3e3e0b6e48f7e173345f2753c458d639cc2e222eeee4cfb5e89ac1c5060044414056709a43a7f1a6f1e4f2c3d708c48912634be08ad6da1fff92d9c0d4b85e4bc8a8b1c27de84c04eb1e6577c10693500af46beaf7bd2ce72a06a46f4e565859f242cecbef1a431ae8096db712cebe73840bacc64de6b99077ba1ca8c20e5d0b4870bd161f087abbf568dfef58e604068ca6f7cdea183c8681c306bc30cb223e7c5ce3a2fcf00d13e158475b3700ef62dcca46c57baecca4d91052e20b861a1a085d5fc8e99aed8c4a9cfd550d01e54ef5062133befcf7f9ea6a5a1d1575a72cd82279f34030203010001a321301f301d0603551d0e04160414ec7ccdaf8ccdc6dd1b87d4b561582ad8ec397b80300d06092a864886f70d01010b0500038201010014c557ecddc17ba8b979618036e7093b8e7307f624644532c31239f4dc83fd9424267ca7670fa9f78689cbc5bfd8a6312fdc214bd159d614a8753ceec0f2b2d9166217895b13c992e1d10ca625a3153dacfa51dbdb7fde139bd59510f5add29f88be3826b445ce7386dcf06577be72fbdf118fa81179091fad275981409e02d40422d8e86df5827a2c496a4b905b4825c3f1ba0af4cf509bf9b0d4d608cf0b4320ac60d1a8cbcc384de24f11a4c93c0fc5b887cbd6855871af1b1ef729c51a8a123efc6a627b6494e81a264587443b9156ad17772863c2f9685fae9c72a552b333f8ef2822bce5d4d178e45b3a8dd4e321924f6a5ba43f732971a9e74cbf0433), time=1 ms
10-24 10:14:51.381 21433 21445 D VrSignatureVerifier: No developer OSIG found
10-24 10:14:51.385  1828  1912 W VrApi   : FrameIndex = 11665, LatestRetiredFrameIndex = 11662, waited for 25 msec for frame to retire
10-24 10:14:51.386  2177 19617 I TimeWarp: Tear: 0.026270
10-24 10:14:51.386  2177 19617 I Vsync   : Vsync 3973:  2 x 13.92 ms (71.82 Hz, at 2813.659)
10-24 10:14:51.386  2177 19617 I TimeWarp: Adjusting 3973.91 > 3972 to 3974
10-24 10:14:51.386  1828  1912 I [OAR] AudioSystem: Starting haptic hover1 on device 536870915
10-24 10:14:51.386  1828  1912 I [OAR] AudioMixer: Creating a new stream for client UiSound1
10-24 10:14:51.386  1828  1912 I [OAR] AudioMixer: PlaySoundEffect: 1554 samples at 28.072064
10-24 10:14:51.416 19497 19513 D UE4     : AndroidEGL::DestroySurface()
10-24 10:14:51.417 19497 19513 D UE4     : [2019.10.24-01.14.51:417][647]LogMoviePlayer: Shutting down movie player
10-24 10:14:51.417  1828 21325 I [OAR] AudioMixer: Finishing mono effect
10-24 10:14:51.417  1828 21325 I [OAR] AudioMixer: Finishing mono effect
10-24 10:14:51.425 21433 21433 I HomeApplication: onUserId
10-24 10:14:51.425 19497 19526 D UE4     : *** JavaEnvDestructor: 19526
10-24 10:14:51.426 19497 19521 D UE4     : *** JavaEnvDestructor: 19521
10-24 10:14:51.426 19497 19522 D UE4     : *** JavaEnvDestructor: 19522
10-24 10:14:51.426 19497 19523 D UE4     : *** JavaEnvDestructor: 19523
10-24 10:14:51.427  1828  1912 W VrApi   : FrameIndex = 11666, LatestRetiredFrameIndex = 11663, waited for 25 msec for frame to retire
10-24 10:14:51.427 19497 19520 D UE4     : *** JavaEnvDestructor: 19520
10-24 10:14:51.427 19497 19524 D UE4     : *** JavaEnvDestructor: 19524
