10-31 20:37:51.852 23731 23747 D UE4     : [2019.10.31-11.37.51:852][514]LogBlueprintUserMessages: [BP_PlayerhandAnimation_C_2147482544] P=60.000000 Y=60.000000 R=60.000000
10-31 20:37:51.880 23731 23747 D UE4     : [2019.10.31-11.37.51:879][515]LogBlueprintUserMessages: [BP_PlayerhandAnimation_C_2147482547] P=5.068915 Y=13.619192 R=0.207017
10-31 20:37:51.880 23731 23747 D UE4     : [2019.10.31-11.37.51:880][515]LogBlueprintUserMessages: [BP_PlayerhandAnimation_C_2147482544] P=54.398052 Y=60.000000 R=60.000000
10-31 20:37:51.907 23731 23747 D UE4     : [2019.10.31-11.37.51:907][516]LogBlueprintUserMessages: [BP_PlayerhandAnimation_C_2147482547] P=5.167776 Y=13.873647 R=0.033501
10-31 20:37:51.907 23731 23747 D UE4     : [2019.10.31-11.37.51:907][516]LogBlueprintUserMessages: [BP_PlayerhandAnimation_C_2147482544] P=52.140881 Y=60.000000 R=60.000000
10-31 20:37:51.921 23731 23747 D UE4     : [2019.10.31-11.37.51:921][517]LogBlueprintUserMessages: [BP_PlayerhandAnimation_C_2147482547] P=5.255072 Y=14.010791 R=-0.165137
10-31 20:37:51.921 23731 23747 D UE4     : [2019.10.31-11.37.51:921][517]LogBlueprintUserMessages: [BP_PlayerhandAnimation_C_2147482544] P=51.533539 Y=60.000000 R=60.000000
10-31 20:37:51.949 23731 23747 D UE4     : [2019.10.31-11.37.51:949][518]LogBlueprintUserMessages: [BP_PlayerhandAnimation_C_2147482547] P=5.395569 Y=14.290825 R=-0.822236
10-31 20:37:51.949 23731 23747 D UE4     : [2019.10.31-11.37.51:949][518]LogBlueprintUserMessages: [BP_PlayerhandAnimation_C_2147482544] P=49.746044 Y=60.000000 R=60.000000
10-31 20:37:51.977 23731 23747 D UE4     : [2019.10.31-11.37.51:977][519]LogBlueprintUserMessages: [BP_PlayerhandAnimation_C_2147482547] P=5.476951 Y=14.768480 R=-1.398834
10-31 20:37:51.977 23731 23747 D UE4     : [2019.10.31-11.37.51:977][519]LogBlueprintUserMessages: [BP_PlayerhandAnimation_C_2147482544] P=48.684364 Y=60.000000 R=60.000000
10-31 20:37:51.992 23731 23747 D UE4     : [2019.10.31-11.37.51:992][520]LogBlueprintUserMessages: [BP_PlayerhandAnimation_C_2147482547] P=5.578809 Y=14.940782 R=-1.619726
10-31 20:37:51.992 23731 23747 D UE4     : [2019.10.31-11.37.51:992][520]LogBlueprintUserMessages: [BP_PlayerhandAnimation_C_2147482544] P=48.030319 Y=60.000000 R=60.000000
10-31 20:37:52.018 23731 23747 D UE4     : [2019.10.31-11.37.52:018][521]LogBlueprintUserMessages: [BP_PlayerhandAnimation_C_2147482547] P=5.786358 Y=15.031357 R=-1.949579
10-31 20:37:52.018 23731 23747 D UE4     : [2019.10.31-11.37.52:018][521]LogBlueprintUserMessages: [BP_PlayerhandAnimation_C_2147482544] P=47.212322 Y=60.000000 R=60.000000
10-31 20:37:52.046 23731 23747 D UE4     : [2019.10.31-11.37.52:046][522]LogBlueprintUserMessages: [BP_PlayerhandAnimation_C_2147482547] P=5.822429 Y=15.015676 R=-1.965717
10-31 20:37:52.047 23731 23747 D UE4     : [2019.10.31-11.37.52:047][522]LogBlueprintUserMessages: [BP_PlayerhandAnimation_C_2147482544] P=46.886246 Y=60.000000 R=60.000000
10-31 20:37:52.060 23731 23747 D UE4     : [2019.10.31-11.37.52:060][523]LogBlueprintUserMessages: [BP_PlayerhandAnimation_C_2147482547] P=5.798762 Y=14.935629 R=-1.850410
10-31 20:37:52.061 23731 23747 D UE4     : [2019.10.31-11.37.52:061][523]LogBlueprintUserMessages: [BP_PlayerhandAnimation_C_2147482544] P=47.219303 Y=60.000000 R=60.000000
10-31 20:37:52.088 23731 23747 D UE4     : [2019.10.31-11.37.52:088][524]LogBlueprintUserMessages: [BP_PlayerhandAnimation_C_2147482547] P=5.777752 Y=14.893790 R=-1.790579
10-31 20:37:52.089 23731 23747 D UE4     : [2019.10.31-11.37.52:089][524]LogBlueprintUserMessages: [BP_PlayerhandAnimation_C_2147482544] P=48.182480 Y=60.000000 R=60.000000
10-31 20:37:52.116 23731 23747 D UE4     : [2019.10.31-11.37.52:115][525]LogBlueprintUserMessages: [BP_PlayerhandAnimation_C_2147482547] P=5.748977 Y=14.874932 R=-1.790680
10-31 20:37:52.116 23731 23747 D UE4     : [2019.10.31-11.37.52:116][525]LogBlueprintUserMessages: [BP_PlayerhandAnimation_C_2147482544] P=47.980515 Y=60.000000 R=60.000000
10-31 20:37:52.130 23731 23747 D UE4     : [2019.10.31-11.37.52:130][526]LogBlueprintUserMessages: [BP_PlayerhandAnimation_C_2147482547] P=5.741709 Y=14.852524 R=-1.775108
10-31 20:37:52.130 23731 23747 D UE4     : [2019.10.31-11.37.52:130][526]LogBlueprintUserMessages: [BP_PlayerhandAnimation_C_2147482544] P=47.946049 Y=60.000000 R=60.000000
10-31 20:37:52.161 23731 23747 D UE4     : [2019.10.31-11.37.52:161][527]LogBlueprintUserMessages: [BP_PlayerhandAnimation_C_2147482547] P=5.709710 Y=14.838828 R=-1.707002
10-31 20:37:52.161 23731 23747 D UE4     : [2019.10.31-11.37.52:161][527]LogBlueprintUserMessages: [BP_PlayerhandAnimation_C_2147482544] P=48.225277 Y=60.000000 R=60.000000
10-31 20:37:52.185 23731 23747 D UE4     : [2019.10.31-11.37.52:185][528]LogBlueprintUserMessages: [BP_PlayerhandAnimation_C_2147482547] P=5.745008 Y=14.844717 R=-1.703933
10-31 20:37:52.185 23731 23747 D UE4     : [2019.10.31-11.37.52:185][528]LogBlueprintUserMessages: [BP_PlayerhandAnimation_C_2147482544] P=48.746273 Y=60.000000 R=60.000000
10-31 20:37:52.200 23731 23747 D UE4     : [2019.10.31-11.37.52:200][529]LogBlueprintUserMessages: [BP_PlayerhandAnimation_C_2147482547] P=5.782253 Y=14.841635 R=-1.718816
10-31 20:37:52.200 23731 23747 D UE4     : [2019.10.31-11.37.52:200][529]LogBlueprintUserMessages: [BP_PlayerhandAnimation_C_2147482544] P=48.574036 Y=60.000000 R=60.000000
10-31 20:37:52.228 23731 23747 D UE4     : [2019.10.31-11.37.52:228][530]LogBlueprintUserMessages: [BP_PlayerhandAnimation_C_2147482547] P=5.843588 Y=14.851614 R=-1.749367
10-31 20:37:52.228 23731 23747 D UE4     : [2019.10.31-11.37.52:228][530]LogBlueprintUserMessages: [BP_PlayerhandAnimation_C_2147482544] P=48.234406 Y=60.000000 R=60.000000
10-31 20:37:52.255 23731 23747 D UE4     : [2019.10.31-11.37.52:255][531]LogBlueprintUserMessages: [BP_PlayerhandAnimation_C_2147482547] P=5.882637 Y=14.897687 R=-1.829894
10-31 20:37:52.255 23731 23747 D UE4     : [2019.10.31-11.37.52:255][531]LogBlueprintUserMessages: [BP_PlayerhandAnimation_C_2147482544] P=48.726254 Y=60.000000 R=60.000000
10-31 20:37:52.269 23731 23747 D UE4     : [2019.10.31-11.37.52:269][532]LogBlueprintUserMessages: [BP_PlayerhandAnimation_C_2147482547] P=5.905928 Y=14.919967 R=-1.896510
10-31 20:37:52.270 23731 23747 D UE4     : [2019.10.31-11.37.52:270][532]LogBlueprintUserMessages: [BP_PlayerhandAnimation_C_2147482544] P=49.197193 Y=60.000000 R=60.000000
10-31 20:37:52.297 23731 23747 D UE4     : [2019.10.31-11.37.52:297][533]LogBlueprintUserMessages: [BP_PlayerhandAnimation_C_2147482547] P=5.922805 Y=14.927600 R=-1.952067
10-31 20:37:52.297 23731 23747 D UE4     : [2019.10.31-11.37.52:297][533]LogBlueprintUserMessages: [BP_PlayerhandAnimation_C_2147482544] P=48.303703 Y=60.000000 R=60.000000
10-31 20:37:52.323 23731 23747 W InputDeviceManager: AddPairToDeviceListMapping called when index already exists in the vector index: 1,  id: 536870915
10-31 20:37:52.325 23731 23747 D UE4     : [2019.10.31-11.37.52:325][534]LogBlueprintUserMessages: [BP_PlayerhandAnimation_C_2147482547] P=5.872029 Y=14.913468 R=-1.965790
10-31 20:37:52.325 23731 23747 D UE4     : [2019.10.31-11.37.52:325][534]LogBlueprintUserMessages: [BP_PlayerhandAnimation_C_2147482544] P=48.229176 Y=60.000000 R=60.000000
10-31 20:37:52.339 23731 23747 D UE4     : [2019.10.31-11.37.52:338][535]LogBlueprintUserMessages: [BP_PlayerhandAnimation_C_2147482547] P=5.828220 Y=14.896748 R=-1.951929
10-31 20:37:52.339 23731 23747 D UE4     : [2019.10.31-11.37.52:339][535]LogBlueprintUserMessages: [BP_PlayerhandAnimation_C_2147482544] P=48.668858 Y=60.000000 R=60.000000
10-31 20:37:52.366 23731 23747 D UE4     : [2019.10.31-11.37.52:366][536]LogBlueprintUserMessages: [BP_PlayerhandAnimation_C_2147482547] P=5.724743 Y=14.813404 R=-1.858820
10-31 20:37:52.366 23731 23747 D UE4     : [2019.10.31-11.37.52:366][536]LogBlueprintUserMessages: [BP_PlayerhandAnimation_C_2147482544] P=49.592213 Y=60.000000 R=60.000000
10-31 20:37:52.394 23731 23747 D UE4     : [2019.10.31-11.37.52:394][537]LogBlueprintUserMessages: [BP_PlayerhandAnimation_C_2147482547] P=5.619306 Y=14.776261 R=-1.742010
10-31 20:37:52.395 23731 23747 D UE4     : [2019.10.31-11.37.52:395][537]LogBlueprintUserMessages: [BP_PlayerhandAnimation_C_2147482544] P=50.887566 Y=60.000000 R=60.000000
10-31 20:37:52.408 23731 23747 D UE4     : [2019.10.31-11.37.52:408][538]LogBlueprintUserMessages: [BP_PlayerhandAnimation_C_2147482547] P=5.577177 Y=14.790546 R=-1.736206
10-31 20:37:52.409 23731 23747 D UE4     : [2019.10.31-11.37.52:409][538]LogBlueprintUserMessages: [BP_PlayerhandAnimation_C_2147482544] P=51.714302 Y=60.000000 R=60.000000
10-31 20:37:52.436 23731 23747 D UE4     : [2019.10.31-11.37.52:436][539]LogBlueprintUserMessages: [BP_PlayerhandAnimation_C_2147482547] P=5.500235 Y=14.811389 R=-1.805390
10-31 20:37:52.436 23731 23747 D UE4     : [2019.10.31-11.37.52:436][539]LogBlueprintUserMessages: [BP_PlayerhandAnimation_C_2147482544] P=53.838333 Y=60.000000 R=60.000000
10-31 20:37:52.464 23731 23747 D UE4     : [2019.10.31-11.37.52:464][540]LogBlueprintUserMessages: [BP_PlayerhandAnimation_C_2147482547] P=5.474390 Y=14.824384 R=-1.834808
10-31 20:37:52.464 23731 23747 D UE4     : [2019.10.31-11.37.52:464][540]LogBlueprintUserMessages: [BP_PlayerhandAnimation_C_2147482544] P=57.158833 Y=60.000000 R=60.000000
10-31 20:37:52.478 23731 23747 D UE4     : [2019.10.31-11.37.52:478][541]LogBlueprintUserMessages: [BP_PlayerhandAnimation_C_2147482547] P=5.447929 Y=14.816664 R=-1.831389
10-31 20:37:52.479 23731 23747 D UE4     : [2019.10.31-11.37.52:479][541]LogBlueprintUserMessages: [BP_PlayerhandAnimation_C_2147482544] P=59.157234 Y=60.000000 R=60.000000
10-31 20:37:52.505 23731 23747 D UE4     : [2019.10.31-11.37.52:505][542]LogBlueprintUserMessages: [BP_PlayerhandAnimation_C_2147482547] P=5.427644 Y=14.797568 R=-1.806554
10-31 20:37:52.505 23731 23747 D UE4     : [2019.10.31-11.37.52:505][542]LogBlueprintUserMessages: [BP_PlayerhandAnimation_C_2147482544] P=60.000000 Y=60.000000 R=60.000000
10-31 20:37:52.534 23731 23747 D UE4     : [2019.10.31-11.37.52:534][543]LogBlueprintUserMessages: [BP_PlayerhandAnimation_C_2147482547] P=5.474048 Y=14.805592 R=-1.871972
10-31 20:37:52.534 23731 23747 D UE4     : [2019.10.31-11.37.52:534][543]LogBlueprintUserMessages: [BP_PlayerhandAnimation_C_2147482544] P=60.000000 Y=60.000000 R=60.000000
10-31 20:37:52.550 23731 23747 D UE4     : [2019.10.31-11.37.52:550][544]LogBlueprintUserMessages: [BP_PlayerhandAnimation_C_2147482547] P=5.480018 Y=14.801325 R=-1.933911
10-31 20:37:52.551 23731 23747 D UE4     : [2019.10.31-11.37.52:551][544]LogBlueprintUserMessages: [BP_PlayerhandAnimation_C_2147482544] P=60.000000 Y=60.000000 R=60.000000
10-31 20:37:52.553 23731 24089 I VrApi   : FPS=43,Prd=44ms,Tear=0,Early=0,Stale=72,VSnc=1,Lat=1,Fov=0,CPU4/GPU=4/5,2304/710MHz,OC=FF,TA=0/E0/E0,SP=N/F/F,Mem=1804MHz,Free=1252MB,PSM=0,PLS=0,Temp=32.0C/0.0C,TW=3.82ms,App=25.59ms,GD=0.55ms,CPU&GPU=28.96ms,LCnt=2,GPU%=0.92,CPU%=0.42(W0.45)
10-31 20:37:52.575 23731 23747 D UE4     : [2019.10.31-11.37.52:575][545]LogBlueprintUserMessages: [BP_PlayerhandAnimation_C_2147482547] P=5.457854 Y=14.833791 R=-1.982918
10-31 20:37:52.575 23731 23747 D UE4     : [2019.10.31-11.37.52:575][545]LogBlueprintUserMessages: [BP_PlayerhandAnimation_C_2147482544] P=60.000000 Y=60.000000 R=60.000000
10-31 20:37:52.603 23731 23747 D UE4     : [2019.10.31-11.37.52:603][546]LogBlueprintUserMessages: [BP_PlayerhandAnimation_C_2147482547] P=5.387878 Y=14.996724 R=-2.110113
10-31 20:37:52.603 23731 23747 D UE4     : [2019.10.31-11.37.52:603][546]LogBlueprintUserMessages: [BP_PlayerhandAnimation_C_2147482544] P=60.000000 Y=60.000000 R=60.000000
10-31 20:37:52.617 23731 23747 D UE4     : [2019.10.31-11.37.52:617][547]LogBlueprintUserMessages: [BP_PlayerhandAnimation_C_2147482547] P=5.318914 Y=15.048813 R=-2.177794
10-31 20:37:52.618 23731 23747 D UE4     : [2019.10.31-11.37.52:618][547]LogBlueprintUserMessages: [BP_PlayerhandAnimation_C_2147482544] P=60.000000 Y=-60.000000 R=60.000000
10-31 20:37:52.645 23731 23747 D UE4     : [2019.10.31-11.37.52:645][548]LogBlueprintUserMessages: [BP_PlayerhandAnimation_C_2147482547] P=5.137975 Y=15.215654 R=-2.253735
10-31 20:37:52.646 23731 23747 D UE4     : [2019.10.31-11.37.52:646][548]LogBlueprintUserMessages: [BP_PlayerhandAnimation_C_2147482544] P=60.000000 Y=-24.284317 R=-28.898911
10-31 20:37:52.672   707 23866 I [CT]    : L:Behavior:NearHeadMoving: state transition: InRange -> Init
10-31 20:37:52.673 23731 23747 D UE4     : [2019.10.31-11.37.52:673][549]LogBlueprintUserMessages: [BP_PlayerhandAnimation_C_2147482547] P=4.636312 Y=15.381158 R=-2.034881
10-31 20:37:52.673 23731 23747 D UE4     : [2019.10.31-11.37.52:673][549]LogBlueprintUserMessages: [BP_PlayerhandAnimation_C_2147482544] P=60.000000 Y=-11.168011 R=-13.809404
10-31 20:37:52.673   707 23866 I [CT]    : L:Behavior:NearHeadMoving: state transition: Init -> TorsoInitialized
10-31 20:37:52.687 23731 23747 D UE4     : [2019.10.31-11.37.52:687][550]LogBlueprintUserMessages: [BP_PlayerhandAnimation_C_2147482547] P=4.479935 Y=15.362807 R=-1.917361
10-31 20:37:52.687 23731 23747 D UE4     : [2019.10.31-11.37.52:687][550]LogBlueprintUserMessages: [BP_PlayerhandAnimation_C_2147482544] P=60.000000 Y=-14.075708 R=-14.461936
10-31 20:37:52.701   707 23883 I [CT]    : MANAGEMENT:CONSTELLATION: Status=GREEN,, Obj=1122628778328220990,6DOF=1,FusJit=0.02mm,Issues(Cam/min=  0,IMU/min=0), Obj=6776806836185477697,6DOF=1,FusJit=0.0mm,Issues(Cam/min=  0,IMU/min=0)
10-31 20:37:52.714 23731 23747 D UE4     : [2019.10.31-11.37.52:714][551]LogBlueprintUserMessages: [BP_PlayerhandAnimation_C_2147482547] P=4.421946 Y=15.113477 R=-1.737998
10-31 20:37:52.715 23731 23747 D UE4     : [2019.10.31-11.37.52:715][551]LogBlueprintUserMessages: [BP_PlayerhandAnimation_C_2147482544] P=57.328808 Y=-28.905727 R=-26.273621
10-31 20:37:52.742 23731 23747 D UE4     : [2019.10.31-11.37.52:742][552]LogBlueprintUserMessages: [BP_PlayerhandAnimation_C_2147482547] P=4.352436 Y=14.647755 R=-0.966032
10-31 20:37:52.742 23731 23747 D UE4     : [2019.10.31-11.37.52:742][552]LogBlueprintUserMessages: [BP_PlayerhandAnimation_C_2147482544] P=42.424866 Y=-38.516708 R=-39.797085
10-31 20:37:52.770 23731 23747 D UE4     : [2019.10.31-11.37.52:770][553]LogBlueprintUserMessages: [BP_PlayerhandAnimation_C_2147482547] P=4.062323 Y=14.584217 R=0.105959
10-31 20:37:52.771 23731 23747 D UE4     : [2019.10.31-11.37.52:771][553]LogBlueprintUserMessages: [BP_PlayerhandAnimation_C_2147482544] P=33.053589 Y=-41.770081 R=-45.447876
10-31 20:37:52.783 23731 23747 W InputDeviceManager: AddPairToDeviceListMapping called when index already exists in the vector index: 1,  id: 536870915
10-31 20:37:52.785 23731 23747 D UE4     : [2019.10.31-11.37.52:785][554]LogBlueprintUserMessages: [BP_PlayerhandAnimation_C_2147482547] P=3.862970 Y=14.617847 R=0.334281
10-31 20:37:52.785 23731 23747 D UE4     : [2019.10.31-11.37.52:785][554]LogBlueprintUserMessages: [BP_PlayerhandAnimation_C_2147482544] P=28.929441 Y=-41.550121 R=-44.244972
10-31 20:37:52.812 23731 23747 D UE4     : [2019.10.31-11.37.52:812][555]LogBlueprintUserMessages: [BP_PlayerhandAnimation_C_2147482547] P=3.591272 Y=14.646839 R=0.350057
10-31 20:37:52.812 23731 23747 D UE4     : [2019.10.31-11.37.52:812][555]LogBlueprintUserMessages: [BP_PlayerhandAnimation_C_2147482544] P=15.416863 Y=-40.747009 R=-38.766224
10-31 20:37:52.839 23731 23747 D UE4     : [2019.10.31-11.37.52:839][556]LogBlueprintUserMessages: [BP_PlayerhandAnimation_C_2147482547] P=3.353766 Y=14.709583 R=0.569422
10-31 20:37:52.840 23731 23747 D UE4     : [2019.10.31-11.37.52:840][556]LogBlueprintUserMessages: [BP_PlayerhandAnimation_C_2147482544] P=3.415648 Y=-41.034119 R=-34.407055
10-31 20:37:52.854 23731 23747 D UE4     : [2019.10.31-11.37.52:854][557]LogBlueprintUserMessages: [BP_PlayerhandAnimation_C_2147482547] P=3.232913 Y=14.775720 R=0.745297
10-31 20:37:52.854 23731 23747 D UE4     : [2019.10.31-11.37.52:854][557]LogBlueprintUserMessages: [BP_PlayerhandAnimation_C_2147482544] P=1.513611 Y=-40.909767 R=-34.053295
10-31 20:37:52.882 23731 23747 D UE4     : [2019.10.31-11.37.52:881][558]LogBlueprintUserMessages: [BP_PlayerhandAnimation_C_2147482547] P=3.132523 Y=14.954541 R=0.910857
10-31 20:37:52.882 23731 23747 D UE4     : [2019.10.31-11.37.52:882][558]LogBlueprintUserMessages: [BP_PlayerhandAnimation_C_2147482544] P=-3.696129 Y=-39.207691 R=-32.875443
10-31 20:37:52.910 23731 23747 D UE4     : [2019.10.31-11.37.52:910][559]LogBlueprintUserMessages: [BP_PlayerhandAnimation_C_2147482547] P=3.295641 Y=14.862631 R=0.576044
10-31 20:37:52.910 23731 23747 D UE4     : [2019.10.31-11.37.52:910][559]LogBlueprintUserMessages: [BP_PlayerhandAnimation_C_2147482544] P=-13.369370 Y=-39.728775 R=-33.175434
10-31 20:37:52.924 23731 23747 D UE4     : [2019.10.31-11.37.52:923][560]LogBlueprintUserMessages: [BP_PlayerhandAnimation_C_2147482547] P=3.317464 Y=14.771233 R=0.536720
10-31 20:37:52.924 23731 23747 D UE4     : [2019.10.31-11.37.52:924][560]LogBlueprintUserMessages: [BP_PlayerhandAnimation_C_2147482544] P=-19.039179 Y=-40.683533 R=-34.841164
10-31 20:37:52.951 23731 23747 D UE4     : [2019.10.31-11.37.52:951][561]LogBlueprintUserMessages: [BP_PlayerhandAnimation_C_2147482547] P=3.324601 Y=14.794517 R=0.820505
10-31 20:37:52.951 23731 23747 D UE4     : [2019.10.31-11.37.52:951][561]LogBlueprintUserMessages: [BP_PlayerhandAnimation_C_2147482544] P=-25.264526 Y=-41.993946 R=-38.689030
10-31 20:37:52.980 23731 23747 D UE4     : [2019.10.31-11.37.52:980][562]LogBlueprintUserMessages: [BP_PlayerhandAnimation_C_2147482547] P=3.496866 Y=14.724509 R=0.728754
10-31 20:37:52.980 23731 23747 D UE4     : [2019.10.31-11.37.52:980][562]LogBlueprintUserMessages: [BP_PlayerhandAnimation_C_2147482544] P=-30.022341 Y=-41.422302 R=-42.364689
10-31 20:37:52.993 23731 23747 D UE4     : [2019.10.31-11.37.52:993][563]LogBlueprintUserMessages: [BP_PlayerhandAnimation_C_2147482547] P=3.652662 Y=14.560294 R=0.555658
10-31 20:37:52.994 23731 23747 D UE4     : [2019.10.31-11.37.52:994][563]LogBlueprintUserMessages: [BP_PlayerhandAnimation_C_2147482544] P=-32.976288 Y=-40.991825 R=-43.148319
10-31 20:37:53.021 23731 23747 D UE4     : [2019.10.31-11.37.53:021][564]LogBlueprintUserMessages: [BP_PlayerhandAnimation_C_2147482547] P=3.776992 Y=14.417311 R=0.557788
10-31 20:37:53.021 23731 23747 D UE4     : [2019.10.31-11.37.53:021][564]LogBlueprintUserMessages: [BP_PlayerhandAnimation_C_2147482544] P=-40.961571 Y=-43.013157 R=-43.244526
10-31 20:37:53.049 23731 23747 D UE4     : [2019.10.31-11.37.53:049][565]LogBlueprintUserMessages: [BP_PlayerhandAnimation_C_2147482547] P=3.830493 Y=14.347282 R=0.631757
10-31 20:37:53.050 23731 23747 D UE4     : [2019.10.31-11.37.53:050][565]LogBlueprintUserMessages: [BP_PlayerhandAnimation_C_2147482544] P=-48.945969 Y=-47.217564 R=-47.178616
10-31 20:37:53.063 23731 23747 D UE4     : [2019.10.31-11.37.53:063][566]LogBlueprintUserMessages: [BP_PlayerhandAnimation_C_2147482547] P=3.838464 Y=14.307445 R=0.621840
10-31 20:37:53.063 23731 23747 D UE4     : [2019.10.31-11.37.53:063][566]LogBlueprintUserMessages: [BP_PlayerhandAnimation_C_2147482544] P=-50.916588 Y=-49.284042 R=-48.712654
10-31 20:37:53.090 23731 23747 D UE4     : [2019.10.31-11.37.53:090][567]LogBlueprintUserMessages: [BP_PlayerhandAnimation_C_2147482547] P=3.845321 Y=14.224052 R=0.601450
10-31 20:37:53.090 23731 23747 D UE4     : [2019.10.31-11.37.53:090][567]LogBlueprintUserMessages: [BP_PlayerhandAnimation_C_2147482544] P=-52.174953 Y=-51.277264 R=-49.636986
10-31 20:37:53.118 23731 23747 D UE4     : [2019.10.31-11.37.53:118][568]LogBlueprintUserMessages: [BP_PlayerhandAnimation_C_2147482547] P=3.744173 Y=14.149551 R=0.743812
10-31 20:37:53.118 23731 23747 D UE4     : [2019.10.31-11.37.53:118][568]LogBlueprintUserMessages: [BP_PlayerhandAnimation_C_2147482544] P=-52.793079 Y=-52.017982 R=-48.187298
10-31 20:37:53.133 23731 23747 D UE4     : [2019.10.31-11.37.53:133][569]LogBlueprintUserMessages: [BP_PlayerhandAnimation_C_2147482547] P=3.700084 Y=14.115560 R=0.815545
10-31 20:37:53.133 23731 23747 D UE4     : [2019.10.31-11.37.53:133][569]LogBlueprintUserMessages: [BP_PlayerhandAnimation_C_2147482544] P=-53.977055 Y=-53.562199 R=-48.610565
10-31 20:37:53.160 23731 23747 D UE4     : [2019.10.31-11.37.53:160][570]LogBlueprintUserMessages: [BP_PlayerhandAnimation_C_2147482547] P=3.406666 Y=14.026390 R=0.798182
10-31 20:37:53.160 23731 23747 D UE4     : [2019.10.31-11.37.53:160][570]LogBlueprintUserMessages: [BP_PlayerhandAnimation_C_2147482544] P=-57.212646 Y=-58.173126 R=-47.126389
10-31 20:37:53.188 23731 23747 D UE4     : [2019.10.31-11.37.53:188][571]LogBlueprintUserMessages: [BP_PlayerhandAnimation_C_2147482547] P=3.117961 Y=14.011957 R=0.859519
10-31 20:37:53.188 23731 23747 D UE4     : [2019.10.31-11.37.53:188][571]LogBlueprintUserMessages: [BP_PlayerhandAnimation_C_2147482544] P=-59.154545 Y=-60.000000 R=-45.209564
10-31 20:37:53.201 23731 24100 W InputDeviceManager: AddPairToDeviceListMapping called when index already exists in the vector index: 1,  id: 536870915
10-31 20:37:53.203 23731 23747 D UE4     : [2019.10.31-11.37.53:202][572]LogBlueprintUserMessages: [BP_PlayerhandAnimation_C_2147482547] P=3.019900 Y=14.019307 R=1.040528
10-31 20:37:53.203 23731 23747 D UE4     : [2019.10.31-11.37.53:203][572]LogBlueprintUserMessages: [BP_PlayerhandAnimation_C_2147482544] P=-59.353577 Y=-60.000000 R=-45.977741
10-31 20:37:53.229 23731 23747 D UE4     : [2019.10.31-11.37.53:229][573]LogBlueprintUserMessages: [BP_PlayerhandAnimation_C_2147482547] P=2.889785 Y=13.961052 R=1.090295
10-31 20:37:53.230 23731 23747 D UE4     : [2019.10.31-11.37.53:230][573]LogBlueprintUserMessages: [BP_PlayerhandAnimation_C_2147482544] P=-60.000000 Y=-60.000000 R=-44.691143
10-31 20:37:53.258 23731 23747 D UE4     : [2019.10.31-11.37.53:258][574]LogBlueprintUserMessages: [BP_PlayerhandAnimation_C_2147482547] P=2.854069 Y=13.925156 R=0.889489
10-31 20:37:53.258 23731 23747 D UE4     : [2019.10.31-11.37.53:258][574]LogBlueprintUserMessages: [BP_PlayerhandAnimation_C_2147482544] P=-60.000000 Y=-60.000000 R=-38.278141
10-31 20:37:53.272 23731 23747 D UE4     : [2019.10.31-11.37.53:272][575]LogBlueprintUserMessages: [BP_PlayerhandAnimation_C_2147482547] P=2.837301 Y=13.939169 R=0.891214
10-31 20:37:53.272 23731 23747 D UE4     : [2019.10.31-11.37.53:272][575]LogBlueprintUserMessages: [BP_PlayerhandAnimation_C_2147482544] P=-60.000000 Y=-60.000000 R=-35.171501
10-31 20:37:53.292   707 23884 I [CT]    : Viper:Map_Manager: State: TRACKING_PERSISTENT, UUID=c35d16fd-2f43-4aee-acdd-50817cc71f4c, Num. Persistent maps = 5,  Persistent maps:ddbf46f9-2dca-4c55-aad6-82db99e2cc82,c35d16fd-2f43-4aee-acdd-50817cc71f4c,e88738b8-3abe-42c7-89b3-80158ce05742,67aea901-b572-42b7-9d58-b3f32e26f466,c039ea76-57b5-4c41-9a99-f1bc208bbafc,, Ser. Disabled = 00000000-0000-0000-0000-000000000000
10-31 20:37:53.299 23731 23747 D UE4     : [2019.10.31-11.37.53:299][576]LogBlueprintUserMessages: [BP_PlayerhandAnimation_C_2147482547] P=2.839439 Y=13.886220 R=0.914791
10-31 20:37:53.299 23731 23747 D UE4     : [2019.10.31-11.37.53:299][576]LogBlueprintUserMessages: [BP_PlayerhandAnimation_C_2147482544] P=-60.000000 Y=-60.000000 R=-30.554140
10-31 20:37:53.326   707 23884 I [CT]    : VIPER: Status=6DoF,TRACKING,KF=102,Inl=178,Pts=281,Jit=0.2mm,Issues(Cam/min=0.0,IMU/min=0.0),Exp=(7.1ms,g=8,I=115)(4.9ms,g=3,I=96)(7.1ms,g=8,I=85)(5.1ms,g=3,I=96)
10-31 20:37:53.327 23731 23747 D UE4     : [2019.10.31-11.37.53:327][577]LogBlueprintUserMessages: [BP_PlayerhandAnimation_C_2147482547] P=2.817077 Y=13.839559 R=0.977391
10-31 20:37:53.328 23731 23747 D UE4     : [2019.10.31-11.37.53:328][577]LogBlueprintUserMessages: [BP_PlayerhandAnimation_C_2147482544] P=-60.000000 Y=-60.000000 R=-30.229288
10-31 20:37:53.341 23731 23747 D UE4     : [2019.10.31-11.37.53:341][578]LogBlueprintUserMessages: [BP_PlayerhandAnimation_C_2147482547] P=2.812146 Y=13.797807 R=1.031332
10-31 20:37:53.342 23731 23747 D UE4     : [2019.10.31-11.37.53:342][578]LogBlueprintUserMessages: [BP_PlayerhandAnimation_C_2147482544] P=-60.000000 Y=-60.000000 R=-30.303310
10-31 20:37:53.369 23731 23747 D UE4     : [2019.10.31-11.37.53:369][579]LogBlueprintUserMessages: [BP_PlayerhandAnimation_C_2147482547] P=2.820724 Y=13.757286 R=1.112227
10-31 20:37:53.369 23731 23747 D UE4     : [2019.10.31-11.37.53:369][579]LogBlueprintUserMessages: [BP_PlayerhandAnimation_C_2147482544] P=-60.000000 Y=-60.000000 R=-27.258377
10-31 20:37:53.397 23731 23747 D UE4     : [2019.10.31-11.37.53:397][580]LogBlueprintUserMessages: [BP_PlayerhandAnimation_C_2147482547] P=2.837131 Y=13.752098 R=1.142790
10-31 20:37:53.397 23731 23747 D UE4     : [2019.10.31-11.37.53:397][580]LogBlueprintUserMessages: [BP_PlayerhandAnimation_C_2147482544] P=-60.000000 Y=-60.000000 R=-26.562948
10-31 20:37:53.412 23731 23747 D UE4     : [2019.10.31-11.37.53:411][581]LogBlueprintUserMessages: [BP_PlayerhandAnimation_C_2147482547] P=2.852430 Y=13.759059 R=1.158540
10-31 20:37:53.412 23731 23747 D UE4     : [2019.10.31-11.37.53:412][581]LogBlueprintUserMessages: [BP_PlayerhandAnimation_C_2147482544] P=-60.000000 Y=-60.000000 R=-28.094400
10-31 20:37:53.417   541 15874 V msm8974_platform: platform_get_parameters: exit: returns - snd_device_in=none
10-31 20:37:53.417   541 15874 V audio_hw_primary: adev_get_parameters: exit: returns - snd_device_in=none
10-31 20:37:53.417   541 15874 I hash_map_utils: key: 'snd_device_in' value: ''
10-31 20:37:53.417   541   595 V msm8974_platform: platform_get_parameters: exit: returns - snd_device_out=speaker
10-31 20:37:53.417   541   595 V audio_hw_primary: adev_get_parameters: exit: returns - snd_device_out=speaker
10-31 20:37:53.417   541   595 I hash_map_utils: key: 'snd_device_out' value: ''
10-31 20:37:53.438 23731 23747 D UE4     : [2019.10.31-11.37.53:438][582]LogBlueprintUserMessages: [BP_PlayerhandAnimation_C_2147482547] P=2.897045 Y=13.760247 R=1.211586
10-31 20:37:53.439 23731 23747 D UE4     : [2019.10.31-11.37.53:439][582]LogBlueprintUserMessages: [BP_PlayerhandAnimation_C_2147482544] P=-60.000000 Y=-60.000000 R=-29.702171
10-31 20:37:53.466 23731 23747 D UE4     : [2019.10.31-11.37.53:466][583]LogBlueprintUserMessages: [BP_PlayerhandAnimation_C_2147482547] P=2.907229 Y=13.718254 R=1.245729
10-31 20:37:53.466 23731 23747 D UE4     : [2019.10.31-11.37.53:466][583]LogBlueprintUserMessages: [BP_PlayerhandAnimation_C_2147482544] P=-60.000000 Y=-60.000000 R=-28.022800
10-31 20:37:53.480 23731 23747 W InputDeviceManager: AddPairToDeviceListMapping called when index already exists in the vector index: 1,  id: 536870915
10-31 20:37:53.482 23731 23747 D UE4     : [2019.10.31-11.37.53:482][584]LogBlueprintUserMessages: [BP_PlayerhandAnimation_C_2147482547] P=2.935301 Y=13.688832 R=1.295930
10-31 20:37:53.482 23731 23747 D UE4     : [2019.10.31-11.37.53:482][584]LogBlueprintUserMessages: [BP_PlayerhandAnimation_C_2147482544] P=-60.000000 Y=-60.000000 R=-27.291124
10-31 20:37:53.508 23731 23747 D UE4     : [2019.10.31-11.37.53:508][585]LogBlueprintUserMessages: [BP_PlayerhandAnimation_C_2147482547] P=2.979246 Y=13.620652 R=1.358716
10-31 20:37:53.509 23731 23747 D UE4     : [2019.10.31-11.37.53:509][585]LogBlueprintUserMessages: [BP_PlayerhandAnimation_C_2147482544] P=-60.000000 Y=-60.000000 R=-26.371012
10-31 20:37:53.536 23731 23747 D UE4     : [2019.10.31-11.37.53:536][586]LogBlueprintUserMessages: [BP_PlayerhandAnimation_C_2147482547] P=3.036477 Y=13.501907 R=1.391074
10-31 20:37:53.536 23731 23747 D UE4     : [2019.10.31-11.37.53:536][586]LogBlueprintUserMessages: [BP_PlayerhandAnimation_C_2147482544] P=-60.000000 Y=-60.000000 R=-25.621073
10-31 20:37:53.550 23731 23747 D UE4     : [2019.10.31-11.37.53:550][587]LogBlueprintUserMessages: [BP_PlayerhandAnimation_C_2147482547] P=3.035616 Y=13.457140 R=1.426660
10-31 20:37:53.550 23731 23747 D UE4     : [2019.10.31-11.37.53:550][587]LogBlueprintUserMessages: [BP_PlayerhandAnimation_C_2147482544] P=-60.000000 Y=-60.000000 R=-24.773714
10-31 20:37:53.559 23731 24089 I VrApi   : FPS=43,Prd=44ms,Tear=0,Early=0,Stale=72,VSnc=1,Lat=1,Fov=0,CPU4/GPU=4/5,2304/710MHz,OC=FF,TA=0/E0/E0,SP=N/F/F,Mem=1804MHz,Free=1253MB,PSM=0,PLS=0,Temp=32.0C/0.0C,TW=3.85ms,App=23.18ms,GD=0.59ms,CPU&GPU=28.98ms,LCnt=2,GPU%=0.93,CPU%=0.46(W0.56)
10-31 20:37:53.578 23731 23747 D UE4     : [2019.10.31-11.37.53:578][588]LogBlueprintUserMessages: [BP_PlayerhandAnimation_C_2147482547] P=3.005071 Y=13.401997 R=1.564754
10-31 20:37:53.578 23731 23747 D UE4     : [2019.10.31-11.37.53:578][588]LogBlueprintUserMessages: [BP_PlayerhandAnimation_C_2147482544] P=-60.000000 Y=-60.000000 R=-22.034721
10-31 20:37:53.606 23731 23747 D UE4     : [2019.10.31-11.37.53:606][589]LogBlueprintUserMessages: [BP_PlayerhandAnimation_C_2147482547] P=2.957868 Y=13.355309 R=1.618378
10-31 20:37:53.606 23731 23747 D UE4     : [2019.10.31-11.37.53:606][589]LogBlueprintUserMessages: [BP_PlayerhandAnimation_C_2147482544] P=-60.000000 Y=-60.000000 R=-20.084038
10-31 20:37:53.620 23731 23747 D UE4     : [2019.10.31-11.37.53:620][590]LogBlueprintUserMessages: [BP_PlayerhandAnimation_C_2147482547] P=2.961515 Y=13.343889 R=1.613233
10-31 20:37:53.620 23731 23747 D UE4     : [2019.10.31-11.37.53:620][590]LogBlueprintUserMessages: [BP_PlayerhandAnimation_C_2147482544] P=-60.000000 Y=-60.000000 R=-20.268311
10-31 20:37:53.647 23731 23747 D UE4     : [2019.10.31-11.37.53:647][591]LogBlueprintUserMessages: [BP_PlayerhandAnimation_C_2147482547] P=2.896984 Y=13.308187 R=1.626172
10-31 20:37:53.648 23731 23747 D UE4     : [2019.10.31-11.37.53:648][591]LogBlueprintUserMessages: [BP_PlayerhandAnimation_C_2147482544] P=-60.000000 Y=-60.000000 R=-20.089283
10-31 20:37:53.675 23731 23747 D UE4     : [2019.10.31-11.37.53:675][592]LogBlueprintUserMessages: [BP_PlayerhandAnimation_C_2147482547] P=2.835471 Y=13.290701 R=1.666807
10-31 20:37:53.676 23731 23747 D UE4     : [2019.10.31-11.37.53:676][592]LogBlueprintUserMessages: [BP_PlayerhandAnimation_C_2147482544] P=-60.000000 Y=-60.000000 R=-17.174334
10-31 20:37:53.696 23731 23747 D UE4     : [2019.10.31-11.37.53:696][593]LogBlueprintUserMessages: [BP_PlayerhandAnimation_C_2147482547] P=2.829535 Y=13.265402 R=1.665326
10-31 20:37:53.697 23731 23747 D UE4     : [2019.10.31-11.37.53:697][593]LogBlueprintUserMessages: [BP_PlayerhandAnimation_C_2147482544] P=-60.000000 Y=-60.000000 R=-14.704876
10-31 20:37:53.717 23731 23747 D UE4     : [2019.10.31-11.37.53:717][594]LogBlueprintUserMessages: [BP_PlayerhandAnimation_C_2147482547] P=2.826517 Y=13.210594 R=1.650991
10-31 20:37:53.717 23731 23747 D UE4     : [2019.10.31-11.37.53:717][594]LogBlueprintUserMessages: [BP_PlayerhandAnimation_C_2147482544] P=-60.000000 Y=-60.000000 R=-12.376866
10-31 20:37:53.745 23731 23747 D UE4     : [2019.10.31-11.37.53:745][595]LogBlueprintUserMessages: [BP_PlayerhandAnimation_C_2147482547] P=2.804236 Y=13.156789 R=1.672027
10-31 20:37:53.746 23731 23747 D UE4     : [2019.10.31-11.37.53:746][595]LogBlueprintUserMessages: [BP_PlayerhandAnimation_C_2147482544] P=-60.000000 Y=-60.000000 R=-11.847994
10-31 20:37:53.758 23731 23747 W InputDeviceManager: AddPairToDeviceListMapping called when index already exists in the vector index: 1,  id: 536870915
10-31 20:37:53.760 23731 23747 D UE4     : [2019.10.31-11.37.53:760][596]LogBlueprintUserMessages: [BP_PlayerhandAnimation_C_2147482547] P=2.799927 Y=13.135674 R=1.689869
10-31 20:37:53.760 23731 23747 D UE4     : [2019.10.31-11.37.53:760][596]LogBlueprintUserMessages: [BP_PlayerhandAnimation_C_2147482544] P=-60.000000 Y=-60.000000 R=-12.095292
10-31 20:37:53.787 23731 23747 D UE4     : [2019.10.31-11.37.53:787][597]LogBlueprintUserMessages: [BP_PlayerhandAnimation_C_2147482547] P=2.801785 Y=13.106929 R=1.698866
10-31 20:37:53.787 23731 23747 D UE4     : [2019.10.31-11.37.53:787][597]LogBlueprintUserMessages: [BP_PlayerhandAnimation_C_2147482544] P=-60.000000 Y=-60.000000 R=-11.114399
10-31 20:37:53.814 23731 23747 D UE4     : [2019.10.31-11.37.53:814][598]LogBlueprintUserMessages: [BP_PlayerhandAnimation_C_2147482547] P=2.775727 Y=13.094471 R=1.676572
10-31 20:37:53.814 23731 23747 D UE4     : [2019.10.31-11.37.53:814][598]LogBlueprintUserMessages: [BP_PlayerhandAnimation_C_2147482544] P=-60.000000 Y=-60.000000 R=-7.145524
10-31 20:37:53.829 23731 23747 D UE4     : [2019.10.31-11.37.53:829][599]LogBlueprintUserMessages: [BP_PlayerhandAnimation_C_2147482547] P=2.720205 Y=13.104568 R=1.693350
10-31 20:37:53.829 23731 23747 D UE4     : [2019.10.31-11.37.53:829][599]LogBlueprintUserMessages: [BP_PlayerhandAnimation_C_2147482544] P=-60.000000 Y=-60.000000 R=-5.804944
10-31 20:37:53.857 23731 23747 D UE4     : [2019.10.31-11.37.53:857][600]LogBlueprintUserMessages: [BP_PlayerhandAnimation_C_2147482547] P=2.658719 Y=13.118674 R=1.758304
10-31 20:37:53.857 23731 23747 D UE4     : [2019.10.31-11.37.53:857][600]LogBlueprintUserMessages: [BP_PlayerhandAnimation_C_2147482544] P=-60.000000 Y=-60.000000 R=-4.482492
10-31 20:37:53.884 23731 23747 D UE4     : [2019.10.31-11.37.53:884][601]LogBlueprintUserMessages: [BP_PlayerhandAnimation_C_2147482547] P=2.639615 Y=13.116536 R=1.771682
10-31 20:37:53.884 23731 23747 D UE4     : [2019.10.31-11.37.53:884][601]LogBlueprintUserMessages: [BP_PlayerhandAnimation_C_2147482544] P=-60.000000 Y=-60.000000 R=-2.541715
10-31 20:37:53.898 23731 23747 D UE4     : [2019.10.31-11.37.53:898][602]LogBlueprintUserMessages: [BP_PlayerhandAnimation_C_2147482547] P=2.635408 Y=13.107380 R=1.784643
10-31 20:37:53.898 23731 23747 D UE4     : [2019.10.31-11.37.53:898][602]LogBlueprintUserMessages: [BP_PlayerhandAnimation_C_2147482544] P=-60.000000 Y=-60.000000 R=-1.525529
10-31 20:37:53.926 23731 23747 D UE4     : [2019.10.31-11.37.53:926][603]LogBlueprintUserMessages: [BP_PlayerhandAnimation_C_2147482547] P=2.621987 Y=13.119494 R=1.897489
10-31 20:37:53.926 23731 23747 D UE4     : [2019.10.31-11.37.53:926][603]LogBlueprintUserMessages: [BP_PlayerhandAnimation_C_2147482544] P=-60.000000 Y=-60.000000 R=0.137307
10-31 20:37:53.954 23731 23747 D UE4     : [2019.10.31-11.37.53:954][604]LogBlueprintUserMessages: [BP_PlayerhandAnimation_C_2147482547] P=2.609767 Y=13.186789 R=1.935827
10-31 20:37:53.954 23731 23747 D UE4     : [2019.10.31-11.37.53:954][604]LogBlueprintUserMessages: [BP_PlayerhandAnimation_C_2147482544] P=-60.000000 Y=-60.000000 R=1.043835
10-31 20:37:53.981 23731 23747 D UE4     : [2019.10.31-11.37.53:981][605]LogBlueprintUserMessages: [BP_PlayerhandAnimation_C_2147482547] P=2.608183 Y=13.187918 R=1.885055
10-31 20:37:53.982 23731 23747 D UE4     : [2019.10.31-11.37.53:982][605]LogBlueprintUserMessages: [BP_PlayerhandAnimation_C_2147482544] P=-60.000000 Y=-60.000000 R=3.411557
10-31 20:37:53.996 23731 23747 D UE4     : [2019.10.31-11.37.53:996][606]LogBlueprintUserMessages: [BP_PlayerhandAnimation_C_2147482547] P=2.610000 Y=13.187091 R=1.900410
10-31 20:37:53.996 23731 23747 D UE4     : [2019.10.31-11.37.53:996][606]LogBlueprintUserMessages: [BP_PlayerhandAnimation_C_2147482544] P=-60.000000 Y=-60.000000 R=4.657380
10-31 20:37:54.023 23731 23747 D UE4     : [2019.10.31-11.37.54:023][607]LogBlueprintUserMessages: [BP_PlayerhandAnimation_C_2147482547] P=2.624398 Y=13.222490 R=1.947151
10-31 20:37:54.023 23731 23747 D UE4     : [2019.10.31-11.37.54:023][607]LogBlueprintUserMessages: [BP_PlayerhandAnimation_C_2147482544] P=-60.000000 Y=-60.000000 R=5.978109
10-31 20:37:54.051 23731 23747 D UE4     : [2019.10.31-11.37.54:051][608]LogBlueprintUserMessages: [BP_PlayerhandAnimation_C_2147482547] P=2.599536 Y=13.260398 R=1.868448
10-31 20:37:54.051 23731 23747 D UE4     : [2019.10.31-11.37.54:051][608]LogBlueprintUserMessages: [BP_PlayerhandAnimation_C_2147482544] P=-60.000000 Y=-60.000000 R=7.503170
10-31 20:37:54.066 23731 23747 D UE4     : [2019.10.31-11.37.54:066][609]LogBlueprintUserMessages: [BP_PlayerhandAnimation_C_2147482547] P=2.572632 Y=13.263083 R=1.813369
10-31 20:37:54.066 23731 23747 D UE4     : [2019.10.31-11.37.54:066][609]LogBlueprintUserMessages: [BP_PlayerhandAnimation_C_2147482544] P=-60.000000 Y=-60.000000 R=7.855772
10-31 20:37:54.094 23731 23747 D UE4     : [2019.10.31-11.37.54:094][610]LogBlueprintUserMessages: [BP_PlayerhandAnimation_C_2147482547] P=2.520299 Y=13.255882 R=1.802988
10-31 20:37:54.094 23731 23747 D UE4     : [2019.10.31-11.37.54:094][610]LogBlueprintUserMessages: [BP_PlayerhandAnimation_C_2147482544] P=-60.000000 Y=-60.000000 R=8.785318
10-31 20:37:54.121 23731 23747 D UE4     : [2019.10.31-11.37.54:121][611]LogBlueprintUserMessages: [BP_PlayerhandAnimation_C_2147482547] P=2.483819 Y=13.228480 R=1.827803
10-31 20:37:54.121 23731 23747 D UE4     : [2019.10.31-11.37.54:121][611]LogBlueprintUserMessages: [BP_PlayerhandAnimation_C_2147482544] P=-60.000000 Y=-60.000000 R=8.524119
10-31 20:37:54.135 23731 23747 D UE4     : [2019.10.31-11.37.54:135][612]LogBlueprintUserMessages: [BP_PlayerhandAnimation_C_2147482547] P=2.413802 Y=13.189260 R=1.811339
10-31 20:37:54.135 23731 23747 D UE4     : [2019.10.31-11.37.54:135][612]LogBlueprintUserMessages: [BP_PlayerhandAnimation_C_2147482544] P=-60.000000 Y=-60.000000 R=8.388057
10-31 20:37:54.165 23731 23747 D UE4     : [2019.10.31-11.37.54:165][613]LogBlueprintUserMessages: [BP_PlayerhandAnimation_C_2147482547] P=2.321568 Y=13.089952 R=1.692677
10-31 20:37:54.165 23731 23747 D UE4     : [2019.10.31-11.37.54:165][613]LogBlueprintUserMessages: [BP_PlayerhandAnimation_C_2147482544] P=-60.000000 Y=-60.000000 R=8.948759
10-31 20:37:54.193 23731 23747 D UE4     : [2019.10.31-11.37.54:193][614]LogBlueprintUserMessages: [BP_PlayerhandAnimation_C_2147482547] P=2.218582 Y=12.952079 R=1.712675
10-31 20:37:54.194 23731 23747 D UE4     : [2019.10.31-11.37.54:194][614]LogBlueprintUserMessages: [BP_PlayerhandAnimation_C_2147482544] P=-60.000000 Y=-60.000000 R=10.665502
10-31 20:37:54.206 23731 23747 D UE4     : [2019.10.31-11.37.54:206][615]LogBlueprintUserMessages: [BP_PlayerhandAnimation_C_2147482547] P=2.159084 Y=12.885699 R=1.772943
10-31 20:37:54.206 23731 23747 D UE4     : [2019.10.31-11.37.54:206][615]LogBlueprintUserMessages: [BP_PlayerhandAnimation_C_2147482544] P=-60.000000 Y=-60.000000 R=11.250071
10-31 20:37:54.232 23731 23747 D UE4     : [2019.10.31-11.37.54:232][616]LogBlueprintUserMessages: [BP_PlayerhandAnimation_C_2147482547] P=2.138908 Y=12.784012 R=1.781529
10-31 20:37:54.232 23731 23747 D UE4     : [2019.10.31-11.37.54:232][616]LogBlueprintUserMessages: [BP_PlayerhandAnimation_C_2147482544] P=-60.000000 Y=-60.000000 R=12.296637
10-31 20:37:54.260 23731 23747 D UE4     : [2019.10.31-11.37.54:260][617]LogBlueprintUserMessages: [BP_PlayerhandAnimation_C_2147482547] P=2.183714 Y=12.620502 R=1.640474
10-31 20:37:54.260 23731 23747 D UE4     : [2019.10.31-11.37.54:260][617]LogBlueprintUserMessages: [BP_PlayerhandAnimation_C_2147482544] P=-60.000000 Y=-60.000000 R=14.609277
10-31 20:37:54.274 23731 23747 D UE4     : [2019.10.31-11.37.54:274][618]LogBlueprintUserMessages: [BP_PlayerhandAnimation_C_2147482547] P=2.210310 Y=12.589743 R=1.622853
10-31 20:37:54.274 23731 23747 D UE4     : [2019.10.31-11.37.54:274][618]LogBlueprintUserMessages: [BP_PlayerhandAnimation_C_2147482544] P=-60.000000 Y=-60.000000 R=15.279460
10-31 20:37:54.302 23731 23747 D UE4     : [2019.10.31-11.37.54:302][619]LogBlueprintUserMessages: [BP_PlayerhandAnimation_C_2147482547] P=2.211670 Y=12.601637 R=1.602805
10-31 20:37:54.302 23731 23747 D UE4     : [2019.10.31-11.37.54:302][619]LogBlueprintUserMessages: [BP_PlayerhandAnimation_C_2147482544] P=-60.000000 Y=-60.000000 R=16.249123
10-31 20:37:54.329 23731 23747 D UE4     : [2019.10.31-11.37.54:329][620]LogBlueprintUserMessages: [BP_PlayerhandAnimation_C_2147482547] P=2.213944 Y=12.602957 R=1.487931
10-31 20:37:54.330 23731 23747 D UE4     : [2019.10.31-11.37.54:330][620]LogBlueprintUserMessages: [BP_PlayerhandAnimation_C_2147482544] P=-60.000000 Y=-60.000000 R=16.656923
10-31 20:37:54.344 23731 23747 D UE4     : [2019.10.31-11.37.54:344][621]LogBlueprintUserMessages: [BP_PlayerhandAnimation_C_2147482547] P=2.228158 Y=12.590198 R=1.396688
10-31 20:37:54.345 23731 23747 D UE4     : [2019.10.31-11.37.54:345][621]LogBlueprintUserMessages: [BP_PlayerhandAnimation_C_2147482544] P=-60.000000 Y=-60.000000 R=16.698088
10-31 20:37:54.371 23731 23747 D UE4     : [2019.10.31-11.37.54:371][622]LogBlueprintUserMessages: [BP_PlayerhandAnimation_C_2147482547] P=2.240459 Y=12.577134 R=1.300661
10-31 20:37:54.371 23731 23747 D UE4     : [2019.10.31-11.37.54:371][622]LogBlueprintUserMessages: [BP_PlayerhandAnimation_C_2147482544] P=-60.000000 Y=-60.000000 R=15.476660
10-31 20:37:54.399 23731 23747 D UE4     : [2019.10.31-11.37.54:399][623]LogBlueprintUserMessages: [BP_PlayerhandAnimation_C_2147482547] P=2.205106 Y=12.605581 R=1.253284
10-31 20:37:54.399 23731 23747 D UE4     : [2019.10.31-11.37.54:399][623]LogBlueprintUserMessages: [BP_PlayerhandAnimation_C_2147482544] P=-60.000000 Y=-60.000000 R=14.061358
10-31 20:37:54.414 23731 23747 D UE4     : [2019.10.31-11.37.54:414][624]LogBlueprintUserMessages: [BP_PlayerhandAnimation_C_2147482547] P=2.144488 Y=12.636552 R=1.226294
10-31 20:37:54.414 23731 23747 D UE4     : [2019.10.31-11.37.54:414][624]LogBlueprintUserMessages: [BP_PlayerhandAnimation_C_2147482544] P=-60.000000 Y=-60.000000 R=12.131016
10-31 20:37:54.441 23731 23747 D UE4     : [2019.10.31-11.37.54:441][625]LogBlueprintUserMessages: [BP_PlayerhandAnimation_C_2147482547] P=1.988609 Y=12.655624 R=1.176953
10-31 20:37:54.441 23731 23747 D UE4     : [2019.10.31-11.37.54:441][625]LogBlueprintUserMessages: [BP_PlayerhandAnimation_C_2147482544] P=-60.000000 Y=-60.000000 R=8.274426
10-31 20:37:54.469 23731 23747 D UE4     : [2019.10.31-11.37.54:469][626]LogBlueprintUserMessages: [BP_PlayerhandAnimation_C_2147482547] P=1.950278 Y=12.611928 R=1.195143
10-31 20:37:54.469 23731 23747 D UE4     : [2019.10.31-11.37.54:469][626]LogBlueprintUserMessages: [BP_PlayerhandAnimation_C_2147482544] P=-60.000000 Y=-60.000000 R=3.014246
10-31 20:37:54.483 23731 23747 D UE4     : [2019.10.31-11.37.54:483][627]LogBlueprintUserMessages: [BP_PlayerhandAnimation_C_2147482547] P=1.950367 Y=12.607227 R=1.223607
10-31 20:37:54.484 23731 23747 D UE4     : [2019.10.31-11.37.54:483][627]LogBlueprintUserMessages: [BP_PlayerhandAnimation_C_2147482544] P=-60.000000 Y=-60.000000 R=-1.041482
10-31 20:37:54.510 23731 23747 D UE4     : [2019.10.31-11.37.54:510][628]LogBlueprintUserMessages: [BP_PlayerhandAnimation_C_2147482547] P=1.946932 Y=12.632645 R=1.244755
10-31 20:37:54.511 23731 23747 D UE4     : [2019.10.31-11.37.54:511][628]LogBlueprintUserMessages: [BP_PlayerhandAnimation_C_2147482544] P=-60.000000 Y=-60.000000 R=-10.027853
10-31 20:37:54.539 23731 23747 D UE4     : [2019.10.31-11.37.54:539][629]LogBlueprintUserMessages: [BP_PlayerhandAnimation_C_2147482547] P=2.006190 Y=12.717449 R=1.101681
10-31 20:37:54.540 23731 23747 D UE4     : [2019.10.31-11.37.54:540][629]LogBlueprintUserMessages: [BP_PlayerhandAnimation_C_2147482544] P=-60.000000 Y=-60.000000 R=-18.972940
10-31 20:37:54.553 23731 23747 D UE4     : [2019.10.31-11.37.54:553][630]LogBlueprintUserMessages: [BP_PlayerhandAnimation_C_2147482547] P=2.044610 Y=12.762464 R=0.994154
10-31 20:37:54.553 23731 23747 D UE4     : [2019.10.31-11.37.54:553][630]LogBlueprintUserMessages: [BP_PlayerhandAnimation_C_2147482544] P=-60.000000 Y=-60.000000 R=-22.990097
10-31 20:37:54.556 23731 24089 I VrApi   : FPS=43,Prd=44ms,Tear=0,Early=0,Stale=72,VSnc=1,Lat=1,Fov=0,CPU4/GPU=4/5,2304/710MHz,OC=FF,TA=0/E0/E0,SP=N/F/F,Mem=1804MHz,Free=1254MB,PSM=0,PLS=0,Temp=32.0C/0.0C,TW=3.81ms,App=23.21ms,GD=0.55ms,CPU&GPU=29.29ms,LCnt=2,GPU%=0.95,CPU%=0.50(W0.52)
10-31 20:37:54.580 23731 23747 D UE4     : [2019.10.31-11.37.54:580][631]LogBlueprintUserMessages: [BP_PlayerhandAnimation_C_2147482547] P=2.163579 Y=12.858077 R=0.840239
10-31 20:37:54.581 23731 23747 D UE4     : [2019.10.31-11.37.54:581][631]LogBlueprintUserMessages: [BP_PlayerhandAnimation_C_2147482544] P=-55.423763 Y=-60.000000 R=-28.745960
10-31 20:37:54.608 23731 23747 D UE4     : [2019.10.31-11.37.54:608][632]LogBlueprintUserMessages: [BP_PlayerhandAnimation_C_2147482547] P=2.276106 Y=12.996083 R=0.769113
10-31 20:37:54.608 23731 23747 D UE4     : [2019.10.31-11.37.54:608][632]LogBlueprintUserMessages: [BP_PlayerhandAnimation_C_2147482544] P=-50.152046 Y=-60.000000 R=-33.224377
10-31 20:37:54.624 23731 23747 D UE4     : [2019.10.31-11.37.54:624][633]LogBlueprintUserMessages: [BP_PlayerhandAnimation_C_2147482547] P=2.255021 Y=13.077993 R=0.705433
10-31 20:37:54.624 23731 23747 D UE4     : [2019.10.31-11.37.54:624][633]LogBlueprintUserMessages: [BP_PlayerhandAnimation_C_2147482544] P=-46.398663 Y=-60.000000 R=-36.752190
10-31 20:37:54.650 23731 23747 D UE4     : [2019.10.31-11.37.54:650][634]LogBlueprintUserMessages: [BP_PlayerhandAnimation_C_2147482547] P=2.267650 Y=13.157498 R=0.544546
10-31 20:37:54.650 23731 23747 D UE4     : [2019.10.31-11.37.54:650][634]LogBlueprintUserMessages: [BP_PlayerhandAnimation_C_2147482544] P=-38.941830 Y=-60.000000 R=-41.968983
10-31 20:37:54.678 23731 23747 D UE4     : [2019.10.31-11.37.54:678][635]LogBlueprintUserMessages: [BP_PlayerhandAnimation_C_2147482547] P=2.251927 Y=13.163137 R=0.536073
10-31 20:37:54.678 23731 23747 D UE4     : [2019.10.31-11.37.54:678][635]LogBlueprintUserMessages: [BP_PlayerhandAnimation_C_2147482544] P=-31.979975 Y=-60.000000 R=-44.650608
10-31 20:37:54.692 23731 23747 D UE4     : [2019.10.31-11.37.54:692][636]LogBlueprintUserMessages: [BP_PlayerhandAnimation_C_2147482547] P=2.245151 Y=13.194259 R=0.546908
10-31 20:37:54.692 23731 23747 D UE4     : [2019.10.31-11.37.54:692][636]LogBlueprintUserMessages: [BP_PlayerhandAnimation_C_2147482544] P=-28.528538 Y=-60.000000 R=-45.914864
10-31 20:37:54.720 23731 23747 D UE4     : [2019.10.31-11.37.54:720][637]LogBlueprintUserMessages: [BP_PlayerhandAnimation_C_2147482547] P=2.276236 Y=13.243855 R=0.555149
10-31 20:37:54.720 23731 23747 D UE4     : [2019.10.31-11.37.54:720][637]LogBlueprintUserMessages: [BP_PlayerhandAnimation_C_2147482544] P=-21.283142 Y=-60.000000 R=-49.600033
10-31 20:37:54.747 23731 23747 D UE4     : [2019.10.31-11.37.54:747][638]LogBlueprintUserMessages: [BP_PlayerhandAnimation_C_2147482547] P=2.485840 Y=13.333484 R=0.528830
10-31 20:37:54.747 23731 23747 D UE4     : [2019.10.31-11.37.54:747][638]LogBlueprintUserMessages: [BP_PlayerhandAnimation_C_2147482544] P=-14.286187 Y=-60.000000 R=-51.783524
10-31 20:37:54.762 23731 23747 D UE4     : [2019.10.31-11.37.54:762][639]LogBlueprintUserMessages: [BP_PlayerhandAnimation_C_2147482547] P=2.689940 Y=13.459919 R=0.498238
10-31 20:37:54.762 23731 23747 D UE4     : [2019.10.31-11.37.54:762][639]LogBlueprintUserMessages: [BP_PlayerhandAnimation_C_2147482544] P=-11.035918 Y=-60.000000 R=-52.052822
10-31 20:37:54.792 23731 23747 D UE4     : [2019.10.31-11.37.54:792][640]LogBlueprintUserMessages: [BP_PlayerhandAnimation_C_2147482547] P=3.210961 Y=13.694480 R=0.250251
10-31 20:37:54.792 23731 23747 D UE4     : [2019.10.31-11.37.54:792][640]LogBlueprintUserMessages: [BP_PlayerhandAnimation_C_2147482544] P=-4.832666 Y=-60.000000 R=-54.447014
10-31 20:37:54.818 23731 23747 D UE4     : [2019.10.31-11.37.54:817][641]LogBlueprintUserMessages: [BP_PlayerhandAnimation_C_2147482547] P=3.639930 Y=13.866632 R=0.093816
10-31 20:37:54.818 23731 23747 D UE4     : [2019.10.31-11.37.54:818][641]LogBlueprintUserMessages: [BP_PlayerhandAnimation_C_2147482544] P=1.455383 Y=-60.000000 R=-57.286636
10-31 20:37:54.833 23731 23747 D UE4     : [2019.10.31-11.37.54:833][642]LogBlueprintUserMessages: [BP_PlayerhandAnimation_C_2147482547] P=3.877505 Y=14.002528 R=0.018683
10-31 20:37:54.834 23731 23747 D UE4     : [2019.10.31-11.37.54:834][642]LogBlueprintUserMessages: [BP_PlayerhandAnimation_C_2147482544] P=4.337778 Y=-60.000000 R=-57.302578
10-31 20:37:54.862 23731 23747 D UE4     : [2019.10.31-11.37.54:862][643]LogBlueprintUserMessages: [BP_PlayerhandAnimation_C_2147482547] P=4.387864 Y=14.243302 R=-0.235179
10-31 20:37:54.862 23731 23747 D UE4     : [2019.10.31-11.37.54:862][643]LogBlueprintUserMessages: [BP_PlayerhandAnimation_C_2147482544] P=9.774697 Y=-60.000000 R=-57.944931
10-31 20:37:54.885 23731 23747 W InputDeviceManager: AddPairToDeviceListMapping called when index already exists in the vector index: 1,  id: 536870915
10-31 20:37:54.887 23731 23747 D UE4     : [2019.10.31-11.37.54:887][644]LogBlueprintUserMessages: [BP_PlayerhandAnimation_C_2147482547] P=4.832085 Y=14.558825 R=-0.712980
10-31 20:37:54.888 23731 23747 D UE4     : [2019.10.31-11.37.54:887][644]LogBlueprintUserMessages: [BP_PlayerhandAnimation_C_2147482544] P=16.309330 Y=-60.000000 R=-59.925377
10-31 20:37:54.915 23731 23747 D UE4     : [2019.10.31-11.37.54:915][645]LogBlueprintUserMessages: [BP_PlayerhandAnimation_C_2147482547] P=5.021726 Y=14.897661 R=-1.107537
10-31 20:37:54.915 23731 23747 D UE4     : [2019.10.31-11.37.54:915][645]LogBlueprintUserMessages: [BP_PlayerhandAnimation_C_2147482544] P=22.058205 Y=-60.000000 R=-60.000000
10-31 20:37:54.929 23731 23747 D UE4     : [2019.10.31-11.37.54:929][646]LogBlueprintUserMessages: [BP_PlayerhandAnimation_C_2147482547] P=5.156485 Y=15.059526 R=-1.272600
10-31 20:37:54.930 23731 23747 D UE4     : [2019.10.31-11.37.54:930][646]LogBlueprintUserMessages: [BP_PlayerhandAnimation_C_2147482544] P=24.207535 Y=-60.000000 R=-60.000000
10-31 20:37:54.946  1046  1350 I WifiHAL : event received NL80211_CMD_VENDOR, vendor_id = 0x1374, subcmd = 0x6a
10-31 20:37:54.956 23731 23747 D UE4     : [2019.10.31-11.37.54:956][647]LogBlueprintUserMessages: [BP_PlayerhandAnimation_C_2147482547] P=5.369771 Y=15.320022 R=-1.614777
10-31 20:37:54.957 23731 23747 D UE4     : [2019.10.31-11.37.54:956][647]LogBlueprintUserMessages: [BP_PlayerhandAnimation_C_2147482544] P=28.396742 Y=-60.000000 R=-60.000000
10-31 20:37:54.984 23731 23747 D UE4     : [2019.10.31-11.37.54:984][648]LogBlueprintUserMessages: [BP_PlayerhandAnimation_C_2147482547] P=5.609183 Y=15.524744 R=-1.958826
