10-24 10:34:27.814  2152  3048 W TimeWarp: FetchFrame: client(0) is enabled, but shared memory is not set
10-24 10:34:27.818  3633  3658 V VrDriver: Loading 32-bit VrDriver.
10-24 10:34:27.821  1868  1943 I [OAR] AudioMixer: Waiting for sound effect to complete
10-24 10:34:27.822  3633  3658 I Distortion: SetLensPositions - iad=0.062, left offset=0.00119,0, right offset=-0.00449,0
10-24 10:34:27.822  3633  3658 I Distortion: SetLensPositions - iad=0.062, left offset=0.00119,0, right offset=-0.00449,0
10-24 10:34:27.823  3633  3658 I VrApi_DriverLoader: *Adding Layer: GoCompatibility
10-24 10:34:27.823  3633  3658 I VrApi_DriverLoader: About to call StartLayer in vrapilayers.GoCompatibility
10-24 10:34:27.824  3633  3658 D GoCompatibility: GoCompatibility StartLayer: Loading libgocompatibility.so
10-24 10:34:27.825  3633  3658 I GoCompatibility: JNI_OnLoad() for GoCompatibility
10-24 10:34:27.825  3633  3658 I GoCompatibility: VrApiLayer: GoCompatibility
10-24 10:34:27.825  3633  3658 I VrApiLayers: Initializing VrApiLayer
10-24 10:34:27.825  3633  3658 I VrApi_DriverLoader: VrapiLayer GoCompatibility started
10-24 10:34:27.825  3633  3658 I GoCompatibility: GoCompatibility: vrapi_Initialize_Hooked(1 1 22 0 0x10200)
10-24 10:34:27.825  3633  3658 I VrApi   : ----------- vrapi_Initialize [start] ----------
10-24 10:34:27.827  2152  3048 W TimeWarp: FetchFrame: client(0) is enabled, but shared memory is not set
10-24 10:34:27.827  2152  3048 W TimeWarp: FetchFrame: client(0) is enabled, but shared memory is not set
10-24 10:34:27.829  3633  3658 I VrRuntimeClient: VrRuntimeClient: Init
10-24 10:34:27.829  3633  3658 I DeviceProperties_Android: ovrDeviceProperties::Initialize
10-24 10:34:27.831  3633  3709 D OsSdk   : Connected to unified telemetry service.
10-24 10:34:27.831  3633  3658 I DeviceProperties_Android: Headset Model: 'monterey:SDC:H28S7Q302BMR    '
10-24 10:34:27.833  3633  3658 I DeviceProperties_Android: Device Model: 'monterey'
10-24 10:34:27.833  3633  3658 I DeviceProperties_Android: Device Region: 'US'
10-24 10:34:27.834  3633  3658 I DeviceProperties_Android: GPU Type: 'ADRENO_540'
10-24 10:34:27.840  3633  3658 I DeviceProperties_Android: Num Refresh Rates Supported 2
10-24 10:34:27.840  3633  3658 I DeviceProperties_Android: Refresh Rate (0): 60.000000Hz
10-24 10:34:27.840  3633  3658 I DeviceProperties_Android: Refresh Rate (1): 72.000000Hz
10-24 10:34:27.840  3633  3658 I OSSDK   : CalibrationManager: Using standalone implementation
10-24 10:34:27.841  2152  3048 W TimeWarp: FetchFrame: client(0) is enabled, but shared memory is not set
10-24 10:34:27.841  2152  3048 W TimeWarp: FetchFrame: client(0) is enabled, but shared memory is not set
10-24 10:34:27.855  2152  3048 W TimeWarp: FetchFrame: client(0) is enabled, but shared memory is not set
10-24 10:34:27.855  2152  3048 W TimeWarp: FetchFrame: client(0) is enabled, but shared memory is not set
10-24 10:34:27.869  2152  3048 W TimeWarp: FetchFrame: client(0) is enabled, but shared memory is not set
10-24 10:34:27.869  2152  3048 W TimeWarp: FetchFrame: client(0) is enabled, but shared memory is not set
10-24 10:34:27.883  2152  3048 W TimeWarp: FetchFrame: client(0) is enabled, but shared memory is not set
10-24 10:34:27.883  2152  3048 W TimeWarp: FetchFrame: client(0) is enabled, but shared memory is not set
10-24 10:34:27.897  2152  3048 W TimeWarp: FetchFrame: client(0) is enabled, but shared memory is not set
10-24 10:34:27.897  2152  3048 W TimeWarp: FetchFrame: client(0) is enabled, but shared memory is not set
10-24 10:34:27.910  2152  3048 W TimeWarp: FetchFrame: client(0) is enabled, but shared memory is not set
10-24 10:34:27.911  2152  3048 W TimeWarp: FetchFrame: client(0) is enabled, but shared memory is not set
10-24 10:34:27.922  1868  1943 I [OAR] AudioMixer: Waiting for sound effect to complete
10-24 10:34:27.924  2152  3048 W TimeWarp: FetchFrame: client(0) is enabled, but shared memory is not set
10-24 10:34:27.925  2152  3048 W TimeWarp: FetchFrame: client(0) is enabled, but shared memory is not set
10-24 10:34:27.938  2152  3048 W TimeWarp: FetchFrame: client(0) is enabled, but shared memory is not set
10-24 10:34:27.939  2152  3048 W TimeWarp: FetchFrame: client(0) is enabled, but shared memory is not set
10-24 10:34:27.952  2152  3048 W TimeWarp: FetchFrame: client(0) is enabled, but shared memory is not set
10-24 10:34:27.952  2152  3048 W TimeWarp: FetchFrame: client(0) is enabled, but shared memory is not set
10-24 10:34:27.966  2152  3048 W TimeWarp: FetchFrame: client(0) is enabled, but shared memory is not set
10-24 10:34:27.966  2152  3048 W TimeWarp: FetchFrame: client(0) is enabled, but shared memory is not set
10-24 10:34:27.980  2152  3048 W TimeWarp: FetchFrame: client(0) is enabled, but shared memory is not set
10-24 10:34:27.981  2152  3048 W TimeWarp: FetchFrame: client(0) is enabled, but shared memory is not set
10-24 10:34:27.994  2152  3048 W TimeWarp: FetchFrame: client(0) is enabled, but shared memory is not set
10-24 10:34:27.994  2152  3048 W TimeWarp: FetchFrame: client(0) is enabled, but shared memory is not set
10-24 10:34:28.008  2152  3048 W TimeWarp: FetchFrame: client(0) is enabled, but shared memory is not set
10-24 10:34:28.008  2152  3048 W TimeWarp: FetchFrame: client(0) is enabled, but shared memory is not set
10-24 10:34:28.022  2152  3048 W TimeWarp: FetchFrame: client(0) is enabled, but shared memory is not set
10-24 10:34:28.022  2152  3048 W TimeWarp: FetchFrame: client(0) is enabled, but shared memory is not set
10-24 10:34:28.023  1868  1943 I [OAR] AudioMixer: Waiting for sound effect to complete
10-24 10:34:28.036  2152  3048 W TimeWarp: FetchFrame: client(0) is enabled, but shared memory is not set
10-24 10:34:28.036  2152  3048 W TimeWarp: FetchFrame: client(0) is enabled, but shared memory is not set
10-24 10:34:28.050  2152  3048 W TimeWarp: FetchFrame: client(0) is enabled, but shared memory is not set
10-24 10:34:28.050  2152  3048 W TimeWarp: FetchFrame: client(0) is enabled, but shared memory is not set
10-24 10:34:28.064  2152  3048 W TimeWarp: FetchFrame: client(0) is enabled, but shared memory is not set
10-24 10:34:28.064  2152  3048 W TimeWarp: FetchFrame: client(0) is enabled, but shared memory is not set
10-24 10:34:28.078  2152  3048 W TimeWarp: FetchFrame: client(0) is enabled, but shared memory is not set
10-24 10:34:28.078  2152  3048 W TimeWarp: FetchFrame: client(0) is enabled, but shared memory is not set
10-24 10:34:28.092  2152  3048 W TimeWarp: FetchFrame: client(0) is enabled, but shared memory is not set
10-24 10:34:28.092  2152  3048 W TimeWarp: FetchFrame: client(0) is enabled, but shared memory is not set
10-24 10:34:28.105  2152  3048 W TimeWarp: FetchFrame: client(0) is enabled, but shared memory is not set
10-24 10:34:28.106  2152  3048 W TimeWarp: FetchFrame: client(0) is enabled, but shared memory is not set
10-24 10:34:28.116  1868  3364 I VrApi   : FPS=72,Prd=45ms,Tear=0,Early=72,Stale=0,VSnc=1,Lat=1,Fov=0,CPU4/GPU=4/4,1958/670MHz,OC=FF,TA=0/F/0,SP=N/N/N,Mem=1554MHz,Free=2259MB,PSM=0,PLS=0,Temp=26.0C/0.0C,TW=3.18ms,App=0.68ms,GD=1.05ms,CPU&GPU=2.89ms,LCnt=3,GPU%=0.38,CPU%=0.21(W0.28)
10-24 10:34:28.119  2152  3048 W TimeWarp: FetchFrame: client(0) is enabled, but shared memory is not set
10-24 10:34:28.120  2152  3048 W TimeWarp: FetchFrame: client(0) is enabled, but shared memory is not set
10-24 10:34:28.123  1868  1943 I [OAR] AudioMixer: Exiting from long playing sound
10-24 10:34:28.123  1868  1943 I [OAR] AudioEngine: Setting FadeNextBuffer
10-24 10:34:28.133  2152  3048 W TimeWarp: FetchFrame: client(0) is enabled, but shared memory is not set
10-24 10:34:28.134  2152  3048 W TimeWarp: FetchFrame: client(0) is enabled, but shared memory is not set
