10-23 09:37:48.853  3727  3743 D UE4     : Unregistering headset receiver
10-23 09:37:48.856  1843  1914 W Sensor  : bad interpupillary distance: 0.059600, returning 0.068750
10-23 09:37:48.856  3727  3743 D UE4     : [2019.10.23-00.37.48:856][216]LogCore: Display: AppLifetime: Application will enter background
10-23 09:37:48.857  1843  1914 W Sensor  : bad interpupillary distance: 0.059600, returning 0.068750
10-23 09:37:48.859   541  2213 D audio_hw_extn: audio_extn_snd_device_in_get_parameters: Current input sound device: none
10-23 09:37:48.859   541  2213 D audio_hw_extn: audio_extn_get_parameters: returns snd_device_in=none
10-23 09:37:48.859   541  2213 E voice_extn: voice_extn_compress_voip_get_parameters: COMPRESS_VOIP_ENABLED is not defined
10-23 09:37:48.859   541  2213 V msm8974_platform: platform_get_parameters: exit: returns - snd_device_in=none
10-23 09:37:48.859  3727  3821 D UE4     : *** JavaEnvDestructor: 3821
10-23 09:37:48.859   541  2213 V audio_hw_primary: adev_get_parameters: exit: returns - snd_device_in=none
10-23 09:37:48.859   541  2213 I hash_map_utils: key: 'snd_device_in' value: ''
10-23 09:37:48.860   541   598 D audio_hw_extn: audio_extn_snd_device_out_get_parameters: Current output sound device: speaker
10-23 09:37:48.860   541   598 D audio_hw_extn: audio_extn_get_parameters: returns snd_device_out=speaker
10-23 09:37:48.861   541   598 E voice_extn: voice_extn_compress_voip_get_parameters: COMPRESS_VOIP_ENABLED is not defined
10-23 09:37:48.861   541   598 V msm8974_platform: platform_get_parameters: exit: returns - snd_device_out=speaker
10-23 09:37:48.861   541   598 V audio_hw_primary: adev_get_parameters: exit: returns - snd_device_out=speaker
10-23 09:37:48.861   541   598 I hash_map_utils: key: 'snd_device_out' value: ''
10-23 09:37:48.861  2078  3334 W Sensor  : bad interpupillary distance: 0.059600, returning 0.068750
10-23 09:37:48.862  3727  3820 D UE4     : AndroidEGL::ResetDisplay()
10-23 09:37:48.865  2078  2178 W Sensor  : bad interpupillary distance: 0.059600, returning 0.068750
10-23 09:37:48.875  2078  3334 W Sensor  : bad interpupillary distance: 0.059600, returning 0.068750
10-23 09:37:48.879  2078  2178 W Sensor  : bad interpupillary distance: 0.059600, returning 0.068750
10-23 09:37:48.884  1843  1914 W Sensor  : bad interpupillary distance: 0.059600, returning 0.068750
10-23 09:37:48.889  2078  3334 W Sensor  : bad interpupillary distance: 0.059600, returning 0.068750
10-23 09:37:48.891  3727  3820 D UE4     : *** JavaEnvDestructor: 3820
10-23 09:37:48.892  3727  3743 D UE4     : [2019.10.23-00.37.48:891][216]LogTemp: Android pause audio
10-23 09:37:48.892  3727  3743 D UE4     : [2019.10.23-00.37.48:892][216]LogAudioMixerAndroid: Display: Suspending android audio renderer
10-23 09:37:48.892  3727  3743 D UE4     : [2019.10.23-00.37.48:892][216]LogTemp: Android release microphone
10-23 09:37:48.892  3727  3743 D UE4     : Execution has been paused...
10-23 09:37:48.893  2078  2178 W Sensor  : bad interpupillary distance: 0.059600, returning 0.068750
10-23 09:37:48.895  3727  3744 D UE4     : [2019.10.23-00.37.48:894][216]LogAndroid: Case APP_CMD_SAVE_STATE
10-23 09:37:48.896  3727  3744 D UE4     : LogAndroidEvents::EnqueueAppEvent : 12, 0, tid = 3744, APP_EVENT_STATE_SAVE_STATE
10-23 09:37:48.898  1843  1914 W Sensor  : bad interpupillary distance: 0.059600, returning 0.068750
10-23 09:37:48.899  3727  3744 D UE4     : [2019.10.23-00.37.48:899][216]LogAndroid: Case APP_CMD_STOP
10-23 09:37:48.899  3727  3744 D UE4     : LogAndroidEvents::EnqueueAppEvent : 8, 0, tid = 3744, APP_EVENT_STATE_ON_STOP
10-23 09:37:48.899  3727  3727 D UE4     : ==============> GameActive.onStop complete!
10-23 09:37:48.901  3727  3727 D UE4     : ==============> GameActive.onTrimMemory(TRIM_MEMORY_UI_HIDDEN) called!
10-23 09:37:48.903  2078  3334 W Sensor  : bad interpupillary distance: 0.059600, returning 0.068750
10-23 09:37:48.905  3727  3727 V UE4-GameApplication: App in background
10-23 09:37:48.905  3727  3727 W ViewRootImpl[GameActivity]: Dropping event due to no window focus: MotionEvent { action=ACTION_DOWN, actionButton=0, id[0]=0, x[0]=1440.0, y[0]=800.0, toolType[0]=TOOL_TYPE_UNKNOWN, buttonState=0, metaState=META_CTRL_LEFT_ON|META_META_ON|META_META_LEFT_ON|META_SCROLL_LOCK_ON|0x01000000|0x04000000|0x20000000|0x40000000, flags=0x0, edgeFlags=0x0, pointerCount=1, historySize=0, eventTime=753138, downTime=753138, deviceId=0, source=0x2002 }
10-23 09:37:48.905  3727  3727 W ViewRootImpl[GameActivity]: Cancelling event due to no window focus: MotionEvent { action=ACTION_CANCEL, actionButton=0, id[0]=0, x[0]=1440.0, y[0]=800.0, toolType[0]=TOOL_TYPE_UNKNOWN, buttonState=0, metaState=META_CTRL_LEFT_ON|META_META_ON|META_META_LEFT_ON|META_SCROLL_LOCK_ON|0x01000000|0x04000000|0x20000000|0x40000000, flags=0x0, edgeFlags=0x0, pointerCount=1, historySize=0, eventTime=753400, downTime=753138, deviceId=0, source=0x2002 }
10-23 09:37:48.906  3727  3727 W ViewRootImpl[GameActivity]: Cancelling event due to no window focus: MotionEvent { action=ACTION_CANCEL, actionButton=0, id[0]=0, x[0]=1440.0, y[0]=800.0, toolType[0]=TOOL_TYPE_UNKNOWN, buttonState=0, metaState=META_CTRL_LEFT_ON|META_META_ON|META_META_LEFT_ON|META_SCROLL_LOCK_ON|0x01000000|0x04000000|0x20000000|0x40000000, flags=0x0, edgeFlags=0x0, pointerCount=1, historySize=0, eventTime=753400, downTime=753138, deviceId=0, source=0x2002 }
10-23 09:37:48.906  3727  3727 D SystemActivitiesReceiver: SystemActivityReceiver.onReceive intent:Intent { act=com.oculus.system_activity flg=0x10 pkg=com.YourCompany.LastResisters (has extras) }
10-23 09:37:48.907  3727  3727 D SystemActivitiesReceiver: fromPackageName: 'com.oculus.vrshell'
10-23 09:37:48.907  3727  3727 D SystemActivitiesReceiver: command: '{"Command":"exitToHome","PlatformUIVersion":4,"ToPackage":"com.YourCompany.LastResisters"}'
10-23 09:37:48.908  3727  3727 D SystemActivitiesReceiver: uri: ''
10-23 09:37:48.908  2078  2178 W Sensor  : bad interpupillary distance: 0.059600, returning 0.068750
10-23 09:37:48.911  1843  1914 W Sensor  : bad interpupillary distance: 0.059600, returning 0.068750
10-23 09:37:48.912  3727  3727 D TrustedSignatureVerifier: Checking app signature for com.oculus.vrshell
10-23 09:37:48.914  3727  3727 D SystemActivitiesReceiver: App is trusted
10-23 09:37:48.915  3727  3727 I SystemUtils_Internal: nativeSystemActivityIntent in 'com.YourCompany.LastResisters': 'com.oculus.vrshell' '{"Command":"exitToHome","PlatformUIVersion":4,"ToPackage":"com.YourCompany.LastResisters"}' ''
10-23 09:37:48.915  3727  3727 I SystemUtils_Internal: finish() - exit to Home
10-23 09:37:48.915  3727  3727 W art     : Attempt to remove non-JNI local reference, dumping thread
10-23 09:37:48.915  3727  3727 W art     : Attempt to remove non-JNI local reference, dumping thread
10-23 09:37:48.915  3727  3727 W art     : Attempt to remove non-JNI local reference, dumping thread
10-23 09:37:48.917  2078  3334 W Sensor  : bad interpupillary distance: 0.059600, returning 0.068750
10-23 09:37:48.921  2078  2178 W Sensor  : bad interpupillary distance: 0.059600, returning 0.068750
10-23 09:37:48.923  3727  3727 D SystemActivitiesReceiver: SystemActivityReceiver.onReceive intent:Intent { act=com.oculus.system_activity flg=0x10 pkg=com.YourCompany.LastResisters (has extras) }
10-23 09:37:48.924  3727  3727 D SystemActivitiesReceiver: fromPackageName: 'com.oculus.vrshell'
10-23 09:37:48.924  3727  3727 D SystemActivitiesReceiver: command: '{"Command":"returnToLauncher","PlatformUIVersion":4,"ToPackage":"com.YourCompany.LastResisters"}'
10-23 09:37:48.924  3727  3727 D SystemActivitiesReceiver: uri: ''
10-23 09:37:48.925  3727  3727 I SystemUtils_Internal: nativeSystemActivityIntent in 'com.YourCompany.LastResisters': 'com.oculus.vrshell' '{"Command":"returnToLauncher","PlatformUIVersion":4,"ToPackage":"com.YourCompany.LastResisters"}' ''
10-23 09:37:48.925  3727  3727 I SystemUtils_Internal: ovrSystemUtils::AddEvent: queued event '{"Command":"returnToLauncher","PlatformUIVersion":4,"ToPackage":"com.YourCompany.LastResisters"}'
10-23 09:37:48.925  3727  3727 W art     : Attempt to remove non-JNI local reference, dumping thread
10-23 09:37:48.925  3727  3727 W art     : Attempt to remove non-JNI local reference, dumping thread
10-23 09:37:48.925  3727  3727 W art     : Attempt to remove non-JNI local reference, dumping thread
10-23 09:37:48.925  3727  3727 W ViewRootImpl[GameActivity]: Dropping event due to no window focus: MotionEvent { action=ACTION_DOWN, actionButton=0, id[0]=0, x[0]=1440.0, y[0]=800.0, toolType[0]=TOOL_TYPE_UNKNOWN, buttonState=0, metaState=META_CTRL_LEFT_ON|META_META_ON|META_META_LEFT_ON|META_SCROLL_LOCK_ON|0x01000000|0x04000000|0x20000000|0x40000000, flags=0x0, edgeFlags=0x0, pointerCount=1, historySize=0, eventTime=754090, downTime=754090, deviceId=0, source=0x2002 }
10-23 09:37:48.925  1843  1914 W Sensor  : bad interpupillary distance: 0.059600, returning 0.068750
10-23 09:37:48.925  3727  3727 W ViewRootImpl[GameActivity]: Cancelling event due to no window focus: MotionEvent { action=ACTION_CANCEL, actionButton=0, id[0]=0, x[0]=1440.0, y[0]=800.0, toolType[0]=TOOL_TYPE_UNKNOWN, buttonState=0, metaState=META_CTRL_LEFT_ON|META_META_ON|META_META_LEFT_ON|META_SCROLL_LOCK_ON|0x01000000|0x04000000|0x20000000|0x40000000, flags=0x0, edgeFlags=0x0, pointerCount=1, historySize=0, eventTime=754665, downTime=754090, deviceId=0, source=0x2002 }
10-23 09:37:48.925  3727  3727 W ViewRootImpl[GameActivity]: Cancelling event due to no window focus: MotionEvent { action=ACTION_CANCEL, actionButton=0, id[0]=0, x[0]=1440.0, y[0]=800.0, toolType[0]=TOOL_TYPE_UNKNOWN, buttonState=0, metaState=META_CTRL_LEFT_ON|META_META_ON|META_META_LEFT_ON|META_SCROLL_LOCK_ON|0x01000000|0x04000000|0x20000000|0x40000000, flags=0x0, edgeFlags=0x0, pointerCount=1, historySize=0, eventTime=754665, downTime=754090, deviceId=0, source=0x2002 }
10-23 09:37:48.926  3727  3727 W ViewRootImpl[GameActivity]: Dropping event due to no window focus: MotionEvent { action=ACTION_DOWN, actionButton=0, id[0]=0, x[0]=1440.0, y[0]=800.0, toolType[0]=TOOL_TYPE_UNKNOWN, buttonState=0, metaState=META_CTRL_LEFT_ON|META_META_ON|META_META_LEFT_ON|META_SCROLL_LOCK_ON|0x01000000|0x04000000|0x20000000|0x40000000, flags=0x0, edgeFlags=0x0, pointerCount=1, historySize=0, eventTime=754793, downTime=754793, deviceId=0, source=0x2002 }
10-23 09:37:48.931  2078  3334 W Sensor  : bad interpupillary distance: 0.059600, returning 0.068750
10-23 09:37:48.936  2078  2178 W Sensor  : bad interpupillary distance: 0.059600, returning 0.068750
10-23 09:37:48.936  3727  3744 D UE4     : Case APP_CMD_TERM_WINDOW, tid = 3744
10-23 09:37:48.936  3727  3744 D UE4     : [2019.10.23-00.37.48:936][216]LogAndroid: Case APP_CMD_TERM_WINDOW
10-23 09:37:48.936  3727  3744 D UE4     : LogAndroidEvents::EnqueueAppEvent : 3, 0, tid = 3744, APP_EVENT_STATE_WINDOW_DESTROYED
10-23 09:37:48.940  1843  1914 W Sensor  : bad interpupillary distance: 0.059600, returning 0.068750
10-23 09:37:48.945  2078  3334 W Sensor  : bad interpupillary distance: 0.059600, returning 0.068750
10-23 09:37:48.949  2078  2178 W Sensor  : bad interpupillary distance: 0.059600, returning 0.068750
10-23 09:37:48.953  1843  1914 W Sensor  : bad interpupillary distance: 0.059600, returning 0.068750
10-23 09:37:48.958  2078  3334 W Sensor  : bad interpupillary distance: 0.059600, returning 0.068750
10-23 09:37:48.963  2078  2178 W Sensor  : bad interpupillary distance: 0.059600, returning 0.068750
10-23 09:37:48.967  1843  1914 W Sensor  : bad interpupillary distance: 0.059600, returning 0.068750
10-23 09:37:48.972  2078  3334 W Sensor  : bad interpupillary distance: 0.059600, returning 0.068750
10-23 09:37:48.977  2078  2178 W Sensor  : bad interpupillary distance: 0.059600, returning 0.068750
10-23 09:37:48.981  1843  1914 W Sensor  : bad interpupillary distance: 0.059600, returning 0.068750
10-23 09:37:48.986  2078  3334 W Sensor  : bad interpupillary distance: 0.059600, returning 0.068750
10-23 09:37:48.991  2078  2178 W Sensor  : bad interpupillary distance: 0.059600, returning 0.068750
10-23 09:37:48.994  3727  3743 D UE4     : [2019.10.23-00.37.48:993][216]LogAndroidEvents: Display: LogAndroidEvents::DequeueAppEvent : 12, 0, APP_EVENT_STATE_SAVE_STATE
10-23 09:37:48.994  3727  3743 D UE4     : [2019.10.23-00.37.48:994][216]LogAndroidEvents: Display: LogAndroidEvents::DequeueAppEvent : 8, 0, APP_EVENT_STATE_ON_STOP
10-23 09:37:48.994  3727  3743 D UE4     : [2019.10.23-00.37.48:994][216]LogAndroidEvents: Display: LogAndroidEvents::DequeueAppEvent : 3, 0, APP_EVENT_STATE_WINDOW_DESTROYED
10-23 09:37:48.994  3727  3743 D UE4     : APP_EVENT_STATE_WINDOW_DESTROYED, 0, 0, 0
10-23 09:37:48.994  3727  3743 D UE4     : AndroidEGL::DestroyWindow()
10-23 09:37:48.994  3727  3743 D UE4     : AndroidEGL::UnBind()
10-23 09:37:48.994  3727  3743 D UE4     : AndroidEGL::ResetDisplay()
10-23 09:37:48.995  3727  3743 D UE4     : AndroidEGL::DestroySurface()
10-23 09:37:48.995  3727  3743 D UE4     : FAndroidAppEntry::DestroyWindow() called
10-23 09:37:48.995  1843  1914 W Sensor  : bad interpupillary distance: 0.059600, returning 0.068750
10-23 09:37:49.000  2078  3334 W Sensor  : bad interpupillary distance: 0.059600, returning 0.068750
10-23 09:37:49.004  2078  2178 W Sensor  : bad interpupillary distance: 0.059600, returning 0.068750
10-23 09:37:49.009  1843  1914 W Sensor  : bad interpupillary distance: 0.059600, returning 0.068750
10-23 09:37:49.014  2078  3334 W Sensor  : bad interpupillary distance: 0.059600, returning 0.068750
10-23 09:37:49.018  2078  2178 W Sensor  : bad interpupillary distance: 0.059600, returning 0.068750
10-23 09:37:49.023  1843  1914 W Sensor  : bad interpupillary distance: 0.059600, returning 0.068750
10-23 09:37:49.028  3727  3727 D ContextHelper: shouldSkipFinish: activity=com.epicgames.ue4.GameActivity@c82ca96
10-23 09:37:49.028  2078  3334 W Sensor  : bad interpupillary distance: 0.059600, returning 0.068750
10-23 09:37:49.030  3727  3727 D ContextHelper: activity=com.epicgames.ue4.GameActivity@c82ca96, resumed=false
10-23 09:37:49.030  3727  3727 D ContextHelper: Calling finish() on com.epicgames.ue4.GameActivity@c82ca96
10-23 09:37:49.032  2078  2178 W Sensor  : bad interpupillary distance: 0.059600, returning 0.068750
10-23 09:37:49.037  1843  1914 W Sensor  : bad interpupillary distance: 0.059600, returning 0.068750
10-23 09:37:49.038  1105  1127 I ActivityManager: Killing 2496:com.oculus.vrshell.home/u0a47 (adj 906): empty #17
10-23 09:37:49.042  2078  3334 W Sensor  : bad interpupillary distance: 0.059600, returning 0.068750
10-23 09:37:49.046  3727  3727 D UE4     : onDestroy: destroy memoryHandlerThread
10-23 09:37:49.046  2078  2178 W Sensor  : bad interpupillary distance: 0.059600, returning 0.068750
10-23 09:37:49.049  3727  3744 D UE4     : [2019.10.23-00.37.49:049][216]LogAndroid: Case APP_CMD_INPUT_CHANGED
10-23 09:37:49.051  1843  1914 W Sensor  : bad interpupillary distance: 0.059600, returning 0.068750
10-23 09:37:49.051  3727  3744 D UE4     : [2019.10.23-00.37.49:049][216]LogAndroid: Case APP_CMD_DESTROY
10-23 09:37:49.056  2078  3334 W Sensor  : bad interpupillary distance: 0.059600, returning 0.068750
10-23 09:37:49.059  3727  3744 D UE4     : LogAndroidEvents::EnqueueAppEvent : 5, 0, tid = 3744, APP_EVENT_STATE_ON_DESTROY
10-23 09:37:49.060  2078  2178 W Sensor  : bad interpupillary distance: 0.059600, returning 0.068750
10-23 09:37:49.065  1843  1914 W Sensor  : bad interpupillary distance: 0.059600, returning 0.068750
10-23 09:37:49.070  2078  3334 W Sensor  : bad interpupillary distance: 0.059600, returning 0.068750
10-23 09:37:49.074  2078  2178 W Sensor  : bad interpupillary distance: 0.059600, returning 0.068750
10-23 09:37:49.079  1843  1914 W Sensor  : bad interpupillary distance: 0.059600, returning 0.068750
10-23 09:37:49.084  2078  3334 W Sensor  : bad interpupillary distance: 0.059600, returning 0.068750
10-23 09:37:49.090  2078  2178 W Sensor  : bad interpupillary distance: 0.059600, returning 0.068750
10-23 09:37:49.092  1843  1914 W Sensor  : bad interpupillary distance: 0.059600, returning 0.068750
10-23 09:37:49.098  2078  3334 W Sensor  : bad interpupillary distance: 0.059600, returning 0.068750
10-23 09:37:49.099  3727  3743 D UE4     : [2019.10.23-00.37.49:099][216]LogAndroidEvents: Display: LogAndroidEvents::DequeueAppEvent : 5, 0, APP_EVENT_STATE_ON_DESTROY
10-23 09:37:49.099  3727  3743 D UE4     : APP_EVENT_STATE_ON_DESTROY
10-23 09:37:49.102  2078  2178 W Sensor  : bad interpupillary distance: 0.059600, returning 0.068750
10-23 09:37:49.106  1843  1914 W Sensor  : bad interpupillary distance: 0.059600, returning 0.068750
10-23 09:37:49.112  2078  3334 W Sensor  : bad interpupillary distance: 0.059600, returning 0.068750
10-23 09:37:49.116  2078  2178 W Sensor  : bad interpupillary distance: 0.059600, returning 0.068750
10-23 09:37:49.121  1843  1914 W Sensor  : bad interpupillary distance: 0.059600, returning 0.068750
10-23 09:37:49.125  2078  3334 W Sensor  : bad interpupillary distance: 0.059600, returning 0.068750
10-23 09:37:49.130  2078  2178 W Sensor  : bad interpupillary distance: 0.059600, returning 0.068750
10-23 09:37:49.133  1843  1914 I [OAR] AudioSystem: Starting haptic hover1 on device 536870915
10-23 09:37:49.133  1843  1914 I [OAR] AudioMixer: Creating a new stream for client UiSound2
10-23 09:37:49.133  1843  1914 I [OAR] AudioMixer: PlaySoundEffect: 1554 samples at 25.688617
10-23 09:37:49.135  1843  1914 W Sensor  : bad interpupillary distance: 0.059600, returning 0.068750
10-23 09:37:49.140  2078  3334 W Sensor  : bad interpupillary distance: 0.059600, returning 0.068750
10-23 09:37:49.144  2078  2178 W Sensor  : bad interpupillary distance: 0.059600, returning 0.068750
10-23 09:37:49.148  1843  1914 W Sensor  : bad interpupillary distance: 0.059600, returning 0.068750
10-23 09:37:49.153  2078  3334 W Sensor  : bad interpupillary distance: 0.059600, returning 0.068750
10-23 09:37:49.158  1843  4015 I [OAR] AudioMixer: Finishing mono effect
10-23 09:37:49.158  2078  2178 W Sensor  : bad interpupillary distance: 0.059600, returning 0.068750
10-23 09:37:49.162  1843  1914 W Sensor  : bad interpupillary distance: 0.059600, returning 0.068750
10-23 09:37:49.167  2078  3334 W Sensor  : bad interpupillary distance: 0.059600, returning 0.068750
10-23 09:37:49.172  2078  2178 W Sensor  : bad interpupillary distance: 0.059600, returning 0.068750
10-23 09:37:49.176  1843  1914 W Sensor  : bad interpupillary distance: 0.059600, returning 0.068750
10-23 09:37:49.181  2078  3334 W Sensor  : bad interpupillary distance: 0.059600, returning 0.068750
10-23 09:37:49.186  2078  2178 W Sensor  : bad interpupillary distance: 0.059600, returning 0.068750
10-23 09:37:49.190  1843  1914 W Sensor  : bad interpupillary distance: 0.059600, returning 0.068750
10-23 09:37:49.195  2078  3334 W Sensor  : bad interpupillary distance: 0.059600, returning 0.068750
10-23 09:37:49.199  2078  2178 W Sensor  : bad interpupillary distance: 0.059600, returning 0.068750
10-23 09:37:49.204  1843  1914 W Sensor  : bad interpupillary distance: 0.059600, returning 0.068750
10-23 09:37:49.207  3727  3743 D UE4     : [2019.10.23-00.37.49:206][216]LogAndroid: Exiting
10-23 09:37:49.209  2078  3334 W Sensor  : bad interpupillary distance: 0.059600, returning 0.068750
10-23 09:37:49.212  3727  3800 D UE4     : *** JavaEnvDestructor: 3800
10-23 09:37:49.213  2078  2178 W Sensor  : bad interpupillary distance: 0.059600, returning 0.068750
10-23 09:37:49.218  1843  1914 W Sensor  : bad interpupillary distance: 0.059600, returning 0.068750
10-23 09:37:49.223  2078  3329 I GuardianRenderLayer: GuardianRenderLayer: Rendering status changed: false
10-23 09:37:49.226  1967  1986 W LibraryProvider: Cannot find entitlement for com.YourCompany.LastResisters
10-23 09:37:49.227  1453  1466 W OCMSLibrary: null cursor received for query content://com.oculus.ocms.library/apps/com.YourCompany.LastResisters
10-23 09:37:49.227  2078  2178 W Sensor  : bad interpupillary distance: 0.059600, returning 0.068750
10-23 09:37:49.231  3727  3773 I OsSdk   : will wait 60 seconds before retrying
10-23 09:37:49.232  1843  1914 W Sensor  : bad interpupillary distance: 0.059600, returning 0.068750
10-23 09:37:49.234  1105  1489 D ActivityManager: cleanUpApplicationRecord -- 2496
10-23 09:37:49.241  2078  2178 W Sensor  : bad interpupillary distance: 0.059600, returning 0.068750
10-23 09:37:49.246  1843  1914 W Sensor  : bad interpupillary distance: 0.059600, returning 0.068750
10-23 09:37:49.255  2078  2178 W Sensor  : bad interpupillary distance: 0.059600, returning 0.068750
10-23 09:37:49.259  1843  1914 W Sensor  : bad interpupillary distance: 0.059600, returning 0.068750
10-23 09:37:49.269  2078  2178 W Sensor  : bad interpupillary distance: 0.059600, returning 0.068750
10-23 09:37:49.272  1843  1914 I [OAR] AudioSystem: Starting haptic hover1 on device 536870915
10-23 09:37:49.272  1843  1914 I [OAR] AudioMixer: Creating a new stream for client UiSound3
10-23 09:37:49.272  1843  1914 I [OAR] AudioMixer: PlaySoundEffect: 1554 samples at 25.828617
10-23 09:37:49.274  1843  1914 W Sensor  : bad interpupillary distance: 0.059600, returning 0.068750
10-23 09:37:49.283  2078  2178 W Sensor  : bad interpupillary distance: 0.059600, returning 0.068750
10-23 09:37:49.284  1774  2067 E LibraryDBCacheManager: content://com.oculus.horizon.cache/library_cache
10-23 09:37:49.288  1843  1914 W Sensor  : bad interpupillary distance: 0.059600, returning 0.068750
10-23 09:37:49.298  2078  2178 W Sensor  : bad interpupillary distance: 0.059600, returning 0.068750
10-23 09:37:49.298  1843  4015 I [OAR] AudioMixer: Finishing mono effect
10-23 09:37:49.301  1843  1914 W Sensor  : bad interpupillary distance: 0.059600, returning 0.068750
10-23 09:37:49.313  1967  4049 W LibraryStorage: Unable to move cursor to the first position
10-23 09:37:49.313  1967  4049 I LibraryStorage: Successfully cleared 13 entitlements
10-23 09:37:49.313  1967  4049 I LibraryStorage: Beginning save for 13/13 apps
10-23 09:37:49.314  2078  2178 W Sensor  : bad interpupillary distance: 0.059600, returning 0.068750
10-23 09:37:49.315  1843  1914 W Sensor  : bad interpupillary distance: 0.059600, returning 0.068750
10-23 09:37:49.325  2078  2178 W Sensor  : bad interpupillary distance: 0.059600, returning 0.068750
10-23 09:37:49.329  1843  1914 W Sensor  : bad interpupillary distance: 0.059600, returning 0.068750
10-23 09:37:49.334  1967  4049 I LibraryStorage: Successfully saved 13 entitlements. Total entitlements: 13
10-23 09:37:49.334  1967  4049 I LibraryStorage: notifying: content://com.oculus.ocms.library/apps
10-23 09:37:49.336  1967  1978 W LibraryProvider: Cannot find entitlement for com.oculus.vrshell.home
10-23 09:37:49.336  3078  3116 I RCTVR_HERMES: [info]: 'Library', [ 'global library update received' ]
10-23 09:37:49.337  1774  2243 W OCMSLibrary: null cursor received for query content://com.oculus.ocms.library/apps/com.oculus.vrshell.home
10-23 09:37:49.339  2078  2178 W Sensor  : bad interpupillary distance: 0.059600, returning 0.068750
10-23 09:37:49.343  1843  1914 W Sensor  : bad interpupillary distance: 0.059600, returning 0.068750
10-23 09:37:49.344  3078  3099 D OculusLogger: logLegacyEvent(vrshell_info, {{from_pkg=com.oculus.vrshell, device_type=MONTEREY, headset_type=MONTEREY, id=100526290914264, data=["global library update received"], session_id=0cbf85aa-1676-490c-bc19-c9da31ea20cc, device_region=UNSPECIFIED, service_type=EXPLORE}}, false)
10-23 09:37:49.353  2078  2178 W Sensor  : bad interpupillary distance: 0.059600, returning 0.068750
10-23 09:37:49.357  1843  1914 W Sensor  : bad interpupillary distance: 0.059600, returning 0.068750
10-23 09:37:49.366  2078  2178 W Sensor  : bad interpupillary distance: 0.059600, returning 0.068750
10-23 09:37:49.371  1843  1914 W Sensor  : bad interpupillary distance: 0.059600, returning 0.068750
10-23 09:37:49.379  1843  4014 I VrApi   : FPS=71,Prd=45ms,Tear=0,Early=70,Stale=2,VSnc=1,Lat=1,Fov=0,CPU4/GPU=4/4,1958/670MHz,OC=FF,TA=0/E0/0,SP=N/F/N,Mem=1804MHz,Free=1805MB,PSM=0,PLS=0,Temp=26.0C/0.0C,TW=3.98ms,App=5.21ms,GD=0.46ms,CPU&GPU=7.61ms,LCnt=3,GPU%=0.70,CPU%=0.11(W0.19)
10-23 09:37:49.380  2078  2178 W Sensor  : bad interpupillary distance: 0.059600, returning 0.068750
10-23 09:37:49.385  1843  1914 W Sensor  : bad interpupillary distance: 0.059600, returning 0.068750
10-23 09:37:49.394  2078  2178 W Sensor  : bad interpupillary distance: 0.059600, returning 0.068750
10-23 09:37:49.399  1843  1914 W Sensor  : bad interpupillary distance: 0.059600, returning 0.068750
10-23 09:37:49.408  2078  2178 W Sensor  : bad interpupillary distance: 0.059600, returning 0.068750
10-23 09:37:49.413  1843  1914 W Sensor  : bad interpupillary distance: 0.059600, returning 0.068750
10-23 09:37:49.422  2078  2178 W Sensor  : bad interpupillary distance: 0.059600, returning 0.068750
10-23 09:37:49.427  1843  1914 W Sensor  : bad interpupillary distance: 0.059600, returning 0.068750
10-23 09:37:49.437  2078  2178 W Sensor  : bad interpupillary distance: 0.059600, returning 0.068750
10-23 09:37:49.439  1453  2169 I UploadManager: Scheduling immediate upload for 2131099677
10-23 09:37:49.441  1843  1914 W Sensor  : bad interpupillary distance: 0.059600, returning 0.068750
10-23 09:37:49.453  3078  3116 W RCTVR_HERMES: [warn]: QEData empty or corrupt for sessionless__oculus_vrshell_aui_library_badge_universe
10-23 09:37:49.453  3078  3116 W RCTVR_HERMES: [warn]: QEData empty or corrupt for sessionless__oculus_mobile_library_badge_updates_category_universe
10-23 09:37:49.455  1843  1914 W Sensor  : bad interpupillary distance: 0.059600, returning 0.068750
10-23 09:37:49.456  2078  2178 W Sensor  : bad interpupillary distance: 0.059600, returning 0.068750
10-23 09:37:49.464  2078  2178 W Sensor  : bad interpupillary distance: 0.059600, returning 0.068750
10-23 09:37:49.468  1843  1914 W Sensor  : bad interpupillary distance: 0.059600, returning 0.068750
10-23 09:37:49.478  2078  2178 W Sensor  : bad interpupillary distance: 0.059600, returning 0.068750
10-23 09:37:49.482  1843  1914 W Sensor  : bad interpupillary distance: 0.059600, returning 0.068750
10-23 09:37:49.492  2078  2178 W Sensor  : bad interpupillary distance: 0.059600, returning 0.068750
10-23 09:37:49.496  1843  1914 W Sensor  : bad interpupillary distance: 0.059600, returning 0.068750
10-23 09:37:49.506  2078  2178 W Sensor  : bad interpupillary distance: 0.059600, returning 0.068750
10-23 09:37:49.510  1843  1914 I ShellSurfaceRender: Averages: drawCalls 15.3 progBinds 5.7 paramUpdates 64.5 textureBinds 7.0 bufferBinds 1.0
10-23 09:37:49.510  1843  1914 W Sensor  : bad interpupillary distance: 0.059600, returning 0.068750
10-23 09:37:49.520  2078  2178 W Sensor  : bad interpupillary distance: 0.059600, returning 0.068750
10-23 09:37:49.524  1843  1914 W Sensor  : bad interpupillary distance: 0.059600, returning 0.068750
10-23 09:37:49.524  3078  3099 I RvrPnl  : FPS=69.8432/84.917/34.2409, MSPF=0.0143178/11.7762/29.2048, MEMALLOC=36.6771
10-23 09:37:49.534  2078  2178 W Sensor  : bad interpupillary distance: 0.059600, returning 0.068750
10-23 09:37:49.537  1843  1914 I [OAR] AudioSystem: Starting haptic hover1 on device 536870915
10-23 09:37:49.537  1843  1914 I [OAR] AudioMixer: Creating a new stream for client UiSound4
10-23 09:37:49.537  1843  1914 I [OAR] AudioMixer: PlaySoundEffect: 1554 samples at 26.088617
10-23 09:37:49.538  1843  1914 W Sensor  : bad interpupillary distance: 0.059600, returning 0.068750
10-23 09:37:49.547  2078  2178 W Sensor  : bad interpupillary distance: 0.059600, returning 0.068750
10-23 09:37:49.552  1843  1914 W Sensor  : bad interpupillary distance: 0.059600, returning 0.068750
10-23 09:37:49.558  1843  4015 I [OAR] AudioMixer: Finishing mono effect
10-23 09:37:49.561  2078  2178 W Sensor  : bad interpupillary distance: 0.059600, returning 0.068750
10-23 09:37:49.566  1843  1914 W Sensor  : bad interpupillary distance: 0.059600, returning 0.068750
10-23 09:37:49.575  2078  2178 W Sensor  : bad interpupillary distance: 0.059600, returning 0.068750
10-23 09:37:49.580  1843  1914 W Sensor  : bad interpupillary distance: 0.059600, returning 0.068750
10-23 09:37:49.589  2078  2178 W Sensor  : bad interpupillary distance: 0.059600, returning 0.068750
10-23 09:37:49.594  1843  1914 W Sensor  : bad interpupillary distance: 0.059600, returning 0.068750
10-23 09:37:49.603  2078  2178 W Sensor  : bad interpupillary distance: 0.059600, returning 0.068750
10-23 09:37:49.607  1843  1914 W Sensor  : bad interpupillary distance: 0.059600, returning 0.068750
10-23 09:37:49.617  2078  2178 W Sensor  : bad interpupillary distance: 0.059600, returning 0.068750
10-23 09:37:49.621  1843  1914 W Sensor  : bad interpupillary distance: 0.059600, returning 0.068750
10-23 09:37:49.631  2078  2178 W Sensor  : bad interpupillary distance: 0.059600, returning 0.068750
10-23 09:37:49.635  1843  1914 W Sensor  : bad interpupillary distance: 0.059600, returning 0.068750
10-23 09:37:49.645  2078  2178 W Sensor  : bad interpupillary distance: 0.059600, returning 0.068750
10-23 09:37:49.649  1843  1914 W Sensor  : bad interpupillary distance: 0.059600, returning 0.068750
10-23 09:37:49.658  1453  4052 W ContextImpl: Calling a method in the system process without a qualified user: android.app.ContextImpl.sendBroadcast:877 android.content.ContextWrapper.sendBroadcast:421 com.facebook.analytics2.logger.UploadServiceBus.signalJobRan:60 com.facebook.analytics2.logger.UploadJobHandler.exitStateMachine:264 com.facebook.analytics2.logger.UploadJobHandler.handleMessage:97 
10-23 09:37:49.659  2078  2178 W Sensor  : bad interpupillary distance: 0.059600, returning 0.068750
10-23 09:37:49.659  1105  1459 E ActivityManager: Sending non-protected broadcast com.facebook.analytics2.action.UPLOAD_JOB_RAN from system 1453:com.oculus.unifiedtelemetry/1000 pkg com.oculus.unifiedtelemetry
10-23 09:37:49.659  1105  1459 E ActivityManager: java.lang.Throwable
10-23 09:37:49.659  1105  1459 E ActivityManager: 	at com.android.server.am.ActivityManagerService.checkBroadcastFromSystem(ActivityManagerService.java:18232)
10-23 09:37:49.659  1105  1459 E ActivityManager: 	at com.android.server.am.ActivityManagerService.broadcastIntentLocked(ActivityManagerService.java:18713)
10-23 09:37:49.659  1105  1459 E ActivityManager: 	at com.android.server.am.ActivityManagerService.broadcastIntent(ActivityManagerService.java:18895)
10-23 09:37:49.659  1105  1459 E ActivityManager: 	at android.app.ActivityManagerNative.onTransact(ActivityManagerNative.java:499)
10-23 09:37:49.659  1105  1459 E ActivityManager: 	at com.android.server.am.ActivityManagerService.onTransact(ActivityManagerService.java:2847)
10-23 09:37:49.659  1105  1459 E ActivityManager: 	at android.os.Binder.execTransact(Binder.java:565)
10-23 09:37:49.663  1843  1914 W Sensor  : bad interpupillary distance: 0.059600, returning 0.068750
10-23 09:37:49.668  1105  1459 E ActivityManager: Sending non-protected broadcast com.facebook.analytics2.action.UPLOAD_JOB_RAN from system 1453:com.oculus.unifiedtelemetry/1000 pkg com.oculus.unifiedtelemetry
10-23 09:37:49.668  1105  1459 E ActivityManager: java.lang.Throwable
10-23 09:37:49.668  1105  1459 E ActivityManager: 	at com.android.server.am.ActivityManagerService.checkBroadcastFromSystem(ActivityManagerService.java:18232)
10-23 09:37:49.668  1105  1459 E ActivityManager: 	at com.android.server.am.ActivityManagerService.broadcastIntentLocked(ActivityManagerService.java:18804)
10-23 09:37:49.668  1105  1459 E ActivityManager: 	at com.android.server.am.ActivityManagerService.broadcastIntent(ActivityManagerService.java:18895)
10-23 09:37:49.668  1105  1459 E ActivityManager: 	at android.app.ActivityManagerNative.onTransact(ActivityManagerNative.java:499)
10-23 09:37:49.668  1105  1459 E ActivityManager: 	at com.android.server.am.ActivityManagerService.onTransact(ActivityManagerService.java:2847)
10-23 09:37:49.668  1105  1459 E ActivityManager: 	at android.os.Binder.execTransact(Binder.java:565)
10-23 09:37:49.673  2078  2178 W Sensor  : bad interpupillary distance: 0.059600, returning 0.068750
10-23 09:37:49.677  1843  1914 W Sensor  : bad interpupillary distance: 0.059600, returning 0.068750
10-23 09:37:49.687  2078  2178 W Sensor  : bad interpupillary distance: 0.059600, returning 0.068750
10-23 09:37:49.691  1843  1914 W Sensor  : bad interpupillary distance: 0.059600, returning 0.068750
10-23 09:37:49.701  2078  2178 W Sensor  : bad interpupillary distance: 0.059600, returning 0.068750
10-23 09:37:49.705  1843  1914 W Sensor  : bad interpupillary distance: 0.059600, returning 0.068750
10-23 09:37:49.715  2078  2178 W Sensor  : bad interpupillary distance: 0.059600, returning 0.068750
10-23 09:37:49.719  1843  1914 W Sensor  : bad interpupillary distance: 0.059600, returning 0.068750
10-23 09:37:49.728  2078  2178 W Sensor  : bad interpupillary distance: 0.059600, returning 0.068750
10-23 09:37:49.733  1843  1914 W Sensor  : bad interpupillary distance: 0.059600, returning 0.068750
10-23 09:37:49.742  2078  2178 W Sensor  : bad interpupillary distance: 0.059600, returning 0.068750
10-23 09:37:49.747  1843  1914 W Sensor  : bad interpupillary distance: 0.059600, returning 0.068750
10-23 09:37:49.756  2078  2178 W Sensor  : bad interpupillary distance: 0.059600, returning 0.068750
10-23 09:37:49.761  1843  1914 W Sensor  : bad interpupillary distance: 0.059600, returning 0.068750
10-23 09:37:49.770  2078  2178 W Sensor  : bad interpupillary distance: 0.059600, returning 0.068750
10-23 09:37:49.775  1843  1914 W Sensor  : bad interpupillary distance: 0.059600, returning 0.068750
10-23 09:37:49.776  1843  2193 I OVRPlatform: [CurlHttpClient] Executing HTTP request: https://graph.oculus.com//v1.20/me?fields=current_party{id,leader{id},join_policy,users{id,alias,display_name,profile_url,profile_url_small,presence,presence_status,presence_app{id,package_name},presence_deeplink_message,avatar_v2{avatar_image{uri}}},invited_users{id,alias,display_name,profile_url,profile_url_small,presence,presence_status,presence_app{id,package_name},presence_deeplink_message,avatar_v2{avatar_image{uri}}}}&app_version=174321109
10-23 09:37:49.784  2078  2178 W Sensor  : bad interpupillary distance: 0.059600, returning 0.068750
10-23 09:37:49.789  1843  1914 W Sensor  : bad interpupillary distance: 0.059600, returning 0.068750
10-23 09:37:49.798  2078  2178 W Sensor  : bad interpupillary distance: 0.059600, returning 0.068750
10-23 09:37:49.802  1843  1914 W Sensor  : bad interpupillary distance: 0.059600, returning 0.068750
10-23 09:37:49.812  2078  2178 W Sensor  : bad interpupillary distance: 0.059600, returning 0.068750
10-23 09:37:49.816  1843  1914 W Sensor  : bad interpupillary distance: 0.059600, returning 0.068750
10-23 09:37:49.826  2078  2178 W Sensor  : bad interpupillary distance: 0.059600, returning 0.068750
10-23 09:37:49.830  1843  1914 W Sensor  : bad interpupillary distance: 0.059600, returning 0.068750
10-23 09:37:49.840  2078  2178 W Sensor  : bad interpupillary distance: 0.059600, returning 0.068750
10-23 09:37:49.844  1843  1914 W Sensor  : bad interpupillary distance: 0.059600, returning 0.068750
10-23 09:37:49.854  2078  2178 W Sensor  : bad interpupillary distance: 0.059600, returning 0.068750
10-23 09:37:49.858  1843  1914 W Sensor  : bad interpupillary distance: 0.059600, returning 0.068750
10-23 09:37:49.868  2078  2178 W Sensor  : bad interpupillary distance: 0.059600, returning 0.068750
10-23 09:37:49.873  1843  1914 W Sensor  : bad interpupillary distance: 0.059600, returning 0.068750
10-23 09:37:49.882  2078  2178 W Sensor  : bad interpupillary distance: 0.059600, returning 0.068750
10-23 09:37:49.886  1843  1914 W Sensor  : bad interpupillary distance: 0.059600, returning 0.068750
10-23 09:37:49.896  2078  2178 W Sensor  : bad interpupillary distance: 0.059600, returning 0.068750
10-23 09:37:49.900  1843  1914 W Sensor  : bad interpupillary distance: 0.059600, returning 0.068750
10-23 09:37:49.909  2078  2178 W Sensor  : bad interpupillary distance: 0.059600, returning 0.068750
10-23 09:37:49.914  1843  1914 W Sensor  : bad interpupillary distance: 0.059600, returning 0.068750
10-23 09:37:49.923  2078  2178 W Sensor  : bad interpupillary distance: 0.059600, returning 0.068750
10-23 09:37:49.928  1843  1914 W Sensor  : bad interpupillary distance: 0.059600, returning 0.068750
10-23 09:37:49.937  2078  2178 W Sensor  : bad interpupillary distance: 0.059600, returning 0.068750
10-23 09:37:49.942  1843  1914 W Sensor  : bad interpupillary distance: 0.059600, returning 0.068750
10-23 09:37:49.951  2078  2178 W Sensor  : bad interpupillary distance: 0.059600, returning 0.068750
10-23 09:37:49.955  1843  1914 W Sensor  : bad interpupillary distance: 0.059600, returning 0.068750
10-23 09:37:49.965  2078  2178 W Sensor  : bad interpupillary distance: 0.059600, returning 0.068750
10-23 09:37:49.970  1843  1914 W Sensor  : bad interpupillary distance: 0.059600, returning 0.068750
10-23 09:37:49.979  2078  2178 W Sensor  : bad interpupillary distance: 0.059600, returning 0.068750
10-23 09:37:49.983  1843  1914 W Sensor  : bad interpupillary distance: 0.059600, returning 0.068750
10-23 09:37:49.993  2078  2178 W Sensor  : bad interpupillary distance: 0.059600, returning 0.068750
10-23 09:37:49.997  1843  1914 W Sensor  : bad interpupillary distance: 0.059600, returning 0.068750
10-23 09:37:50.007  2078  2178 W Sensor  : bad interpupillary distance: 0.059600, returning 0.068750
10-23 09:37:50.009  1843  2192 I OVRPlatform: [HttpRequest] Request `me?fields=current_party{id,leader{id},join_policy,users{id,alias,display_name,profile_url,profile_url_small,presence,presence_status,presence_app{id,package_name},presence_deeplink_message,avatar_v2{avatar_image{uri}}},invited_users{id,alias,display_name,profile_url,profile_url_small,presence,presence_status,presence_app{id,package_name},presence_deeplink_message,avatar_v2{avatar_image{uri}}}}' (id: 819) succeeded: {"id":"100526290914264"}
10-23 09:37:50.009  1843  2192 I OVRPlatform: [RequestStopwatch] HttpRequestAsync (me?fields=current_party{id,leader{id},join_policy,users{id,alias,display_name,profile_url,profile_url_small,presence,presence_status,presence_app{id,package_name},presence_deeplink_message,avatar_v2{avatar_image{uri}}},invited_users{id,alias,display_name,profile_url,profile_url_small,presence,presence_status,presence_app{id,package_name},presence_deeplink_message,avatar_v2{avatar_image{uri}}}}) took 236.0820 milliseconds
10-23 09:37:50.010  1843  1914 I [OAR] PartyManager: Party Response Parse Time: 0.018854ms
10-23 09:37:50.014  1843  1914 W Sensor  : bad interpupillary distance: 0.059600, returning 0.068750
10-23 09:37:50.021  2078  2178 W Sensor  : bad interpupillary distance: 0.059600, returning 0.068750
10-23 09:37:50.025  1843  1914 W Sensor  : bad interpupillary distance: 0.059600, returning 0.068750
10-23 09:37:50.035  2078  2178 W Sensor  : bad interpupillary distance: 0.059600, returning 0.068750
10-23 09:37:50.039  1843  1914 W Sensor  : bad interpupillary distance: 0.059600, returning 0.068750
10-23 09:37:50.049  2078  2178 W Sensor  : bad interpupillary distance: 0.059600, returning 0.068750
10-23 09:37:50.051   706  2934 I [CT]    : L:Behavior:AtRest: deactivated
10-23 09:37:50.051   706  2934 I [CT]    : AdHocPatch: [Left] t = 208.235s, behavior transition: AtRest -> None at 208.285s
10-23 09:37:50.053  1843  1914 W Sensor  : bad interpupillary distance: 0.059600, returning 0.068750
10-23 09:37:50.058  2078  3329 I GuardianRenderLayer: GuardianRenderLayer: Rendering status changed: true
10-23 09:37:50.058  2078  3334 W Sensor  : bad interpupillary distance: 0.059600, returning 0.068750
10-23 09:37:50.063  2078  2178 W Sensor  : bad interpupillary distance: 0.059600, returning 0.068750
10-23 09:37:50.067  1843  1914 W Sensor  : bad interpupillary distance: 0.059600, returning 0.068750
10-23 09:37:50.072  2078  3334 W Sensor  : bad interpupillary distance: 0.059600, returning 0.068750
10-23 09:37:50.077  2078  2178 W Sensor  : bad interpupillary distance: 0.059600, returning 0.068750
10-23 09:37:50.078   706  2934 I [CT]    : L:Behavior:AtRest: activated
10-23 09:37:50.078   706  2934 I [CT]    : AdHocPatch: [Left] t = 208.263s, behavior transition: None -> AtRest at 208.313s
10-23 09:37:50.081  1843  1914 W Sensor  : bad interpupillary distance: 0.059600, returning 0.068750
10-23 09:37:50.086  2078  3334 W Sensor  : bad interpupillary distance: 0.059600, returning 0.068750
10-23 09:37:50.091  2078  2178 W Sensor  : bad interpupillary distance: 0.059600, returning 0.068750
10-23 09:37:50.094   706  2934 I [CT]    : L:Behavior:AtRest: deactivated
10-23 09:37:50.094   706  2934 I [CT]    : AdHocPatch: [Left] t = 208.279s, behavior transition: AtRest -> None at 208.329s
10-23 09:37:50.095  1843  1914 W Sensor  : bad interpupillary distance: 0.059600, returning 0.068750
10-23 09:37:50.100  2078  3329 I GuardianRenderLayer: GuardianRenderLayer: Rendering status changed: false
10-23 09:37:50.104  2078  2178 W Sensor  : bad interpupillary distance: 0.059600, returning 0.068750
10-23 09:37:50.109  1843  1914 W Sensor  : bad interpupillary distance: 0.059600, returning 0.068750
10-23 09:37:50.114  2078  3329 I GuardianRenderLayer: GuardianRenderLayer: Rendering status changed: true
10-23 09:37:50.114  2078  3334 W Sensor  : bad interpupillary distance: 0.059600, returning 0.068750
10-23 09:37:50.118  2078  2178 W Sensor  : bad interpupillary distance: 0.059600, returning 0.068750
10-23 09:37:50.122   706  3315 I [CT]    : VIPER: Status=6DoF,TRACKING,KF=144,Inl=453,Pts=509,Jit=0.1mm,Issues(Cam/min=0.0,IMU/min=0.0),Exp=(5.6ms,g=3,I=95)(4.4ms,g=3,I=97)(5.6ms,g=3,I=104)(3.9ms,g=3,I=97)
10-23 09:37:50.123  1843  1914 W Sensor  : bad interpupillary distance: 0.059600, returning 0.068750
10-23 09:37:50.128  2078  3334 W Sensor  : bad interpupillary distance: 0.059600, returning 0.068750
10-23 09:37:50.132  2078  2178 W Sensor  : bad interpupillary distance: 0.059600, returning 0.068750
10-23 09:37:50.137  1843  1914 W Sensor  : bad interpupillary distance: 0.059600, returning 0.068750
10-23 09:37:50.142  2078  3334 W Sensor  : bad interpupillary distance: 0.059600, returning 0.068750
10-23 09:37:50.146  2078  2178 W Sensor  : bad interpupillary distance: 0.059600, returning 0.068750
10-23 09:37:50.151  1843  1914 W Sensor  : bad interpupillary distance: 0.059600, returning 0.068750
10-23 09:37:50.156  2078  3334 W Sensor  : bad interpupillary distance: 0.059600, returning 0.068750
10-23 09:37:50.160  2078  2178 W Sensor  : bad interpupillary distance: 0.059600, returning 0.068750
10-23 09:37:50.165  1843  1914 W Sensor  : bad interpupillary distance: 0.059600, returning 0.068750
10-23 09:37:50.170  2078  3334 W Sensor  : bad interpupillary distance: 0.059600, returning 0.068750
10-23 09:37:50.174  2078  2178 W Sensor  : bad interpupillary distance: 0.059600, returning 0.068750
10-23 09:37:50.179  1843  1914 W Sensor  : bad interpupillary distance: 0.059600, returning 0.068750
10-23 09:37:50.184  2078  3334 W Sensor  : bad interpupillary distance: 0.059600, returning 0.068750
10-23 09:37:50.188  2078  2178 W Sensor  : bad interpupillary distance: 0.059600, returning 0.068750
10-23 09:37:50.192  1843  1914 W Sensor  : bad interpupillary distance: 0.059600, returning 0.068750
10-23 09:37:50.198  2078  3334 W Sensor  : bad interpupillary distance: 0.059600, returning 0.068750
10-23 09:37:50.202  2078  2178 W Sensor  : bad interpupillary distance: 0.059600, returning 0.068750
10-23 09:37:50.206  1843  1914 W Sensor  : bad interpupillary distance: 0.059600, returning 0.068750
10-23 09:37:50.211  2078  3334 W Sensor  : bad interpupillary distance: 0.059600, returning 0.068750
10-23 09:37:50.214  3727  3743 D UE4     : [2019.10.23-00.37.50:214][216]LogAudioMixer: Warning: Timed out waiting to flush the source manager command queue (1).
10-23 09:37:50.216  2078  2178 W Sensor  : bad interpupillary distance: 0.059600, returning 0.068750
10-23 09:37:50.220  1843  1914 W Sensor  : bad interpupillary distance: 0.059600, returning 0.068750
10-23 09:37:50.226  2078  3334 W Sensor  : bad interpupillary distance: 0.059600, returning 0.068750
10-23 09:37:50.230  2078  2178 W Sensor  : bad interpupillary distance: 0.059600, returning 0.068750
10-23 09:37:50.234  1843  1914 W Sensor  : bad interpupillary distance: 0.059600, returning 0.068750
10-23 09:37:50.239  2078  3334 W Sensor  : bad interpupillary distance: 0.059600, returning 0.068750
10-23 09:37:50.244  2078  2178 W Sensor  : bad interpupillary distance: 0.059600, returning 0.068750
10-23 09:37:50.248  1843  1914 W Sensor  : bad interpupillary distance: 0.059600, returning 0.068750
10-23 09:37:50.253  2078  3334 W Sensor  : bad interpupillary distance: 0.059600, returning 0.068750
10-23 09:37:50.258  2078  2178 W Sensor  : bad interpupillary distance: 0.059600, returning 0.068750
10-23 09:37:50.262  1843  1914 W Sensor  : bad interpupillary distance: 0.059600, returning 0.068750
10-23 09:37:50.267  2078  3334 W Sensor  : bad interpupillary distance: 0.059600, returning 0.068750
10-23 09:37:50.272  2078  2178 W Sensor  : bad interpupillary distance: 0.059600, returning 0.068750
10-23 09:37:50.276  1843  1914 W Sensor  : bad interpupillary distance: 0.059600, returning 0.068750
10-23 09:37:50.277  1920  1920 I [OAR] AnytimeUIAndroidPanelAppBase: actionNavigate - App:  systemux://library, Uri:  
10-23 09:37:50.281  2078  3334 W Sensor  : bad interpupillary distance: 0.059600, returning 0.068750
10-23 09:37:50.289  2078  2178 W Sensor  : bad interpupillary distance: 0.059600, returning 0.068750
10-23 09:37:50.290  1843  1914 W Sensor  : bad interpupillary distance: 0.059600, returning 0.068750
10-23 09:37:50.295  2078  3334 W Sensor  : bad interpupillary distance: 0.059600, returning 0.068750
10-23 09:37:50.299  2078  2178 W Sensor  : bad interpupillary distance: 0.059600, returning 0.068750
10-23 09:37:50.302  1843  1914 I [OAR] AudioSystem: Starting haptic select1 on device 536870915
10-23 09:37:50.302  1843  1914 I [OAR] AudioMixer: Creating a new stream for client UiSound5
10-23 09:37:50.302  1843  1914 I [OAR] AudioMixer: PlaySoundEffect: 25598 samples at 26.868617
10-23 09:37:50.303  1843  1914 I [OAR] SystemUXController: System UX, targetComponent = systemux://library, uri = , returnComponent = 
10-23 09:37:50.303  1843  1914 D [OAR] PanelAppConfigurationUtil: Retrieving panel configuration for com.oculus.vrshell.home - com.oculus.vrshell.home.LibraryService
10-23 09:37:50.306  1843  1914 I [OAR] PanelAppConfigurationUtil: Not sending Android activity token to component com.oculus.vrshell.home/com.oculus.vrshell.home.LibraryService
10-23 09:37:50.307  1843  1914 D [OAR] PanelAppConfigurationUtil: Retrieving panel configuration for com.oculus.vrshell.home - com.oculus.vrshell.home.LibraryService
10-23 09:37:50.309  2078  3334 W Sensor  : bad interpupillary distance: 0.059600, returning 0.068750
10-23 09:37:50.310  1843  1914 D [OAR] PanelAppConfigurationUtil: Retrieving panel configuration for com.oculus.vrshell.home - com.oculus.vrshell.home.LibraryService
10-23 09:37:50.313  1843  1914 I [OAR] SystemUXController: Registering pending Shell Application launch for com.oculus.vrshell.home/com.oculus.vrshell.home.LibraryService,- overwriting existing launch? false.
10-23 09:37:50.313  2078  2178 W Sensor  : bad interpupillary distance: 0.059600, returning 0.068750
10-23 09:37:50.315  1843  1914 W Sensor  : bad interpupillary distance: 0.059600, returning 0.068750
10-23 09:37:50.316  1843  1914 I [OAR] SystemUXController: ProcessPendingLaunch 1
10-23 09:37:50.316  1843  1914 I [OAR] DialogController: CloseDialogs(process pending launch. launchType: 1) old: 0, pendingUri: systemux://dialog/none, pendingComponent: 
10-23 09:37:50.316  1843  1914 D [OAR] PanelAppConfigurationUtil: Retrieving panel configuration for com.oculus.vrshell.home - com.oculus.vrshell.home.LibraryService
10-23 09:37:50.323  2078  3334 W Sensor  : bad interpupillary distance: 0.059600, returning 0.068750
10-23 09:37:50.323  1843  1914 I [OAR] ShellApp: LaunchOrDeepLink() - Falling back to LaunchPrimaryPanelApp - No matching context found for com.oculus.vrshell.home/com.oculus.vrshell.home.LibraryService with uri /library?newDeeplink=1
10-23 09:37:50.323  1843  1914 I [OAR] ShellApp: LaunchPrimaryPanelApp( com.oculus.vrshell.home/com.oculus.vrshell.home.LibraryService )
10-23 09:37:50.323  1843  1914 I [OAR] ShellApp: Background
10-23 09:37:50.323  1843  1914 I [OAR] PanelAppHost: OnBackground
10-23 09:37:50.323  1843  1914 I [OAR] PanelAppHost: Clearing the returnComponent(com.oculus.vrshell) due to navigation.
10-23 09:37:50.323  1843  1914 I [OAR] PanelAppHost: Panel app 2 (com.oculus.vrshell.home/com.oculus.vrshell.home.ExploreService) changing state from foreground to background
10-23 09:37:50.324  1843  1914 D [OAR] ShellApplication: notify OS to set com.oculus.vrshell.home/com.oculus.vrshell.home.ExploreService to BACKGROUND
10-23 09:37:50.326  1843  1914 I [OAR] PanelAppHost: com.oculus.vrshell.home/com.oculus.vrshell.home.ExploreService:2 is now backgrounded due to: appSwitch
10-23 09:37:50.326  1843  1914 I [OAR] ShellApp: ResetComponents
10-23 09:37:50.326  1843  1914 I [OAR] BaseEnvironment: Clear()
10-23 09:37:50.326  1843  1914 I [OAR] TrackedUser: Reset
10-23 09:37:50.326  1843  1914 I [OAR] ShellApp: CreatePanelApp( com.oculus.vrshell.home/com.oculus.vrshell.home.LibraryService )
10-23 09:37:50.326  1843  1914 I [OAR] ShellApp: Environment:
10-23 09:37:50.326  1843  1914 I [OAR] ShellApp: uri = /library?newDeeplink=1
10-23 09:37:50.326  1843  1914 I [OAR] ShellApp: _oc_launch_timestamp = 756267
10-23 09:37:50.326  3078  3099 I RCTVR   : AppState backgroundReason [appSwitch]
