--------- beginning of main
11-08 17:01:22.622 23345 23345 D AndroidRuntime: >>>>>> START com.android.internal.os.RuntimeInit uid 2000 <<<<<<
11-08 17:01:22.625 23345 23345 D AndroidRuntime: CheckJNI is OFF
11-08 17:01:22.723 23345 23345 D ICU     : No timezone override file found: /data/misc/zoneinfo/current/icu/icu_tzdata.dat
11-08 17:01:22.743 23345 23345 I Radio-JNI: register_android_hardware_Radio DONE
11-08 17:01:22.752 23345 23345 D AndroidRuntime: Calling main entry com.android.commands.am.Am
11-08 17:01:22.755  1123  1539 D OculusGoPackageTypeHelper: Is package com.YourCompany.LastResisters a system app: false
11-08 17:01:22.755  1123  1539 D OculusGoPackageTypeHelper: Is package com.YourCompany.LastResisters Oculus store app: false
11-08 17:01:22.756  1123  1539 D OculusGoPackageTypeHelper: Is com.YourCompany.LastResisters, a side loaded Vr app: true
11-08 17:01:22.756  1123  1539 D NonVrActivityIntentWrapper: Is Intent { flg=0x10000000 cmp=com.YourCompany.LastResisters/com.epicgames.ue4.GameActivity }, a valid launch intent: false
--------- beginning of system
11-08 17:01:22.756  1123  1539 I ActivityManager: START u0 {flg=0x10000000 cmp=com.YourCompany.LastResisters/com.epicgames.ue4.GameActivity} from uid 2000 on display 0
11-08 17:01:22.774  1123  1539 I ActivityManager: Start proc 23355:com.YourCompany.LastResisters/u0a346 for activity com.YourCompany.LastResisters/com.epicgames.ue4.GameActivity
11-08 17:01:22.776 23355 23355 I art     : Late-enabling -Xcheck:jni
11-08 17:01:22.777 23345 23345 D AndroidRuntime: Shutting down VM
11-08 17:01:22.816  1852  1852 D [OAR] MainActivity: com.oculus.vrshell.MainActivity@dd20840 surfaceDestroyed()
11-08 17:01:22.816  1852  1852 I [OAR] ShellMain:     looperMessageQueue->SendPrintf("surfaceDestroyed 0xc2061808")
11-08 17:01:22.817  1852  1932 I [OAR] ShellFrameAnalytics: ShellFrame frameFunction: 105641867us/1051210293us, trace: 0us/4us, process commands: 0us/422us, system update: 0us/3089us, render 0us/62388us, post render 0us/1us
11-08 17:01:22.817  1852  1932 I [OAR] ShellApp: 0xca615388 msg: surfaceDestroyed 0xc2061808
11-08 17:01:22.828 23355 23370 V UE4-NetworkChangedManager: Network Available
11-08 17:01:22.832 23355 23355 W linker  : /data/app/com.YourCompany.LastResisters-1/lib/arm/libOVRPlugin.so: is missing DT_SONAME will use basename as a replacement: "libOVRPlugin.so"
11-08 17:01:22.835 23355 23355 D OVRPlugin: JNI_OnLoad
11-08 17:01:22.879 23355 23355 D UE4     : Used memory before allocating anything was 51.45MB
11-08 17:01:22.992 23355 23355 D UE4     : In the JNI_OnLoad function
11-08 17:01:22.993 23355 23355 D UE4     : [JNI] - Failed to determine if app purchasing is enabled!
11-08 17:01:23.002 23355 23355 D UE4     : Path found as '/storage/emulated/0'
11-08 17:01:23.002 23355 23355 D UE4     : Font Path found as '/system/fonts/'
11-08 17:01:23.002 23355 23355 D UE4     : In the JNI_OnLoad function 5
11-08 17:01:23.025 23355 23371 D UE4     : Entering native app glue main function
11-08 17:01:23.025 23355 23371 D UE4     : Created event thread
11-08 17:01:23.025 23355 23371 D UE4     : Entered AndroidMain()
11-08 17:01:23.027 23355 23372 D UE4     : Entering event processing thread engine entry point
11-08 17:01:23.027 23355 23372 D UE4     : Prepared looper for event thread
11-08 17:01:23.027 23355 23372 D UE4     : Passed callback initialization
11-08 17:01:23.027 23355 23372 D UE4     : Passed sensor initialization
11-08 17:01:23.028 23355 23371 D UE4     : Controller interface supported
11-08 17:01:23.034 23355 23355 D PermissionFragment: Creating PlayGamesFragment
11-08 17:01:23.035  1123  1589 I ActivityManager: START u0 {act=android.content.pm.action.REQUEST_PERMISSIONS pkg=com.android.packageinstaller cmp=com.android.packageinstaller/.permission.ui.GrantPermissionsActivity (has extras)} from uid 10346 on display 0
11-08 17:01:23.040 23355 23355 D UE4     : Vulkan version: 1.0.3
11-08 17:01:23.040 23355 23355 D UE4     : Vulkan level: 0
11-08 17:01:23.043 23355 23355 D UE4     : Found DepthBufferPreference = 0
11-08 17:01:23.043 23355 23355 D UE4     : Found bPackageDataInsideApk = 0
11-08 17:01:23.044 23355 23355 D UE4     : Found ProjectName = LastResisters
11-08 17:01:23.044 23355 23355 D UE4     : Found AppType = 
11-08 17:01:23.044 23355 23355 D UE4     : Found bHasOBBFiles = 0
11-08 17:01:23.044 23355 23355 D UE4     : Found bVerifyOBBOnStartUp = false
11-08 17:01:23.044 23355 23355 D UE4     : UI hiding set to true
11-08 17:01:23.044 23355 23355 D UE4     : BuildConfiguration set to Development
11-08 17:01:23.044 23355 23355 D UE4     : UseExternalFilesDir set to false
11-08 17:01:23.044 23355 23355 D UE4     : AllowIMU set to true
11-08 17:01:23.044 23355 23355 D UE4     : SupportsVulkan set to false
11-08 17:01:23.044 23355 23355 D UE4     : Found Oculus Mobile mode = vr_only
11-08 17:01:23.052 23355 23355 I Adreno GLES: Found an ESX Settings File: /data/misc/gpu/esx_config.txt
11-08 17:01:23.053 23355 23355 I Adreno GLES: QUALCOMM build                   : b8c103d, I8a36212832
11-08 17:01:23.053 23355 23355 I Adreno GLES: Build Date                       : 05/17/19
11-08 17:01:23.053 23355 23355 I Adreno GLES: OpenGL ES Shader Compiler Version: EV031.26.12.00
11-08 17:01:23.053 23355 23355 I Adreno GLES: Local Branch                     : 
11-08 17:01:23.053 23355 23355 I Adreno GLES: Remote Branch                    : refs/tags/AU_LINUX_ANDROID_LA.UM.5.7.R1.07.01.01.253.109
11-08 17:01:23.053 23355 23355 I Adreno GLES: Remote Branch                    : NONE
11-08 17:01:23.053 23355 23355 I Adreno GLES: Reconstruct Branch               : NOTHING
11-08 17:01:23.053 23355 23355 I Adreno GLES: Build Config                     : S P 6.0.9 AArch32
11-08 17:01:23.063 23355 23355 I Adreno GLES: Found an ESX Settings File: /data/misc/gpu/esx_config.txt
11-08 17:01:23.065 23355 23355 I Adreno GLES: Found an ESX Settings File: /data/misc/gpu/esx_config.txt
11-08 17:01:23.065 23355 23355 I Adreno GLES: PFP: 0x005ff112, ME: 0x005ff066
11-08 17:01:23.065 23355 23355 I Adreno GLES: Found an ESX Settings File: /data/misc/gpu/esx_config.txt
11-08 17:01:23.085 23355 23355 D UE4     : Hardware: Qualcomm Technologies, Inc APQ8998
11-08 17:01:23.085 23355 23355 D UE4     : ro.hardware: monterey
11-08 17:01:23.086 23355 23355 D UE4     : Memory: 3790 MB
11-08 17:01:23.089 23355 23355 D UE4     : UseAffinity: false
11-08 17:01:23.089 23355 23355 D UE4     : BigCoreMask: 0xffff
11-08 17:01:23.089 23355 23355 D UE4     : LittleCoreMask: 0x0
11-08 17:01:23.090 23355 23355 D UE4     : APK path: /data/app/com.YourCompany.LastResisters-1/base.apk
11-08 17:01:23.091 23355 23355 D UE4     : OBB in APK: false
11-08 17:01:23.092 23355 23355 D UE4     : InternalFilePath found as '/data/user/0/com.YourCompany.LastResisters/files'
11-08 17:01:23.092 23355 23355 D UE4     : ExternalFilePath found as '/storage/emulated/0/Android/data/com.YourCompany.LastResisters/files'
11-08 17:01:23.092 23355 23355 D UE4     : App is running in Landscape
11-08 17:01:23.093 23355 23355 D UE4     : Android version is 7.1.1
11-08 17:01:23.093 23355 23355 D UE4     : Android manufacturer is Oculus
11-08 17:01:23.093 23355 23355 D UE4     : Android model is Quest
11-08 17:01:23.093 23355 23355 D UE4     : Android build number is user-396520.6170.115
11-08 17:01:23.093 23355 23355 D UE4     : OS language is set to ja_JP
11-08 17:01:23.093 23355 23355 D UE4     : Debugger attached is false
11-08 17:01:23.097 23355 23373 D UE4     : Used memory: 53440
11-08 17:01:23.108 23355 23360 I art     : Compiler allocated 4MB to compile void com.epicgames.ue4.GameActivity.onCreate(android.os.Bundle)
11-08 17:01:23.111 23355 23360 I art     : Do partial code cache collection, code=14KB, data=31KB
11-08 17:01:23.111 23355 23360 I art     : After code cache collection, code=14KB, data=31KB
11-08 17:01:23.111 23355 23360 I art     : Increasing code cache capacity to 128KB
11-08 17:01:23.122 23355 23355 W PopupManager: You have not specified a View to use as content view for popups. Falling back to the Activity content view. Note that this may not work as expected in multi-screen environments
11-08 17:01:23.123 23355 23355 D UE4     : googleClient is valid
11-08 17:01:23.123 23355 23355 D UE4     : ==============> GameActive.onCreate complete!
11-08 17:01:23.124 23355 23355 D UE4     : Creating console command broadcast listener
11-08 17:01:23.124 23355 23372 D UE4     : LogAndroidEvents::EnqueueAppEvent : 9, 0, tid = 23372, APP_EVENT_STATE_ON_START
11-08 17:01:23.125 23355 23355 D UE4     : ==================================> Inside onStart function in GameActivity
11-08 17:01:23.125 23355 23355 V UE4-GameApplication: App in foreground
11-08 17:01:23.126 23355 23372 D UE4     : Case APP_CMD_RESUME
11-08 17:01:23.126 23355 23355 D UE4     : === Restoring Transparent Bars ===
11-08 17:01:23.126 23355 23372 D UE4     : LogAndroidEvents::EnqueueAppEvent : 7, 0, tid = 23372, APP_EVENT_STATE_ON_RESUME
11-08 17:01:23.126 23355 23355 D UE4     : ==============> [JAVA] AndroidThunkJava_KeepScreenOn(false) - Enabled screen saver
11-08 17:01:23.126 23355 23355 D UE4     : Registering sensor listeners
11-08 17:01:23.126 23355 23355 D UE4     : App is running in Landscape
11-08 17:01:23.126 23355 23355 D UE4     : === Restoring Transparent Bars ===
11-08 17:01:23.126 23355 23355 D UE4     : ==============> Resuming main init
11-08 17:01:23.130 23355 23371 D UE4     : APK Commandline: ../../../LastResisters/LastResisters.uproject  /Game/Game/Level/Maps/Play/Play -Messaging -SessionId=D1599FEB4CF6A81024AC9DB78E605BFF -SessionOwner="s172091" -SessionName="Launch On Device" -iterative
11-08 17:01:23.130 23355 23371 D UE4     : Override Commandline: ../../../LastResisters/LastResisters.uproject  /Game/Game/Level/Maps/Play/Play -Messaging -SessionId=9E451C0F4E368959D6FD368F3FDA2BA7 -SessionOwner="s172091" -SessionName="Launch On Device" -iterative
11-08 17:01:23.130 23355 23371 D UE4     : Final commandline: ../../../LastResisters/LastResisters.uproject  /Game/Game/Level/Maps/Play/Play -Messaging -SessionId=9E451C0F4E368959D6FD368F3FDA2BA7 -SessionOwner="s172091" -SessionName="Launch On Device" -iterative
11-08 17:01:23.130 23355 23371 D UE4     : Created sync event
11-08 17:01:23.137 23355 23355 D UE4     : ==============> GameActive.onResume complete!
11-08 17:01:23.145 23355 23355 D UE4     : onPause: stop memory reporter runnable
11-08 17:01:23.145 23355 23355 D UE4     : Unregistering sensor listeners
11-08 17:01:23.145 23355 23372 D UE4     : Case APP_CMD_PAUSE
11-08 17:01:23.145 23355 23355 D UE4     : ==============> GameActive.onPause complete!
11-08 17:01:23.145 23355 23372 D UE4     : LogAndroidEvents::EnqueueAppEvent : 6, 0, tid = 23372, APP_EVENT_STATE_ON_PAUSE
11-08 17:01:23.168 23152 23152 I VrApiLoader: VrApi Loader Version: 1.1.24.0-0-0 Jun  3 2019 11:15:11 
11-08 17:01:23.171 23152 23152 V VrDriver: Loading 64-bit VrDriver.
11-08 17:01:23.171 23152 23152 I VrApi_DriverLoader: *Adding Layer: GoCompatibility
11-08 17:01:23.171 23152 23152 I VrApi_DriverLoader: About to call StartLayer in vrapilayers.GoCompatibility
11-08 17:01:23.171 23152 23152 D GoCompatibility: GoCompatibility StartLayer: Loading libgocompatibility.so
11-08 17:01:23.171 23152 23152 I GoCompatibility: VrApiLayer: GoCompatibility
11-08 17:01:23.171 23152 23152 I VrApiLayers: Initializing VrApiLayer
11-08 17:01:23.172 23152 23152 I VrApi_DriverLoader: VrapiLayer GoCompatibility started
11-08 17:01:23.172 23152 23152 I GoCompatibility: GoCompatibility: vrapi_Initialize_Hooked(1 1 24 0 0x10200)
11-08 17:01:23.172 23152 23152 I VrApi   : ----------- vrapi_Initialize [start] ----------
11-08 17:01:23.172 23152 23152 I Adreno GLES: QUALCOMM build                   : b8c103d, I8a36212832
11-08 17:01:23.172 23152 23152 I Adreno GLES: Build Date                       : 05/17/19
11-08 17:01:23.172 23152 23152 I Adreno GLES: OpenGL ES Shader Compiler Version: EV031.26.12.00
11-08 17:01:23.172 23152 23152 I Adreno GLES: Local Branch                     : 
11-08 17:01:23.172 23152 23152 I Adreno GLES: Remote Branch                    : refs/tags/AU_LINUX_ANDROID_LA.UM.5.7.R1.07.01.01.253.109
11-08 17:01:23.172 23152 23152 I Adreno GLES: Remote Branch                    : NONE
11-08 17:01:23.172 23152 23152 I Adreno GLES: Reconstruct Branch               : NOTHING
11-08 17:01:23.172 23152 23152 I Adreno GLES: Build Config                     : S P 6.0.9 AArch64
11-08 17:01:23.174 23152 23152 I Adreno GLES: Found an ESX Settings File: /data/misc/gpu/esx_config.txt
11-08 17:01:23.175 23152 23152 I Adreno GLES: Found an ESX Settings File: /data/misc/gpu/esx_config.txt
11-08 17:01:23.176 23152 23152 I Adreno GLES: PFP: 0x005ff112, ME: 0x005ff066
11-08 17:01:23.176 23152 23152 I Adreno GLES: Found an ESX Settings File: /data/misc/gpu/esx_config.txt
11-08 17:01:23.177 23152 23152 I VrRuntimeClient: VrRuntimeClient: Init
11-08 17:01:23.178 23152 23152 I DeviceProperties_Android: ovrDeviceProperties::Initialize
11-08 17:01:23.178 23152 23152 I DeviceProperties_Android: Headset Model: 'monterey:SDC:SDINDDH4-128G   '
11-08 17:01:23.179 23152 23152 I DeviceProperties_Android: Device Model: 'monterey'
11-08 17:01:23.179 23152 23152 I DeviceProperties_Android: Device Region: 'US'
11-08 17:01:23.179 23152 23152 I DeviceProperties_Android: GPU Type: 'ADRENO_540'
11-08 17:01:23.180 23152 23152 I DeviceProperties_Android: Num Refresh Rates Supported 2
11-08 17:01:23.180 23152 23152 I DeviceProperties_Android: Refresh Rate (0): 60.000000Hz
11-08 17:01:23.180 23152 23152 I DeviceProperties_Android: Refresh Rate (1): 72.000000Hz
11-08 17:01:23.180 23152 23152 I OSSDK   : CalibrationManager: Using standalone implementation
11-08 17:01:23.181 23152 23152 I DeviceProperties_Android: DisplayParms.ScanoutDirection = 3
11-08 17:01:23.181 23152 23152 I DeviceProperties_Android: DisplayParms.ShutterType = 0
11-08 17:01:23.181 23152 23152 I DeviceProperties_Android: DisplayParms.timing = 0.500000 1.000000
11-08 17:01:23.181 23152 23152 I DeviceProperties_Android: DisplayParms.prediction = (1.000000 1.500000) (1.500000 2.000000)
11-08 17:01:23.182 23152 23152 I DeviceProperties_Android: getDisplayDimensions returned: 2880, 1600
11-08 17:01:23.182 23152 23152 I DeviceProperties_Android: ovrDeviceProperties: OVR_DEVICE_CAPABILITY_POSITIONAL_TRACKING_BIT
11-08 17:01:23.182 23152 23152 I DeviceProperties_Android: ovrDeviceProperties: OVR_DEVICE_CAPABILITY_MULTIVIEW_BIT
11-08 17:01:23.182 23152 23152 I DeviceProperties_Android: ovrDeviceProperties: OVR_DEVICE_CAPABILITY_PROTECTED_CONTENT_BIT
11-08 17:01:23.182 23152 23152 I DeviceProperties_Android: ovrDeviceProperties: OVR_DEVICE_CAPABILITY_SRGB_SCANOUT_SUPPORT_BIT
11-08 17:01:23.182 23152 23152 I DeviceProperties_Android: ovrDeviceProperties: OVR_DEVICE_CAPABILITY_DYNAMIC_DISPLAY_REFRESH_RATE_BIT
11-08 17:01:23.182 23152 23152 I DeviceProperties_Android: ovrDeviceProperties: OVR_DEVICE_CAPABILITY_MEMORY_EXPORT_BIT
11-08 17:01:23.182 23152 23152 I DeviceProperties_Android: ovrDeviceProperties: OVR_DEVICE_CAPABILITY_FIXED_FOVEATED_RENDERING_BIT
11-08 17:01:23.182 23152 23152 I VrRuntimeClient: RuntimeService Enabled
11-08 17:01:23.182 23152 23152 I RuntimeHelpers: ShouldEnableOOPComposition: oopc_enabled_prop = -1
11-08 17:01:23.182 23152 23152 I RuntimeHelpers: ShouldEnableOOPComposition: enabled 1
11-08 17:01:23.182 23152 23152 I RuntimeHelpers: IsOopCompositionEnabled: enabled
11-08 17:01:23.182 23152 23152 I RuntimeHelpers: OOP_INPUT: oopi_enabled_prop = 1
11-08 17:01:23.182 23152 23152 I AudioCapture: AudioCapture::Init
11-08 17:01:23.183 23152 23152 I AudioCapture: AudioCapture::Init -> Initializing audio capture using direct OS Callbacks
11-08 17:01:23.183 23152 23152 I AudioCapture: AudioCapture::Init COMPLETE
11-08 17:01:23.189 23355 23372 D UE4     : LogAndroidEvents::EnqueueAppEvent : 12, 0, tid = 23372, APP_EVENT_STATE_SAVE_STATE
11-08 17:01:23.190 23355 23372 D UE4     : LogAndroidEvents::EnqueueAppEvent : 8, 0, tid = 23372, APP_EVENT_STATE_ON_STOP
11-08 17:01:23.191 23355 23355 D UE4     : ==============> GameActive.onStop complete!
11-08 17:01:23.191 23355 23355 D UE4     : ==============> GameActive.onTrimMemory(TRIM_MEMORY_UI_HIDDEN) called!
11-08 17:01:23.194 23152 23152 I VrRuntimeClient: InsideFlailLockoutGKorSysProp true
11-08 17:01:23.194 23152 23152 I VrRuntimeClient: Flail Lockout Hand: 'combined'
11-08 17:01:23.194 23152 23152 I VrRuntimeClient: Flail Lockout Slow Test: '50'  Change '0.05'
11-08 17:01:23.194 23152 23152 I VrRuntimeClient: Flail Lockout Fast Test: '100'  Change '0.1'
11-08 17:01:23.194 23152 23152 I VrRuntimeClient: Flail Lockout Menu button: 1
11-08 17:01:23.195 23152 23152 D VrRuntimeClient: VrRuntimeClient: initialize. inContext: com.oculus.os.DialogContext@ff01ae3
11-08 17:01:23.196 23152 23152 I VrApi   : IsFocusAware: 0
11-08 17:01:23.196 23152 23152 I Breakpad: Breakpad Init
11-08 17:01:23.196  2152  2152 D VrRuntimeService: onStartCommand
11-08 17:01:23.199 23152 23152 I Breakpad: Mobile Breakpad GK is disabled
11-08 17:01:23.199 23152 23152 I Breakpad: Breakpad for Native crashes disabled
11-08 17:01:23.199 23152 23152 D SystemActivitiesReceiver: Registering Oculus System Activity receiver
11-08 17:01:23.204 23152 23152 I SystemUtils_Internal: ShellSystemUtilsAnytimeUICapability: 2
11-08 17:01:23.205 23152 23152 D VrRuntimeClient: connectToService
11-08 17:01:23.205 23152 23152 D VrRuntimeClient: VrRuntimeClient: creating new service
11-08 17:01:23.205  2152  2152 D VrRuntimeService: onStartCommand
11-08 17:01:23.207 23152 23152 D VrRuntimeClient: VrRuntimeClient: Waiting on connection...
11-08 17:01:23.207 23152 23378 D VrRuntimeClient: VrRuntimeClient: Service connected.
11-08 17:01:23.207  2152  2568 I ClientMgr: ClientMgr::CreateClient: 23152:com.android.packageinstaller
11-08 17:01:23.208  2152  2568 I SharedMemoryServer: SharedMemoryServer::MapMemory: Allocated shared memory fd 70 (VrRuntimeService_PrivateReadWrite_com.android.packageinstaller)
11-08 17:01:23.208  2152  2568 W Vulkan_Utils: Memory type 24 with properties 10 not found.
11-08 17:01:23.208  2152  2568 I BufferObject: ovrBufferObjectFactory::Initialize BufferSize=4096, Fd=73, AllocSize=9568, VkBuffer=0x7f7792c300, VkMemory=0x7f797b6a00, Mapping=0x7f78c8c000
11-08 17:01:23.208  2152  2568 I GuardianSystem: SetCurrentPackageName: com.android.packageinstaller
11-08 17:01:23.208  2152  2568 I GuardianSystem: SetCurrentPackageName: Return package changed: com.android.packageinstaller
11-08 17:01:23.208  2152  8188 D VrRuntimeService: IVrRuntimeClient.Stub().getSharedMemoryFileDescriptor()
11-08 17:01:23.209  2152  8188 I VrRuntimeService: SharedMemoryDebug: nativeGetSharedMemoryPublicReadOnlyFd: 35
11-08 17:01:23.209  2152  8188 D VrRuntimeService: getSharedMemoryFileDescriptor fd (VrRuntimeService) 35
11-08 17:01:23.209  2152  8187 D VrRuntimeService: IVrRuntimeClient.Stub().getSharedMemoryPrivateReadWriteFileDescriptor()
11-08 17:01:23.209  2152  8187 I VrRuntimeService: SharedMemoryDebug: nativeGetSharedMemoryPrivateReadWriteFd: 70
11-08 17:01:23.209  2152  8187 D VrRuntimeService: getSharedMemoryPrivateReadWriteFileDescriptor fd (VrRuntimeService) 70
11-08 17:01:23.209  2152  2166 D VrRuntimeService: IVrRuntimeClient.Stub().getBufferObjectImportInfo()
11-08 17:01:23.209 23152 23378 I VrRuntimeClient: nativeRuntimeServiceConnected: publicReadOnlyFd=54, privateReadWriteFd=55, bufferObjectFd=56
11-08 17:01:23.209 23152 23152 D VrRuntimeClient: VrRuntimeClient: connectionIsReady: true
11-08 17:01:23.210 23152 23152 D VrRuntimeClient: VrRuntimeClient: context.bindService SUCCESS
11-08 17:01:23.210 23152 23152 I Distortion: SetLensPositions - iad=0.0635, left offset=-0.002986,-0.00272, right offset=0.002986,-0.00272
11-08 17:01:23.210 23152 23152 I Distortion: SetLensPositions - iad=0.0635, left offset=-0.002986,-0.00272, right offset=0.002986,-0.00272
11-08 17:01:23.210 23152 23152 I OSSDK   : CalibrationManager: Using standalone implementation
11-08 17:01:23.211 23152 23152 I Distortion: Loaded distortion file from Calibration Manager
11-08 17:01:23.211 23152 23152 I Distortion: ovrDistortionMeshHeader::magic = 0x56347807
11-08 17:01:23.211 23152 23152 I Distortion: ovrDistortionMeshHeader::deviceModel = 0x101
11-08 17:01:23.211 23152 23152 I Distortion: ovrDistortionMeshHeader::headsetModel = 0x103
11-08 17:01:23.211 23152 23152 I Distortion: ovrDistortionMeshHeader::eyeBlocksWide = 32
11-08 17:01:23.211 23152 23152 I Distortion: ovrDistortionMeshHeader::eyeBlocksHigh = 32
11-08 17:01:23.211 23152 23152 I Distortion: ovrDistortionMeshHeader::lensSeparationMeters = 0.053428
11-08 17:01:23.211 23152 23152 I Distortion: ovrDistortionMeshHeader::horizontalOffsetMeters = 0.000000
11-08 17:01:23.211 23152 23152 I Distortion: ovrDistortionMeshHeader::displayWidthMeters = 0.118800
11-08 17:01:23.211 23152 23152 I Distortion: ovrDistortionMeshHeader::displayHeightMeters = 0.066000
11-08 17:01:23.211 23152 23152 I Distortion: ovrDistortionMeshHeader::displayWidthPixels = 2880
11-08 17:01:23.211 23152 23152 I Distortion: ovrDistortionMeshHeader::displayHeightPixels = 1600
11-08 17:01:23.211 23152 23152 I Distortion: ovrDistortionMeshHeader::eyeTextureWidthPixels = 1216
11-08 17:01:23.211 23152 23152 I Distortion: ovrDistortionMeshHeader::eyeTextureHeightPixels = 1344
11-08 17:01:23.211 23152 23152 I Distortion: ovrDistortionMeshHeader::leftEye = up 47.000000 / down 53.000000 / left 52.000000 / right 42.000000
11-08 17:01:23.211 23152 23152 I Distortion: ovrDistortionMeshHeader::rightEye = up 47.000000 / down 53.000000 / left 42.000000 / right 52.000000
11-08 17:01:23.211 23152 23152 I TrackingServiceClient: initialize
11-08 17:01:23.211 23152 23152 D TrackingServiceClient: onInitialize
11-08 17:01:23.212 23152 23152 I InputHooks: InitializeInputHooks
11-08 17:01:23.212 23152 23152 I InputHooks: InitializeInputHooks create
11-08 17:01:23.212 23152 23152 I InputHooks: InitializeInputHookscreated calling init
11-08 17:01:23.212 23152 23152 I InputHooks_Internal: SetReorientHMDOnControllerRecenter = false
11-08 17:01:23.212 23152 23152 I InputHooks_Internal: SetBlockRemoteButtonsWhenNotEmulatingHMT = true
11-08 17:01:23.212 23152 23152 I InputHooks_Internal: SetLatchBackButtonEntireFrame = true
11-08 17:01:23.212 23152 23152 D VrRuntimeClient: getClient6dofEntitlementMode for com.android.packageinstaller
11-08 17:01:23.216  2057  2195 W PublicLibraryProvider: Cannot find entitlement for com.android.packageinstaller
11-08 17:01:23.217 23152 23152 I VrApi   : ----------- vrapi_Initialize [end] ----------
11-08 17:01:23.217 23152 23152 I GoCompatibility: Determining Emulation mode for com.android.packageinstaller
11-08 17:01:23.217 23152 23152 I GoCompatibility: enitlement mode unkown so checking manifest for Go Compatibility
11-08 17:01:23.217 23152 23152 I GoCompatibility: headtracking feature in manifest, GoCompatibility disabled.
11-08 17:01:23.238 23355 23360 I art     : Do partial code cache collection, code=16KB, data=32KB
11-08 17:01:23.238 23355 23360 I art     : After code cache collection, code=16KB, data=32KB
11-08 17:01:23.238 23355 23360 I art     : Increasing code cache capacity to 256KB
11-08 17:01:23.241 23355 23360 I art     : Compiler allocated 7MB to compile boolean com.epicgames.ue4.GameActivity.processSystemInfo(java.lang.String, java.lang.String)
11-08 17:01:23.243 23152 23152 I GoCompatibility: GoCompatibility: vrapi_shutdown_Hooked()
11-08 17:01:23.244 23152 23152 I VrApi   : ------------ vrapi_Shutdown [start] -----------
11-08 17:01:23.244 23152 23152 D TrackingServiceClient: onShutdown
11-08 17:01:23.244 23152 23152 D SystemActivitiesReceiver: Unregistering Oculus System Activity receiver
11-08 17:01:23.244 23152 23152 I Breakpad: Breakpad Shutdown
11-08 17:01:23.244 23152 23152 I AudioCapture: AudioCapture::Shutdown
11-08 17:01:23.244 23152 23152 I AudioCapture: AudioCapture::StopAudioConsumerThread
11-08 17:01:23.244 23152 23152 I AudioCapture: AudioCapture::StopAudioConsumerThread COMPLETE
11-08 17:01:23.244 23152 23152 I AudioCapture: AudioCapture::Shutdown COMPLETE
11-08 17:01:23.244 23152 23152 I VrRuntimeClient: DisableGlFunctionHooks
11-08 17:01:23.245 23152 23152 I BufferObject: ovrBufferObjectFactory::Shutdown
11-08 17:01:23.245 23152 23152 I BufferObject: ovrBufferObjectFactory: closing fd=56
11-08 17:01:23.245 23152 23152 I RenderUtils: ovrRenderUtils::Shutdown - not initialized
11-08 17:01:23.245 23152 23152 D VrRuntimeClient: VrRuntimeClient: shutdown.
11-08 17:01:23.245 23152 23152 D VrRuntimeClient: VrRuntimeClient: Performing disconnect
11-08 17:01:23.245  2152  2568 D VrRuntimeService: VrRuntimeService: destroyClientInternal: com.android.packageinstaller, pid: 23152, window: null
11-08 17:01:23.245  2152  2568 I ClientMgr: ClientMgr::DestroyClient: 23152:com.android.packageinstaller
11-08 17:01:23.245  2152  2568 I ClientMgr: ClientMgr::DestroyClient: non-deferred ShutdownResources: 18446744073709551615 == 18446744073709551615 
11-08 17:01:23.245  2152  2568 I BufferObject: ovrBufferObjectFactory::Shutdown
11-08 17:01:23.245  2152  2568 I BufferObject: ovrBufferObjectFactory: closing fd=73
11-08 17:01:23.245  2152  2568 I BufferObject: ovrBufferObjectFactory: unmapping Vulkan memory
11-08 17:01:23.245  2152  2568 I BufferObject: ovrBufferObjectFactory: destroying Vulkan buffer=547466953472
11-08 17:01:23.245  2152  2568 I BufferObject: ovrBufferObjectFactory: freeing Vulkan memory=547498977792
11-08 17:01:23.246 23152 23152 I VrRuntimeClient: nativeRuntimeServiceConnected: publicReadOnlyFd=-1, privateReadWriteFd=-1, bufferObjectFd=-1
11-08 17:01:23.248 23152 23152 I VrApi   : ------------ vrapi_Shutdown [end] -----------
11-08 17:01:23.248 23355 23355 D UE4     : Creating console command broadcast listener
11-08 17:01:23.248 23355 23372 D UE4     : LogAndroidEvents::EnqueueAppEvent : 9, 0, tid = 23372, APP_EVENT_STATE_ON_START
11-08 17:01:23.249 23355 23355 D UE4     : ==================================> Inside onStart function in GameActivity
11-08 17:01:23.250 23355 23372 D UE4     : Case APP_CMD_RESUME
11-08 17:01:23.250 23355 23355 D UE4     : onResume: start memory reporter runnable
11-08 17:01:23.250 23355 23372 D UE4     : LogAndroidEvents::EnqueueAppEvent : 7, 0, tid = 23372, APP_EVENT_STATE_ON_RESUME
11-08 17:01:23.250 23355 23355 D UE4     : === Restoring Transparent Bars ===
11-08 17:01:23.250 23355 23355 D UE4     : ==============> [JAVA] AndroidThunkJava_KeepScreenOn(false) - Enabled screen saver
11-08 17:01:23.250 23355 23355 D UE4     : Registering sensor listeners
11-08 17:01:23.250 23355 23355 D UE4     : App is running in Landscape
11-08 17:01:23.250 23355 23355 D UE4     : === Restoring Transparent Bars ===
11-08 17:01:23.250 23355 23355 D UE4     : ==============> Resuming main init
11-08 17:01:23.250 23355 23355 D UE4     : ==============> GameActive.onResume complete!
11-08 17:01:23.251 23355 23355 D UE4     : onPause: stop memory reporter runnable
11-08 17:01:23.251 23355 23355 D UE4     : Unregistering sensor listeners
11-08 17:01:23.251 23355 23372 D UE4     : Case APP_CMD_PAUSE
11-08 17:01:23.251 23355 23355 D UE4     : ==============> GameActive.onPause complete!
11-08 17:01:23.251 23355 23372 D UE4     : LogAndroidEvents::EnqueueAppEvent : 6, 0, tid = 23372, APP_EVENT_STATE_ON_PAUSE
11-08 17:01:23.272 23355 23372 D UE4     : Case APP_CMD_INIT_WINDOW
11-08 17:01:23.273 23355 23372 D UE4     : LogAndroidEvents::EnqueueAppEvent : 0, 3397908488, tid = 23372, APP_EVENT_STATE_WINDOW_CREATED
11-08 17:01:23.293  1826  1826 I PlatformPluginManager: Empty clients, initing
11-08 17:01:23.293  1826  1826 I PlatformPluginManager: Calling init()
11-08 17:01:23.293  2152  2152 D VrRuntimeService: onFocusedWindowChanged: topWindowToken=android.os.BinderProxy@1b0fe4c, topWindowUid=10346
11-08 17:01:23.293  2152  2152 W ClientMgr: ClientMgr::SetPrimaryCompositorClient: No active client
11-08 17:01:23.293  2152  2152 W VrRuntimeServer: VrRuntimeServer_SetCompositorSharedMemory: Invalid Warp
11-08 17:01:23.293  2152  2152 W VrRuntimeServer: VrRuntimeServer_ReleaseClockLevels: Invalid Warp when trying to release levels.
11-08 17:01:23.293  1826  1826 I PlatformPluginManager: Not docked, aborting init
11-08 17:01:23.293  1826  1826 I PlatformPluginManager: Init failed in connect(). Shutting down?
11-08 17:01:23.293  1826  1826 W System.err: java.lang.Exception: Stack trace
11-08 17:01:23.294  1826  1826 W System.err: 	at java.lang.Thread.dumpStack(Thread.java:1376)
11-08 17:01:23.294  1826  1826 W System.err: 	at com.oculus.horizon.platformplugin.PlatformPluginManager.connect(PlatformPluginManager.java:536)
11-08 17:01:23.294  1826  1826 W System.err: 	at com.oculus.horizon.platformplugin.PlatformPluginManager.connect(PlatformPluginManager.java:445)
11-08 17:01:23.294  1826  1826 W System.err: 	at com.oculus.horizon.service_media.OVRMediaServiceManager.safeGetPPM(OVRMediaServiceManager.java:290)
11-08 17:01:23.294  1826  1826 W System.err: 	at com.oculus.horizon.service_media.OVRMediaServiceManager.onAppSwitch(OVRMediaServiceManager.java:984)
11-08 17:01:23.294  1826  1826 W System.err: 	at com.oculus.horizon.service_media.AppSwitchManager.onAppSwitch(AppSwitchManager.java:68)
11-08 17:01:23.294  1826  1826 W System.err: 	at com.oculus.horizon.service_media.AppSwitchManager.onAppSwitch(AppSwitchManager.java:76)
11-08 17:01:23.294  1826  1826 W System.err: 	at com.oculus.horizon.service_media.OVRMediaService$1.onForegroundAppUpdate(OVRMediaService.java:85)
11-08 17:01:23.294  1826  1826 W System.err: 	at com.oculus.horizon.service_media.ForegroundAppChecker.handleNewForegroundAppInfo(ForegroundAppChecker.java:91)
11-08 17:01:23.294  1826  1826 W System.err: 	at com.oculus.horizon.service_media.ForegroundAppChecker.access$100(ForegroundAppChecker.java:27)
11-08 17:01:23.294  1826  1826 W System.err: 	at com.oculus.horizon.service_media.ForegroundAppChecker$TopWindowManager$TopWindowObserver.onFocusedWindowChanged(ForegroundAppChecker.java:116)
11-08 17:01:23.294  1826  1826 W System.err: 	at com.oculus.os.ActivityManagerUtils$WindowLayoutObserverWrapper$1.run(ActivityManagerUtils.java:114)
11-08 17:01:23.294  1826  1826 W System.err: 	at android.os.Handler.handleCallback(Handler.java:751)
11-08 17:01:23.294  1826  1826 W System.err: 	at android.os.Handler.dispatchMessage(Handler.java:95)
11-08 17:01:23.294  1826  1826 W System.err: 	at android.os.Looper.loop(Looper.java:154)
11-08 17:01:23.294  1826  1826 W System.err: 	at android.app.ActivityThread.main(ActivityThread.java:6144)
11-08 17:01:23.294  1826  1826 W System.err: 	at java.lang.reflect.Method.invoke(Native Method)
11-08 17:01:23.294  1826  1826 W System.err: 	at com.android.internal.os.ZygoteInit$MethodAndArgsCaller.run(ZygoteInit.java:886)
11-08 17:01:23.294  1826  1826 W System.err: 	at com.android.internal.os.ZygoteInit.main(ZygoteInit.java:776)
11-08 17:01:23.295 23355 23375 I Adreno GLES: QUALCOMM build                   : b8c103d, I8a36212832
11-08 17:01:23.295 23355 23375 I Adreno GLES: Build Date                       : 05/17/19
11-08 17:01:23.295 23355 23375 I Adreno GLES: OpenGL ES Shader Compiler Version: EV031.26.12.00
11-08 17:01:23.295 23355 23375 I Adreno GLES: Local Branch                     : 
11-08 17:01:23.295 23355 23375 I Adreno GLES: Remote Branch                    : refs/tags/AU_LINUX_ANDROID_LA.UM.5.7.R1.07.01.01.253.109
11-08 17:01:23.295 23355 23375 I Adreno GLES: Remote Branch                    : NONE
11-08 17:01:23.295 23355 23375 I Adreno GLES: Reconstruct Branch               : NOTHING
11-08 17:01:23.295 23355 23375 I Adreno GLES: Build Config                     : S P 6.0.9 AArch32
11-08 17:01:23.304 23355 23372 D UE4     : LogAndroidEvents::EnqueueAppEvent : 12, 0, tid = 23372, APP_EVENT_STATE_SAVE_STATE
11-08 17:01:23.313 23355 23375 I Adreno GLES: Found an ESX Settings File: /data/misc/gpu/esx_config.txt
11-08 17:01:23.316  2057  2068 W LibraryProvider: Cannot find entitlement for com.oculus.vrshell
11-08 17:01:23.316  1826  1826 W OVRLibrary: null cursor received for query content://com.oculus.ocms.library/apps/com.oculus.vrshell
11-08 17:01:23.317  1826  1826 I PlatformPluginManager: onAppStart com.oculus.vrshell false
11-08 17:01:23.317  1826  1826 E PlatformPluginManager: onAppStart called before init
11-08 17:01:23.317  1826  1826 E OVRMediaServiceManager: LivestreamingManager Not initialized
11-08 17:01:23.318 23355 23375 I Adreno GLES: Found an ESX Settings File: /data/misc/gpu/esx_config.txt
11-08 17:01:23.321 23355 23375 I Adreno GLES: PFP: 0x005ff112, ME: 0x005ff066
11-08 17:01:23.321 23355 23375 I Adreno GLES: Found an ESX Settings File: /data/misc/gpu/esx_config.txt
11-08 17:01:23.338 23355 23375 I OpenGLRenderer: Initialized EGL, version 1.4
11-08 17:01:23.338 23355 23375 D OpenGLRenderer: Swap behavior 1
11-08 17:01:23.418 23355 23372 D UE4     : LogAndroidEvents::EnqueueAppEvent : 8, 0, tid = 23372, APP_EVENT_STATE_ON_STOP
11-08 17:01:23.418 23355 23355 D UE4     : ==============> GameActive.onStop complete!
11-08 17:01:23.418 23355 23372 D UE4     : LogAndroidEvents::EnqueueAppEvent : 11, 0, tid = 23372, APP_EVENT_STATE_WINDOW_GAINED_FOCUS
11-08 17:01:23.448 23355 23355 W IInputConnectionWrapper: reportFullscreenMode on inexistent InputConnection
11-08 17:01:23.482 23355 23371 D UE4     : EGL Extensions: 
11-08 17:01:23.482 23355 23371 D UE4     : EGL_KHR_get_all_proc_addresses EGL_ANDROID_presentation_time EGL_KHR_swap_buffers_with_damage EGL_ANDROID_create_native_client_buffer EGL_ANDROID_front_buffer_auto_refresh EGL_KHR_image EGL_KHR_image_base EGL_KHR_lock_surface EGL_KHR_gl_texture_2D_image EGL_KHR_gl_texture_3D_image EGL_KHR_gl_texture_cubemap_image EGL_KHR_gl_renderbuffer_image EGL_KHR_reusable_sync EGL_KHR_fence_sync EGL_KHR_create_context EGL_KHR_surfaceless_context EGL_EXT_create_context_robustness EGL_ANDROID_image_native_buffer EGL_KHR_wait_sync EGL_ANDROID_recordable EGL_KHR_partial_update EGL_KHR_create_context_no_error EGL_KHR_mutable_render_buffer EGL_EXT_yuv_surface EGL_EXT_protected_content 
11-08 17:01:23.484 23355 23371 D UE4     : FAndroidGPUInfo
11-08 17:01:23.484 23355 23371 D UE4     : AndroidEGL::InitSurface 0, 0
11-08 17:01:23.485 23355 23371 D UE4     : [JAVA] - SetDesiredViewSize width=2880 and height=1600
11-08 17:01:23.485 23355 23371 D UE4     : AndroidEGL::CreateEGLSurface(0), eglSurface = eglCreatePbufferSurface(), 8x8
11-08 17:01:23.485 23355 23371 D UE4     : AndroidEGL::CreateEGLSurface(0), auxSurface = eglCreatePbufferSurface(), 8x8
11-08 17:01:23.490 23355 23371 D vulkan  : searching for layers in '/data/app/com.YourCompany.LastResisters-1/lib/arm'
11-08 17:01:23.490 23355 23371 D vulkan  : searching for layers in '/system/fake-libs'
11-08 17:01:23.490 23355 23371 D vulkan  : searching for layers in '/data/app/com.YourCompany.LastResisters-1/base.apk!/lib/armeabi-v7a'
11-08 17:01:23.490 23355 23371 I Adreno VK: QUALCOMM build          : b8c103d, I8a36212832
11-08 17:01:23.490 23355 23371 I Adreno VK: Build Date              : 05/17/19
11-08 17:01:23.490 23355 23371 I Adreno VK: Shader Compiler Version : EV031.26.12.00
11-08 17:01:23.490 23355 23371 I Adreno VK: Local Branch            : 
11-08 17:01:23.490 23355 23371 I Adreno VK: Remote Branch           : refs/tags/AU_LINUX_ANDROID_LA.UM.5.7.R1.07.01.01.253.109
11-08 17:01:23.490 23355 23371 I Adreno VK: Remote Branch           : NONE
11-08 17:01:23.490 23355 23371 I Adreno VK: Reconstruct Branch      : NOTHING
11-08 17:01:23.490 23355 23371 I Adreno VK: Build Config            : G O 9.9.0 AArch32
11-08 17:01:23.546 23355 23371 D UE4     : LogPluginManager: Mounting plugin Paper2D
11-08 17:01:23.549 23355 23371 D UE4     : LogPluginManager: Mounting plugin AISupport
11-08 17:01:23.552 23355 23371 D UE4     : LogPluginManager: Mounting plugin LightPropagationVolume
11-08 17:01:23.554 23355 23371 D UE4     : LogPluginManager: Mounting plugin AnimationSharing
11-08 17:01:23.557 23355 23371 D UE4     : LogPluginManager: Mounting plugin AssetManagerEditor
11-08 17:01:23.559 23355 23371 D UE4     : LogPluginManager: Mounting plugin CryptoKeys
11-08 17:01:23.562 23355 23371 D UE4     : LogPluginManager: Mounting plugin CurveEditorTools
11-08 17:01:23.564 23355 23371 D UE4     : LogPluginManager: Mounting plugin FacialAnimation
11-08 17:01:23.567 23355 23371 D UE4     : LogPluginManager: Mounting plugin DatasmithContent
11-08 17:01:23.569 23355 23371 D UE4     : LogPluginManager: Mounting plugin VariantManagerContent
11-08 17:01:23.572 23355 23371 D UE4     : LogPluginManager: Mounting plugin AlembicImporter
11-08 17:01:23.574 23355 23371 D UE4     : LogPluginManager: Mounting plugin AutomationUtils
11-08 17:01:23.577 23355 23371 D UE4     : LogPluginManager: Mounting plugin BackChannel
11-08 17:01:23.579 23355 23371 D UE4     : LogPluginManager: Mounting plugin CharacterAI
11-08 17:01:23.582 23355 23371 D UE4     : LogPluginManager: Mounting plugin GeometryCache
11-08 17:01:23.584 23355 23371 D UE4     : LogPluginManager: Mounting plugin PlatformCrypto
11-08 17:01:23.586 23355 23371 D UE4     : LogPluginManager: Mounting plugin AndroidMedia
11-08 17:01:23.589 23355 23371 D UE4     : LogPluginManager: Mounting plugin ImgMedia
11-08 17:01:23.591 23355 23371 D UE4     : LogPluginManager: Mounting plugin MediaCompositing
11-08 17:01:23.594 23355 23371 D UE4     : LogPluginManager: Mounting plugin TcpMessaging
11-08 17:01:23.596 23355 23371 D UE4     : LogPluginManager: Mounting plugin UdpMessaging
11-08 17:01:23.599 23355 23371 D UE4     : LogPluginManager: Mounting plugin ActorSequence
11-08 17:01:23.601 23355 23371 D UE4     : LogPluginManager: Mounting plugin NetcodeUnitTest
11-08 17:01:23.604 23355 23371 D UE4     : LogPluginManager: Mounting plugin OnlineSubsystemGooglePlay
11-08 17:01:23.607 23355 23371 D UE4     : LogPluginManager: Mounting plugin OnlineSubsystem
11-08 17:01:23.609 23355 23371 D UE4     : LogPluginManager: Mounting plugin OnlineSubsystemNull
11-08 17:01:23.612 23355 23371 D UE4     : LogPluginManager: Mounting plugin OnlineSubsystemOculus
11-08 17:01:23.614 23355 23371 D UE4     : LogPluginManager: Mounting plugin OnlineSubsystemUtils
11-08 17:01:23.617 23355 23371 D UE4     : LogPluginManager: Mounting plugin AndroidDeviceProfileSelector
11-08 17:01:23.620 23355 23371 D UE4     : LogPluginManager: Mounting plugin AndroidMoviePlayer
11-08 17:01:23.622 23355 23371 D UE4     : LogPluginManager: Mounting plugin AndroidPermission
11-08 17:01:23.625 23355 23371 D UE4     : LogPluginManager: Mounting plugin ApexDestruction
11-08 17:01:23.628 23355 23371 D UE4     : LogPluginManager: Mounting plugin AppleImageUtils
11-08 17:01:23.631 23355 23371 D UE4     : LogPluginManager: Mounting plugin ArchVisCharacter
11-08 17:01:23.633 23355 23371 D UE4     : LogPluginManager: Mounting plugin AudioCapture
11-08 17:01:23.636 23355 23371 D UE4     : LogPluginManager: Mounting plugin CableComponent
11-08 17:01:23.638 23355 23371 D UE4     : LogPluginManager: Mounting plugin CustomMeshComponent
11-08 17:01:23.640 23355 23371 D UE4     : LogPluginManager: Mounting plugin EditableMesh
11-08 17:01:23.643 23355 23371 D UE4     : LogPluginManager: Mounting plugin ExampleDeviceProfileSelector
11-08 17:01:23.645 23355 23371 D UE4     : LogPluginManager: Mounting plugin GoogleCloudMessaging
11-08 17:01:23.648 23355 23371 D UE4     : LogPluginManager: Mounting plugin LocationServicesBPLibrary
11-08 17:01:23.650 23355 23371 D UE4     : LogPluginManager: Mounting plugin MobilePatchingUtils
11-08 17:01:23.653 23355 23371 D UE4     : LogPluginManager: Mounting plugin OculusAudio
11-08 17:01:23.655 23355 23371 D UE4     : LogPluginManager: Mounting plugin OculusAvatar
11-08 17:01:23.658 23355 23371 D UE4     : LogPluginManager: Mounting plugin OculusVR
11-08 17:01:23.661 23355 23371 D UE4     : LogPluginManager: Mounting plugin PhysXVehicles
11-08 17:01:23.664 23355 23371 D UE4     : LogPluginManager: Mounting plugin ProceduralMeshComponent
11-08 17:01:23.667 23355 23371 D UE4     : LogPluginManager: Mounting plugin RuntimePhysXCooking
11-08 17:01:23.669 23355 23371 D UE4     : LogPluginManager: Mounting plugin SignificanceManager
11-08 17:01:23.672 23355 23371 D UE4     : LogPluginManager: Mounting plugin ScreenshotTools
11-08 17:01:23.748 23355 23371 D UE4     : LogInit: Using libcurl 7.46.0
11-08 17:01:23.748 23355 23371 D UE4     : LogInit:  - built for arm-unknown-linux-androideabi
11-08 17:01:23.748 23355 23371 D UE4     : LogInit:  - supports SSL with OpenSSL/1.0.1s
11-08 17:01:23.748 23355 23371 D UE4     : LogInit:  - supports HTTP deflate (compression) using libz 1.2.8
11-08 17:01:23.748 23355 23371 D UE4     : LogInit:  - other features:
11-08 17:01:23.748 23355 23371 D UE4     : LogInit:      CURL_VERSION_SSL
11-08 17:01:23.748 23355 23371 D UE4     : LogInit:      CURL_VERSION_LIBZ
11-08 17:01:23.748 23355 23371 D UE4     : LogInit:      CURL_VERSION_IPV6
11-08 17:01:23.748 23355 23371 D UE4     : LogInit:      CURL_VERSION_ASYNCHDNS
11-08 17:01:23.748 23355 23371 D UE4     : LogInit:      CURL_VERSION_TLSAUTH_SRP
11-08 17:01:23.749 23355 23371 D UE4     : LogInit:  CurlRequestOptions (configurable via config and command line):
11-08 17:01:23.749 23355 23371 D UE4     : LogInit:  - bVerifyPeer = true  - Libcurl will verify peer certificate
11-08 17:01:23.749 23355 23371 D UE4     : LogInit:  - bUseHttpProxy = false  - Libcurl will NOT use HTTP proxy
11-08 17:01:23.749 23355 23371 D UE4     : LogInit:  - bDontReuseConnections = false  - Libcurl will reuse connections
11-08 17:01:23.749 23355 23371 D UE4     : LogInit:  - MaxHostConnections = 16  - Libcurl will limit the number of connections to a host
11-08 17:01:23.749 23355 23371 D UE4     : LogInit:  - LocalHostAddr = Default
11-08 17:01:23.749 23355 23371 D UE4     : LogInit:  - BufferSize = 65536
11-08 17:01:23.750 23355 23371 D UE4     : LogOnline: Display: OSS: OnlineSubsystemGooglePlayModule::StartupModule()
11-08 17:01:23.750 23355 23371 D UE4     : LogOnline: OSS: Creating online subsystem instance for: GooglePlay
11-08 17:01:23.750 23355 23371 D UE4     : LogOnline: Warning: OSS: FOnlineSubsystemGooglePlayModule was disabled
11-08 17:01:23.750 23355 23371 D UE4     : LogOnline: OSS: Unable to create OnlineSubsystem module GooglePlay
11-08 17:01:23.750 23355 23371 D UE4     : LogOnline: OSS: Creating online subsystem instance for: NULL
11-08 17:01:23.751 23355 23371 D UE4     : LogOnline: OSS: Creating online subsystem instance for: GooglePlay
11-08 17:01:23.751 23355 23371 D UE4     : LogOnline: Warning: OSS: FOnlineSubsystemGooglePlayModule was disabled
11-08 17:01:23.751 23355 23371 I VrApiLoader: VrApi Loader Version: 1.1.22.0-0-0 Feb  4 2019 14:42:09 
11-08 17:01:23.754 23355 23371 W System  : ClassLoader referenced unknown path: /system/priv-app/VrDriver/lib/arm
11-08 17:01:23.755 23355 23371 D ApplicationLoaders: ignored Vulkan layer search path /system/priv-app/VrDriver/lib/arm:/system/priv-app/VrDriver/VrDriver.apk!/lib/armeabi-v7a:/system/lib:/vendor/lib for namespace 0xe8524090
11-08 17:01:23.756 23355 23371 V VrDriver: Loading 32-bit VrDriver.
11-08 17:01:23.760 23355 23371 I Distortion: SetLensPositions - iad=0.062, left offset=0.00119,0, right offset=-0.00449,0
11-08 17:01:23.760 23355 23371 I Distortion: SetLensPositions - iad=0.062, left offset=0.00119,0, right offset=-0.00449,0
11-08 17:01:23.760 23355 23371 I VrApi_DriverLoader: *Adding Layer: GoCompatibility
11-08 17:01:23.761 23355 23371 I VrApi_DriverLoader: About to call StartLayer in vrapilayers.GoCompatibility
11-08 17:01:23.761 23355 23371 D GoCompatibility: GoCompatibility StartLayer: Loading libgocompatibility.so
11-08 17:01:23.762 23355 23371 I GoCompatibility: JNI_OnLoad() for GoCompatibility
11-08 17:01:23.762 23355 23371 I GoCompatibility: VrApiLayer: GoCompatibility
11-08 17:01:23.762 23355 23371 I VrApiLayers: Initializing VrApiLayer
11-08 17:01:23.762 23355 23371 I VrApi_DriverLoader: VrapiLayer GoCompatibility started
11-08 17:01:23.762 23355 23371 I GoCompatibility: GoCompatibility: vrapi_Initialize_Hooked(1 1 22 0 0x10200)
11-08 17:01:23.762 23355 23371 I VrApi   : ----------- vrapi_Initialize [start] ----------
11-08 17:01:23.765 23355 23371 I VrRuntimeClient: VrRuntimeClient: Init
11-08 17:01:23.766 23355 23371 I DeviceProperties_Android: ovrDeviceProperties::Initialize
11-08 17:01:23.767 23355 23371 I DeviceProperties_Android: Headset Model: 'monterey:SDC:SDINDDH4-128G   '
11-08 17:01:23.767 23355 23395 D OsSdk   : Connected to unified telemetry service.
11-08 17:01:23.767 23355 23371 I DeviceProperties_Android: Device Model: 'monterey'
11-08 17:01:23.768 23355 23371 I DeviceProperties_Android: Device Region: 'US'
11-08 17:01:23.768 23355 23371 I DeviceProperties_Android: GPU Type: 'ADRENO_540'
11-08 17:01:23.769 23355 23371 I DeviceProperties_Android: Num Refresh Rates Supported 2
11-08 17:01:23.769 23355 23371 I DeviceProperties_Android: Refresh Rate (0): 60.000000Hz
11-08 17:01:23.770 23355 23371 I DeviceProperties_Android: Refresh Rate (1): 72.000000Hz
11-08 17:01:23.770 23355 23371 I OSSDK   : CalibrationManager: Using standalone implementation
11-08 17:01:23.953 23355 23355 V UE4-GameApplication: App in background
11-08 17:01:23.958  2057  2168 W LibraryProvider: Cannot find entitlement for com.YourCompany.LastResisters
11-08 17:01:23.959  1448 18942 W OVRLibrary: null cursor received for query content://com.oculus.ocms.library/apps/com.YourCompany.LastResisters
11-08 17:01:23.960  2057  2192 W LibraryProvider: Cannot find entitlement for com.YourCompany.LastResisters
11-08 17:01:23.960  1448 13779 W OVRLibrary: null cursor received for query content://com.oculus.ocms.library/apps/com.YourCompany.LastResisters
11-08 17:01:23.962 23355 23371 I DeviceProperties_Android: DisplayParms.ScanoutDirection = 3
11-08 17:01:23.962 23355 23371 I DeviceProperties_Android: DisplayParms.ShutterType = 0
11-08 17:01:23.962 23355 23371 I DeviceProperties_Android: DisplayParms.timing = 0.500000 1.000000
11-08 17:01:23.962 23355 23371 I DeviceProperties_Android: DisplayParms.prediction = (1.000000 1.500000) (1.500000 2.000000)
11-08 17:01:23.967 23355 23371 I DeviceProperties_Android: getDisplayDimensions returned: 2880, 1600
11-08 17:01:23.969 23355 23371 I DeviceProperties_Android: ovrDeviceProperties: OVR_DEVICE_CAPABILITY_POSITIONAL_TRACKING_BIT
11-08 17:01:23.969 23355 23371 I DeviceProperties_Android: ovrDeviceProperties: OVR_DEVICE_CAPABILITY_MULTIVIEW_BIT
11-08 17:01:23.969 23355 23371 I DeviceProperties_Android: ovrDeviceProperties: OVR_DEVICE_CAPABILITY_PROTECTED_CONTENT_BIT
11-08 17:01:23.969 23355 23371 I DeviceProperties_Android: ovrDeviceProperties: OVR_DEVICE_CAPABILITY_SRGB_SCANOUT_SUPPORT_BIT
11-08 17:01:23.970 23355 23371 I DeviceProperties_Android: ovrDeviceProperties: OVR_DEVICE_CAPABILITY_DYNAMIC_DISPLAY_REFRESH_RATE_BIT
11-08 17:01:23.970 23355 23371 I DeviceProperties_Android: ovrDeviceProperties: OVR_DEVICE_CAPABILITY_MEMORY_EXPORT_BIT
11-08 17:01:23.970 23355 23371 I DeviceProperties_Android: ovrDeviceProperties: OVR_DEVICE_CAPABILITY_FIXED_FOVEATED_RENDERING_BIT
11-08 17:01:23.971 23355 23371 I VrRuntimeClient: RuntimeService Enabled
11-08 17:01:23.971 23355 23371 I RuntimeHelpers: ShouldEnableOOPComposition: oopc_enabled_prop = -1
11-08 17:01:23.971 23355 23371 I RuntimeHelpers: ShouldEnableOOPComposition: enabled 1
11-08 17:01:23.972 23355 23371 I RuntimeHelpers: IsOopCompositionEnabled: enabled
11-08 17:01:23.972 23355 23371 I RuntimeHelpers: OOP_INPUT: oopi_enabled_prop = 1
11-08 17:01:23.974 23355 23371 I AudioCapture: AudioCapture::Init
11-08 17:01:23.979 23355 23371 I AudioCapture: AudioCapture::Init -> Initializing audio capture using direct OS Callbacks
11-08 17:01:23.979 23355 23371 I AudioCapture: AudioCapture::Init COMPLETE
11-08 17:01:24.020 23355 23371 I VrRuntimeClient: InsideFlailLockoutGKorSysProp true
11-08 17:01:24.020 23355 23371 I VrRuntimeClient: Flail Lockout Hand: 'combined'
11-08 17:01:24.020 23355 23371 I VrRuntimeClient: Flail Lockout Slow Test: '50'  Change '0.05'
11-08 17:01:24.020 23355 23371 I VrRuntimeClient: Flail Lockout Fast Test: '100'  Change '0.1'
11-08 17:01:24.020 23355 23371 I VrRuntimeClient: Flail Lockout Menu button: 1
11-08 17:01:24.021 23355 23371 D VrRuntimeClient: VrRuntimeClient: initialize. inContext: com.epicgames.ue4.GameActivity@cacc7cd
11-08 17:01:24.024  2152  2152 D VrRuntimeService: onStartCommand
11-08 17:01:24.024 23355 23371 I VrApi   : IsFocusAware: 0
11-08 17:01:24.025 23355 23371 D LoggingService: Binding to logging service
11-08 17:01:24.025 23355 23371 D LoggingService: Logging Package version: 10.0.0.111.515
11-08 17:01:24.027 23355 23371 I Breakpad: Breakpad Init
11-08 17:01:24.027 23355 23355 D LoggingService: Connected to logging service: ComponentInfo{com.oculus.horizon/com.oculus.horizon.service.SDKLoggingService}
11-08 17:01:24.033 23355 23371 I Breakpad: Mobile Breakpad GK is disabled
11-08 17:01:24.033 23355 23371 I Breakpad: Breakpad for Native crashes disabled
11-08 17:01:24.034 23355 23371 D SystemActivitiesReceiver: Registering Oculus System Activity receiver
11-08 17:01:24.043 23355 23371 I SystemUtils_Internal: ShellSystemUtilsAnytimeUICapability: 2
11-08 17:01:24.043 23355 23371 D VrRuntimeClient: connectToService
11-08 17:01:24.043 23355 23371 D VrRuntimeClient: VrRuntimeClient: creating new service
11-08 17:01:24.044  2152  2152 D VrRuntimeService: onStartCommand
11-08 17:01:24.045 23355 23371 D VrRuntimeClient: VrRuntimeClient: Waiting on connection...
11-08 17:01:24.045 23355 23396 D VrRuntimeClient: VrRuntimeClient: Service connected.
11-08 17:01:24.046  2152  2167 I ClientMgr: ClientMgr::CreateClient: 23355:com.YourCompany.LastResisters
11-08 17:01:24.046  2152  2167 I SharedMemoryServer: SharedMemoryServer::MapMemory: Allocated shared memory fd 70 (VrRuntimeService_PrivateReadWrite_com.YourCompany.LastResisters)
