10-25 20:20:54.472  1856  1856 I PlatformPluginManager: setHeadsetMountState: false
10-25 20:20:54.473  1856  1856 I OVRPlatform: [AudioManager] SetHeadsetMounted: false
10-25 20:20:54.473  1856  1856 I OVRPlatform: [AudioManager] Current headsetMounted_ false
10-25 20:20:54.473  1856  1856 I OVRPlatform: [AudioManager] Current headphoneStatus_: DISCONNECTED
10-25 20:20:54.473  1856  1856 I OVRPlatform: [PartyChat] Setting connection MicrophoneMutedState MUTED
10-25 20:20:54.474  1856  1856 W VRLifecycleManager: onHeadsetUnmounted
10-25 20:20:54.481  1856 17690 I OVRPlatform: [PartyChat] Updating playback mode to 0
10-25 20:20:54.503   697 17708 W [CT]    : CONSTELLATION:MATCHING: [Camera 3] Brute matching timed out after 100/636 iterations.
10-25 20:20:54.537   697 17708 W [CT]    : CONSTELLATION:MATCHING: [Camera 3] Brute matching timed out after 300/636 iterations.
10-25 20:20:54.551 17542 17542 D UE4     : Battery: status = 2, rawlevel = 100, scale = 100
10-25 20:20:54.551 17542 17542 D UE4     : nativeBatteryEvent(stat = 2, lvl = 100  temp = 29.00 C)
10-25 20:20:54.570   697 17708 W [CT]    : CONSTELLATION:MATCHING: [Camera 2] Brute matching timed out after 300/612 iterations.
10-25 20:20:54.570   697 17708 W [CT]    : CONSTELLATION:MATCHING: [Camera 2] Brute matching timed out after 0/636 iterations.
10-25 20:20:54.571  1412 17884 I OSUpdateService: Intent with action system_battery_changed
10-25 20:20:54.604   697 17708 W [CT]    : CONSTELLATION:MATCHING: [Camera 3] Brute matching timed out after 300/765 iterations.
10-25 20:20:54.604   697 17708 W [CT]    : CONSTELLATION:MATCHING: [Camera 2] Brute matching timed out after 0/636 iterations.
10-25 20:20:54.611 17542 17558 D UE4     : [2019.10.25-11.20.54:611][ 87]LogTemp: Warning: Lerping to desiredSpeed, Current: 4.991556, Desired: 7.000000 , Lerp Time: 0.553679
10-25 20:20:54.624 17542 17558 D UE4     : [2019.10.25-11.20.54:624][ 88]LogTemp: Warning: Lerping to desiredSpeed, Current: 5.555902, Desired: 7.000000 , Lerp Time: 0.280986
10-25 20:20:54.636   697 17708 W [CT]    : CONSTELLATION:MATCHING: [Camera 3] Brute matching timed out after 100/636 iterations.
10-25 20:20:54.637   697 17708 W [CT]    : CONSTELLATION:MATCHING: [Camera 2] Brute matching timed out after 0/612 iterations.
10-25 20:20:54.637   697 17708 W [CT]    : CONSTELLATION:MATCHING: [Camera 3] Brute matching timed out after 0/636 iterations.
10-25 20:20:54.638   697 17815 I [CT]    : VIPER: [floorplane] Floor height has been updated to 1.15488 meters.
10-25 20:20:54.655 17542 17558 D UE4     : [2019.10.25-11.20.54:655][ 89]LogTemp: Warning: Lerping to desiredSpeed, Current: 6.358432, Desired: 7.000000 , Lerp Time: 0.555731
10-25 20:20:54.667 17542 17558 D UE4     : [2019.10.25-11.20.54:667][ 90]LogTemp: Warning: Lerping to desiredSpeed, Current: 6.541050, Desired: 7.000000 , Lerp Time: 0.284643
10-25 20:20:54.670   697 17708 W [CT]    : CONSTELLATION:MATCHING: [Camera 1] Brute matching timed out after 1100/1377 iterations.
10-25 20:20:54.670   697 17708 W [CT]    : CONSTELLATION:MATCHING: [Camera 1] Brute matching timed out after 0/1431 iterations.
10-25 20:20:54.692 17542 17558 D UE4     : [2019.10.25-11.20.54:692][ 91]LogTemp: Warning: Lerping to desiredSpeed, Current: 6.791801, Desired: 7.000000 , Lerp Time: 0.546358
10-25 20:20:54.704   697 17708 W [CT]    : CONSTELLATION:MATCHING: [Camera 0] Brute matching timed out after 200/612 iterations.
10-25 20:20:54.705   697 17708 W [CT]    : CONSTELLATION:MATCHING: [Camera 1] Brute matching timed out after 0/1272 iterations.
10-25 20:20:54.707 17542 17558 D UE4     : [2019.10.25-11.20.54:707][ 92]LogTemp: Warning: Lerping to desiredSpeed, Current: 6.850836, Desired: 7.000000 , Lerp Time: 0.283549
10-25 20:20:54.737 17542 17558 D UE4     : [2019.10.25-11.20.54:736][ 93]LogTemp: Warning: Lerping to desiredSpeed, Current: 6.933612, Desired: 7.000000 , Lerp Time: 0.554933
10-25 20:20:54.737   697 17708 W [CT]    : CONSTELLATION:MATCHING: [Camera 0] Brute matching timed out after 200/306 iterations.
10-25 20:20:54.737 17542 17558 D UE4     : [2019.10.25-11.20.54:737][ 93]LogTemp: Warning: Lerping to desiredSpeed, Current: 7.000000, Desired: 7.000000 , Lerp Time: 0.554933
10-25 20:20:54.737 17542 17558 D UE4     : [2019.10.25-11.20.54:737][ 93]LogTemp: Warning: Lerp complete, changing directions.
10-25 20:20:54.737   697 17708 W [CT]    : CONSTELLATION:MATCHING: [Camera 3] Brute matching timed out after 0/795 iterations.
10-25 20:20:54.748 17542 17558 D UE4     : [2019.10.25-11.20.54:748][ 94]LogTemp: Warning: Calculated rate
10-25 20:20:54.749 17542 17558 D UE4     : [2019.10.25-11.20.54:749][ 94]LogTemp: Warning: Going to initialSpeed, Current: 7.000000, Initial: 2.500000 , Rate: -3.000000
10-25 20:20:54.763 17542 17558 D UE4     : [2019.10.25-11.20.54:763][ 95]LogTemp: Warning: Going to initialSpeed, Current: 6.957239, Initial: 2.500000 , Rate: -3.000000
10-25 20:20:54.770   697 17708 W [CT]    : CONSTELLATION:MATCHING: [Camera 1] Brute matching timed out after 900/1908 iterations.
10-25 20:20:54.770   697 17708 W [CT]    : CONSTELLATION:MATCHING: [Camera 1] Brute matching timed out after 0/1836 iterations.
10-25 20:20:54.770   697 17708 W [CT]    : CONSTELLATION:MATCHING: [Camera 1] Brute matching timed out after 0/1908 iterations.
10-25 20:20:54.791 17542 17558 D UE4     : [2019.10.25-11.20.54:791][ 96]LogTemp: Warning: Going to initialSpeed, Current: 6.915727, Initial: 2.500000 , Rate: -3.000000
10-25 20:20:54.804   697 17708 W [CT]    : CONSTELLATION:MATCHING: [Camera 2] Brute matching timed out after 300/612 iterations.
10-25 20:20:54.804   697 17708 W [CT]    : CONSTELLATION:MATCHING: [Camera 2] Brute matching timed out after 0/636 iterations.
10-25 20:20:54.805 17542 17558 D UE4     : [2019.10.25-11.20.54:805][ 97]LogTemp: Warning: Going to initialSpeed, Current: 6.833271, Initial: 2.500000 , Rate: -3.000000
10-25 20:20:54.833   697 17709 W [CT]    : VIPER: Frame Tracking [0.0351726s]  exceeded camera sampling time [0.0333333s].
10-25 20:20:54.838   697 17708 W [CT]    : CONSTELLATION:MATCHING: [Camera 1] Brute matching timed out after 500/795 iterations.
10-25 20:20:54.838   697 17708 W [CT]    : CONSTELLATION:MATCHING: [Camera 3] Brute matching timed out after 0/765 iterations.
10-25 20:20:54.838   697 17708 W [CT]    : CONSTELLATION:MATCHING: [Camera 2] Brute matching timed out after 0/636 iterations.
10-25 20:20:54.844   697 17815 I [CT]    : VIPER: [floorplane] Floor height has been updated to 1.14978 meters.
10-25 20:20:54.850  2183 17721 I TimeWarp: UpdateClockLevels: Apply pending clock request change: 4,5 -> 4,4
10-25 20:20:54.851  2183 17720 I Clocks  : ReleaseClocks - start
10-25 20:20:54.851 17542 17558 D UE4     : [2019.10.25-11.20.54:851][ 98]LogTemp: Warning: Going to initialSpeed, Current: 6.790796, Initial: 2.500000 , Rate: -3.000000
10-25 20:20:54.851   701  1969 D VrApiService: CPU_CLUSTER_0: No client requests exists, release clocks
10-25 20:20:54.851   701  1969 D VrApiService: CPU_CLUSTER_1: No client requests exists, release clocks
10-25 20:20:54.852   701  1969 D VrApiService: GPU: No client requests exists, release clocks
10-25 20:20:54.853   701  1969 D VrApiService: CPUBW: No client requests exists, release clocks
10-25 20:20:54.853   701  1969 D VrApiService: GPUBW: No client requests exists, release clocks
10-25 20:20:54.854  2183 17720 I Clocks  : ReleaseClocks - end (3.2 ms)
10-25 20:20:54.854  2183 17720 I Clocks  : LockClocks( cpu=4, gpu=4 ) - start
10-25 20:20:54.857 17542 17558 D UE4     : [2019.10.25-11.20.54:857][ 99]LogTemp: Warning: Going to initialSpeed, Current: 6.708162, Initial: 2.500000 , Rate: -3.000000
10-25 20:20:54.859  2183 17720 I Clocks  : CPU levels [0, 4]
10-25 20:20:54.859  2183 17720 I Clocks  : GPU levels [0, 5]
10-25 20:20:54.860   701  3213 D VrApiService: CPU_CLUSTER_0: Client 2183 sends freq request [21, 21]
10-25 20:20:54.860   701  3213 D VrApiService: CPU_CLUSTER_0: Next Perf Level = (21, 21)
10-25 20:20:54.860   701  3213 D VrApiService: CPU_CLUSTER_1: Client 2183 sends freq request [26, 26]
10-25 20:20:54.860   701  3213 D VrApiService: CPU_CLUSTER_1: Next Perf Level = (26, 26)
10-25 20:20:54.860   701  3213 D VrApiService: CPUBW: Client 2183 sends freq request [8, 11]
10-25 20:20:54.860   701  3213 D VrApiService: CPUBW: Next Perf Level = (8, 11)
10-25 20:20:54.863   701  3213 D VrApiService: GPUBW: Client 2183 sends freq request [9, 11]
10-25 20:20:54.864   701  3213 D VrApiService: GPUBW: Next Perf Level = (9, 11)
10-25 20:20:54.865   701  3213 D VrApiService: GPU: Client 2183 sends freq request [6, 6]
10-25 20:20:54.865   701  3213 D VrApiService: GPU: Next Perf Level = (6, 6)
10-25 20:20:54.870  2183 17720 I Clocks  : LockClocks( cpu=4, gpu=4 ) - end (15.6 ms)
10-25 20:20:54.871   697 17708 W [CT]    : CONSTELLATION:MATCHING: [Camera 0] Brute matching timed out after 100/612 iterations.
10-25 20:20:54.871   697 17708 W [CT]    : CONSTELLATION:MATCHING: [Camera 0] Brute matching timed out after 0/636 iterations.
10-25 20:20:54.875 17542 17558 D UE4     : [2019.10.25-11.20.54:874][100]LogTemp: Warning: Going to initialSpeed, Current: 6.633528, Initial: 2.500000 , Rate: -3.000000
10-25 20:20:54.887 17542 17558 D UE4     : [2019.10.25-11.20.54:887][101]LogTemp: Warning: Going to initialSpeed, Current: 6.581472, Initial: 2.500000 , Rate: -3.000000
10-25 20:20:54.903   697 17708 W [CT]    : CONSTELLATION:MATCHING: [Camera 3] Brute matching timed out after 300/765 iterations.
10-25 20:20:54.904   697 17708 W [CT]    : CONSTELLATION:MATCHING: [Camera 0] Brute matching timed out after 0/795 iterations.
10-25 20:20:54.915 17542 17558 D UE4     : [2019.10.25-11.20.54:915][102]LogTemp: Warning: Going to initialSpeed, Current: 6.540320, Initial: 2.500000 , Rate: -3.000000
10-25 20:20:54.924  2030  2042 W LibraryProvider: Cannot find entitlement for system
10-25 20:20:54.925  1448  2230 W OVRLibrary: null cursor received for query content://com.oculus.ocms.library/apps/system
10-25 20:20:54.929 17542 17558 D UE4     : [2019.10.25-11.20.54:929][103]LogTemp: Warning: Going to initialSpeed, Current: 6.457235, Initial: 2.500000 , Rate: -3.000000
10-25 20:20:54.937   697 17708 W [CT]    : CONSTELLATION:MATCHING: [Camera 1] Brute matching timed out after 600/612 iterations.
10-25 20:20:54.937   697 17708 W [CT]    : CONSTELLATION:MATCHING: [Camera 1] Brute matching timed out after 0/636 iterations.
10-25 20:20:54.957 17542 17558 D UE4     : [2019.10.25-11.20.54:956][104]LogTemp: Warning: Going to initialSpeed, Current: 6.415000, Initial: 2.500000 , Rate: -3.000000
10-25 20:20:54.970   697 17708 W [CT]    : CONSTELLATION:MATCHING: [Camera 0] Brute matching timed out after 200/459 iterations.
10-25 20:20:54.970   697 17708 W [CT]    : CONSTELLATION:MATCHING: [Camera 2] Brute matching timed out after 0/795 iterations.
10-25 20:20:54.972 17542 17558 D UE4     : [2019.10.25-11.20.54:972][105]LogTemp: Warning: Going to initialSpeed, Current: 6.332458, Initial: 2.500000 , Rate: -3.000000
10-25 20:20:55.003   697 17708 W [CT]    : CONSTELLATION:MATCHING: [Camera 1] Brute matching timed out after 0/153 iterations.
10-25 20:20:55.003   697 17708 W [CT]    : CONSTELLATION:MATCHING: [Camera 2] Brute matching timed out after 0/795 iterations.
10-25 20:20:55.012 17542 17558 D UE4     : [2019.10.25-11.20.55:012][106]LogTemp: Warning: Going to initialSpeed, Current: 6.289168, Initial: 2.500000 , Rate: -3.000000
10-25 20:20:55.022   697 17815 I [CT]    : VIPER: [floorplane] Floor height has been updated to 1.14382 meters.
10-25 20:20:55.027 17542 17558 D UE4     : [2019.10.25-11.20.55:027][107]LogTemp: Warning: Going to initialSpeed, Current: 6.205814, Initial: 2.500000 , Rate: -3.000000
10-25 20:20:55.028 17542 17627 I VrApi   : FPS=48,Prd=44ms,Tear=0,Early=0,Stale=72,VSnc=1,Lat=1,Fov=0,CPU4/GPU=4/5,2304/670MHz,OC=FF,TA=0/E0/E0,SP=N/F/F,Mem=1804MHz,Free=1937MB,PSM=0,PLS=0,Temp=29.0C/0.0C,TW=2.92ms,App=19.97ms,GD=0.47ms,CPU&GPU=25.04ms,LCnt=1,GPU%=0.91,CPU%=0.32(W0.37)
10-25 20:20:55.037   697 17708 W [CT]    : CONSTELLATION:MATCHING: [Camera 2] Brute matching timed out after 200/795 iterations.
10-25 20:20:55.041 17542 17558 D UE4     : [2019.10.25-11.20.55:040][108]LogTemp: Warning: Going to initialSpeed, Current: 6.151847, Initial: 2.500000 , Rate: -3.000000
10-25 20:20:55.053 17542 17558 W InputDeviceManager: AddPairToDeviceListMapping called when index already exists in the vector index: 1,  id: 536870915
10-25 20:20:55.054 17542 17558 D UE4     : [2019.10.25-11.20.55:054][109]LogTemp: Warning: Going to initialSpeed, Current: 6.081036, Initial: 2.500000 , Rate: -3.000000
10-25 20:20:55.070   697 17708 W [CT]    : CONSTELLATION:MATCHING: [Camera 3] Brute matching timed out after 200/318 iterations.
10-25 20:20:55.083 17542 17558 D UE4     : [2019.10.25-11.20.55:083][110]LogTemp: Warning: Going to initialSpeed, Current: 6.038709, Initial: 2.500000 , Rate: -3.000000
10-25 20:20:55.096 17542 17558 D UE4     : [2019.10.25-11.20.55:096][111]LogTemp: Warning: Going to initialSpeed, Current: 5.956206, Initial: 2.500000 , Rate: -3.000000
10-25 20:20:55.103   697 17708 W [CT]    : CONSTELLATION:MATCHING: [Camera 3] Brute matching timed out after 300/477 iterations.
10-25 20:20:55.124 17542 17558 D UE4     : [2019.10.25-11.20.55:124][112]LogTemp: Warning: Going to initialSpeed, Current: 5.913854, Initial: 2.500000 , Rate: -3.000000
10-25 20:20:55.137   697 17708 W [CT]    : CONSTELLATION:MATCHING: [Camera 2] Brute matching timed out after 100/795 iterations.
10-25 20:20:55.138 17542 17558 D UE4     : [2019.10.25-11.20.55:138][113]LogTemp: Warning: Going to initialSpeed, Current: 5.830325, Initial: 2.500000 , Rate: -3.000000
10-25 20:20:55.166 17542 17558 D UE4     : [2019.10.25-11.20.55:166][114]LogTemp: Warning: Going to initialSpeed, Current: 5.788640, Initial: 2.500000 , Rate: -3.000000
10-25 20:20:55.170   697 17708 W [CT]    : CONSTELLATION:MATCHING: [Camera 2] Brute matching timed out after 400/636 iterations.
10-25 20:20:55.181 17542 17558 D UE4     : [2019.10.25-11.20.55:181][115]LogTemp: Warning: Going to initialSpeed, Current: 5.705159, Initial: 2.500000 , Rate: -3.000000
10-25 20:20:55.209 17542 17558 D UE4     : [2019.10.25-11.20.55:209][116]LogTemp: Warning: Going to initialSpeed, Current: 5.662636, Initial: 2.500000 , Rate: -3.000000
10-25 20:20:55.214 15424 15429 D xrspd   : ep0 xrspd event SUSPEND
10-25 20:20:55.231 17542 17558 D UE4     : [2019.10.25-11.20.55:231][117]LogTemp: Warning: Going to initialSpeed, Current: 5.579595, Initial: 2.500000 , Rate: -3.000000
10-25 20:20:55.239   697 17815 I [CT]    : VIPER: [floorplane] Floor height has been updated to 1.14062 meters.
10-25 20:20:55.250 17542 17558 D UE4     : [2019.10.25-11.20.55:250][118]LogTemp: Warning: Going to initialSpeed, Current: 5.537723, Initial: 2.500000 , Rate: -3.000000
10-25 20:20:55.263 17542 17558 D UE4     : [2019.10.25-11.20.55:263][119]LogTemp: Warning: Going to initialSpeed, Current: 5.453792, Initial: 2.500000 , Rate: -3.000000
10-25 20:20:55.291 17542 17558 D UE4     : [2019.10.25-11.20.55:290][120]LogTemp: Warning: Going to initialSpeed, Current: 5.412925, Initial: 2.500000 , Rate: -3.000000
10-25 20:20:55.305 17542 17558 D UE4     : [2019.10.25-11.20.55:305][121]LogTemp: Warning: Going to initialSpeed, Current: 5.329718, Initial: 2.500000 , Rate: -3.000000
10-25 20:20:55.329 15424 15435 E xrspd   : I/O error during file operation (op: write, len: 1024): No such device (19)
10-25 20:20:55.329 15424 15433 E xrspd   : I/O error during file operation (op: read, len: 1024): No such device (19)
10-25 20:20:55.329 15424 15433 D xrspd   : Error while processing inbound data, will terminate participant: I/O error
10-25 20:20:55.329 15424 15433 D xrspd   : terminating participant...
10-25 20:20:55.329 15424 15433 D xrspd   : terminateSession: No active session
10-25 20:20:55.329 15424 15433 D xrspd   : destroying topic 1...
10-25 20:20:55.329 15424 15429 D xrspd   : ep0 xrspd event DISABLE
10-25 20:20:55.329 15424 15429 D xrspd   : streaming session stopped (2)
10-25 20:20:55.329 15424 15434 D xrspd   : sent transactional message INVITE
10-25 20:20:55.329  2030  2076 W LibraryProvider: Cannot find entitlement for system
10-25 20:20:55.329 15424 15434 E xrspd   : failed to send invite for 'basic': I/O error (13)
10-25 20:20:55.329 15424 15434 D xrspd   : transitioning XrspSession state to Disconnected
10-25 20:20:55.330 15424 15429 I xrspd   : calling XrspdHelperStopAsync...
10-25 20:20:55.330  1448  1477 W OVRLibrary: null cursor received for query content://com.oculus.ocms.library/apps/system
10-25 20:20:55.331 17542 17870 D UE4     : [2019.10.25-11.20.55:331][122]LogTcpMessaging: Lost node '19C7FBFD48BCFAF97FF94DB65D37D037' on connection '127.0.0.1:55036'...
10-25 20:20:55.333 17542 17870 D UE4     : Assertion failed: OffsetFromBase >= 0 [File:D:/Build/++UE4/Sync/Engine/Source/Runtime/Core/Private/HAL/MallocBinned.cpp] [Line: 1180] 
10-25 20:20:55.333 17542 17870 D UE4     : 
10-25 20:20:55.334 17542 17558 D UE4     : [2019.10.25-11.20.55:334][122]LogTemp: Warning: Going to initialSpeed, Current: 5.287022, Initial: 2.500000 , Rate: -3.000000
10-25 20:20:55.334 15424 15429 D xrspd   : ep0 xrspd event UNBIND
10-25 20:20:55.335 17542 17870 D UE4     : [2019.10.25-11.20.55:335][122]Assertion failed: OffsetFromBase >= 0 [File:D:/Build/++UE4/Sync/Engine/Source/Runtime/Core/Private/HAL/MallocBinned.cpp] [Line: 1180] 
10-25 20:20:55.335 17542 17870 D UE4     : 
10-25 20:20:55.335 17542 17870 D UE4     : [2019.10.25-11.20.55:335][122]LogAndroid: Error: === Critical error: ===
10-25 20:20:55.335 17542 17870 D UE4     : [2019.10.25-11.20.55:335][122]LogAndroid: Error: 
10-25 20:20:55.335 17542 17870 D UE4     : [2019.10.25-11.20.55:335][122]LogAndroid: Error: Assertion failed: OffsetFromBase >= 0 [File:D:/Build/++UE4/Sync/Engine/Source/Runtime/Core/Private/HAL/MallocBinned.cpp] [Line: 1180] 
10-25 20:20:55.335 17542 17870 D UE4     : [2019.10.25-11.20.55:335][122]LogAndroid: Error: 
10-25 20:20:55.335 15424 17909 D xrspd   : XrspdHelper stopping ...
10-25 20:20:55.335 15424 17909 D xrspd   : stopping XrspdHelper by terminating participant
10-25 20:20:55.335 17542 17870 D UE4     : [2019.10.25-11.20.55:335][122]LogAndroid: Error: [Callstack] 0x00000000D0E1C2C8 libUE4.so(0x0000000003C132C8)!FDebug::CheckVerifyFailedImpl(char const*, char const*, int, char16_t const*, ...)  []
10-25 20:20:55.335 15424 17909 D xrspd   : XrspParticipantTerminate() can only be called once.
10-25 20:20:55.335 15424 17909 D xrspd   : joining inbound thread...
10-25 20:20:55.335 17542 17870 D UE4     : [2019.10.25-11.20.55:335][122]LogAndroid: Error: [Callstack] 0x00000000D51BB79C libUE4.so(0x0000000007FB279C)!void FDebug::CheckVerifyFailed<char16_t [1]>(char const*, char const*, int, char16_t const (&) [1])  []
10-25 20:20:55.335 17542 17870 D UE4     : [2019.10.25-11.20.55:335][122]LogAndroid: Error: [Callstack] 0x00000000D0CDCC74 libUE4.so(0x0000000003AD3C74)!FMallocBinned::GetAllocationSize(void*, unsigned int&)  []
10-25 20:20:55.335 15424 17909 W xrspd   : XrspdHelper inbound processing returned: I/O error (13)
10-25 20:20:55.335 15424 17909 D xrspd   : joining outbound thread...
10-25 20:20:55.335 17542 17870 D UE4     : [2019.10.25-11.20.55:335][122]LogAndroid: Error: [Callstack] 0x00000000D0D1F584 libUE4.so(0x0000000003B16584)!FMallocPoisonProxy::Realloc(void*, unsigned int, unsigned int)  []
10-25 20:20:55.335 15424 17909 W xrspd   : XrspdHelper outbound processing returned: I/O error (13)
10-25 20:20:55.335 15424 17909 D xrspd   : XrspdHelper stopped: invalid state (3)
10-25 20:20:55.335 15424 17909 D xrspd   : joining inbound thread...
10-25 20:20:55.335 17542 17870 D UE4     : [2019.10.25-11.20.55:335][122]LogAndroid: Error: [Callstack] 0x00000000D0D0692C libUE4.so(0x0000000003AFD92C)!FMemory::Realloc(void*, unsigned int, unsigned int)  []
10-25 20:20:55.335 15424 17909 D xrspd   : joining outbound thread...
10-25 20:20:55.335 17542 17870 D UE4     : [2019.10.25-11.20.55:335][122]LogAndroid: Error: [Callstack] 0x00000000D0778DC8 libUE4.so(0x000000000356FDC8)!FTcpMessageTransportConnection::Run()  []
10-25 20:20:55.335 15424 17909 I xrspd   : XrspdHelperStopAsync completed via callback.
10-25 20:20:55.335 17542 17870 D UE4     : [2019.10.25-11.20.55:335][122]LogAndroid: Error: [Callstack] 0x00000000D0CFF5B4 libUE4.so(0x0000000003AF65B4)!FRunnableThreadPThread::Run()  []
10-25 20:20:55.335 17542 17870 D UE4     : [2019.10.25-11.20.55:335][122]LogAndroid: Error: [Callstack] 0x00000000D0C6E674 libUE4.so(0x0000000003A65674)!FRunnableThreadPThread::_ThreadProc(void*)  []
10-25 20:20:55.335 17542 17870 D UE4     : [2019.10.25-11.20.55:335][122]LogAndroid: Error: [Callstack] 0x00000000F38558D4 libc.so(0x00000000000478D4)![Unknown]()  []
10-25 20:20:55.336 17542 17870 D UE4     : [2019.10.25-11.20.55:335][122]LogAndroid: Error: [Callstack] 0x00000000F3827FE6 libc.so(0x0000000000019FE6)![Unknown]()  []
10-25 20:20:55.336 17542 17870 D UE4     : [2019.10.25-11.20.55:336][122]LogAndroid: Error: 
10-25 20:20:55.336 17542 17870 D UE4     : [2019.10.25-11.20.55:336][122]LogAndroid: Error: 
10-25 20:20:55.336 17542 17870 D UE4     : [2019.10.25-11.20.55:336][122]LogAndroid: Error: 
10-25 20:20:55.336 17542 17870 D UE4     : [2019.10.25-11.20.55:336][122]LogAndroid: Error: 
10-25 20:20:55.342 15424 15429 D xrspd   : ep0 xrspd event BIND
10-25 20:20:55.348 17542 17558 D UE4     : [2019.10.25-11.20.55:348][123]LogTemp: Warning: Going to initialSpeed, Current: 5.203930, Initial: 2.500000 , Rate: -3.000000
10-25 20:20:55.350 17542 17870 D UE4     : [2019.10.25-11.20.55:350][123]LogAndroid: FAndroidMisc::RequestExit(1)
10-25 20:20:55.355 17542 17870 I art     : System.exit called, status: 0
10-25 20:20:55.355 17542 17870 I AndroidRuntime: VM exiting with result code 0, cleanup skipped.
10-25 20:20:55.430   539   591 V msm8974_platform: platform_get_parameters: exit: returns - snd_device_in=none
10-25 20:20:55.430   539   591 V audio_hw_primary: adev_get_parameters: exit: returns - snd_device_in=none
10-25 20:20:55.430   539   591 I hash_map_utils: key: 'snd_device_in' value: ''
10-25 20:20:55.430   539  1677 V msm8974_platform: platform_get_parameters: exit: returns - snd_device_out=speaker
10-25 20:20:55.430   539  1677 V audio_hw_primary: adev_get_parameters: exit: returns - snd_device_out=speaker
10-25 20:20:55.430   539  1677 I hash_map_utils: key: 'snd_device_out' value: ''
10-25 20:20:55.437   697 17815 I [CT]    : VIPER: [floorplane] Floor height has been updated to 1.13437 meters.
10-25 20:20:55.466   701  1969 E VrApiService: Error set scheduler for process 2183 thread 17558 to NORMAL : No such process (3)
10-25 20:20:55.466  2183 17721 W Clocks  : SetSchedFifo( tid=17558, pri=0 ) failed!
10-25 20:20:55.467   701   701 E VrApiService: Error set scheduler for process 2183 thread 17805 to NORMAL : No such process (3)
10-25 20:20:55.467  2183 17721 W Clocks  : SetSchedFifo( tid=17805, pri=0 ) failed!
10-25 20:20:55.469  2183 17721 I Clocks  : SetSchedFifo( tid=17668, pri=0 ) succeeded
10-25 20:20:55.485  1060  1150 W InputDispatcher: channel '21b47c0 com.YourCompany.LastResisters/com.epicgames.ue4.GameActivity (server)' ~ Consumer closed input channel or an error occurred.  events=0x9
10-25 20:20:55.485  1060  1150 E InputDispatcher: channel '21b47c0 com.YourCompany.LastResisters/com.epicgames.ue4.GameActivity (server)' ~ Channel is unrecoverably broken and will be disposed!
10-25 20:20:55.486   697   877 I TrackingService: Unregistering client 'pid 17542' by binder death
10-25 20:20:55.486  2183  2200 D VrRuntimeService: VrRuntimeService: binderDied: com.YourCompany.LastResisters
10-25 20:20:55.486   697   877 I TrackingService: TrackingServiceHost Unregistering client: pid 17542
10-25 20:20:55.486  2183  2200 D VrRuntimeService: VrRuntimeService: destroyClientInternal: com.YourCompany.LastResisters, pid: 17542, window: android.os.BinderProxy@c828027
10-25 20:20:55.486  2183  2200 I ClientMgr: ClientMgr::DestroyClient: 17542:com.YourCompany.LastResisters
10-25 20:20:55.486  2183  2200 I GuardianSystem: OnDestroyActiveClient: com.YourCompany.LastResisters
10-25 20:20:55.486  2183  2200 I GuardianSystem: OnDestroyActiveClient: Clearing return package because owning client was destroyed: com.YourCompany.LastResisters
10-25 20:20:55.486  2183  2200 I GuardianSystem: GuardianSystem::GuardianCmd 14
10-25 20:20:55.486  2183  2200 I ClientMgr: ClientMgr::DestroyClient Destroying 2 swapchains for 17542:com.YourCompany.LastResisters
10-25 20:20:55.486  2183  2200 I ClientMgr: ClientMgr::DestroyClient: deferred ShutdownResources: 122 != 119 
10-25 20:20:55.490  1060  1452 D GraphicsStats: Buffer count: 3
10-25 20:20:55.490  1060  1619 I WindowManager: WIN DEATH: Window{21b47c0 u0 com.YourCompany.LastResisters/com.epicgames.ue4.GameActivity}
10-25 20:20:55.491  1060  1619 W InputDispatcher: Attempted to unregister already unregistered input channel '21b47c0 com.YourCompany.LastResisters/com.epicgames.ue4.GameActivity (server)'
10-25 20:20:55.491  1060  1556 I ActivityManager: Process com.YourCompany.LastResisters (pid 17542) has died
10-25 20:20:55.492  1060  1085 D ConnectivityService: ConnectivityService NetworkRequestInfo binderDied(NetworkRequest [ LISTEN id=22, [ Capabilities: NOT_RESTRICTED&TRUSTED&NOT_VPN&FOREGROUND] ], android.os.BinderProxy@e4a1a86)
10-25 20:20:55.492  1060  1556 D ActivityManager: cleanUpApplicationRecord -- 17542
10-25 20:20:55.493  1060  1164 E ConnectivityService: RemoteException caught trying to send a callback msg for NetworkRequest [ LISTEN id=22, [ Capabilities: NOT_RESTRICTED&TRUSTED&NOT_VPN&FOREGROUND] ]
10-25 20:20:55.493  1060  1556 W ActivityManager: Force removing ActivityRecord{1775f89 u0 com.YourCompany.LastResisters/com.epicgames.ue4.GameActivity t159}: app died, no saved state
10-25 20:20:55.493  1060  1619 W WindowManager: Force-removing child win Window{3464f47 u0 SurfaceView - com.YourCompany.LastResisters/com.epicgames.ue4.GameActivity} from container Window{21b47c0 u0 com.YourCompany.LastResisters/com.epicgames.ue4.GameActivity}
10-25 20:20:55.497  2183 17721 W TimeWarp: FetchFrame: client(0) is enabled, but shared memory is not set
10-25 20:20:55.497  2183 17721 W TimeWarp: FetchFrame: client(0) is enabled, but shared memory is not set
10-25 20:20:55.509  1060  1656 W WindowManager: Failed looking up window callers=com.android.server.wm.WindowManagerService.windowForClientLocked:9473 com.android.server.wm.WindowState$DeathRecipient.binderDied:1808 android.os.BinderProxy.sendDeathNotice:690 
10-25 20:20:55.509  1060  1656 I WindowManager: WIN DEATH: null
10-25 20:20:55.511  2183 17721 W TimeWarp: FetchFrame: client(0) is enabled, but shared memory is not set
10-25 20:20:55.511  2183 17721 W TimeWarp: Skipping layer 0 with invalid swapchain
10-25 20:20:55.511  2183 17721 I TimeWarpProgs: loaded binary layerProgram 0:0x24007:0x0 in 0.7 ms
10-25 20:20:55.512  2183 17721 W TimeWarp: FetchFrame: client(0) is enabled, but shared memory is not set
10-25 20:20:55.518   539   585 V audio_hw_primary: out_get_latency: Latency 8
10-25 20:20:55.524  2183 17721 W TimeWarp: FetchFrame: client(0) is enabled, but shared memory is not set
10-25 20:20:55.525  2183 17721 W TimeWarp: Skipping layer 0 with invalid swapchain
10-25 20:20:55.525  2183 17721 W TimeWarp: FetchFrame: client(0) is enabled, but shared memory is not set
10-25 20:20:55.538   539   585 V audio_hw_primary: out_get_latency: Latency 8
10-25 20:20:55.538  2183 17721 W TimeWarp: FetchFrame: client(0) is enabled, but shared memory is not set
10-25 20:20:55.538  2183 17721 W TimeWarp: Skipping layer 0 with invalid swapchain
10-25 20:20:55.539  2183 17721 W TimeWarp: FetchFrame: client(0) is enabled, but shared memory is not set
10-25 20:20:55.542  1821  1821 D [OAR] MainActivity: onResume()
10-25 20:20:55.543  1821  1821 D [OAR] CompanionServerPreferencesHandler: Updating companion server prefs
10-25 20:20:55.543  1821  1918 I [OAR] ShellApp: 0xd7232388 msg: resume
10-25 20:20:55.544  1821  1821 D [OAR] CompanionServerPreferencesHandler: updateVrReady: false
10-25 20:20:55.544  1821  1821 D [OAR] CompanionServerPreferencesHandler: updateNuxComplete: false
10-25 20:20:55.544  1821  1821 D [OAR] CompanionServerPreferencesHandler: updateNuxFlow: false
10-25 20:20:55.549   697 17708 I [CT]    : MANAGEMENT:CONSTELLATION: Status=GREEN,, Obj=3669952633402657438,6DOF=1 (estimated),Issues(Cam/min=  0,IMU/min=0), Obj=16572054001761934198,6DOF=1 (estimated),Issues(Cam/min=  0,IMU/min=0)
10-25 20:20:55.552   539   580 V AudioPolicyManagerCustom: getNewOutputDevice() selected device 0
10-25 20:20:55.552   539   580 V AudioPolicyManagerCustom: checkOutputForStrategy(): policy related outputs
10-25 20:20:55.553  2183 17721 W TimeWarp: FetchFrame: client(0) is enabled, but shared memory is not set
10-25 20:20:55.553  2183 17721 W TimeWarp: Skipping layer 0 with invalid swapchain
10-25 20:20:55.553  2183 17721 W TimeWarp: FetchFrame: client(0) is enabled, but shared memory is not set
10-25 20:20:55.556  1821  1821 D [OAR] MainActivity: com.oculus.vrshell.MainActivity@108406c surfaceCreated()
10-25 20:20:55.556  1821  1821 I [OAR] ShellMain:     looperMessageQueue->PostPrintf("surfaceCreated 0xd6a9b008")
10-25 20:20:55.556  1821  1821 D [OAR] MainActivity: com.oculus.vrshell.MainActivity@108406c surfaceChanged() format: 4 width: 2880 height: 1600
10-25 20:20:55.556  1821  1821 I [OAR] ShellMain:     ANativeWindow_release(newNativeWindow)
10-25 20:20:55.556  1821  1918 I [OAR] ShellApp: 0xd7232388 msg: surfaceCreated 0xd6a9b008
10-25 20:20:55.557  1821  1918 I [OAR] ShellApp: ---------- ShellApp::EnterVrMode() ----------
10-25 20:20:55.557  1821  1918 I [OAR] ShellApp: phone is in developer mode
10-25 20:20:55.557  1821  1918 I [OAR] ShellApp: vrapi_EnterVrMode()
10-25 20:20:55.557  1821  1918 I VrApi   : ---------- vrapi_EnterVrMode [start] ----------
10-25 20:20:55.557  1821  1918 D InputHooksJava: Enabling Java Input Hooks
10-25 20:20:55.557  1821  1918 I VrRuntimeClient: Tracing is disabled
10-25 20:20:55.559  1821  1918 D VrApi   : targetSDKVersion 25
10-25 20:20:55.562  1821  1918 I VrRuntimeClient: DEVICE MODEL NUMBER = Quest
10-25 20:20:55.562  1821  1918 I VrRuntimeClient: DEVICE HARDWARE = monterey
10-25 20:20:55.562  1821  1918 I VrRuntimeClient: DEVICE BUILD NAME = user-396520.6170.0
10-25 20:20:55.562  1821  1918 I VrRuntimeClient: DEVICE BUILD TYPE = user
10-25 20:20:55.562  1821  1918 I VrRuntimeClient: DEVICE OS VERSION = 7.1.1
10-25 20:20:55.562  1821  1918 I VrRuntimeClient: VRRUNTIME VERSION = VRAPI_VERSION_BEGIN { 1.1.27.0-178455920-178455920 Oct 17 2019 20:40:08 Development } RELEASE
10-25 20:20:55.562  1821  1918 I VrRuntimeClient: API LOADER VERSION = 1.1.25.0
10-25 20:20:55.562  1821  1918 I VrRuntimeClient: VRDRIVER VERSION = 10.0.0.143.427
10-25 20:20:55.562  1821  1918 I VrRuntimeClient: APP NAME = Oculus App Runtime
10-25 20:20:55.562  1821  1918 I VrRuntimeClient: APP VERSION = 10.0.0.143.427 versionCode 178455526 internalVersionName 10.0.0.143.427.5f7997c54f2b 2019_10_17_20_36
10-25 20:20:55.562  1821  1918 I VrRuntimeClient: APP VR TYPE = vr_only
10-25 20:20:55.562  1821  1918 I VrRuntimeClient: APP PACKAGE NAME = com.oculus.vrshell
10-25 20:20:55.562  1821  1918 I VrRuntimeClient: APP ACTIVITY CLASS = com.oculus.vrshell.MainActivity
10-25 20:20:55.562  1821  1918 D BatteryReceiver: Registering battery receiver
10-25 20:20:55.566  2183 17721 W TimeWarp: FetchFrame: client(0) is enabled, but shared memory is not set
10-25 20:20:55.566  2183 17721 W TimeWarp: Skipping layer 0 with invalid swapchain
10-25 20:20:55.567  2183 17721 W TimeWarp: FetchFrame: client(0) is enabled, but shared memory is not set
10-25 20:20:55.567  1821  1918 D HeadsetReceiver: getCurrentHeadsetState: false
10-25 20:20:55.567  1821  1918 I DeviceStatus_Android: nativeHeadsetEvent(0)
10-25 20:20:55.574  2183  2183 D VrRuntimeService: onFocusedWindowChanged: topWindowToken=android.os.BinderProxy@d281c7d, topWindowUid=10024
10-25 20:20:55.574  2183  2183 W ClientMgr: ClientMgr::SetPrimaryCompositorClient: No active client
10-25 20:20:55.574  2183  2183 I TimeWarp: ReleaseClockLevels
10-25 20:20:55.574  1821  1918 I DeviceStatus_Android: nativeGamepadListener(0)
10-25 20:20:55.574  1821  1918 I InputDeviceManager: ovrInputDeviceManager::Initialize
10-25 20:20:55.576  1821  1918 I ScreenCaptureHelper: GetScreenCaptureInhibitFlagFromVrHelper
10-25 20:20:55.580  2183 17721 W TimeWarp: FetchFrame: client(0) is enabled, but shared memory is not set
10-25 20:20:55.580  2183 17721 W TimeWarp: Skipping layer 0 with invalid swapchain
10-25 20:20:55.581  2183 17721 W TimeWarp: FetchFrame: client(0) is enabled, but shared memory is not set
10-25 20:20:55.585  1821  1918 D VRProviderHelper: Could not find provider
10-25 20:20:55.585  2183  2200 I ScreenCaptureBase: GlobalInhibitState=0
10-25 20:20:55.586  1821  1918 D TrackingServiceConnectionNative: onClientConnect
10-25 20:20:55.586  1821  1918 D BinderConnection: Connecting to TrackingService
10-25 20:20:55.587  1821  1918 D TrackingServiceConnectionNative: onConnected
10-25 20:20:55.587   697   878 I TrackingService: TrackingService::getSharedMemoryFileDescriptor
10-25 20:20:55.588  2183 17721 I TimeWarp: UpdateClockLevels: Force releasing clocks
10-25 20:20:55.588  2183 17721 I TimeWarp: UpdateClockLevels: Apply pending clock request change: 4,4 -> -1,-1
10-25 20:20:55.588  2183 17720 I Clocks  : ReleaseClocks - start
10-25 20:20:55.588   701   701 D VrApiService: CPU_CLUSTER_0: No client requests exists, release clocks
10-25 20:20:55.588   701   701 D VrApiService: CPU_CLUSTER_1: No client requests exists, release clocks
10-25 20:20:55.589   701   701 D VrApiService: GPU: No client requests exists, release clocks
10-25 20:20:55.590   701   701 D VrApiService: CPUBW: No client requests exists, release clocks
10-25 20:20:55.590  1821  1918 I TrackingServiceClient: OVR::TrackingService::ClientSetInterface
10-25 20:20:55.590  1821  1918 I TrackingServiceClient: TrackingService client: roFd(82)
10-25 20:20:55.590  1821  1918 I TrackingServiceClient: TrackingService client: connected to interface version 10.
10-25 20:20:55.590  1821  1918 I TrackingServiceClient: TrackingService client: last prediction time is 0.004855 seconds old
10-25 20:20:55.591  1821  1918 I TrackingServiceClient: TrackingService client: provided by pid=697
10-25 20:20:55.592   697   697 I TrackingService: TrackingService::registerClient
10-25 20:20:55.592   697   697 I TrackingService: Registering client with TrackingServiceHost
10-25 20:20:55.594  2183 17721 W TimeWarp: FetchFrame: client(0) is enabled, but shared memory is not set
10-25 20:20:55.594  2183 17721 W TimeWarp: Skipping layer 0 with invalid swapchain
10-25 20:20:55.595  2183 17721 W TimeWarp: FetchFrame: client(0) is enabled, but shared memory is not set
10-25 20:20:55.595   697   697 I TrackingService: Notifying client pid 1821 of new remote e5fbc34fe59c5b76
10-25 20:20:55.595  1821  1918 D TrackingServiceClient: TrackingServiceClient onRemoteConnected e5fbc34fe59c5b76
10-25 20:20:55.595   701   701 D VrApiService: GPUBW: No client requests exists, release clocks
10-25 20:20:55.595   697   697 I TrackingService: Notifying client pid 1821 of new remote 32ee4a79d0798a9e
10-25 20:20:55.595  1821  1918 D TrackingServiceClient: TrackingServiceClient onRemoteConnected 32ee4a79d0798a9e
10-25 20:20:55.596   697   697 I TrackingService: TrackingServiceHost GetSharedMemoryFileDescriptor for client pid 1821
10-25 20:20:55.596  2183 17720 I Clocks  : ReleaseClocks - end (7.9 ms)
10-25 20:20:55.596   697   697 I TrackingService: TrackingServiceHost registered common client; there are 0 secure clients
10-25 20:20:55.597  1821  1918 I TrackingServiceClient: ClientConnectComplete
10-25 20:20:55.597  1821  1918 I VrApi   : ovrModeParms::VRAPI_MODE_FLAG_ALLOW_POWER_SAVE = 1
10-25 20:20:55.597  1821  1918 I VrApi   : ovrModeParms::VRAPI_MODE_FLAG_RESET_WINDOW_FULLSCREEN = 1
10-25 20:20:55.597  1821  1918 I VrApi   : ovrModeParms::VRAPI_MODE_FLAG_NATIVE_WINDOW = 1
10-25 20:20:55.597  1821  1918 I VrApi   : ovrModeParms::VRAPI_MODE_FLAG_FRONT_BUFFER_PROTECTED = 0
10-25 20:20:55.597  1821  1918 I VrApi   : ovrModeParms::VRAPI_MODE_FLAG_FRONT_BUFFER_565 = 0
10-25 20:20:55.597  1821  1918 I VrApi   : ovrModeParms::VRAPI_MODE_FLAG_FRONT_BUFFER_SRGB = 1
10-25 20:20:55.597  1821  1918 I VrApi   : ovrModeParms::VRAPI_MODE_FLAG_CREATE_CONTEXT_NO_ERROR = 0
10-25 20:20:55.597  1821  1918 I VrApi   : HMD sensor attached.
10-25 20:20:55.598  1821  1918 I VrApi   : Client side frame sync enabled
10-25 20:20:55.599  1821  1918 D VrRuntimeClient: VrRuntimeClient: enableRendering: activity client
10-25 20:20:55.599  1821  1918 D VrRuntimeClient: VrRuntimeClient: enableRendering: Using clientWindow=android.os.BinderProxy@d39fba3
10-25 20:20:55.600  2183  2372 I ClientMgr: ClientMgr::SetPrimaryCompositorClient: com.oculus.vrshell
10-25 20:20:55.601   697 17815 I [CT]    : VIPER: [floorplane] Floor height has been updated to 1.13151 meters.
10-25 20:20:55.602  2183 17721 I TimeWarp: UpdateClockLevels: Apply pending clock request change: -1,-1 -> 2,3
10-25 20:20:55.603  2183 17720 I Clocks  : LockClocks( cpu=2, gpu=3 ) - start
10-25 20:20:55.606  2183  2372 I GuardianSystem: SetCurrentPackageName: com.oculus.vrshell
10-25 20:20:55.606  2183  2372 D VrRuntimeService: this client: 1821:com.oculus.vrshell
10-25 20:20:55.606  2183  2372 D VrRuntimeService: enableRendering: clientWindow: android.os.BinderProxy@d281c7d enable: true
10-25 20:20:55.606  2183  2372 I ClientMgr: ClientMgr::EnableRendering 1821:com.oculus.vrshell : enable
10-25 20:20:55.606  2183  2372 I TimeWarp: CheckDebuggerConnected: debugger 0
10-25 20:20:55.607  1821  1918 I VrRuntimeClient: CreateWarp: ImportGles: Fd=63, BufferSize=4096, AllocSize=9568
10-25 20:20:55.607  2183 17720 I Clocks  : CPU levels [0, 4]
10-25 20:20:55.607  2183 17720 I Clocks  : GPU levels [0, 5]
10-25 20:20:55.607  1821  1918 I VrRuntimeClient: CreateWarp: ImportGles: bo.Gl.BufferId=137, bo.Gl.MemoryObject=14
10-25 20:20:55.608  2183 17721 W TimeWarp: Skipping layer 0 with invalid swapchain
10-25 20:20:55.612   701  3213 D VrApiService: CPU_CLUSTER_0: Client 2183 sends freq request [21, 21]
10-25 20:20:55.612   701  3213 D VrApiService: CPU_CLUSTER_0: Next Perf Level = (21, 21)
10-25 20:20:55.613  1821  1918 I ScreenCaptureHelper: Advertising com.oculus.vrshell as streamable
10-25 20:20:55.613   701  3213 D VrApiService: CPU_CLUSTER_1: Client 2183 sends freq request [18, 18]
10-25 20:20:55.613   701  3213 D VrApiService: CPU_CLUSTER_1: Next Perf Level = (18, 18)
10-25 20:20:55.613   701  3213 D VrApiService: CPUBW: Client 2183 sends freq request [8, 11]
10-25 20:20:55.613   701  3213 D VrApiService: CPUBW: Next Perf Level = (8, 11)
10-25 20:20:55.614   701  3213 D VrApiService: GPUBW: Client 2183 sends freq request [9, 11]
10-25 20:20:55.615   701  3213 D VrApiService: GPUBW: Next Perf Level = (9, 11)
10-25 20:20:55.615   701  3213 D VrApiService: GPU: Client 2183 sends freq request [4, 4]
10-25 20:20:55.615   701  3213 D VrApiService: GPU: Next Perf Level = (4, 4)
10-25 20:20:55.616  2183 17720 I Clocks  : LockClocks( cpu=2, gpu=3 ) - end (13.5 ms)
10-25 20:20:55.619  1821  1918 I OSSDK   : TelemetryHandler: Using standalone implementation
10-25 20:20:55.619  1821  1918 I VrApi   : OVR::Stats thread started
10-25 20:20:55.622  2183 17721 W TimeWarp: Skipping layer 0 with invalid swapchain
10-25 20:20:55.625  1821  1918 I VrApi   : System brightness = 255
10-25 20:20:55.626  1821 17924 D VrApi   : targetSDKVersion 25
10-25 20:20:55.628  1821 17924 I JniUtils: ovr_GetCurrentPackageSignature 
10-25 20:20:55.628  1821  1918 I VrApi   : Set brightness to 255
10-25 20:20:55.629  1821 17924 I Metrics : device name = Oculus Quest
10-25 20:20:55.629  1821  1918 I VrApi   : Set DND mode to false
10-25 20:20:55.636  2183 17721 W TimeWarp: Skipping layer 0 with invalid swapchain
10-25 20:20:55.650  2183 17721 W TimeWarp: Skipping layer 0 with invalid swapchain
10-25 20:20:55.653  1821  1918 I VrApi   : System DND mode = false
10-25 20:20:55.653  1821  1918 I VrApi   : ---------- vrapi_EnterVrMode [end] ----------
10-25 20:20:55.653  1821  1918 I InputHooks_Internal: SetInhibitHandleHomeKey = true
10-25 20:20:55.653  1821  1918 I InputHooks_Internal: SetInhibitHandleBackButtonLongPress = true
10-25 20:20:55.654  2183  2200 I GazeTimer: (28068.9579) CancelTimer
10-25 20:20:55.654  1821  1918 I InputHooks_Internal: SetBlockRemoteButtonsWhenNotEmulatingHMT = false
10-25 20:20:55.654  1821  1918 I InputHooks_Internal: SetReorientHMDOnControllerRecenter = true
10-25 20:20:55.654  1821  1918 I [OAR] ShellApp: Setting clock levels to cpu=2, gpu=4
10-25 20:20:55.654  1821  1918 I [OAR] ShellApp: Setting perf thread tids to main=1918, render=unset
10-25 20:20:55.654  1821  1918 I [OAR] Compositor: Initializing Compositor: 1216x1344
10-25 20:20:55.654  1821  1918 I [OAR] ShellApp: FramebufferIsSrgb: true
10-25 20:20:55.654  1821  1918 I libOpenSLES: Emulating old channel mask behavior (ignoring positional mask 0x3, using default mask 0x3 based on channel count of 2)
10-25 20:20:55.655   539   591 I AudioPolicyManagerCustom: offload disabled by audio.offload.disable=1
10-25 20:20:55.655   539   591 I AudioPolicyManagerCustom: Direct PCM is disabled for this request
10-25 20:20:55.655   539   591 V AudioPolicyManagerCustom: getOutputForDevice() returns output 13
10-25 20:20:55.656   539   591 V audio_hw_primary: out_get_parameters: enter: keys - is_direct_pcm_track
10-25 20:20:55.656   539   591 V audio_hw_primary: not in direct_pcm
10-25 20:20:55.656   539   591 V audio_hw_primary: out_get_parameters: exit: returns - is_direct_pcm_track=false
10-25 20:20:55.657  2030  2042 W LibraryProvider: Cannot find entitlement for com.YourCompany.LastResisters
10-25 20:20:55.657  1856  1856 W OVRLibrary: null cursor received for query content://com.oculus.ocms.library/apps/com.YourCompany.LastResisters
10-25 20:20:55.657   539  1677 W AudioFlinger: createTrack_l(): mismatch between requested flags (00000104) and output flags (00000006)
10-25 20:20:55.659  1821  1918 D AudioTrack: Client defaulted notificationFrames to 192 for frameCount 384
10-25 20:20:55.659 15424 15429 D xrspd   : ep0 xrspd event ENABLE
10-25 20:20:55.659 15424 15429 I xrspd   : calling XrspdHelperStart
10-25 20:20:55.659 15424 15429 D xrspd   : XrspdHelper starting...
10-25 20:20:55.659 15424 15429 D xrspd   : XrspdHelper: create transport
10-25 20:20:55.662 15424 15429 D xrspd   : XrspdHelper started
10-25 20:20:55.662 15424 17928 D xrspd   : transitioning XrspSession state to InviteSent
10-25 20:20:55.662 15424 17928 D xrspd   : sending XrspSession invite for 'basic'
10-25 20:20:55.662 15424 17928 D xrspd   : trying to send transactional message INVITE
10-25 20:20:55.664  2183 17721 W TimeWarp: Skipping layer 0 with invalid swapchain
10-25 20:20:55.667  1821  1918 D AudioTrack: updateAppOpsPlayAudio: checkOp OP_PLAY_AUDIO for com.oculus.vrshell returns: 0 (ALLOWED)
10-25 20:20:55.670  2030  2235 W LibraryProvider: Cannot find entitlement for system
10-25 20:20:55.670  1448 16321 W OVRLibrary: null cursor received for query content://com.oculus.ocms.library/apps/system
10-25 20:20:55.672   539   580 W AudioFlinger: checkEffectCompatibility_l(): non HW effect Volume listener for Music on playback thread in fast mode
10-25 20:20:55.672   539   580 E AudioEffect: set(): AudioFlinger could not create effect, status: -22
10-25 20:20:55.672   539   580 E AudioPolicyEffects: addOutputSessionEffects(): failed to create Fx  music_helper on session 257
10-25 20:20:55.672   539   580 V AudioPolicyManagerCustom: getNewOutputDevice() selected device 2
10-25 20:20:55.672   539   580 V AudioPolicyManagerCustom: checkOutputForStrategy(): policy related outputs
10-25 20:20:55.672  1821  1918 I [OAR] SystemUXController: Recentering for launch - 0, , 
10-25 20:20:55.672  1821  1918 I [OAR] LocalSpace: ResetNextFrame
10-25 20:20:55.673  1821  1918 I [OAR] ShellApp: HMD Mount State Changed - unmounted
10-25 20:20:55.673  1821  1918 I VrApi   : ovr_HandleHmdEvents: HMT was UNmounted
10-25 20:20:55.673  1821 17931 I VrRuntimeClient: FenceChecker::MainLoop - started
10-25 20:20:55.679  2183 17721 I TimeWarpProgs: loaded binary layerProgram 0:0x20207:0x0 in 0.8 ms
10-25 20:20:55.683   697   924 I OsSdk   : will wait 60 seconds before retrying
10-25 20:20:55.686  2183 17721 I Clocks  : SetSchedFifo( tid=1918, pri=1 ) succeeded
10-25 20:20:55.687  2183 17721 I Clocks  : SetSchedFifo( tid=17668, pri=1 ) succeeded
10-25 20:20:55.687  2183 17721 I TimeWarp: UpdateClockLevels: Apply pending clock request change: 2,3 -> 2,4
10-25 20:20:55.687  2183 17720 I Clocks  : ReleaseClocks - start
10-25 20:20:55.687   701   701 D VrApiService: CPU_CLUSTER_0: No client requests exists, release clocks
10-25 20:20:55.688   701   701 D VrApiService: CPU_CLUSTER_1: No client requests exists, release clocks
10-25 20:20:55.688   701   701 D VrApiService: GPU: No client requests exists, release clocks
10-25 20:20:55.688   701   701 D VrApiService: CPUBW: No client requests exists, release clocks
10-25 20:20:55.688  1060  1473 I ActivityManager: Start proc 17932:com.oculus.os.vrmtpapp/1000 for broadcast com.oculus.os.vrmtpapp/.MtpReceiver
10-25 20:20:55.688   701   701 D VrApiService: GPUBW: No client requests exists, release clocks
10-25 20:20:55.688  2183 17720 I Clocks  : ReleaseClocks - end (1.6 ms)
10-25 20:20:55.688  2183 17720 I Clocks  : LockClocks( cpu=2, gpu=4 ) - start
10-25 20:20:55.690  2183  2371 I ClientMgr: DeferDestroyClientResources: destroying 17542:com.YourCompany.LastResisters: (122 ==  122)
10-25 20:20:55.690  2183  2371 I BufferObject: ovrBufferObjectFactory::Shutdown
10-25 20:20:55.690  2183  2371 I BufferObject: ovrBufferObjectFactory: closing fd=56
10-25 20:20:55.690  2183  2371 I BufferObject: ovrBufferObjectFactory: unmapping Vulkan memory
10-25 20:20:55.690  2183  2371 I BufferObject: ovrBufferObjectFactory: destroying Vulkan buffer=547750437632
10-25 20:20:55.690  2183  2371 I BufferObject: ovrBufferObjectFactory: freeing Vulkan memory=547731879168
10-25 20:20:55.690  2183  2371 I GuardianSystem: ForceShowGuardian: false, 0.00
10-25 20:20:55.691  2183 17720 I Clocks  : CPU levels [0, 4]
10-25 20:20:55.692  2183 17720 I Clocks  : GPU levels [0, 5]
10-25 20:20:55.692   701  3213 D VrApiService: CPU_CLUSTER_0: Client 2183 sends freq request [21, 21]
10-25 20:20:55.692   701  3213 D VrApiService: CPU_CLUSTER_0: Next Perf Level = (21, 21)
10-25 20:20:55.692   701  3213 D VrApiService: CPU_CLUSTER_1: Client 2183 sends freq request [18, 18]
10-25 20:20:55.692   701  3213 D VrApiService: CPU_CLUSTER_1: Next Perf Level = (18, 18)
10-25 20:20:55.692   701  3213 D VrApiService: CPUBW: Client 2183 sends freq request [8, 11]
10-25 20:20:55.692   701  3213 D VrApiService: CPUBW: Next Perf Level = (8, 11)
10-25 20:20:55.694   701  3213 D VrApiService: GPUBW: Client 2183 sends freq request [9, 11]
10-25 20:20:55.694   701  3213 D VrApiService: GPUBW: Next Perf Level = (9, 11)
10-25 20:20:55.694   701  3213 D VrApiService: GPU: Client 2183 sends freq request [6, 6]
10-25 20:20:55.694   701  3213 D VrApiService: GPU: Next Perf Level = (6, 6)
10-25 20:20:55.696  2183 17720 I Clocks  : LockClocks( cpu=2, gpu=4 ) - end (7.7 ms)
10-25 20:20:55.704  2030  2041 W LibraryProvider: Cannot find entitlement for com.YourCompany.LastResisters
10-25 20:20:55.704  1856  1856 W OVRLibrary: null cursor received for query content://com.oculus.ocms.library/apps/com.YourCompany.LastResisters
10-25 20:20:55.704  1856  1856 I PlatformPluginManager: onAppStart com.YourCompany.LastResisters false
10-25 20:20:55.704  1856  1856 I PlatformPluginManager: onAppStart - Stopping party chat passthrough
10-25 20:20:55.704  1856  1856 I PlatformPlugin: [PlatformPluginManager] SetSystemVoipPassthrough 0
10-25 20:20:55.705  1856  1856 I OVRPlatform: [PartyChat] PartyChatSetPassthrough 0
10-25 20:20:55.705  1856 17690 I OVRPlatform: [PartyChat] Updating playback mode to 0
10-25 20:20:55.705  1856  1856 I OVRPlatform: [PartiesAPI] ovr_Party_PluginGetSharedMemHandle: This function is deprecated, do not use
10-25 20:20:55.706  1856  1856 E OVRMediaServiceManager: LivestreamingManager Not initialized
10-25 20:20:55.706  1856  1856 I OVRMediaService: onStartCommand Received message type: set_package_name, caller package: no_app_identity
10-25 20:20:55.708  1856  1856 I OVRMediaService: Got package name intent (com.oculus.vrshell)
10-25 20:20:55.727  2183 17721 I TimeWarp: UpdateClockLevels: Apply pending clock request change: 2,4 -> 3,4
10-25 20:20:55.728  2183 17720 I Clocks  : ReleaseClocks - start
10-25 20:20:55.729   701   701 D VrApiService: CPU_CLUSTER_0: No client requests exists, release clocks
10-25 20:20:55.729   701   701 D VrApiService: CPU_CLUSTER_1: No client requests exists, release clocks
10-25 20:20:55.729   701   701 D VrApiService: GPU: No client requests exists, release clocks
10-25 20:20:55.729   701   701 D VrApiService: CPUBW: No client requests exists, release clocks
10-25 20:20:55.730   701   701 D VrApiService: GPUBW: No client requests exists, release clocks
10-25 20:20:55.732  2183 17720 I Clocks  : ReleaseClocks - end (4.0 ms)
10-25 20:20:55.732  2183 17720 I Clocks  : LockClocks( cpu=3, gpu=4 ) - start
10-25 20:20:55.734  2030  2179 W LibraryProvider: Cannot find entitlement for com.oculus.vrshell
10-25 20:20:55.737  2183 17720 I Clocks  : CPU levels [0, 4]
10-25 20:20:55.737  2183 17720 I Clocks  : GPU levels [0, 5]
10-25 20:20:55.737   701   775 D VrApiService: CPU_CLUSTER_0: Client 2183 sends freq request [21, 21]
10-25 20:20:55.738   701   775 D VrApiService: CPU_CLUSTER_0: Next Perf Level = (21, 21)
10-25 20:20:55.738   701   775 D VrApiService: CPU_CLUSTER_1: Client 2183 sends freq request [22, 22]
