10-24 10:34:22.252  2152  3012 W libosutils: PipelineSignal::waitOnListener(): failed (lost connection to service?)
10-24 10:34:22.252  2152  3012 W libosutils: PipelineSignal::waitOnListener(): failed (lost connection to service?)
10-24 10:34:22.265  2152  3012 W libosutils: PipelineSignal::waitOnListener(): failed (lost connection to service?)
10-24 10:34:22.267  2152  3012 W libosutils: PipelineSignal::waitOnListener(): failed (lost connection to service?)
10-24 10:34:22.281  2152  3048 I TimeWarpProgs: loaded binary layerProgram 2:0x20007:0x0 in 9.2 ms
10-24 10:34:22.281  2152  3048 I TimeWarp: Tear: 0.009766
10-24 10:34:22.282  2152  3012 W libosutils: PipelineSignal::waitOnListener(): failed (lost connection to service?)
10-24 10:34:22.282  2152  3012 W libosutils: PipelineSignal::waitOnListener(): failed (lost connection to service?)
10-24 10:34:22.294  2152  3012 W libosutils: PipelineSignal::waitOnListener(): failed (lost connection to service?)
10-24 10:34:22.295  2152  3012 W libosutils: PipelineSignal::waitOnListener(): failed (lost connection to service?)
10-24 10:34:22.306   705  3056 W [CT]    : CONSTELLATION:MATCHING: [Camera 2] Brute matching timed out after 700/1071 iterations.
10-24 10:34:22.307  2152  3012 W libosutils: PipelineSignal::waitOnListener(): failed (lost connection to service?)
10-24 10:34:22.308  2152  3012 W libosutils: PipelineSignal::waitOnListener(): failed (lost connection to service?)
10-24 10:34:22.321  2152  3012 W libosutils: PipelineSignal::waitOnListener(): failed (lost connection to service?)
10-24 10:34:22.321  2152  3012 W libosutils: PipelineSignal::waitOnListener(): failed (lost connection to service?)
10-24 10:34:22.335  2152  3012 W libosutils: PipelineSignal::waitOnListener(): failed (lost connection to service?)
10-24 10:34:22.336  2152  3012 W libosutils: PipelineSignal::waitOnListener(): failed (lost connection to service?)
10-24 10:34:22.349  2152  3012 W libosutils: PipelineSignal::waitOnListener(): failed (lost connection to service?)
10-24 10:34:22.350  2152  3012 W libosutils: PipelineSignal::waitOnListener(): failed (lost connection to service?)
10-24 10:34:22.363  2152  3012 W libosutils: PipelineSignal::waitOnListener(): failed (lost connection to service?)
10-24 10:34:22.363  2152  3012 W libosutils: PipelineSignal::waitOnListener(): failed (lost connection to service?)
10-24 10:34:22.376  2152  3012 W libosutils: PipelineSignal::waitOnListener(): failed (lost connection to service?)
10-24 10:34:22.378  2152  3012 W libosutils: PipelineSignal::waitOnListener(): failed (lost connection to service?)
10-24 10:34:22.391  2152  3012 W libosutils: PipelineSignal::waitOnListener(): failed (lost connection to service?)
10-24 10:34:22.391  2152  3012 W libosutils: PipelineSignal::waitOnListener(): failed (lost connection to service?)
10-24 10:34:22.394   705  3056 I [CT]    : CONSTELLATION: L: RESET. Keep Cov and Calib States = 0
10-24 10:34:22.406  2152  3012 W libosutils: PipelineSignal::waitOnListener(): failed (lost connection to service?)
10-24 10:34:22.407  2152  3012 W libosutils: PipelineSignal::waitOnListener(): failed (lost connection to service?)
10-24 10:34:22.418  2152  3012 W libosutils: PipelineSignal::waitOnListener(): failed (lost connection to service?)
10-24 10:34:22.419  2152  3012 W libosutils: PipelineSignal::waitOnListener(): failed (lost connection to service?)
10-24 10:34:22.432  2152  3012 W libosutils: PipelineSignal::waitOnListener(): failed (lost connection to service?)
10-24 10:34:22.434  2152  3012 W libosutils: PipelineSignal::waitOnListener(): failed (lost connection to service?)
10-24 10:34:22.447  2152  3012 W libosutils: PipelineSignal::waitOnListener(): failed (lost connection to service?)
10-24 10:34:22.448  2152  3012 W libosutils: PipelineSignal::waitOnListener(): failed (lost connection to service?)
10-24 10:34:22.460  2152  3012 W libosutils: PipelineSignal::waitOnListener(): failed (lost connection to service?)
10-24 10:34:22.460  2152  3012 W libosutils: PipelineSignal::waitOnListener(): failed (lost connection to service?)
10-24 10:34:22.474  2152  3012 W libosutils: PipelineSignal::waitOnListener(): failed (lost connection to service?)
10-24 10:34:22.475  2152  3012 W libosutils: PipelineSignal::waitOnListener(): failed (lost connection to service?)
10-24 10:34:22.488  2152  3012 W libosutils: PipelineSignal::waitOnListener(): failed (lost connection to service?)
10-24 10:34:22.489  2152  3012 W libosutils: PipelineSignal::waitOnListener(): failed (lost connection to service?)
10-24 10:34:22.504  2152  3012 W libosutils: PipelineSignal::waitOnListener(): failed (lost connection to service?)
10-24 10:34:22.504  2152  3012 W libosutils: PipelineSignal::waitOnListener(): failed (lost connection to service?)
10-24 10:34:22.520  2152  3012 W libosutils: PipelineSignal::waitOnListener(): failed (lost connection to service?)
10-24 10:34:22.521  2152  3012 W libosutils: PipelineSignal::waitOnListener(): failed (lost connection to service?)
10-24 10:34:22.530  2152  3012 W libosutils: PipelineSignal::waitOnListener(): failed (lost connection to service?)
10-24 10:34:22.530  2152  3012 W libosutils: PipelineSignal::waitOnListener(): failed (lost connection to service?)
10-24 10:34:22.543  2152  3012 W libosutils: PipelineSignal::waitOnListener(): failed (lost connection to service?)
10-24 10:34:22.544  2152  3012 W libosutils: PipelineSignal::waitOnListener(): failed (lost connection to service?)
10-24 10:34:22.558  2152  3012 W libosutils: PipelineSignal::waitOnListener(): failed (lost connection to service?)
10-24 10:34:22.558  2152  3012 W libosutils: PipelineSignal::waitOnListener(): failed (lost connection to service?)
10-24 10:34:22.573  2152  3012 W libosutils: PipelineSignal::waitOnListener(): failed (lost connection to service?)
10-24 10:34:22.573  2152  3012 W libosutils: PipelineSignal::waitOnListener(): failed (lost connection to service?)
10-24 10:34:22.586  2152  3012 W libosutils: PipelineSignal::waitOnListener(): failed (lost connection to service?)
10-24 10:34:22.586  2152  3012 W libosutils: PipelineSignal::waitOnListener(): failed (lost connection to service?)
10-24 10:34:22.599  2152  3012 W libosutils: PipelineSignal::waitOnListener(): failed (lost connection to service?)
10-24 10:34:22.600  2152  3012 W libosutils: PipelineSignal::waitOnListener(): failed (lost connection to service?)
10-24 10:34:22.614  2152  3012 W libosutils: PipelineSignal::waitOnListener(): failed (lost connection to service?)
10-24 10:34:22.614  2152  3012 W libosutils: PipelineSignal::waitOnListener(): failed (lost connection to service?)
10-24 10:34:22.628  2152  3012 W libosutils: PipelineSignal::waitOnListener(): failed (lost connection to service?)
10-24 10:34:22.629  2152  3012 W libosutils: PipelineSignal::waitOnListener(): failed (lost connection to service?)
10-24 10:34:22.641  2152  3012 W libosutils: PipelineSignal::waitOnListener(): failed (lost connection to service?)
10-24 10:34:22.642  2152  3012 W libosutils: PipelineSignal::waitOnListener(): failed (lost connection to service?)
10-24 10:34:22.655  2152  3012 W libosutils: PipelineSignal::waitOnListener(): failed (lost connection to service?)
10-24 10:34:22.656  2152  3012 W libosutils: PipelineSignal::waitOnListener(): failed (lost connection to service?)
10-24 10:34:22.671  2152  3012 W libosutils: PipelineSignal::waitOnListener(): failed (lost connection to service?)
10-24 10:34:22.671  2152  3012 W libosutils: PipelineSignal::waitOnListener(): failed (lost connection to service?)
10-24 10:34:22.683  2152  3012 W libosutils: PipelineSignal::waitOnListener(): failed (lost connection to service?)
10-24 10:34:22.683  2152  3012 W libosutils: PipelineSignal::waitOnListener(): failed (lost connection to service?)
10-24 10:34:22.697  2152  3012 W libosutils: PipelineSignal::waitOnListener(): failed (lost connection to service?)
10-24 10:34:22.697  2152  3012 W libosutils: PipelineSignal::waitOnListener(): failed (lost connection to service?)
10-24 10:34:22.704   705  3035 E [CT]    : TorsoModel: failed to update: hmd and/or controller in singular position
10-24 10:34:22.711  2152  3012 W libosutils: PipelineSignal::waitOnListener(): failed (lost connection to service?)
10-24 10:34:22.711  2152  3012 W libosutils: PipelineSignal::waitOnListener(): failed (lost connection to service?)
10-24 10:34:22.725  2152  3012 W libosutils: PipelineSignal::waitOnListener(): failed (lost connection to service?)
10-24 10:34:22.725  2152  3012 W libosutils: PipelineSignal::waitOnListener(): failed (lost connection to service?)
10-24 10:34:22.738  2152  3012 W libosutils: PipelineSignal::waitOnListener(): failed (lost connection to service?)
10-24 10:34:22.739  2152  3012 W libosutils: PipelineSignal::waitOnListener(): failed (lost connection to service?)
10-24 10:34:22.753  2152  3012 W libosutils: PipelineSignal::waitOnListener(): failed (lost connection to service?)
10-24 10:34:22.754  2152  3012 W libosutils: PipelineSignal::waitOnListener(): failed (lost connection to service?)
10-24 10:34:22.769  2152  3012 W libosutils: PipelineSignal::waitOnListener(): failed (lost connection to service?)
10-24 10:34:22.770  2152  3012 W libosutils: PipelineSignal::waitOnListener(): failed (lost connection to service?)
10-24 10:34:22.781  2152  3012 W libosutils: PipelineSignal::waitOnListener(): failed (lost connection to service?)
10-24 10:34:22.781  2152  3012 W libosutils: PipelineSignal::waitOnListener(): failed (lost connection to service?)
10-24 10:34:22.795  2152  3012 W libosutils: PipelineSignal::waitOnListener(): failed (lost connection to service?)
10-24 10:34:22.795  2152  3012 W libosutils: PipelineSignal::waitOnListener(): failed (lost connection to service?)
10-24 10:34:22.808  2152  3012 W libosutils: PipelineSignal::waitOnListener(): failed (lost connection to service?)
10-24 10:34:22.809  2152  3012 W libosutils: PipelineSignal::waitOnListener(): failed (lost connection to service?)
10-24 10:34:22.822  2152  3012 W libosutils: PipelineSignal::waitOnListener(): failed (lost connection to service?)
10-24 10:34:22.823  2152  3012 W libosutils: PipelineSignal::waitOnListener(): failed (lost connection to service?)
10-24 10:34:22.836  2152  3012 W libosutils: PipelineSignal::waitOnListener(): failed (lost connection to service?)
10-24 10:34:22.837  2152  3012 W libosutils: PipelineSignal::waitOnListener(): failed (lost connection to service?)
10-24 10:34:22.851  2152  3012 W libosutils: PipelineSignal::waitOnListener(): failed (lost connection to service?)
10-24 10:34:22.851  2152  3012 W libosutils: PipelineSignal::waitOnListener(): failed (lost connection to service?)
10-24 10:34:22.864  2152  3012 W libosutils: PipelineSignal::waitOnListener(): failed (lost connection to service?)
10-24 10:34:22.864  2152  3012 W libosutils: PipelineSignal::waitOnListener(): failed (lost connection to service?)
10-24 10:34:22.878  2152  3012 W libosutils: PipelineSignal::waitOnListener(): failed (lost connection to service?)
10-24 10:34:22.878  2152  3012 W libosutils: PipelineSignal::waitOnListener(): failed (lost connection to service?)
10-24 10:34:22.892  2152  3012 W libosutils: PipelineSignal::waitOnListener(): failed (lost connection to service?)
10-24 10:34:22.893  2152  3012 W libosutils: PipelineSignal::waitOnListener(): failed (lost connection to service?)
10-24 10:34:22.906  2152  3012 W libosutils: PipelineSignal::waitOnListener(): failed (lost connection to service?)
10-24 10:34:22.906  2152  3012 W libosutils: PipelineSignal::waitOnListener(): failed (lost connection to service?)
10-24 10:34:22.916   705  3057 I [CT]    : Viper:Map_Manager: State: TRACKING_PERSISTENT, UUID=67aea901-b572-42b7-9d58-b3f32e26f466, Num. Persistent maps = 5,  Persistent maps:c039ea76-57b5-4c41-9a99-f1bc208bbafc,ddbf46f9-2dca-4c55-aad6-82db99e2cc82,c35d16fd-2f43-4aee-acdd-50817cc71f4c,e88738b8-3abe-42c7-89b3-80158ce05742,67aea901-b572-42b7-9d58-b3f32e26f466,, Ser. Disabled = 00000000-0000-0000-0000-000000000000
10-24 10:34:22.920  2152  3012 W libosutils: PipelineSignal::waitOnListener(): failed (lost connection to service?)
10-24 10:34:22.920  2152  3012 W libosutils: PipelineSignal::waitOnListener(): failed (lost connection to service?)
10-24 10:34:22.934  2152  3012 W libosutils: PipelineSignal::waitOnListener(): failed (lost connection to service?)
10-24 10:34:22.935  2152  3012 W libosutils: PipelineSignal::waitOnListener(): failed (lost connection to service?)
10-24 10:34:22.948  2152  3012 W libosutils: PipelineSignal::waitOnListener(): failed (lost connection to service?)
10-24 10:34:22.948  2152  3012 W libosutils: PipelineSignal::waitOnListener(): failed (lost connection to service?)
10-24 10:34:22.949   705  3057 I [CT]    : VIPER: Status=6DoF,TRACKING,KF=318,Inl=313,Pts=1056,Jit=0.2mm,Issues(Cam/min=0.0,IMU/min=0.0),Exp=(5.5ms,g=6,I=95)(5.1ms,g=4,I=95)(5.5ms,g=6,I=104)(5.0ms,g=4,I=96)
10-24 10:34:22.962  2152  3012 W libosutils: PipelineSignal::waitOnListener(): failed (lost connection to service?)
10-24 10:34:22.962  2152  3012 W libosutils: PipelineSignal::waitOnListener(): failed (lost connection to service?)
10-24 10:34:22.976  2152  3012 W libosutils: PipelineSignal::waitOnListener(): failed (lost connection to service?)
10-24 10:34:22.976  2152  3012 W libosutils: PipelineSignal::waitOnListener(): failed (lost connection to service?)
10-24 10:34:22.989  2152  3012 W libosutils: PipelineSignal::waitOnListener(): failed (lost connection to service?)
10-24 10:34:22.990  2152  3012 W libosutils: PipelineSignal::waitOnListener(): failed (lost connection to service?)
10-24 10:34:22.997  1868  2479 I OVRPlatform: [CurlHttpClient] Executing HTTP request: https://graph.oculus.com//v1.20/me?fields=current_party{id,leader{id},join_policy,users{id,alias,can_viewer_message,display_name,profile_url,profile_url_small,presence,presence_status,presence_app{id,package_name},presence_deeplink_message,presence_destination_api_name,presence_scoped_user_id,avatar_v2{avatar_image{uri}}},invited_users{id,alias,can_viewer_message,display_name,profile_url,profile_url_small,presence,presence_status,presence_app{id,package_name},presence_deeplink_message,presence_destination_api_name,presence_scoped_user_id,avatar_v2{avatar_image{uri}}}}&app_version=178455526
10-24 10:34:23.003  2152  3012 W libosutils: PipelineSignal::waitOnListener(): failed (lost connection to service?)
10-24 10:34:23.004  2152  3012 W libosutils: PipelineSignal::waitOnListener(): failed (lost connection to service?)
10-24 10:34:23.017  2152  3012 W libosutils: PipelineSignal::waitOnListener(): failed (lost connection to service?)
10-24 10:34:23.018  2152  3012 W libosutils: PipelineSignal::waitOnListener(): failed (lost connection to service?)
10-24 10:34:23.032  2152  3012 W libosutils: PipelineSignal::waitOnListener(): failed (lost connection to service?)
10-24 10:34:23.033  2152  3012 W libosutils: PipelineSignal::waitOnListener(): failed (lost connection to service?)
10-24 10:34:23.045  2152  3012 W libosutils: PipelineSignal::waitOnListener(): failed (lost connection to service?)
10-24 10:34:23.045  2152  3012 W libosutils: PipelineSignal::waitOnListener(): failed (lost connection to service?)
10-24 10:34:23.059  2152  3012 W libosutils: PipelineSignal::waitOnListener(): failed (lost connection to service?)
10-24 10:34:23.059  2152  3012 W libosutils: PipelineSignal::waitOnListener(): failed (lost connection to service?)
10-24 10:34:23.073  2152  3012 W libosutils: PipelineSignal::waitOnListener(): failed (lost connection to service?)
10-24 10:34:23.073  2152  3012 W libosutils: PipelineSignal::waitOnListener(): failed (lost connection to service?)
10-24 10:34:23.087  2152  3012 W libosutils: PipelineSignal::waitOnListener(): failed (lost connection to service?)
10-24 10:34:23.087  2152  3012 W libosutils: PipelineSignal::waitOnListener(): failed (lost connection to service?)
10-24 10:34:23.092  1868  3364 I VrApi   : FPS=72,Prd=45ms,Tear=0,Early=72,Stale=0,VSnc=1,Lat=1,Fov=0,CPU4/GPU=4/4,2304/670MHz,OC=FF,TA=0/E0/0,SP=N/F/N,Mem=1804MHz,Free=2268MB,PSM=0,PLS=0,Temp=26.0C/0.0C,TW=1.46ms,App=0.11ms,GD=1.02ms,CPU&GPU=1.89ms,LCnt=2,GPU%=0.21,CPU%=0.22(W0.33)
10-24 10:34:23.101  2152  3012 W libosutils: PipelineSignal::waitOnListener(): failed (lost connection to service?)
10-24 10:34:23.102  2152  3012 W libosutils: PipelineSignal::waitOnListener(): failed (lost connection to service?)
10-24 10:34:23.117  2152  3012 W libosutils: PipelineSignal::waitOnListener(): failed (lost connection to service?)
10-24 10:34:23.118  2152  3012 W libosutils: PipelineSignal::waitOnListener(): failed (lost connection to service?)
10-24 10:34:23.129  2152  3012 W libosutils: PipelineSignal::waitOnListener(): failed (lost connection to service?)
10-24 10:34:23.129  2152  3012 W libosutils: PipelineSignal::waitOnListener(): failed (lost connection to service?)
10-24 10:34:23.142  2152  3012 W libosutils: PipelineSignal::waitOnListener(): failed (lost connection to service?)
10-24 10:34:23.143  2152  3012 W libosutils: PipelineSignal::waitOnListener(): failed (lost connection to service?)
10-24 10:34:23.157  2152  3012 W libosutils: PipelineSignal::waitOnListener(): failed (lost connection to service?)
10-24 10:34:23.157  2152  3012 W libosutils: PipelineSignal::waitOnListener(): failed (lost connection to service?)
10-24 10:34:23.163  1868  2481 I OVRPlatform: [HttpRequest] Request `me?fields=current_party{id,leader{id},join_policy,users{id,alias,can_viewer_message,display_name,profile_url,profile_url_small,presence,presence_status,presence_app{id,package_name},presence_deeplink_message,presence_destination_api_name,presence_scoped_user_id,avatar_v2{avatar_image{uri}}},invited_users{id,alias,can_viewer_message,display_name,profile_url,profile_url_small,presence,presence_status,presence_app{id,package_name},presence_deeplink_message,presence_destination_api_name,presence_scoped_user_id,avatar_v2{avatar_image{uri}}}}' (id: 104) succeeded: {"id":"1963267730655420"}
10-24 10:34:23.163  1868  2481 I OVRPlatform: [RequestStopwatch] HttpRequestAsync (me?fields=current_party{id,leader{id},join_policy,users{id,alias,can_viewer_message,display_name,profile_url,profile_url_small,presence,presence_status,presence_app{id,package_name},presence_deeplink_message,presence_destination_api_name,presence_scoped_user_id,avatar_v2{avatar_image{uri}}},invited_users{id,alias,can_viewer_message,display_name,profile_url,profile_url_small,presence,presence_status,presence_app{id,package_name},presence_deeplink_message,presence_destination_api_name,presence_scoped_user_id,avatar_v2{avatar_image{uri}}}}) took 166.4790 milliseconds
10-24 10:34:23.164  1868  1943 I [OAR] PartyManager: Party Response Parse Time: 0.016511ms
10-24 10:34:23.171  2152  3012 W libosutils: PipelineSignal::waitOnListener(): failed (lost connection to service?)
10-24 10:34:23.172  2152  3012 W libosutils: PipelineSignal::waitOnListener(): failed (lost connection to service?)
10-24 10:34:23.185  2152  3012 W libosutils: PipelineSignal::waitOnListener(): failed (lost connection to service?)
10-24 10:34:23.185  2152  3012 W libosutils: PipelineSignal::waitOnListener(): failed (lost connection to service?)
10-24 10:34:23.198  2152  3012 W libosutils: PipelineSignal::waitOnListener(): failed (lost connection to service?)
10-24 10:34:23.199  2152  3012 W libosutils: PipelineSignal::waitOnListener(): failed (lost connection to service?)
10-24 10:34:23.214  2152  3012 W libosutils: PipelineSignal::waitOnListener(): failed (lost connection to service?)
10-24 10:34:23.215  2152  3012 W libosutils: PipelineSignal::waitOnListener(): failed (lost connection to service?)
10-24 10:34:23.226  2152  3012 W libosutils: PipelineSignal::waitOnListener(): failed (lost connection to service?)
10-24 10:34:23.226  2152  3012 W libosutils: PipelineSignal::waitOnListener(): failed (lost connection to service?)
10-24 10:34:23.240  2152  3012 W libosutils: PipelineSignal::waitOnListener(): failed (lost connection to service?)
10-24 10:34:23.241  2152  3012 W libosutils: PipelineSignal::waitOnListener(): failed (lost connection to service?)
10-24 10:34:23.254  2152  3012 W libosutils: PipelineSignal::waitOnListener(): failed (lost connection to service?)
10-24 10:34:23.254  2152  3012 W libosutils: PipelineSignal::waitOnListener(): failed (lost connection to service?)
10-24 10:34:23.268  2152  3012 W libosutils: PipelineSignal::waitOnListener(): failed (lost connection to service?)
10-24 10:34:23.269  2152  3012 W libosutils: PipelineSignal::waitOnListener(): failed (lost connection to service?)
10-24 10:34:23.282  2152  3012 W libosutils: PipelineSignal::waitOnListener(): failed (lost connection to service?)
10-24 10:34:23.282  2152  3012 W libosutils: PipelineSignal::waitOnListener(): failed (lost connection to service?)
10-24 10:34:23.296  2152  3012 W libosutils: PipelineSignal::waitOnListener(): failed (lost connection to service?)
10-24 10:34:23.296  2152  3012 W libosutils: PipelineSignal::waitOnListener(): failed (lost connection to service?)
10-24 10:34:23.310  2152  3012 W libosutils: PipelineSignal::waitOnListener(): failed (lost connection to service?)
10-24 10:34:23.311  2152  3012 W libosutils: PipelineSignal::waitOnListener(): failed (lost connection to service?)
10-24 10:34:23.324  2152  3012 W libosutils: PipelineSignal::waitOnListener(): failed (lost connection to service?)
10-24 10:34:23.324  2152  3012 W libosutils: PipelineSignal::waitOnListener(): failed (lost connection to service?)
10-24 10:34:23.338  2152  3012 W libosutils: PipelineSignal::waitOnListener(): failed (lost connection to service?)
10-24 10:34:23.339  2152  3012 W libosutils: PipelineSignal::waitOnListener(): failed (lost connection to service?)
10-24 10:34:23.351  2152  3012 W libosutils: PipelineSignal::waitOnListener(): failed (lost connection to service?)
10-24 10:34:23.352  2152  3012 W libosutils: PipelineSignal::waitOnListener(): failed (lost connection to service?)
10-24 10:34:23.365  2152  3012 W libosutils: PipelineSignal::waitOnListener(): failed (lost connection to service?)
10-24 10:34:23.366  2152  3012 W libosutils: PipelineSignal::waitOnListener(): failed (lost connection to service?)
10-24 10:34:23.379  2152  3012 W libosutils: PipelineSignal::waitOnListener(): failed (lost connection to service?)
10-24 10:34:23.379  2152  3012 W libosutils: PipelineSignal::waitOnListener(): failed (lost connection to service?)
10-24 10:34:23.393  2152  3012 W libosutils: PipelineSignal::waitOnListener(): failed (lost connection to service?)
10-24 10:34:23.394  2152  3012 W libosutils: PipelineSignal::waitOnListener(): failed (lost connection to service?)
10-24 10:34:23.407  2152  3012 W libosutils: PipelineSignal::waitOnListener(): failed (lost connection to service?)
10-24 10:34:23.407  2152  3012 W libosutils: PipelineSignal::waitOnListener(): failed (lost connection to service?)
10-24 10:34:23.421  2152  3012 W libosutils: PipelineSignal::waitOnListener(): failed (lost connection to service?)
10-24 10:34:23.422  2152  3012 W libosutils: PipelineSignal::waitOnListener(): failed (lost connection to service?)
10-24 10:34:23.423   705  3056 I [CT]    : MANAGEMENT:CONSTELLATION: Status=GREEN,, Obj=1122628778328220990,6DOF=1,FusJit=0.07mm,Issues(Cam/min=  0,IMU/min=0), Obj=6776806836185477697,6DOF=1,FusJit=0.2mm,Issues(Cam/min=  0,IMU/min=0)
10-24 10:34:23.435  2152  3012 W libosutils: PipelineSignal::waitOnListener(): failed (lost connection to service?)
10-24 10:34:23.435  2152  3012 W libosutils: PipelineSignal::waitOnListener(): failed (lost connection to service?)
10-24 10:34:23.449  2152  3012 W libosutils: PipelineSignal::waitOnListener(): failed (lost connection to service?)
10-24 10:34:23.449  2152  3012 W libosutils: PipelineSignal::waitOnListener(): failed (lost connection to service?)
10-24 10:34:23.462  2152  3012 W libosutils: PipelineSignal::waitOnListener(): failed (lost connection to service?)
10-24 10:34:23.463  2152  3012 W libosutils: PipelineSignal::waitOnListener(): failed (lost connection to service?)
10-24 10:34:23.477  2152  3012 W libosutils: PipelineSignal::waitOnListener(): failed (lost connection to service?)
10-24 10:34:23.479  2152  3012 W libosutils: PipelineSignal::waitOnListener(): failed (lost connection to service?)
10-24 10:34:23.484   546  2530 V msm8974_platform: platform_get_parameters: exit: returns - snd_device_in=none
10-24 10:34:23.484   546  2530 V audio_hw_primary: adev_get_parameters: exit: returns - snd_device_in=none
10-24 10:34:23.484   546  2530 I hash_map_utils: key: 'snd_device_in' value: ''
10-24 10:34:23.485   546   546 V msm8974_platform: platform_get_parameters: exit: returns - snd_device_out=speaker
10-24 10:34:23.485   546   546 V audio_hw_primary: adev_get_parameters: exit: returns - snd_device_out=speaker
10-24 10:34:23.485   546   546 I hash_map_utils: key: 'snd_device_out' value: ''
10-24 10:34:23.491  2152  3012 W libosutils: PipelineSignal::waitOnListener(): failed (lost connection to service?)
10-24 10:34:23.491  2152  3012 W libosutils: PipelineSignal::waitOnListener(): failed (lost connection to service?)
10-24 10:34:23.505  2152  3012 W libosutils: PipelineSignal::waitOnListener(): failed (lost connection to service?)
10-24 10:34:23.507  2152  3012 W libosutils: PipelineSignal::waitOnListener(): failed (lost connection to service?)
10-24 10:34:23.519  2152  3012 W libosutils: PipelineSignal::waitOnListener(): failed (lost connection to service?)
10-24 10:34:23.519  2152  3012 W libosutils: PipelineSignal::waitOnListener(): failed (lost connection to service?)
10-24 10:34:23.533  2152  3012 W libosutils: PipelineSignal::waitOnListener(): failed (lost connection to service?)
10-24 10:34:23.533  2152  3012 W libosutils: PipelineSignal::waitOnListener(): failed (lost connection to service?)
10-24 10:34:23.547  2152  3012 W libosutils: PipelineSignal::waitOnListener(): failed (lost connection to service?)
10-24 10:34:23.548  2152  3012 W libosutils: PipelineSignal::waitOnListener(): failed (lost connection to service?)
10-24 10:34:23.560  2152  3012 W libosutils: PipelineSignal::waitOnListener(): failed (lost connection to service?)
10-24 10:34:23.560  2152  3012 W libosutils: PipelineSignal::waitOnListener(): failed (lost connection to service?)
10-24 10:34:23.575  2152  3012 W libosutils: PipelineSignal::waitOnListener(): failed (lost connection to service?)
10-24 10:34:23.575  2152  3012 W libosutils: PipelineSignal::waitOnListener(): failed (lost connection to service?)
10-24 10:34:23.588  2152  3012 W libosutils: PipelineSignal::waitOnListener(): failed (lost connection to service?)
10-24 10:34:23.588  2152  3012 W libosutils: PipelineSignal::waitOnListener(): failed (lost connection to service?)
10-24 10:34:23.602  2152  3012 W libosutils: PipelineSignal::waitOnListener(): failed (lost connection to service?)
10-24 10:34:23.603  2152  3012 W libosutils: PipelineSignal::waitOnListener(): failed (lost connection to service?)
10-24 10:34:23.616  2152  3012 W libosutils: PipelineSignal::waitOnListener(): failed (lost connection to service?)
10-24 10:34:23.616  2152  3012 W libosutils: PipelineSignal::waitOnListener(): failed (lost connection to service?)
10-24 10:34:23.630  2152  3012 W libosutils: PipelineSignal::waitOnListener(): failed (lost connection to service?)
10-24 10:34:23.630  2152  3012 W libosutils: PipelineSignal::waitOnListener(): failed (lost connection to service?)
10-24 10:34:23.644  2152  3012 W libosutils: PipelineSignal::waitOnListener(): failed (lost connection to service?)
10-24 10:34:23.644  2152  3012 W libosutils: PipelineSignal::waitOnListener(): failed (lost connection to service?)
10-24 10:34:23.657  2152  3012 W libosutils: PipelineSignal::waitOnListener(): failed (lost connection to service?)
10-24 10:34:23.658  2152  3012 W libosutils: PipelineSignal::waitOnListener(): failed (lost connection to service?)
10-24 10:34:23.671  2152  3012 W libosutils: PipelineSignal::waitOnListener(): failed (lost connection to service?)
10-24 10:34:23.672  2152  3012 W libosutils: PipelineSignal::waitOnListener(): failed (lost connection to service?)
10-24 10:34:23.686  2152  3012 W libosutils: PipelineSignal::waitOnListener(): failed (lost connection to service?)
10-24 10:34:23.686  2152  3012 W libosutils: PipelineSignal::waitOnListener(): failed (lost connection to service?)
10-24 10:34:23.700  2152  3012 W libosutils: PipelineSignal::waitOnListener(): failed (lost connection to service?)
10-24 10:34:23.701  2152  3012 W libosutils: PipelineSignal::waitOnListener(): failed (lost connection to service?)
10-24 10:34:23.714  2152  3012 W libosutils: PipelineSignal::waitOnListener(): failed (lost connection to service?)
10-24 10:34:23.714  2152  3012 W libosutils: PipelineSignal::waitOnListener(): failed (lost connection to service?)
10-24 10:34:23.727  2152  3012 W libosutils: PipelineSignal::waitOnListener(): failed (lost connection to service?)
10-24 10:34:23.727  2152  3012 W libosutils: PipelineSignal::waitOnListener(): failed (lost connection to service?)
10-24 10:34:23.742  2152  3012 W libosutils: PipelineSignal::waitOnListener(): failed (lost connection to service?)
10-24 10:34:23.743  2152  3012 W libosutils: PipelineSignal::waitOnListener(): failed (lost connection to service?)
10-24 10:34:23.755  2152  3012 W libosutils: PipelineSignal::waitOnListener(): failed (lost connection to service?)
10-24 10:34:23.755  2152  3012 W libosutils: PipelineSignal::waitOnListener(): failed (lost connection to service?)
10-24 10:34:23.769  2152  3012 W libosutils: PipelineSignal::waitOnListener(): failed (lost connection to service?)
10-24 10:34:23.770  2152  3012 W libosutils: PipelineSignal::waitOnListener(): failed (lost connection to service?)
10-24 10:34:23.785  2152  3012 W libosutils: PipelineSignal::waitOnListener(): failed (lost connection to service?)
10-24 10:34:23.785  2152  3012 W libosutils: PipelineSignal::waitOnListener(): failed (lost connection to service?)
10-24 10:34:23.797  2152  3012 W libosutils: PipelineSignal::waitOnListener(): failed (lost connection to service?)
10-24 10:34:23.797  2152  3012 W libosutils: PipelineSignal::waitOnListener(): failed (lost connection to service?)
10-24 10:34:23.811  2152  3012 W libosutils: PipelineSignal::waitOnListener(): failed (lost connection to service?)
10-24 10:34:23.811  2152  3012 W libosutils: PipelineSignal::waitOnListener(): failed (lost connection to service?)
10-24 10:34:23.825  2152  3012 W libosutils: PipelineSignal::waitOnListener(): failed (lost connection to service?)
10-24 10:34:23.825  2152  3012 W libosutils: PipelineSignal::waitOnListener(): failed (lost connection to service?)
10-24 10:34:23.839  2152  3012 W libosutils: PipelineSignal::waitOnListener(): failed (lost connection to service?)
10-24 10:34:23.839  2152  3012 W libosutils: PipelineSignal::waitOnListener(): failed (lost connection to service?)
10-24 10:34:23.853  2152  3012 W libosutils: PipelineSignal::waitOnListener(): failed (lost connection to service?)
10-24 10:34:23.853  2152  3012 W libosutils: PipelineSignal::waitOnListener(): failed (lost connection to service?)
10-24 10:34:23.869  2152  3012 W libosutils: PipelineSignal::waitOnListener(): failed (lost connection to service?)
10-24 10:34:23.870  2152  3012 W libosutils: PipelineSignal::waitOnListener(): failed (lost connection to service?)
10-24 10:34:23.881  2152  3012 W libosutils: PipelineSignal::waitOnListener(): failed (lost connection to service?)
10-24 10:34:23.882  2152  3012 W libosutils: PipelineSignal::waitOnListener(): failed (lost connection to service?)
10-24 10:34:23.894  2152  3012 W libosutils: PipelineSignal::waitOnListener(): failed (lost connection to service?)
10-24 10:34:23.895  2152  3012 W libosutils: PipelineSignal::waitOnListener(): failed (lost connection to service?)
10-24 10:34:23.908  2152  3012 W libosutils: PipelineSignal::waitOnListener(): failed (lost connection to service?)
10-24 10:34:23.908  2152  3012 W libosutils: PipelineSignal::waitOnListener(): failed (lost connection to service?)
10-24 10:34:23.920   705  3057 I [CT]    : HealthReport: ==================================================
10-24 10:34:23.920   705  3057 I [CT]    : Health Report
10-24 10:34:23.920   705  3057 I [CT]    : -------------
10-24 10:34:23.920   705  3057 I [CT]    : 
10-24 10:34:23.920   705  3057 I [CT]    : Reporter #1 (InsideOutHealthMonitor) summary:
10-24 10:34:23.920   705  3057 I [CT]    : Camera: Total Dropped: 0.000000, Total Frame Count: 300 (0.000000%), Camera Reset Count: 0
10-24 10:34:23.920   705  3057 I [CT]    : Camera: Total Single Camera Frame Dropped: 0, Total Frame Count: 300 (0.000000%)
10-24 10:34:23.920   705  3057 I [CT]    : IMU: Total Dropped: 0.000000, Total Sample Count: 10470 (0.000000%)
10-24 10:34:23.920   705  3057 I [CT]    : Magnetometer: Total Dropped: 0.000000, Total Sample Count: 314 (0.000000%)
10-24 10:34:23.920   705  3057 I [CT]    : 
10-24 10:34:23.920   705  3057 I [CT]    : Reporter #1 (InsideOutHealthMonitor) Passed
10-24 10:34:23.920   705  3057 I [CT]    : --------------------------------------------------
10-24 10:34:23.920   705  3057 I [CT]    : Reporter #2 (ConstellationHealthMonitor) summary:
10-24 10:34:23.920   705  3057 I [CT]    : Camera: Total Dropped: 0.000000, Total Frame Count: 301 (0.000000%), Camera Reset Count: 1
10-24 10:34:23.920   705  3057 I [CT]    : Camera: Total Single Camera Frame Dropped: 0, Total Frame Count: 301 (0.000000%)
10-24 10:34:23.920   705  3057 I [CT]    : Controller 1122628778328220990:
10-24 10:34:23.920   705  3057 I [CT]    : IMU: Capture period exceeded threshold.  Largest period: 1.361271 sec
10-24 10:34:23.920   705  3057 I [CT]    : Controllers may have been sleeping
10-24 10:34:23.920   705  3057 I [CT]    : IMU: Total Dropped: 0.000000, Total Sample Count: 4727.231000 (0.000000%)
10-24 10:34:23.920   705  3057 I [CT]    : Controller 6776806836185477697:
10-24 10:34:23.920   705  3057 I [CT]    : IMU: Ca
10-24 10:34:23.922  2152  3012 W libosutils: PipelineSignal::waitOnListener(): failed (lost connection to service?)
10-24 10:34:23.922  2152  3012 W libosutils: PipelineSignal::waitOnListener(): failed (lost connection to service?)
10-24 10:34:23.936  2152  3012 W libosutils: PipelineSignal::waitOnListener(): failed (lost connection to service?)
10-24 10:34:23.937  2152  3012 W libosutils: PipelineSignal::waitOnListener(): failed (lost connection to service?)
10-24 10:34:23.950  2152  3012 W libosutils: PipelineSignal::waitOnListener(): failed (lost connection to service?)
10-24 10:34:23.951  2152  3012 W libosutils: PipelineSignal::waitOnListener(): failed (lost connection to service?)
10-24 10:34:23.965  2152  3012 W libosutils: PipelineSignal::waitOnListener(): failed (lost connection to service?)
10-24 10:34:23.965  2152  3012 W libosutils: PipelineSignal::waitOnListener(): failed (lost connection to service?)
10-24 10:34:23.979  2152  3012 W libosutils: PipelineSignal::waitOnListener(): failed (lost connection to service?)
10-24 10:34:23.979  2152  3012 W libosutils: PipelineSignal::waitOnListener(): failed (lost connection to service?)
10-24 10:34:23.992  2152  3012 W libosutils: PipelineSignal::waitOnListener(): failed (lost connection to service?)
10-24 10:34:23.992  2152  3012 W libosutils: PipelineSignal::waitOnListener(): failed (lost connection to service?)
10-24 10:34:24.006  2152  3012 W libosutils: PipelineSignal::waitOnListener(): failed (lost connection to service?)
10-24 10:34:24.006  2152  3012 W libosutils: PipelineSignal::waitOnListener(): failed (lost connection to service?)
10-24 10:34:24.020  2152  3012 W libosutils: PipelineSignal::waitOnListener(): failed (lost connection to service?)
10-24 10:34:24.020  2152  3012 W libosutils: PipelineSignal::waitOnListener(): failed (lost connection to service?)
10-24 10:34:24.034  2152  3012 W libosutils: PipelineSignal::waitOnListener(): failed (lost connection to service?)
10-24 10:34:24.035  2152  3012 W libosutils: PipelineSignal::waitOnListener(): failed (lost connection to service?)
10-24 10:34:24.052  2152  3012 W libosutils: PipelineSignal::waitOnListener(): failed (lost connection to service?)
10-24 10:34:24.052  2152  3012 W libosutils: PipelineSignal::waitOnListener(): failed (lost connection to service?)
10-24 10:34:24.063  2152  3012 W libosutils: PipelineSignal::waitOnListener(): failed (lost connection to service?)
10-24 10:34:24.063  2152  3012 W libosutils: PipelineSignal::waitOnListener(): failed (lost connection to service?)
10-24 10:34:24.077  2152  3012 W libosutils: PipelineSignal::waitOnListener(): failed (lost connection to service?)
10-24 10:34:24.077  2152  3012 W libosutils: PipelineSignal::waitOnListener(): failed (lost connection to service?)
10-24 10:34:24.089  2152  3012 W libosutils: PipelineSignal::waitOnListener(): failed (lost connection to service?)
10-24 10:34:24.089  2152  3012 W libosutils: PipelineSignal::waitOnListener(): failed (lost connection to service?)
10-24 10:34:24.093  1868  3364 I VrApi   : FPS=71,Prd=45ms,Tear=1,Early=72,Stale=1,VSnc=1,Lat=1,Fov=0,CPU4/GPU=4/4,2304/670MHz,OC=FF,TA=0/E0/0,SP=N/F/N,Mem=1804MHz,Free=2264MB,PSM=0,PLS=0,Temp=26.0C/0.0C,TW=3.11ms,App=0.69ms,GD=1.54ms,CPU&GPU=2.32ms,LCnt=3,GPU%=0.41,CPU%=0.18(W0.21)
10-24 10:34:24.103  2152  3012 W libosutils: PipelineSignal::waitOnListener(): failed (lost connection to service?)
10-24 10:34:24.104  2152  3012 W libosutils: PipelineSignal::waitOnListener(): failed (lost connection to service?)
10-24 10:34:24.117  2152  3012 W libosutils: PipelineSignal::waitOnListener(): failed (lost connection to service?)
10-24 10:34:24.117  2152  3012 W libosutils: PipelineSignal::waitOnListener(): failed (lost connection to service?)
10-24 10:34:24.131  2152  3012 W libosutils: PipelineSignal::waitOnListener(): failed (lost connection to service?)
10-24 10:34:24.132  2152  3012 W libosutils: PipelineSignal::waitOnListener(): failed (lost connection to service?)
10-24 10:34:24.145  2152  3012 W libosutils: PipelineSignal::waitOnListener(): failed (lost connection to service?)
10-24 10:34:24.148  2152  3012 W libosutils: PipelineSignal::waitOnListener(): failed (lost connection to service?)
10-24 10:34:24.159  2152  3012 W libosutils: PipelineSignal::waitOnListener(): failed (lost connection to service?)
10-24 10:34:24.159  2152  3012 W libosutils: PipelineSignal::waitOnListener(): failed (lost connection to service?)
10-24 10:34:24.173  2152  3012 W libosutils: PipelineSignal::waitOnListener(): failed (lost connection to service?)
10-24 10:34:24.174  2152  3012 W libosutils: PipelineSignal::waitOnListener(): failed (lost connection to service?)
10-24 10:34:24.187  2152  3012 W libosutils: PipelineSignal::waitOnListener(): failed (lost connection to service?)
10-24 10:34:24.187  2152  3012 W libosutils: PipelineSignal::waitOnListener(): failed (lost connection to service?)
10-24 10:34:24.201  2152  3012 W libosutils: PipelineSignal::waitOnListener(): failed (lost connection to service?)
10-24 10:34:24.201  2152  3012 W libosutils: PipelineSignal::waitOnListener(): failed (lost connection to service?)
10-24 10:34:24.215  2152  3012 W libosutils: PipelineSignal::waitOnListener(): failed (lost connection to service?)
10-24 10:34:24.215  2152  3012 W libosutils: PipelineSignal::waitOnListener(): failed (lost connection to service?)
10-24 10:34:24.229  2152  3012 W libosutils: PipelineSignal::waitOnListener(): failed (lost connection to service?)
10-24 10:34:24.229  2152  3012 W libosutils: PipelineSignal::waitOnListener(): failed (lost connection to service?)
10-24 10:34:24.243  2152  3012 W libosutils: PipelineSignal::waitOnListener(): failed (lost connection to service?)
10-24 10:34:24.244  2152  3012 W libosutils: PipelineSignal::waitOnListener(): failed (lost connection to service?)
10-24 10:34:24.257  2152  3012 W libosutils: PipelineSignal::waitOnListener(): failed (lost connection to service?)
10-24 10:34:24.257  2152  3012 W libosutils: PipelineSignal::waitOnListener(): failed (lost connection to service?)
10-24 10:34:24.270  2152  3012 W libosutils: PipelineSignal::waitOnListener(): failed (lost connection to service?)
10-24 10:34:24.271  2152  3012 W libosutils: PipelineSignal::waitOnListener(): failed (lost connection to service?)
10-24 10:34:24.285  2152  3012 W libosutils: PipelineSignal::waitOnListener(): failed (lost connection to service?)
10-24 10:34:24.285  2152  3012 W libosutils: PipelineSignal::waitOnListener(): failed (lost connection to service?)
10-24 10:34:24.301  2152  3012 W libosutils: PipelineSignal::waitOnListener(): failed (lost connection to service?)
10-24 10:34:24.301  2152  3012 W libosutils: PipelineSignal::waitOnListener(): failed (lost connection to service?)
10-24 10:34:24.312  2152  3012 W libosutils: PipelineSignal::waitOnListener(): failed (lost connection to service?)
10-24 10:34:24.312  2152  3012 W libosutils: PipelineSignal::waitOnListener(): failed (lost connection to service?)
10-24 10:34:24.326  2152  3012 W libosutils: PipelineSignal::waitOnListener(): failed (lost connection to service?)
10-24 10:34:24.326  2152  3012 W libosutils: PipelineSignal::waitOnListener(): failed (lost connection to service?)
10-24 10:34:24.340  2152  3012 W libosutils: PipelineSignal::waitOnListener(): failed (lost connection to service?)
10-24 10:34:24.340  2152  3012 W libosutils: PipelineSignal::waitOnListener(): failed (lost connection to service?)
10-24 10:34:24.354  2152  3012 W libosutils: PipelineSignal::waitOnListener(): failed (lost connection to service?)
10-24 10:34:24.354  2152  3012 W libosutils: PipelineSignal::waitOnListener(): failed (lost connection to service?)
10-24 10:34:24.368  2152  3012 W libosutils: PipelineSignal::waitOnListener(): failed (lost connection to service?)
10-24 10:34:24.369  2152  3012 W libosutils: PipelineSignal::waitOnListener(): failed (lost connection to service?)
10-24 10:34:24.383  2152  3012 W libosutils: PipelineSignal::waitOnListener(): failed (lost connection to service?)
10-24 10:34:24.383  2152  3012 W libosutils: PipelineSignal::waitOnListener(): failed (lost connection to service?)
10-24 10:34:24.396  2152  3012 W libosutils: PipelineSignal::waitOnListener(): failed (lost connection to service?)
10-24 10:34:24.396  2152  3012 W libosutils: PipelineSignal::waitOnListener(): failed (lost connection to service?)
10-24 10:34:24.410  2152  3012 W libosutils: PipelineSignal::waitOnListener(): failed (lost connection to service?)
10-24 10:34:24.410  2152  3012 W libosutils: PipelineSignal::waitOnListener(): failed (lost connection to service?)
10-24 10:34:24.424  2152  3012 W libosutils: PipelineSignal::waitOnListener(): failed (lost connection to service?)
10-24 10:34:24.424  2152  3012 W libosutils: PipelineSignal::waitOnListener(): failed (lost connection to service?)
10-24 10:34:24.438  2152  3012 W libosutils: PipelineSignal::waitOnListener(): failed (lost connection to service?)
10-24 10:34:24.438  2152  3012 W libosutils: PipelineSignal::waitOnListener(): failed (lost connection to service?)
10-24 10:34:24.452  2152  3012 W libosutils: PipelineSignal::waitOnListener(): failed (lost connection to service?)
10-24 10:34:24.452  2152  3012 W libosutils: PipelineSignal::waitOnListener(): failed (lost connection to service?)
10-24 10:34:24.465  2152  3012 W libosutils: PipelineSignal::waitOnListener(): failed (lost connection to service?)
10-24 10:34:24.466  2152  3012 W libosutils: PipelineSignal::waitOnListener(): failed (lost connection to service?)
10-24 10:34:24.479  2152  3012 W libosutils: PipelineSignal::waitOnListener(): failed (lost connection to service?)
10-24 10:34:24.480  2152  3012 W libosutils: PipelineSignal::waitOnListener(): failed (lost connection to service?)
10-24 10:34:24.493  2152  3012 W libosutils: PipelineSignal::waitOnListener(): failed (lost connection to service?)
10-24 10:34:24.494  2152  3012 W libosutils: PipelineSignal::waitOnListener(): failed (lost connection to service?)
10-24 10:34:24.507  2152  3012 W libosutils: PipelineSignal::waitOnListener(): failed (lost connection to service?)
10-24 10:34:24.508  2152  3012 W libosutils: PipelineSignal::waitOnListener(): failed (lost connection to service?)
10-24 10:34:24.521  2152  3012 W libosutils: PipelineSignal::waitOnListener(): failed (lost connection to service?)
10-24 10:34:24.521  2152  3012 W libosutils: PipelineSignal::waitOnListener(): failed (lost connection to service?)
10-24 10:34:24.535  2152  3012 W libosutils: PipelineSignal::waitOnListener(): failed (lost connection to service?)
10-24 10:34:24.535  2152  3012 W libosutils: PipelineSignal::waitOnListener(): failed (lost connection to service?)
10-24 10:34:24.550  2152  3012 W libosutils: PipelineSignal::waitOnListener(): failed (lost connection to service?)
10-24 10:34:24.551  2152  3012 W libosutils: PipelineSignal::waitOnListener(): failed (lost connection to service?)
10-24 10:34:24.563  2152  3012 W libosutils: PipelineSignal::waitOnListener(): failed (lost connection to service?)
10-24 10:34:24.563  2152  3012 W libosutils: PipelineSignal::waitOnListener(): failed (lost connection to service?)
10-24 10:34:24.577  2152  3012 W libosutils: PipelineSignal::waitOnListener(): failed (lost connection to service?)
10-24 10:34:24.578  2152  3012 W libosutils: PipelineSignal::waitOnListener(): failed (lost connection to service?)
10-24 10:34:24.591  2152  3012 W libosutils: PipelineSignal::waitOnListener(): failed (lost connection to service?)
10-24 10:34:24.591  2152  3012 W libosutils: PipelineSignal::waitOnListener(): failed (lost connection to service?)
10-24 10:34:24.605  2152  3012 W libosutils: PipelineSignal::waitOnListener(): failed (lost connection to service?)
10-24 10:34:24.605  2152  3012 W libosutils: PipelineSignal::waitOnListener(): failed (lost connection to service?)
10-24 10:34:24.618  2152  3012 W libosutils: PipelineSignal::waitOnListener(): failed (lost connection to service?)
10-24 10:34:24.619  2152  3012 W libosutils: PipelineSignal::waitOnListener(): failed (lost connection to service?)
10-24 10:34:24.632  2152  3012 W libosutils: PipelineSignal::waitOnListener(): failed (lost connection to service?)
10-24 10:34:24.633  2152  3012 W libosutils: PipelineSignal::waitOnListener(): failed (lost connection to service?)
10-24 10:34:24.646  2152  3012 W libosutils: PipelineSignal::waitOnListener(): failed (lost connection to service?)
10-24 10:34:24.646  2152  3012 W libosutils: PipelineSignal::waitOnListener(): failed (lost connection to service?)
10-24 10:34:24.660  2152  3012 W libosutils: PipelineSignal::waitOnListener(): failed (lost connection to service?)
10-24 10:34:24.661  2152  3012 W libosutils: PipelineSignal::waitOnListener(): failed (lost connection to service?)
10-24 10:34:24.674  2152  3012 W libosutils: PipelineSignal::waitOnListener(): failed (lost connection to service?)
10-24 10:34:24.675  2152  3012 W libosutils: PipelineSignal::waitOnListener(): failed (lost connection to service?)
10-24 10:34:24.688  2152  3012 W libosutils: PipelineSignal::waitOnListener(): failed (lost connection to service?)
10-24 10:34:24.688  2152  3012 W libosutils: PipelineSignal::waitOnListener(): failed (lost connection to service?)
10-24 10:34:24.702  2152  3012 W libosutils: PipelineSignal::waitOnListener(): failed (lost connection to service?)
10-24 10:34:24.703  2152  3012 W libosutils: PipelineSignal::waitOnListener(): failed (lost connection to service?)
10-24 10:34:24.716  2152  3012 W libosutils: PipelineSignal::waitOnListener(): failed (lost connection to service?)
10-24 10:34:24.716  2152  3012 W libosutils: PipelineSignal::waitOnListener(): failed (lost connection to service?)
10-24 10:34:24.730  2152  3012 W libosutils: PipelineSignal::waitOnListener(): failed (lost connection to service?)
10-24 10:34:24.730  2152  3012 W libosutils: PipelineSignal::waitOnListener(): failed (lost connection to service?)
10-24 10:34:24.744  2152  3012 W libosutils: PipelineSignal::waitOnListener(): failed (lost connection to service?)
10-24 10:34:24.744  2152  3012 W libosutils: PipelineSignal::waitOnListener(): failed (lost connection to service?)
10-24 10:34:24.758  2152  3012 W libosutils: PipelineSignal::waitOnListener(): failed (lost connection to service?)
10-24 10:34:24.758  2152  3012 W libosutils: PipelineSignal::waitOnListener(): failed (lost connection to service?)
10-24 10:34:24.772  2152  3012 W libosutils: PipelineSignal::waitOnListener(): failed (lost connection to service?)
10-24 10:34:24.773  2152  3012 W libosutils: PipelineSignal::waitOnListener(): failed (lost connection to service?)
10-24 10:34:24.786  2152  3012 W libosutils: PipelineSignal::waitOnListener(): failed (lost connection to service?)
10-24 10:34:24.786  2152  3012 W libosutils: PipelineSignal::waitOnListener(): failed (lost connection to service?)
10-24 10:34:24.800  2152  3012 W libosutils: PipelineSignal::waitOnListener(): failed (lost connection to service?)
10-24 10:34:24.800  2152  3012 W libosutils: PipelineSignal::waitOnListener(): failed (lost connection to service?)
10-24 10:34:24.814  2152  3012 W libosutils: PipelineSignal::waitOnListener(): failed (lost connection to service?)
10-24 10:34:24.814  2152  3012 W libosutils: PipelineSignal::waitOnListener(): failed (lost connection to service?)
10-24 10:34:24.827  2152  3012 W libosutils: PipelineSignal::waitOnListener(): failed (lost connection to service?)
10-24 10:34:24.827  2152  3012 W libosutils: PipelineSignal::waitOnListener(): failed (lost connection to service?)
10-24 10:34:24.841  2152  3012 W libosutils: PipelineSignal::waitOnListener(): failed (lost connection to service?)
10-24 10:34:24.841  2152  3012 W libosutils: PipelineSignal::waitOnListener(): failed (lost connection to service?)
