--------- beginning of system
11-01 11:33:18.705  1074  1522 I ActivityManager: START u0 {flg=0x10000000 cmp=com.YourCompany.LastResisters/com.epicgames.ue4.GameActivity} from uid 2000 on display 0
11-01 11:33:18.723  1074  1522 I ActivityManager: Start proc 9175:com.YourCompany.LastResisters/u0a250 for activity com.YourCompany.LastResisters/com.epicgames.ue4.GameActivity
11-01 11:33:19.007  1074  1522 I ActivityManager: START u0 {act=android.content.pm.action.REQUEST_PERMISSIONS pkg=com.android.packageinstaller cmp=com.android.packageinstaller/.permission.ui.GrantPermissionsActivity (has extras)} from uid 10250 on display 0
11-01 11:33:21.718  1074  1251 E TaskPersister: File error accessing recents directory (directory doesn't exist?).
11-01 11:33:26.708  1074  1522 I PowerManagerService: Waking up from sleep (uid 1000)...
11-01 11:33:26.709  1074  1144 I DisplayPowerController: Blocking screen on until initial contents have been drawn.
11-01 11:33:26.746  1074  1142 I DisplayManagerService: Display device changed state: "内蔵スクリーン", ON
11-01 11:33:27.056  1074  1144 I DisplayPowerController: Unblocked screen on after 348 ms
11-01 11:33:27.410  1459  9336 W ContextImpl: Calling a method in the system process without a qualified user: android.app.ContextImpl.sendBroadcast:877 android.content.ContextWrapper.sendBroadcast:421 com.facebook.analytics2.logger.UploadServiceBus.signalJobRan:60 com.facebook.analytics2.logger.UploadJobHandler.exitStateMachine:264 com.facebook.analytics2.logger.UploadJobHandler.handleMessage:97 
11-01 11:33:33.813  1459  9574 W ContextImpl: Calling a method in the system process without a qualified user: android.app.ContextImpl.sendBroadcast:877 android.content.ContextWrapper.sendBroadcast:421 com.facebook.analytics2.logger.UploadServiceBus.signalJobRan:60 com.facebook.analytics2.logger.UploadJobHandler.exitStateMachine:264 com.facebook.analytics2.logger.UploadJobHandler.handleMessage:97 
11-01 11:34:25.856  1074  1120 E BatteryStatsService: no controller energy info supplied
11-01 11:35:31.671  1074  1120 E BatteryStatsService: no controller energy info supplied
--------- beginning of main
11-01 11:37:34.817  9175  9191 D UE4     : [2019.11.01-02.37.34:817][460]LogBlueprintUserMessages: [BP_PlayerhandAnimation_C_2147482229] P=0.000000 Y=18.790749 R=0.000000
11-01 11:37:34.818  9175  9191 D UE4     : [2019.11.01-02.37.34:818][460]LogBlueprintUserMessages: [BP_PlayerhandAnimation_C_2147482226] P=0.000000 Y=-10.776841 R=0.000000
11-01 11:37:34.841   712  9318 W [CT]    : CONSTELLATION:MATCHING: [Camera 2] Brute matching timed out after 0/612 iterations.
11-01 11:37:34.841   712  9318 W [CT]    : CONSTELLATION:MATCHING: [Camera 1] Brute matching timed out after 0/153 iterations.
11-01 11:37:34.846  9175  9191 D UE4     : [2019.11.01-02.37.34:846][461]LogBlueprintUserMessages: [BP_PlayerhandAnimation_C_2147482229] P=0.000000 Y=18.790749 R=0.000000
11-01 11:37:34.846  9175  9191 D UE4     : [2019.11.01-02.37.34:846][461]LogBlueprintUserMessages: [BP_PlayerhandAnimation_C_2147482226] P=0.000000 Y=-10.776841 R=0.000000
11-01 11:37:34.859  9175  9191 D UE4     : [2019.11.01-02.37.34:859][462]LogBlueprintUserMessages: [BP_PlayerhandAnimation_C_2147482229] P=0.000000 Y=18.790861 R=0.000000
11-01 11:37:34.859  9175  9191 D UE4     : [2019.11.01-02.37.34:859][462]LogBlueprintUserMessages: [BP_PlayerhandAnimation_C_2147482226] P=0.000000 Y=-10.776930 R=0.000000
11-01 11:37:34.874   712  9318 W [CT]    : CONSTELLATION:MATCHING: [Camera 1] Brute matching timed out after 0/306 iterations.
11-01 11:37:34.885  9175  9410 W InputDeviceManager: AddPairToDeviceListMapping called when index already exists in the vector index: 1,  id: 536870915
11-01 11:37:34.887  9175  9191 D UE4     : [2019.11.01-02.37.34:887][463]LogBlueprintUserMessages: [BP_PlayerhandAnimation_C_2147482229] P=0.000000 Y=18.790737 R=0.000000
11-01 11:37:34.887  9175  9191 D UE4     : [2019.11.01-02.37.34:887][463]LogBlueprintUserMessages: [BP_PlayerhandAnimation_C_2147482226] P=0.000000 Y=-10.776864 R=0.000000
11-01 11:37:34.902  9175  9191 D UE4     : [2019.11.01-02.37.34:902][464]LogBlueprintUserMessages: [BP_PlayerhandAnimation_C_2147482229] P=0.000000 Y=18.790747 R=0.000000
11-01 11:37:34.902  9175  9191 D UE4     : [2019.11.01-02.37.34:902][464]LogBlueprintUserMessages: [BP_PlayerhandAnimation_C_2147482226] P=0.000000 Y=-10.776864 R=0.000000
11-01 11:37:34.907   712  9318 W [CT]    : CONSTELLATION:MATCHING: [Camera 1] Brute matching timed out after 0/153 iterations.
11-01 11:37:34.928  9175  9191 D UE4     : [2019.11.01-02.37.34:928][465]LogBlueprintUserMessages: [BP_PlayerhandAnimation_C_2147482229] P=0.000000 Y=18.790741 R=0.000000
11-01 11:37:34.929  9175  9191 D UE4     : [2019.11.01-02.37.34:929][465]LogBlueprintUserMessages: [BP_PlayerhandAnimation_C_2147482226] P=0.000000 Y=-10.776864 R=0.000000
11-01 11:37:34.940   712  9318 W [CT]    : CONSTELLATION:MATCHING: [Camera 0] Brute matching timed out after 200/5661 iterations.
11-01 11:37:34.943  9175  9191 D UE4     : [2019.11.01-02.37.34:943][466]LogBlueprintUserMessages: [BP_PlayerhandAnimation_C_2147482229] P=0.000000 Y=18.790747 R=0.000000
11-01 11:37:34.943  9175  9191 D UE4     : [2019.11.01-02.37.34:943][466]LogBlueprintUserMessages: [BP_PlayerhandAnimation_C_2147482226] P=0.000000 Y=-10.776836 R=0.000000
11-01 11:37:34.971  9175  9191 D UE4     : [2019.11.01-02.37.34:971][467]LogBlueprintUserMessages: [BP_PlayerhandAnimation_C_2147482229] P=0.000000 Y=18.790737 R=0.000000
11-01 11:37:34.971  9175  9191 D UE4     : [2019.11.01-02.37.34:971][467]LogBlueprintUserMessages: [BP_PlayerhandAnimation_C_2147482226] P=0.000000 Y=-10.776779 R=0.000000
11-01 11:37:34.974   712  9318 W [CT]    : CONSTELLATION:MATCHING: [Camera 0] Brute matching timed out after 5900/6579 iterations.
11-01 11:37:34.974   712  9318 W [CT]    : CONSTELLATION:MATCHING: [Camera 1] Brute matching timed out after 0/153 iterations.
11-01 11:37:34.998  9175  9191 D UE4     : [2019.11.01-02.37.34:998][468]LogBlueprintUserMessages: [BP_PlayerhandAnimation_C_2147482229] P=0.000000 Y=18.790771 R=0.000000
11-01 11:37:34.998  9175  9191 D UE4     : [2019.11.01-02.37.34:998][468]LogBlueprintUserMessages: [BP_PlayerhandAnimation_C_2147482226] P=0.000000 Y=-10.776874 R=0.000000
11-01 11:37:35.007   712  9318 W [CT]    : CONSTELLATION:MATCHING: [Camera 3] Brute matching timed out after 400/459 iterations.
11-01 11:37:35.008   712  9318 W [CT]    : CONSTELLATION:MATCHING: [Camera 2] Brute matching timed out after 0/459 iterations.
11-01 11:37:35.012  9175  9191 D UE4     : [2019.11.01-02.37.35:012][469]LogBlueprintUserMessages: [BP_PlayerhandAnimation_C_2147482229] P=0.000000 Y=18.790771 R=0.000000
11-01 11:37:35.013  9175  9191 D UE4     : [2019.11.01-02.37.35:013][469]LogBlueprintUserMessages: [BP_PlayerhandAnimation_C_2147482226] P=0.000000 Y=-10.776874 R=0.000000
11-01 11:37:35.040  9175  9191 D UE4     : [2019.11.01-02.37.35:040][470]LogBlueprintUserMessages: [BP_PlayerhandAnimation_C_2147482229] P=0.000000 Y=18.790771 R=0.000000
11-01 11:37:35.040  9175  9191 D UE4     : [2019.11.01-02.37.35:040][470]LogBlueprintUserMessages: [BP_PlayerhandAnimation_C_2147482226] P=0.000000 Y=-10.776874 R=0.000000
11-01 11:37:35.040   712  9318 W [CT]    : CONSTELLATION:MATCHING: [Camera 3] Brute matching timed out after 100/459 iterations.
11-01 11:37:35.041   712  9318 W [CT]    : CONSTELLATION:MATCHING: [Camera 2] Brute matching timed out after 0/459 iterations.
11-01 11:37:35.054  9175  9191 D UE4     : [2019.11.01-02.37.35:054][471]LogBlueprintUserMessages: [BP_PlayerhandAnimation_C_2147482229] P=0.000000 Y=18.790741 R=0.000000
11-01 11:37:35.054  9175  9191 D UE4     : [2019.11.01-02.37.35:054][471]LogBlueprintUserMessages: [BP_PlayerhandAnimation_C_2147482226] P=0.000000 Y=-10.776997 R=0.000000
11-01 11:37:35.074   712  9318 W [CT]    : CONSTELLATION:MATCHING: [Camera 1] Brute matching timed out after 100/153 iterations.
11-01 11:37:35.075   712  9318 W [CT]    : CONSTELLATION:MATCHING: [Camera 1] Brute matching timed out after 0/153 iterations.
11-01 11:37:35.082  9175  9191 D UE4     : [2019.11.01-02.37.35:081][472]LogBlueprintUserMessages: [BP_PlayerhandAnimation_C_2147482229] P=0.000000 Y=18.790741 R=0.000000
11-01 11:37:35.082  9175  9191 D UE4     : [2019.11.01-02.37.35:082][472]LogBlueprintUserMessages: [BP_PlayerhandAnimation_C_2147482226] P=0.000000 Y=-10.776875 R=0.000000
11-01 11:37:35.096  9175  9191 D UE4     : [2019.11.01-02.37.35:096][473]LogBlueprintUserMessages: [BP_PlayerhandAnimation_C_2147482229] P=0.000000 Y=18.790779 R=0.000000
11-01 11:37:35.096  9175  9191 D UE4     : [2019.11.01-02.37.35:096][473]LogBlueprintUserMessages: [BP_PlayerhandAnimation_C_2147482226] P=0.000000 Y=-10.776842 R=0.000000
11-01 11:37:35.107   712  9318 W [CT]    : CONSTELLATION:MATCHING: [Camera 3] Brute matching timed out after 400/765 iterations.
11-01 11:37:35.108   712  9318 W [CT]    : CONSTELLATION:MATCHING: [Camera 1] Brute matching timed out after 0/153 iterations.
11-01 11:37:35.122  9175  9191 W InputDeviceManager: AddPairToDeviceListMapping called when index already exists in the vector index: 1,  id: 536870915
11-01 11:37:35.124  9175  9191 D UE4     : [2019.11.01-02.37.35:123][474]LogBlueprintUserMessages: [BP_PlayerhandAnimation_C_2147482229] P=0.000000 Y=18.790747 R=0.000000
11-01 11:37:35.124  9175  9191 D UE4     : [2019.11.01-02.37.35:124][474]LogBlueprintUserMessages: [BP_PlayerhandAnimation_C_2147482226] P=0.000000 Y=-10.776690 R=0.000000
11-01 11:37:35.138  9175  9191 D UE4     : [2019.11.01-02.37.35:138][475]LogBlueprintUserMessages: [BP_PlayerhandAnimation_C_2147482229] P=0.000000 Y=18.790747 R=0.000000
11-01 11:37:35.138  9175  9191 D UE4     : [2019.11.01-02.37.35:138][475]LogBlueprintUserMessages: [BP_PlayerhandAnimation_C_2147482226] P=0.000000 Y=-10.776903 R=0.000000
11-01 11:37:35.141   712  9318 W [CT]    : CONSTELLATION:MATCHING: [Camera 0] Brute matching timed out after 6200/6426 iterations.
11-01 11:37:35.141   712  9318 W [CT]    : CONSTELLATION:MATCHING: [Camera 2] Brute matching timed out after 0/459 iterations.
11-01 11:37:35.165  9175  9191 D UE4     : [2019.11.01-02.37.35:165][476]LogBlueprintUserMessages: [BP_PlayerhandAnimation_C_2147482229] P=0.000000 Y=18.790833 R=0.000000
11-01 11:37:35.165  9175  9191 D UE4     : [2019.11.01-02.37.35:165][476]LogBlueprintUserMessages: [BP_PlayerhandAnimation_C_2147482226] P=0.000000 Y=-10.776777 R=0.000000
11-01 11:37:35.174   712  9318 W [CT]    : CONSTELLATION:MATCHING: [Camera 2] Brute matching timed out after 300/306 iterations.
11-01 11:37:35.174   712  9318 W [CT]    : CONSTELLATION:MATCHING: [Camera 0] Brute matching timed out after 0/6120 iterations.
11-01 11:37:35.193  9175  9191 D UE4     : [2019.11.01-02.37.35:193][477]LogBlueprintUserMessages: [BP_PlayerhandAnimation_C_2147482229] P=0.000000 Y=18.790741 R=0.000000
11-01 11:37:35.193  9175  9191 D UE4     : [2019.11.01-02.37.35:193][477]LogBlueprintUserMessages: [BP_PlayerhandAnimation_C_2147482226] P=0.000000 Y=-10.776777 R=0.000000
11-01 11:37:35.207   712  9318 W [CT]    : CONSTELLATION:MATCHING: [Camera 1] Brute matching timed out after 200/306 iterations.
11-01 11:37:35.208   712  9318 W [CT]    : CONSTELLATION:MATCHING: [Camera 2] Brute matching timed out after 0/459 iterations.
11-01 11:37:35.208  9175  9191 D UE4     : [2019.11.01-02.37.35:208][478]LogBlueprintUserMessages: [BP_PlayerhandAnimation_C_2147482229] P=0.000000 Y=18.790741 R=0.000000
11-01 11:37:35.208  9175  9191 D UE4     : [2019.11.01-02.37.35:208][478]LogBlueprintUserMessages: [BP_PlayerhandAnimation_C_2147482226] P=0.000000 Y=-10.776777 R=0.000000
11-01 11:37:35.234  9175  9410 W InputDeviceManager: AddPairToDeviceListMapping called when index already exists in the vector index: 1,  id: 536870915
11-01 11:37:35.238  9175  9191 D UE4     : [2019.11.01-02.37.35:238][479]LogBlueprintUserMessages: [BP_PlayerhandAnimation_C_2147482229] P=0.000000 Y=18.790747 R=0.000000
11-01 11:37:35.239  9175  9191 D UE4     : [2019.11.01-02.37.35:239][479]LogBlueprintUserMessages: [BP_PlayerhandAnimation_C_2147482226] P=0.000000 Y=-10.776872 R=0.000000
11-01 11:37:35.240   712  9318 W [CT]    : CONSTELLATION:MATCHING: [Camera 1] Brute matching timed out after 0/153 iterations.
11-01 11:37:35.241   712  9318 W [CT]    : CONSTELLATION:MATCHING: [Camera 3] Brute matching timed out after 0/1377 iterations.
11-01 11:37:35.250  9175  9191 D UE4     : [2019.11.01-02.37.35:250][480]LogBlueprintUserMessages: [BP_PlayerhandAnimation_C_2147482229] P=0.000000 Y=18.790747 R=0.000000
11-01 11:37:35.250  9175  9191 D UE4     : [2019.11.01-02.37.35:250][480]LogBlueprintUserMessages: [BP_PlayerhandAnimation_C_2147482226] P=0.000000 Y=-10.776903 R=0.000000
11-01 11:37:35.274   712  9318 W [CT]    : CONSTELLATION:MATCHING: [Camera 3] Brute matching timed out after 300/1530 iterations.
11-01 11:37:35.274   712  9318 W [CT]    : CONSTELLATION:MATCHING: [Camera 1] Brute matching timed out after 0/306 iterations.
11-01 11:37:35.277  9175  9191 D UE4     : [2019.11.01-02.37.35:277][481]LogBlueprintUserMessages: [BP_PlayerhandAnimation_C_2147482229] P=0.000000 Y=18.790747 R=0.000000
11-01 11:37:35.277  9175  9191 D UE4     : [2019.11.01-02.37.35:277][481]LogBlueprintUserMessages: [BP_PlayerhandAnimation_C_2147482226] P=0.000000 Y=-10.776784 R=0.000000
11-01 11:37:35.291  9175  9191 D UE4     : [2019.11.01-02.37.35:291][482]LogBlueprintUserMessages: [BP_PlayerhandAnimation_C_2147482229] P=0.000000 Y=18.790810 R=0.000000
11-01 11:37:35.291  9175  9191 D UE4     : [2019.11.01-02.37.35:291][482]LogBlueprintUserMessages: [BP_PlayerhandAnimation_C_2147482226] P=0.000000 Y=-10.776841 R=0.000000
11-01 11:37:35.308   712  9318 W [CT]    : CONSTELLATION:MATCHING: [Camera 3] Brute matching timed out after 900/1377 iterations.
11-01 11:37:35.308   712  9318 W [CT]    : CONSTELLATION:MATCHING: [Camera 0] Brute matching timed out after 0/5967 iterations.
11-01 11:37:35.319  9175  9191 D UE4     : [2019.11.01-02.37.35:319][483]LogBlueprintUserMessages: [BP_PlayerhandAnimation_C_2147482229] P=0.000000 Y=18.791019 R=0.000000
11-01 11:37:35.319  9175  9191 D UE4     : [2019.11.01-02.37.35:319][483]LogBlueprintUserMessages: [BP_PlayerhandAnimation_C_2147482226] P=0.000000 Y=-10.776841 R=0.000000
11-01 11:37:35.332  9175  9191 D UE4     : [2019.11.01-02.37.35:332][484]LogBlueprintUserMessages: [BP_PlayerhandAnimation_C_2147482229] P=0.000000 Y=18.790714 R=0.000000
11-01 11:37:35.333  9175  9191 D UE4     : [2019.11.01-02.37.35:333][484]LogBlueprintUserMessages: [BP_PlayerhandAnimation_C_2147482226] P=0.000000 Y=-10.776841 R=0.000000
11-01 11:37:35.340   712  9318 W [CT]    : CONSTELLATION:MATCHING: [Camera 3] Brute matching timed out after 700/1989 iterations.
11-01 11:37:35.341   712  9318 W [CT]    : CONSTELLATION:MATCHING: [Camera 0] Brute matching timed out after 0/5814 iterations.
11-01 11:37:35.361  9175  9191 D UE4     : [2019.11.01-02.37.35:361][485]LogBlueprintUserMessages: [BP_PlayerhandAnimation_C_2147482229] P=0.000000 Y=18.790558 R=0.000000
11-01 11:37:35.361  9175  9191 D UE4     : [2019.11.01-02.37.35:361][485]LogBlueprintUserMessages: [BP_PlayerhandAnimation_C_2147482226] P=0.000000 Y=-10.776843 R=0.000000
11-01 11:37:35.374   712  9318 W [CT]    : CONSTELLATION:MATCHING: [Camera 3] Brute matching timed out after 800/1683 iterations.
11-01 11:37:35.375   712  9318 W [CT]    : CONSTELLATION:MATCHING: [Camera 0] Brute matching timed out after 0/5661 iterations.
11-01 11:37:35.375  9175  9191 D UE4     : [2019.11.01-02.37.35:375][486]LogBlueprintUserMessages: [BP_PlayerhandAnimation_C_2147482229] P=0.000000 Y=18.790737 R=0.000000
11-01 11:37:35.375  9175  9191 D UE4     : [2019.11.01-02.37.35:375][486]LogBlueprintUserMessages: [BP_PlayerhandAnimation_C_2147482226] P=0.000000 Y=-10.776843 R=0.000000
11-01 11:37:35.402  9175  9191 D UE4     : [2019.11.01-02.37.35:402][487]LogBlueprintUserMessages: [BP_PlayerhandAnimation_C_2147482229] P=0.000000 Y=18.790737 R=0.000000
11-01 11:37:35.403  9175  9191 D UE4     : [2019.11.01-02.37.35:402][487]LogBlueprintUserMessages: [BP_PlayerhandAnimation_C_2147482226] P=0.000000 Y=-10.776900 R=0.000000
11-01 11:37:35.407   712  9318 W [CT]    : CONSTELLATION:MATCHING: [Camera 0] Brute matching timed out after 5400/5661 iterations.
11-01 11:37:35.408   712  9318 W [CT]    : CONSTELLATION:MATCHING: [Camera 3] Brute matching timed out after 0/1377 iterations.
11-01 11:37:35.430  9175  9191 D UE4     : [2019.11.01-02.37.35:430][488]LogBlueprintUserMessages: [BP_PlayerhandAnimation_C_2147482229] P=0.000000 Y=18.790737 R=0.000000
11-01 11:37:35.431  9175  9191 D UE4     : [2019.11.01-02.37.35:430][488]LogBlueprintUserMessages: [BP_PlayerhandAnimation_C_2147482226] P=0.000000 Y=-10.776750 R=0.000000
11-01 11:37:35.440   712  9318 W [CT]    : CONSTELLATION:MATCHING: [Camera 0] Brute matching timed out after 4500/5202 iterations.
11-01 11:37:35.441   712  9318 W [CT]    : CONSTELLATION:MATCHING: [Camera 3] Brute matching timed out after 0/1836 iterations.
11-01 11:37:35.444  9175  9191 D UE4     : [2019.11.01-02.37.35:444][489]LogBlueprintUserMessages: [BP_PlayerhandAnimation_C_2147482229] P=0.000000 Y=18.790686 R=0.000000
11-01 11:37:35.445  9175  9191 D UE4     : [2019.11.01-02.37.35:445][489]LogBlueprintUserMessages: [BP_PlayerhandAnimation_C_2147482226] P=0.000000 Y=-10.776779 R=0.000000
11-01 11:37:35.473  9175  9191 D UE4     : [2019.11.01-02.37.35:473][490]LogBlueprintUserMessages: [BP_PlayerhandAnimation_C_2147482229] P=0.000000 Y=18.790861 R=0.000000
11-01 11:37:35.473  9175  9191 D UE4     : [2019.11.01-02.37.35:473][490]LogBlueprintUserMessages: [BP_PlayerhandAnimation_C_2147482226] P=0.000000 Y=-10.776689 R=0.000000
11-01 11:37:35.474   712  9318 W [CT]    : CONSTELLATION:MATCHING: [Camera 0] Brute matching timed out after 4700/6426 iterations.
11-01 11:37:35.475   712  9318 W [CT]    : CONSTELLATION:MATCHING: [Camera 2] Brute matching timed out after 0/153 iterations.
11-01 11:37:35.486  9175  9191 D UE4     : [2019.11.01-02.37.35:486][491]LogBlueprintUserMessages: [BP_PlayerhandAnimation_C_2147482229] P=0.000000 Y=18.790686 R=0.000000
11-01 11:37:35.487  9175  9191 D UE4     : [2019.11.01-02.37.35:487][491]LogBlueprintUserMessages: [BP_PlayerhandAnimation_C_2147482226] P=0.000000 Y=-10.776841 R=0.000000
11-01 11:37:35.508   712  9318 W [CT]    : CONSTELLATION:MATCHING: [Camera 0] Brute matching timed out after 4100/6732 iterations.
11-01 11:37:35.508   712  9318 W [CT]    : CONSTELLATION:MATCHING: [Camera 3] Brute matching timed out after 0/1836 iterations.
11-01 11:37:35.515  9175  9247 I VrApi   : FPS=47,Prd=45ms,Tear=0,Early=0,Stale=72,VSnc=1,Lat=1,Fov=0,CPU4/GPU=4/4,2304/670MHz,OC=FF,TA=0/E0/E0,SP=N/F/F,Mem=1804MHz,Free=1544MB,PSM=0,PLS=0,Temp=33.0C/0.0C,TW=4.34ms,App=19.05ms,GD=0.00ms,CPU&GPU=27.68ms,LCnt=2,GPU%=0.94,CPU%=0.41(W0.42)
11-01 11:37:35.515  9175  9191 D UE4     : [2019.11.01-02.37.35:515][492]LogBlueprintUserMessages: [BP_PlayerhandAnimation_C_2147482229] P=0.000000 Y=18.790686 R=0.000000
11-01 11:37:35.516  9175  9191 D UE4     : [2019.11.01-02.37.35:516][492]LogBlueprintUserMessages: [BP_PlayerhandAnimation_C_2147482226] P=0.000000 Y=-10.776842 R=0.000000
11-01 11:37:35.528  9175  9191 D UE4     : [2019.11.01-02.37.35:528][493]LogBlueprintUserMessages: [BP_PlayerhandAnimation_C_2147482229] P=0.000000 Y=18.790686 R=0.000000
11-01 11:37:35.529  9175  9191 D UE4     : [2019.11.01-02.37.35:529][493]LogBlueprintUserMessages: [BP_PlayerhandAnimation_C_2147482226] P=0.000000 Y=-10.776842 R=0.000000
11-01 11:37:35.541   712  9318 W [CT]    : CONSTELLATION:MATCHING: [Camera 0] Brute matching timed out after 4300/6579 iterations.
11-01 11:37:35.541   712  9318 W [CT]    : CONSTELLATION:MATCHING: [Camera 3] Brute matching timed out after 0/1530 iterations.
11-01 11:37:35.555  9175  9191 D UE4     : [2019.11.01-02.37.35:555][494]LogBlueprintUserMessages: [BP_PlayerhandAnimation_C_2147482229] P=0.000000 Y=18.790686 R=0.000000
11-01 11:37:35.555  9175  9191 D UE4     : [2019.11.01-02.37.35:555][494]LogBlueprintUserMessages: [BP_PlayerhandAnimation_C_2147482226] P=0.000000 Y=-10.776842 R=0.000000
11-01 11:37:35.574   712  9318 W [CT]    : CONSTELLATION:MATCHING: [Camera 0] Brute matching timed out after 4400/6885 iterations.
11-01 11:37:35.575   712  9318 W [CT]    : CONSTELLATION:MATCHING: [Camera 2] Brute matching timed out after 0/306 iterations.
11-01 11:37:35.586  9175  9191 D UE4     : [2019.11.01-02.37.35:585][495]LogBlueprintUserMessages: [BP_PlayerhandAnimation_C_2147482229] P=0.000000 Y=18.790894 R=0.000000
11-01 11:37:35.586  9175  9191 D UE4     : [2019.11.01-02.37.35:586][495]LogBlueprintUserMessages: [BP_PlayerhandAnimation_C_2147482226] P=0.000000 Y=-10.776935 R=0.000000
11-01 11:37:35.597  9175  9191 D UE4     : [2019.11.01-02.37.35:597][496]LogBlueprintUserMessages: [BP_PlayerhandAnimation_C_2147482229] P=0.000000 Y=18.790737 R=0.000000
11-01 11:37:35.597  9175  9191 D UE4     : [2019.11.01-02.37.35:597][496]LogBlueprintUserMessages: [BP_PlayerhandAnimation_C_2147482226] P=0.000000 Y=-10.776841 R=0.000000
11-01 11:37:35.607   712  9318 W [CT]    : CONSTELLATION:MATCHING: [Camera 0] Brute matching timed out after 4700/6579 iterations.
11-01 11:37:35.608   712  9318 W [CT]    : CONSTELLATION:MATCHING: [Camera 2] Brute matching timed out after 0/459 iterations.
11-01 11:37:35.624  9175  9191 D UE4     : [2019.11.01-02.37.35:624][497]LogBlueprintUserMessages: [BP_PlayerhandAnimation_C_2147482229] P=0.000000 Y=18.790737 R=0.000000
11-01 11:37:35.625  9175  9191 D UE4     : [2019.11.01-02.37.35:624][497]LogBlueprintUserMessages: [BP_PlayerhandAnimation_C_2147482226] P=0.000000 Y=-10.776841 R=0.000000
11-01 11:37:35.639  9175  9191 D UE4     : [2019.11.01-02.37.35:639][498]LogBlueprintUserMessages: [BP_PlayerhandAnimation_C_2147482229] P=0.000000 Y=18.790737 R=0.000000
11-01 11:37:35.639  9175  9191 D UE4     : [2019.11.01-02.37.35:639][498]LogBlueprintUserMessages: [BP_PlayerhandAnimation_C_2147482226] P=0.000000 Y=-10.776841 R=0.000000
11-01 11:37:35.640   712  9318 W [CT]    : CONSTELLATION:MATCHING: [Camera 0] Brute matching timed out after 6700/6732 iterations.
11-01 11:37:35.641   712  9318 W [CT]    : CONSTELLATION:MATCHING: [Camera 0] Brute matching timed out after 0/6732 iterations.
11-01 11:37:35.666  9175  9191 D UE4     : [2019.11.01-02.37.35:666][499]LogBlueprintUserMessages: [BP_PlayerhandAnimation_C_2147482229] P=0.000000 Y=18.790737 R=0.000000
11-01 11:37:35.666  9175  9191 D UE4     : [2019.11.01-02.37.35:666][499]LogBlueprintUserMessages: [BP_PlayerhandAnimation_C_2147482226] P=0.000000 Y=-10.776841 R=0.000000
11-01 11:37:35.674   712  9318 W [CT]    : CONSTELLATION:MATCHING: [Camera 0] Brute matching timed out after 6600/6885 iterations.
11-01 11:37:35.675   712  9318 W [CT]    : CONSTELLATION:MATCHING: [Camera 0] Brute matching timed out after 0/6885 iterations.
11-01 11:37:35.681  9175  9191 D UE4     : [2019.11.01-02.37.35:681][500]LogBlueprintUserMessages: [BP_PlayerhandAnimation_C_2147482229] P=0.000000 Y=18.790737 R=0.000000
11-01 11:37:35.681  9175  9191 D UE4     : [2019.11.01-02.37.35:681][500]LogBlueprintUserMessages: [BP_PlayerhandAnimation_C_2147482226] P=0.000000 Y=-10.776841 R=0.000000
11-01 11:37:35.696   552  1210 V msm8974_platform: platform_get_parameters: exit: returns - snd_device_in=none
11-01 11:37:35.696   552  1210 V audio_hw_primary: adev_get_parameters: exit: returns - snd_device_in=none
11-01 11:37:35.696   552  1210 I hash_map_utils: key: 'snd_device_in' value: ''
11-01 11:37:35.696   552   552 V msm8974_platform: platform_get_parameters: exit: returns - snd_device_out=speaker
11-01 11:37:35.696   552   552 V audio_hw_primary: adev_get_parameters: exit: returns - snd_device_out=speaker
11-01 11:37:35.697   552   552 I hash_map_utils: key: 'snd_device_out' value: ''
11-01 11:37:35.707   712  9318 W [CT]    : CONSTELLATION:MATCHING: [Camera 0] Brute matching timed out after 6200/6426 iterations.
11-01 11:37:35.708   712  9318 W [CT]    : CONSTELLATION:MATCHING: [Camera 0] Brute matching timed out after 0/6426 iterations.
11-01 11:37:35.709  9175  9191 D UE4     : [2019.11.01-02.37.35:709][501]LogBlueprintUserMessages: [BP_PlayerhandAnimation_C_2147482229] P=0.000000 Y=18.790737 R=0.000000
11-01 11:37:35.709  9175  9191 D UE4     : [2019.11.01-02.37.35:709][501]LogBlueprintUserMessages: [BP_PlayerhandAnimation_C_2147482226] P=0.000000 Y=-10.776722 R=0.000000
11-01 11:37:35.722  9175  9191 D UE4     : [2019.11.01-02.37.35:722][502]LogBlueprintUserMessages: [BP_PlayerhandAnimation_C_2147482229] P=0.000000 Y=18.790737 R=0.000000
11-01 11:37:35.723  9175  9191 D UE4     : [2019.11.01-02.37.35:723][502]LogBlueprintUserMessages: [BP_PlayerhandAnimation_C_2147482226] P=0.000000 Y=-10.776843 R=0.000000
11-01 11:37:35.741   712  9318 W [CT]    : CONSTELLATION:MATCHING: [Camera 0] Brute matching timed out after 4300/5661 iterations.
11-01 11:37:35.741   712  9318 W [CT]    : CONSTELLATION:MATCHING: [Camera 1] Brute matching timed out after 0/153 iterations.
11-01 11:37:35.751  9175  9191 D UE4     : [2019.11.01-02.37.35:751][503]LogBlueprintUserMessages: [BP_PlayerhandAnimation_C_2147482229] P=0.000000 Y=18.790737 R=0.000000
11-01 11:37:35.751  9175  9191 D UE4     : [2019.11.01-02.37.35:751][503]LogBlueprintUserMessages: [BP_PlayerhandAnimation_C_2147482226] P=0.000000 Y=-10.776843 R=0.000000
11-01 11:37:35.774   712  9318 W [CT]    : CONSTELLATION:MATCHING: [Camera 0] Brute matching timed out after 4900/6273 iterations.
11-01 11:37:35.775   712  9318 W [CT]    : CONSTELLATION:MATCHING: [Camera 1] Brute matching timed out after 0/153 iterations.
11-01 11:37:35.778  9175  9191 D UE4     : [2019.11.01-02.37.35:778][504]LogBlueprintUserMessages: [BP_PlayerhandAnimation_C_2147482229] P=0.000000 Y=18.790737 R=0.000000
11-01 11:37:35.778  9175  9191 D UE4     : [2019.11.01-02.37.35:778][504]LogBlueprintUserMessages: [BP_PlayerhandAnimation_C_2147482226] P=0.000000 Y=-10.776843 R=0.000000
11-01 11:37:35.792  9175  9191 D UE4     : [2019.11.01-02.37.35:792][505]LogBlueprintUserMessages: [BP_PlayerhandAnimation_C_2147482229] P=0.000000 Y=18.790737 R=0.000000
11-01 11:37:35.792  9175  9191 D UE4     : [2019.11.01-02.37.35:792][505]LogBlueprintUserMessages: [BP_PlayerhandAnimation_C_2147482226] P=0.000000 Y=-10.776843 R=0.000000
11-01 11:37:35.807   712  9318 W [CT]    : CONSTELLATION:MATCHING: [Camera 0] Brute matching timed out after 4300/6120 iterations.
11-01 11:37:35.808   712  9318 W [CT]    : CONSTELLATION:MATCHING: [Camera 0] Brute matching timed out after 0/6120 iterations.
11-01 11:37:35.818  9175  9410 W InputDeviceManager: AddPairToDeviceListMapping called when index already exists in the vector index: 1,  id: 536870915
11-01 11:37:35.820  9175  9191 D UE4     : [2019.11.01-02.37.35:820][506]LogBlueprintUserMessages: [BP_PlayerhandAnimation_C_2147482229] P=0.000000 Y=18.790737 R=0.000000
11-01 11:37:35.820  9175  9191 D UE4     : [2019.11.01-02.37.35:820][506]LogBlueprintUserMessages: [BP_PlayerhandAnimation_C_2147482226] P=0.000000 Y=-10.776841 R=0.000000
11-01 11:37:35.834  9175  9191 D UE4     : [2019.11.01-02.37.35:833][507]LogBlueprintUserMessages: [BP_PlayerhandAnimation_C_2147482229] P=0.000000 Y=18.790737 R=0.000000
11-01 11:37:35.834  9175  9191 D UE4     : [2019.11.01-02.37.35:834][507]LogBlueprintUserMessages: [BP_PlayerhandAnimation_C_2147482226] P=0.000000 Y=-10.776864 R=0.000000
11-01 11:37:35.841   712  9318 W [CT]    : CONSTELLATION:MATCHING: [Camera 0] Brute matching timed out after 5000/6426 iterations.
11-01 11:37:35.841   712  9318 W [CT]    : CONSTELLATION:MATCHING: [Camera 3] Brute matching timed out after 0/1683 iterations.
11-01 11:37:35.861  9175  9191 D UE4     : [2019.11.01-02.37.35:861][508]LogBlueprintUserMessages: [BP_PlayerhandAnimation_C_2147482229] P=0.000000 Y=18.790775 R=0.000000
11-01 11:37:35.862  9175  9191 D UE4     : [2019.11.01-02.37.35:862][508]LogBlueprintUserMessages: [BP_PlayerhandAnimation_C_2147482226] P=0.000000 Y=-10.776864 R=0.000000
11-01 11:37:35.874   712  9318 W [CT]    : CONSTELLATION:MATCHING: [Camera 0] Brute matching timed out after 5000/5967 iterations.
11-01 11:37:35.875   712  9318 W [CT]    : CONSTELLATION:MATCHING: [Camera 1] Brute matching timed out after 0/153 iterations.
11-01 11:37:35.876  9175  9191 D UE4     : [2019.11.01-02.37.35:876][509]LogBlueprintUserMessages: [BP_PlayerhandAnimation_C_2147482229] P=0.000000 Y=18.790808 R=0.000000
11-01 11:37:35.876  9175  9191 D UE4     : [2019.11.01-02.37.35:876][509]LogBlueprintUserMessages: [BP_PlayerhandAnimation_C_2147482226] P=0.000000 Y=-10.776864 R=0.000000
11-01 11:37:35.878   712  9318 I [CT]    : MANAGEMENT:CONSTELLATION: Status=GREEN,, Obj=3669952633402657438,6DOF=1 (estimated),Issues(Cam/min=  0,IMU/min=0), Obj=16572054001761934198,6DOF=1,FusJit=0.0mm,Issues(Cam/min=  0,IMU/min=0)
11-01 11:37:35.904  9175  9191 D UE4     : [2019.11.01-02.37.35:904][510]LogBlueprintUserMessages: [BP_PlayerhandAnimation_C_2147482229] P=0.000000 Y=18.790808 R=0.000000
11-01 11:37:35.904  9175  9191 D UE4     : [2019.11.01-02.37.35:904][510]LogBlueprintUserMessages: [BP_PlayerhandAnimation_C_2147482226] P=0.000000 Y=-10.776872 R=0.000000
11-01 11:37:35.907   712  9318 W [CT]    : CONSTELLATION:MATCHING: [Camera 0] Brute matching timed out after 6700/6885 iterations.
11-01 11:37:35.908   712  9318 W [CT]    : CONSTELLATION:MATCHING: [Camera 0] Brute matching timed out after 0/6885 iterations.
11-01 11:37:35.917  9175  9191 D UE4     : [2019.11.01-02.37.35:917][511]LogBlueprintUserMessages: [BP_PlayerhandAnimation_C_2147482229] P=0.000000 Y=18.790651 R=0.000000
11-01 11:37:35.917  9175  9191 D UE4     : [2019.11.01-02.37.35:917][511]LogBlueprintUserMessages: [BP_PlayerhandAnimation_C_2147482226] P=0.000000 Y=-10.776874 R=0.000000
11-01 11:37:35.941   712  9318 W [CT]    : CONSTELLATION:MATCHING: [Camera 0] Brute matching timed out after 4600/6579 iterations.
11-01 11:37:35.941   712  9318 W [CT]    : CONSTELLATION:MATCHING: [Camera 0] Brute matching timed out after 0/6579 iterations.
11-01 11:37:35.945  9175  9191 D UE4     : [2019.11.01-02.37.35:945][512]LogBlueprintUserMessages: [BP_PlayerhandAnimation_C_2147482229] P=0.000000 Y=18.790958 R=0.000000
11-01 11:37:35.945  9175  9191 D UE4     : [2019.11.01-02.37.35:945][512]LogBlueprintUserMessages: [BP_PlayerhandAnimation_C_2147482226] P=0.000000 Y=-10.776874 R=0.000000
11-01 11:37:35.974  9175  9191 D UE4     : [2019.11.01-02.37.35:973][513]LogBlueprintUserMessages: [BP_PlayerhandAnimation_C_2147482229] P=0.000000 Y=18.790749 R=0.000000
11-01 11:37:35.974  9175  9191 D UE4     : [2019.11.01-02.37.35:974][513]LogBlueprintUserMessages: [BP_PlayerhandAnimation_C_2147482226] P=0.000000 Y=-10.776634 R=0.000000
11-01 11:37:35.974   712  9318 W [CT]    : CONSTELLATION:MATCHING: [Camera 3] Brute matching timed out after 200/1989 iterations.
11-01 11:37:35.975   712  9318 W [CT]    : CONSTELLATION:MATCHING: [Camera 1] Brute matching timed out after 0/306 iterations.
11-01 11:37:35.987  9175  9191 D UE4     : [2019.11.01-02.37.35:987][514]LogBlueprintUserMessages: [BP_PlayerhandAnimation_C_2147482229] P=0.000000 Y=18.790749 R=0.000000
11-01 11:37:35.987  9175  9191 D UE4     : [2019.11.01-02.37.35:987][514]LogBlueprintUserMessages: [BP_PlayerhandAnimation_C_2147482226] P=0.000000 Y=-10.776864 R=0.000000
11-01 11:37:36.007   712  9318 W [CT]    : CONSTELLATION:MATCHING: [Camera 3] Brute matching timed out after 500/2142 iterations.
11-01 11:37:36.008   712  9318 W [CT]    : CONSTELLATION:MATCHING: [Camera 0] Brute matching timed out after 0/5967 iterations.
11-01 11:37:36.014  9175  9191 D UE4     : [2019.11.01-02.37.36:014][515]LogBlueprintUserMessages: [BP_PlayerhandAnimation_C_2147482229] P=0.000000 Y=18.790749 R=0.000000
11-01 11:37:36.014  9175  9191 D UE4     : [2019.11.01-02.37.36:014][515]LogBlueprintUserMessages: [BP_PlayerhandAnimation_C_2147482226] P=0.000000 Y=-10.776864 R=0.000000
11-01 11:37:36.029  9175  9191 D UE4     : [2019.11.01-02.37.36:029][516]LogBlueprintUserMessages: [BP_PlayerhandAnimation_C_2147482229] P=0.000000 Y=18.790867 R=0.000000
11-01 11:37:36.029  9175  9191 D UE4     : [2019.11.01-02.37.36:029][516]LogBlueprintUserMessages: [BP_PlayerhandAnimation_C_2147482226] P=0.000000 Y=-10.776864 R=0.000000
11-01 11:37:36.040   712  9318 W [CT]    : CONSTELLATION:MATCHING: [Camera 0] Brute matching timed out after 4200/6426 iterations.
11-01 11:37:36.041   712  9318 W [CT]    : CONSTELLATION:MATCHING: [Camera 3] Brute matching timed out after 0/2295 iterations.
11-01 11:37:36.055  9175  9410 W InputDeviceManager: AddPairToDeviceListMapping called when index already exists in the vector index: 1,  id: 536870915
11-01 11:37:36.057  9175  9191 D UE4     : [2019.11.01-02.37.36:056][517]LogBlueprintUserMessages: [BP_PlayerhandAnimation_C_2147482229] P=0.000000 Y=18.790779 R=0.000000
11-01 11:37:36.057  9175  9191 D UE4     : [2019.11.01-02.37.36:057][517]LogBlueprintUserMessages: [BP_PlayerhandAnimation_C_2147482226] P=0.000000 Y=-10.776864 R=0.000000
11-01 11:37:36.071  9175  9191 D UE4     : [2019.11.01-02.37.36:071][518]LogBlueprintUserMessages: [BP_PlayerhandAnimation_C_2147482229] P=0.000000 Y=18.790749 R=0.000000
11-01 11:37:36.071  9175  9191 D UE4     : [2019.11.01-02.37.36:071][518]LogBlueprintUserMessages: [BP_PlayerhandAnimation_C_2147482226] P=0.000000 Y=-10.776864 R=0.000000
11-01 11:37:36.074   712  9318 W [CT]    : CONSTELLATION:MATCHING: [Camera 2] Brute matching timed out after 0/459 iterations.
11-01 11:37:36.075   712  9318 W [CT]    : CONSTELLATION:MATCHING: [Camera 1] Brute matching timed out after 0/153 iterations.
11-01 11:37:36.081   712  9319 I [CT]    : Viper:Map_Manager: State: TRACKING_PERSISTENT, UUID=6deead67-4213-4151-aaf8-63de2ae4c2a9, Num. Persistent maps = 5,  Persistent maps:6deead67-4213-4151-aaf8-63de2ae4c2a9,5c9cda66-709e-4775-93a8-ccba5cac6ad4,fda60373-74c6-4496-b368-06c9baf27c06,c70d8cf4-996b-451f-86b0-2643913ef8eb,bb643b67-d579-4064-a1be-6f4d6ffd2343,, Ser. Disabled = 00000000-0000-0000-0000-000000000000
11-01 11:37:36.098  9175  9191 D UE4     : [2019.11.01-02.37.36:098][519]LogBlueprintUserMessages: [BP_PlayerhandAnimation_C_2147482229] P=0.000000 Y=18.790749 R=0.000000
11-01 11:37:36.098  9175  9191 D UE4     : [2019.11.01-02.37.36:098][519]LogBlueprintUserMessages: [BP_PlayerhandAnimation_C_2147482226] P=0.000000 Y=-10.776718 R=0.000000
11-01 11:37:36.107   712  9318 W [CT]    : CONSTELLATION:MATCHING: [Camera 0] Brute matching timed out after 5200/7038 iterations.
11-01 11:37:36.108   712  9318 W [CT]    : CONSTELLATION:MATCHING: [Camera 0] Brute matching timed out after 0/7038 iterations.
11-01 11:37:36.113  9175  9191 D UE4     : [2019.11.01-02.37.36:113][520]LogBlueprintUserMessages: [BP_PlayerhandAnimation_C_2147482229] P=0.000000 Y=18.790806 R=0.000000
11-01 11:37:36.114  9175  9191 D UE4     : [2019.11.01-02.37.36:114][520]LogBlueprintUserMessages: [BP_PlayerhandAnimation_C_2147482226] P=0.000000 Y=-10.777027 R=0.000000
11-01 11:37:36.114   712  9319 I [CT]    : VIPER: Status=6DoF,TRACKING,KF=93,Inl=38,Pts=443,Jit=0.3mm,Issues(Cam/min=0.0,IMU/min=0.0),Exp=(4.7ms,g=4,I=109)(4.1ms,g=3,I=95)(4.7ms,g=4,I=89)(4.8ms,g=3,I=97)
11-01 11:37:36.140  9175  9191 D UE4     : [2019.11.01-02.37.36:140][521]LogBlueprintUserMessages: [BP_PlayerhandAnimation_C_2147482229] P=0.000000 Y=18.790682 R=0.000000
11-01 11:37:36.140  9175  9191 D UE4     : [2019.11.01-02.37.36:140][521]LogBlueprintUserMessages: [BP_PlayerhandAnimation_C_2147482226] P=0.000000 Y=-10.776901 R=0.000000
11-01 11:37:36.141   712  9318 W [CT]    : CONSTELLATION:MATCHING: [Camera 0] Brute matching timed out after 4400/5814 iterations.
11-01 11:37:36.141   712  9318 W [CT]    : CONSTELLATION:MATCHING: [Camera 1] Brute matching timed out after 0/306 iterations.
11-01 11:37:36.169  9175  9191 D UE4     : [2019.11.01-02.37.36:169][522]LogBlueprintUserMessages: [BP_PlayerhandAnimation_C_2147482229] P=0.000000 Y=18.790779 R=0.000000
11-01 11:37:36.170  9175  9191 D UE4     : [2019.11.01-02.37.36:170][522]LogBlueprintUserMessages: [BP_PlayerhandAnimation_C_2147482226] P=0.000000 Y=-10.776779 R=0.000000
11-01 11:37:36.174   712  9318 W [CT]    : CONSTELLATION:MATCHING: [Camera 0] Brute matching timed out after 5200/6120 iterations.
11-01 11:37:36.174   712  9318 W [CT]    : CONSTELLATION:MATCHING: [Camera 1] Brute matching timed out after 0/306 iterations.
11-01 11:37:36.182  9175  9191 D UE4     : [2019.11.01-02.37.36:182][523]LogBlueprintUserMessages: [BP_PlayerhandAnimation_C_2147482229] P=0.000000 Y=18.790741 R=0.000000
11-01 11:37:36.182  9175  9191 D UE4     : [2019.11.01-02.37.36:182][523]LogBlueprintUserMessages: [BP_PlayerhandAnimation_C_2147482226] P=0.000000 Y=-10.776903 R=0.000000
11-01 11:37:36.190   712  9296 I [CT]    : L:Behavior:AtRest: deactivated
11-01 11:37:36.190   712  9296 I [CT]    : AdHocPatch: [Left] t = 249.477s, behavior transition: AtRest -> None at 249.524s
11-01 11:37:36.207   712  9318 W [CT]    : CONSTELLATION:MATCHING: [Camera 0] Brute matching timed out after 6300/6579 iterations.
11-01 11:37:36.208   712  9318 W [CT]    : CONSTELLATION:MATCHING: [Camera 3] Brute matching timed out after 0/2601 iterations.
11-01 11:37:36.212  9175  9191 D UE4     : [2019.11.01-02.37.36:212][524]LogBlueprintUserMessages: [BP_PlayerhandAnimation_C_2147482229] P=0.000000 Y=18.960884 R=0.000000
11-01 11:37:36.212  9175  9191 D UE4     : [2019.11.01-02.37.36:212][524]LogBlueprintUserMessages: [BP_PlayerhandAnimation_C_2147482226] P=0.000000 Y=-10.776963 R=0.000000
11-01 11:37:36.226  9175  9191 D UE4     : [2019.11.01-02.37.36:226][525]LogBlueprintUserMessages: [BP_PlayerhandAnimation_C_2147482229] P=0.000000 Y=18.959787 R=0.000000
11-01 11:37:36.226  9175  9191 D UE4     : [2019.11.01-02.37.36:226][525]LogBlueprintUserMessages: [BP_PlayerhandAnimation_C_2147482226] P=0.000000 Y=-10.776903 R=0.000000
11-01 11:37:36.240   712  9318 W [CT]    : CONSTELLATION:MATCHING: [Camera 0] Brute matching timed out after 3300/6732 iterations.
11-01 11:37:36.241   712  9318 W [CT]    : CONSTELLATION:MATCHING: [Camera 2] Brute matching timed out after 0/612 iterations.
11-01 11:37:36.252  9175  9191 D UE4     : [2019.11.01-02.37.36:251][526]LogBlueprintUserMessages: [BP_PlayerhandAnimation_C_2147482229] P=0.000000 Y=18.960115 R=0.000000
11-01 11:37:36.252  9175  9191 D UE4     : [2019.11.01-02.37.36:252][526]LogBlueprintUserMessages: [BP_PlayerhandAnimation_C_2147482226] P=0.000000 Y=-10.776864 R=0.000000
11-01 11:37:36.265  9175  9191 D UE4     : [2019.11.01-02.37.36:265][527]LogBlueprintUserMessages: [BP_PlayerhandAnimation_C_2147482229] P=0.000000 Y=18.960598 R=0.000000
11-01 11:37:36.266  9175  9191 D UE4     : [2019.11.01-02.37.36:266][527]LogBlueprintUserMessages: [BP_PlayerhandAnimation_C_2147482226] P=0.000000 Y=-10.776836 R=0.000000
11-01 11:37:36.274   712  9318 W [CT]    : CONSTELLATION:MATCHING: [Camera 0] Brute matching timed out after 4200/6579 iterations.
11-01 11:37:36.275   712  9318 W [CT]    : CONSTELLATION:MATCHING: [Camera 2] Brute matching timed out after 0/459 iterations.
11-01 11:37:36.292  9175  9410 W InputDeviceManager: AddPairToDeviceListMapping called when index already exists in the vector index: 1,  id: 536870915
11-01 11:37:36.295  9175  9191 D UE4     : [2019.11.01-02.37.36:295][528]LogBlueprintUserMessages: [BP_PlayerhandAnimation_C_2147482229] P=0.000000 Y=18.960386 R=0.000000
11-01 11:37:36.295  9175  9191 D UE4     : [2019.11.01-02.37.36:295][528]LogBlueprintUserMessages: [BP_PlayerhandAnimation_C_2147482226] P=0.000000 Y=-10.776864 R=0.000000
11-01 11:37:36.307  9175  9191 D UE4     : [2019.11.01-02.37.36:307][529]LogBlueprintUserMessages: [BP_PlayerhandAnimation_C_2147482229] P=0.000000 Y=18.960238 R=0.000000
11-01 11:37:36.307  9175  9191 D UE4     : [2019.11.01-02.37.36:307][529]LogBlueprintUserMessages: [BP_PlayerhandAnimation_C_2147482226] P=0.000000 Y=-10.776864 R=0.000000
11-01 11:37:36.307   712  9318 W [CT]    : CONSTELLATION:MATCHING: [Camera 2] Brute matching timed out after 100/459 iterations.
11-01 11:37:36.308   712  9318 W [CT]    : CONSTELLATION:MATCHING: [Camera 2] Brute matching timed out after 0/459 iterations.
11-01 11:37:36.336  9175  9191 D UE4     : [2019.11.01-02.37.36:336][530]LogBlueprintUserMessages: [BP_PlayerhandAnimation_C_2147482229] P=0.000000 Y=18.959656 R=0.000000
11-01 11:37:36.336  9175  9191 D UE4     : [2019.11.01-02.37.36:336][530]LogBlueprintUserMessages: [BP_PlayerhandAnimation_C_2147482226] P=0.000000 Y=-10.776864 R=0.000000
11-01 11:37:36.341   712  9318 W [CT]    : CONSTELLATION:MATCHING: [Camera 3] Brute matching timed out after 200/1836 iterations.
11-01 11:37:36.341   712  9318 W [CT]    : CONSTELLATION:MATCHING: [Camera 0] Brute matching timed out after 0/6273 iterations.
11-01 11:37:36.349  9175  9191 D UE4     : [2019.11.01-02.37.36:349][531]LogBlueprintUserMessages: [BP_PlayerhandAnimation_C_2147482229] P=0.000000 Y=18.958466 R=0.000000
11-01 11:37:36.349  9175  9191 D UE4     : [2019.11.01-02.37.36:349][531]LogBlueprintUserMessages: [BP_PlayerhandAnimation_C_2147482226] P=0.000000 Y=-10.776864 R=0.000000
11-01 11:37:36.364  1459 17394 W ContextImpl: Calling a method in the system process without a qualified user: android.app.ContextImpl.sendBroadcast:877 android.content.ContextWrapper.sendBroadcast:421 com.facebook.analytics2.logger.UploadServiceBus.signalJobRan:60 com.facebook.analytics2.logger.UploadJobHandler.exitStateMachine:264 com.facebook.analytics2.logger.UploadJobHandler.handleMessage:97 
11-01 11:37:36.371  1074  1471 E ActivityManager: Sending non-protected broadcast com.facebook.analytics2.action.UPLOAD_JOB_RAN from system 1459:com.oculus.unifiedtelemetry/1000 pkg com.oculus.unifiedtelemetry
11-01 11:37:36.371  1074  1471 E ActivityManager: java.lang.Throwable
11-01 11:37:36.371  1074  1471 E ActivityManager: 	at com.android.server.am.ActivityManagerService.checkBroadcastFromSystem(ActivityManagerService.java:18288)
11-01 11:37:36.371  1074  1471 E ActivityManager: 	at com.android.server.am.ActivityManagerService.broadcastIntentLocked(ActivityManagerService.java:18769)
11-01 11:37:36.371  1074  1471 E ActivityManager: 	at com.android.server.am.ActivityManagerService.broadcastIntent(ActivityManagerService.java:18951)
11-01 11:37:36.371  1074  1471 E ActivityManager: 	at android.app.ActivityManagerNative.onTransact(ActivityManagerNative.java:499)
11-01 11:37:36.371  1074  1471 E ActivityManager: 	at com.android.server.am.ActivityManagerService.onTransact(ActivityManagerService.java:2847)
11-01 11:37:36.371  1074  1471 E ActivityManager: 	at android.os.Binder.execTransact(Binder.java:565)
11-01 11:37:36.374   712  9318 W [CT]    : CONSTELLATION:MATCHING: [Camera 1] Brute matching timed out after 200/306 iterations.
11-01 11:37:36.375   712  9318 W [CT]    : CONSTELLATION:MATCHING: [Camera 3] Brute matching timed out after 0/2295 iterations.
11-01 11:37:36.380  9175  9191 D UE4     : [2019.11.01-02.37.36:380][532]LogBlueprintUserMessages: [BP_PlayerhandAnimation_C_2147482229] P=0.000000 Y=18.959684 R=0.000000
11-01 11:37:36.380  9175  9191 D UE4     : [2019.11.01-02.37.36:380][532]LogBlueprintUserMessages: [BP_PlayerhandAnimation_C_2147482226] P=0.000000 Y=-10.776864 R=0.000000
11-01 11:37:36.389  1074  1471 E ActivityManager: Sending non-protected broadcast com.facebook.analytics2.action.UPLOAD_JOB_RAN from system 1459:com.oculus.unifiedtelemetry/1000 pkg com.oculus.unifiedtelemetry
11-01 11:37:36.389  1074  1471 E ActivityManager: java.lang.Throwable
11-01 11:37:36.389  1074  1471 E ActivityManager: 	at com.android.server.am.ActivityManagerService.checkBroadcastFromSystem(ActivityManagerService.java:18288)
11-01 11:37:36.389  1074  1471 E ActivityManager: 	at com.android.server.am.ActivityManagerService.broadcastIntentLocked(ActivityManagerService.java:18860)
11-01 11:37:36.389  1074  1471 E ActivityManager: 	at com.android.server.am.ActivityManagerService.broadcastIntent(ActivityManagerService.java:18951)
11-01 11:37:36.389  1074  1471 E ActivityManager: 	at android.app.ActivityManagerNative.onTransact(ActivityManagerNative.java:499)
11-01 11:37:36.389  1074  1471 E ActivityManager: 	at com.android.server.am.ActivityManagerService.onTransact(ActivityManagerService.java:2847)
11-01 11:37:36.389  1074  1471 E ActivityManager: 	at android.os.Binder.execTransact(Binder.java:565)
11-01 11:37:36.394  9175  9191 D UE4     : [2019.11.01-02.37.36:394][533]LogBlueprintUserMessages: [BP_PlayerhandAnimation_C_2147482229] P=0.000000 Y=18.960175 R=0.000000
11-01 11:37:36.395  9175  9191 D UE4     : [2019.11.01-02.37.36:395][533]LogBlueprintUserMessages: [BP_PlayerhandAnimation_C_2147482226] P=0.000000 Y=-10.776864 R=0.000000
11-01 11:37:36.407   712  9318 W [CT]    : CONSTELLATION:MATCHING: [Camera 3] Brute matching timed out after 400/2448 iterations.
11-01 11:37:36.408   712  9318 W [CT]    : CONSTELLATION:MATCHING: [Camera 1] Brute matching timed out after 0/153 iterations.
11-01 11:37:36.418  9175  9191 D UE4     : [2019.11.01-02.37.36:418][534]LogBlueprintUserMessages: [BP_PlayerhandAnimation_C_2147482229] P=0.000000 Y=18.959454 R=0.000000
11-01 11:37:36.419  9175  9191 D UE4     : [2019.11.01-02.37.36:419][534]LogBlueprintUserMessages: [BP_PlayerhandAnimation_C_2147482226] P=0.000000 Y=-10.776864 R=0.000000
11-01 11:37:36.441   712  9318 W [CT]    : CONSTELLATION:MATCHING: [Camera 0] Brute matching timed out after 4400/6732 iterations.
11-01 11:37:36.441   712  9318 W [CT]    : CONSTELLATION:MATCHING: [Camera 0] Brute matching timed out after 0/6732 iterations.
11-01 11:37:36.447  9175  9191 D UE4     : [2019.11.01-02.37.36:447][535]LogBlueprintUserMessages: [BP_PlayerhandAnimation_C_2147482229] P=0.000000 Y=18.959660 R=0.000000
11-01 11:37:36.447  9175  9191 D UE4     : [2019.11.01-02.37.36:447][535]LogBlueprintUserMessages: [BP_PlayerhandAnimation_C_2147482226] P=0.000000 Y=-10.776750 R=0.000000
11-01 11:37:36.461  9175  9191 D UE4     : [2019.11.01-02.37.36:460][536]LogBlueprintUserMessages: [BP_PlayerhandAnimation_C_2147482229] P=0.000000 Y=18.960665 R=0.000000
11-01 11:37:36.461  9175  9191 D UE4     : [2019.11.01-02.37.36:461][536]LogBlueprintUserMessages: [BP_PlayerhandAnimation_C_2147482226] P=0.000000 Y=-10.776875 R=0.000000
11-01 11:37:36.474   712  9318 W [CT]    : CONSTELLATION:MATCHING: [Camera 0] Brute matching timed out after 3200/6426 iterations.
11-01 11:37:36.475   712  9318 I [CT]    : CONSTELLATION: L: RESET. Keep Cov and Calib States = 1
11-01 11:37:36.488  9175  9191 D UE4     : [2019.11.01-02.37.36:488][537]LogBlueprintUserMessages: [BP_PlayerhandAnimation_C_2147482229] P=0.000000 Y=36.022572 R=0.000000
11-01 11:37:36.488  9175  9191 D UE4     : [2019.11.01-02.37.36:488][537]LogBlueprintUserMessages: [BP_PlayerhandAnimation_C_2147482226] P=0.000000 Y=-10.776875 R=0.000000
11-01 11:37:36.504  9175  9191 D UE4     : [2019.11.01-02.37.36:504][538]LogBlueprintUserMessages: [BP_PlayerhandAnimation_C_2147482229] P=0.000000 Y=36.023373 R=0.000000
11-01 11:37:36.504  9175  9191 D UE4     : [2019.11.01-02.37.36:504][538]LogBlueprintUserMessages: [BP_PlayerhandAnimation_C_2147482226] P=0.000000 Y=-10.776875 R=0.000000
11-01 11:37:36.507   712  9318 W [CT]    : CONSTELLATION:MATCHING: [Camera 3] Brute matching timed out after 0/1836 iterations.
11-01 11:37:36.508   712  9318 W [CT]    : CONSTELLATION:MATCHING: [Camera 0] Brute matching timed out after 0/5967 iterations.
11-01 11:37:36.508   712  9318 I [CT]    : CONSTELLATION: L: Detected static motion, applying constant pose priors.
11-01 11:37:36.517  9175  9247 I VrApi   : FPS=46,Prd=44ms,Tear=0,Early=0,Stale=72,VSnc=1,Lat=1,Fov=0,CPU4/GPU=4/4,2304/670MHz,OC=FF,TA=0/E0/E0,SP=N/F/F,Mem=1804MHz,Free=1544MB,PSM=0,PLS=0,Temp=33.0C/0.0C,TW=4.31ms,App=21.24ms,GD=0.00ms,CPU&GPU=27.70ms,LCnt=2,GPU%=0.95,CPU%=0.43(W0.45)
11-01 11:37:36.530  9175  9191 D UE4     : [2019.11.01-02.37.36:530][539]LogBlueprintUserMessages: [BP_PlayerhandAnimation_C_2147482229] P=0.000000 Y=36.023678 R=0.000000
11-01 11:37:36.530  9175  9191 D UE4     : [2019.11.01-02.37.36:530][539]LogBlueprintUserMessages: [BP_PlayerhandAnimation_C_2147482226] P=0.000000 Y=-10.776875 R=0.000000
11-01 11:37:36.541   712  9318 W [CT]    : CONSTELLATION:MATCHING: [Camera 3] Brute matching timed out after 100/2601 iterations.
11-01 11:37:36.541   712  9318 W [CT]    : CONSTELLATION:MATCHING: [Camera 2] Brute matching timed out after 0/612 iterations.
11-01 11:37:36.544  9175  9191 D UE4     : [2019.11.01-02.37.36:544][540]LogBlueprintUserMessages: [BP_PlayerhandAnimation_C_2147482229] P=0.000000 Y=36.023678 R=0.000000
11-01 11:37:36.544  9175  9191 D UE4     : [2019.11.01-02.37.36:544][540]LogBlueprintUserMessages: [BP_PlayerhandAnimation_C_2147482226] P=0.000000 Y=-10.776875 R=0.000000
11-01 11:37:36.573  9175  9191 D UE4     : [2019.11.01-02.37.36:573][541]LogBlueprintUserMessages: [BP_PlayerhandAnimation_C_2147482229] P=0.000000 Y=36.023678 R=0.000000
11-01 11:37:36.574  9175  9191 D UE4     : [2019.11.01-02.37.36:573][541]LogBlueprintUserMessages: [BP_PlayerhandAnimation_C_2147482226] P=0.000000 Y=-10.776875 R=0.000000
11-01 11:37:36.577   712  9296 I [CT]    : L:Behavior:AtRest: activated
11-01 11:37:36.577   712  9296 I [CT]    : AdHocPatch: [Left] t = 249.863s, behavior transition: None -> AtRest at 249.910s
11-01 11:37:36.600  9175  9191 D UE4     : [2019.11.01-02.37.36:600][542]LogBlueprintUserMessages: [BP_PlayerhandAnimation_C_2147482229] P=0.000000 Y=36.023678 R=0.000000
11-01 11:37:36.600  9175  9191 D UE4     : [2019.11.01-02.37.36:600][542]LogBlueprintUserMessages: [BP_PlayerhandAnimation_C_2147482226] P=0.000000 Y=-10.776875 R=0.000000
11-01 11:37:36.614  9175  9191 D UE4     : [2019.11.01-02.37.36:614][543]LogBlueprintUserMessages: [BP_PlayerhandAnimation_C_2147482229] P=0.000000 Y=36.023678 R=0.000000
