10-29 18:40:36.766  2170 27268 W libosutils: PipelineSignal::waitOnListener(): failed (lost connection to service?)
10-29 18:40:36.768  2170 27268 W libosutils: PipelineSignal::waitOnListener(): failed (lost connection to service?)
10-29 18:40:36.774  2013  2213 W LibraryProvider: Cannot find entitlement for com.oculus.systemdriver
10-29 18:40:36.774  1453  2045 W OVRLibrary: null cursor received for query content://com.oculus.ocms.library/apps/com.oculus.systemdriver
10-29 18:40:36.778  2170 27268 W libosutils: PipelineSignal::waitOnListener(): failed (lost connection to service?)
10-29 18:40:36.778  2170 27268 W libosutils: PipelineSignal::waitOnListener(): failed (lost connection to service?)
10-29 18:40:36.788  2170  2209 I OsSdk   : will wait 60 seconds before retrying
10-29 18:40:36.792  2170 27268 W libosutils: PipelineSignal::waitOnListener(): failed (lost connection to service?)
10-29 18:40:36.793  2170 27268 W libosutils: PipelineSignal::waitOnListener(): failed (lost connection to service?)
10-29 18:40:36.804  2170 27268 W libosutils: PipelineSignal::waitOnListener(): failed (lost connection to service?)
10-29 18:40:36.805  2170 27268 W libosutils: PipelineSignal::waitOnListener(): failed (lost connection to service?)
10-29 18:40:36.818  2170 27268 W libosutils: PipelineSignal::waitOnListener(): failed (lost connection to service?)
10-29 18:40:36.818  2170 27268 W libosutils: PipelineSignal::waitOnListener(): failed (lost connection to service?)
10-29 18:40:36.826  1867  1867 D [OAR] PanelServiceConnection: onSeviceConnected - component name (ComponentInfo{com.oculus.systemux/com.oculus.panelapp.dialog.DialogPanelService}), panel app id (24)
10-29 18:40:36.827  1867  1867 D [OAR] ShellApplication: notify OS to set com.oculus.systemux/com.oculus.panelapp.dialog.DialogPanelService to FOREGROUND
10-29 18:40:36.832  2170 27268 W libosutils: PipelineSignal::waitOnListener(): failed (lost connection to service?)
10-29 18:40:36.833  2170 27268 W libosutils: PipelineSignal::waitOnListener(): failed (lost connection to service?)
10-29 18:40:36.846  2170 27268 W libosutils: PipelineSignal::waitOnListener(): failed (lost connection to service?)
10-29 18:40:36.851  2170 27268 W libosutils: PipelineSignal::waitOnListener(): failed (lost connection to service?)
10-29 18:40:36.862  2170 27268 W libosutils: PipelineSignal::waitOnListener(): failed (lost connection to service?)
10-29 18:40:36.862  2170 27268 W libosutils: PipelineSignal::waitOnListener(): failed (lost connection to service?)
10-29 18:40:36.882  2170 27268 W libosutils: PipelineSignal::waitOnListener(): failed (lost connection to service?)
10-29 18:40:36.883  2170 27268 W libosutils: PipelineSignal::waitOnListener(): failed (lost connection to service?)
10-29 18:40:36.889  2170 27268 W libosutils: PipelineSignal::waitOnListener(): failed (lost connection to service?)
10-29 18:40:36.889  2170 27268 W libosutils: PipelineSignal::waitOnListener(): failed (lost connection to service?)
10-29 18:40:36.901  2170 27268 W libosutils: PipelineSignal::waitOnListener(): failed (lost connection to service?)
10-29 18:40:36.902  2170 27268 W libosutils: PipelineSignal::waitOnListener(): failed (lost connection to service?)
10-29 18:40:36.916  2170 27268 W libosutils: PipelineSignal::waitOnListener(): failed (lost connection to service?)
10-29 18:40:36.916  2170 27268 W libosutils: PipelineSignal::waitOnListener(): failed (lost connection to service?)
10-29 18:40:36.932  2170 27268 W libosutils: PipelineSignal::waitOnListener(): failed (lost connection to service?)
10-29 18:40:36.933  2170 27268 W libosutils: PipelineSignal::waitOnListener(): failed (lost connection to service?)
10-29 18:40:36.944  2170 27268 W libosutils: PipelineSignal::waitOnListener(): failed (lost connection to service?)
10-29 18:40:36.948  2170 27268 W libosutils: PipelineSignal::waitOnListener(): failed (lost connection to service?)
10-29 18:40:36.957  2170 27268 W libosutils: PipelineSignal::waitOnListener(): failed (lost connection to service?)
10-29 18:40:36.958  2170 27268 W libosutils: PipelineSignal::waitOnListener(): failed (lost connection to service?)
10-29 18:40:36.971  2170 27268 W libosutils: PipelineSignal::waitOnListener(): failed (lost connection to service?)
10-29 18:40:36.972  2170 27268 W libosutils: PipelineSignal::waitOnListener(): failed (lost connection to service?)
10-29 18:40:36.982  1867  1867 I [OAR] PanelServiceConnection: verifyFirstPartyUID(isDeveloperBuildAllowed=true, uid=10063) => isVrRunnable=true, apkSignatureResult=SigCertInfo(isTrusted=true, packageNames=[com.oculus.systemux], signature=308205cf308203b7a0030201020204097e91c1300d06092a864886f70d01010b0500308197310b3009060355040613025553311330110603550408130a43616c69666f726e6961311330110603550407130a4d656e6c6f205061726b31233021060355040a131a46616365626f6f6b20546563686e6f6c6f676965732c204c4c4331233021060355040b131a46616365626f6f6b20546563686e6f6c6f676965732c204c4c43311430120603550403130b4f63756c75732041707073301e170d3139303730343131333935315a170d3436313131393131333935315a308197310b3009060355040613025553311330110603550408130a43616c69666f726e6961311330110603550407130a4d656e6c6f205061726b31233021060355040a131a46616365626f6f6b20546563686e6f6c6f676965732c204c4c4331233021060355040b131a46616365626f6f6b20546563686e6f6c6f676965732c204c4c43311430120603550403130b4f63756c7573204170707330820222300d06092a864886f70d01010105000382020f003082020a0282020100b815642a5c201c8da044905dafbb06c05fddb75449cc75a716a0434da0493a52a4d60643532c237e76cb41d2c32a5e4474f12b37f632a809b5a5ceb8c6289ecf828e736b4ec452b1c2757bd0b5ed13eff5a7a47ab2ef6cdf60a8d749e9e8603f30d12b5db8f734c57578a2a4ce5ff5737c1f02c629d2dcb4f82726674663a699de94463ff370fa9eb48158831bf0b68bd6ec84293182d52e860bdd81bb9ce9cdd6a77fea0df25004da34d3cce7a31069646aa4628fba9ccb0952163793be9a4edf49a53f83179c2f44d8c87d6c129e8d590af0f3fced26201ee43b31fccd93b497cd198c5cd1f98d64c4f7ad79ca47278c02652d5dc072a99807e22f473f7bae4da2bafcae48cd49ad55a764b8d39f329f6175eac9074307deff48b1c4a6e19b748766617768c31a17feae8478eb7f9ebfb61af2b9f5a692b636342d7ebc53d7146626b51801b5a0a102e281475decdefb8683d0ca2843dc7aaeb6759bcab0dcba38db44f5d7f797a1c9c02dd159c0e3c72b14dc882d31c24ad8abee4ce0f7f0205e05efef551e2551a61e96636ed5dfd7435d3d24f5a130a12f10452cc954aa770d5d95e3e0cb9d7b05c5506a7947f8ff3437b3d82274fdaa156d85bfb7fbcb4fa5557080fedab86520b71d3d533e7bb3e7e3ebe9712b68e755d700b0afbf7595ffa80a6b3d90bfe599769138ee6515df415e32c0abed2b8e4aea1f47351f490203010001a321301f301d0603551d0e04160414a3c939e6b71c43bc9193f773c0351be1aff311f9300d06092a864886f70d01010b050003820201004e4c865231f2a3583c6af9488ecf9aa96b1ee84e2d7bfad00581537dc70c54ecfcf360e563d018efa4cdd77bf6fc4c9f1a20ebd4215cf1538686d4089bdcc8adb6ae4497ead14b0c18efd52ce93357019973e94e16b3326c60885b1bdc5f9cad1098f16732935876d8d19bda3ceeaaa69a83c4e2231710c6735f88abdfffe3dfa2be3f18f894923441b4e4a9c9664ed6294c16d7c073547063bfdbbefad184a001f1dce2feffdc96d10eb16a3bfbcd382cd297ca3b4edb7ebacd1a9931a1368a5157ceaebbca5b39bd5db5461a340db8ec076d38a94bcdd042bfb51388158ba97a49b631c1762fa746c7bb36eaf15cae23fa993cfb052e824f2ae173ea27b50a6cca91eb955f4faf131514757e5a3ecae9df6d23771279b7742f28fb9ce394eb9e03926f550716f1312355a5efdc479d8347b516cff55cb14307c81280142cacf2fd6562a2baacbfc97869272b1c51abf79121de8bab227e001313d4115eb9b33a332ebb34e290f14b5352ef1038f7a5f3740c9d1136b3526de4331deb4fa529c36a17c04c3e64d4f6ebda73d6e6e18281e3948fd11e685eab6611be1bc62839bce5962715e7f6537e6c083bcd3538d17407b26c850cd6b3f5e2149fdef027a6cfb7ed0f93c928aca14927b10c6a3f104ba1b10413af8b1868b84a004e5ddd065fff26a7bb3c818bb5a2d69aedf9441ef9033efae3ef52282a96f66d4b4ff3f2), time=10 ms
10-29 18:40:36.985  2170 27268 W libosutils: PipelineSignal::waitOnListener(): failed (lost connection to service?)
10-29 18:40:36.985  2170 27268 W libosutils: PipelineSignal::waitOnListener(): failed (lost connection to service?)
10-29 18:40:37.000  2170 27268 W libosutils: PipelineSignal::waitOnListener(): failed (lost connection to service?)
10-29 18:40:37.001  2170 27268 W libosutils: PipelineSignal::waitOnListener(): failed (lost connection to service?)
10-29 18:40:37.003   542   542 V msm8974_platform: platform_get_parameters: exit: returns - snd_device_in=none
10-29 18:40:37.003   542   542 V audio_hw_primary: adev_get_parameters: exit: returns - snd_device_in=none
10-29 18:40:37.003   542   542 I hash_map_utils: key: 'snd_device_in' value: ''
10-29 18:40:37.004   542   596 V msm8974_platform: platform_get_parameters: exit: returns - snd_device_out=speaker
10-29 18:40:37.004   542   596 V audio_hw_primary: adev_get_parameters: exit: returns - snd_device_out=speaker
10-29 18:40:37.004   542   596 I hash_map_utils: key: 'snd_device_out' value: ''
10-29 18:40:37.016  2170 27268 W libosutils: PipelineSignal::waitOnListener(): failed (lost connection to service?)
10-29 18:40:37.018  2170 27268 W libosutils: PipelineSignal::waitOnListener(): failed (lost connection to service?)
10-29 18:40:37.028  2170 27268 W libosutils: PipelineSignal::waitOnListener(): failed (lost connection to service?)
10-29 18:40:37.029  2170 27268 W libosutils: PipelineSignal::waitOnListener(): failed (lost connection to service?)
10-29 18:40:37.030  1923  8029 I CppPanelService: verifyVrShellUID(isDeveloperBuildAllowed=true, uid=10024) => isVrRunnable=true, apkSignatureResult=SigCertInfo(isTrusted=true, packageNames=[com.oculus.vrshell], signature=3082038d30820275a00302010202041303858a300d06092a864886f70d01010b05003077310b3009060355040613025553310b3009060355040813024341311330110603550407130a4d656e6c6f205061726b31173015060355040a130e4f63756c75732056522c204c4c4331173015060355040b130e4f63756c75732056522c204c4c43311430120603550403130b4f63756c75732041707073301e170d3134313033303231343032315a170d3432303331373231343032315a3077310b3009060355040613025553310b3009060355040813024341311330110603550407130a4d656e6c6f205061726b31173015060355040a130e4f63756c75732056522c204c4c4331173015060355040b130e4f63756c75732056522c204c4c43311430120603550403130b4f63756c7573204170707330820122300d06092a864886f70d01010105000382010f003082010a0282010100a34c7fbd96dea95d811f21a0d760cabca85f2df5dbe19b62aca7a3e3e0b6e48f7e173345f2753c458d639cc2e222eeee4cfb5e89ac1c5060044414056709a43a7f1a6f1e4f2c3d708c48912634be08ad6da1fff92d9c0d4b85e4bc8a8b1c27de84c04eb1e6577c10693500af46beaf7bd2ce72a06a46f4e565859f242cecbef1a431ae8096db712cebe73840bacc64de6b99077ba1ca8c20e5d0b4870bd161f087abbf568dfef58e604068ca6f7cdea183c8681c306bc30cb223e7c5ce3a2fcf00d13e158475b3700ef62dcca46c57baecca4d91052e20b861a1a085d5fc8e99aed8c4a9cfd550d01e54ef5062133befcf7f9ea6a5a1d1575a72cd82279f34030203010001a321301f301d0603551d0e04160414ec7ccdaf8ccdc6dd1b87d4b561582ad8ec397b80300d06092a864886f70d01010b0500038201010014c557ecddc17ba8b979618036e7093b8e7307f624644532c31239f4dc83fd9424267ca7670fa9f78689cbc5bfd8a6312fdc214bd159d614a8753ceec0f2b2d9166217895b13c992e1d10ca625a3153dacfa51dbdb7fde139bd59510f5add29f88be3826b445ce7386dcf06577be72fbdf118fa81179091fad275981409e02d40422d8e86df5827a2c496a4b905b4825c3f1ba0af4cf509bf9b0d4d608cf0b4320ac60d1a8cbcc384de24f11a4c93c0fc5b887cbd6855871af1b1ef729c51a8a123efc6a627b6494e81a264587443b9156ad17772863c2f9685fae9c72a552b333f8ef2822bce5d4d178e45b3a8dd4e321924f6a5ba43f732971a9e74cbf0433), time=4 ms
10-29 18:40:37.030  1923  1923 D CppPanelService: BEGIN: Initializing panel application via MSG_CREATE_PANEL_APP.
10-29 18:40:37.030  1923  1923 D CppPanelService: Falling back to last known good shell api level for 10.0.0.143.427
10-29 18:40:37.030  1923  1923 D CppPanelService: Configuring service for Shell with versionName 10.0.0.143.427 and versionCode 178455526 selected API Level 2
10-29 18:40:37.030  1923  1923 D [OAR] DialogPanelApp: DialogPanelApp()
10-29 18:40:37.030  1923  1923 I DialogPanel: Created
10-29 18:40:37.030  1923  1923 I DialogUI: Creating GlInfo
10-29 18:40:37.037  1923  1923 I DialogUI: Creating DialogContext
10-29 18:40:37.037  1923  1923 I DialogUI: GLES3::LoadGLFunctions()
10-29 18:40:37.037  1923  1923 I DialogUI: GL_InitExtensions()
10-29 18:40:37.037  1923  1923 I OVR_GlUtils: GL_EXTENSIONS:
10-29 18:40:37.037  1923  1923 I OVR_GlUtils: GL_OES_EGL_image
10-29 18:40:37.037  1923  1923 I OVR_GlUtils: GL_OES_EGL_image_external
10-29 18:40:37.037  1923  1923 I OVR_GlUtils: GL_OES_EGL_sync
10-29 18:40:37.037  1923  1923 I OVR_GlUtils: GL_OES_vertex_half_float
10-29 18:40:37.037  1923  1923 I OVR_GlUtils: GL_OES_framebuffer_object
10-29 18:40:37.037  1923  1923 I OVR_GlUtils: GL_OES_rgb8_rgba8
10-29 18:40:37.037  1923  1923 I OVR_GlUtils: GL_OES_compressed_ETC1_RGB8_texture
10-29 18:40:37.037  1923  1923 I OVR_GlUtils: GL_AMD_compressed_ATC_texture
10-29 18:40:37.037  1923  1923 I OVR_GlUtils: GL_KHR_texture_compression_astc_ldr
10-29 18:40:37.037  1923  1923 I OVR_GlUtils: GL_KHR_texture_compression_astc_hdr
10-29 18:40:37.037  1923  1923 I OVR_GlUtils: GL_OES_texture_compression_astc
10-29 18:40:37.037  1923  1923 I OVR_GlUtils: GL_OES_texture_npot
10-29 18:40:37.037  1923  1923 I OVR_GlUtils: GL_EXT_texture_filter_anisotropic
10-29 18:40:37.037  1923  1923 I OVR_GlUtils: GL_EXT_texture_format_BGRA8888
10-29 18:40:37.037  1923  1923 I OVR_GlUtils: GL_EXT_read_format_bgra
10-29 18:40:37.037  1923  1923 I OVR_GlUtils: GL_OES_texture_3D
10-29 18:40:37.037  1923  1923 I OVR_GlUtils: GL_EXT_color_buffer_float
10-29 18:40:37.037  1923  1923 I OVR_GlUtils: GL_EXT_color_buffer_half_float
10-29 18:40:37.037  1923  1923 I OVR_GlUtils: GL_QCOM_alpha_test
10-29 18:40:37.037  1923  1923 I OVR_GlUtils: GL_OES_depth24
10-29 18:40:37.037  1923  1923 I OVR_GlUtils: GL_OES_packed_depth_stencil
10-29 18:40:37.037  1923  1923 I OVR_GlUtils: GL_OES_depth_texture
10-29 18:40:37.037  1923  1923 I OVR_GlUtils: GL_OES_depth_texture_cube_map
10-29 18:40:37.037  1923  1923 I OVR_GlUtils: GL_EXT_sRGB
10-29 18:40:37.037  1923  1923 I OVR_GlUtils: GL_OES_texture_float
10-29 18:40:37.037  1923  1923 I OVR_GlUtils: GL_OES_texture_float_linear
10-29 18:40:37.037  1923  1923 I OVR_GlUtils: GL_OES_texture_half_float
10-29 18:40:37.037  1923  1923 I OVR_GlUtils: GL_OES_texture_half_float_linear
10-29 18:40:37.037  1923  1923 I OVR_GlUtils: GL_EXT_texture_type_2_10_10_10_REV
10-29 18:40:37.037  1923  1923 I OVR_GlUtils: GL_EXT_texture_sRGB_decode
10-29 18:40:37.037  1923  1923 I OVR_GlUtils: GL_EXT_texture_format_sRGB_override
10-29 18:40:37.037  1923  1923 I OVR_GlUtils: GL_OES_element_index_uint
10-29 18:40:37.037  1923  1923 I OVR_GlUtils: GL_EXT_copy_image
10-29 18:40:37.037  1923  1923 I OVR_GlUtils: GL_EXT_geometry_shader
10-29 18:40:37.037  1923  1923 I OVR_GlUtils: GL_EXT_tessellation_shader
10-29 18:40:37.037  1923  1923 I OVR_GlUtils: GL_OES_texture_stencil8
10-29 18:40:37.037  1923  1923 I OVR_GlUtils: GL_EXT_shader_io_blocks
10-29 18:40:37.037  1923  1923 I OVR_GlUtils: GL_OES_shader_image_atomic
10-29 18:40:37.037  1923  1923 I OVR_GlUtils: GL_OES_sample_variables
10-29 18:40:37.037  1923  1923 I OVR_GlUtils: GL_EXT_texture_border_clamp
10-29 18:40:37.037  1923  1923 I OVR_GlUtils: GL_EXT_EGL_image_external_wrap_modes
10-29 18:40:37.037  1923  1923 I OVR_GlUtils: GL_EXT_multisampled_render_to_texture
10-29 18:40:37.037  1923  1923 I OVR_GlUtils: GL_EXT_multisampled_render_to_texture2
10-29 18:40:37.037  1923  1923 I OVR_GlUtils: GL_OES_shader_multisample_interpolation
10-29 18:40:37.038  1923  1923 I OVR_GlUtils: GL_EXT_texture_cube_map_array
10-29 18:40:37.038  1923  1923 I OVR_GlUtils: GL_EXT_draw_buffers_indexed
10-29 18:40:37.038  1923  1923 I OVR_GlUtils: GL_EXT_gpu_shader5
10-29 18:40:37.038  1923  1923 I OVR_GlUtils: GL_EXT_robustness
10-29 18:40:37.038  1923  1923 I OVR_GlUtils: GL_EXT_texture_buffer
10-29 18:40:37.038  1923  1923 I OVR_GlUtils: GL_EXT_shader_framebuffer_fetch
10-29 18:40:37.038  1923  1923 I OVR_GlUtils: GL_ARM_shader_framebuffer_fetch_depth_stencil
10-29 18:40:37.038  1923  1923 I OVR_GlUtils: GL_OES_texture_storage_multisample_2d_array
10-29 18:40:37.038  1923  1923 I OVR_GlUtils: GL_OES_sample_shading
10-29 18:40:37.038  1923  1923 I OVR_GlUtils: GL_OES_get_program_binary
10-29 18:40:37.038  1923  1923 I OVR_GlUtils: GL_EXT_debug_label
10-29 18:40:37.038  1923  1923 I OVR_GlUtils: GL_KHR_blend_equation_advanced
10-29 18:40:37.038  1923  1923 I OVR_GlUtils: GL_KHR_blend_equation_advanced_coherent
10-29 18:40:37.038  1923  1923 I OVR_GlUtils: GL_QCOM_tiled_rendering
10-29 18:40:37.038  1923  1923 I OVR_GlUtils: GL_ANDROID_extension_pack_es31a
10-29 18:40:37.038  1923  1923 I OVR_GlUtils: GL_EXT_primitive_bounding_box
10-29 18:40:37.038  1923  1923 I OVR_GlUtils: GL_OES_standard_derivatives
10-29 18:40:37.038  1923  1923 I OVR_GlUtils: GL_OES_vertex_array_object
10-29 18:40:37.038  1923  1923 I OVR_GlUtils: GL_EXT_disjoint_timer_query
10-29 18:40:37.038  1923  1923 I OVR_GlUtils: GL_KHR_debug
10-29 18:40:37.038  1923  1923 I OVR_GlUtils: GL_EXT_YUV_target
10-29 18:40:37.038  1923  1923 I OVR_GlUtils: GL_EXT_sRGB_write_control
10-29 18:40:37.038  1923  1923 I OVR_GlUtils: GL_EXT_texture_norm16
10-29 18:40:37.038  1923  1923 I OVR_GlUtils: GL_EXT_discard_framebuffer
10-29 18:40:37.038  1923  1923 I OVR_GlUtils: GL_OES_surfaceless_context
10-29 18:40:37.038  1923  1923 I OVR_GlUtils: GL_OVR_multiview
10-29 18:40:37.038  1923  1923 I OVR_GlUtils: GL_OVR_multiview2
10-29 18:40:37.038  1923  1923 I OVR_GlUtils: GL_EXT_texture_sRGB_R8
10-29 18:40:37.038  1923  1923 I OVR_GlUtils: GL_KHR_no_error
10-29 18:40:37.038  1923  1923 I OVR_GlUtils: GL_EXT_debug_marker
10-29 18:40:37.038  1923  1923 I OVR_GlUtils: GL_OES_EGL_image_external_essl3
10-29 18:40:37.038  1923  1923 I OVR_GlUtils: GL_OVR_multiview_multisampled_render_to_texture
10-29 18:40:37.038  1923  1923 I OVR_GlUtils: GL_EXT_buffer_storage
10-29 18:40:37.038  1923  1923 I OVR_GlUtils: GL_EXT_external_buffer
10-29 18:40:37.038  1923  1923 I OVR_GlUtils: GL_EXT_blit_framebuffer_params
10-29 18:40:37.038  1923  1923 I OVR_GlUtils: GL_EXT_clip_cull_distance
10-29 18:40:37.038  1923  1923 I OVR_GlUtils: GL_EXT_protected_textures
10-29 18:40:37.038  1923  1923 I OVR_GlUtils: GL_EXT_shader_non_constant_global_initializers
10-29 18:40:37.038  1923  1923 I OVR_GlUtils: GL_QCOM_texture_foveated
10-29 18:40:37.038  1923  1923 I OVR_GlUtils: GL_QCOM_shader_framebuffer_fetch_noncoherent
10-29 18:40:37.038  1923  1923 I OVR_GlUtils: GL_QCOM_shader_framebuffer_fetch_rate
10-29 18:40:37.038  1923  1923 I OVR_GlUtils: GL_EXT_memory_object
10-29 18:40:37.038  1923  1923 I OVR_GlUtils: GL_EXT_memory_object_fd
10-29 18:40:37.038  1923  1923 I OVR_GlUtils: GL_EXT_EGL_image_array
10-29 18:40:37.038  1923  1923 I OVR_GlUtils: GL_NV_shader_noperspective_interpolation
10-29 18:40:37.038  1923  1923 I OVR_GlUtils: GL_KHR_robust_buffer_access_behavior
10-29 18:40:37.038  1923  1923 I OVR_GlUtils: GL_EXT_EGL_image_storage
10-29 18:40:37.038  1923  1923 I OVR_GlUtils: GL_EXT_blend_func_extended
10-29 18:40:37.038  1923  1923 I OVR_GlUtils: GL_EXT_clip_control
10-29 18:40:37.038  1923  1923 I OVR_GlUtils: GL_OES_texture_view
10-29 18:40:37.038  1923  1923 I OVR_GlUtils: GL_EXT_fragment_invocation_density
10-29 18:40:37.038  1923  1923 I OVR_GlUtils: GL_QCOM_YUV_texture_gather
10-29 18:40:37.038  1923  1923 I OVR_GlUtils: es3 = TRUE
10-29 18:40:37.038  1923  1923 I OVR_GlUtils: Found: GL_EXT_discard_framebuffer
10-29 18:40:37.038  1923  1923 I OVR_GlUtils: Found: GL_EXT_multisampled_render_to_texture
10-29 18:40:37.038  1923  1923 I OVR_GlUtils: Found: GL_OES_vertex_array_object
10-29 18:40:37.038  1923  1923 I OVR_GlUtils: Found: GL_QCOM_tiled_rendering
10-29 18:40:37.039  1923  1923 I OVR_GlUtils: Found: GL_EXT_disjoint_timer_query
10-29 18:40:37.039  1923  1923 I OVR_GlUtils: Found: GL_EXT_texture_sRGB_decode
10-29 18:40:37.039  1923  1923 I OVR_GlUtils: Found: GL_EXT_texture_border_clamp
10-29 18:40:37.039  1923  1923 I OVR_GlUtils: Found: GL_EXT_texture_filter_anisotropic
10-29 18:40:37.039  1923  1923 I OVR_GlUtils: Found: GL_OVR_multiview2
10-29 18:40:37.039  1923  1923 I OVR_GlUtils: Found: GL_OVR_multiview_multisampled_render_to_texture
10-29 18:40:37.039  1923  1923 I OVR_GlUtils: GL_MAX_TEXTURE_SIZE = 16384
10-29 18:40:37.039  1923  1923 I OVR_GlUtils: GL_MAX_VERTEX_UNIFORM_VECTORS = 256
10-29 18:40:37.039  1923  1923 I OVR_GlUtils: GL_MAX_FRAGMENT_UNIFORM_VECTORS = 256
10-29 18:40:37.039  1923  1923 I DialogUI: Create Player
10-29 18:40:37.041  2170 27268 W libosutils: PipelineSignal::waitOnListener(): failed (lost connection to service?)
10-29 18:40:37.041  2170 27268 W libosutils: PipelineSignal::waitOnListener(): failed (lost connection to service?)
10-29 18:40:37.042  1923  1923 I nanovg_gl: Failed to find /nvgshr_shaderDiffuse.bin
10-29 18:40:37.042  1923  1923 I RCTVR   : Compiling shader: 'shaderDiffuse'
10-29 18:40:37.044  1923  1923 I nanovg_gl: Failed to find /nvgshr_shaderDiffuseRCAO.bin
10-29 18:40:37.044  1923  1923 I RCTVR   : Compiling shader: 'shaderDiffuseRCAO'
10-29 18:40:37.045  1923  1923 I DialogUI: Initialize ANativeWindows
10-29 18:40:37.045  1923 27657 I AsyncFonts: FStart
10-29 18:40:37.045  1923  1923 I DialogUI: Initializing Surfaces
10-29 18:40:37.045  1923  1923 I DialogUI: Intialize surfaces
10-29 18:40:37.045  1923  1923 I DialogUI: Initialization complete
10-29 18:40:37.045  1923 27657 I ReactNativeContextGL: attempt loading default
10-29 18:40:37.046  1923  1923 I CppPanelService: BEGIN: nativeInitializePanelInstance - Configure and set up thread polling.
10-29 18:40:37.046  1923  1923 I CppPanelService: BEGIN: Call hosted app's Configure method.
10-29 18:40:37.046  1923  1923 I CppPanelService: END: Call hosted app's Configure method.
10-29 18:40:37.046  1923  1923 I CppPanelService: END: nativeInitializePanelInstance - Add fd 68 to looper with error code 1
10-29 18:40:37.046  1923  1923 D CppPanelService: END: Initializing panel application via MSG_CREATE_PANEL_APP.
10-29 18:40:37.046  1923 27657 I RCTVR   : cached fonts kern table /data/user/0/com.oculus.systemux/cache/fonts13126623695769500235.tbl, size: 173570
10-29 18:40:37.046  1923 27657 I ReactNativeContextGL: attempt loading sans-serif-Medium
10-29 18:40:37.047  1923 27657 I RCTVR   : cached fonts kern table /data/user/0/com.oculus.systemux/cache/fonts16661023916611392351.tbl, size: 174602
10-29 18:40:37.047  1923 27657 I ReactNativeContextGL: attempt loading sans-serif-Normal
10-29 18:40:37.048  1923 27657 I RCTVR   : cached fonts kern table /data/user/0/com.oculus.systemux/cache/fonts13126623695769500235.tbl, size: 173570
10-29 18:40:37.048  1923 27657 I ReactNativeContextGL: attempt loading sans-serif-Light
10-29 18:40:37.049  1923 27657 I RCTVR   : cached fonts kern table /data/user/0/com.oculus.systemux/cache/fonts14253415785172224153.tbl, size: 173570
10-29 18:40:37.049  1923 27657 I ReactNativeContextGL: attempt loading sans-serif-Bold
10-29 18:40:37.049  1923 27657 I RCTVR   : cached fonts kern table /data/user/0/com.oculus.systemux/cache/fonts3359410587668850974.tbl, size: 174602
10-29 18:40:37.050  1923 27657 I ReactNativeContextGL: attempt loading emoji
10-29 18:40:37.050  1810  1810 I PlatformPluginManager: enforcePartyChatStateConsistency - User not in a party.
10-29 18:40:37.050  1810  1810 I PlatformPluginManager: stopPartyChat
10-29 18:40:37.050  1810  1810 I PlatformPlugin: [PlatformPluginManager] Stopping party chat
10-29 18:40:37.050  1923 27657 I ReactNativeContextGL: attempt loading arabic
10-29 18:40:37.050  1923 27657 I RCTVR   : cached fonts kern table /data/user/0/com.oculus.systemux/cache/fonts10454961147255332201.tbl, size: 0
10-29 18:40:37.051  1923 27657 I ReactNativeContextGL: attempt loading cjk
10-29 18:40:37.054  1923 27657 I RCTVR   : cached fonts kern table /data/user/0/com.oculus.systemux/cache/fonts15581044167771501236.tbl, size: 292628
10-29 18:40:37.054  1923 27657 I AsyncFonts: FComplete
10-29 18:40:37.055  2170 27268 W libosutils: PipelineSignal::waitOnListener(): failed (lost connection to service?)
10-29 18:40:37.056  2170 27268 W libosutils: PipelineSignal::waitOnListener(): failed (lost connection to service?)
10-29 18:40:37.061  1867  1867 D [OAR] ShellControlBroadcastReceiver: onReceive with MainActivity native pointer 3729666400, action com.oculus.vrshell.intent.action.GUARDIAN
10-29 18:40:37.069  2170 27268 W libosutils: PipelineSignal::waitOnListener(): failed (lost connection to service?)
10-29 18:40:37.069  2170 27268 W libosutils: PipelineSignal::waitOnListener(): failed (lost connection to service?)
10-29 18:40:37.072  1867  1867 D [OAR] ShellControlBroadcastReceiver: Shell backgrounded or not running.
10-29 18:40:37.085  2170 27268 W libosutils: PipelineSignal::waitOnListener(): failed (lost connection to service?)
10-29 18:40:37.085  2170 27268 W libosutils: PipelineSignal::waitOnListener(): failed (lost connection to service?)
10-29 18:40:37.089  1867  1867 D [OAR] ShellControlBroadcastReceiver: Data URI is systemux://guardian/update_state
10-29 18:40:37.096  2170 27268 W libosutils: PipelineSignal::waitOnListener(): failed (lost connection to service?)
10-29 18:40:37.097  2170 27268 W libosutils: PipelineSignal::waitOnListener(): failed (lost connection to service?)
10-29 18:40:37.110  2170 27268 W libosutils: PipelineSignal::waitOnListener(): failed (lost connection to service?)
10-29 18:40:37.111  2170 27268 W libosutils: PipelineSignal::waitOnListener(): failed (lost connection to service?)
10-29 18:40:37.117  1076  1591 D NonVrActivityIntentWrapper: Is Intent { act=com.oculus.vrshell.intent.action.LAUNCH flg=0x10000000 cmp=com.oculus.vrshell/.MainActivity (has extras) }, a valid launch intent: false
10-29 18:40:37.118  1076  1591 I ActivityManager: START u0 {act=com.oculus.vrshell.intent.action.LAUNCH flg=0x10000000 cmp=com.oculus.vrshell/.MainActivity (has extras)} from uid 10024 on display 0
10-29 18:40:37.126  2170 27268 W libosutils: PipelineSignal::waitOnListener(): failed (lost connection to service?)
10-29 18:40:37.127  2170 27268 W libosutils: PipelineSignal::waitOnListener(): failed (lost connection to service?)
10-29 18:40:37.138  2170 27268 W libosutils: PipelineSignal::waitOnListener(): failed (lost connection to service?)
10-29 18:40:37.138  2170 27268 W libosutils: PipelineSignal::waitOnListener(): failed (lost connection to service?)
10-29 18:40:37.152  2170 27268 W libosutils: PipelineSignal::waitOnListener(): failed (lost connection to service?)
10-29 18:40:37.152  2170 27268 W libosutils: PipelineSignal::waitOnListener(): failed (lost connection to service?)
10-29 18:40:37.153 27150 27169 D UE4     : [2019.10.29-09.40.37:153][236]LogAndroid: Case APP_CMD_LOST_FOCUS
10-29 18:40:37.153 27150 27169 D UE4     : LogAndroidEvents::EnqueueAppEvent : 10, 0, tid = 27169, APP_EVENT_STATE_WINDOW_LOST_FOCUS
10-29 18:40:37.154 27150 27150 D UE4     : onPause: stop memory reporter runnable
10-29 18:40:37.154 27150 27150 D UE4     : Unregistering sensor listeners
10-29 18:40:37.154 27150 27169 D UE4     : Case APP_CMD_PAUSE
10-29 18:40:37.154 27150 27169 D UE4     : [2019.10.29-09.40.37:154][236]LogAndroid: Case APP_CMD_PAUSE
10-29 18:40:37.154 27150 27169 D UE4     : LogAndroidEvents::EnqueueAppEvent : 6, 0, tid = 27169, APP_EVENT_STATE_ON_PAUSE
10-29 18:40:37.154 27150 27150 D UE4     : ==============> GameActive.onPause complete!
10-29 18:40:37.159 27150 27167 D UE4     : [2019.10.29-09.40.37:159][236]LogAndroidEvents: Display: LogAndroidEvents::DequeueAppEvent : 10, 0, APP_EVENT_STATE_WINDOW_LOST_FOCUS
10-29 18:40:37.159 27150 27167 D UE4     : [2019.10.29-09.40.37:159][236]LogAndroidEvents: Display: LogAndroidEvents::DequeueAppEvent : 6, 0, APP_EVENT_STATE_ON_PAUSE
10-29 18:40:37.166  2170 27268 W libosutils: PipelineSignal::waitOnListener(): failed (lost connection to service?)
10-29 18:40:37.166  2170 27268 W libosutils: PipelineSignal::waitOnListener(): failed (lost connection to service?)
10-29 18:40:37.181  2170 27268 W libosutils: PipelineSignal::waitOnListener(): failed (lost connection to service?)
10-29 18:40:37.181  2170 27268 W libosutils: PipelineSignal::waitOnListener(): failed (lost connection to service?)
10-29 18:40:37.195  2170 27268 W libosutils: PipelineSignal::waitOnListener(): failed (lost connection to service?)
10-29 18:40:37.196  2170 27268 W libosutils: PipelineSignal::waitOnListener(): failed (lost connection to service?)
10-29 18:40:37.201 27150 27162 E Parcel  : Reading a NULL string not supported here.
10-29 18:40:37.202 13427 13439 E Parcel  : Reading a NULL string not supported here.
10-29 18:40:37.204 27150 27162 D AudioTrack: updateAppOpsPlayAudio: checkOp OP_PLAY_AUDIO for com.YourCompany.LastResisters returns: 0 (ALLOWED)
10-29 18:40:37.215  2170 27268 W libosutils: PipelineSignal::waitOnListener(): failed (lost connection to service?)
10-29 18:40:37.216 13427 13439 D AudioTrack: updateAppOpsPlayAudio: checkOp OP_PLAY_AUDIO for com.YourCompany.MyProject returns: 1 (IGNORED)
10-29 18:40:37.217  2170 27268 W libosutils: PipelineSignal::waitOnListener(): failed (lost connection to service?)
10-29 18:40:37.235  1867  1867 D [OAR] MainActivity: onNewIntent()
10-29 18:40:37.235  1867  1917 I [OAR] ShellApp: 0xcd911388 msg: intent
10-29 18:40:37.235  1867  1917 W [OAR] SystemUXController: Not able to override pending launch so caching: systemux://guardian/update_state
10-29 18:40:37.235  1867  1917 W [OAR] SystemUXController: Clearing existing launch: guardian_action_type = 0
10-29 18:40:37.235  1867  1917 W [OAR] SystemUXController: intent_data = systemux://guardian/update_state
10-29 18:40:37.235  1867  1917 W [OAR] SystemUXController: intent_pkg = com.YourCompany.LastResisters
10-29 18:40:37.235  1867  1917 W [OAR] SystemUXController: intent_cmd = 
10-29 18:40:37.235  1867  1917 W [OAR] SystemUXController: intent_action = com.oculus.vrshell.intent.action.LAUNCH
10-29 18:40:37.235  1867  1917 W [OAR] SystemUXController: _oc_launch_timestamp = 23579241
10-29 18:40:37.235  1867  1917 W [OAR] SystemUXController: launchingComponent = intent
10-29 18:40:37.236  2170 27268 W libosutils: PipelineSignal::waitOnListener(): failed (lost connection to service?)
10-29 18:40:37.248  2170 27268 W libosutils: PipelineSignal::waitOnListener(): failed (lost connection to service?)
10-29 18:40:37.262   710 27313 I [CT]    : HealthReport: ==================================================
10-29 18:40:37.262   710 27313 I [CT]    : Health Report
10-29 18:40:37.262   710 27313 I [CT]    : -------------
10-29 18:40:37.262   710 27313 I [CT]    : 
10-29 18:40:37.262   710 27313 I [CT]    : Reporter #1 (InsideOutHealthMonitor) summary:
10-29 18:40:37.262   710 27313 I [CT]    : Camera: Total Dropped: 0.000000, Total Frame Count: 251 (0.000000%), Camera Reset Count: 0
10-29 18:40:37.262   710 27313 I [CT]    : Camera: Total Single Camera Frame Dropped: 0, Total Frame Count: 251 (0.000000%)
10-29 18:40:37.262   710 27313 I [CT]    : IMU: Total Dropped: 0.000000, Total Sample Count: 8619 (0.000000%)
10-29 18:40:37.262   710 27313 I [CT]    : Magnetometer: Total Dropped: 0.000000, Total Sample Count: 259 (0.000000%)
10-29 18:40:37.262   710 27313 I [CT]    : 
10-29 18:40:37.262   710 27313 I [CT]    : Reporter #1 (InsideOutHealthMonitor) Passed
10-29 18:40:37.262   710 27313 I [CT]    : --------------------------------------------------
10-29 18:40:37.262   710 27313 I [CT]    : Reporter #2 (ConstellationHealthMonitor) summary:
10-29 18:40:37.262   710 27313 I [CT]    : Camera: Total Dropped: 0.000000, Total Frame Count: 252 (0.000000%), Camera Reset Count: 1
10-29 18:40:37.262   710 27313 I [CT]    : Camera: Total Single Camera Frame Dropped: 0, Total Frame Count: 252 (0.000000%)
10-29 18:40:37.262   710 27313 I [CT]    : Controller 16572054001761934198:
10-29 18:40:37.262   710 27313 I [CT]    : IMU: Capture period exceeded threshold.  Largest period: 3.512898 sec
10-29 18:40:37.262   710 27313 I [CT]    : Controllers may have been sleeping
10-29 18:40:37.262   710 27313 I [CT]    : IMU: Total Dropped: 6.990000, Total Sample Count: 2642.165000 (0.264556%)
10-29 18:40:37.262   710 27313 I [CT]    : Controller 3669952633402657438:
10-29 18:40:37.262   710 27313 I [CT]    : IMU: Ca
10-29 18:40:37.266  2170 27268 W libosutils: PipelineSignal::waitOnListener(): failed (lost connection to service?)
10-29 18:40:37.266  2170 27268 W libosutils: PipelineSignal::waitOnListener(): failed (lost connection to service?)
10-29 18:40:37.268 27150 27627 D UE4     : *** JavaEnvDestructor: 27627
10-29 18:40:37.277  2170 27268 W libosutils: PipelineSignal::waitOnListener(): failed (lost connection to service?)
10-29 18:40:37.279  2170 27268 W libosutils: PipelineSignal::waitOnListener(): failed (lost connection to service?)
10-29 18:40:37.283  2170 27324 I Clocks  : SetSchedFifo( tid=27167, pri=0 ) succeeded
10-29 18:40:37.289  2170 27324 I Clocks  : SetSchedFifo( tid=27631, pri=0 ) succeeded
10-29 18:40:37.293  2170  2357 I GuardianSystem: GuardianSystem::BroadcastInfoToShell systemux://guardian/update_state 
10-29 18:40:37.293  2170  2357 D VrRuntimeService: sendBroadcastIntent - action: 'com.oculus.vrshell.intent.action.GUARDIAN' data: 'systemux://guardian/update_state' intent_pkg: com.YourCompany.LastResisters intent_cmd: 
10-29 18:40:37.293  2170 27324 I Clocks  : SetSchedFifo( tid=27268, pri=0 ) succeeded
10-29 18:40:37.293  2170 27324 I TimeWarp: Will tear: 0.009974
10-29 18:40:37.294  2170 27268 W libosutils: PipelineSignal::waitOnListener(): failed (lost connection to service?)
10-29 18:40:37.295  2170 27268 W libosutils: PipelineSignal::waitOnListener(): failed (lost connection to service?)
10-29 18:40:37.305 13427 13450 E Parcel  : Reading a NULL string not supported here.
10-29 18:40:37.306  1867  1867 D [OAR] MainActivity: onResume()
10-29 18:40:37.309  2170 27268 W libosutils: PipelineSignal::waitOnListener(): failed (lost connection to service?)
10-29 18:40:37.310  2170 27268 W libosutils: PipelineSignal::waitOnListener(): failed (lost connection to service?)
10-29 18:40:37.312 13427 13450 D AudioTrack: updateAppOpsPlayAudio: checkOp OP_PLAY_AUDIO for com.YourCompany.MyProject returns: 1 (IGNORED)
10-29 18:40:37.319  2170 27268 W libosutils: PipelineSignal::waitOnListener(): failed (lost connection to service?)
10-29 18:40:37.322  2170 27268 W libosutils: PipelineSignal::waitOnListener(): failed (lost connection to service?)
10-29 18:40:37.325 27150 27184 E Parcel  : Reading a NULL string not supported here.
10-29 18:40:37.327 27150 27184 D AudioTrack: updateAppOpsPlayAudio: checkOp OP_PLAY_AUDIO for com.YourCompany.LastResisters returns: 1 (IGNORED)
10-29 18:40:37.327 27150 27184 I AudioTrack: updateAppOpsPlayAudio: pausing audio thread
10-29 18:40:37.327 27150 27184 E Parcel  : Reading a NULL string not supported here.
10-29 18:40:37.330 27150 27184 D AudioTrack: updateAppOpsPlayAudio: checkOp OP_PLAY_AUDIO for com.YourCompany.LastResisters returns: 1 (IGNORED)
10-29 18:40:37.331 27150 27184 E Parcel  : Reading a NULL string not supported here.
10-29 18:40:37.334  2170 27268 W libosutils: PipelineSignal::waitOnListener(): failed (lost connection to service?)
10-29 18:40:37.335  2170 27268 W libosutils: PipelineSignal::waitOnListener(): failed (lost connection to service?)
10-29 18:40:37.336  1867  1867 D [OAR] CompanionServerPreferencesHandler: Updating companion server prefs
10-29 18:40:37.336  1867  1917 I [OAR] ShellApp: 0xcd911388 msg: resume
10-29 18:40:37.337  1867  1867 D [OAR] CompanionServerPreferencesHandler: updateVrReady: false
10-29 18:40:37.337  1867  1867 D [OAR] CompanionServerPreferencesHandler: updateNuxComplete: false
10-29 18:40:37.337  1867  1867 D [OAR] CompanionServerPreferencesHandler: updateNuxFlow: false
10-29 18:40:37.347  2170 27268 W libosutils: PipelineSignal::waitOnListener(): failed (lost connection to service?)
10-29 18:40:37.348  2170 27268 W libosutils: PipelineSignal::waitOnListener(): failed (lost connection to service?)
10-29 18:40:37.360  2170 27268 W libosutils: PipelineSignal::waitOnListener(): failed (lost connection to service?)
10-29 18:40:37.361  2170 27268 W libosutils: PipelineSignal::waitOnListener(): failed (lost connection to service?)
10-29 18:40:37.378  2170 27268 W libosutils: PipelineSignal::waitOnListener(): failed (lost connection to service?)
10-29 18:40:37.379  2170 27268 W libosutils: PipelineSignal::waitOnListener(): failed (lost connection to service?)
10-29 18:40:37.391  2170 27268 W libosutils: PipelineSignal::waitOnListener(): failed (lost connection to service?)
10-29 18:40:37.392  2170 27268 W libosutils: PipelineSignal::waitOnListener(): failed (lost connection to service?)
10-29 18:40:37.395  1867  1867 D [OAR] MainActivity: com.oculus.vrshell.MainActivity@6fb0e surfaceCreated()
10-29 18:40:37.395  1867  1867 I [OAR] ShellMain:     looperMessageQueue->PostPrintf("surfaceCreated 0xc7721008")
10-29 18:40:37.395  1867  1867 D [OAR] MainActivity: com.oculus.vrshell.MainActivity@6fb0e surfaceChanged() format: 4 width: 2880 height: 1600
10-29 18:40:37.395  1867  1867 I [OAR] ShellMain:     ANativeWindow_release(newNativeWindow)
10-29 18:40:37.395  1867  1917 I [OAR] ShellApp: 0xcd911388 msg: surfaceCreated 0xc7721008
10-29 18:40:37.395  1867  1917 I [OAR] ShellApp: ---------- ShellApp::EnterVrMode() ----------
10-29 18:40:37.395  1867  1917 I [OAR] ShellApp: phone is in developer mode
10-29 18:40:37.395  1867  1917 I [OAR] ShellApp: vrapi_EnterVrMode()
10-29 18:40:37.395  1867  1917 I VrApi   : ---------- vrapi_EnterVrMode [start] ----------
10-29 18:40:37.396  1867  1917 D InputHooksJava: Enabling Java Input Hooks
10-29 18:40:37.396  1867  1917 I VrRuntimeClient: Tracing is disabled
10-29 18:40:37.402  1867  1917 D VrApi   : targetSDKVersion 25
10-29 18:40:37.403  2170 27268 W libosutils: PipelineSignal::waitOnListener(): failed (lost connection to service?)
10-29 18:40:37.411  2170 27268 W libosutils: PipelineSignal::waitOnListener(): failed (lost connection to service?)
10-29 18:40:37.413  1867  1917 I VrRuntimeClient: DEVICE MODEL NUMBER = Quest
10-29 18:40:37.413  1867  1917 I VrRuntimeClient: DEVICE HARDWARE = monterey
10-29 18:40:37.413  1867  1917 I VrRuntimeClient: DEVICE BUILD NAME = user-396520.6170.0
10-29 18:40:37.413  1867  1917 I VrRuntimeClient: DEVICE BUILD TYPE = user
10-29 18:40:37.413  1867  1917 I VrRuntimeClient: DEVICE OS VERSION = 7.1.1
10-29 18:40:37.413  1867  1917 I VrRuntimeClient: VRRUNTIME VERSION = VRAPI_VERSION_BEGIN { 1.1.27.0-178455920-178455920 Oct 17 2019 20:40:08 Development } RELEASE
10-29 18:40:37.413  1867  1917 I VrRuntimeClient: API LOADER VERSION = 1.1.25.0
10-29 18:40:37.414  1867  1917 I VrRuntimeClient: VRDRIVER VERSION = 10.0.0.143.427
10-29 18:40:37.414  1867  1917 I VrRuntimeClient: APP NAME = Oculus App Runtime
10-29 18:40:37.414  1867  1917 I VrRuntimeClient: APP VERSION = 10.0.0.143.427 versionCode 178455526 internalVersionName 10.0.0.143.427.5f7997c54f2b 2019_10_17_20_36
10-29 18:40:37.414  1867  1917 I VrRuntimeClient: APP VR TYPE = vr_only
10-29 18:40:37.414  1867  1917 I VrRuntimeClient: APP PACKAGE NAME = com.oculus.vrshell
10-29 18:40:37.414  1867  1917 I VrRuntimeClient: APP ACTIVITY CLASS = com.oculus.vrshell.MainActivity
10-29 18:40:37.414  1867  1917 D BatteryReceiver: Registering battery receiver
10-29 18:40:37.416  1867  1917 D HeadsetReceiver: getCurrentHeadsetState: false
10-29 18:40:37.416  1867  1917 I DeviceStatus_Android: nativeHeadsetEvent(0)
10-29 18:40:37.416  2170 27268 W libosutils: PipelineSignal::waitOnListener(): failed (lost connection to service?)
10-29 18:40:37.417  2170 27268 W libosutils: PipelineSignal::waitOnListener(): failed (lost connection to service?)
10-29 18:40:37.420  1867  1917 I DeviceStatus_Android: nativeGamepadListener(0)
10-29 18:40:37.421  1867  1917 I InputDeviceManager: ovrInputDeviceManager::Initialize
10-29 18:40:37.426  1867  1917 I ScreenCaptureHelper: GetScreenCaptureInhibitFlagFromVrHelper
10-29 18:40:37.427  2170  2170 D VrRuntimeService: onFocusedWindowChanged: topWindowToken=android.os.BinderProxy@5d19253, topWindowUid=10024
10-29 18:40:37.427  1867  1867 D [OAR] ShellControlBroadcastReceiver: onReceive with MainActivity native pointer 3729666400, action com.oculus.vrshell.intent.action.GUARDIAN
10-29 18:40:37.427  2170  2170 W ClientMgr: ClientMgr::SetPrimaryCompositorClient: No active client
10-29 18:40:37.427  2170  2170 I TimeWarp: ReleaseClockLevels
10-29 18:40:37.430  2170 27324 I TimeWarp: UpdateClockLevels: Force releasing clocks
10-29 18:40:37.430  2170 27324 I TimeWarp: UpdateClockLevels: Apply pending clock request change: 4,5 -> -1,-1
10-29 18:40:37.430  2170 27323 I Clocks  : ReleaseClocks - start
10-29 18:40:37.434   717 23157 D VrApiService: CPU_CLUSTER_0: No client requests exists, release clocks
10-29 18:40:37.435   717 23157 D VrApiService: CPU_CLUSTER_1: No client requests exists, release clocks
10-29 18:40:37.435   717 23157 D VrApiService: GPU: No client requests exists, release clocks
10-29 18:40:37.435   717 23157 D VrApiService: CPUBW: No client requests exists, release clocks
10-29 18:40:37.435  2170 27268 W libosutils: PipelineSignal::waitOnListener(): failed (lost connection to service?)
10-29 18:40:37.436  2170 27268 W libosutils: PipelineSignal::waitOnListener(): failed (lost connection to service?)
10-29 18:40:37.436  2170 27324 W TimeWarp: FetchFrame: client(0) is enabled, but shared memory is not set
10-29 18:40:37.437  2170 27324 W TimeWarp: FetchFrame: client(0) is enabled, but shared memory is not set
10-29 18:40:37.438   717 23157 D VrApiService: GPUBW: No client requests exists, release clocks
10-29 18:40:37.439  2170 27323 I Clocks  : ReleaseClocks - end (9.2 ms)
10-29 18:40:37.444  2170 27324 I TimeWarp: UpdateClockLevels: Apply pending clock request change: -1,-1 -> 2,3
10-29 18:40:37.444  2170 27323 I Clocks  : LockClocks( cpu=2, gpu=3 ) - start
10-29 18:40:37.445  2170 27268 W libosutils: PipelineSignal::waitOnListener(): failed (lost connection to service?)
10-29 18:40:37.445  2170 27268 W libosutils: PipelineSignal::waitOnListener(): failed (lost connection to service?)
10-29 18:40:37.446  2170 27323 I Clocks  : CPU levels [0, 4]
10-29 18:40:37.446  2170 27323 I Clocks  : GPU levels [0, 5]
10-29 18:40:37.447   717 23157 D VrApiService: CPU_CLUSTER_0: Client 2170 sends freq request [21, 21]
10-29 18:40:37.447   717 23157 D VrApiService: CPU_CLUSTER_0: Next Perf Level = (21, 21)
10-29 18:40:37.447   717 23157 D VrApiService: CPU_CLUSTER_1: Client 2170 sends freq request [18, 18]
10-29 18:40:37.447   717 23157 D VrApiService: CPU_CLUSTER_1: Next Perf Level = (18, 18)
10-29 18:40:37.447  1867  1917 D VRProviderHelper: Could not find provider
10-29 18:40:37.447   717 23157 D VrApiService: CPUBW: Client 2170 sends freq request [8, 11]
10-29 18:40:37.447  2170  2184 I ScreenCaptureBase: GlobalInhibitState=0
10-29 18:40:37.447  1867  1917 D TrackingServiceConnectionNative: onClientConnect
10-29 18:40:37.447  1867  1917 D BinderConnection: Connecting to TrackingService
10-29 18:40:37.450  1867  1867 D [OAR] ShellControlBroadcastReceiver: Shell foreground
10-29 18:40:37.450  2170 27324 W TimeWarp: FetchFrame: client(0) is enabled, but shared memory is not set
10-29 18:40:37.451  2170 27324 W TimeWarp: FetchFrame: client(0) is enabled, but shared memory is not set
10-29 18:40:37.453   717 23157 D VrApiService: CPUBW: Next Perf Level = (8, 11)
10-29 18:40:37.453  1867  1917 D TrackingServiceConnectionNative: onConnected
10-29 18:40:37.456   710   927 I TrackingService: TrackingService::getSharedMemoryFileDescriptor
10-29 18:40:37.458  2170 27268 W libosutils: PipelineSignal::waitOnListener(): failed (lost connection to service?)
10-29 18:40:37.459  2170 27268 W libosutils: PipelineSignal::waitOnListener(): failed (lost connection to service?)
10-29 18:40:37.459  1867  1917 I TrackingServiceClient: OVR::TrackingService::ClientSetInterface
10-29 18:40:37.459  1867  1917 I TrackingServiceClient: TrackingService client: roFd(144)
10-29 18:40:37.460  1867  1917 I TrackingServiceClient: TrackingService client: connected to interface version 10.
10-29 18:40:37.460  1867  1917 I TrackingServiceClient: TrackingService client: last prediction time is 0.004493 seconds old
10-29 18:40:37.460  1867  1917 I TrackingServiceClient: TrackingService client: provided by pid=710
10-29 18:40:37.461   710  9477 I TrackingService: TrackingService::registerClient
10-29 18:40:37.461   710  9477 I TrackingService: Registering client with TrackingServiceHost
10-29 18:40:37.462   710  9477 I TrackingService: Notifying client pid 1867 of new remote 32ee4a79d0798a9e
10-29 18:40:37.462   717 23157 D VrApiService: GPUBW: Client 2170 sends freq request [9, 11]
10-29 18:40:37.462   717 23157 D VrApiService: GPUBW: Next Perf Level = (9, 11)
10-29 18:40:37.463   717 23157 D VrApiService: GPU: Client 2170 sends freq request [4, 4]
10-29 18:40:37.463   717 23157 D VrApiService: GPU: Next Perf Level = (4, 4)
10-29 18:40:37.463  1867  1917 D TrackingServiceClient: TrackingServiceClient onRemoteConnected 32ee4a79d0798a9e
10-29 18:40:37.464   710  9477 I TrackingService: Notifying client pid 1867 of new remote e5fbc34fe59c5b76
10-29 18:40:37.464  1867  1917 D TrackingServiceClient: TrackingServiceClient onRemoteConnected e5fbc34fe59c5b76
10-29 18:40:37.464   710  9477 I TrackingService: TrackingServiceHost GetSharedMemoryFileDescriptor for client pid 1867
10-29 18:40:37.464   710  9477 I TrackingService: TrackingServiceHost registered common client; there are 0 secure clients
10-29 18:40:37.464  2170 27324 W TimeWarp: FetchFrame: client(0) is enabled, but shared memory is not set
10-29 18:40:37.465  2170 27324 W TimeWarp: FetchFrame: client(0) is enabled, but shared memory is not set
10-29 18:40:37.466  1867  1917 I TrackingServiceClient: ClientConnectComplete
10-29 18:40:37.466  1867  1917 I VrApi   : ovrModeParms::VRAPI_MODE_FLAG_ALLOW_POWER_SAVE = 1
10-29 18:40:37.466  1867  1917 I VrApi   : ovrModeParms::VRAPI_MODE_FLAG_RESET_WINDOW_FULLSCREEN = 1
10-29 18:40:37.466  1867  1917 I VrApi   : ovrModeParms::VRAPI_MODE_FLAG_NATIVE_WINDOW = 1
10-29 18:40:37.466  1867  1917 I VrApi   : ovrModeParms::VRAPI_MODE_FLAG_FRONT_BUFFER_PROTECTED = 0
10-29 18:40:37.466  1867  1917 I VrApi   : ovrModeParms::VRAPI_MODE_FLAG_FRONT_BUFFER_565 = 0
10-29 18:40:37.466  1867  1917 I VrApi   : ovrModeParms::VRAPI_MODE_FLAG_FRONT_BUFFER_SRGB = 1
10-29 18:40:37.466  1867  1917 I VrApi   : ovrModeParms::VRAPI_MODE_FLAG_CREATE_CONTEXT_NO_ERROR = 0
10-29 18:40:37.466  1867  1917 I VrApi   : HMD sensor attached.
10-29 18:40:37.466  1867  1917 I VrApi   : Client side frame sync enabled
10-29 18:40:37.467  1867  1917 D VrRuntimeClient: VrRuntimeClient: enableRendering: activity client
10-29 18:40:37.467  1867  1917 D VrRuntimeClient: VrRuntimeClient: enableRendering: Using clientWindow=android.os.BinderProxy@efa4d7a
10-29 18:40:37.467  2170  2181 I ClientMgr: ClientMgr::SetPrimaryCompositorClient: com.oculus.vrshell
10-29 18:40:37.467 27150 27625 D UE4     : *** JavaEnvDestructor: 27625
10-29 18:40:37.468 27150 27626 D UE4     : *** JavaEnvDestructor: 27626
10-29 18:40:37.469  2170 27323 I Clocks  : LockClocks( cpu=2, gpu=3 ) - end (24.7 ms)
10-29 18:40:37.473  2170 27268 W libosutils: PipelineSignal::waitOnListener(): failed (lost connection to service?)
10-29 18:40:37.476  2170 27268 W libosutils: PipelineSignal::waitOnListener(): failed (lost connection to service?)
10-29 18:40:37.477  1867  1867 D [OAR] ShellControlBroadcastReceiver: onReceive with MainActivity native pointer 3729666400, action com.oculus.vrshell.intent.action.GUARDIAN
10-29 18:40:37.480  1867  1867 D [OAR] ShellControlBroadcastReceiver: Shell foreground
10-29 18:40:37.487  2170 27268 W libosutils: PipelineSignal::waitOnListener(): failed (lost connection to service?)
10-29 18:40:37.492 27150 27624 D UE4     : *** JavaEnvDestructor: 27624
10-29 18:40:37.497  1867  1867 D [OAR] ShellControlBroadcastReceiver: onReceive with MainActivity native pointer 3729666400, action com.oculus.vrshell.intent.action.GUARDIAN
10-29 18:40:37.498  2170 27268 W libosutils: PipelineSignal::waitOnListener(): failed (lost connection to service?)
10-29 18:40:37.499  1867  1867 D [OAR] ShellControlBroadcastReceiver: Shell foreground
10-29 18:40:37.500  2170  2181 I GuardianSystem: SetCurrentPackageName: com.oculus.vrshell
10-29 18:40:37.500  2170  2181 D VrRuntimeService: this client: 1867:com.oculus.vrshell
10-29 18:40:37.500  2170  2181 D VrRuntimeService: enableRendering: clientWindow: android.os.BinderProxy@5d19253 enable: true
10-29 18:40:37.500  2170  2181 I ClientMgr: ClientMgr::EnableRendering 1867:com.oculus.vrshell : enable
10-29 18:40:37.500  2170  2181 I TimeWarp: CheckDebuggerConnected: debugger 0
10-29 18:40:37.500  1867  1917 I VrRuntimeClient: CreateWarp: ImportGles: Fd=63, BufferSize=4096, AllocSize=9568
10-29 18:40:37.501  1867  1917 I VrRuntimeClient: CreateWarp: ImportGles: bo.Gl.BufferId=206, bo.Gl.MemoryObject=33
10-29 18:40:37.514  2170 27268 W libosutils: PipelineSignal::waitOnListener(): failed (lost connection to service?)
10-29 18:40:37.515  2170 27268 W libosutils: PipelineSignal::waitOnListener(): failed (lost connection to service?)
10-29 18:40:37.529  2170 27268 W libosutils: PipelineSignal::waitOnListener(): failed (lost connection to service?)
10-29 18:40:37.530  2170 27268 W libosutils: PipelineSignal::waitOnListener(): failed (lost connection to service?)
10-29 18:40:37.545  2170 27268 W libosutils: PipelineSignal::waitOnListener(): failed (lost connection to service?)
10-29 18:40:37.547  2170 27268 W libosutils: PipelineSignal::waitOnListener(): failed (lost connection to service?)
10-29 18:40:37.548  1867  1917 I ScreenCaptureHelper: Advertising com.oculus.vrshell as streamable
10-29 18:40:37.552  1867  1917 I OSSDK   : TelemetryHandler: Using standalone implementation
10-29 18:40:37.552  1867  1917 I VrApi   : OVR::Stats thread started
10-29 18:40:37.555  2170 27324 I TimeWarp: UpdateClockLevels: Apply pending clock request change: 2,3 -> 3,3
10-29 18:40:37.555  2170 27323 I Clocks  : ReleaseClocks - start
