--------- beginning of system
11-07 12:11:33.391  1081  1530 I ActivityManager: START u0 {flg=0x10000000 cmp=com.YourCompany.LastResisters/com.epicgames.ue4.GameActivity} from uid 2000 on display 0
11-07 12:11:33.408  1081  1530 I ActivityManager: Start proc 11611:com.YourCompany.LastResisters/u0a310 for activity com.YourCompany.LastResisters/com.epicgames.ue4.GameActivity
11-07 12:11:33.682  1081  1564 I ActivityManager: START u0 {act=android.content.pm.action.REQUEST_PERMISSIONS pkg=com.android.packageinstaller cmp=com.android.packageinstaller/.permission.ui.GrantPermissionsActivity (has extras)} from uid 10310 on display 0
11-07 12:11:36.400  1081  1246 E TaskPersister: File error accessing recents directory (directory doesn't exist?).
11-07 12:12:11.129  1081  1124 E BatteryStatsService: no controller energy info supplied
11-07 12:12:11.139  1081  1124 E BatteryStatsService: no controller energy info supplied
11-07 12:16:16.625  1081  1124 E BatteryStatsService: no controller energy info supplied
11-07 12:16:16.637  1081  1124 E BatteryStatsService: no controller energy info supplied
11-07 12:16:28.996  1081  1462 I PowerManagerService: Waking up from sleep (uid 1000)...
11-07 12:16:28.998  1081  1147 I DisplayPowerController: Blocking screen on until initial contents have been drawn.
11-07 12:16:29.033  1081  1145 I DisplayManagerService: Display device changed state: "内蔵スクリーン", ON
11-07 12:16:29.402  1081  1147 I DisplayPowerController: Unblocked screen on after 396 ms
11-07 12:16:29.748  1466 12347 W ContextImpl: Calling a method in the system process without a qualified user: android.app.ContextImpl.sendBroadcast:877 android.content.ContextWrapper.sendBroadcast:421 com.facebook.analytics2.logger.UploadServiceBus.signalJobRan:60 com.facebook.analytics2.logger.UploadJobHandler.exitStateMachine:264 com.facebook.analytics2.logger.UploadJobHandler.handleMessage:97 
11-07 12:16:30.837  1081  1480 I ActivityManager: START u0 {act=com.oculus.vrshell.intent.action.LAUNCH flg=0x10000000 cmp=com.oculus.vrshell/.MainActivity (has extras)} from uid 10024 on display 0
--------- beginning of main
11-07 12:16:33.553  2167 12276 W libosutils: PipelineSignal::waitOnListener(): failed (lost connection to service?)
11-07 12:16:33.567  2167 12276 W libosutils: PipelineSignal::waitOnListener(): failed (lost connection to service?)
11-07 12:16:33.567  2167 12276 W libosutils: PipelineSignal::waitOnListener(): failed (lost connection to service?)
11-07 12:16:33.581  2167 12276 W libosutils: PipelineSignal::waitOnListener(): failed (lost connection to service?)
11-07 12:16:33.581  2167 12276 W libosutils: PipelineSignal::waitOnListener(): failed (lost connection to service?)
11-07 12:16:33.594  2167 12276 W libosutils: PipelineSignal::waitOnListener(): failed (lost connection to service?)
11-07 12:16:33.594  2167 12276 W libosutils: PipelineSignal::waitOnListener(): failed (lost connection to service?)
11-07 12:16:33.605   716 12329 I [CT]    : HealthReport: ==================================================
11-07 12:16:33.605   716 12329 I [CT]    : Health Report
11-07 12:16:33.605   716 12329 I [CT]    : -------------
11-07 12:16:33.605   716 12329 I [CT]    : 
11-07 12:16:33.605   716 12329 I [CT]    : Reporter #1 (InsideOutHealthMonitor) summary:
11-07 12:16:33.605   716 12329 I [CT]    : Camera: Total Dropped: 0.000000, Total Frame Count: 127 (0.000000%), Camera Reset Count: 0
11-07 12:16:33.605   716 12329 I [CT]    : Camera: Total Single Camera Frame Dropped: 0, Total Frame Count: 127 (0.000000%)
11-07 12:16:33.605   716 12329 I [CT]    : IMU: Total Dropped: 0.000000, Total Sample Count: 4452 (0.000000%)
11-07 12:16:33.605   716 12329 I [CT]    : Magnetometer: Total Dropped: 0.000000, Total Sample Count: 133 (0.000000%)
11-07 12:16:33.605   716 12329 I [CT]    : 
11-07 12:16:33.605   716 12329 I [CT]    : Reporter #1 (InsideOutHealthMonitor) Passed
11-07 12:16:33.605   716 12329 I [CT]    : --------------------------------------------------
11-07 12:16:33.605   716 12329 I [CT]    : Reporter #2 (ConstellationHealthMonitor) summary:
11-07 12:16:33.605   716 12329 I [CT]    : Camera: Total Dropped: 0.000000, Total Frame Count: 128 (0.000000%), Camera Reset Count: 1
11-07 12:16:33.605   716 12329 I [CT]    : Camera: Total Single Camera Frame Dropped: 0, Total Frame Count: 128 (0.000000%)
11-07 12:16:33.605   716 12329 I [CT]    : Controller 16572054001761934198:
11-07 12:16:33.605   716 12329 I [CT]    : IMU: Capture period exceeded threshold.  Largest period: 2.753122 sec
11-07 12:16:33.605   716 12329 I [CT]    : Controllers may have been sleeping
11-07 12:16:33.605   716 12329 I [CT]    : IMU: Total Dropped: 0.000000, Total Sample Count: 929.911000 (0.000000%)
11-07 12:16:33.605   716 12329 I [CT]    : Controller 3669952633402657438:
11-07 12:16:33.605   716 12329 I [CT]    : IMU: Cap
11-07 12:16:33.608  2167 12276 W libosutils: PipelineSignal::waitOnListener(): failed (lost connection to service?)
11-07 12:16:33.609  2167 12276 W libosutils: PipelineSignal::waitOnListener(): failed (lost connection to service?)
11-07 12:16:33.622  2167 12276 W libosutils: PipelineSignal::waitOnListener(): failed (lost connection to service?)
11-07 12:16:33.623  2167 12276 W libosutils: PipelineSignal::waitOnListener(): failed (lost connection to service?)
11-07 12:16:33.636  2167 12276 W libosutils: PipelineSignal::waitOnListener(): failed (lost connection to service?)
11-07 12:16:33.636  2167 12276 W libosutils: PipelineSignal::waitOnListener(): failed (lost connection to service?)
11-07 12:16:33.650  2167 12276 W libosutils: PipelineSignal::waitOnListener(): failed (lost connection to service?)
11-07 12:16:33.651  2167 12276 W libosutils: PipelineSignal::waitOnListener(): failed (lost connection to service?)
11-07 12:16:33.664  2167 12276 W libosutils: PipelineSignal::waitOnListener(): failed (lost connection to service?)
11-07 12:16:33.664  2167 12276 W libosutils: PipelineSignal::waitOnListener(): failed (lost connection to service?)
11-07 12:16:33.678  2074  2165 W LibraryProvider: Cannot find entitlement for system
11-07 12:16:33.678  2167 12276 W libosutils: PipelineSignal::waitOnListener(): failed (lost connection to service?)
11-07 12:16:33.678  2167 12276 W libosutils: PipelineSignal::waitOnListener(): failed (lost connection to service?)
11-07 12:16:33.678  1466 27023 W OVRLibrary: null cursor received for query content://com.oculus.ocms.library/apps/system
11-07 12:16:33.692  2167 12276 W libosutils: PipelineSignal::waitOnListener(): failed (lost connection to service?)
11-07 12:16:33.692  2167 12276 W libosutils: PipelineSignal::waitOnListener(): failed (lost connection to service?)
11-07 12:16:33.706  2167 12276 W libosutils: PipelineSignal::waitOnListener(): failed (lost connection to service?)
11-07 12:16:33.706  2167 12276 W libosutils: PipelineSignal::waitOnListener(): failed (lost connection to service?)
11-07 12:16:33.722  2167 12276 W libosutils: PipelineSignal::waitOnListener(): failed (lost connection to service?)
11-07 12:16:33.722  2167 12276 W libosutils: PipelineSignal::waitOnListener(): failed (lost connection to service?)
11-07 12:16:33.733  2167 12276 W libosutils: PipelineSignal::waitOnListener(): failed (lost connection to service?)
11-07 12:16:33.734  2167 12276 W libosutils: PipelineSignal::waitOnListener(): failed (lost connection to service?)
11-07 12:16:33.740 17809 17831 I [OAR] InputManager: Switching Primary controller due to vrapi
11-07 12:16:33.740 17809 17831 I [OAR] InputManager: Secondary input source selection id=536870915
11-07 12:16:33.742  2167  2899 I GuardianSystem: Guardian: GuardianCmdWithParms 1, 1, 0.000000
11-07 12:16:33.748  2167 12276 W libosutils: PipelineSignal::waitOnListener(): failed (lost connection to service?)
11-07 12:16:33.748  2167 12276 W libosutils: PipelineSignal::waitOnListener(): failed (lost connection to service?)
11-07 12:16:33.754 17809 17831 I [OAR] AudioSystem: Starting haptic hover1 on device 536870914
11-07 12:16:33.755 17809 17831 I [OAR] AudioMixer: Creating a new stream for client UiSound0
11-07 12:16:33.755 17809 17831 I [OAR] AudioMixer: PlaySoundEffect: 1554 samples at 69359.157572
11-07 12:16:33.756 17809 17831 I TrackingServiceClient: setting complex haptics, but not yet connected to socket, open connection...
11-07 12:16:33.756   716  3470 I TrackingService: virtual android::binder::Status OVR::OS::Tracking::TrackingService::getTrackingSocketFileDescriptor(android::os::ParcelFileDescriptor *)
11-07 12:16:33.756   716  3470 D TrackingService: haptic socket already exists
11-07 12:16:33.761  2167 12276 W libosutils: PipelineSignal::waitOnListener(): failed (lost connection to service?)
11-07 12:16:33.762  2167 12276 W libosutils: PipelineSignal::waitOnListener(): failed (lost connection to service?)
11-07 12:16:33.775  2167 12276 W libosutils: PipelineSignal::waitOnListener(): failed (lost connection to service?)
11-07 12:16:33.776  2167 12276 W libosutils: PipelineSignal::waitOnListener(): failed (lost connection to service?)
11-07 12:16:33.781 17809 12441 I [OAR] AudioMixer: Finishing mono effect
11-07 12:16:33.789  2167 12276 W libosutils: PipelineSignal::waitOnListener(): failed (lost connection to service?)
11-07 12:16:33.790  2167 12276 W libosutils: PipelineSignal::waitOnListener(): failed (lost connection to service?)
11-07 12:16:33.803  2167 12276 W libosutils: PipelineSignal::waitOnListener(): failed (lost connection to service?)
11-07 12:16:33.804  2167 12276 W libosutils: PipelineSignal::waitOnListener(): failed (lost connection to service?)
11-07 12:16:33.819  2167 12276 W libosutils: PipelineSignal::waitOnListener(): failed (lost connection to service?)
11-07 12:16:33.819  2167 12276 W libosutils: PipelineSignal::waitOnListener(): failed (lost connection to service?)
11-07 12:16:33.833  2167 12276 W libosutils: PipelineSignal::waitOnListener(): failed (lost connection to service?)
11-07 12:16:33.834  2167 12276 W libosutils: PipelineSignal::waitOnListener(): failed (lost connection to service?)
11-07 12:16:33.845  2167 12276 W libosutils: PipelineSignal::waitOnListener(): failed (lost connection to service?)
11-07 12:16:33.845  2167 12276 W libosutils: PipelineSignal::waitOnListener(): failed (lost connection to service?)
11-07 12:16:33.859  2167 12276 W libosutils: PipelineSignal::waitOnListener(): failed (lost connection to service?)
11-07 12:16:33.859  2167 12276 W libosutils: PipelineSignal::waitOnListener(): failed (lost connection to service?)
11-07 12:16:33.873  2167 12276 W libosutils: PipelineSignal::waitOnListener(): failed (lost connection to service?)
11-07 12:16:33.874  2167 12276 W libosutils: PipelineSignal::waitOnListener(): failed (lost connection to service?)
11-07 12:16:33.879  2074  2095 W LibraryProvider: Cannot find entitlement for system
11-07 12:16:33.880  1466 26980 W OVRLibrary: null cursor received for query content://com.oculus.ocms.library/apps/system
11-07 12:16:33.888  2167 12276 W libosutils: PipelineSignal::waitOnListener(): failed (lost connection to service?)
11-07 12:16:33.888  2167 12276 W libosutils: PipelineSignal::waitOnListener(): failed (lost connection to service?)
11-07 12:16:33.894 17809 17831 I [OAR] SystemDialogController: Dialog result received: {"dialogHost": "vrshell", "dialogId": "GUARDIAN_MAP_FOUND", "action": "confirm", "autoClose": true, "listSelection": []}
11-07 12:16:33.894 17809 17831 I [OAR] AudioSystem: Starting haptic select1 on device 536870914
11-07 12:16:33.894 17809 17831 I [OAR] AudioMixer: Creating a new stream for client UiSound1
11-07 12:16:33.894 17809 17831 I [OAR] AudioMixer: PlaySoundEffect: 25598 samples at 69359.297572
11-07 12:16:33.901  2167 12276 W libosutils: PipelineSignal::waitOnListener(): failed (lost connection to service?)
11-07 12:16:33.901  2167 12276 W libosutils: PipelineSignal::waitOnListener(): failed (lost connection to service?)
11-07 12:16:33.907 17809 17831 I [OAR] ShellDialogControllerHost: DialogResult: confirm
11-07 12:16:33.908 17809 17831 I [OAR] GuardianController: HandleResult: confirm
11-07 12:16:33.908  2167 21255 I GuardianSystem: GuardianSystem::GuardianCmd 19
11-07 12:16:33.908  2167 21255 I GuardianSystem: Dismiss verify map: 2c5e4e74-36b3-42fc-8983-214e2852eca3
11-07 12:16:33.908  2167 21255 I GuardianSystem: UpdateLocalSpaceToCurrentPose
11-07 12:16:33.908  2167 21255 I GuardianSystem: GuardianSystem::UpdateLocalSpace src = 3, Local (0.000000, 0.040830, 0.000000, 0.999166) (0.472372, 0.101644, 0.213531)
11-07 12:16:33.908  2167 21255 I GuardianSystem: GuardianSystem::UpdateLocalSpace LocalTilted (-0.035445, 0.040408, -0.009848, 0.998506) (0.472372, 0.101644, 0.213531)
11-07 12:16:33.908  2167 21255 I GuardianSystem: GuardianSystem::UpdateLocalSpace RawFloorHeight() = -0.692738
11-07 12:16:33.911  2167  2396 I GuardianSystem: UpdateGuardianSystemState: Flags changed: 256, 0
11-07 12:16:33.914  2167 12276 W libosutils: PipelineSignal::waitOnListener(): failed (lost connection to service?)
11-07 12:16:33.915  2167 12276 W libosutils: PipelineSignal::waitOnListener(): failed (lost connection to service?)
11-07 12:16:33.921 17809 17831 I [OAR] LocalSpace: currentLocalPose
11-07 12:16:33.921 17809 17831 I [OAR] LocalSpace: 	rotX: -0.035014
11-07 12:16:33.921 17809 17831 I [OAR] LocalSpace: 	rotY: -0.000395
11-07 12:16:33.921 17809 17831 I [OAR] LocalSpace: 	rotZ: -0.011287
11-07 12:16:33.921 17809 17831 I [OAR] LocalSpace: 	rotW: 0.999323
11-07 12:16:33.921 17809 17831 I [OAR] LocalSpace: 	traX: 0.000000
11-07 12:16:33.921 17809 17831 I [OAR] LocalSpace: 	traY: 0.794382
11-07 12:16:33.921 17809 17831 I [OAR] LocalSpace: 	traZ: 0.000000
11-07 12:16:33.921 17809 17831 I [OAR] LocalSpace: localPose
11-07 12:16:33.921 17809 17831 I [OAR] LocalSpace: 	rotX: -0.118713
11-07 12:16:33.921 17809 17831 I [OAR] LocalSpace: 	rotY: -0.025606
11-07 12:16:33.921 17809 17831 I [OAR] LocalSpace: 	rotZ: -0.209286
11-07 12:16:33.921 17809 17831 I [OAR] LocalSpace: 	rotW: 0.970284
11-07 12:16:33.921 17809 17831 I [OAR] LocalSpace: 	traX: 0.000000
11-07 12:16:33.921 17809 17831 I [OAR] LocalSpace: 	traY: 0.676503
11-07 12:16:33.921 17809 17831 I [OAR] LocalSpace: 	traZ: 0.000000
11-07 12:16:33.922 17809 17831 I [OAR] GuardianController: SetPendingDialog: 13, -1
11-07 12:16:33.922 17809 17831 I [OAR] GuardianController: currentForceFlags != desiredForceFlags: 3, 0
11-07 12:16:33.922  2167  2899 I GuardianSystem: Guardian: GuardianCmdWithParms 3, 0, 0.000000
11-07 12:16:33.923 17809 17831 I [OAR] TelemetryProvider: aui_reorient system -7 0 0 
11-07 12:16:33.928  2167 12276 I GuardianRender: EnableCamera: stopStream camera 0 SUCCESS
11-07 12:16:33.929  2167 12276 I GuardianRender: EnableCamera: stopStream camera 1 SUCCESS
11-07 12:16:33.929  2167 12276 I [CT]    : MIXEDREALITY: Passthrough paused.
11-07 12:16:33.929  2167 12276 I [CT]    : MIXEDREALITY: Collecting passthrough telemetry on pause: Stats across 2.79 s: using online cal 1, 71.70 fps rendering, 30.11 fps input images, 30.11 fps geometry, 30.11 fps texture, 59.15 fps uv
11-07 12:16:33.929  2167 12276 I [CT]    :  - frame processing: 0/84 dropped, 0 dequeued, 0 uninitialized depth, 0 stale depth
11-07 12:16:33.929  2167 12276 I [CT]    : - geometry (min/avg/max): 321.00/627.01/1244.00 primary, 270.00/595.62/1062.00 secondary points, 30.00/30.00/30.00 solver iter
11-07 12:16:33.929  2167 12276 I [CT]    : - latencies (min/avg/max): 0.00/0.01/0.02 image, 0.04/0.05/0.07 photon->geom, 0.03/0.03/0.04 photon->texture
11-07 12:16:33.929  2167 12276 I GuardianRender: Passthrough state changed to hidden in render loop.
11-07 12:16:33.935 17809 17831 I [OAR] AudioSystem: Starting haptic hover1 on device 536870914
11-07 12:16:33.936 17809 17831 I [OAR] AudioMixer: Creating a new stream for client UiSound2
11-07 12:16:33.936 17809 17831 I [OAR] AudioMixer: PlaySoundEffect: 1554 samples at 69359.337572
11-07 12:16:33.950  2167 12356 I TimeWarpProgs: loaded binary layerProgram 0:0x25807:0x0 in 0.7 ms
11-07 12:16:33.951 17809 17831 I [OAR] AudioSystem: Starting haptic hover1 on device 536870914
11-07 12:16:33.951 17809 17831 I [OAR] AudioMixer: Creating a new stream for client UiSound3
11-07 12:16:33.951 17809 17831 I [OAR] AudioMixer: PlaySoundEffect: 1554 samples at 69359.357572
11-07 12:16:33.956  2167 12356 I TimeWarp: SetClientSurfaceSecureFlag: secure=0
11-07 12:16:33.961 17809 12441 I [OAR] AudioMixer: Finishing mono effect
11-07 12:16:33.981 17809 12441 I [OAR] AudioMixer: Finishing mono effect
11-07 12:16:33.991 17809 17831 I [OAR] GuardianController: UpdatePendingDialog: Closing dialogs
11-07 12:16:33.991 17809 17831 I [OAR] DialogControllerManager: HideDialog(end guardian setup)
11-07 12:16:33.991 17809 17831 I [OAR] DialogControllerManager: Previous pending dialog: type: 10, uri "systemux://guardian/setup?dialogName=MAP_FOUND", return component: "", return activity component: ""
11-07 12:16:33.991 17809 17831 I [OAR] GuardianController: UpdatePendingDialog: Calling SetIntentPendingLaunch: com.YourCompany.LastResisters
11-07 12:16:33.991 17809 17831 I [OAR] SystemUXController: Registering pending External App launch for com.YourCompany.LastResisters - overwriting existing launch? false.
11-07 12:16:34.003  1505  1505 D ControllerNotifications: Enabling notifications
11-07 12:16:34.004  1505  1505 I ControllerNotifications: Updating input notifications based on state ConnectedBatteryNormal
11-07 12:16:34.009  1505  1505 I ControllerNotifications: Updating input notifications based on state ConnectedBatteryNormal
11-07 12:16:34.015 17809 12438 I VrApi   : FPS=72,Prd=45ms,Tear=0,Early=72,Stale=0,VSnc=1,Lat=1,Fov=0,CPU4/GPU=4/4,2304/670MHz,OC=FF,TA=0/E0/0,SP=N/F/N,Mem=1804MHz,Free=1181MB,PSM=0,PLS=0,Temp=31.0C/0.0C,TW=3.19ms,App=0.69ms,GD=1.20ms,CPU&GPU=3.01ms,LCnt=2,GPU%=0.39,CPU%=0.10(W0.19)
11-07 12:16:34.037  2074  2165 W LibraryProvider: Cannot find entitlement for com.YourCompany.LastResisters
11-07 12:16:34.037 17809 17831 W OCMSLibrary: null cursor received for query content://com.oculus.ocms.library/apps/com.YourCompany.LastResisters
11-07 12:16:34.037 17809 17831 I [OAR] GuardianController: UpdatePendingDialog: Switching activeGuardianDialog: 13, -1
11-07 12:16:34.039 17809 17831 I [OAR] SystemUXController: ProcessPendingLaunch 2
11-07 12:16:34.039 17809 17831 I [OAR] DialogControllerManager: HideDialog(process pending launch. launchType: 2)
11-07 12:16:34.039 17809 17831 I [OAR] DialogControllerManager: Previous pending dialog: type: 0, uri "systemux://dialog/none", return component: "", return activity component: ""
11-07 12:16:34.039 17809 17831 I [OAR] ShellApp: ShellApp::SendLaunchIntent('com.YourCompany.LastResisters' '')
11-07 12:16:34.039 17809 17831 D [OAR] ShellApplication: sendLaunchIntent: 'com.YourCompany.LastResisters' command: ''
11-07 12:16:34.045 17809 17831 D [OAR] ShellApplication: startActivityFromRecents: Intent { act=android.intent.action.MAIN cat=[android.intent.category.LAUNCHER] flg=0x10010000 pkg=com.YourCompany.LastResisters cmp=com.YourCompany.LastResisters/com.epicgames.ue4.GameActivity (has extras) }
11-07 12:16:34.061 17809 17809 D [OAR] MainActivity: onPause()
11-07 12:16:34.064 17809 17831 I Activity: Starting activity from recents: Intent { act=android.intent.action.MAIN cat=[android.intent.category.LAUNCHER] flg=0x10010000 pkg=com.YourCompany.LastResisters cmp=com.YourCompany.LastResisters/com.epicgames.ue4.GameActivity (has extras) }
11-07 12:16:34.064 17809 17831 I [OAR] DialogControllerManager: Dialog change detected; updating dialog UI.
11-07 12:16:34.064 17809 17831 I [OAR] DialogControllerManager: Old dialog: type: 10, uri "systemux://guardian/setup?dialogName=MAP_FOUND", return component: "", return activity component: ""
11-07 12:16:34.064 17809 17831 I [OAR] DialogControllerManager: New dialog: type: 0, uri "systemux://dialog/none", return component: "", return activity component: ""
11-07 12:16:34.064 17809 17831 I [OAR] DialogController: CloseDialogs() old: 0, pendingUri: systemux://dialog/none, pendingComponent: 
11-07 12:16:34.064 17809 17831 I [OAR] PanelAppAnalytics: AUI visibility true, TaskBar visibility true, forced true
11-07 12:16:34.065 17809 17831 I [OAR] SystemUXController: No known System UX Route for Navigation Route: com.oculus.systemux/com.oculus.panelapp.anytimeui.AnytimeUIAndroidPanelService
11-07 12:16:34.065 17809 17831 I [OAR] PanelAppHost: Exiting panel application 39 on next frame with reason System Defined Closure.
11-07 12:16:34.065 17809 17831 I [OAR] PanelAppHost: ExitNextFrame triggered for reason System Defined Closure
11-07 12:16:34.065  1958  1958 I [OAR] AnytimeUIAndroidPanelAppBase: configureHandLayer: []
11-07 12:16:34.065  1958  1958 I [OAR] AndroidPanelLayer: Hiding layer hand1
11-07 12:16:34.065  1958  1958 I [OAR] AndroidPanelLayer: Hiding layer hand2
11-07 12:16:34.065  1958  1958 W AnytimeUIAndroidPanelApp: Command parsing failure: Failure to parse parameter dialog name
11-07 12:16:34.065  1958  1958 W AnytimeUIAndroidPanelApp: Original Command: updateHandDialog 
11-07 12:16:34.065  1958  1958 I [OAR] AnytimeUIAndroidPanelAppBase: configureHandLayer: []
11-07 12:16:34.065  1958  1958 I [OAR] AndroidPanelLayer: Hiding layer hand1
11-07 12:16:34.065  1958  1958 I [OAR] AndroidPanelLayer: Hiding layer hand2
11-07 12:16:34.065  1958  1958 W AnytimeUIAndroidPanelApp: Command parsing failure: Failure to parse parameter dialog name
11-07 12:16:34.065  1958  1958 W AnytimeUIAndroidPanelApp: Original Command: updateHandDialog 
11-07 12:16:34.065  1958  1958 I [OAR] AnytimeUIAndroidPanelApp: updateActiveComponent - com.oculus.systemux/com.oculus.panelapp.anytimeui.AnytimeUIAndroidPanelService, returnComponent = 
11-07 12:16:34.066  1958  1958 I [OAR] AnytimeUIAndroidPanelAppBase: setTaskBarState - 3
11-07 12:16:34.066 17809 17831 I [OAR] PanelAppHost: PanelAppHost destructor: id 39 com.oculus.systemux/com.oculus.panelapp.dialog.DialogPanelService
11-07 12:16:34.066 17809 17831 I [OAR] PanelAppHost: Panel app 39 (com.oculus.systemux/com.oculus.panelapp.dialog.DialogPanelService) changing state from foreground to shutdown
11-07 12:16:34.066 17809 17831 D [OAR] ShellApplication: notify OS to set com.oculus.systemux/com.oculus.panelapp.dialog.DialogPanelService to BACKGROUND
11-07 12:16:34.093 11611 11701 E Parcel  : Reading a NULL string not supported here.
11-07 12:16:34.094 17809 10202 E Parcel  : Reading a NULL string not supported here.
11-07 12:16:34.101 11611 11701 D AudioTrack: updateAppOpsPlayAudio: checkOp OP_PLAY_AUDIO for com.YourCompany.LastResisters returns: 0 (ALLOWED)
11-07 12:16:34.101 11611 11701 E Parcel  : Reading a NULL string not supported here.
11-07 12:16:34.105 11611 11701 D AudioTrack: updateAppOpsPlayAudio: checkOp OP_PLAY_AUDIO for com.YourCompany.LastResisters returns: 0 (ALLOWED)
11-07 12:16:34.105 11611 11701 E Parcel  : Reading a NULL string not supported here.
11-07 12:16:34.105 17809 10202 D AudioTrack: updateAppOpsPlayAudio: checkOp OP_PLAY_AUDIO for com.oculus.vrshell returns: 0 (ALLOWED)
11-07 12:16:34.109 11611 11628 E Parcel  : Reading a NULL string not supported here.
11-07 12:16:34.109 17809 22889 E Parcel  : Reading a NULL string not supported here.
11-07 12:16:34.112 11611 11628 D AudioTrack: updateAppOpsPlayAudio: checkOp OP_PLAY_AUDIO for com.YourCompany.LastResisters returns: 0 (ALLOWED)
11-07 12:16:34.114 17809 17831 D [OAR] ShellApplication: Unbinding service for panel app id 39
11-07 12:16:34.115 11611 11611 D UE4     : Creating console command broadcast listener
11-07 12:16:34.115 11611 11632 D UE4     : [2019.11.07-03.16.34:115][  0]LogAndroid: Case APP_CMD_START
11-07 12:16:34.115 11611 11632 D UE4     : LogAndroidEvents::EnqueueAppEvent : 9, 0, tid = 11632, APP_EVENT_STATE_ON_START
11-07 12:16:34.116 17809 22889 D AudioTrack: updateAppOpsPlayAudio: checkOp OP_PLAY_AUDIO for com.oculus.vrshell returns: 1 (IGNORED)
11-07 12:16:34.116 17809 22889 I AudioTrack: updateAppOpsPlayAudio: pausing audio thread
11-07 12:16:34.116 17809 22889 E Parcel  : Reading a NULL string not supported here.
11-07 12:16:34.116 17809 22889 D AudioTrack: updateAppOpsPlayAudio: checkOp OP_PLAY_AUDIO for com.oculus.vrshell returns: 1 (IGNORED)
11-07 12:16:34.117 17809 22889 E Parcel  : Reading a NULL string not supported here.
11-07 12:16:34.122  1958  1958 I CppPanelService: VR Shell socket closed; shutting down
11-07 12:16:34.122  1958  1958 I CppPanelService: Quitting application via hardExit flag due to unexpected socket closure on fd 39.
11-07 12:16:34.122  1958  1958 I DialogPanel: Destroyed
11-07 12:16:34.122 11611 11611 D UE4     : ==================================> Inside onStart function in GameActivity
11-07 12:16:34.122  1958  1958 I DialogUI: Destroying dialog
11-07 12:16:34.122 11611 11611 V UE4-GameApplication: App in foreground
11-07 12:16:34.125  2167  8423 I VrRuntimeService: nativeDestroyTextureSwapChain 892
11-07 12:16:34.126 17809 17831 I [OAR] ShellApp: 0xd40c9388 msg: pause
11-07 12:16:34.126 17809 17831 I [OAR] ShellApp: ShellApp::LeaveVrMode()
11-07 12:16:34.126 17809 17831 I [OAR] AudioMixer: Waiting for sound effect to complete
11-07 12:16:34.130  2167 12356 I TimeWarpProgs: loaded binary layerProgram 0:0x20265:0x0 in 0.7 ms
11-07 12:16:34.131 11611 11632 D UE4     : Case APP_CMD_RESUME
11-07 12:16:34.131 11611 11611 D UE4     : onResume: start memory reporter runnable
11-07 12:16:34.131 11611 11611 D UE4     : === Restoring Transparent Bars ===
11-07 12:16:34.131 11611 11632 D UE4     : [2019.11.07-03.16.34:131][  0]LogAndroid: Case APP_CMD_RESUME
11-07 12:16:34.131 11611 11632 D UE4     : LogAndroidEvents::EnqueueAppEvent : 7, 0, tid = 11632, APP_EVENT_STATE_ON_RESUME
11-07 12:16:34.131 11611 11611 D UE4     : ==============> [JAVA] AndroidThunkJava_KeepScreenOn(false) - Enabled screen saver
11-07 12:16:34.132 11611 11611 D UE4     : Registering sensor listeners
11-07 12:16:34.132 11611 11611 D UE4     : App is running in Landscape
11-07 12:16:34.132 11611 11611 D UE4     : === Restoring Transparent Bars ===
11-07 12:16:34.132 11611 11611 D UE4     : ==============> Resuming main init
11-07 12:16:34.132 11611 11611 D UE4     : ==============> GameActive.onResume complete!
11-07 12:16:34.137  1958  1958 I RequestManager: RequestManager::Shutdown start
11-07 12:16:34.137  1958  1958 I RequestManager: RequestManager::Shutdown done
11-07 12:16:34.142 17809 17809 D [OAR] MainActivity: com.oculus.vrshell.MainActivity@6ef1aeb surfaceDestroyed()
11-07 12:16:34.142 17809 17809 I [OAR] ShellMain:     looperMessageQueue->SendPrintf("surfaceDestroyed 0xc9857808")
11-07 12:16:34.145 11611 11632 D UE4     : Case APP_CMD_INIT_WINDOW
11-07 12:16:34.145 11611 11632 D UE4     : [2019.11.07-03.16.34:145][  0]LogAndroid: Case APP_CMD_INIT_WINDOW
11-07 12:16:34.145 11611 11632 D UE4     : LogAndroidEvents::EnqueueAppEvent : 0, 3559968776, tid = 11632, APP_EVENT_STATE_WINDOW_CREATED
11-07 12:16:34.163  1958  1958 D CppPanelService: onDestroy()
11-07 12:16:34.173  2167  2167 D VrRuntimeService: onFocusedWindowChanged: topWindowToken=android.os.BinderProxy@2e03897, topWindowUid=10310
11-07 12:16:34.173  2167  2167 W ClientMgr: ClientMgr::SetPrimaryCompositorClient: No active client
11-07 12:16:34.173  2167  2167 I TimeWarp: ReleaseClockLevels
11-07 12:16:34.179  2167 12356 I TimeWarp: UpdateClockLevels: Force releasing clocks
11-07 12:16:34.179  2167 12356 I TimeWarp: UpdateClockLevels: Apply pending clock request change: 4,4 -> -1,-1
11-07 12:16:34.179  2167 12344 I Clocks  : ReleaseClocks - start
11-07 12:16:34.179   720  9639 D VrApiService: CPU_CLUSTER_0: No client requests exists, release clocks
11-07 12:16:34.180   720  9639 D VrApiService: CPU_CLUSTER_1: No client requests exists, release clocks
11-07 12:16:34.180   720  9639 D VrApiService: GPU: No client requests exists, release clocks
11-07 12:16:34.181   720  9639 D VrApiService: CPUBW: No client requests exists, release clocks
11-07 12:16:34.181   720  9639 D VrApiService: GPUBW: No client requests exists, release clocks
11-07 12:16:34.181  2167 12344 I Clocks  : ReleaseClocks - end (2.4 ms)
11-07 12:16:34.185  2167 12356 W TimeWarp: FetchFrame: client(0) is enabled, but shared memory is not set
11-07 12:16:34.186  2167 12356 W TimeWarp: FetchFrame: client(0) is enabled, but shared memory is not set
11-07 12:16:34.193  2167 12356 I TimeWarp: UpdateClockLevels: Apply pending clock request change: -1,-1 -> 4,4
11-07 12:16:34.194  2167 12344 I Clocks  : LockClocks( cpu=4, gpu=4 ) - start
11-07 12:16:34.199  2167 12356 W TimeWarp: FetchFrame: client(0) is enabled, but shared memory is not set
11-07 12:16:34.200  2167 12344 I Clocks  : CPU levels [0, 4]
11-07 12:16:34.200  2167 12344 I Clocks  : GPU levels [0, 5]
11-07 12:16:34.201  2167 12356 W TimeWarp: FetchFrame: client(0) is enabled, but shared memory is not set
11-07 12:16:34.210   720 30446 D VrApiService: CPU_CLUSTER_0: Client 2167 sends freq request [21, 21]
11-07 12:16:34.210   720 30446 D VrApiService: CPU_CLUSTER_0: Next Perf Level = (21, 21)
11-07 12:16:34.210   720 30446 D VrApiService: CPU_CLUSTER_1: Client 2167 sends freq request [26, 26]
11-07 12:16:34.210   720 30446 D VrApiService: CPU_CLUSTER_1: Next Perf Level = (26, 26)
11-07 12:16:34.211   720 30446 D VrApiService: CPUBW: Client 2167 sends freq request [8, 11]
11-07 12:16:34.211   720 30446 D VrApiService: CPUBW: Next Perf Level = (8, 11)
11-07 12:16:34.213  2167 12356 W TimeWarp: FetchFrame: client(0) is enabled, but shared memory is not set
11-07 12:16:34.214  2167 12356 W TimeWarp: FetchFrame: client(0) is enabled, but shared memory is not set
11-07 12:16:34.214   720 30446 D VrApiService: GPUBW: Client 2167 sends freq request [9, 11]
11-07 12:16:34.215   720 30446 D VrApiService: GPUBW: Next Perf Level = (9, 11)
11-07 12:16:34.215   720 30446 D VrApiService: GPU: Client 2167 sends freq request [6, 6]
11-07 12:16:34.215   720 30446 D VrApiService: GPU: Next Perf Level = (6, 6)
11-07 12:16:34.215  2167 12344 I Clocks  : LockClocks( cpu=4, gpu=4 ) - end (21.3 ms)
11-07 12:16:34.216 11611 11631 D UE4     : [2019.11.07-03.16.34:216][  0]LogAndroidEvents: Display: LogAndroidEvents::DequeueAppEvent : 9, 0, APP_EVENT_STATE_ON_START
11-07 12:16:34.216 11611 11631 D UE4     : [2019.11.07-03.16.34:216][  0]LogAndroidEvents: Display: LogAndroidEvents::DequeueAppEvent : 7, 0, APP_EVENT_STATE_ON_RESUME
11-07 12:16:34.216 11611 11631 D UE4     : [2019.11.07-03.16.34:216][  0]LogAndroidEvents: Display: LogAndroidEvents::DequeueAppEvent : 0, 3559968776, APP_EVENT_STATE_WINDOW_CREATED
11-07 12:16:34.216 11611 11631 D UE4     : APP_EVENT_STATE_WINDOW_CREATED 0, 0, 0, 1
11-07 12:16:34.216 11611 11632 D UE4     : [2019.11.07-03.16.34:216][  0]LogAndroid: Case APP_CMD_GAINED_FOCUS
11-07 12:16:34.216 11611 11632 D UE4     : LogAndroidEvents::EnqueueAppEvent : 11, 0, tid = 11632, APP_EVENT_STATE_WINDOW_GAINED_FOCUS
11-07 12:16:34.227 17809 17831 I [OAR] AudioMixer: Waiting for sound effect to complete
11-07 12:16:34.227  2167 12356 W TimeWarp: FetchFrame: client(0) is enabled, but shared memory is not set
11-07 12:16:34.227  2167 12356 W TimeWarp: FetchFrame: client(0) is enabled, but shared memory is not set
11-07 12:16:34.237  2167 12356 I Clocks  : SetSchedFifo( tid=17831, pri=0 ) succeeded
11-07 12:16:34.239  2167 12356 I Clocks  : SetSchedFifo( tid=12446, pri=0 ) succeeded
11-07 12:16:34.240  2167 12356 I Clocks  : SetSchedFifo( tid=12276, pri=0 ) succeeded
11-07 12:16:34.241  2167 12356 W TimeWarp: FetchFrame: client(0) is enabled, but shared memory is not set
11-07 12:16:34.241  2167 12356 W TimeWarp: FetchFrame: client(0) is enabled, but shared memory is not set
11-07 12:16:34.246  2074  2095 W LibraryProvider: Cannot find entitlement for com.oculus.vrshell
11-07 12:16:34.246  1803  1803 W OVRLibrary: null cursor received for query content://com.oculus.ocms.library/apps/com.oculus.vrshell
11-07 12:16:34.246  1803  1803 I PlatformPluginManager: onAppStart com.oculus.vrshell false
11-07 12:16:34.247  1803  1803 I OVRPlatform: [PartiesAPI] ovr_Party_PluginGetSharedMemHandle: This function is deprecated, do not use
11-07 12:16:34.252  1803  1803 E OVRMediaServiceManager: LivestreamingManager Not initialized
11-07 12:16:34.255  2167 12356 W TimeWarp: FetchFrame: client(0) is enabled, but shared memory is not set
11-07 12:16:34.255  2167 12356 W TimeWarp: FetchFrame: client(0) is enabled, but shared memory is not set
11-07 12:16:34.269  2167 12356 W TimeWarp: FetchFrame: client(0) is enabled, but shared memory is not set
11-07 12:16:34.269  2167 12356 W TimeWarp: FetchFrame: client(0) is enabled, but shared memory is not set
11-07 12:16:34.283  2167 12356 W TimeWarp: FetchFrame: client(0) is enabled, but shared memory is not set
11-07 12:16:34.283  2167 12356 W TimeWarp: FetchFrame: client(0) is enabled, but shared memory is not set
11-07 12:16:34.297  2167 12356 W TimeWarp: FetchFrame: client(0) is enabled, but shared memory is not set
11-07 12:16:34.297  2167 12356 W TimeWarp: FetchFrame: client(0) is enabled, but shared memory is not set
11-07 12:16:34.310  2167 12356 W TimeWarp: FetchFrame: client(0) is enabled, but shared memory is not set
11-07 12:16:34.311  2167 12356 W TimeWarp: FetchFrame: client(0) is enabled, but shared memory is not set
11-07 12:16:34.316 11611 11631 D UE4     : [2019.11.07-03.16.34:316][  0]LogAndroidEvents: Display: LogAndroidEvents::DequeueAppEvent : 11, 0, APP_EVENT_STATE_WINDOW_GAINED_FOCUS
11-07 12:16:34.317 11611 11631 D UE4     : [2019.11.07-03.16.34:317][  0]LogAndroidEvents: Display: ExecWindowCreated
11-07 12:16:34.317 11611 11631 D UE4     : [2019.11.07-03.16.34:317][  0]LogAndroid: Mobile HDR: YES
11-07 12:16:34.317 11611 11631 D UE4     : AndroidEGL::ReInitWindow()
11-07 12:16:34.317 11611 11631 D UE4     : AndroidEGL::ReInit()
11-07 12:16:34.317 11611 11631 D UE4     : AndroidEGL::InitSurface 0, 0
11-07 12:16:34.317 11611 11631 D UE4     : AndroidEGL::CreateEGLSurface(0), eglSurface = eglCreatePbufferSurface(), 8x8
11-07 12:16:34.317 11611 11631 D UE4     : AndroidEGL::CreateEGLSurface(0), auxSurface = eglCreatePbufferSurface(), 8x8
11-07 12:16:34.318 11611 11631 D UE4     : ExecWindowCreated, 0, 1, 1
11-07 12:16:34.320 11611 11631 D UE4     : [2019.11.07-03.16.34:319][  0]LogTemp: Android resume audio
11-07 12:16:34.320 11611 11631 D UE4     : [2019.11.07-03.16.34:320][  0]LogAudioMixerAndroid: Display: Resuming android audio renderer
11-07 12:16:34.324  2167 12356 W TimeWarp: FetchFrame: client(0) is enabled, but shared memory is not set
11-07 12:16:34.325  2167 12356 W TimeWarp: FetchFrame: client(0) is enabled, but shared memory is not set
11-07 12:16:34.326   551   593 W AudioFlinger: checkEffectCompatibility_l(): non HW effect Volume listener for Music on playback thread in fast mode
11-07 12:16:34.326   551   593 E AudioEffect: set(): AudioFlinger could not create effect, status: -22
11-07 12:16:34.326   551   593 E AudioPolicyEffects: addOutputSessionEffects(): failed to create Fx  music_helper on session 5105
11-07 12:16:34.326 11611 11631 D UE4     : [2019.11.07-03.16.34:326][  0]LogHMD: Initializing OVRPlugin session
11-07 12:16:34.326 11611 11631 D UE4     : [2019.11.07-03.16.34:326][  0]LogHMD: OculusHMD plugin supports multiview!
11-07 12:16:34.326 11611 11631 D OVRPlugin: GL_EXTENSIONS:
11-07 12:16:34.326 11611 11631 D OVRPlugin: GL_OES_EGL_image
11-07 12:16:34.326 11611 11631 D OVRPlugin: GL_OES_EGL_image_external
11-07 12:16:34.326 11611 11631 D OVRPlugin: GL_OES_EGL_sync
11-07 12:16:34.326 11611 11631 D OVRPlugin: GL_OES_vertex_half_float
11-07 12:16:34.326 11611 11631 D OVRPlugin: GL_OES_framebuffer_object
11-07 12:16:34.326 11611 11631 D OVRPlugin: GL_OES_rgb8_rgba8
11-07 12:16:34.326 11611 11631 D OVRPlugin: GL_OES_compressed_ETC1_RGB8_texture
11-07 12:16:34.326 11611 11631 D OVRPlugin: GL_AMD_compressed_ATC_texture
11-07 12:16:34.326 11611 11631 D OVRPlugin: GL_KHR_texture_compression_astc_ldr
11-07 12:16:34.326 11611 11631 D OVRPlugin: GL_KHR_texture_compression_astc_hdr
11-07 12:16:34.326 11611 11631 D OVRPlugin: GL_OES_texture_compression_astc
11-07 12:16:34.326 11611 11631 D OVRPlugin: GL_OES_texture_npot
11-07 12:16:34.326 11611 11631 D OVRPlugin: GL_EXT_texture_filter_anisotropic
11-07 12:16:34.326 11611 11631 D OVRPlugin: GL_EXT_texture_format_BGRA8888
11-07 12:16:34.326 11611 11631 D OVRPlugin: GL_EXT_read_format_bgra
11-07 12:16:34.326 11611 11631 D OVRPlugin: GL_OES_texture_3D
11-07 12:16:34.327 11611 11631 D OVRPlugin: GL_EXT_color_buffer_float
11-07 12:16:34.327 11611 11631 D OVRPlugin: GL_EXT_color_buffer_half_float
11-07 12:16:34.327 11611 11631 D OVRPlugin: GL_QCOM_alpha_test
11-07 12:16:34.327 11611 11631 D OVRPlugin: GL_OES_depth24
11-07 12:16:34.327 11611 11631 D OVRPlugin: GL_OES_packed_depth_stencil
11-07 12:16:34.327 11611 11631 D OVRPlugin: GL_OES_depth_texture
11-07 12:16:34.327 11611 11631 D OVRPlugin: GL_OES_depth_texture_cube_map
11-07 12:16:34.327 11611 11631 D OVRPlugin: GL_EXT_sRGB
11-07 12:16:34.327 11611 11631 D OVRPlugin: GL_OES_texture_float
11-07 12:16:34.327 11611 11631 D OVRPlugin: GL_OES_texture_float_linear
11-07 12:16:34.327 11611 11631 D OVRPlugin: GL_OES_texture_half_float
11-07 12:16:34.327 11611 11631 D OVRPlugin: GL_OES_texture_half_float_linear
11-07 12:16:34.327 11611 11631 D OVRPlugin: GL_EXT_texture_type_2_10_10_10_REV
11-07 12:16:34.327 11611 11631 D OVRPlugin: GL_EXT_texture_sRGB_decode
11-07 12:16:34.327 11611 11631 D OVRPlugin: GL_EXT_texture_format_sRGB_override
11-07 12:16:34.327 11611 11631 D OVRPlugin: GL_OES_element_index_uint
11-07 12:16:34.327 11611 11631 D OVRPlugin: GL_EXT_copy_image
11-07 12:16:34.327 11611 11631 D OVRPlugin: GL_EXT_geometry_shader
11-07 12:16:34.327 11611 11631 D OVRPlugin: GL_EXT_tessellation_shader
11-07 12:16:34.327 11611 11631 D OVRPlugin: GL_OES_texture_stencil8
11-07 12:16:34.327 11611 11631 D OVRPlugin: GL_EXT_shader_io_blocks
11-07 12:16:34.327 11611 11631 D OVRPlugin: GL_OES_shader_image_atomic
11-07 12:16:34.327 11611 11631 D OVRPlugin: GL_OES_sample_variables
11-07 12:16:34.327 11611 11631 D OVRPlugin: GL_EXT_texture_border_clamp
11-07 12:16:34.327 11611 11631 D OVRPlugin: GL_EXT_EGL_image_external_wrap_modes
11-07 12:16:34.327 11611 11631 D OVRPlugin: GL_EXT_multisampled_render_to_texture
11-07 12:16:34.327 11611 11631 D OVRPlugin: GL_EXT_multisampled_render_to_texture2
11-07 12:16:34.327 11611 11631 D OVRPlugin: GL_OES_shader_multisample_interpolation
11-07 12:16:34.327 11611 11631 D OVRPlugin: GL_EXT_texture_cube_map_array
11-07 12:16:34.327 11611 11631 D OVRPlugin: GL_EXT_draw_buffers_indexed
11-07 12:16:34.327 11611 11631 D OVRPlugin: GL_EXT_gpu_shader5
11-07 12:16:34.327 11611 11631 D OVRPlugin: GL_EXT_robustness
11-07 12:16:34.327 11611 11631 D OVRPlugin: GL_EXT_texture_buffer
11-07 12:16:34.327 11611 11631 D OVRPlugin: GL_EXT_shader_framebuffer_fetch
11-07 12:16:34.327 11611 11631 D OVRPlugin: GL_ARM_shader_framebuffer_fetch_depth_stencil
11-07 12:16:34.327 11611 11631 D OVRPlugin: GL_OES_texture_storage_multisample_2d_array
11-07 12:16:34.327 11611 11631 D OVRPlugin: GL_OES_sample_shading
11-07 12:16:34.327 11611 11631 D OVRPlugin: GL_OES_get_program_binary
11-07 12:16:34.327 11611 11631 D OVRPlugin: GL_EXT_debug_label
11-07 12:16:34.327 11611 11631 D OVRPlugin: GL_KHR_blend_equation_advanced
11-07 12:16:34.327 11611 11631 D OVRPlugin: GL_KHR_blend_equation_advanced_coherent
11-07 12:16:34.327 11611 11631 D OVRPlugin: GL_QCOM_tiled_rendering
11-07 12:16:34.327 11611 11631 D OVRPlugin: GL_ANDROID_extension_pack_es31a
11-07 12:16:34.327 11611 11631 D OVRPlugin: GL_EXT_primitive_bounding_box
11-07 12:16:34.327 11611 11631 D OVRPlugin: GL_OES_standard_derivatives
11-07 12:16:34.327 11611 11631 D OVRPlugin: GL_OES_vertex_array_object
11-07 12:16:34.327 11611 11631 D OVRPlugin: GL_EXT_disjoint_timer_query
11-07 12:16:34.327 11611 11631 D OVRPlugin: GL_KHR_debug
11-07 12:16:34.327 17809 17831 I [OAR] AudioMixer: Waiting for sound effect to complete
11-07 12:16:34.327 11611 11631 D OVRPlugin: GL_EXT_YUV_target
11-07 12:16:34.327 11611 11631 D OVRPlugin: GL_EXT_sRGB_write_control
11-07 12:16:34.327 11611 11631 D OVRPlugin: GL_EXT_texture_norm16
11-07 12:16:34.327 11611 11631 D OVRPlugin: GL_EXT_discard_framebuffer
11-07 12:16:34.327 11611 11631 D OVRPlugin: GL_OES_surfaceless_context
11-07 12:16:34.327 11611 11631 D OVRPlugin: GL_OVR_multiview
11-07 12:16:34.327 11611 11631 D OVRPlugin: GL_OVR_multiview2
11-07 12:16:34.327 11611 11631 D OVRPlugin: GL_EXT_texture_sRGB_R8
11-07 12:16:34.327 11611 11631 D OVRPlugin: GL_KHR_no_error
11-07 12:16:34.327 11611 11631 D OVRPlugin: GL_EXT_debug_marker
11-07 12:16:34.327 11611 11631 D OVRPlugin: GL_OES_EGL_image_external_essl3
11-07 12:16:34.327 11611 11631 D OVRPlugin: GL_OVR_multiview_multisampled_render_to_texture
11-07 12:16:34.327 11611 11631 D OVRPlugin: GL_EXT_buffer_storage
11-07 12:16:34.327 11611 11631 D OVRPlugin: GL_EXT_external_buffer
11-07 12:16:34.327 11611 11631 D OVRPlugin: GL_EXT_blit_framebuffer_params
11-07 12:16:34.327 11611 11631 D OVRPlugin: GL_EXT_clip_cull_distance
11-07 12:16:34.327 11611 11631 D OVRPlugin: GL_EXT_protected_textures
11-07 12:16:34.327 11611 11631 D OVRPlugin: GL_EXT_shader_non_constant_global_initializers
11-07 12:16:34.327 11611 11631 D OVRPlugin: GL_QCOM_texture_foveated
11-07 12:16:34.327 11611 11631 D OVRPlugin: GL_QCOM_shader_framebuffer_fetch_noncoherent
11-07 12:16:34.327 11611 11631 D OVRPlugin: GL_QCOM_shader_framebuffer_fetch_rate
11-07 12:16:34.327 11611 11631 D OVRPlugin: GL_EXT_memory_object
11-07 12:16:34.327 11611 11631 D OVRPlugin: GL_EXT_memory_object_fd
11-07 12:16:34.327 11611 11631 D OVRPlugin: GL_EXT_EGL_image_array
11-07 12:16:34.327 11611 11631 D OVRPlugin: GL_NV_shader_noperspective_interpolation
11-07 12:16:34.327 11611 11631 D OVRPlugin: GL_KHR_robust_buffer_access_behavior
11-07 12:16:34.327 11611 11631 D OVRPlugin: GL_EXT_EGL_image_storage
11-07 12:16:34.327 11611 11631 D OVRPlugin: GL_EXT_blend_func_extended
11-07 12:16:34.327 11611 11631 D OVRPlugin: GL_EXT_clip_control
11-07 12:16:34.327 11611 11631 D OVRPlugin: GL_OES_texture_view
11-07 12:16:34.327 11611 11631 D OVRPlugin: GL_EXT_fragment_invocation_density
11-07 12:16:34.327 11611 11631 D OVRPlugin: GL_QCOM_YUV_texture_gather
11-07 12:16:34.327 11611 11631 D OVRPlugin: es3 = TRUE
11-07 12:16:34.327 11611 11631 D OVRPlugin: Found: GL_EXT_discard_framebuffer
11-07 12:16:34.327 11611 11631 D OVRPlugin: Found: GL_EXT_multisampled_render_to_texture
11-07 12:16:34.327 11611 11631 D OVRPlugin: Found: GL_OES_vertex_array_object
11-07 12:16:34.327 11611 11631 D OVRPlugin: Found: GL_QCOM_tiled_rendering
11-07 12:16:34.327 11611 11631 D OVRPlugin: Found: GL_EXT_disjoint_timer_query
11-07 12:16:34.327 11611 11631 D OVRPlugin: Found: GL_EXT_texture_sRGB_decode
11-07 12:16:34.327 11611 11631 D OVRPlugin: Found: GL_EXT_texture_filter_anisotropic
11-07 12:16:34.327 11611 11631 D OVRPlugin: GL_MAX_TEXTURE_SIZE = 16384
11-07 12:16:34.327 11611 11631 D OVRPlugin: GL_MAX_VERTEX_UNIFORM_VECTORS = 256
11-07 12:16:34.327 11611 11631 D OVRPlugin: GL_MAX_FRAGMENT_UNIFORM_VECTORS = 256
11-07 12:16:34.327 11611 11631 D OVRPlugin: Found: GL_EXT_texture_border_clamp
11-07 12:16:34.327 11611 11631 D OVRPlugin: Finished setting up render thread.
11-07 12:16:34.327 11611 11631 D OVRPlugin: Entering VR mode.
11-07 12:16:34.327 11611 11631 I VrApi   : ---------- vrapi_EnterVrMode [start] ----------
11-07 12:16:34.328 11611 11631 I InputHooks_Internal: Enabling Native Input Hooks
11-07 12:16:34.328 11611 11631 I VrRuntimeClient: Tracing is disabled
11-07 12:16:34.330 11611 11631 D VrApi   : targetSDKVersion 19
11-07 12:16:34.332 11611 11631 I VrRuntimeClient: DEVICE MODEL NUMBER = Quest
11-07 12:16:34.332 11611 11631 I VrRuntimeClient: DEVICE HARDWARE = monterey
11-07 12:16:34.332 11611 11631 I VrRuntimeClient: DEVICE BUILD NAME = user-396520.6170.115
11-07 12:16:34.332 11611 11631 I VrRuntimeClient: DEVICE BUILD TYPE = user
11-07 12:16:34.332 11611 11631 I VrRuntimeClient: DEVICE OS VERSION = 7.1.1
11-07 12:16:34.332 11611 11631 I VrRuntimeClient: VRRUNTIME VERSION = VRAPI_VERSION_BEGIN { 1.1.27.0-179270206-179270206 Oct 22 2019 13:59:12 Development } RELEASE
11-07 12:16:34.332 11611 11631 I VrRuntimeClient: API LOADER VERSION = 1.1.22.0
11-07 12:16:34.332 11611 11631 I VrRuntimeClient: VRDRIVER VERSION = 10.1.0.144.427
11-07 12:16:34.332 11611 11631 I VrRuntimeClient: APP NAME = LastResisters
11-07 12:16:34.332 11611 11631 I VrRuntimeClient: APP VERSION = 1.0 versionCode 1 internalVersionName <none>
11-07 12:16:34.332 11611 11631 I VrRuntimeClient: APP VR TYPE = vr_only
11-07 12:16:34.332 11611 11631 I VrRuntimeClient: APP PACKAGE NAME = com.YourCompany.LastResisters
11-07 12:16:34.332 11611 11631 I VrRuntimeClient: APP ACTIVITY CLASS = com.epicgames.ue4.GameActivity
11-07 12:16:34.332 11611 11631 D BatteryReceiver: Registering battery receiver
11-07 12:16:34.338  2167 12356 W TimeWarp: FetchFrame: client(0) is enabled, but shared memory is not set
11-07 12:16:34.339  2167 12356 W TimeWarp: FetchFrame: client(0) is enabled, but shared memory is not set
11-07 12:16:34.341 11611 11631 D HeadsetReceiver: getCurrentHeadsetState: false
11-07 12:16:34.341 11611 11631 I DeviceStatus_Android: nativeHeadsetEvent(0)
11-07 12:16:34.342 11611 11611 I DeviceStatus_Android: nativeHeadsetEvent(0)
11-07 12:16:34.343 11611 11631 I DeviceStatus_Android: nativeGamepadListener(0)
11-07 12:16:34.343 11611 11631 I InputDeviceManager: ovrInputDeviceManager::Initialize
11-07 12:16:34.344 11611 11631 I ScreenCaptureHelper: GetScreenCaptureInhibitFlagFromVrHelper
11-07 12:16:34.349 11611 11631 D VRProviderHelper: Could not find provider
11-07 12:16:34.350  2167  2180 I ScreenCaptureBase: GlobalInhibitState=0
11-07 12:16:34.350 11611 11631 D TrackingServiceConnectionNative: onClientConnect
11-07 12:16:34.350 11611 11631 D BinderConnection: Connecting to TrackingService
11-07 12:16:34.350 11611 11631 D TrackingServiceConnectionNative: onConnected
11-07 12:16:34.351   716   716 I TrackingService: TrackingService::getSharedMemoryFileDescriptor
11-07 12:16:34.352  2167 12356 W TimeWarp: FetchFrame: client(0) is enabled, but shared memory is not set
11-07 12:16:34.352   658   909 I OsSdk   : will wait 60 seconds before retrying
11-07 12:16:34.353  2167 12356 W TimeWarp: FetchFrame: client(0) is enabled, but shared memory is not set
11-07 12:16:34.355 11611 11631 I TrackingServiceClient: OVR::TrackingService::ClientSetInterface
11-07 12:16:34.355 11611 11631 I TrackingServiceClient: TrackingService client: roFd(78)
11-07 12:16:34.355 11611 11631 I TrackingServiceClient: TrackingService client: connected to interface version 10.
11-07 12:16:34.355 11611 11631 I TrackingServiceClient: TrackingService client: last prediction time is 0.004374 seconds old
11-07 12:16:34.355 11611 11631 I TrackingServiceClient: TrackingService client: provided by pid=716
11-07 12:16:34.356   716   946 I TrackingService: TrackingService::registerClient
11-07 12:16:34.356   716   946 I TrackingService: Registering client with TrackingServiceHost
11-07 12:16:34.356   716   946 I TrackingService: Notifying client pid 11611 of new remote 32ee4a79d0798a9e
11-07 12:16:34.356 11611 11631 D TrackingServiceClient: TrackingServiceClient onRemoteConnected 32ee4a79d0798a9e
11-07 12:16:34.356   716   946 I TrackingService: Notifying client pid 11611 of new remote e5fbc34fe59c5b76
11-07 12:16:34.356 11611 11631 D TrackingServiceClient: TrackingServiceClient onRemoteConnected e5fbc34fe59c5b76
11-07 12:16:34.356   716   946 I TrackingService: TrackingServiceHost GetSharedMemoryFileDescriptor for client pid 11611
11-07 12:16:34.356   716   946 I TrackingService: TrackingServiceHost registered common client; there are 0 secure clients
11-07 12:16:34.356 11611 11631 I TrackingServiceClient: ClientConnectComplete
11-07 12:16:34.356 11611 11631 I VrApi   : ovrModeParms::VRAPI_MODE_FLAG_ALLOW_POWER_SAVE = 1
11-07 12:16:34.356 11611 11631 I VrApi   : ovrModeParms::VRAPI_MODE_FLAG_RESET_WINDOW_FULLSCREEN = 1
11-07 12:16:34.357 11611 11631 I VrApi   : ovrModeParms::VRAPI_MODE_FLAG_NATIVE_WINDOW = 1
11-07 12:16:34.357 11611 11631 I VrApi   : ovrModeParms::VRAPI_MODE_FLAG_FRONT_BUFFER_PROTECTED = 0
11-07 12:16:34.357 11611 11631 I VrApi   : ovrModeParms::VRAPI_MODE_FLAG_FRONT_BUFFER_565 = 0
11-07 12:16:34.357 11611 11631 I VrApi   : ovrModeParms::VRAPI_MODE_FLAG_FRONT_BUFFER_SRGB = 1
11-07 12:16:34.357 11611 11631 I VrApi   : ovrModeParms::VRAPI_MODE_FLAG_CREATE_CONTEXT_NO_ERROR = 0
11-07 12:16:34.357 11611 11631 I VrApi   : HMD sensor attached.
11-07 12:16:34.357 11611 11631 I VrApi   : Client side frame sync enabled
11-07 12:16:34.357 11611 11631 D VrRuntimeClient: VrRuntimeClient: enableRendering: activity client
11-07 12:16:34.357 11611 11631 D VrRuntimeClient: VrRuntimeClient: enableRendering: Using clientWindow=android.os.BinderProxy@9a78d76
11-07 12:16:34.358  2167  8423 I ClientMgr: ClientMgr::SetPrimaryCompositorClient: com.YourCompany.LastResisters
11-07 12:16:34.358  2167  8423 I GuardianSystem: SetCurrentPackageName: com.YourCompany.LastResisters
11-07 12:16:34.358  2167  8423 D VrRuntimeService: this client: 11611:com.YourCompany.LastResisters
11-07 12:16:34.358  2167  8423 D VrRuntimeService: enableRendering: clientWindow: android.os.BinderProxy@2e03897 enable: true
11-07 12:16:34.358  2167  8423 I ClientMgr: ClientMgr::EnableRendering 11611:com.YourCompany.LastResisters : enable
11-07 12:16:34.358  2167  8423 I TimeWarp: CheckDebuggerConnected: debugger 0
11-07 12:16:34.358 11611 11631 I VrRuntimeClient: CreateWarp: ImportGles: Fd=81, BufferSize=4096, AllocSize=9568
11-07 12:16:34.358 11611 11631 I VrRuntimeClient: CreateWarp: ImportGles: bo.Gl.BufferId=234, bo.Gl.MemoryObject=6
11-07 12:16:34.361 11611 11631 I ScreenCaptureHelper: Advertising com.YourCompany.LastResisters as streamable
11-07 12:16:34.362  1803  1803 I OVRMediaService: onStartCommand Received message type: set_package_name, caller package: no_app_identity
