10-29 18:40:35.888  1867  1917 I VrRuntimeClient: API LOADER VERSION = 1.1.25.0
10-29 18:40:35.888  1867  1917 I VrRuntimeClient: VRDRIVER VERSION = 10.0.0.143.427
10-29 18:40:35.888  1867  1917 I VrRuntimeClient: APP NAME = Oculus App Runtime
10-29 18:40:35.888  1867  1917 I VrRuntimeClient: APP VERSION = 10.0.0.143.427 versionCode 178455526 internalVersionName 10.0.0.143.427.5f7997c54f2b 2019_10_17_20_36
10-29 18:40:35.888  1867  1917 I VrRuntimeClient: APP VR TYPE = vr_only
10-29 18:40:35.888  1867  1917 I VrRuntimeClient: APP PACKAGE NAME = com.oculus.vrshell
10-29 18:40:35.888  1867  1917 I VrRuntimeClient: APP ACTIVITY CLASS = com.oculus.vrshell.MainActivity
10-29 18:40:35.898  2170 27268 W libosutils: PipelineSignal::waitOnListener(): failed (lost connection to service?)
10-29 18:40:35.900  2170 27268 W libosutils: PipelineSignal::waitOnListener(): failed (lost connection to service?)
10-29 18:40:35.902  1810  1810 D OVRServiceSynchronous: Service connected.
10-29 18:40:35.916  2170 27268 W libosutils: PipelineSignal::waitOnListener(): failed (lost connection to service?)
10-29 18:40:35.917  2170 27268 W libosutils: PipelineSignal::waitOnListener(): failed (lost connection to service?)
10-29 18:40:35.927  2170 27268 W libosutils: PipelineSignal::waitOnListener(): failed (lost connection to service?)
10-29 18:40:35.928  2170 27268 W libosutils: PipelineSignal::waitOnListener(): failed (lost connection to service?)
10-29 18:40:35.935  1867  1917 D BatteryReceiver: Unregistering battery receiver
10-29 18:40:35.941  2170 27268 W libosutils: PipelineSignal::waitOnListener(): failed (lost connection to service?)
10-29 18:40:35.942  2170 27268 W libosutils: PipelineSignal::waitOnListener(): failed (lost connection to service?)
10-29 18:40:35.944 27150 27393 D UE4     : *** JavaEnvDestructor: 27393
10-29 18:40:35.947 27150 27463 D UE4     : [2019.10.29-09.40.35:947][208]LogTcpMessaging: Lost node '9B53F7CC42A1ADE9BA0542B87D9DB396' on connection '127.0.0.1:40826'...
10-29 18:40:35.947 27150 27463 D UE4     : *** JavaEnvDestructor: 27463
10-29 18:40:35.954  2170 27268 W libosutils: PipelineSignal::waitOnListener(): failed (lost connection to service?)
10-29 18:40:35.955  2170 27268 W libosutils: PipelineSignal::waitOnListener(): failed (lost connection to service?)
10-29 18:40:35.968  2170 27268 W libosutils: PipelineSignal::waitOnListener(): failed (lost connection to service?)
10-29 18:40:35.969  2170 27268 W libosutils: PipelineSignal::waitOnListener(): failed (lost connection to service?)
10-29 18:40:35.982  2170 27268 W libosutils: PipelineSignal::waitOnListener(): failed (lost connection to service?)
10-29 18:40:35.983  2170 27268 W libosutils: PipelineSignal::waitOnListener(): failed (lost connection to service?)
10-29 18:40:35.989  1810  1810 I PlatformPluginManager: enforcePartyChatStateConsistency - User not in a party.
10-29 18:40:35.989  1810  1810 I PlatformPluginManager: stopPartyChat
10-29 18:40:35.989  1810  1810 I PlatformPlugin: [PlatformPluginManager] Stopping party chat
10-29 18:40:35.989  1810  1810 I PlatformPluginManager: enforcePartyChatStateConsistency - User not in a party.
10-29 18:40:35.989  1810  1810 I PlatformPluginManager: stopPartyChat
10-29 18:40:35.989  1810  1810 I PlatformPlugin: [PlatformPluginManager] Stopping party chat
10-29 18:40:35.996  2170 27268 W libosutils: PipelineSignal::waitOnListener(): failed (lost connection to service?)
10-29 18:40:35.997  2170 27268 W libosutils: PipelineSignal::waitOnListener(): failed (lost connection to service?)
10-29 18:40:36.010  2170 27268 W libosutils: PipelineSignal::waitOnListener(): failed (lost connection to service?)
10-29 18:40:36.011  2170 27268 W libosutils: PipelineSignal::waitOnListener(): failed (lost connection to service?)
10-29 18:40:36.024  2170 27268 W libosutils: PipelineSignal::waitOnListener(): failed (lost connection to service?)
10-29 18:40:36.024  2170 27268 W libosutils: PipelineSignal::waitOnListener(): failed (lost connection to service?)
10-29 18:40:36.040  2170 27268 W libosutils: PipelineSignal::waitOnListener(): failed (lost connection to service?)
10-29 18:40:36.041  2170 27268 W libosutils: PipelineSignal::waitOnListener(): failed (lost connection to service?)
10-29 18:40:36.048 27150 27167 D UE4     : [2019.10.29-09.40.36:048][208]LogCore: Display: AppLifetime: Application will deactivate
10-29 18:40:36.048 27150 27397 D OVRPlugin: Leaving VR mode.
10-29 18:40:36.048 27150 27397 I VrApi   : ---------- vrapi_LeaveVrMode [start] ----------
10-29 18:40:36.050 27150 27397 D VrApi   : targetSDKVersion 19
10-29 18:40:36.052  2170 27268 W libosutils: PipelineSignal::waitOnListener(): failed (lost connection to service?)
10-29 18:40:36.052  2170 27268 W libosutils: PipelineSignal::waitOnListener(): failed (lost connection to service?)
10-29 18:40:36.052 27150 27397 I VrRuntimeClient: DEVICE MODEL NUMBER = Quest
10-29 18:40:36.052 27150 27397 I VrRuntimeClient: DEVICE HARDWARE = monterey
10-29 18:40:36.052 27150 27397 I VrRuntimeClient: DEVICE BUILD NAME = user-396520.6170.0
10-29 18:40:36.052 27150 27397 I VrRuntimeClient: DEVICE BUILD TYPE = user
10-29 18:40:36.052 27150 27397 I VrRuntimeClient: DEVICE OS VERSION = 7.1.1
10-29 18:40:36.052 27150 27397 I VrRuntimeClient: VRRUNTIME VERSION = VRAPI_VERSION_BEGIN { 1.1.27.0-178455920-178455920 Oct 17 2019 20:40:08 Development } RELEASE
10-29 18:40:36.052 27150 27397 I VrRuntimeClient: API LOADER VERSION = 1.1.22.0
10-29 18:40:36.052 27150 27397 I VrRuntimeClient: VRDRIVER VERSION = 10.0.0.143.427
10-29 18:40:36.052 27150 27397 I VrRuntimeClient: APP NAME = LastResisters
10-29 18:40:36.052 27150 27397 I VrRuntimeClient: APP VERSION = 1.0 versionCode 1 internalVersionName <none>
10-29 18:40:36.052 27150 27397 I VrRuntimeClient: APP VR TYPE = vr_only
10-29 18:40:36.052 27150 27397 I VrRuntimeClient: APP PACKAGE NAME = com.YourCompany.LastResisters
10-29 18:40:36.052 27150 27397 I VrRuntimeClient: APP ACTIVITY CLASS = com.epicgames.ue4.GameActivity
10-29 18:40:36.054 27150 27397 D BatteryReceiver: Unregistering battery receiver
10-29 18:40:36.070  2170 27268 W libosutils: PipelineSignal::waitOnListener(): failed (lost connection to service?)
10-29 18:40:36.072  2170 27268 W libosutils: PipelineSignal::waitOnListener(): failed (lost connection to service?)
10-29 18:40:36.123  2013  2183 W LibraryProvider: Cannot find entitlement for com.YourCompany.LastResisters
10-29 18:40:36.124  1810  1969 W OVRLibrary: null cursor received for query content://com.oculus.ocms.library/apps/com.YourCompany.LastResisters
10-29 18:40:36.124  1810  1969 I SDKLoggingService: Unable to find AppId for package (com.YourCompany.LastResisters)
10-29 18:40:36.128 27150 27224 D VrApi   : targetSDKVersion 19
10-29 18:40:36.146   710 27312 I [CT]    : MANAGEMENT:CONSTELLATION: Status=GREEN,, Obj=16572054001761934198,6DOF=1,FusJit=0.007mm,Issues(Cam/min=  0,IMU/min=0), Obj=3669952633402657438,6DOF=1,FusJit=0.0mm,Issues(Cam/min=  0,IMU/min=0)
10-29 18:40:36.152  2170 27268 W libosutils: PipelineSignal::waitOnListener(): failed (lost connection to service?)
10-29 18:40:36.152  2170 27268 W libosutils: PipelineSignal::waitOnListener(): failed (lost connection to service?)
10-29 18:40:36.163  2170 27268 W libosutils: PipelineSignal::waitOnListener(): failed (lost connection to service?)
10-29 18:40:36.163  2170 27268 W libosutils: PipelineSignal::waitOnListener(): failed (lost connection to service?)
10-29 18:40:36.177  2170 27268 W libosutils: PipelineSignal::waitOnListener(): failed (lost connection to service?)
10-29 18:40:36.178  2170 27268 W libosutils: PipelineSignal::waitOnListener(): failed (lost connection to service?)
10-29 18:40:36.191  2170 27268 W libosutils: PipelineSignal::waitOnListener(): failed (lost connection to service?)
10-29 18:40:36.191  2170 27268 W libosutils: PipelineSignal::waitOnListener(): failed (lost connection to service?)
10-29 18:40:36.198  2013  2134 W LibraryProvider: Cannot find entitlement for com.YourCompany.LastResisters
10-29 18:40:36.198  1810  1822 W OVRLibrary: null cursor received for query content://com.oculus.ocms.library/apps/com.YourCompany.LastResisters
10-29 18:40:36.198  1810  1822 I SDKLoggingService: Unable to find AppId for package (com.YourCompany.LastResisters)
10-29 18:40:36.199 27150 27224 I VrApi   : FPS=51,Prd=44ms,Tear=0,Early=0,Stale=60,VSnc=1,Lat=1,Fov=0,CPU4/GPU=4/4,2304/670MHz,OC=FF,TA=0/E0/E0,SP=N/N/N,Mem=1804MHz,Free=1099MB,PSM=0,PLS=0,Temp=35.0C/0.0C,TW=2.25ms,App=18.16ms,GD=0.00ms,CPU&GPU=23.63ms,LCnt=1,GPU%=0.97,CPU%=0.36(W0.48)
10-29 18:40:36.199 27150 27397 I VrApi   : OVR::Stats thread stopped
10-29 18:40:36.199 27150 27397 I InputDeviceManager: ovrInputDeviceManager::Shutdown
10-29 18:40:36.205  2170 27268 W libosutils: PipelineSignal::waitOnListener(): failed (lost connection to service?)
10-29 18:40:36.205  2170 27268 W libosutils: PipelineSignal::waitOnListener(): failed (lost connection to service?)
10-29 18:40:36.206 27150 27223 I InputHooks_Internal: InputHooksThreadRun ShutdownRequest received
10-29 18:40:36.207 27150 27397 I InputHooks_Internal: Disabling Native Input Hooks
10-29 18:40:36.207  2170 26653 D VrRuntimeService: this client: 27150:com.YourCompany.LastResisters
10-29 18:40:36.207  2170 26653 D VrRuntimeService: enableRendering: clientWindow: null enable: false
10-29 18:40:36.207  2170 26653 I ClientMgr: ClientMgr::EnableRendering 27150:com.YourCompany.LastResisters : disable
10-29 18:40:36.207 27150 27225 I VrRuntimeClient: FenceChecker::MainLoop - ended
10-29 18:40:36.207 27150 27397 I BufferObject: ovrBufferObjectFactory::Unimport deleting GL buffer=113
10-29 18:40:36.207 27150 27397 I BufferObject: ovrBufferObjectFactory::Unimport deleting GL memory object=1
10-29 18:40:36.208 27150 27397 I TrackingServiceClient: OVR::TrackingService::ClientSetInterface
10-29 18:40:36.208 27150 27397 D TrackingServiceClient: onClientDisconnect
10-29 18:40:36.208 27150 27397 D TrackingServiceConnectionNative: onClientDisconnect
10-29 18:40:36.208   710   927 I TrackingService: Unregistering client by ITrackingService.unregisterClient
10-29 18:40:36.208   710   927 I TrackingService: TrackingServiceHost Unregistering client: pid 27150
10-29 18:40:36.208 27150 27397 D BinderConnection: Disconnecting from TrackingService service
10-29 18:40:36.208 27150 27397 D TrackingServiceConnectionNative: onDisconnected
10-29 18:40:36.208 27150 27397 D TrackingServiceClient: TrackingServiceConnection mConnectedRemotes.clear()
10-29 18:40:36.209 27150 27397 I TrackingServiceClient: OVR::TrackingService::ClientSetInterface
10-29 18:40:36.209 27150 27397 I VrApi   : ---------- vrapi_LeaveVrMode [end] ----------
10-29 18:40:36.209 27150 27167 D UE4     : Unregistering volume receiver
10-29 18:40:36.209 27150 27167 D UE4     : Unregistering battery receiver
10-29 18:40:36.210 27150 27167 D UE4     : Unregistering headset receiver
10-29 18:40:36.210 27150 27167 D UE4     : [2019.10.29-09.40.36:210][208]LogCore: Display: AppLifetime: Application will enter background
10-29 18:40:36.212 27150 27398 D UE4     : *** JavaEnvDestructor: 27398
10-29 18:40:36.213 27150 27397 D UE4     : AndroidEGL::ResetDisplay()
10-29 18:40:36.213 27150 27397 D UE4     : *** JavaEnvDestructor: 27397
10-29 18:40:36.214 27150 27167 D UE4     : [2019.10.29-09.40.36:214][208]LogTemp: Android pause audio
10-29 18:40:36.214 27150 27167 D UE4     : [2019.10.29-09.40.36:214][208]LogAudioMixerAndroid: Display: Suspending android audio renderer
10-29 18:40:36.214 27150 27167 D UE4     : [2019.10.29-09.40.36:214][208]LogTemp: Android release microphone
10-29 18:40:36.214 27150 27167 D UE4     : Execution has been paused...
10-29 18:40:36.215 27150 27169 D UE4     : [2019.10.29-09.40.36:215][208]LogAndroid: Case APP_CMD_SAVE_STATE
10-29 18:40:36.215 27150 27169 D UE4     : LogAndroidEvents::EnqueueAppEvent : 12, 0, tid = 27169, APP_EVENT_STATE_SAVE_STATE
10-29 18:40:36.220 27150 27169 D UE4     : [2019.10.29-09.40.36:220][208]LogAndroid: Case APP_CMD_STOP
10-29 18:40:36.220 27150 27169 D UE4     : LogAndroidEvents::EnqueueAppEvent : 8, 0, tid = 27169, APP_EVENT_STATE_ON_STOP
10-29 18:40:36.220 27150 27150 D UE4     : ==============> GameActive.onStop complete!
10-29 18:40:36.220 27150 27150 D UE4     : ==============> GameActive.onTrimMemory(TRIM_MEMORY_UI_HIDDEN) called!
10-29 18:40:36.220  2170 27268 W libosutils: PipelineSignal::waitOnListener(): failed (lost connection to service?)
10-29 18:40:36.220  2170 27268 W libosutils: PipelineSignal::waitOnListener(): failed (lost connection to service?)
10-29 18:40:36.221 27150 27169 D UE4     : [2019.10.29-09.40.36:221][208]LogAndroid: Case APP_CMD_START
10-29 18:40:36.221 27150 27169 D UE4     : LogAndroidEvents::EnqueueAppEvent : 9, 0, tid = 27169, APP_EVENT_STATE_ON_START
10-29 18:40:36.221 27150 27150 D UE4     : Creating console command broadcast listener
10-29 18:40:36.223 27150 27150 D UE4     : ==================================> Inside onStart function in GameActivity
10-29 18:40:36.224 27150 27169 D UE4     : Case APP_CMD_RESUME
10-29 18:40:36.224 27150 27169 D UE4     : [2019.10.29-09.40.36:224][208]LogAndroid: Case APP_CMD_RESUME
10-29 18:40:36.224 27150 27169 D UE4     : LogAndroidEvents::EnqueueAppEvent : 7, 0, tid = 27169, APP_EVENT_STATE_ON_RESUME
10-29 18:40:36.224 27150 27150 D UE4     : onResume: start memory reporter runnable
10-29 18:40:36.224 27150 27150 D UE4     : === Restoring Transparent Bars ===
10-29 18:40:36.224 27150 27150 D UE4     : ==============> [JAVA] AndroidThunkJava_KeepScreenOn(false) - Enabled screen saver
10-29 18:40:36.224 27150 27150 D UE4     : Registering sensor listeners
10-29 18:40:36.224 27150 27150 D UE4     : App is running in Landscape
10-29 18:40:36.224 27150 27150 D UE4     : === Restoring Transparent Bars ===
10-29 18:40:36.224 27150 27150 D UE4     : ==============> Resuming main init
10-29 18:40:36.224 27150 27150 D UE4     : ==============> GameActive.onResume complete!
10-29 18:40:36.226   710 27313 W [CT]    : VIPER: IMU is running ahead of cam by 77.226 ms. Dropping frame.
10-29 18:40:36.228 27150 27169 D UE4     : [2019.10.29-09.40.36:228][208]LogAndroid: Case APP_CMD_GAINED_FOCUS
10-29 18:40:36.228 27150 27169 D UE4     : LogAndroidEvents::EnqueueAppEvent : 11, 0, tid = 27169, APP_EVENT_STATE_WINDOW_GAINED_FOCUS
10-29 18:40:36.234  2170 27268 W libosutils: PipelineSignal::waitOnListener(): failed (lost connection to service?)
10-29 18:40:36.234  2170 27268 W libosutils: PipelineSignal::waitOnListener(): failed (lost connection to service?)
10-29 18:40:36.237   542   589 V audio_hw_primary: out_get_latency: Latency 8
10-29 18:40:36.245  2170  2357 I GuardianSystem: GuardianSystem::BroadcastInfoToShell systemux://guardian/update_state 
10-29 18:40:36.245  2170  2357 D VrRuntimeService: sendBroadcastIntent - action: 'com.oculus.vrshell.intent.action.GUARDIAN' data: 'systemux://guardian/update_state' intent_pkg: com.YourCompany.LastResisters intent_cmd: 
10-29 18:40:36.247  2170 27268 W libosutils: PipelineSignal::waitOnListener(): failed (lost connection to service?)
10-29 18:40:36.249  2170 27268 W libosutils: PipelineSignal::waitOnListener(): failed (lost connection to service?)
10-29 18:40:36.249  1076  1507 I ActivityManager: Activity reported stop, but no longer stopping: ActivityRecord{f14984d u0 com.YourCompany.LastResisters/com.epicgames.ue4.GameActivity t210} RESUMED
10-29 18:40:36.257   542   589 V audio_hw_primary: out_get_latency: Latency 8
10-29 18:40:36.261  2170 27268 W libosutils: PipelineSignal::waitOnListener(): failed (lost connection to service?)
10-29 18:40:36.262  2170 27268 W libosutils: PipelineSignal::waitOnListener(): failed (lost connection to service?)
10-29 18:40:36.263   710 27313 W [CT]    : VIPER: IMU is running ahead of cam by 80.346 ms. Dropping frame.
10-29 18:40:36.271   542   581 V AudioPolicyManagerCustom: getNewOutputDevice() selected device 0
10-29 18:40:36.272   542   581 V AudioPolicyManagerCustom: checkOutputForStrategy(): policy related outputs
10-29 18:40:36.276  2170 27268 W libosutils: PipelineSignal::waitOnListener(): failed (lost connection to service?)
10-29 18:40:36.277  2170 27268 W libosutils: PipelineSignal::waitOnListener(): failed (lost connection to service?)
10-29 18:40:36.290  2170 27268 W libosutils: PipelineSignal::waitOnListener(): failed (lost connection to service?)
10-29 18:40:36.290  2170 27268 W libosutils: PipelineSignal::waitOnListener(): failed (lost connection to service?)
10-29 18:40:36.303  2170 27268 W libosutils: PipelineSignal::waitOnListener(): failed (lost connection to service?)
10-29 18:40:36.304  2170 27268 W libosutils: PipelineSignal::waitOnListener(): failed (lost connection to service?)
10-29 18:40:36.315 27150 27167 D UE4     : [2019.10.29-09.40.36:315][208]LogAndroidEvents: Display: LogAndroidEvents::DequeueAppEvent : 12, 0, APP_EVENT_STATE_SAVE_STATE
10-29 18:40:36.315 27150 27167 D UE4     : [2019.10.29-09.40.36:315][208]LogAndroidEvents: Display: LogAndroidEvents::DequeueAppEvent : 8, 0, APP_EVENT_STATE_ON_STOP
10-29 18:40:36.315 27150 27167 D UE4     : [2019.10.29-09.40.36:315][208]LogAndroidEvents: Display: LogAndroidEvents::DequeueAppEvent : 9, 0, APP_EVENT_STATE_ON_START
10-29 18:40:36.315 27150 27167 D UE4     : [2019.10.29-09.40.36:315][208]LogAndroidEvents: Display: LogAndroidEvents::DequeueAppEvent : 7, 0, APP_EVENT_STATE_ON_RESUME
10-29 18:40:36.317 27150 27167 D UE4     : [2019.10.29-09.40.36:317][208]LogTemp: Android resume audio
10-29 18:40:36.317 27150 27167 D UE4     : [2019.10.29-09.40.36:317][208]LogAudioMixerAndroid: Display: Resuming android audio renderer
10-29 18:40:36.318  2170 27268 W libosutils: PipelineSignal::waitOnListener(): failed (lost connection to service?)
10-29 18:40:36.319  2170 27268 W libosutils: PipelineSignal::waitOnListener(): failed (lost connection to service?)
10-29 18:40:36.320   542   581 W AudioFlinger: checkEffectCompatibility_l(): non HW effect Volume listener for Music on playback thread in fast mode
10-29 18:40:36.320   542   581 E AudioEffect: set(): AudioFlinger could not create effect, status: -22
10-29 18:40:36.320   542   581 E AudioPolicyEffects: addOutputSessionEffects(): failed to create Fx  music_helper on session 1953
10-29 18:40:36.320   542   581 V AudioPolicyManagerCustom: getNewOutputDevice() selected device 2
10-29 18:40:36.320   542   581 V AudioPolicyManagerCustom: checkOutputForStrategy(): policy related outputs
10-29 18:40:36.323 27150 27167 D UE4     : [2019.10.29-09.40.36:323][208]LogHMD: Initializing OVRPlugin session
10-29 18:40:36.323 27150 27167 D UE4     : [2019.10.29-09.40.36:323][208]LogHMD: OculusHMD plugin supports multiview!
10-29 18:40:36.323 27150 27167 D OVRPlugin: GL_EXTENSIONS:
10-29 18:40:36.323 27150 27167 D OVRPlugin: GL_OES_EGL_image
10-29 18:40:36.323 27150 27167 D OVRPlugin: GL_OES_EGL_image_external
10-29 18:40:36.323 27150 27167 D OVRPlugin: GL_OES_EGL_sync
10-29 18:40:36.323 27150 27167 D OVRPlugin: GL_OES_vertex_half_float
10-29 18:40:36.323 27150 27167 D OVRPlugin: GL_OES_framebuffer_object
10-29 18:40:36.323 27150 27167 D OVRPlugin: GL_OES_rgb8_rgba8
10-29 18:40:36.323 27150 27167 D OVRPlugin: GL_OES_compressed_ETC1_RGB8_texture
10-29 18:40:36.323 27150 27167 D OVRPlugin: GL_AMD_compressed_ATC_texture
10-29 18:40:36.323 27150 27167 D OVRPlugin: GL_KHR_texture_compression_astc_ldr
10-29 18:40:36.323 27150 27167 D OVRPlugin: GL_KHR_texture_compression_astc_hdr
10-29 18:40:36.323 27150 27167 D OVRPlugin: GL_OES_texture_compression_astc
10-29 18:40:36.323 27150 27167 D OVRPlugin: GL_OES_texture_npot
10-29 18:40:36.323 27150 27167 D OVRPlugin: GL_EXT_texture_filter_anisotropic
10-29 18:40:36.323 27150 27167 D OVRPlugin: GL_EXT_texture_format_BGRA8888
10-29 18:40:36.323 27150 27167 D OVRPlugin: GL_EXT_read_format_bgra
10-29 18:40:36.323 27150 27167 D OVRPlugin: GL_OES_texture_3D
10-29 18:40:36.323 27150 27167 D OVRPlugin: GL_EXT_color_buffer_float
10-29 18:40:36.323 27150 27167 D OVRPlugin: GL_EXT_color_buffer_half_float
10-29 18:40:36.323 27150 27167 D OVRPlugin: GL_QCOM_alpha_test
10-29 18:40:36.323 27150 27167 D OVRPlugin: GL_OES_depth24
10-29 18:40:36.323 27150 27167 D OVRPlugin: GL_OES_packed_depth_stencil
10-29 18:40:36.323 27150 27167 D OVRPlugin: GL_OES_depth_texture
10-29 18:40:36.323 27150 27167 D OVRPlugin: GL_OES_depth_texture_cube_map
10-29 18:40:36.323 27150 27167 D OVRPlugin: GL_EXT_sRGB
10-29 18:40:36.323 27150 27167 D OVRPlugin: GL_OES_texture_float
10-29 18:40:36.323 27150 27167 D OVRPlugin: GL_OES_texture_float_linear
10-29 18:40:36.323 27150 27167 D OVRPlugin: GL_OES_texture_half_float
10-29 18:40:36.323 27150 27167 D OVRPlugin: GL_OES_texture_half_float_linear
10-29 18:40:36.323 27150 27167 D OVRPlugin: GL_EXT_texture_type_2_10_10_10_REV
10-29 18:40:36.323 27150 27167 D OVRPlugin: GL_EXT_texture_sRGB_decode
10-29 18:40:36.323 27150 27167 D OVRPlugin: GL_EXT_texture_format_sRGB_override
10-29 18:40:36.323 27150 27167 D OVRPlugin: GL_OES_element_index_uint
10-29 18:40:36.323 27150 27167 D OVRPlugin: GL_EXT_copy_image
10-29 18:40:36.323 27150 27167 D OVRPlugin: GL_EXT_geometry_shader
10-29 18:40:36.323 27150 27167 D OVRPlugin: GL_EXT_tessellation_shader
10-29 18:40:36.323 27150 27167 D OVRPlugin: GL_OES_texture_stencil8
10-29 18:40:36.323 27150 27167 D OVRPlugin: GL_EXT_shader_io_blocks
10-29 18:40:36.323 27150 27167 D OVRPlugin: GL_OES_shader_image_atomic
10-29 18:40:36.323 27150 27167 D OVRPlugin: GL_OES_sample_variables
10-29 18:40:36.323 27150 27167 D OVRPlugin: GL_EXT_texture_border_clamp
10-29 18:40:36.323 27150 27167 D OVRPlugin: GL_EXT_EGL_image_external_wrap_modes
10-29 18:40:36.323 27150 27167 D OVRPlugin: GL_EXT_multisampled_render_to_texture
10-29 18:40:36.323 27150 27167 D OVRPlugin: GL_EXT_multisampled_render_to_texture2
10-29 18:40:36.323 27150 27167 D OVRPlugin: GL_OES_shader_multisample_interpolation
10-29 18:40:36.323 27150 27167 D OVRPlugin: GL_EXT_texture_cube_map_array
10-29 18:40:36.323 27150 27167 D OVRPlugin: GL_EXT_draw_buffers_indexed
10-29 18:40:36.323 27150 27167 D OVRPlugin: GL_EXT_gpu_shader5
10-29 18:40:36.323 27150 27167 D OVRPlugin: GL_EXT_robustness
10-29 18:40:36.323 27150 27167 D OVRPlugin: GL_EXT_texture_buffer
10-29 18:40:36.323 27150 27167 D OVRPlugin: GL_EXT_shader_framebuffer_fetch
10-29 18:40:36.323 27150 27167 D OVRPlugin: GL_ARM_shader_framebuffer_fetch_depth_stencil
10-29 18:40:36.323 27150 27167 D OVRPlugin: GL_OES_texture_storage_multisample_2d_array
10-29 18:40:36.323 27150 27167 D OVRPlugin: GL_OES_sample_shading
10-29 18:40:36.323 27150 27167 D OVRPlugin: GL_OES_get_program_binary
10-29 18:40:36.323 27150 27167 D OVRPlugin: GL_EXT_debug_label
10-29 18:40:36.323 27150 27167 D OVRPlugin: GL_KHR_blend_equation_advanced
10-29 18:40:36.323 27150 27167 D OVRPlugin: GL_KHR_blend_equation_advanced_coherent
10-29 18:40:36.323 27150 27167 D OVRPlugin: GL_QCOM_tiled_rendering
10-29 18:40:36.323 27150 27167 D OVRPlugin: GL_ANDROID_extension_pack_es31a
10-29 18:40:36.323 27150 27167 D OVRPlugin: GL_EXT_primitive_bounding_box
10-29 18:40:36.323 27150 27167 D OVRPlugin: GL_OES_standard_derivatives
10-29 18:40:36.323 27150 27167 D OVRPlugin: GL_OES_vertex_array_object
10-29 18:40:36.323 27150 27167 D OVRPlugin: GL_EXT_disjoint_timer_query
10-29 18:40:36.323 27150 27167 D OVRPlugin: GL_KHR_debug
10-29 18:40:36.323 27150 27167 D OVRPlugin: GL_EXT_YUV_target
10-29 18:40:36.323 27150 27167 D OVRPlugin: GL_EXT_sRGB_write_control
10-29 18:40:36.323 27150 27167 D OVRPlugin: GL_EXT_texture_norm16
10-29 18:40:36.323 27150 27167 D OVRPlugin: GL_EXT_discard_framebuffer
10-29 18:40:36.323 27150 27167 D OVRPlugin: GL_OES_surfaceless_context
10-29 18:40:36.323 27150 27167 D OVRPlugin: GL_OVR_multiview
10-29 18:40:36.323 27150 27167 D OVRPlugin: GL_OVR_multiview2
10-29 18:40:36.323 27150 27167 D OVRPlugin: GL_EXT_texture_sRGB_R8
10-29 18:40:36.323 27150 27167 D OVRPlugin: GL_KHR_no_error
10-29 18:40:36.323 27150 27167 D OVRPlugin: GL_EXT_debug_marker
10-29 18:40:36.323 27150 27167 D OVRPlugin: GL_OES_EGL_image_external_essl3
10-29 18:40:36.323 27150 27167 D OVRPlugin: GL_OVR_multiview_multisampled_render_to_texture
10-29 18:40:36.323 27150 27167 D OVRPlugin: GL_EXT_buffer_storage
10-29 18:40:36.323 27150 27167 D OVRPlugin: GL_EXT_external_buffer
10-29 18:40:36.323 27150 27167 D OVRPlugin: GL_EXT_blit_framebuffer_params
10-29 18:40:36.323 27150 27167 D OVRPlugin: GL_EXT_clip_cull_distance
10-29 18:40:36.323 27150 27167 D OVRPlugin: GL_EXT_protected_textures
10-29 18:40:36.323 27150 27167 D OVRPlugin: GL_EXT_shader_non_constant_global_initializers
10-29 18:40:36.323 27150 27167 D OVRPlugin: GL_QCOM_texture_foveated
10-29 18:40:36.323 27150 27167 D OVRPlugin: GL_QCOM_shader_framebuffer_fetch_noncoherent
10-29 18:40:36.323 27150 27167 D OVRPlugin: GL_QCOM_shader_framebuffer_fetch_rate
10-29 18:40:36.323 27150 27167 D OVRPlugin: GL_EXT_memory_object
10-29 18:40:36.323 27150 27167 D OVRPlugin: GL_EXT_memory_object_fd
10-29 18:40:36.323 27150 27167 D OVRPlugin: GL_EXT_EGL_image_array
10-29 18:40:36.323 27150 27167 D OVRPlugin: GL_NV_shader_noperspective_interpolation
10-29 18:40:36.323 27150 27167 D OVRPlugin: GL_KHR_robust_buffer_access_behavior
10-29 18:40:36.323 27150 27167 D OVRPlugin: GL_EXT_EGL_image_storage
10-29 18:40:36.323 27150 27167 D OVRPlugin: GL_EXT_blend_func_extended
10-29 18:40:36.323 27150 27167 D OVRPlugin: GL_EXT_clip_control
10-29 18:40:36.323 27150 27167 D OVRPlugin: GL_OES_texture_view
10-29 18:40:36.324 27150 27167 D OVRPlugin: GL_EXT_fragment_invocation_density
10-29 18:40:36.324 27150 27167 D OVRPlugin: GL_QCOM_YUV_texture_gather
10-29 18:40:36.324 27150 27167 D OVRPlugin: es3 = TRUE
10-29 18:40:36.324 27150 27167 D OVRPlugin: Found: GL_EXT_discard_framebuffer
10-29 18:40:36.324 27150 27167 D OVRPlugin: Found: GL_EXT_multisampled_render_to_texture
10-29 18:40:36.324 27150 27167 D OVRPlugin: Found: GL_OES_vertex_array_object
10-29 18:40:36.324 27150 27167 D OVRPlugin: Found: GL_QCOM_tiled_rendering
10-29 18:40:36.324 27150 27167 D OVRPlugin: Found: GL_EXT_disjoint_timer_query
10-29 18:40:36.324 27150 27167 D OVRPlugin: Found: GL_EXT_texture_sRGB_decode
10-29 18:40:36.324 27150 27167 D OVRPlugin: Found: GL_EXT_texture_filter_anisotropic
10-29 18:40:36.324 27150 27167 D OVRPlugin: GL_MAX_TEXTURE_SIZE = 16384
10-29 18:40:36.324 27150 27167 D OVRPlugin: GL_MAX_VERTEX_UNIFORM_VECTORS = 256
10-29 18:40:36.324 27150 27167 D OVRPlugin: GL_MAX_FRAGMENT_UNIFORM_VECTORS = 256
10-29 18:40:36.324 27150 27167 D OVRPlugin: Found: GL_EXT_texture_border_clamp
10-29 18:40:36.324 27150 27167 D OVRPlugin: Finished setting up render thread.
10-29 18:40:36.324 27150 27167 D OVRPlugin: Entering VR mode.
10-29 18:40:36.324 27150 27167 I VrApi   : ---------- vrapi_EnterVrMode [start] ----------
10-29 18:40:36.325 27150 27167 I InputHooks_Internal: Enabling Native Input Hooks
10-29 18:40:36.325 27150 27167 I VrRuntimeClient: Tracing is disabled
10-29 18:40:36.327 27150 27167 D VrApi   : targetSDKVersion 19
10-29 18:40:36.328 27150 27167 I VrRuntimeClient: DEVICE MODEL NUMBER = Quest
10-29 18:40:36.328 27150 27167 I VrRuntimeClient: DEVICE HARDWARE = monterey
10-29 18:40:36.328 27150 27167 I VrRuntimeClient: DEVICE BUILD NAME = user-396520.6170.0
10-29 18:40:36.328 27150 27167 I VrRuntimeClient: DEVICE BUILD TYPE = user
10-29 18:40:36.328 27150 27167 I VrRuntimeClient: DEVICE OS VERSION = 7.1.1
10-29 18:40:36.328 27150 27167 I VrRuntimeClient: VRRUNTIME VERSION = VRAPI_VERSION_BEGIN { 1.1.27.0-178455920-178455920 Oct 17 2019 20:40:08 Development } RELEASE
10-29 18:40:36.328 27150 27167 I VrRuntimeClient: API LOADER VERSION = 1.1.22.0
10-29 18:40:36.328 27150 27167 I VrRuntimeClient: VRDRIVER VERSION = 10.0.0.143.427
10-29 18:40:36.328 27150 27167 I VrRuntimeClient: APP NAME = LastResisters
10-29 18:40:36.328 27150 27167 I VrRuntimeClient: APP VERSION = 1.0 versionCode 1 internalVersionName <none>
10-29 18:40:36.328 27150 27167 I VrRuntimeClient: APP VR TYPE = vr_only
10-29 18:40:36.328 27150 27167 I VrRuntimeClient: APP PACKAGE NAME = com.YourCompany.LastResisters
10-29 18:40:36.328 27150 27167 I VrRuntimeClient: APP ACTIVITY CLASS = com.epicgames.ue4.GameActivity
10-29 18:40:36.328 27150 27167 D BatteryReceiver: Registering battery receiver
10-29 18:40:36.333  2170 27268 W libosutils: PipelineSignal::waitOnListener(): failed (lost connection to service?)
10-29 18:40:36.334  2170 27268 W libosutils: PipelineSignal::waitOnListener(): failed (lost connection to service?)
10-29 18:40:36.347  2170 27268 W libosutils: PipelineSignal::waitOnListener(): failed (lost connection to service?)
10-29 18:40:36.347  2170 27268 W libosutils: PipelineSignal::waitOnListener(): failed (lost connection to service?)
10-29 18:40:36.348 27150 27167 D HeadsetReceiver: getCurrentHeadsetState: false
10-29 18:40:36.348 27150 27167 I DeviceStatus_Android: nativeHeadsetEvent(0)
10-29 18:40:36.350 27150 27167 I DeviceStatus_Android: nativeGamepadListener(0)
10-29 18:40:36.350 27150 27167 I InputDeviceManager: ovrInputDeviceManager::Initialize
10-29 18:40:36.351 27150 27167 I ScreenCaptureHelper: GetScreenCaptureInhibitFlagFromVrHelper
10-29 18:40:36.354 27150 27167 D VRProviderHelper: Could not find provider
10-29 18:40:36.354  2170  2185 I ScreenCaptureBase: GlobalInhibitState=0
10-29 18:40:36.354 27150 27167 D TrackingServiceConnectionNative: onClientConnect
10-29 18:40:36.354 27150 27167 D BinderConnection: Connecting to TrackingService
10-29 18:40:36.354 27150 27167 D TrackingServiceConnectionNative: onConnected
10-29 18:40:36.355   710  9477 I TrackingService: TrackingService::getSharedMemoryFileDescriptor
10-29 18:40:36.356 27150 27167 I TrackingServiceClient: OVR::TrackingService::ClientSetInterface
10-29 18:40:36.356 27150 27167 I TrackingServiceClient: TrackingService client: roFd(83)
10-29 18:40:36.356 27150 27167 I TrackingServiceClient: TrackingService client: connected to interface version 10.
10-29 18:40:36.356 27150 27167 I TrackingServiceClient: TrackingService client: last prediction time is 0.004519 seconds old
10-29 18:40:36.356 27150 27167 I TrackingServiceClient: TrackingService client: provided by pid=710
10-29 18:40:36.357   710   710 I TrackingService: TrackingService::registerClient
10-29 18:40:36.357   710   710 I TrackingService: Registering client with TrackingServiceHost
10-29 18:40:36.358  2170 27268 W libosutils: PipelineSignal::waitOnListener(): failed (lost connection to service?)
10-29 18:40:36.358   710   710 I TrackingService: Notifying client pid 27150 of new remote 32ee4a79d0798a9e
10-29 18:40:36.358  2170 27268 W libosutils: PipelineSignal::waitOnListener(): failed (lost connection to service?)
10-29 18:40:36.359 27150 27167 D TrackingServiceClient: TrackingServiceClient onRemoteConnected 32ee4a79d0798a9e
10-29 18:40:36.359   710   710 I TrackingService: Notifying client pid 27150 of new remote e5fbc34fe59c5b76
10-29 18:40:36.359 27150 27167 D TrackingServiceClient: TrackingServiceClient onRemoteConnected e5fbc34fe59c5b76
10-29 18:40:36.359   710   710 I TrackingService: TrackingServiceHost GetSharedMemoryFileDescriptor for client pid 27150
10-29 18:40:36.359   710   710 I TrackingService: TrackingServiceHost registered common client; there are 0 secure clients
10-29 18:40:36.360 27150 27167 I TrackingServiceClient: ClientConnectComplete
10-29 18:40:36.360 27150 27167 I VrApi   : ovrModeParms::VRAPI_MODE_FLAG_ALLOW_POWER_SAVE = 1
10-29 18:40:36.360 27150 27167 I VrApi   : ovrModeParms::VRAPI_MODE_FLAG_RESET_WINDOW_FULLSCREEN = 1
10-29 18:40:36.360 27150 27167 I VrApi   : ovrModeParms::VRAPI_MODE_FLAG_NATIVE_WINDOW = 1
10-29 18:40:36.360 27150 27167 I VrApi   : ovrModeParms::VRAPI_MODE_FLAG_FRONT_BUFFER_PROTECTED = 0
10-29 18:40:36.360 27150 27167 I VrApi   : ovrModeParms::VRAPI_MODE_FLAG_FRONT_BUFFER_565 = 0
10-29 18:40:36.360 27150 27167 I VrApi   : ovrModeParms::VRAPI_MODE_FLAG_FRONT_BUFFER_SRGB = 1
10-29 18:40:36.360 27150 27167 I VrApi   : ovrModeParms::VRAPI_MODE_FLAG_CREATE_CONTEXT_NO_ERROR = 0
10-29 18:40:36.360 27150 27167 I VrApi   : HMD sensor attached.
10-29 18:40:36.360 27150 27167 I VrApi   : Client side frame sync enabled
10-29 18:40:36.360 27150 27167 D VrRuntimeClient: VrRuntimeClient: enableRendering: activity client
10-29 18:40:36.360 27150 27167 D VrRuntimeClient: VrRuntimeClient: enableRendering: Using clientWindow=android.os.BinderProxy@1d94fdf
10-29 18:40:36.360  2170  2181 I ClientMgr: ClientMgr::SetPrimaryCompositorClient: com.YourCompany.LastResisters
10-29 18:40:36.360  2170  2181 I GuardianSystem: SetCurrentPackageName: com.YourCompany.LastResisters
10-29 18:40:36.360  2170  2181 D VrRuntimeService: this client: 27150:com.YourCompany.LastResisters
10-29 18:40:36.361  2170  2181 D VrRuntimeService: enableRendering: clientWindow: android.os.BinderProxy@404f08d enable: true
10-29 18:40:36.361  2170  2181 I ClientMgr: ClientMgr::EnableRendering 27150:com.YourCompany.LastResisters : enable
10-29 18:40:36.361  2170  2181 I TimeWarp: CheckDebuggerConnected: debugger 0
10-29 18:40:36.361 27150 27167 I VrRuntimeClient: CreateWarp: ImportGles: Fd=81, BufferSize=4096, AllocSize=9568
10-29 18:40:36.361 27150 27167 I VrRuntimeClient: CreateWarp: ImportGles: bo.Gl.BufferId=968, bo.Gl.MemoryObject=6
10-29 18:40:36.369 27150 27167 I ScreenCaptureHelper: Advertising com.YourCompany.LastResisters as streamable
10-29 18:40:36.370 27150 27167 I OSSDK   : TelemetryHandler: Using standalone implementation
10-29 18:40:36.370 27150 27167 I VrApi   : OVR::Stats thread started
10-29 18:40:36.370  1810  1810 I OVRMediaService: onStartCommand Received message type: set_package_name, caller package: no_app_identity
10-29 18:40:36.380  2170 27268 W libosutils: PipelineSignal::waitOnListener(): failed (lost connection to service?)
10-29 18:40:36.380  2170 27268 W libosutils: PipelineSignal::waitOnListener(): failed (lost connection to service?)
10-29 18:40:36.381  1810  1810 I OVRMediaService: Got package name intent (com.YourCompany.LastResisters)
10-29 18:40:36.393 27150 27167 I VrApi   : System brightness = 255
10-29 18:40:36.398 27150 27622 D VrApi   : targetSDKVersion 19
10-29 18:40:36.400  2170 27268 W libosutils: PipelineSignal::waitOnListener(): failed (lost connection to service?)
10-29 18:40:36.401 27150 27622 I JniUtils: ovr_GetCurrentPackageSignature 
10-29 18:40:36.402  2170 27268 W libosutils: PipelineSignal::waitOnListener(): failed (lost connection to service?)
10-29 18:40:36.405 27150 27167 I VrApi   : Set brightness to 255
10-29 18:40:36.406 27150 27167 I VrApi   : Set DND mode to false
10-29 18:40:36.411 27150 27622 I Metrics : device name = Oculus Quest
10-29 18:40:36.414  2170 27268 W libosutils: PipelineSignal::waitOnListener(): failed (lost connection to service?)
10-29 18:40:36.415  2170 27268 W libosutils: PipelineSignal::waitOnListener(): failed (lost connection to service?)
10-29 18:40:36.422 27150 27167 I VrApi   : System DND mode = false
10-29 18:40:36.422 27150 27167 I VrApi   : ---------- vrapi_EnterVrMode [end] ----------
10-29 18:40:36.422 27150 27167 I InputHooks_Internal: SetLatchBackButtonEntireFrame = false
10-29 18:40:36.422 27150 27167 I InputHooks_Internal: SetBlockRemoteButtonsWhenNotEmulatingHMT = true
10-29 18:40:36.422 27150 27167 I InputHooks_Internal: SetEatNativeGamepadEvents = false
10-29 18:40:36.423 27150 27167 D OVRPlugin: Registering utility receivers.
10-29 18:40:36.423 27150 27167 I InputHooks_Internal: SetReorientHMDOnControllerRecenter = true
10-29 18:40:36.423 27150 27167 D UE4     : Registering volume receiver
10-29 18:40:36.428 27150 27167 D UE4     : startVolumeReceiver: 7
10-29 18:40:36.428 27150 27167 D UE4     : nativeVolumeEvent(7)
10-29 18:40:36.428 27150 27167 D UE4     : Registering battery receiver
10-29 18:40:36.430  2170 27268 W libosutils: PipelineSignal::waitOnListener(): failed (lost connection to service?)
10-29 18:40:36.431  2170 27268 W libosutils: PipelineSignal::waitOnListener(): failed (lost connection to service?)
10-29 18:40:36.434 27150 27167 D UE4     : Registering headset receiver
10-29 18:40:36.436 27150 27167 D UE4     : startHeadsetReceiver: 0
10-29 18:40:36.436 27150 27167 D UE4     : nativeHeadsetEvent(0)
10-29 18:40:36.436 27150 27167 D UE4     : [2019.10.29-09.40.36:436][208]LogCore: Display: AppLifetime: Application has entered foreground
10-29 18:40:36.436 27150 27167 D UE4     : [2019.10.29-09.40.36:436][208]LogUdpMessaging: Initializing bridge on interface 0.0.0.0:0 to multicast group 230.0.0.1:6666.
10-29 18:40:36.438 27150 27167 D UE4     : [2019.10.29-09.40.36:438][208]LogTcpMessaging: Initializing TcpMessaging bridge, listening on 127.0.0.1:6666
10-29 18:40:36.439 27150 27167 D UE4     : [2019.10.29-09.40.36:439][208]LogCore: Display: AppLifetime: Application has reactivated
10-29 18:40:36.439 27150 27167 D UE4     : Execution has been resumed!
10-29 18:40:36.439 27150 27167 D UE4     : [2019.10.29-09.40.36:439][208]LogAndroidEvents: Display: LogAndroidEvents::DequeueAppEvent : 11, 0, APP_EVENT_STATE_WINDOW_GAINED_FOCUS
10-29 18:40:36.449  2170 27268 W libosutils: PipelineSignal::waitOnListener(): failed (lost connection to service?)
10-29 18:40:36.449  2170 27268 W libosutils: PipelineSignal::waitOnListener(): failed (lost connection to service?)
10-29 18:40:36.456  2170 27268 W libosutils: PipelineSignal::waitOnListener(): failed (lost connection to service?)
10-29 18:40:36.456  2170 27268 W libosutils: PipelineSignal::waitOnListener(): failed (lost connection to service?)
10-29 18:40:36.458 27150 27618 D UE4     : *** JavaEnvDestructor: 27618
10-29 18:40:36.458 27150 27617 D UE4     : AndroidEGL::ResetDisplay()
10-29 18:40:36.458 27150 27617 D UE4     : *** JavaEnvDestructor: 27617
10-29 18:40:36.468 27150 27634 I VrRuntimeClient: FenceChecker::MainLoop - started
10-29 18:40:36.470  2170 27268 W libosutils: PipelineSignal::waitOnListener(): failed (lost connection to service?)
10-29 18:40:36.470  2170 27268 W libosutils: PipelineSignal::waitOnListener(): failed (lost connection to service?)
10-29 18:40:36.471   710 27313 I [CT]    : VIPER:RelocalizationManager: Relocalization step successful, adding estimate for validation.
10-29 18:40:36.480   710 27273 I [CT]    : VIPER: Resetting MapPatchProvider!
10-29 18:40:36.484  2170 27268 W libosutils: PipelineSignal::waitOnListener(): failed (lost connection to service?)
10-29 18:40:36.484  2170 27268 W libosutils: PipelineSignal::waitOnListener(): failed (lost connection to service?)
10-29 18:40:36.485  2170 27324 I Clocks  : SetSchedFifo( tid=27167, pri=1 ) succeeded
10-29 18:40:36.497  2170 27324 I Clocks  : SetSchedFifo( tid=27631, pri=1 ) succeeded
10-29 18:40:36.502  2170 27324 I Clocks  : SetSchedFifo( tid=27268, pri=1 ) succeeded
10-29 18:40:36.502  2170 27324 I TimeWarp: Will tear: 0.012370
10-29 18:40:36.504  2170 27268 W libosutils: PipelineSignal::waitOnListener(): failed (lost connection to service?)
10-29 18:40:36.505  2170 27268 W libosutils: PipelineSignal::waitOnListener(): failed (lost connection to service?)
10-29 18:40:36.511  2170 27268 W libosutils: PipelineSignal::waitOnListener(): failed (lost connection to service?)
10-29 18:40:36.512  2170 27268 W libosutils: PipelineSignal::waitOnListener(): failed (lost connection to service?)
10-29 18:40:36.526  2013  2183 W LibraryProvider: Cannot find entitlement for com.YourCompany.LastResisters
10-29 18:40:36.526  2170 27268 W libosutils: PipelineSignal::waitOnListener(): failed (lost connection to service?)
10-29 18:40:36.527  1810  1810 W OVRLibrary: null cursor received for query content://com.oculus.ocms.library/apps/com.YourCompany.LastResisters
10-29 18:40:36.527  2170 27268 W libosutils: PipelineSignal::waitOnListener(): failed (lost connection to service?)
10-29 18:40:36.541  2170 27268 W libosutils: PipelineSignal::waitOnListener(): failed (lost connection to service?)
10-29 18:40:36.541  2170 27268 W libosutils: PipelineSignal::waitOnListener(): failed (lost connection to service?)
10-29 18:40:36.552  2013  2167 W LibraryProvider: Cannot find entitlement for com.YourCompany.LastResisters
10-29 18:40:36.552  1810  2629 W OVRLibrary: null cursor received for query content://com.oculus.ocms.library/apps/com.YourCompany.LastResisters
10-29 18:40:36.553  1810  2629 I SDKLoggingService: Unable to find AppId for package (com.YourCompany.LastResisters)
10-29 18:40:36.553  2170 27268 W libosutils: PipelineSignal::waitOnListener(): failed (lost connection to service?)
10-29 18:40:36.560  2170 27268 W libosutils: PipelineSignal::waitOnListener(): failed (lost connection to service?)
10-29 18:40:36.564  1867 27559 I Telemetry: App memory usage: PSS=243MB
10-29 18:40:36.565   710 27273 I [CT]    : VIPER: No validation due to too few inliers: num_inliers: 1 < 10
10-29 18:40:36.572  2170 27268 W libosutils: PipelineSignal::waitOnListener(): failed (lost connection to service?)
10-29 18:40:36.578   710 27313 I [CT]    : VIPER:RelocalizationManager: Validation step failed with 0 inliers, trying relocalization again.
10-29 18:40:36.582  2170 27268 W libosutils: PipelineSignal::waitOnListener(): failed (lost connection to service?)
10-29 18:40:36.598  2170 27268 W libosutils: PipelineSignal::waitOnListener(): failed (lost connection to service?)
10-29 18:40:36.599  2170 27268 W libosutils: PipelineSignal::waitOnListener(): failed (lost connection to service?)
10-29 18:40:36.611  2170 27268 W libosutils: PipelineSignal::waitOnListener(): failed (lost connection to service?)
10-29 18:40:36.611  2170 27324 I Clocks  : SetSchedFifo( tid=27167, pri=0 ) succeeded
10-29 18:40:36.611  2170 27268 W libosutils: PipelineSignal::waitOnListener(): failed (lost connection to service?)
10-29 18:40:36.618  2170 27324 I Clocks  : SetSchedFifo( tid=27631, pri=0 ) succeeded
10-29 18:40:36.619  2170 27324 I Clocks  : SetSchedFifo( tid=27268, pri=0 ) succeeded
10-29 18:40:36.624  2013  2033 I art     : Background partial concurrent mark sweep GC freed 13039(997KB) AllocSpace objects, 5(100KB) LOS objects, 39% free, 3MB/6MB, paused 2.896ms total 198.651ms
10-29 18:40:36.628  1867 27559 I VrApi   : FPS=2,Prd=0ms,Tear=0,Early=1,Stale=70,VSnc=1,Lat=1,Fov=0,CPU4/GPU=4/5,2304/670MHz,OC=FF,TA=0/0/0,SP=N/N/N,Mem=1804MHz,Free=1100MB,PSM=0,PLS=0,Temp=35.0C/0.0C,TW=4.03ms,App=6.59ms,GD=0.49ms,CPU&GPU=12.13ms,LCnt=1,GPU%=0.49,CPU%=0.24(W0.33)
10-29 18:40:36.630  1867  1917 I VrApi   : OVR::Stats thread stopped
10-29 18:40:36.630  1867  1917 I InputDeviceManager: ovrInputDeviceManager::Shutdown
10-29 18:40:36.644  1867 27552 I InputHooks_Internal: InputHooksThreadRun ShutdownRequest received
10-29 18:40:36.650  1867  1917 D InputHooksJava: Disabling Java Input Hooks
10-29 18:40:36.651  2170 26653 D VrRuntimeService: this client: 1867:com.oculus.vrshell
10-29 18:40:36.651  2170 26653 D VrRuntimeService: enableRendering: clientWindow: null enable: false
10-29 18:40:36.651  2170 26653 I ClientMgr: ClientMgr::EnableRendering 1867:com.oculus.vrshell : disable
10-29 18:40:36.651  1867 27581 I VrRuntimeClient: FenceChecker::MainLoop - ended
10-29 18:40:36.651  2170 27324 I Clocks  : SetSchedFifo( tid=27167, pri=1 ) succeeded
10-29 18:40:36.652  2170 27268 W libosutils: PipelineSignal::waitOnListener(): failed (lost connection to service?)
10-29 18:40:36.653  2170 27268 W libosutils: PipelineSignal::waitOnListener(): failed (lost connection to service?)
10-29 18:40:36.653  2170 27324 I Clocks  : SetSchedFifo( tid=27631, pri=1 ) succeeded
10-29 18:40:36.654  1867  1917 I BufferObject: ovrBufferObjectFactory::Unimport deleting GL buffer=223
10-29 18:40:36.654  1867  1917 I BufferObject: ovrBufferObjectFactory::Unimport deleting GL memory object=33
10-29 18:40:36.654  2170 27324 I Clocks  : SetSchedFifo( tid=27268, pri=1 ) succeeded
10-29 18:40:36.657  1867  1917 I TrackingServiceClient: OVR::TrackingService::ClientSetInterface
10-29 18:40:36.657  1867  1917 D TrackingServiceClient: onClientDisconnect
10-29 18:40:36.657  1867  1917 D TrackingServiceConnectionNative: onClientDisconnect
10-29 18:40:36.658   710  9477 I TrackingService: Unregistering client by ITrackingService.unregisterClient
10-29 18:40:36.660   710  9477 I TrackingService: TrackingServiceHost Unregistering client: pid 1867
10-29 18:40:36.665  2170 27268 W libosutils: PipelineSignal::waitOnListener(): failed (lost connection to service?)
10-29 18:40:36.666  2170 27268 W libosutils: PipelineSignal::waitOnListener(): failed (lost connection to service?)
10-29 18:40:36.669  1867  1917 D BinderConnection: Disconnecting from TrackingService service
10-29 18:40:36.669  1867  1917 D TrackingServiceConnectionNative: onDisconnected
10-29 18:40:36.681  2170 27268 W libosutils: PipelineSignal::waitOnListener(): failed (lost connection to service?)
10-29 18:40:36.682  2170 27268 W libosutils: PipelineSignal::waitOnListener(): failed (lost connection to service?)
10-29 18:40:36.682  1867  1917 D TrackingServiceClient: TrackingServiceConnection mConnectedRemotes.clear()
10-29 18:40:36.682  1867  1917 I TrackingServiceClient: OVR::TrackingService::ClientSetInterface
10-29 18:40:36.684  1867  1917 I VrApi   : ---------- vrapi_LeaveVrMode [end] ----------
10-29 18:40:36.684  1867  1917 I [OAR] ShellFrameAnalytics: ShellFrame frameFunction: 14495913us/19756639us, trace: 1us/1us, process commands: 198us/198us, system update: 20183us/20183us, render 2689us/2689us, post render 0us/0us
10-29 18:40:36.684  1867  1917 I [OAR] ShellApp: 0xcd911388 msg: surfaceDestroyed 0xccd7e808
10-29 18:40:36.692  2170 27324 I TimeWarp: UpdateClockLevels: Apply pending clock request change: 4,4 -> 4,5
10-29 18:40:36.692  2170 27323 I Clocks  : ReleaseClocks - start
10-29 18:40:36.692  2170 27268 W libosutils: PipelineSignal::waitOnListener(): failed (lost connection to service?)
10-29 18:40:36.694   717   861 D VrApiService: CPU_CLUSTER_0: No client requests exists, release clocks
10-29 18:40:36.694   717   861 D VrApiService: CPU_CLUSTER_1: No client requests exists, release clocks
10-29 18:40:36.694   717   861 D VrApiService: GPU: No client requests exists, release clocks
10-29 18:40:36.695   717   861 D VrApiService: CPUBW: No client requests exists, release clocks
10-29 18:40:36.695  2170 27268 W libosutils: PipelineSignal::waitOnListener(): failed (lost connection to service?)
10-29 18:40:36.695   717   861 D VrApiService: GPUBW: No client requests exists, release clocks
10-29 18:40:36.699  2170 27323 I Clocks  : ReleaseClocks - end (6.7 ms)
10-29 18:40:36.699  2170 27323 I Clocks  : LockClocks( cpu=4, gpu=5 ) - start
10-29 18:40:36.700  2170 27323 I Clocks  : CPU levels [0, 4]
10-29 18:40:36.700  2170 27323 I Clocks  : GPU levels [0, 5]
10-29 18:40:36.701   717 23157 D VrApiService: CPU_CLUSTER_0: Client 2170 sends freq request [21, 21]
10-29 18:40:36.701   717 23157 D VrApiService: CPU_CLUSTER_0: Next Perf Level = (21, 21)
10-29 18:40:36.702   717 23157 D VrApiService: CPU_CLUSTER_1: Client 2170 sends freq request [26, 26]
10-29 18:40:36.702   717 23157 D VrApiService: CPU_CLUSTER_1: Next Perf Level = (26, 26)
10-29 18:40:36.702   717 23157 D VrApiService: CPUBW: Client 2170 sends freq request [8, 11]
10-29 18:40:36.702   717 23157 D VrApiService: CPUBW: Next Perf Level = (8, 11)
10-29 18:40:36.703   717 23157 D VrApiService: GPUBW: Client 2170 sends freq request [9, 11]
10-29 18:40:36.703   717 23157 D VrApiService: GPUBW: Next Perf Level = (9, 11)
10-29 18:40:36.703   717 23157 D VrApiService: GPU: Client 2170 sends freq request [7, 7]
10-29 18:40:36.703   717 23157 D VrApiService: GPU: Next Perf Level = (7, 7)
10-29 18:40:36.703  2013  2131 W LibraryProvider: Cannot find entitlement for com.YourCompany.LastResisters
10-29 18:40:36.704  1810  1810 W OVRLibrary: null cursor received for query content://com.oculus.ocms.library/apps/com.YourCompany.LastResisters
10-29 18:40:36.704  1810  1810 I PlatformPluginManager: onAppStart com.YourCompany.LastResisters false
10-29 18:40:36.704  2170 27323 I Clocks  : LockClocks( cpu=4, gpu=5 ) - end (5.3 ms)
10-29 18:40:36.705  1810  1810 I PlatformPluginManager: onAppStart - Stopping party chat passthrough
10-29 18:40:36.705  1810  1810 I PlatformPlugin: [PlatformPluginManager] SetSystemVoipPassthrough 0
10-29 18:40:36.705  1810  1810 I OVRPlatform: [PartyChat] PartyChatSetPassthrough 0
10-29 18:40:36.705  1810 27298 I OVRPlatform: [PartyChat] Updating playback mode to 1
10-29 18:40:36.709  1810  1810 I OVRPlatform: [PartiesAPI] ovr_Party_PluginGetSharedMemHandle: This function is deprecated, do not use
10-29 18:40:36.716  2170 27268 W libosutils: PipelineSignal::waitOnListener(): failed (lost connection to service?)
10-29 18:40:36.716  2170 27268 W libosutils: PipelineSignal::waitOnListener(): failed (lost connection to service?)
10-29 18:40:36.720  2170 27268 W libosutils: PipelineSignal::waitOnListener(): failed (lost connection to service?)
10-29 18:40:36.721  2170 27268 W libosutils: PipelineSignal::waitOnListener(): failed (lost connection to service?)
10-29 18:40:36.723  1810  1810 E OVRMediaServiceManager: LivestreamingManager Not initialized
10-29 18:40:36.736  2170 27268 W libosutils: PipelineSignal::waitOnListener(): failed (lost connection to service?)
10-29 18:40:36.736  2170 27268 W libosutils: PipelineSignal::waitOnListener(): failed (lost connection to service?)
10-29 18:40:36.748  2170 27268 W libosutils: PipelineSignal::waitOnListener(): failed (lost connection to service?)
10-29 18:40:36.748  2013  2034 W LibraryProvider: Cannot find entitlement for system
10-29 18:40:36.749  2170 27268 W libosutils: PipelineSignal::waitOnListener(): failed (lost connection to service?)
10-29 18:40:36.751  1453  3870 W OVRLibrary: null cursor received for query content://com.oculus.ocms.library/apps/system
10-29 18:40:36.752  2170  2357 I GuardianSystem: GuardianSystem::BroadcastInfoToShell systemux://guardian/update_state 
10-29 18:40:36.752  2170  2357 D VrRuntimeService: sendBroadcastIntent - action: 'com.oculus.vrshell.intent.action.GUARDIAN' data: 'systemux://guardian/update_state' intent_pkg: com.YourCompany.LastResisters intent_cmd: 
