11-05 13:44:07.529  2167  2180 I ClientMgr: ClientMgr::CreateClient: 30225:com.YourCompany.LastResisters
11-05 13:44:07.530  2167  2180 I SharedMemoryServer: SharedMemoryServer::MapMemory: Allocated shared memory fd 42 (VrRuntimeService_PrivateReadWrite_com.YourCompany.LastResisters)
11-05 13:44:07.530  2167  2180 W Vulkan_Utils: Memory type 24 with properties 10 not found.
11-05 13:44:07.530  2167  2180 I BufferObject: ovrBufferObjectFactory::Initialize BufferSize=4096, Fd=44, AllocSize=9568, VkBuffer=0x7f5d1ec900, VkMemory=0x7f59fd4000, Mapping=0x7f78ac1000
11-05 13:44:07.530  2167  2180 I GuardianSystem: SetCurrentPackageName: com.YourCompany.LastResisters
11-05 13:44:07.531  2167  2899 D VrRuntimeService: IVrRuntimeClient.Stub().getSharedMemoryFileDescriptor()
11-05 13:44:07.531  2167  2899 I VrRuntimeService: SharedMemoryDebug: nativeGetSharedMemoryPublicReadOnlyFd: 35
11-05 13:44:07.531  2167  2899 D VrRuntimeService: getSharedMemoryFileDescriptor fd (VrRuntimeService) 35
11-05 13:44:07.532  2167  8423 D VrRuntimeService: IVrRuntimeClient.Stub().getSharedMemoryPrivateReadWriteFileDescriptor()
11-05 13:44:07.532  2167  8423 I VrRuntimeService: SharedMemoryDebug: nativeGetSharedMemoryPrivateReadWriteFd: 42
11-05 13:44:07.532  2167  8423 D VrRuntimeService: getSharedMemoryPrivateReadWriteFileDescriptor fd (VrRuntimeService) 42
11-05 13:44:07.532  2167  2189 D VrRuntimeService: IVrRuntimeClient.Stub().getBufferObjectImportInfo()
11-05 13:44:07.533 30225 30291 I VrRuntimeClient: nativeRuntimeServiceConnected: publicReadOnlyFd=79, privateReadWriteFd=80, bufferObjectFd=81
11-05 13:44:07.533 30225 30241 D VrRuntimeClient: VrRuntimeClient: connectionIsReady: true
11-05 13:44:07.534 30225 30241 D VrRuntimeClient: VrRuntimeClient: context.bindService SUCCESS
11-05 13:44:07.534 30225 30241 I Distortion: SetLensPositions - iad=0.0635, left offset=-0.002986,-0.00272, right offset=0.002986,-0.00272
11-05 13:44:07.534 30225 30241 I Distortion: SetLensPositions - iad=0.0635, left offset=-0.002986,-0.00272, right offset=0.002986,-0.00272
11-05 13:44:07.534 30225 30241 I OSSDK   : CalibrationManager: Using standalone implementation
11-05 13:44:07.539 30225 30241 I Distortion: Loaded distortion file from Calibration Manager
11-05 13:44:07.539 30225 30241 I Distortion: ovrDistortionMeshHeader::magic = 0x56347807
11-05 13:44:07.539 30225 30241 I Distortion: ovrDistortionMeshHeader::deviceModel = 0x101
11-05 13:44:07.539 30225 30241 I Distortion: ovrDistortionMeshHeader::headsetModel = 0x103
11-05 13:44:07.539 30225 30241 I Distortion: ovrDistortionMeshHeader::eyeBlocksWide = 32
11-05 13:44:07.540 30225 30241 I Distortion: ovrDistortionMeshHeader::eyeBlocksHigh = 32
11-05 13:44:07.540 30225 30241 I Distortion: ovrDistortionMeshHeader::lensSeparationMeters = 0.053428
11-05 13:44:07.540 30225 30241 I Distortion: ovrDistortionMeshHeader::horizontalOffsetMeters = 0.000000
11-05 13:44:07.540 30225 30241 I Distortion: ovrDistortionMeshHeader::displayWidthMeters = 0.118800
11-05 13:44:07.540 30225 30241 I Distortion: ovrDistortionMeshHeader::displayHeightMeters = 0.066000
11-05 13:44:07.540 30225 30241 I Distortion: ovrDistortionMeshHeader::displayWidthPixels = 2880
11-05 13:44:07.540 30225 30241 I Distortion: ovrDistortionMeshHeader::displayHeightPixels = 1600
11-05 13:44:07.540 30225 30241 I Distortion: ovrDistortionMeshHeader::eyeTextureWidthPixels = 1216
11-05 13:44:07.540 30225 30241 I Distortion: ovrDistortionMeshHeader::eyeTextureHeightPixels = 1344
11-05 13:44:07.540 30225 30241 I Distortion: ovrDistortionMeshHeader::leftEye = up 47.000000 / down 53.000000 / left 52.000000 / right 42.000000
11-05 13:44:07.540 30225 30241 I Distortion: ovrDistortionMeshHeader::rightEye = up 47.000000 / down 53.000000 / left 42.000000 / right 52.000000
11-05 13:44:07.540 30225 30241 I TrackingServiceClient: initialize
11-05 13:44:07.541 30225 30241 D TrackingServiceClient: onInitialize
11-05 13:44:07.543 30225 30241 I InputHooks: InitializeInputHooks
11-05 13:44:07.543 30225 30241 I InputHooks: InitializeInputHooks create
11-05 13:44:07.543 30225 30241 I InputHooks: InitializeInputHookscreated calling init
11-05 13:44:07.543 30225 30241 I InputHooks_Internal: SetReorientHMDOnControllerRecenter = false
11-05 13:44:07.543 30225 30241 I InputHooks_Internal: SetBlockRemoteButtonsWhenNotEmulatingHMT = true
11-05 13:44:07.543 30225 30241 I InputHooks_Internal: SetLatchBackButtonEntireFrame = true
11-05 13:44:07.543 30225 30241 D VrRuntimeClient: getClient6dofEntitlementMode for com.YourCompany.LastResisters
11-05 13:44:07.549  2074  2095 W PublicLibraryProvider: Cannot find entitlement for com.YourCompany.LastResisters
11-05 13:44:07.549 30225 30241 I VrApi   : ----------- vrapi_Initialize [end] ----------
11-05 13:44:07.550 30225 30241 I GoCompatibility: Determining Emulation mode for com.YourCompany.LastResisters
11-05 13:44:07.550 30225 30241 I GoCompatibility: enitlement mode unkown so checking manifest for Go Compatibility
11-05 13:44:07.550 30225 30241 D GoCompatibility: PackageName: com.YourCompany.LastResisters
11-05 13:44:07.551 30225 30241 I GoCompatibility: headtracking feature in manifest, GoCompatibility disabled.
11-05 13:44:07.552 30225 30241 I VrIntegrationLoader: VrIntegration Loader Version  1.1.22.0-0-0 Feb  4 2019 14:42:09 
11-05 13:44:07.554 30225 30241 W System.err: java.lang.ClassNotFoundException: com.oculus.systemdriver.VrIntegrationLoader
11-05 13:44:07.554 30225 30241 W System.err: 	at java.lang.Class.classForName(Native Method)
11-05 13:44:07.554 30225 30241 W System.err: 	at java.lang.Class.forName(Class.java:400)
11-05 13:44:07.554 30225 30241 W System.err: Caused by: java.lang.ClassNotFoundException: Didn't find class "com.oculus.systemdriver.VrIntegrationLoader" on path: DexPathList[[zip file "/system/priv-app/VrDriver/VrDriver.apk"],nativeLibraryDirectories=[/system/priv-app/VrDriver/lib/arm, /system/priv-app/VrDriver/VrDriver.apk!/lib/armeabi-v7a, /system/lib, /vendor/lib, /system/lib, /vendor/lib]]
11-05 13:44:07.555 30225 30241 W System.err: 	at dalvik.system.BaseDexClassLoader.findClass(BaseDexClassLoader.java:56)
11-05 13:44:07.555 30225 30241 W System.err: 	at java.lang.ClassLoader.loadClass(ClassLoader.java:380)
11-05 13:44:07.555 30225 30241 W System.err: 	at java.lang.ClassLoader.loadClass(ClassLoader.java:312)
11-05 13:44:07.555 30225 30241 W System.err: 	... 2 more
11-05 13:44:07.555 30225 30241 W VrIntegrationLoader: vrintegration_Initialize: Required Component vrIntegration module are not installed.
11-05 13:44:07.555 30225 30241 E OVRPlugin: vrintegration initialized failed with code -1
11-05 13:44:07.555 30225 30241 D OVRPlugin: Mode Parms CpuLevel 2 GpuLevel 2
11-05 13:44:07.557 30225 30241 I OVRPlugin: OSSDK::VrDevice::v2::createVrDeviceManager() succeed
11-05 13:44:07.558 30225 30241 D UE4     : [2019.11.05-04.44.07:558][  0]LogHMD: OculusHMD plugin supports multiview!
11-05 13:44:07.559 30225 30241 D OVRPlugin: GL_EXTENSIONS:
11-05 13:44:07.559 30225 30241 D OVRPlugin: GL_OES_EGL_image
11-05 13:44:07.559 30225 30241 D OVRPlugin: GL_OES_EGL_image_external
11-05 13:44:07.559 30225 30241 D OVRPlugin: GL_OES_EGL_sync
11-05 13:44:07.559 30225 30241 D OVRPlugin: GL_OES_vertex_half_float
11-05 13:44:07.559 30225 30241 D OVRPlugin: GL_OES_framebuffer_object
11-05 13:44:07.559 30225 30241 D OVRPlugin: GL_OES_rgb8_rgba8
11-05 13:44:07.559 30225 30241 D OVRPlugin: GL_OES_compressed_ETC1_RGB8_texture
11-05 13:44:07.559 30225 30241 D OVRPlugin: GL_AMD_compressed_ATC_texture
11-05 13:44:07.559 30225 30241 D OVRPlugin: GL_KHR_texture_compression_astc_ldr
11-05 13:44:07.559 30225 30241 D OVRPlugin: GL_KHR_texture_compression_astc_hdr
11-05 13:44:07.560 30225 30241 D OVRPlugin: GL_OES_texture_compression_astc
11-05 13:44:07.560 30225 30241 D OVRPlugin: GL_OES_texture_npot
11-05 13:44:07.560 30225 30241 D OVRPlugin: GL_EXT_texture_filter_anisotropic
11-05 13:44:07.560 30225 30241 D OVRPlugin: GL_EXT_texture_format_BGRA8888
11-05 13:44:07.560 30225 30241 D OVRPlugin: GL_EXT_read_format_bgra
11-05 13:44:07.560 30225 30241 D OVRPlugin: GL_OES_texture_3D
11-05 13:44:07.560 30225 30241 D OVRPlugin: GL_EXT_color_buffer_float
11-05 13:44:07.560 30225 30241 D OVRPlugin: GL_EXT_color_buffer_half_float
11-05 13:44:07.560 30225 30241 D OVRPlugin: GL_QCOM_alpha_test
11-05 13:44:07.560 30225 30241 D OVRPlugin: GL_OES_depth24
11-05 13:44:07.560 30225 30241 D OVRPlugin: GL_OES_packed_depth_stencil
11-05 13:44:07.560 30225 30241 D OVRPlugin: GL_OES_depth_texture
11-05 13:44:07.560 30225 30241 D OVRPlugin: GL_OES_depth_texture_cube_map
11-05 13:44:07.560 30225 30241 D OVRPlugin: GL_EXT_sRGB
11-05 13:44:07.560 30225 30241 D OVRPlugin: GL_OES_texture_float
11-05 13:44:07.560 30225 30241 D OVRPlugin: GL_OES_texture_float_linear
11-05 13:44:07.560 30225 30241 D OVRPlugin: GL_OES_texture_half_float
11-05 13:44:07.560 30225 30241 D OVRPlugin: GL_OES_texture_half_float_linear
11-05 13:44:07.561 30225 30241 D OVRPlugin: GL_EXT_texture_type_2_10_10_10_REV
11-05 13:44:07.561 30225 30241 D OVRPlugin: GL_EXT_texture_sRGB_decode
11-05 13:44:07.561 30225 30241 D OVRPlugin: GL_EXT_texture_format_sRGB_override
11-05 13:44:07.561 30225 30241 D OVRPlugin: GL_OES_element_index_uint
11-05 13:44:07.561 30225 30241 D OVRPlugin: GL_EXT_copy_image
11-05 13:44:07.561 30225 30241 D OVRPlugin: GL_EXT_geometry_shader
11-05 13:44:07.561 30225 30241 D OVRPlugin: GL_EXT_tessellation_shader
11-05 13:44:07.561 30225 30241 D OVRPlugin: GL_OES_texture_stencil8
11-05 13:44:07.561 30225 30241 D OVRPlugin: GL_EXT_shader_io_blocks
11-05 13:44:07.561 30225 30241 D OVRPlugin: GL_OES_shader_image_atomic
11-05 13:44:07.561 30225 30241 D OVRPlugin: GL_OES_sample_variables
11-05 13:44:07.561 30225 30241 D OVRPlugin: GL_EXT_texture_border_clamp
11-05 13:44:07.561 30225 30241 D OVRPlugin: GL_EXT_EGL_image_external_wrap_modes
11-05 13:44:07.561 30225 30241 D OVRPlugin: GL_EXT_multisampled_render_to_texture
11-05 13:44:07.561 30225 30241 D OVRPlugin: GL_EXT_multisampled_render_to_texture2
11-05 13:44:07.561 30225 30241 D OVRPlugin: GL_OES_shader_multisample_interpolation
11-05 13:44:07.561 30225 30241 D OVRPlugin: GL_EXT_texture_cube_map_array
11-05 13:44:07.561 30225 30241 D OVRPlugin: GL_EXT_draw_buffers_indexed
11-05 13:44:07.561 30225 30241 D OVRPlugin: GL_EXT_gpu_shader5
11-05 13:44:07.561 30225 30241 D OVRPlugin: GL_EXT_robustness
11-05 13:44:07.561 30225 30241 D OVRPlugin: GL_EXT_texture_buffer
11-05 13:44:07.561 30225 30241 D OVRPlugin: GL_EXT_shader_framebuffer_fetch
11-05 13:44:07.561 30225 30241 D OVRPlugin: GL_ARM_shader_framebuffer_fetch_depth_stencil
11-05 13:44:07.561 30225 30241 D OVRPlugin: GL_OES_texture_storage_multisample_2d_array
11-05 13:44:07.561 30225 30241 D OVRPlugin: GL_OES_sample_shading
11-05 13:44:07.561 30225 30241 D OVRPlugin: GL_OES_get_program_binary
11-05 13:44:07.561 30225 30241 D OVRPlugin: GL_EXT_debug_label
11-05 13:44:07.561 30225 30241 D OVRPlugin: GL_KHR_blend_equation_advanced
11-05 13:44:07.561 30225 30241 D OVRPlugin: GL_KHR_blend_equation_advanced_coherent
11-05 13:44:07.562 30225 30241 D OVRPlugin: GL_QCOM_tiled_rendering
11-05 13:44:07.562 30225 30241 D OVRPlugin: GL_ANDROID_extension_pack_es31a
11-05 13:44:07.562 30225 30241 D OVRPlugin: GL_EXT_primitive_bounding_box
11-05 13:44:07.562 30225 30241 D OVRPlugin: GL_OES_standard_derivatives
11-05 13:44:07.562 30225 30241 D OVRPlugin: GL_OES_vertex_array_object
11-05 13:44:07.562 30225 30241 D OVRPlugin: GL_EXT_disjoint_timer_query
11-05 13:44:07.562 30225 30241 D OVRPlugin: GL_KHR_debug
11-05 13:44:07.562 30225 30241 D OVRPlugin: GL_EXT_YUV_target
11-05 13:44:07.562 30225 30241 D OVRPlugin: GL_EXT_sRGB_write_control
11-05 13:44:07.562 30225 30241 D OVRPlugin: GL_EXT_texture_norm16
11-05 13:44:07.562 30225 30241 D OVRPlugin: GL_EXT_discard_framebuffer
11-05 13:44:07.562 30225 30241 D OVRPlugin: GL_OES_surfaceless_context
11-05 13:44:07.562 30225 30241 D OVRPlugin: GL_OVR_multiview
11-05 13:44:07.562 30225 30241 D OVRPlugin: GL_OVR_multiview2
11-05 13:44:07.562 30225 30241 D OVRPlugin: GL_EXT_texture_sRGB_R8
11-05 13:44:07.562 30225 30241 D OVRPlugin: GL_KHR_no_error
11-05 13:44:07.562 30225 30241 D OVRPlugin: GL_EXT_debug_marker
11-05 13:44:07.562 30225 30241 D OVRPlugin: GL_OES_EGL_image_external_essl3
11-05 13:44:07.562 30225 30241 D OVRPlugin: GL_OVR_multiview_multisampled_render_to_texture
11-05 13:44:07.562 30225 30241 D OVRPlugin: GL_EXT_buffer_storage
11-05 13:44:07.562 30225 30241 D OVRPlugin: GL_EXT_external_buffer
11-05 13:44:07.562 30225 30241 D OVRPlugin: GL_EXT_blit_framebuffer_params
11-05 13:44:07.562 30225 30241 D OVRPlugin: GL_EXT_clip_cull_distance
11-05 13:44:07.562 30225 30241 D OVRPlugin: GL_EXT_protected_textures
11-05 13:44:07.562 30225 30241 D OVRPlugin: GL_EXT_shader_non_constant_global_initializers
11-05 13:44:07.562 30225 30241 D OVRPlugin: GL_QCOM_texture_foveated
11-05 13:44:07.562 30225 30241 D OVRPlugin: GL_QCOM_shader_framebuffer_fetch_noncoherent
11-05 13:44:07.562 30225 30241 D OVRPlugin: GL_QCOM_shader_framebuffer_fetch_rate
11-05 13:44:07.563 30225 30241 D OVRPlugin: GL_EXT_memory_object
11-05 13:44:07.563 30225 30241 D OVRPlugin: GL_EXT_memory_object_fd
11-05 13:44:07.563 30225 30241 D OVRPlugin: GL_EXT_EGL_image_array
11-05 13:44:07.563 30225 30241 D OVRPlugin: GL_NV_shader_noperspective_interpolation
11-05 13:44:07.563 30225 30241 D OVRPlugin: GL_KHR_robust_buffer_access_behavior
11-05 13:44:07.563 30225 30241 D OVRPlugin: GL_EXT_EGL_image_storage
11-05 13:44:07.563 30225 30241 D OVRPlugin: GL_EXT_blend_func_extended
11-05 13:44:07.563 30225 30241 D OVRPlugin: GL_EXT_clip_control
11-05 13:44:07.563 30225 30241 D OVRPlugin: GL_OES_texture_view
11-05 13:44:07.563 30225 30241 D OVRPlugin: GL_EXT_fragment_invocation_density
11-05 13:44:07.563 30225 30241 D OVRPlugin: GL_QCOM_YUV_texture_gather
11-05 13:44:07.563 30225 30241 D OVRPlugin: es3 = TRUE
11-05 13:44:07.563 30225 30241 D OVRPlugin: Found: GL_EXT_discard_framebuffer
11-05 13:44:07.564 30225 30241 D OVRPlugin: Found: GL_EXT_multisampled_render_to_texture
11-05 13:44:07.564 30225 30241 D OVRPlugin: Found: GL_OES_vertex_array_object
11-05 13:44:07.564 30225 30241 D OVRPlugin: Found: GL_QCOM_tiled_rendering
11-05 13:44:07.564 30225 30241 D OVRPlugin: Found: GL_EXT_disjoint_timer_query
11-05 13:44:07.565 30225 30241 D OVRPlugin: Found: GL_EXT_texture_sRGB_decode
11-05 13:44:07.565 30225 30241 D OVRPlugin: Found: GL_EXT_texture_filter_anisotropic
11-05 13:44:07.565 30225 30241 D OVRPlugin: GL_MAX_TEXTURE_SIZE = 16384
11-05 13:44:07.565 30225 30241 D OVRPlugin: GL_MAX_VERTEX_UNIFORM_VECTORS = 256
11-05 13:44:07.566 30225 30241 D OVRPlugin: GL_MAX_FRAGMENT_UNIFORM_VECTORS = 256
11-05 13:44:07.566 30225 30241 D OVRPlugin: Found: GL_EXT_texture_border_clamp
11-05 13:44:07.566 30225 30241 D OVRPlugin: Finished setting up render thread.
11-05 13:44:07.566 30225 30241 D OVRPlugin: Entering VR mode.
11-05 13:44:07.566 30225 30241 I VrApi   : ---------- vrapi_EnterVrMode [start] ----------
11-05 13:44:07.569 30225 30241 I InputHooks_Internal: Enabling Native Input Hooks
11-05 13:44:07.569 30225 30241 I VrRuntimeClient: Tracing is disabled
11-05 13:44:07.572 30225 30241 D VrApi   : targetSDKVersion 19
11-05 13:44:07.576 30225 30241 I VrRuntimeClient: DEVICE MODEL NUMBER = Quest
11-05 13:44:07.576 30225 30241 I VrRuntimeClient: DEVICE HARDWARE = monterey
11-05 13:44:07.576 30225 30241 I VrRuntimeClient: DEVICE BUILD NAME = user-396520.6170.115
11-05 13:44:07.576 30225 30241 I VrRuntimeClient: DEVICE BUILD TYPE = user
11-05 13:44:07.576 30225 30241 I VrRuntimeClient: DEVICE OS VERSION = 7.1.1
11-05 13:44:07.576 30225 30241 I VrRuntimeClient: VRRUNTIME VERSION = VRAPI_VERSION_BEGIN { 1.1.27.0-179270206-179270206 Oct 22 2019 13:59:12 Development } RELEASE
11-05 13:44:07.576 30225 30241 I VrRuntimeClient: API LOADER VERSION = 1.1.22.0
11-05 13:44:07.576 30225 30241 I VrRuntimeClient: VRDRIVER VERSION = 10.1.0.144.427
11-05 13:44:07.576 30225 30241 I VrRuntimeClient: APP NAME = LastResisters
11-05 13:44:07.576 30225 30241 I VrRuntimeClient: APP VERSION = 1.0 versionCode 1 internalVersionName <none>
11-05 13:44:07.576 30225 30241 I VrRuntimeClient: APP VR TYPE = vr_only
11-05 13:44:07.576 30225 30241 I VrRuntimeClient: APP PACKAGE NAME = com.YourCompany.LastResisters
11-05 13:44:07.576 30225 30241 I VrRuntimeClient: APP ACTIVITY CLASS = com.epicgames.ue4.GameActivity
11-05 13:44:07.577 30225 30241 D BatteryReceiver: Registering battery receiver
11-05 13:44:07.584 30225 30241 D HeadsetReceiver: getCurrentHeadsetState: false
11-05 13:44:07.584 30225 30241 I DeviceStatus_Android: nativeHeadsetEvent(0)
11-05 13:44:07.594 30225 30241 I DeviceStatus_Android: nativeGamepadListener(0)
11-05 13:44:07.595 30225 30241 I InputDeviceManager: ovrInputDeviceManager::Initialize
11-05 13:44:07.597 30225 30241 I ScreenCaptureHelper: GetScreenCaptureInhibitFlagFromVrHelper
11-05 13:44:07.601 30225 30241 D VRProviderHelper: Could not find provider
11-05 13:44:07.601  2167  2899 I ScreenCaptureBase: GlobalInhibitState=0
11-05 13:44:07.602 30225 30241 D TrackingServiceConnectionNative: onClientConnect
11-05 13:44:07.602 30225 30241 D BinderConnection: Connecting to TrackingService
11-05 13:44:07.604 30225 30241 D TrackingServiceConnectionNative: onConnected
11-05 13:44:07.604   716   945 I TrackingService: TrackingService::getSharedMemoryFileDescriptor
11-05 13:44:07.606 30225 30241 I TrackingServiceClient: OVR::TrackingService::ClientSetInterface
11-05 13:44:07.606 30225 30241 I TrackingServiceClient: TrackingService client: roFd(82)
11-05 13:44:07.606 30225 30241 I TrackingServiceClient: TrackingService client: connected to interface version 10.
11-05 13:44:07.606 30225 30241 I TrackingServiceClient: TrackingService client: last prediction time is 490.582301 seconds old
11-05 13:44:07.607 30225 30241 I TrackingServiceClient: TrackingService client: provided by pid=716
11-05 13:44:07.607   716  3470 I TrackingService: TrackingService::registerClient
11-05 13:44:07.607   716  3470 I TrackingService: Registering client with TrackingServiceHost
11-05 13:44:07.608   716  3470 I TrackingService: TrackingServiceHost GetSharedMemoryFileDescriptor for client pid 30225
11-05 13:44:07.608   716  3470 I TrackingService: TrackingServiceHost registered common client; there are 0 secure clients
11-05 13:44:07.608 30225 30241 I TrackingServiceClient: ClientConnectComplete
11-05 13:44:07.609 30225 30241 I VrApi   : ovrModeParms::VRAPI_MODE_FLAG_ALLOW_POWER_SAVE = 1
11-05 13:44:07.609 30225 30241 I VrApi   : ovrModeParms::VRAPI_MODE_FLAG_RESET_WINDOW_FULLSCREEN = 1
11-05 13:44:07.609 30225 30241 I VrApi   : ovrModeParms::VRAPI_MODE_FLAG_NATIVE_WINDOW = 1
11-05 13:44:07.609 30225 30241 I VrApi   : ovrModeParms::VRAPI_MODE_FLAG_FRONT_BUFFER_PROTECTED = 0
11-05 13:44:07.609 30225 30241 I VrApi   : ovrModeParms::VRAPI_MODE_FLAG_FRONT_BUFFER_565 = 0
11-05 13:44:07.609 30225 30241 I VrApi   : ovrModeParms::VRAPI_MODE_FLAG_FRONT_BUFFER_SRGB = 1
11-05 13:44:07.609 30225 30241 I VrApi   : ovrModeParms::VRAPI_MODE_FLAG_CREATE_CONTEXT_NO_ERROR = 0
11-05 13:44:07.609 30225 30241 I TrackingServiceClient: Implausible sensor time! pt = 490.585
11-05 13:44:07.609 30225 30241 I VrApi   : HMD sensor attached.
11-05 13:44:07.611 30225 30241 I VrApi   : Client side frame sync enabled
11-05 13:44:07.612 30225 30241 D VrRuntimeClient: VrRuntimeClient: enableRendering: activity client
11-05 13:44:07.615 30225 30241 D VrRuntimeClient: VrRuntimeClient: enableRendering: Using clientWindow=android.os.BinderProxy@8b3c811
11-05 13:44:07.615  2167  8423 I ClientMgr: ClientMgr::SetPrimaryCompositorClient: com.YourCompany.LastResisters
11-05 13:44:07.615  2167  8423 W VrRuntimeServer: VrRuntimeServer_SetCompositorSharedMemory: Invalid Warp
11-05 13:44:07.615  2167  8423 I GuardianSystem: SetCurrentPackageName: com.YourCompany.LastResisters
11-05 13:44:07.615  2167  8423 D VrRuntimeService: this client: 30225:com.YourCompany.LastResisters
11-05 13:44:07.615  2167  8423 D VrRuntimeService: enableRendering: clientWindow: android.os.BinderProxy@29c8784 enable: true
11-05 13:44:07.615  2167  8423 I ClientMgr: ClientMgr::EnableRendering 30225:com.YourCompany.LastResisters : enable
11-05 13:44:07.616 30225 30241 I VrRuntimeClient: CreateWarp: ImportGles: Fd=81, BufferSize=4096, AllocSize=9568
11-05 13:44:07.616 30225 30241 I BufferObject: ovrBufferObjectFactory::ImportGles() initializing extensions
11-05 13:44:07.616 30225 30241 I GL_Utils: es3 = TRUE
11-05 13:44:07.616 30225 30241 I GL_Utils: Found: GL_OES_vertex_array_object
11-05 13:44:07.617 30225 30241 I GL_Utils: Found: GL_QCOM_tiled_rendering
11-05 13:44:07.617 30225 30241 I GL_Utils: Found: GL_EXT_sRGB_write_control
11-05 13:44:07.617 30225 30241 I GL_Utils: Found: GL_EXT_disjoint_timer_query
11-05 13:44:07.618 30225 30241 I GL_Utils: Found: GL_EXT_memory_object
11-05 13:44:07.619 30225 30241 I GL_Utils: Found: GL_EXT_memory_object_fd
11-05 13:44:07.619 30225 30241 I GL_Utils: Found: GL_QCOM_texture_foveated
11-05 13:44:07.619 30225 30241 I GL_Utils: Found: GL_KHR_debug
11-05 13:44:07.620 30225 30241 I GL_Utils: Found: GL_EXT_texture_border_clamp
11-05 13:44:07.620 30225 30241 I GL_Utils: Found: GL_EXT_texture_filter_anisotropic
11-05 13:44:07.621 30225 30241 I VrRuntimeClient: CreateWarp: ImportGles: bo.Gl.BufferId=113, bo.Gl.MemoryObject=1
11-05 13:44:07.623  1803  1803 I OVRMediaService: onStartCommand Received message type: set_package_name, caller package: no_app_identity
11-05 13:44:07.623 30225 30241 I ScreenCaptureHelper: Advertising com.YourCompany.LastResisters as streamable
11-05 13:44:07.623  1803  1803 I OVRMediaService: Got package name intent (com.YourCompany.LastResisters)
11-05 13:44:07.626 30225 30241 I OSSDK   : TelemetryHandler: Using standalone implementation
11-05 13:44:07.627 30225 30241 I VrApi   : OVR::Stats thread started
11-05 13:44:07.629 30225 30241 I VrApi   : System brightness = 255
11-05 13:44:07.631 30225 30241 I VrApi   : Set brightness to 255
11-05 13:44:07.633 30225 30241 I VrApi   : Set DND mode to false
11-05 13:44:07.639 30225 30293 D VrApi   : targetSDKVersion 19
11-05 13:44:07.643  2074  2179 W LibraryProvider: Cannot find entitlement for com.YourCompany.LastResisters
11-05 13:44:07.643 30225 30293 I JniUtils: ovr_GetCurrentPackageSignature 
11-05 13:44:07.643  1803  1803 W OVRLibrary: null cursor received for query content://com.oculus.ocms.library/apps/com.YourCompany.LastResisters
11-05 13:44:07.643  1803  1803 I PlatformPluginManager: Empty clients, initing
11-05 13:44:07.643  1803  1803 I PlatformPluginManager: Calling init()
11-05 13:44:07.643  1803  1803 I PlatformPluginManager: Not docked, aborting init
11-05 13:44:07.643  1803  1803 I PlatformPluginManager: Init failed in connect(). Shutting down?
11-05 13:44:07.643  1803  1803 W System.err: java.lang.Exception: Stack trace
11-05 13:44:07.644  1803  1803 W System.err: 	at java.lang.Thread.dumpStack(Thread.java:1376)
11-05 13:44:07.644  1803  1803 W System.err: 	at com.oculus.horizon.platformplugin.PlatformPluginManager.connect(PlatformPluginManager.java:536)
11-05 13:44:07.644  1803  1803 W System.err: 	at com.oculus.horizon.platformplugin.PlatformPluginManager.connect(PlatformPluginManager.java:445)
11-05 13:44:07.644  1803  1803 W System.err: 	at com.oculus.horizon.service_media.OVRMediaServiceManager.safeGetPPM(OVRMediaServiceManager.java:290)
11-05 13:44:07.644  1803  1803 W System.err: 	at com.oculus.horizon.service_media.OVRMediaServiceManager.onAppSwitch(OVRMediaServiceManager.java:984)
11-05 13:44:07.644  1803  1803 W System.err: 	at com.oculus.horizon.service_media.AppSwitchManager.onAppSwitch(AppSwitchManager.java:68)
11-05 13:44:07.644  1803  1803 W System.err: 	at com.oculus.horizon.service_media.OVRMediaService$1.onAppSwitch(OVRMediaService.java:80)
11-05 13:44:07.644  1803  1803 W System.err: 	at com.oculus.horizon.service_media.OVRMediaService.doStartCommand(OVRMediaService.java:378)
11-05 13:44:07.644  1803  1803 W System.err: 	at com.facebook.secure.service.PublicBaseServiceWithSwitchOff.onStartCommand(PublicBaseServiceWithSwitchOff.java:136)
11-05 13:44:07.644  1803  1803 W System.err: 	at android.app.ActivityThread.handleServiceArgs(ActivityThread.java:3350)
11-05 13:44:07.644  1803  1803 W System.err: 	at android.app.ActivityThread.-wrap21(ActivityThread.java)
11-05 13:44:07.644  1803  1803 W System.err: 	at android.app.ActivityThread$H.handleMessage(ActivityThread.java:1582)
11-05 13:44:07.644  1803  1803 W System.err: 	at android.os.Handler.dispatchMessage(Handler.java:102)
11-05 13:44:07.644  1803  1803 W System.err: 	at android.os.Looper.loop(Looper.java:154)
11-05 13:44:07.644 30225 30241 I VrApi   : System DND mode = false
11-05 13:44:07.644  1803  1803 W System.err: 	at android.app.ActivityThread.main(ActivityThread.java:6144)
11-05 13:44:07.644  1803  1803 W System.err: 	at java.lang.reflect.Method.invoke(Native Method)
11-05 13:44:07.644  1803  1803 W System.err: 	at com.android.internal.os.ZygoteInit$MethodAndArgsCaller.run(ZygoteInit.java:886)
11-05 13:44:07.644  1803  1803 W System.err: 	at com.android.internal.os.ZygoteInit.main(ZygoteInit.java:776)
11-05 13:44:07.644 30225 30241 I VrApi   : ---------- vrapi_EnterVrMode [end] ----------
11-05 13:44:07.645 30225 30241 I InputHooks_Internal: SetLatchBackButtonEntireFrame = false
11-05 13:44:07.645 30225 30241 I InputHooks_Internal: SetBlockRemoteButtonsWhenNotEmulatingHMT = true
11-05 13:44:07.645 30225 30241 I InputHooks_Internal: SetEatNativeGamepadEvents = false
11-05 13:44:07.645 30225 30241 D OVRPlugin: Registering utility receivers.
11-05 13:44:07.646 30225 30241 D OVRPlugin: Developer mode: 1
11-05 13:44:07.646 30225 30241 I InputHooks_Internal: SetReorientHMDOnControllerRecenter = true
11-05 13:44:07.646 30225 30293 I Metrics : device name = Oculus Quest
11-05 13:44:07.646 30225 30241 D UE4     : [2019.11.05-04.44.07:646][  0]LogHMD: Error: Mobile HDR is not supported on Oculus Mobile HMD devices.
11-05 13:44:07.647 30225 30241 I TrackingServiceClient: Implausible sensor time! pt = 490.623
11-05 13:44:07.649  2167  2189 I VrRuntimeService: nativeCreateTextureSwapChain 65536 0 35907 2432 1344 1 3 1 0 0
11-05 13:44:07.653  2167  2189 I VrRuntimeServer: CreateTextureSwapChain: result importswapchaingles 1
11-05 13:44:07.655 30225 30268 I GL_Utils: es3 = TRUE
11-05 13:44:07.655 30225 30268 I GL_Utils: Found: GL_OES_vertex_array_object
11-05 13:44:07.655 30225 30268 I GL_Utils: Found: GL_QCOM_tiled_rendering
11-05 13:44:07.655  2074  2216 W LibraryProvider: Cannot find entitlement for com.YourCompany.LastResisters
11-05 13:44:07.655 30225 30268 I GL_Utils: Found: GL_EXT_sRGB_write_control
11-05 13:44:07.655 30225 30268 I GL_Utils: Found: GL_EXT_disjoint_timer_query
11-05 13:44:07.655  1803  1803 W OVRLibrary: null cursor received for query content://com.oculus.ocms.library/apps/com.YourCompany.LastResisters
11-05 13:44:07.655  1803  1803 I PlatformPluginManager: onAppStart com.YourCompany.LastResisters false
11-05 13:44:07.655  1803  1803 E PlatformPluginManager: onAppStart called before init
11-05 13:44:07.655  1803  1803 E OVRMediaServiceManager: LivestreamingManager Not initialized
11-05 13:44:07.656 30225 30268 I GL_Utils: Found: GL_EXT_memory_object
11-05 13:44:07.657 30225 30268 I GL_Utils: Found: GL_EXT_memory_object_fd
11-05 13:44:07.657 30225 30268 I GL_Utils: Found: GL_QCOM_texture_foveated
11-05 13:44:07.657 30225 30268 I GL_Utils: Found: GL_KHR_debug
11-05 13:44:07.657 30225 30268 I GL_Utils: Found: GL_EXT_texture_border_clamp
11-05 13:44:07.657 30225 30268 I GL_Utils: Found: GL_EXT_texture_filter_anisotropic
11-05 13:44:07.661 30225 30268 D UE4     : [2019.11.05-04.44.07:661][  0]LogHMD: Allocating Oculus 2432 x 1344 rendertarget swapchain
11-05 13:44:07.662 30225 30241 I TrackingServiceClient: Implausible sensor time! pt = 490.638
11-05 13:44:07.663  2074  2165 W LibraryProvider: Cannot find entitlement for com.YourCompany.LastResisters
11-05 13:44:07.663  1803  1955 W OVRLibrary: null cursor received for query content://com.oculus.ocms.library/apps/com.YourCompany.LastResisters
11-05 13:44:07.663  1803  1955 I SDKLoggingService: Unable to find AppId for package (com.YourCompany.LastResisters)
11-05 13:44:07.664 30225 30241 D UE4     : [2019.11.05-04.44.07:663][  0]LogHMD: FSplash::OnShow
11-05 13:44:07.664 30225 30241 D UE4     : [2019.11.05-04.44.07:664][  0]LogLoad: LoadMap: /Game/Game/Level/Maps/Play/Play?Name=Player
11-05 13:44:07.665 30225 30241 D UE4     : [2019.11.05-04.44.07:665][  0]LogWorld: BeginTearingDown for /Temp/Untitled_0
11-05 13:44:07.674 30225 30268 I TrackingServiceClient: Implausible sensor time! pt = 490.65
11-05 13:44:07.675  2167  2180 I VrRuntimeService: nativeCreateTextureSwapChain 65536 0 35907 1 1 1 1 1 0 0
11-05 13:44:07.676  2167  2180 I VrRuntimeServer: CreateTextureSwapChain: result importswapchaingles 1
11-05 13:44:07.682 30225 30241 D UE4     : [2019.11.05-04.44.07:682][  0]LogWorld: UWorld::CleanupWorld for Untitled, bSessionEnded=true, bCleanupResources=true
11-05 13:44:07.686 30225 30268 D UE4     : [2019.11.05-04.44.07:686][  0]LogRHI: Using OpenGL program LRU cache: 0
11-05 13:44:07.701 30225 30268 W VrApi   : Time to first swap: 1.692 seconds
11-05 13:44:07.701 30225 30294 I VrRuntimeClient: FenceChecker::MainLoop - started
11-05 13:44:07.716 30225 30289 D UE4     : [2019.11.05-04.44.07:716][  0]LogAudioMixer: Display: No commands were queued while flushing the source manager.
11-05 13:44:07.757 30225 30241 D UE4     : [2019.11.05-04.44.07:757][  0]LogUObjectHash: Compacting FUObjectHashTables data took   2.34ms
11-05 13:44:07.797 30225 30241 D UE4     : [2019.11.05-04.44.07:797][  0]LogAIModule: Creating AISystem for world Play
11-05 13:44:07.798 30225 30241 D UE4     : [2019.11.05-04.44.07:798][  0]LogLoad: Game class is 'GameModeBase'
11-05 13:44:07.804 30225 30241 D UE4     : [2019.11.05-04.44.07:804][  0]LogWorld: Bringing World /Game/Game/Level/Maps/Play/Play.Play up for play (max tick rate 0) at 2019.11.05-13.44.07
11-05 13:44:07.806 30225 30241 D UE4     : [2019.11.05-04.44.07:806][  0]LogWorld: Bringing up level for play took: 0.006984
11-05 13:44:07.806 30225 30241 D UE4     : [2019.11.05-04.44.07:806][  0]LogOnline: OSS: Creating online subsystem instance for: GooglePlay
11-05 13:44:07.806 30225 30241 D UE4     : [2019.11.05-04.44.07:806][  0]LogOnline: Warning: OSS: FOnlineSubsystemGooglePlayModule was disabled
11-05 13:44:07.807 30225 30241 D UE4     : [2019.11.05-04.44.07:807][  0]LogGameMode: FindPlayerStart: PATHS NOT DEFINED or NO PLAYERSTART with positive rating
11-05 13:44:07.809 30225 30241 D UE4     : [2019.11.05-04.44.07:809][  0]LogLoad: Took 0.145191 seconds to LoadMap(/Game/Game/Level/Maps/Play/Play)
11-05 13:44:07.814 30225 30270 D UE4     : *** JavaEnvDestructor: 30270
11-05 13:44:07.820 30225 30268 D UE4     : AndroidEGL::ResetDisplay()
11-05 13:44:07.821 30225 30268 D UE4     : *** JavaEnvDestructor: 30268
11-05 13:44:07.825 30225 30241 D UE4     : [2019.11.05-04.44.07:825][  0]LogAndroid: Passed GEngineLoop.Init()
11-05 13:44:07.826 30225 30295 D UE4     : [2019.11.05-04.44.07:826][  0]LogRenderer: Reallocating scene render targets to support 2880x1600 Format 10 NumSamples 1 (Frame:1).
11-05 13:44:07.826 30225 30241 D UE4     : [2019.11.05-04.44.07:826][  0]LogAndroidEvents: Display: LogAndroidEvents::DequeueAppEvent : 9, 0, APP_EVENT_STATE_ON_START
11-05 13:44:07.826 30225 30241 D UE4     : [2019.11.05-04.44.07:826][  0]LogAndroidEvents: Display: LogAndroidEvents::DequeueAppEvent : 7, 0, APP_EVENT_STATE_ON_RESUME
11-05 13:44:07.827 30225 30241 D UE4     : [2019.11.05-04.44.07:827][  0]LogAndroidEvents: Display: LogAndroidEvents::DequeueAppEvent : 6, 0, APP_EVENT_STATE_ON_PAUSE
11-05 13:44:07.827 30225 30241 D UE4     : [2019.11.05-04.44.07:827][  0]LogAndroidEvents: Display: LogAndroidEvents::DequeueAppEvent : 12, 0, APP_EVENT_STATE_SAVE_STATE
11-05 13:44:07.827 30225 30241 D UE4     : [2019.11.05-04.44.07:827][  0]LogAndroidEvents: Display: LogAndroidEvents::DequeueAppEvent : 8, 0, APP_EVENT_STATE_ON_STOP
11-05 13:44:07.827 30225 30241 D UE4     : [2019.11.05-04.44.07:827][  0]LogAndroidEvents: Display: LogAndroidEvents::DequeueAppEvent : 9, 0, APP_EVENT_STATE_ON_START
11-05 13:44:07.827 30225 30241 D UE4     : [2019.11.05-04.44.07:827][  0]LogAndroidEvents: Display: LogAndroidEvents::DequeueAppEvent : 7, 0, APP_EVENT_STATE_ON_RESUME
11-05 13:44:07.827 30225 30241 D UE4     : [2019.11.05-04.44.07:827][  0]LogAndroidEvents: Display: LogAndroidEvents::DequeueAppEvent : 6, 0, APP_EVENT_STATE_ON_PAUSE
11-05 13:44:07.827 30225 30241 D UE4     : [2019.11.05-04.44.07:827][  0]LogAndroidEvents: Display: LogAndroidEvents::DequeueAppEvent : 0, 3559532552, APP_EVENT_STATE_WINDOW_CREATED
11-05 13:44:07.827 30225 30241 D UE4     : APP_EVENT_STATE_WINDOW_CREATED 0, 0, 0, 0
11-05 13:44:07.827 30225 30241 D UE4     : [2019.11.05-04.44.07:827][  0]LogAndroidEvents: Display: ExecWindowCreated
11-05 13:44:07.827 30225 30241 D UE4     : AndroidEGL::ReInitWindow()
11-05 13:44:07.827 30225 30241 D UE4     : AndroidEGL::ReInit()
11-05 13:44:07.827 30225 30241 D UE4     : AndroidEGL::ResetDisplay()
11-05 13:44:07.827 30225 30241 D UE4     : AndroidEGL::InitSurface 0, 0
11-05 13:44:07.827 30225 30241 D UE4     : AndroidEGL::CreateEGLSurface() Already initialized: 0xc88ef620
11-05 13:44:07.827 30225 30241 D UE4     : ExecWindowCreated, 0, 1, 0
11-05 13:44:07.827 30225 30241 D UE4     : [2019.11.05-04.44.07:827][  0]LogAndroidEvents: Display: LogAndroidEvents::DequeueAppEvent : 12, 0, APP_EVENT_STATE_SAVE_STATE
11-05 13:44:07.827 30225 30241 D UE4     : [2019.11.05-04.44.07:827][  0]LogAndroidEvents: Display: LogAndroidEvents::DequeueAppEvent : 8, 0, APP_EVENT_STATE_ON_STOP
11-05 13:44:07.828 30225 30241 D UE4     : [2019.11.05-04.44.07:827][  0]LogAndroidEvents: Display: LogAndroidEvents::DequeueAppEvent : 11, 0, APP_EVENT_STATE_WINDOW_GAINED_FOCUS
11-05 13:44:08.344 30225 30299 D UE4     : [2019.11.05-04.44.08:344][  0]LogTcpMessaging: Started Connection to '127.0.0.1:50820'
11-05 13:44:08.344 30225 30299 D UE4     : [2019.11.05-04.44.08:344][  0]LogTcpMessaging: Discovered node 'A0D119BA42B1A6011009E5905CF7F7DB' on connection '127.0.0.1:50820'...
11-05 13:44:08.344 30225 30300 D UE4     : [2019.11.05-04.44.08:344][  0]LogTcpMessaging: Started Connection to '127.0.0.1:50822'
11-05 13:44:08.344 30225 30300 D UE4     : [2019.11.05-04.44.08:344][  0]LogTcpMessaging: Discovered node '9EBD53634112758C26112AAB37BFBDF5' on connection '127.0.0.1:50822'...
11-05 13:44:08.345 30225 30301 D UE4     : [2019.11.05-04.44.08:344][  0]LogTcpMessaging: Started Connection to '127.0.0.1:50824'
11-05 13:44:08.345 30225 30301 D UE4     : [2019.11.05-04.44.08:345][  0]LogTcpMessaging: Discovered node '7E95C36146BD949C0317D7B63660D747' on connection '127.0.0.1:50824'...
11-05 13:44:08.345 30225 30302 D UE4     : [2019.11.05-04.44.08:345][  0]LogTcpMessaging: Started Connection to '127.0.0.1:50826'
11-05 13:44:08.345 30225 30302 D UE4     : [2019.11.05-04.44.08:345][  0]LogTcpMessaging: Discovered node 'B75146F74D6A80C23A44B3AE6B907601' on connection '127.0.0.1:50826'...
11-05 13:44:08.518   551   593 V AudioPolicyManagerCustom: getNewOutputDevice() selected device 0
11-05 13:44:08.518   551   593 V AudioPolicyManagerCustom: checkOutputForStrategy(): policy related outputs
11-05 13:44:08.530  1081  1246 E TaskPersister: File error accessing recents directory (directory doesn't exist?).
11-05 13:44:08.683  2074  2095 W LibraryProvider: Cannot find entitlement for com.YourCompany.LastResisters
11-05 13:44:08.684  1803  2038 W OVRLibrary: null cursor received for query content://com.oculus.ocms.library/apps/com.YourCompany.LastResisters
11-05 13:44:08.684  1803  2038 I SDKLoggingService: Unable to find AppId for package (com.YourCompany.LastResisters)
11-05 13:44:08.792 30225 30293 I Telemetry: App memory usage: PSS=332MB
11-05 13:44:08.794 30225 30293 I TrackingServiceClient: Implausible sensor time! pt = 491.77
11-05 13:44:08.795 30225 30293 I VrApi   : FPS=0,Prd=0ms,Tear=0,Early=0,Stale=0,VSnc=1,Lat=0,Fov=0,CPU4/GPU=0/0,300/257MHz,OC=FF,TA=0/0/0,SP=N/N/N,Mem=200MHz,Free=1693MB,PSM=0,PLS=0,Temp=31.0C/0.0C,TW=0.00ms,App=0.00ms,GD=0.00ms,CPU&GPU=0.00ms,LCnt=0,GPU%=-1.00,CPU%=-1.00(W-1.00)
11-05 13:44:09.674 30225 30293 I TrackingServiceClient: Implausible sensor time! pt = 492.65
11-05 13:44:09.674 30225 30293 I VrApi   : FPS=0,Prd=0ms,Tear=0,Early=0,Stale=0,VSnc=1,Lat=0,Fov=0,CPU4/GPU=0/0,300/257MHz,OC=FF,TA=0/0/0,SP=N/N/N,Mem=200MHz,Free=1692MB,PSM=0,PLS=0,Temp=31.0C/0.0C,TW=0.00ms,App=0.00ms,GD=0.00ms,CPU&GPU=0.00ms,LCnt=0,GPU%=-1.00,CPU%=-1.00(W-1.00)
11-05 13:44:10.674 30225 30293 I TrackingServiceClient: Implausible sensor time! pt = 493.65
11-05 13:44:10.675 30225 30293 I VrApi   : FPS=0,Prd=0ms,Tear=0,Early=0,Stale=0,VSnc=1,Lat=0,Fov=0,CPU4/GPU=0/0,300/257MHz,OC=FF,TA=0/0/0,SP=N/N/N,Mem=200MHz,Free=1693MB,PSM=0,PLS=0,Temp=31.0C/0.0C,TW=0.00ms,App=0.00ms,GD=0.00ms,CPU&GPU=0.00ms,LCnt=0,GPU%=-1.00,CPU%=-1.00(W-1.00)
11-05 13:44:11.498   551   600 D audio_hw_primary: out_standby: enter: stream (0xe8653780) usecase(1: low-latency-playback)
11-05 13:44:11.529   551   600 V audio_hw_primary: stop_output_stream: enter: usecase(1: low-latency-playback)
11-05 13:44:11.529   551   600 V audio_hw_primary: disable_audio_route: enter: usecase(1)
11-05 13:44:11.529   551   600 D audio_hw_primary: disable_audio_route: reset and update mixer path: low-latency-playback speaker
11-05 13:44:11.529   551   600 V audio_hw_primary: disable_audio_route: exit
11-05 13:44:11.530   551   600 D hardware_info: hw_info_append_hw_type : device_name = speaker
11-05 13:44:11.530   551   600 D audio_hw_primary: disable_snd_device: snd_device(2: speaker)
11-05 13:44:11.530   551   600 D msm8974_platform: platform_split_snd_device: snd_device(2) new_snd_devices (speaker)
11-05 13:44:11.533   551   600 V audio_hw_primary: stop_output_stream: exit: status(0)
11-05 13:44:11.533   551   600 D audio_hw_primary: out_standby: exit
11-05 13:44:11.668 30225 30293 I TrackingServiceClient: Implausible sensor time! pt = 494.644
11-05 13:44:11.668 30225 30293 I VrApi   : FPS=0,Prd=0ms,Tear=0,Early=0,Stale=0,VSnc=1,Lat=0,Fov=0,CPU4/GPU=0/0,2304/257MHz,OC=FF,TA=0/0/0,SP=N/N/N,Mem=200MHz,Free=1694MB,PSM=0,PLS=0,Temp=31.0C/0.0C,TW=0.00ms,App=0.00ms,GD=0.00ms,CPU&GPU=0.00ms,LCnt=0,GPU%=-1.00,CPU%=-1.00(W-1.00)
11-05 13:44:12.674 30225 30293 I TrackingServiceClient: Implausible sensor time! pt = 495.65
11-05 13:44:12.675 30225 30293 I VrApi   : FPS=0,Prd=0ms,Tear=0,Early=0,Stale=0,VSnc=1,Lat=0,Fov=0,CPU4/GPU=0/0,300/257MHz,OC=FF,TA=0/0/0,SP=N/N/N,Mem=200MHz,Free=1694MB,PSM=0,PLS=0,Temp=31.0C/0.0C,TW=0.00ms,App=0.00ms,GD=0.00ms,CPU&GPU=0.00ms,LCnt=0,GPU%=-1.00,CPU%=-1.00(W-1.00)
11-05 13:44:13.675 30225 30293 I TrackingServiceClient: Implausible sensor time! pt = 496.651
11-05 13:44:13.675 30225 30293 I VrApi   : FPS=0,Prd=0ms,Tear=0,Early=0,Stale=0,VSnc=1,Lat=0,Fov=0,CPU4/GPU=0/0,300/257MHz,OC=FF,TA=0/0/0,SP=N/N/N,Mem=200MHz,Free=1694MB,PSM=0,PLS=0,Temp=31.0C/0.0C,TW=0.00ms,App=0.00ms,GD=0.00ms,CPU&GPU=0.00ms,LCnt=0,GPU%=-1.00,CPU%=-1.00(W-1.00)
11-05 13:44:13.865   716   979 I OsSdk   : will wait 60 seconds before retrying
11-05 13:44:14.675 30225 30293 I TrackingServiceClient: Implausible sensor time! pt = 497.651
11-05 13:44:14.675 30225 30293 I VrApi   : FPS=0,Prd=0ms,Tear=0,Early=0,Stale=0,VSnc=1,Lat=0,Fov=0,CPU4/GPU=0/0,300/257MHz,OC=FF,TA=0/0/0,SP=N/N/N,Mem=200MHz,Free=1694MB,PSM=0,PLS=0,Temp=31.0C/0.0C,TW=0.00ms,App=0.00ms,GD=0.00ms,CPU&GPU=0.00ms,LCnt=0,GPU%=-1.00,CPU%=-1.00(W-1.00)
11-05 13:44:15.675 30225 30293 I TrackingServiceClient: Implausible sensor time! pt = 498.651
11-05 13:44:15.676 30225 30293 I VrApi   : FPS=0,Prd=0ms,Tear=0,Early=0,Stale=0,VSnc=1,Lat=0,Fov=0,CPU4/GPU=0/0,300/257MHz,OC=FF,TA=0/0/0,SP=N/N/N,Mem=200MHz,Free=1694MB,PSM=0,PLS=0,Temp=31.0C/0.0C,TW=0.00ms,App=0.00ms,GD=0.00ms,CPU&GPU=0.00ms,LCnt=0,GPU%=-1.00,CPU%=-1.00(W-1.00)
11-05 13:44:16.606  1208  1219 D xrspd   : ep0 xrspd event SUSPEND
11-05 13:44:16.677 30225 30293 I TrackingServiceClient: Implausible sensor time! pt = 499.653
11-05 13:44:16.677 30225 30293 I VrApi   : FPS=0,Prd=0ms,Tear=0,Early=0,Stale=0,VSnc=1,Lat=0,Fov=0,CPU4/GPU=0/0,300/257MHz,OC=FF,TA=0/0/0,SP=N/N/N,Mem=200MHz,Free=1694MB,PSM=0,PLS=0,Temp=31.0C/0.0C,TW=0.00ms,App=0.00ms,GD=0.00ms,CPU&GPU=0.00ms,LCnt=0,GPU%=-1.00,CPU%=-1.00(W-1.00)
11-05 13:44:16.723  1208  1219 D xrspd   : ep0 xrspd event DISABLE
11-05 13:44:16.723  1208  1219 D xrspd   : streaming session stopped (2)
11-05 13:44:16.723  1208  1219 I xrspd   : calling XrspdHelperStopAsync...
11-05 13:44:16.723  1208 30319 D xrspd   : XrspdHelper stopping ...
11-05 13:44:16.723  1208 30319 D xrspd   : stopping XrspdHelper by terminating participant
11-05 13:44:16.723  1208 30319 D xrspd   : XrspParticipantTerminate() can only be called once.
11-05 13:44:16.723  1208 30319 D xrspd   : joining inbound thread...
11-05 13:44:16.723  1208 30319 W xrspd   : XrspdHelper inbound processing returned: I/O error (13)
11-05 13:44:16.723  1208 30319 D xrspd   : joining outbound thread...
11-05 13:44:16.723  1208 30319 W xrspd   : XrspdHelper outbound processing returned: I/O error (13)
11-05 13:44:16.723  1208 30319 D xrspd   : XrspdHelper stopped: invalid state (3)
11-05 13:44:16.723  1208 30319 D xrspd   : joining inbound thread...
11-05 13:44:16.723  1208 30319 D xrspd   : joining outbound thread...
11-05 13:44:16.723  1208 30319 I xrspd   : XrspdHelperStopAsync completed via callback.
11-05 13:44:16.724  1208  1219 D xrspd   : ep0 xrspd event UNBIND
11-05 13:44:16.724 30225 30301 D UE4     : [2019.11.05-04.44.16:724][  0]LogTcpMessaging: Lost node '7E95C36146BD949C0317D7B63660D747' on connection '127.0.0.1:50824'...
11-05 13:44:16.724 30225 30302 D UE4     : [2019.11.05-04.44.16:724][  0]LogTcpMessaging: Lost node 'B75146F74D6A80C23A44B3AE6B907601' on connection '127.0.0.1:50826'...
11-05 13:44:16.724 30225 30302 D UE4     : *** JavaEnvDestructor: 30302
11-05 13:44:16.724 30225 30301 D UE4     : *** JavaEnvDestructor: 30301
11-05 13:44:16.725  1208  1219 D xrspd   : ep0 xrspd event BIND
11-05 13:44:17.034  1081  1607 I ActivityManager: Start proc 30322:com.oculus.os.vrmtpapp/1000 for broadcast com.oculus.os.vrmtpapp/.MtpReceiver
11-05 13:44:17.045  1208  1219 D xrspd   : ep0 xrspd event ENABLE
11-05 13:44:17.045  1208  1219 I xrspd   : calling XrspdHelperStart
11-05 13:44:17.045  1208  1219 D xrspd   : XrspdHelper starting...
11-05 13:44:17.045  1208  1219 D xrspd   : XrspdHelper: create transport
11-05 13:44:17.047  1208  1219 D xrspd   : XrspdHelper started
11-05 13:44:17.049  1208 30336 D xrspd   : transitioning XrspSession state to InviteSent
11-05 13:44:17.049  1208 30336 D xrspd   : sending XrspSession invite for 'basic'
11-05 13:44:17.049  1208 30336 D xrspd   : trying to send transactional message INVITE
11-05 13:44:17.064 30322 30322 W System  : ClassLoader referenced unknown path: /system/priv-app/VrMtpApp/lib/arm64
11-05 13:44:17.073 30322 30322 D MtpReceiver: Received Usb Mtp state
11-05 13:44:17.073 30322 30322 D MtpReceiver: USB plugged in
11-05 13:44:17.073 30322 30322 D MtpReceiver: Starting Media Scan Service
11-05 13:44:17.074 30322 30322 W ContextImpl: Calling a method in the system process without a qualified user: android.app.ContextImpl.startService:1357 android.content.ContextWrapper.startService:613 android.content.ContextWrapper.startService:613 com.oculus.os.vrmtpapp.MtpReceiver.handleUsbState:83 com.oculus.os.vrmtpapp.MtpReceiver.onReceive:46 
11-05 13:44:17.186 30322 30322 D MtpReceiver: Received Usb Mtp state
11-05 13:44:17.186 30322 30322 D MtpReceiver: USB plugged in
11-05 13:44:17.191 30322 30322 D MtpReceiver: Started Media Scan Service
11-05 13:44:17.239  1436 30340 I OSUpdateService: Intent with action system_battery_changed
11-05 13:44:17.564 16348 30338 D MediaProvider: object removed 13290
11-05 13:44:17.573 16348 30338 D MediaProvider: object removed 13291
11-05 13:44:17.574 16348 30338 D MediaProvider: object removed 13805
11-05 13:44:17.574 16348 30338 D MediaProvider: object removed 13806
11-05 13:44:17.574 16348 30338 D MediaProvider: object removed 13807
11-05 13:44:17.574 16348 30338 D MediaProvider: object removed 13808
11-05 13:44:17.574 16348 30338 D MediaProvider: object removed 13810
11-05 13:44:17.575 16348 30338 D MediaProvider: object removed 13812
11-05 13:44:17.575 16348 30338 D MediaProvider: object removed 13813
11-05 13:44:17.575 16348 30338 D MediaProvider: object removed 14223
11-05 13:44:17.575 16348 30338 D MediaProvider: object removed 14224
11-05 13:44:17.575 16348 30338 D MediaProvider: object removed 14225
11-05 13:44:17.575 16348 30338 D MediaProvider: object removed 14226
11-05 13:44:17.575 16348 30338 D MediaProvider: object removed 14227
11-05 13:44:17.575 16348 30338 D MediaProvider: object removed 14228
11-05 13:44:17.575 16348 30338 D MediaProvider: object removed 14229
11-05 13:44:17.575 16348 30338 D MediaProvider: object removed 14230
11-05 13:44:17.575 16348 30338 D MediaProvider: object removed 14231
11-05 13:44:17.576 16348 30338 D MediaProvider: object removed 14232
11-05 13:44:17.576 16348 30338 D MediaProvider: object removed 14239
11-05 13:44:17.576 16348 30338 D MediaProvider: object removed 14240
11-05 13:44:17.576 16348 30338 D MediaProvider: object removed 14249
11-05 13:44:17.576 16348 30338 D MediaProvider: object removed 14252
11-05 13:44:17.576 16348 30338 D MediaProvider: object removed 14255
11-05 13:44:17.576 16348 30338 D MediaProvider: object removed 14256
11-05 13:44:17.576 16348 30338 D MediaProvider: object removed 14259
11-05 13:44:17.576 16348 30338 D MediaProvider: object removed 14260
11-05 13:44:17.576 16348 30338 D MediaProvider: object removed 14261
11-05 13:44:17.577 16348 30338 D MediaProvider: object removed 14262
11-05 13:44:17.577 16348 30338 D MediaProvider: object removed 14265
11-05 13:44:17.577 16348 30338 D MediaProvider: object removed 14266
11-05 13:44:17.577 16348 30338 D MediaProvider: object removed 14267
11-05 13:44:17.577 16348 30338 D MediaProvider: object removed 14268
11-05 13:44:17.577 16348 30338 D MediaProvider: object removed 14269
11-05 13:44:17.577 16348 30338 D MediaProvider: object removed 14270
11-05 13:44:17.577 16348 30338 D MediaProvider: object removed 14271
11-05 13:44:17.577 16348 30338 D MediaProvider: object removed 14272
11-05 13:44:17.577 16348 30338 D MediaProvider: object removed 14273
11-05 13:44:17.577 16348 30338 D MediaProvider: object removed 14274
11-05 13:44:17.578 16348 30338 D MediaProvider: object removed 14275
11-05 13:44:17.578 16348 30338 D MediaProvider: object removed 14276
11-05 13:44:17.578 16348 30338 D MediaProvider: object removed 14279
11-05 13:44:17.578 16348 30338 D MediaProvider: object removed 14280
11-05 13:44:17.578 16348 30338 D MediaProvider: object removed 14281
11-05 13:44:17.578 16348 30338 D MediaProvider: object removed 14282
11-05 13:44:17.578 16348 30338 D MediaProvider: object removed 14289
11-05 13:44:17.578 16348 30338 D MediaProvider: object removed 14290
11-05 13:44:17.578 16348 30338 D MediaProvider: object removed 14291
11-05 13:44:17.578 16348 30338 D MediaProvider: object removed 14292
11-05 13:44:17.578 16348 30338 D MediaProvider: object removed 14293
11-05 13:44:17.579 16348 30338 D MediaProvider: object removed 14294
11-05 13:44:17.579 16348 30338 D MediaProvider: object removed 16778
11-05 13:44:17.579 16348 30338 D MediaProvider: object removed 18878
11-05 13:44:17.579 16348 30338 D MediaProvider: object removed 18879
11-05 13:44:17.579 16348 30338 D MediaProvider: object removed 18880
11-05 13:44:17.579 16348 30338 D MediaProvider: object removed 18898
11-05 13:44:17.579 16348 30338 D MediaProvider: object removed 18899
11-05 13:44:17.579 16348 30338 D MediaProvider: object removed 18900
11-05 13:44:17.579 16348 30338 D MediaProvider: object removed 18901
11-05 13:44:17.580 16348 30338 D MediaProvider: object removed 18902
11-05 13:44:17.580 16348 30338 D MediaProvider: object removed 18903
11-05 13:44:17.580 16348 30338 D MediaProvider: object removed 18904
11-05 13:44:17.580 16348 30338 D MediaProvider: object removed 18905
11-05 13:44:17.580 16348 30338 D MediaProvider: object removed 18929
11-05 13:44:17.580 16348 30338 D MediaProvider: object removed 18930
11-05 13:44:17.580 16348 30338 D MediaProvider: object removed 18939
11-05 13:44:17.580 16348 30338 D MediaProvider: object removed 18955
11-05 13:44:17.580 16348 30338 D MediaProvider: object removed 18956
11-05 13:44:17.580 16348 30338 D MediaProvider: object removed 18957
11-05 13:44:17.580 16348 30338 D MediaProvider: object removed 18958
11-05 13:44:17.580 16348 30338 D MediaProvider: object removed 18959
11-05 13:44:17.582 16348 30338 D MediaProvider: object removed 18960
11-05 13:44:17.582 16348 30338 D MediaProvider: object removed 22913
11-05 13:44:17.582 16348 30338 D MediaProvider: object removed 22914
11-05 13:44:17.582 16348 30338 D MediaProvider: object removed 25795
11-05 13:44:17.583 16348 30338 D MediaProvider: object removed 25796
11-05 13:44:17.583 16348 30338 D MediaProvider: object removed 25797
11-05 13:44:17.583 16348 30338 D MediaProvider: object removed 25798
11-05 13:44:17.583 16348 30338 D MediaProvider: object removed 25799
11-05 13:44:17.583 16348 30338 D MediaProvider: object removed 25800
11-05 13:44:17.584 16348 30338 D MediaProvider: object removed 25801
11-05 13:44:17.584 16348 30338 D MediaProvider: object removed 25802
11-05 13:44:17.584 16348 30338 D MediaProvider: object removed 25803
11-05 13:44:17.584 16348 30338 D MediaProvider: object removed 25804
11-05 13:44:17.584 16348 30338 D MediaProvider: object removed 25805
11-05 13:44:17.584 16348 30338 D MediaProvider: object removed 25806
11-05 13:44:17.584 16348 30338 D MediaProvider: object removed 25808
11-05 13:44:17.584 16348 30338 D MediaProvider: object removed 25809
