11-01 11:37:43.965  9175  9191 D UE4     : [2019.11.01-02.37.43:965][883]LogBlueprintUserMessages: [BP_PlayerhandAnimation_C_2147482226] P=0.000000 Y=-10.776874 R=0.000000
11-01 11:37:43.974   712  9318 W [CT]    : CONSTELLATION:MATCHING: [Camera 3] Brute matching timed out after 1400/3060 iterations.
11-01 11:37:43.982  9175  9191 D UE4     : [2019.11.01-02.37.43:982][884]LogBlueprintUserMessages: [BP_PlayerhandAnimation_C_2147482229] P=0.000000 Y=36.023682 R=0.000000
11-01 11:37:43.982  9175  9191 D UE4     : [2019.11.01-02.37.43:982][884]LogBlueprintUserMessages: [BP_PlayerhandAnimation_C_2147482226] P=0.000000 Y=-10.776966 R=0.000000
11-01 11:37:44.007  9175  9191 D UE4     : [2019.11.01-02.37.44:006][885]LogBlueprintUserMessages: [BP_PlayerhandAnimation_C_2147482229] P=0.000000 Y=36.023682 R=0.000000
11-01 11:37:44.007  9175  9191 D UE4     : [2019.11.01-02.37.44:007][885]LogBlueprintUserMessages: [BP_PlayerhandAnimation_C_2147482226] P=0.000000 Y=-10.776966 R=0.000000
11-01 11:37:44.007   712  9318 W [CT]    : CONSTELLATION:MATCHING: [Camera 3] Brute matching timed out after 300/3519 iterations.
11-01 11:37:44.021  9175  9191 D UE4     : [2019.11.01-02.37.44:021][886]LogBlueprintUserMessages: [BP_PlayerhandAnimation_C_2147482229] P=0.000000 Y=36.023682 R=0.000000
11-01 11:37:44.021  9175  9191 D UE4     : [2019.11.01-02.37.44:021][886]LogBlueprintUserMessages: [BP_PlayerhandAnimation_C_2147482226] P=0.000000 Y=-10.776842 R=0.000000
11-01 11:37:44.041   712  9318 W [CT]    : CONSTELLATION:MATCHING: [Camera 3] Brute matching timed out after 500/3519 iterations.
11-01 11:37:44.049  9175  9191 D UE4     : [2019.11.01-02.37.44:049][887]LogBlueprintUserMessages: [BP_PlayerhandAnimation_C_2147482229] P=0.000000 Y=36.023697 R=0.000000
11-01 11:37:44.049  9175  9191 D UE4     : [2019.11.01-02.37.44:049][887]LogBlueprintUserMessages: [BP_PlayerhandAnimation_C_2147482226] P=0.000000 Y=-10.776903 R=0.000000
11-01 11:37:44.063  9175  9191 D UE4     : [2019.11.01-02.37.44:062][888]LogBlueprintUserMessages: [BP_PlayerhandAnimation_C_2147482229] P=0.000000 Y=36.023697 R=0.000000
11-01 11:37:44.063  9175  9191 D UE4     : [2019.11.01-02.37.44:063][888]LogBlueprintUserMessages: [BP_PlayerhandAnimation_C_2147482226] P=0.000000 Y=-10.776903 R=0.000000
11-01 11:37:44.074   712  9318 W [CT]    : CONSTELLATION:MATCHING: [Camera 3] Brute matching timed out after 1400/3366 iterations.
11-01 11:37:44.090  9175  9191 D UE4     : [2019.11.01-02.37.44:090][889]LogBlueprintUserMessages: [BP_PlayerhandAnimation_C_2147482229] P=0.000000 Y=36.023838 R=0.000000
11-01 11:37:44.090  9175  9191 D UE4     : [2019.11.01-02.37.44:090][889]LogBlueprintUserMessages: [BP_PlayerhandAnimation_C_2147482226] P=0.000000 Y=-10.776903 R=0.000000
11-01 11:37:44.108   712  9318 W [CT]    : CONSTELLATION:MATCHING: [Camera 3] Brute matching timed out after 1200/3978 iterations.
11-01 11:37:44.118  9175  9191 D UE4     : [2019.11.01-02.37.44:118][890]LogBlueprintUserMessages: [BP_PlayerhandAnimation_C_2147482229] P=0.000000 Y=36.023716 R=0.000000
11-01 11:37:44.118  9175  9191 D UE4     : [2019.11.01-02.37.44:118][890]LogBlueprintUserMessages: [BP_PlayerhandAnimation_C_2147482226] P=0.000000 Y=-10.776811 R=0.000000
11-01 11:37:44.132  9175  9191 D UE4     : [2019.11.01-02.37.44:132][891]LogBlueprintUserMessages: [BP_PlayerhandAnimation_C_2147482229] P=0.000000 Y=36.023716 R=0.000000
11-01 11:37:44.133  9175  9191 D UE4     : [2019.11.01-02.37.44:133][891]LogBlueprintUserMessages: [BP_PlayerhandAnimation_C_2147482226] P=0.000000 Y=-10.776903 R=0.000000
11-01 11:37:44.141   712  9318 W [CT]    : CONSTELLATION:MATCHING: [Camera 3] Brute matching timed out after 800/3519 iterations.
11-01 11:37:44.160  9175  9191 D UE4     : [2019.11.01-02.37.44:160][892]LogBlueprintUserMessages: [BP_PlayerhandAnimation_C_2147482229] P=0.000000 Y=36.023682 R=0.000000
11-01 11:37:44.160  9175  9191 D UE4     : [2019.11.01-02.37.44:160][892]LogBlueprintUserMessages: [BP_PlayerhandAnimation_C_2147482226] P=0.000000 Y=-10.776903 R=0.000000
11-01 11:37:44.174   712  9318 W [CT]    : CONSTELLATION:MATCHING: [Camera 3] Brute matching timed out after 1200/3519 iterations.
11-01 11:37:44.174  9175  9191 D UE4     : [2019.11.01-02.37.44:174][893]LogBlueprintUserMessages: [BP_PlayerhandAnimation_C_2147482229] P=0.000000 Y=36.023590 R=0.000000
11-01 11:37:44.175  9175  9191 D UE4     : [2019.11.01-02.37.44:175][893]LogBlueprintUserMessages: [BP_PlayerhandAnimation_C_2147482226] P=0.000000 Y=-10.776903 R=0.000000
11-01 11:37:44.198  1564  1564 D VrPowerManagerService: processing message: timer expired
11-01 11:37:44.200  1564  1564 I VrPowerManagerService: transition from HEADSET_UNMOUNTED to WAITING_FOR_SLEEP_MSG
11-01 11:37:44.201  1074  1575 I PowerManagerService: Going to sleep by application request (uid 1000)...
11-01 11:37:44.204  9175  9191 D UE4     : [2019.11.01-02.37.44:204][894]LogBlueprintUserMessages: [BP_PlayerhandAnimation_C_2147482229] P=0.000000 Y=36.023590 R=0.000000
11-01 11:37:44.205  9175  9191 D UE4     : [2019.11.01-02.37.44:205][894]LogBlueprintUserMessages: [BP_PlayerhandAnimation_C_2147482226] P=0.000000 Y=-10.776903 R=0.000000
11-01 11:37:44.205  1074  1144 I PowerManagerService: Sleeping (uid 1000)...
11-01 11:37:44.207   712  9318 W [CT]    : CONSTELLATION:MATCHING: [Camera 3] Brute matching timed out after 700/3825 iterations.
11-01 11:37:44.215  1292  1317 D VrKeyguardService: onStartedGoingToSleep() called with: reason = [2]
11-01 11:37:44.217  9175  9191 D UE4     : [2019.11.01-02.37.44:217][895]LogBlueprintUserMessages: [BP_PlayerhandAnimation_C_2147482229] P=0.000000 Y=36.023678 R=0.000000
11-01 11:37:44.217  9175  9191 D UE4     : [2019.11.01-02.37.44:217][895]LogBlueprintUserMessages: [BP_PlayerhandAnimation_C_2147482226] P=0.000000 Y=-10.776903 R=0.000000
11-01 11:37:44.218  9175  9175 D UE4     : onPause: stop memory reporter runnable
11-01 11:37:44.218  9175  9175 D UE4     : Unregistering sensor listeners
11-01 11:37:44.219  9175  9192 D UE4     : Case APP_CMD_PAUSE
11-01 11:37:44.219  9175  9175 D UE4     : ==============> GameActive.onPause complete!
11-01 11:37:44.219  9175  9192 D UE4     : [2019.11.01-02.37.44:219][895]LogAndroid: Case APP_CMD_PAUSE
11-01 11:37:44.219  9175  9192 D UE4     : LogAndroidEvents::EnqueueAppEvent : 6, 0, tid = 9192, APP_EVENT_STATE_ON_PAUSE
11-01 11:37:44.220  1074  1144 V KeyguardServiceDelegate: onScreenTurnedOff()
11-01 11:37:44.221  9175  9187 E Parcel  : Reading a NULL string not supported here.
11-01 11:37:44.221  9175  9187 D AudioTrack: updateAppOpsPlayAudio: checkOp OP_PLAY_AUDIO for com.YourCompany.LastResisters returns: 1 (IGNORED)
11-01 11:37:44.221  9175  9187 I AudioTrack: updateAppOpsPlayAudio: pausing audio thread
11-01 11:37:44.221  9175  9187 E Parcel  : Reading a NULL string not supported here.
11-01 11:37:44.222  9175  9187 D AudioTrack: updateAppOpsPlayAudio: checkOp OP_PLAY_AUDIO for com.YourCompany.LastResisters returns: 1 (IGNORED)
11-01 11:37:44.222  9175  9187 E Parcel  : Reading a NULL string not supported here.
11-01 11:37:44.228  1292  1317 D VrKeyguardService: onScreenTurnedOff() called
11-01 11:37:44.232  1292  1292 W FingerprintManager: isFingerprintHardwareDetected(): Service not connected!
11-01 11:37:44.240   712  9318 W [CT]    : CONSTELLATION:MATCHING: [Camera 3] Brute matching timed out after 500/4437 iterations.
11-01 11:37:44.241   551   551 D SurfaceFlinger: Set power mode=0, type=0 flinger=0x7f98c48000
11-01 11:37:44.242  9175  9191 D UE4     : [2019.11.01-02.37.44:241][896]LogAndroidEvents: Display: LogAndroidEvents::DequeueAppEvent : 6, 0, APP_EVENT_STATE_ON_PAUSE
11-01 11:37:44.242   551   551 I SDM     : HWCDisplay::SetPowerMode: display = 0, mode = 0
11-01 11:37:44.242   551   551 I SDM     : DisplayBase::SetDisplayState: Set state = 0, display 0
11-01 11:37:44.249  1074  1142 I DisplayManagerService: Display device changed state: "内蔵スクリーン", OFF
11-01 11:37:44.274   712  9318 W [CT]    : CONSTELLATION:MATCHING: [Camera 3] Brute matching timed out after 1200/3213 iterations.
11-01 11:37:44.308   712  9318 W [CT]    : CONSTELLATION:MATCHING: [Camera 3] Brute matching timed out after 1000/3366 iterations.
11-01 11:37:44.317  9175  9369 D UE4     : *** JavaEnvDestructor: 9369
11-01 11:37:44.340   712  9318 W [CT]    : CONSTELLATION:MATCHING: [Camera 3] Brute matching timed out after 900/3213 iterations.
11-01 11:37:44.360  2130  9340 I Clocks  : SetSchedFifo( tid=9191, pri=0 ) succeeded
11-01 11:37:44.361  2130  9340 I Clocks  : SetSchedFifo( tid=9410, pri=0 ) succeeded
11-01 11:37:44.361  2130  9340 I Clocks  : SetSchedFifo( tid=9248, pri=0 ) succeeded
11-01 11:37:44.362  2130  9340 I Clocks  : SetSchedFifo( tid=9281, pri=0 ) succeeded
11-01 11:37:44.374   712  9318 W [CT]    : CONSTELLATION:MATCHING: [Camera 3] Brute matching timed out after 1400/3825 iterations.
11-01 11:37:44.407   712  9318 W [CT]    : CONSTELLATION:MATCHING: [Camera 3] Brute matching timed out after 1200/3213 iterations.
11-01 11:37:44.441   712  9318 W [CT]    : CONSTELLATION:MATCHING: [Camera 3] Brute matching timed out after 400/3213 iterations.
11-01 11:37:44.474   712  9318 W [CT]    : CONSTELLATION:MATCHING: [Camera 3] Brute matching timed out after 700/3213 iterations.
11-01 11:37:44.483  1074  1250 D SurfaceControl: Excessive delay in setPowerMode(): 242ms
11-01 11:37:44.484  1292  1323 D VrKeyguardService: onFinishedGoingToSleep() called
11-01 11:37:44.489  1292  1292 W FingerprintManager: isFingerprintHardwareDetected(): Service not connected!
11-01 11:37:44.491   552  1211 D audio_hw_primary: adev_set_parameters: enter: screen_state=off
11-01 11:37:44.491   552  1211 V msm8974_platform: platform_set_parameters: enter: screen_state=off
11-01 11:37:44.491   552  1211 V msm8974_platform: platform_set_parameters: exit with code(0)
11-01 11:37:44.491   552  1211 V audio_hw_primary: adev_set_parameters: exit with code(0)
11-01 11:37:44.508   712  9318 W [CT]    : CONSTELLATION:MATCHING: [Camera 3] Brute matching timed out after 1300/2907 iterations.
11-01 11:37:44.510  9175  9247 I VrApi   : FPS=47,Prd=44ms,Tear=0,Early=0,Stale=72,VSnc=1,Lat=1,Fov=0,CPU4/GPU=4/4,2304/670MHz,OC=FF,TA=0/E0/E0,SP=N/N/N,Mem=1804MHz,Free=1549MB,PSM=0,PLS=0,Temp=33.0C/0.0C,TW=4.33ms,App=21.58ms,GD=0.00ms,CPU&GPU=27.74ms,LCnt=2,GPU%=0.95,CPU%=0.48(W0.52)
11-01 11:37:44.512  1430 17691 I OSUpdateService: Intent with action system_interactive_changed
11-01 11:37:44.514  1564  1564 D VrPowerManagerService: processing message: system sleep
11-01 11:37:44.515  1564  1564 I VrPowerManagerService: transition from WAITING_FOR_SLEEP_MSG to STANDBY
11-01 11:37:44.515  1430 17691 I IdleMonitor: Scheduling idle alarm for 600 seconds from screen off
11-01 11:37:44.515  1496  1525 D VrPowerManagerClient: Headset state: 4
11-01 11:37:44.516   552  1210 D audio_hw_primary: adev_set_mic_mute state 1
11-01 11:37:44.517   712   911 D TrackingService: Received transition request to SLEEP current is STANDBY
11-01 11:37:44.517   712   911 D TrackingService: Executing transition from STANDBY to SLEEP
11-01 11:37:44.517   712   911 D TrackingService: Setting power state to STANDBY
11-01 11:37:44.517   712   911 D Tracker/CoreOS: MontereyGlue: Acquiring MontereyGlue WakeLock
11-01 11:37:44.518   712   911 D TrackingService: Scheduling delayed transition to SLEEP in 120000ms
11-01 11:37:44.518   712  1212 I Tracker/CoreOS: MontereyGlue Handle Power State. currentState: 2, newState: 1
11-01 11:37:44.518   712  1212 D Tracker/CoreOS: MontereyGlue: Transition start RUNNING->STANDBY
11-01 11:37:44.518   712  1212 I [CT]    : OtWrapper: Reset (soft)
11-01 11:37:44.519   712  1212 I [CT]    : TELEMETRY_COLLECTOR: Stopping periodic telemetry polling.
11-01 11:37:44.522   700   700 D GatekeeperNativeService: Using value 0 for gk oculus_blob_size_checker_gk, user=0
11-01 11:37:44.523  1422  1452 E ExtMediaPlayer-JNI: QCMediaPlayer could not be located....
11-01 11:37:44.523  1422  1452 E MediaPlayer-JNI: JNIMediaPlayerFactory: bIsQCMediaPlayerPresent 0
11-01 11:37:44.523  1422  1452 E ExtMediaPlayer-JNI: QCMediaPlayer could not be located....
11-01 11:37:44.523  1422  1452 E MediaPlayer-JNI: JNIMediaPlayerFactory: bIsQCMediaPlayerPresent 0
11-01 11:37:44.524   700  9805 D GatekeeperNativeService: Using value 0 for gk oculus_enable_background_subtraction_gk, user=0
11-01 11:37:44.525   700   788 D GatekeeperNativeService: Using value 0 for gk oculus_gk_is_dogfood, user=0
11-01 11:37:44.526   700   700 D GatekeeperNativeService: Using value 0 for gk oculus_gk_is_employee, user=0
11-01 11:37:44.527   700  9805 D GatekeeperNativeService: Using value 0 for gk oculus_gk_is_qa, user=0
11-01 11:37:44.529   700   788 D GatekeeperNativeService: Using value 0 for gk oculus_gk_is_spatial_ai, user=0
11-01 11:37:44.530   700   700 D GatekeeperNativeService: Using value 0 for gk oculus_telemetry_gk_generic_1, user=0
11-01 11:37:44.531   698   869 I ExtendedNuUtils: printFileName fd(8) -> /system/priv-app/HeadsetSfx/HeadsetSfx.apk
11-01 11:37:44.535   700  9805 D GatekeeperNativeService: Using value 0 for gk oculus_telemetry_gk_generic_2, user=0
11-01 11:37:44.541   712  9318 W [CT]    : CONSTELLATION:MATCHING: [Camera 3] Brute matching timed out after 800/4437 iterations.
11-01 11:37:44.545   700   788 D GatekeeperNativeService: Using value 0 for gk oculus_telemetry_gk_generic_3, user=0
11-01 11:37:44.546   700   700 D GatekeeperNativeService: Using value 0 for gk oculus_telemetry_gk_generic_4, user=0
11-01 11:37:44.548   700  9805 D GatekeeperNativeService: Using value 0 for gk oculus_telemetry_gk_generic_5, user=0
11-01 11:37:44.548   712  1212 I [CT]    : TELEMETRY_COLLECTOR: duration: 17.3364
11-01 11:37:44.548   712  1212 I [CT]    : TELEMETRY_COLLECTOR: visionlib_sourcecodeversion: 03bf8874556a
11-01 11:37:44.548   712  1212 I [CT]    : TELEMETRY_COLLECTOR: vision_event_count: 4
11-01 11:37:44.548   712  1212 I [CT]    : TELEMETRY_COLLECTOR: vision_device_type: Monterey
11-01 11:37:44.548   712  1212 I [CT]    : TELEMETRY_COLLECTOR: vision_device_version: PVT
11-01 11:37:44.548   712  1212 I [CT]    : VIPER:TELEMETRY: data_type: common
11-01 11:37:44.548   712  1212 I [CT]    : VIPER:TELEMETRY: orientation_only_enabled: 0
11-01 11:37:44.548   712  1212 I [CT]    : VIPER:TELEMETRY: blob_segmenting_duration_p50: 0.00322734
11-01 11:37:44.548   712  1212 I [CT]    : VIPER:TELEMETRY: blob_segmenting_duration_p90: 0.00400063
11-01 11:37:44.548   712  1212 I [CT]    : VIPER:TELEMETRY: blob_segmenting_duration_std: 0.000864307
11-01 11:37:44.548   712  1212 I [CT]    : VIPER:TELEMETRY: led_matching_duration_p50: 0.021961
11-01 11:37:44.548   712  1212 I [CT]    : VIPER:TELEMETRY: led_matching_duration_p90: 0.0235214
11-01 11:37:44.548   712  1212 I [CT]    : VIPER:TELEMETRY: led_matching_duration_std: 0.0106287
11-01 11:37:44.549   712  1212 I [CT]    : VIPER:TELEMETRY: pnp_duration_p50: 0.000361094
11-01 11:37:44.549   712  1212 I [CT]    : VIPER:TELEMETRY: pnp_duration_p90: 0.000597917
11-01 11:37:44.549   712  1212 I [CT]    : VIPER:TELEMETRY: pnp_duration_std: 0.000185188
11-01 11:37:44.549   712  1212 I [CT]    : VIPER:TELEMETRY: sf_duration_p50: 0.00276271
11-01 11:37:44.549   712  1212 I [CT]    : VIPER:TELEMETRY: sf_duration_p90: 0.00570286
11-01 11:37:44.549   712  1212 I [CT]    : VIPER:TELEMETRY: sf_duration_std: 0.00171749
11-01 11:37:44.549   712  1212 I [CT]    : VIPER:TELEMETRY: on_frames_duration_p50: 0.02823
11-01 11:37:44.549   712  1212 I [CT]    : VIPER:TELEMETRY: on_frames_duration_p90: 0.0315721
11-01 11:37:44.549   712  1212 I [CT]    : VIPER:TELEMETRY: on_frames_duration_std: 0.0103816
11-01 11:37:44.549   712  1212 I [CT]    : VIPER:TELEMETRY: total_image_blobs_p50: 69
11-01 11:37:44.549   712  1212 I [CT]    : VIPER:TELEMETRY: total_image_blobs_p90: 87
11-01 11:37:44.549   712  1212 I [CT]    : VIPER:TELEMETRY: total_image_blobs_avg: 67.1041
11-01 11:37:44.549   712  1212 I [CT]    : VIPER:TELEMETRY: total_nonstationary_blobs_p50: 0
11-01 11:37:44.549   712  1212 I [CT]    : VIPER:TELEMETRY: total_nonstationary_blobs_p90: 0
11-01 11:37:44.549   712  1212 I [CT]    : VIPER:TELEMETRY: total_nonstationary_blobs_avg: 0
11-01 11:37:44.549   712  1212 I [CT]    : VIPER:TELEMETRY: num_stationary_landmarks_p50: 0
11-01 11:37:44.549   712  1212 I [CT]    : VIPER:TELEMETRY: num_frames_dropped_system: 0
11-01 11:37:44.549   712  1212 I [CT]    : VIPER:TELEMETRY: num_frames_dropped_processing: 0
11-01 11:37:44.549   712  1212 I [CT]    : TELEMETRY_COLLECTOR: vision_session_id: bf813e73-a943-4bfc-b08b-9c5f4b9f2096
11-01 11:37:44.549   712  1212 I [CT]    : TELEMETRY_COLLECTOR: vision_device_id: 6dbe7a886ca11ae4c17af8eac5285acd4044e27f
11-01 11:37:44.549   712  1212 I [CT]    : TELEMETRY_COLLECTOR: Sending event: constellation_periodic
11-01 11:37:44.550   712  1212 I [CT]    : VIPER:TELEMETRY: has_tracking: 0.978887
11-01 11:37:44.550   712  1212 I [CT]    : VIPER:TELEMETRY: tracker_dur_p50: 0.0135644
11-01 11:37:44.550   712  1212 I [CT]    : VIPER:TELEMETRY: tracker_dur_p90: 0.0205159
11-01 11:37:44.550   712  1212 I [CT]    : VIPER:TELEMETRY: reprojection_err_avg: 0.280475
11-01 11:37:44.550   712  1212 I [CT]    : VIPER:TELEMETRY: kpi_position_jitter_p50: 0.000215809
11-01 11:37:44.550   712  1212 I [CT]    : VIPER:TELEMETRY: kpi_position_jitter_p90: 0.00179349
11-01 11:37:44.550   712  1212 I [CT]    : VIPER:TELEMETRY: prediction_error_T_norm_max: 0.00445127
11-01 11:37:44.550   712  1212 I [CT]    : VIPER:TELEMETRY: prediction_error_R_norm_max: 0.00184712
11-01 11:37:44.550   712  1212 I [CT]    : VIPER:TELEMETRY: inliers_avg: 79.7524
11-01 11:37:44.550   712  1212 I [CT]    : VIPER:TELEMETRY: keyframes_avg: 91.8291
11-01 11:37:44.550   712  1212 I [CT]    : VIPER:TELEMETRY: map_points_avg: 441.125
11-01 11:37:44.550   712  1212 I [CT]    : VIPER:TELEMETRY: mapper_queue_max: 1
11-01 11:37:44.550   712  1212 I [CT]    : VIPER:TELEMETRY: imu_compute_took_too_long_count: 0
11-01 11:37:44.550   712  1212 I [CT]    : VIPER:TELEMETRY: frame_compute_exceeded_in_track_map_count: 0
11-01 11:37:44.550   712  1212 I [CT]    : VIPER:TELEMETRY: lost_tracking_event_count: 1
11-01 11:37:44.550   712  1212 I [CT]    : VIPER:TELEMETRY: camera_calibration_version: 10
11-01 11:37:44.550   712  1212 I [CT]    : VIPER:TELEMETRY: headset_mounted: 1
11-01 11:37:44.550   712  1212 I [CT]    : VIPER:TELEMETRY: plane_event_count: 8
11-01 11:37:44.550   712  1212 I [CT]    : VIPER:TELEMETRY: plane_success_count: 8
11-01 11:37:44.550   712  1212 I [CT]    : VIPER:TELEMETRY: plane_fail_count: 0
11-01 11:37:44.550   712  1212 I [CT]    : VIPER:TELEMETRY: plane_time_est_avg: 0.000305625
11-01 11:37:44.550   712  1212 I [CT]    : VIPER:TELEMETRY: plane_num_inliers_success_avg: 22.625
11-01 11:37:44.550   712  1212 I [CT]    : VIPER:TELEMETRY: plane_avg_estimated_height: -1.54832
11-01 11:37:44.550   712  1212 I [CT]    : VIPER:TELEMETRY: plane_avg_used_height: -1.54832
11-01 11:37:44.550   712  1212 I [CT]    : VIPER:TELEMETRY: plane_num_changes_est_height: 2
11-01 11:37:44.550   712  1212 I [CT]    : VIPER:TELEMETRY: plane_num_changes_used_heights: 2
11-01 11:37:44.550   712  1212 I [CT]    : VIPER:TELEMETRY: exposure_gain_prod_min: 0.010944
11-01 11:37:44.550   712  1212 I [CT]    : VIPER:TELEMETRY: exposure_gain_prod_max: 0.092587
11-01 11:37:44.550   712  1212 I [CT]    : VIPER:TELEMETRY: irradiance_proxy: 5914.35
11-01 11:37:44.550   712  1212 I [CT]    : VIPER:TELEMETRY: exposure_duration_max_difference: 0.00342
11-01 11:37:44.550   712  1212 I [CT]    : VIPER:TELEMETRY: flicker_probability: 0.0094375
11-01 11:37:44.550   712  1212 I [CT]    : VIPER:TELEMETRY: camera_frame_rate: 30
11-01 11:37:44.550   712  1212 I [CT]    : VIPER:TELEMETRY: ocal_seg_ok_ratio: 0
11-01 11:37:44.551   712  1212 I [CT]    : VIPER:TELEMETRY: ocal_seg_eval_duration_max: 0.11859
11-01 11:37:44.551   712  1212 I [CT]    : VIPER:TELEMETRY: ocal_seg_max_mem_usage_mb: 8.52536
11-01 11:37:44.551   712  1212 I [CT]    : VIPER:TELEMETRY: ocal_seg_max_mem_wasted_mb: 3.34611
11-01 11:37:44.551   712  1212 I [CT]    : VIPER:TELEMETRY: image_pyramid_usage_count: 110
11-01 11:37:44.551   712  1212 I [CT]    : VIPER:TELEMETRY: num_imu_samples_dropped_system: 0
11-01 11:37:44.551   712  1212 I [CT]    : VIPER:TELEMETRY: num_imu_samples_dropped_processing: 0
11-01 11:37:44.551   712  1212 I [CT]    : VIPER:TELEMETRY: num_mag_samples_dropped_system: 0
11-01 11:37:44.551   712  1212 I [CT]    : VIPER:TELEMETRY: num_mag_samples_dropped_processing: 0
11-01 11:37:44.551   712  1212 I [CT]    : VIPER:TELEMETRY: num_frames_dropped_system: 0
11-01 11:37:44.551   712  1212 I [CT]    : VIPER:TELEMETRY: num_frames_dropped_processing: 0
11-01 11:37:44.551   712  1212 I [CT]    : VIPER:TELEMETRY: duration: 17.3596
11-01 11:37:44.551   712  1212 I [CT]    : VIPER:TELEMETRY: time_with_tracking: 16.9946
11-01 11:37:44.551   712  1212 I [CT]    : VIPER:TELEMETRY: time_in_initialization: 0
11-01 11:37:44.551   712  1212 I [CT]    : VIPER:TELEMETRY: time_environment_false_positive: 0
11-01 11:37:44.551   712  1212 I [CT]    : VIPER:TELEMETRY: time_environment_false_negative: 0.36502
11-01 11:37:44.551   712  1212 I [CT]    : VIPER:TELEMETRY: max_t_world_from_map: 0.0259968
11-01 11:37:44.551   712  1212 I [CT]    : VIPER:TELEMETRY: max_R_world_from_map_yaw: 0.000980058
11-01 11:37:44.551   712  1212 I [CT]    : VIPER:TELEMETRY: max_t_world_from_map_update: 0.00467072
11-01 11:37:44.551   712  1212 I [CT]    : VIPER:TELEMETRY: max_R_world_from_map_yaw_update: 0.000772932
11-01 11:37:44.551   712  1212 I [CT]    : VIPER:TELEMETRY: num_smooth_world_frame_jumps_per_min: 0
11-01 11:37:44.551   712  1212 I [CT]    : VIPER:TELEMETRY: feature_distance_p50_avg: 2.68198
11-01 11:37:44.551   712  1212 I [CT]    : VIPER:TELEMETRY: feature_distance_p50_max: 2.99664
11-01 11:37:44.551   712  1212 I [CT]    : TELEMETRY_COLLECTOR: vision_session_id: bf813e73-a943-4bfc-b08b-9c5f4b9f2096
11-01 11:37:44.551   712  1212 I [CT]    : TELEMETRY_COLLECTOR: vision_device_id: 6dbe7a886ca11ae4c17af8eac5285acd4044e27f
11-01 11:37:44.551   712  1212 I [CT]    : TELEMETRY_COLLECTOR: Sending event: insideout_periodic
11-01 11:37:44.552   712  1212 I [CT]    : VIPER:TELEMETRY: imu_processing_time_mean_s: 0.000116041
11-01 11:37:44.552   712  1212 I [CT]    : VIPER:TELEMETRY: imu_processing_time_max_s: 0.000355364
11-01 11:37:44.552   712  1212 I [CT]    : VIPER:TELEMETRY: num_bad_imu_samples: 0
11-01 11:37:44.552   712  1212 I [CT]    : VIPER:TELEMETRY: num_imu_saturation: 0
11-01 11:37:44.552   712  1212 I [CT]    : VIPER:TELEMETRY: imu_temperature_mean_degc: 43.5169
11-01 11:37:44.552   712  1212 I [CT]    : VIPER:TELEMETRY: gyro_bias_max_x_radps: -4.19017e-05
11-01 11:37:44.552   712  1212 I [CT]    : VIPER:TELEMETRY: gyro_bias_max_y_radps: 0.000744009
11-01 11:37:44.552   712  1212 I [CT]    : VIPER:TELEMETRY: gyro_bias_max_z_radps: -5.80532e-06
11-01 11:37:44.552   712  1212 I [CT]    : VIPER:TELEMETRY: gyro_bias_min_x_radps: -0.000576642
11-01 11:37:44.552   712  1212 I [CT]    : VIPER:TELEMETRY: gyro_bias_min_y_radps: 0.000501728
11-01 11:37:44.552   712  1212 I [CT]    : VIPER:TELEMETRY: gyro_bias_min_z_radps: -0.000285657
11-01 11:37:44.552   712  1212 I [CT]    : VIPER:TELEMETRY: gyro_bias_mean_x_radps: -0.000230971
11-01 11:37:44.552   712  1212 I [CT]    : VIPER:TELEMETRY: gyro_bias_mean_y_radps: 0.000621548
11-01 11:37:44.552   712  1212 I [CT]    : VIPER:TELEMETRY: gyro_bias_mean_z_radps: -0.000193968
11-01 11:37:44.552   712  1212 I [CT]    : VIPER:TELEMETRY: gyro_bias_std_x_radps: 0.000141481
11-01 11:37:44.552   712  1212 I [CT]    : VIPER:TELEMETRY: gyro_bias_std_y_radps: 8.56591e-05
11-01 11:37:44.552   712  1212 I [CT]    : VIPER:TELEMETRY: gyro_bias_std_z_radps: 6.91254e-05
11-01 11:37:44.552   712  1212 I [CT]    : VIPER:TELEMETRY: gyro_bias_norm_max_radps: 0.000878327
11-01 11:37:44.552   712  1212 I [CT]    : VIPER:TELEMETRY: gyro_bias_norm_min_radps: 0.000588984
11-01 11:37:44.552   712  1212 I [CT]    : VIPER:TELEMETRY: gyro_bias_norm_mean_radps: 0.000707243
11-01 11:37:44.552   712  1212 I [CT]    : VIPER:TELEMETRY: gyro_bias_norm_std_radps: 9.57797e-05
11-01 11:37:44.552   712  1212 I [CT]    : VIPER:TELEMETRY: motion_class_static_pct: 0.402062
11-01 11:37:44.552   712  1212 I [CT]    : VIPER:TELEMETRY: motion_class_quasi_static_pct: 0.396907
11-01 11:37:44.552   712  1212 I [CT]    : VIPER:TELEMETRY: motion_class_in_motion_pct: 0.201031
11-01 11:37:44.552   712  1212 I [CT]    : VIPER:TELEMETRY: is_in_media_mode: 0
11-01 11:37:44.552   712  1212 I [CT]    : VIPER:TELEMETRY: mag_processing_time_mean_s: 8.16147e-05
11-01 11:37:44.552   712  1212 I [CT]    : VIPER:TELEMETRY: mag_processing_time_max_s: 0.000214479
11-01 11:37:44.552   712  1212 I [CT]    : VIPER:TELEMETRY: num_bad_mag_samples: 0
11-01 11:37:44.552   712  1212 I [CT]    : VIPER:TELEMETRY: num_mag_interference: 7
11-01 11:37:44.552   712  1212 I [CT]    : TELEMETRY_COLLECTOR: vision_session_id: bf813e73-a943-4bfc-b08b-9c5f4b9f2096
11-01 11:37:44.552   712  1212 I [CT]    : TELEMETRY_COLLECTOR: vision_device_id: 6dbe7a886ca11ae4c17af8eac5285acd4044e27f
11-01 11:37:44.552   712  1212 I [CT]    : TELEMETRY_COLLECTOR: Sending event: attitude_ekf_periodic
11-01 11:37:44.553   712  1212 I [CT]    : VIPER:TELEMETRY: data_type: tracked_object
11-01 11:37:44.553   712  1212 I [CT]    : VIPER:TELEMETRY: device_id: 3669952633402657438
11-01 11:37:44.553   712  1212 I [CT]    : VIPER:TELEMETRY: object_type: left
11-01 11:37:44.553   712  1212 I [CT]    : VIPER:TELEMETRY: num_frames: 509
11-01 11:37:44.553   712  1212 I [CT]    : VIPER:TELEMETRY: num_frames_blob_size_checked: 7
11-01 11:37:44.553   712  1212 I [CT]    : VIPER:TELEMETRY: num_frames_blob_size_rejected: 0
11-01 11:37:44.553   712  1212 I [CT]    : VIPER:TELEMETRY: has_constellation_tracking: 0.614931
11-01 11:37:44.553   712  1212 I [CT]    : VIPER:TELEMETRY: has_vision_tracking: 0.367387
11-01 11:37:44.553   712  1212 I [CT]    : VIPER:TELEMETRY: fault_cam_ahead_of_imu_avg: 0
11-01 11:37:44.553   712  1212 I [CT]    : VIPER:TELEMETRY: flyaway_avg: 0
11-01 11:37:44.553   712  1212 I [CT]    : VIPER:TELEMETRY: hard_reset_avg: 0
11-01 11:37:44.553   712  1212 I [CT]    : VIPER:TELEMETRY: led_count_sum: 697
11-01 11:37:44.553   712  1212 I [CT]    : VIPER:TELEMETRY: accel_bias_p50: 0.0462756
11-01 11:37:44.553   712  1212 I [CT]    : VIPER:TELEMETRY: accel_bias_p90: 0.0462756
11-01 11:37:44.553   712  1212 I [CT]    : VIPER:TELEMETRY: accel_bias_std: 5.4729e-05
11-01 11:37:44.553   712  1212 I [CT]    : VIPER:TELEMETRY: gyro_bias_p50: 0.014841
11-01 11:37:44.553   712  1212 I [CT]    : VIPER:TELEMETRY: gyro_bias_p90: 0.0148422
11-01 11:37:44.553   712  1212 I [CT]    : VIPER:TELEMETRY: gyro_bias_std: 3.9741e-06
11-01 11:37:44.553   712  1212 I [CT]    : VIPER:TELEMETRY: cam_to_imu_seconds_p50: 0.028438
11-01 11:37:44.553   712  1212 I [CT]    : VIPER:TELEMETRY: cam_to_imu_seconds_p90: 0.030201
11-01 11:37:44.553   712  1212 I [CT]    : VIPER:TELEMETRY: cam_to_imu_seconds_std: 0.0101011
11-01 11:37:44.553   712  1212 I [CT]    : VIPER:TELEMETRY: fusion_jitter_p50: 3.93875e-06
11-01 11:37:44.553   712  1212 I [CT]    : VIPER:TELEMETRY: fusion_jitter_p90: 6.34696e-05
11-01 11:37:44.553   712  1212 I [CT]    : VIPER:TELEMETRY: fusion_jitter_std: 4.38253e-05
11-01 11:37:44.553   712  1212 I [CT]    : VIPER:TELEMETRY: vision_jitter_p50: 0.0208401
11-01 11:37:44.554   712  1212 I [CT]    : VIPER:TELEMETRY: vision_jitter_p90: 0.162522
11-01 11:37:44.554   712  1212 I [CT]    : VIPER:TELEMETRY: vision_jitter_std: 0.0622035
11-01 11:37:44.554   712  1212 I [CT]    : VIPER:TELEMETRY: accel_scale_norm: 0.000831485
11-01 11:37:44.554   712  1212 I [CT]    : VIPER:TELEMETRY: accel_nonorth_norm: 0.000585972
11-01 11:37:44.554   712  1212 I [CT]    : VIPER:TELEMETRY: gyro_scale_norm: 0.00173396
11-01 11:37:44.554   712  1212 I [CT]    : VIPER:TELEMETRY: gyro_nonorth_norm: 0.000460475
11-01 11:37:44.554   712  1212 I [CT]    : VIPER:TELEMETRY: num_imu_samples_dropped_system: 0
11-01 11:37:44.554   712  1212 I [CT]    : VIPER:TELEMETRY: num_imu_samples_dropped_processing: 0
11-01 11:37:44.554   712  1212 I [CT]    : VIPER:TELEMETRY: max_imu_samples_dropped_consecutive: 0
11-01 11:37:44.554   712  1212 I [CT]    : VIPER:TELEMETRY: accel_saturation_avg: 0
11-01 11:37:44.554   712  1212 I [CT]    : VIPER:TELEMETRY: gyro_saturation_avg: 0
11-01 11:37:44.554   712  1212 I [CT]    : VIPER:TELEMETRY: imu_update_duration_p50: 0.000238125
11-01 11:37:44.554   712  1212 I [CT]    : VIPER:TELEMETRY: imu_update_duration_p90: 0.000433125
11-01 11:37:44.554   712  1212 I [CT]    : VIPER:TELEMETRY: imu_update_duration_std: 0.000211915
11-01 11:37:44.554   712  1212 I [CT]    : TELEMETRY_COLLECTOR: vision_session_id: bf813e73-a943-4bfc-b08b-9c5f4b9f2096
11-01 11:37:44.554   712  1212 I [CT]    : TELEMETRY_COLLECTOR: vision_device_id: 6dbe7a886ca11ae4c17af8eac5285acd4044e27f
11-01 11:37:44.555   712  1212 I [CT]    : TELEMETRY_COLLECTOR: Sending event: constellation_periodic
11-01 11:37:44.555   712  1212 I [CT]    : VIPER:TELEMETRY: data_type: tracked_object
11-01 11:37:44.555   712  1212 I [CT]    : VIPER:TELEMETRY: device_id: 16572054001761934198
11-01 11:37:44.555   712  1212 I [CT]    : VIPER:TELEMETRY: object_type: right
11-01 11:37:44.555   712  1212 I [CT]    : VIPER:TELEMETRY: num_frames: 509
11-01 11:37:44.555   712  1212 I [CT]    : VIPER:TELEMETRY: num_frames_blob_size_checked: 4
11-01 11:37:44.555   712  1212 I [CT]    : VIPER:TELEMETRY: num_frames_blob_size_rejected: 0
11-01 11:37:44.555   712  1212 I [CT]    : VIPER:TELEMETRY: has_constellation_tracking: 0.888016
11-01 11:37:44.555   712  1212 I [CT]    : VIPER:TELEMETRY: has_vision_tracking: 0.815324
11-01 11:37:44.555   712  1212 I [CT]    : VIPER:TELEMETRY: fault_cam_ahead_of_imu_avg: 0
11-01 11:37:44.555   712  1212 I [CT]    : VIPER:TELEMETRY: flyaway_avg: 0
11-01 11:37:44.555   712  1212 I [CT]    : VIPER:TELEMETRY: hard_reset_avg: 0
11-01 11:37:44.555   712  1212 I [CT]    : VIPER:TELEMETRY: led_count_sum: 1864
11-01 11:37:44.555   712  1212 I [CT]    : VIPER:TELEMETRY: accel_bias_p50: 0.119451
11-01 11:37:44.555   712  1212 I [CT]    : VIPER:TELEMETRY: accel_bias_p90: 0.119451
11-01 11:37:44.556   712  1212 I [CT]    : VIPER:TELEMETRY: accel_bias_std: 2.46898e-05
11-01 11:37:44.556   712  1212 I [CT]    : VIPER:TELEMETRY: gyro_bias_p50: 0.00412187
11-01 11:37:44.556   712  1212 I [CT]    : VIPER:TELEMETRY: gyro_bias_p90: 0.00412187
11-01 11:37:44.556   712  1212 I [CT]    : VIPER:TELEMETRY: gyro_bias_std: 1.54076e-06
11-01 11:37:44.556   712  1212 I [CT]    : VIPER:TELEMETRY: cam_to_imu_seconds_p50: 0.028308
11-01 11:37:44.556   712  1212 I [CT]    : VIPER:TELEMETRY: cam_to_imu_seconds_p90: 0.030158
11-01 11:37:44.556   712  1212 I [CT]    : VIPER:TELEMETRY: cam_to_imu_seconds_std: 0.00981832
11-01 11:37:44.556   712  1212 I [CT]    : VIPER:TELEMETRY: fusion_jitter_p50: 2.58023e-07
11-01 11:37:44.556   712  1212 I [CT]    : VIPER:TELEMETRY: fusion_jitter_p90: 3.20068e-06
11-01 11:37:44.556   712  1212 I [CT]    : VIPER:TELEMETRY: fusion_jitter_std: 0.0112015
11-01 11:37:44.556   712  1212 I [CT]    : VIPER:TELEMETRY: vision_jitter_p50: 0.000177924
11-01 11:37:44.556   712  1212 I [CT]    : VIPER:TELEMETRY: vision_jitter_p90: 0.000324871
11-01 11:37:44.556   712  1212 I [CT]    : VIPER:TELEMETRY: vision_jitter_std: 0.000334854
11-01 11:37:44.556   712  1212 I [CT]    : VIPER:TELEMETRY: accel_scale_norm: 0.000867248
11-01 11:37:44.556   712  1212 I [CT]    : VIPER:TELEMETRY: accel_nonorth_norm: 0.000810749
11-01 11:37:44.556   712  1212 I [CT]    : VIPER:TELEMETRY: gyro_scale_norm: 0.00226438
11-01 11:37:44.556   712  1212 I [CT]    : VIPER:TELEMETRY: gyro_nonorth_norm: 0.00135676
11-01 11:37:44.556   712  1212 I [CT]    : VIPER:TELEMETRY: num_imu_samples_dropped_system: 0
11-01 11:37:44.556   712  1212 I [CT]    : VIPER:TELEMETRY: num_imu_samples_dropped_processing: 0
11-01 11:37:44.556   712  1212 I [CT]    : VIPER:TELEMETRY: max_imu_samples_dropped_consecutive: 0
11-01 11:37:44.556   712  1212 I [CT]    : VIPER:TELEMETRY: accel_saturation_avg: 0
11-01 11:37:44.556   712  1212 I [CT]    : VIPER:TELEMETRY: gyro_saturation_avg: 0
11-01 11:37:44.556   712  1212 I [CT]    : VIPER:TELEMETRY: imu_update_duration_p50: 0.000231875
11-01 11:37:44.556   712  1212 I [CT]    : VIPER:TELEMETRY: imu_update_duration_p90: 0.000374427
11-01 11:37:44.556   712  1212 I [CT]    : VIPER:TELEMETRY: imu_update_duration_std: 0.000285453
11-01 11:37:44.556   712  1212 I [CT]    : TELEMETRY_COLLECTOR: vision_session_id: bf813e73-a943-4bfc-b08b-9c5f4b9f2096
11-01 11:37:44.556   712  1212 I [CT]    : TELEMETRY_COLLECTOR: vision_device_id: 6dbe7a886ca11ae4c17af8eac5285acd4044e27f
11-01 11:37:44.556   712  1212 I [CT]    : TELEMETRY_COLLECTOR: Sending event: constellation_periodic
11-01 11:37:44.557   712  1212 I [CT]    : VisionInterface: Entering STANDBY state.
11-01 11:37:44.557   712  1212 D LibDevices: CameraManager::stopCameraStreams()
11-01 11:37:44.574   712  9318 W [CT]    : CONSTELLATION:MATCHING: [Camera 3] Brute matching timed out after 1100/4134 iterations.
11-01 11:37:44.574   712  9318 W [CT]    : CONSTELLATION:MATCHING: [Camera 3] Brute matching timed out after 0/3978 iterations.
11-01 11:37:44.575   712  9318 W [CT]    : CONSTELLATION:MATCHING: [Camera 2] Brute matching timed out after 0/795 iterations.
11-01 11:37:44.578   697   697 I ExtendedExtractor: QTIParser is prefered .. flags 2
11-01 11:37:44.581   697   697 D MMParserExtractor: setExtraFlags called with flags 2 for paser instance f17adf50
11-01 11:37:44.581   697   697 D MMParserExtractor: using bigger parser buffers
11-01 11:37:44.581   697   697 I ExtendedExtractor: ExtendedExtractor::create 0xf17adf50
11-01 11:37:44.582   712  1212 I OculusCameraHAL: Qcamera stopping all sensors with I2C broadcast...
11-01 11:37:44.587   698 17693 D NuPlayerDriver: notifyListener_l(0xe9292360), (1, 0, 0), loop setting(0, 0)
11-01 11:37:44.587  1422  1452 D MediaPlayer: setSubtitleAnchor in MediaPlayer
11-01 11:37:44.587  1422  1422 D MediaPlayer: setSubtitleAnchor in MediaPlayer
11-01 11:37:44.593   712  1212 I OculusCameraDriver: Camera 0: Buffers are enqueued, ready to free buffers.
11-01 11:37:44.593   712  1212 I OculusCameraDriver: Camera 0: mini-driver stopped streaming
11-01 11:37:44.594   712  1212 I OculusCameraHAL: Camera 0: qcamera sensor stopped.
11-01 11:37:44.594   712  1212 I OculusCameraDriver: Camera 1: Buffers are enqueued, ready to free buffers.
11-01 11:37:44.595   712  1212 I OculusCameraDriver: Camera 1: mini-driver stopped streaming
11-01 11:37:44.595   712  1212 I OculusCameraHAL: Camera 1: qcamera sensor stopped.
11-01 11:37:44.595   712  1212 I OculusCameraDriver: Camera 2: Buffers are enqueued, ready to free buffers.
11-01 11:37:44.595   712  1212 I OculusCameraDriver: Camera 2: mini-driver stopped streaming
11-01 11:37:44.595   712  1212 I OculusCameraHAL: Camera 2: qcamera sensor stopped.
11-01 11:37:44.595   712  1212 I OculusCameraDriver: Camera 3: Buffers are enqueued, ready to free buffers.
11-01 11:37:44.596   712  1212 I OculusCameraDriver: Camera 3: mini-driver stopped streaming
11-01 11:37:44.596   712  1212 I OculusCameraHAL: Camera 3: qcamera sensor stopped.
11-01 11:37:44.597   698   698 D NuPlayerDriver: start(0xe9292360), state is 4, eos is 0
11-01 11:37:44.597   698 17693 I GenericSource: start
11-01 11:37:44.598   712  1212 I OculusCameraDriver: Camera 0: mini-driver closing camera
11-01 11:37:44.599   698 17693 W Utils   : track of type 'audio/vorbis' does not publish channel mask, channel count 2
11-01 11:37:44.600   712  1212 I OculusCameraDriver: Camera 0: mini-driver closed rc = 0
11-01 11:37:44.600   552  1210 V AudioPolicyManagerCustom: isOffloadSupported: SR=48000, CM=0x3, Format=0x7000000, StreamType=1, BitRate=128000, duration=234000 us, has_video=0
11-01 11:37:44.600   712  1212 I OculusCameraDriver: Camera 1: mini-driver closing camera
11-01 11:37:44.600   552  1210 V AudioPolicyManagerCustom: isOffloadSupported: stream_type != MUSIC, returning false
11-01 11:37:44.600   712  1212 I OculusCameraDriver: Camera 1: mini-driver closed rc = 0
11-01 11:37:44.601   712  1212 I OculusCameraDriver: Camera 2: mini-driver closing camera
11-01 11:37:44.601   712  1212 I OculusCameraDriver: Camera 2: mini-driver closed rc = 0
11-01 11:37:44.601   712  1212 I OculusCameraDriver: Camera 3: mini-driver closing camera
11-01 11:37:44.602   712  1212 I OculusCameraDriver: Camera 3: mini-driver closed rc = 0
11-01 11:37:44.607   698 17693 W Utils   : track of type 'audio/vorbis' does not publish channel mask, channel count 2
11-01 11:37:44.607   552   552 V AudioPolicyManagerCustom: isOffloadSupported: SR=48000, CM=0x3, Format=0x7000000, StreamType=1, BitRate=128000, duration=234000 us, has_video=0
11-01 11:37:44.607   552   552 V AudioPolicyManagerCustom: isOffloadSupported: stream_type != MUSIC, returning false
11-01 11:37:44.608   712  1212 D OculusCameraDriver: syncboss_camera_release() done
11-01 11:37:44.609   552   603 V msm8974_platform: platform_get_parameters: exit: returns - 
11-01 11:37:44.609   552   603 V audio_hw_primary: adev_get_parameters: exit: returns - 
11-01 11:37:44.609   552   603 I hash_map_utils: key: 'is_hw_dec_session_available' value: 'audio/vorbis'
11-01 11:37:44.609   712  1212 I LibDevices: De-initialized Camera HAL
11-01 11:37:44.609   712  1212 D Tracker/CoreOS: MontereyGlue: Transition complete RUNNING->STANDBY
11-01 11:37:44.609   712  1212 D Tracker/CoreOS: MontereyGlue: Releasing MontereyGlue WakeLock
11-01 11:37:44.611   698 17700 I MediaPlayerService: MediaPlayerService::getOMX
11-01 11:37:44.611  2130  2130 D VrRuntimeService: Received broadcast: android.intent.action.SCREEN_OFF
11-01 11:37:44.612  2130  2130 I VrRuntimeService: nativeScreenStateChanged to off
11-01 11:37:44.612  2130  2130 I VrRuntimeService: Service entering STANDBY Mode
11-01 11:37:44.612  2130  2130 I ClientMgr: ClientMgr: SUSPENDING operation
11-01 11:37:44.612  2130  2130 I GuardianSystem: GuardianSystem: SUSPENDING operation
11-01 11:37:44.612   698 17700 I OMXClient: MuxOMX ctor
11-01 11:37:44.613   695  1749 I OMXMaster: makeComponentInstance(OMX.google.vorbis.decoder) in mediacodec process
11-01 11:37:44.616   695 11303 E OMXNodeInstance: setConfig(2b70058:google.vorbis.decoder, ConfigPriority(0x6f800002)) ERROR: Undefined(0x80001001)
11-01 11:37:44.616   698 17700 I ACodec  : codec does not support config priority (err -2147483648)
11-01 11:37:44.618   695  1326 E OMXNodeInstance: setConfig(2b70058:google.vorbis.decoder, ConfigPriority(0x6f800002)) ERROR: Undefined(0x80001001)
11-01 11:37:44.619   698 17700 I ACodec  : codec does not support config priority (err -2147483648)
11-01 11:37:44.619  1803  1803 I VRLifecycleManager: onReceive screen off
11-01 11:37:44.619  1803  1803 W VRLifecycleManager: onVRSessionEnded
11-01 11:37:44.619  1803  1803 I OVRMediaServiceManager: teardownMediaService
11-01 11:37:44.619  1803  1803 I OVRMediaService: teardownService(), destroy enqueued
11-01 11:37:44.622   698 17700 I MediaCodec: MediaCodec will operate in async mode
11-01 11:37:44.624  1074  1074 W TelecomManager: Telecom Service not found.
11-01 11:37:44.627  1496  1496 D OculusNotificationListenerService: Notification removed: 0|com.oculus.horizon|135234|null|10041
11-01 11:37:44.629  1803  1803 I OVRMediaServiceManager: teardownPlatformPlugin - disconnecting ppm
11-01 11:37:44.629  1803  1803 I PlatformPluginManager: Disconnecting, removing client com.oculus.horizon.service_media.OVRMediaServiceManager@f917622
11-01 11:37:44.629  1803  1803 I PlatformPluginManager: 0 remain
11-01 11:37:44.629  1803  1803 I PlatformPluginManager: Empty clients, tearing down
11-01 11:37:44.629  1803  1803 I PlatformPluginManager: Calling tearDown()
11-01 11:37:44.629  1803  1803 I PlatformPluginManager: Unregiestering receiver
11-01 11:37:44.630  1945  1945 I [OAR] VrNotificationListenerService: onNotificationRemoved(): key = 0|com.oculus.horizon|135234|null|10041
11-01 11:37:44.630  1945  1945 I [OAR] VrNotificationListenerService: onNotificationRemoved(): package|tag|id = com.oculus.horizon|null|135234
11-01 11:37:44.631  1803  1803 I SelfReapingRefCounter: Removing callback com.oculus.horizon.platformplugin.PlatformPluginManager@408db59
11-01 11:37:44.631  1803  1803 I SelfReapingRefCounter: 0 remain
11-01 11:37:44.631  1803  1803 I SelfReapingRefCounter: Empty callbacks. Tearing down.
11-01 11:37:44.631  1803  1803 I SelfReapingRefCounter: Calling tearDown()
11-01 11:37:44.631  1803  1803 I VRLifecycleManager: Tearing down the VRLifecycle manager
11-01 11:37:44.633  1803 17703 I OVRPlatform: [AudioManager] SetHeadsetMounted: false
11-01 11:37:44.633  1803 17703 I OVRPlatform: [AudioManager] Current headsetMounted_ false
11-01 11:37:44.633  1803 17703 I OVRPlatform: [AudioManager] Current headphoneStatus_: DISCONNECTED
11-01 11:37:44.634  1803 17703 I OVRPlatform: [PartyChat] Setting connection MicrophoneMutedState MUTED
11-01 11:37:44.634  1803  9298 I OVRPlatform: [PartyChat] Updating playback mode to 0
11-01 11:37:44.634  1803 17703 I PlatformPlugin: [PlatformPluginManager] Stopping party chat
11-01 11:37:44.636  1803 17703 D PlatformPlugin: [PlatformPluginManager] Acquiring lock: nativeTearDown
11-01 11:37:44.636  1803 17703 D PlatformPlugin: [PlatformPluginManager] Successfully acquired lock: nativeTearDown
11-01 11:37:44.636  1803 17703 I PlatformPlugin: [PlatformPluginManager] Teardown
11-01 11:37:44.641  1803  1803 I SelfReapingRefCounter: tearDown() complete
11-01 11:37:44.641  3180  3180 D [OAR] NotificationBroadcastReceiver: action: com.oculus.intent.action.NOTIF_CHANGE
11-01 11:37:44.641  3180  3180 I [OAR] AnytimeUINotifsBarView: onNotificationsChanged
11-01 11:37:44.641  3180  3180 D [OAR] AnytimeUINotifsBarView: onNotificationsChanged - skipped, detils bar not visible
11-01 11:37:44.641  1803  1803 I SelfReapingRefCounter: Stopping reaper
11-01 11:37:44.643  1803  1803 I PlatformPluginManager: Time between undock and unload 24
11-01 11:37:44.643  1945  1945 E AnalyticsEvent: could not set key=notifTag value=null
11-01 11:37:44.643  1945  1945 D VrNotificationAnalytics: logNotificationEvent(oculus_hmd_notification_removed)
11-01 11:37:44.646  1803  1803 I PlatformPluginManager: Stopping reaper
11-01 11:37:44.646  1803  1803 I PlatformPluginManager: tearDown() complete
11-01 11:37:44.646  1803  1803 I OVRMediaService: teardownService(), destroy enqueued
11-01 11:37:44.653  1803 17704 D OVRServiceSynchronous: isServiceAvailable matched: 1
11-01 11:37:44.659   698 17699 I ExtendedNuUtils: Both src and dst missing for bit-width
11-01 11:37:44.659   698 17699 I ExtendedNuUtils: Overriding durationUs: with 64 bit src value 234000
11-01 11:37:44.659   698 17699 I ExtendedNuUtils: Both src and dst missing for channel-mask
11-01 11:37:44.659   552  7649 I AudioPolicyManagerCustom: FLAG None hence request for a primary output
11-01 11:37:44.659   552  7649 V AudioPolicyManagerCustom: getOutputForDevice() returns output 13
11-01 11:37:44.660   552  1211 I AudioPolicyManagerCustom: FLAG None hence request for a primary output
11-01 11:37:44.660   552  1211 V AudioPolicyManagerCustom: getOutputForDevice() returns output 13
11-01 11:37:44.660   552  1210 I AudioPolicyManagerCustom: offload disabled by audio.offload.disable=1
11-01 11:37:44.660   552  1210 I AudioPolicyManagerCustom: Direct PCM is disabled for this request
11-01 11:37:44.660   552  1210 V AudioPolicyManagerCustom: getOutputForDevice() returns output 13
11-01 11:37:44.660   552   552 V audio_hw_primary: out_get_parameters: enter: keys - is_direct_pcm_track
11-01 11:37:44.660   552   552 V audio_hw_primary: not in direct_pcm
11-01 11:37:44.661   552   552 V audio_hw_primary: out_get_parameters: exit: returns - is_direct_pcm_track=false
11-01 11:37:44.661   552   603 V audio_hw_primary: out_get_latency: Latency 8
11-01 11:37:44.663   698 17698 D AudioTrack: Client defaulted notificationFrames to 12000 for frameCount 24000
11-01 11:37:44.664  2058  2135 W LibraryProvider: Cannot find entitlement for com.oculus.systemdriver
11-01 11:37:44.664   552   591 V AudioPolicyManagerCustom: getNewOutputDevice() selected device 2
11-01 11:37:44.665  1803  1816 W OVRLibrary: null cursor received for query content://com.oculus.ocms.library/apps/com.oculus.systemdriver
11-01 11:37:44.665  1803  1816 I SDKLoggingService: Unable to find AppId for package (com.oculus.systemdriver)
11-01 11:37:44.665   698 17693 D NuPlayerDriver: notifyListener_l(0xe9292360), (6, 0, 0), loop setting(0, 0)
11-01 11:37:44.669  2130  2130 I TelemetryGuardian: OVR::Telemetry Guardian Stats thread stopped
11-01 11:37:44.669  2130  2130 I ClientMgr: ClientMgr: Suspend complete
11-01 11:37:44.670  2130  2130 I VrRuntimeServer: RuntimeServer: Suspending operation
11-01 11:37:44.670  2130  2130 I TimeWarp: ------------- ~TimeWarpLocal() Start -------------
11-01 11:37:44.670  2130  2130 I TimeWarp: pthread_join() called
11-01 11:37:44.670  2130  2390 I GuardianSystem: Starting pause
11-01 11:37:44.674  1803  1803 D OVRServiceSynchronous: Service connected.
11-01 11:37:44.674  1803 17704 I OVRMediaServiceManager: setupMediaService
11-01 11:37:44.679   698 17699 I NuPlayerDecoder: [audio] saw output EOS
11-01 11:37:44.680  2130  9340 I TimeWarp: ShutdownRequest received
11-01 11:37:44.680  2130  9339 I Clocks  : ReleaseClocks - start
11-01 11:37:44.682   716   828 D VrApiService: CPU_CLUSTER_0: No client requests exists, release clocks
11-01 11:37:44.682   716   828 D VrApiService: CPU_CLUSTER_1: No client requests exists, release clocks
11-01 11:37:44.682   716   828 D VrApiService: GPU: No client requests exists, release clocks
11-01 11:37:44.682   716   828 D VrApiService: CPUBW: No client requests exists, release clocks
11-01 11:37:44.683   716   828 D VrApiService: GPUBW: No client requests exists, release clocks
11-01 11:37:44.684  2130  9339 I Clocks  : ReleaseClocks - end (4.0 ms)
11-01 11:37:44.684  2130  9340 I TimeWarp: WarpThreadShutdown()
11-01 11:37:44.694  1459  1991 I UploadManager: Scheduling jobbId 2131099679 within interval (900000, 2700000)
11-01 11:37:44.702  2130  9340 I ScreenCaptureVideo: Destroying ScreenCaptureVideo
11-01 11:37:44.702  2130  9340 D Appshot : release com.oculus.systemdriver
11-01 11:37:44.705  1496  1496 D OculusNotificationListenerService: Notification posted: 0|com.oculus.horizon|135234|null|10041
11-01 11:37:44.707  2130  9340 I TimeWarp: Destroying 11 layer programs
11-01 11:37:44.708  1945  1945 I [OAR] VrNotificationListenerService: onNotificationPosted(): key = 0|com.oculus.horizon|135234|null|10041
11-01 11:37:44.709  1945  1945 I [OAR] VrNotificationListenerService: onNotificationPosted(): package|tag|id = com.oculus.horizon|null|135234
11-01 11:37:44.709  2130  9340 I DirectRender: 0x7f6da630e0 DirectRender::Shutdown
11-01 11:37:44.709  2130  9340 I DirectRender: Setting auto refresh on surface 0x7f6c9d9a80 to 0
11-01 11:37:44.712  2130  9340 I DirectRender: Restoring EGL_RENDER_BUFFER to 12420
11-01 11:37:44.715  1945  1945 E AnalyticsEvent: could not set key=notifTag value=null
11-01 11:37:44.715  1945  1945 D VrNotificationAnalytics: logNotificationEvent(oculus_hmd_notification_received)
11-01 11:37:44.716  1945  1945 D [OAR] VrBroadcastReceiver: action: com.oculus.vrshell.intent.action.NOTIFICATION_WAKE
11-01 11:37:44.717  2130  9340 I DirectRender: VrSurfaceManager::Shutdown
11-01 11:37:44.718  2130  9340 I DirectRender: 0x7f6da63130 DirectRender::Shutdown
11-01 11:37:44.718  2130  9340 I DirectRender: Setting auto refresh on surface 0x7f6c9d9b80 to 0
11-01 11:37:44.718  3192  5537 W VrCastDeviceStore: There is no active cast device connected.
11-01 11:37:44.718  2130  9340 I DirectRender: Restoring EGL_RENDER_BUFFER to 12420
11-01 11:37:44.719  2130  9340 I DirectRender: VrSurfaceManager::Shutdown
11-01 11:37:44.722  2130  9340 I TimeWarp: WarpThreadShutdown() - End
11-01 11:37:44.722  2130  9340 I TimeWarp: Exiting WarpThreadLoop()
11-01 11:37:44.723  2130  2130 I TimeWarp: pthread_join() returned
11-01 11:37:44.724  3180  3180 D [OAR] NotificationBroadcastReceiver: action: com.oculus.intent.action.NOTIF_CHANGE
11-01 11:37:44.725  3180  3180 I [OAR] AnytimeUINotifsBarView: onNotificationsChanged
11-01 11:37:44.725  3180  3180 D [OAR] AnytimeUINotifsBarView: onNotificationsChanged - skipped, detils bar not visible
11-01 11:37:44.725  1945  1945 D [OAR] VrNotificationService: VrNotificationService onStartCommand()
11-01 11:37:44.749  2130  2130 I TimeWarp: OVR::Clocks thread stopped
11-01 11:37:44.749  2130  2130 I Vsync   : ---------------- Vsync::Shutdown ----------------
11-01 11:37:44.749  2130  2130 I Vsync   : Measured display refresh rate = 71.79 Hz
11-01 11:37:44.749  2130  2130 I Vsync   : Closed /sys/class/graphics/fb0/vsync_event
11-01 11:37:44.749  2130  2130 I TimeWarp: ------------- ~TimeWarpLocal() End -------------
11-01 11:37:44.750  2130  9282 I Passthrough3DRender: DepthMapComputeLoop: Exited loop.
11-01 11:37:44.752  2130  9281 I GuardianRender: FloorBuilder::StopThread
11-01 11:37:44.759  2130  9281 I GuardianRender: ShutdownGlResources: Shutting down Passthrough3D GL resources.
11-01 11:37:44.760  2130  9281 I Passthrough3DRender: ShutdownGlResources: Completed.
11-01 11:37:44.760  2130  9281 I GuardianRender: GuardianRender::ShutdownGlContext
11-01 11:37:44.768  1883  1883 D [OAR] ShellControlBroadcastReceiver: onReceive with MainActivity native pointer 3730190688, action com.oculus.systemactivities.LOCAL_STREAM_STATE_UPDATE
11-01 11:37:44.771  9175  9367 D UE4     : *** JavaEnvDestructor: 9367
11-01 11:37:44.772  1883  1928 I [OAR] ShellFrameAnalytics: ShellFrame frameFunction: 38759500us/265994348us, trace: 0us/2us, process commands: 0us/559us, system update: 0us/5383us, render 0us/40888us, post render 0us/1us
