11-05 17:47:26.445 28469 28485 D UE4     : [2019.11.05-08.47.26:445][  0]LogConfig: Setting CVar [[p.chaos.AllowCreatePhysxBodies:1]]
11-05 17:47:26.445 28469 28485 D UE4     : [2019.11.05-08.47.26:445][  0]LogConfig: Applying CVar settings from Section [ConsoleVariables] File [../../../LastResisters/Saved/Config/Android/Engine.ini]
11-05 17:47:26.445 28469 28485 D UE4     : [2019.11.05-08.47.26:445][  0]LogConfig: Setting CVar [[r.AllowOcclusionQueries:0]]
11-05 17:47:26.445 28469 28485 D UE4     : [2019.11.05-08.47.26:445][  0]LogConfig: Setting CVar [[Slate.CacheRenderData:0]]
11-05 17:47:26.445 28469 28485 D UE4     : [2019.11.05-08.47.26:445][  0]LogConfig: Setting CVar [[r.VSync:1]]
11-05 17:47:26.445 28469 28485 D UE4     : [2019.11.05-08.47.26:445][  0]LogConfig: Setting CVar [[r.ParallelShadows:0]]
11-05 17:47:26.445 28469 28485 D UE4     : [2019.11.05-08.47.26:445][  0]LogConfig: Setting CVar [[TaskGraph.EnablePowerSavingThreadPriorityReduction:1]]
11-05 17:47:26.447 28469 28485 D UE4     : [2019.11.05-08.47.26:447][  0]LogInit: Memory total: Physical=3790.22MB (4GB approx) Available=1591.14MB PageSize=4.0KB
11-05 17:47:26.448 28469 28485 D UE4     : [2019.11.05-08.47.26:448][  0]LogInit: Using OS detected language (ja-JP).
11-05 17:47:26.448 28469 28485 D UE4     : [2019.11.05-08.47.26:448][  0]LogInit: Using OS detected locale (ja-JP).
11-05 17:47:26.449 28469 28485 D UE4     : [2019.11.05-08.47.26:449][  0]LogTextLocalizationManager: No localization for 'ja-JP' exists, so 'en' will be used for the language.
11-05 17:47:26.449 28469 28485 D UE4     : [2019.11.05-08.47.26:449][  0]LogTextLocalizationManager: No localization for 'ja-JP' exists, so 'en' will be used for the locale.
11-05 17:47:26.482 28469 28485 D UE4     : [2019.11.05-08.47.26:482][  0]LogSlate: New Slate User Created.  User Index 0, Is Virtual User: 0
11-05 17:47:26.482 28469 28485 D UE4     : [2019.11.05-08.47.26:482][  0]LogSlate: Slate User Registered.  User Index 0, Is Virtual User: 0
11-05 17:47:26.486 28469 28485 D UE4     : [2019.11.05-08.47.26:486][  0]LogAndroid: VulkanRHI will NOT be used:
11-05 17:47:26.486 28469 28485 D UE4     : [2019.11.05-08.47.26:486][  0]LogAndroid:  ** Vulkan support is not available (Driver, RHI or shaders are missing, or disabled by cmdline, see above logging for details)
11-05 17:47:26.486 28469 28485 D UE4     : [2019.11.05-08.47.26:486][  0]LogAndroid: OpenGL ES will be used.
11-05 17:47:26.486 28469 28485 D UE4     : [2019.11.05-08.47.26:486][  0]LogRHI: App is packaged for OpenGL ES 3.1 and an ES 3.2-capable device was detected. Reinitializing OpenGL ES with a 3.2 context.
11-05 17:47:26.486 28469 28485 D UE4     : AndroidEGL::ResetDisplay()
11-05 17:47:26.489 28469 28485 D UE4     : AndroidEGL::DestroySurface()
11-05 17:47:26.491 28469 28485 D UE4     : EGL Extensions: 
11-05 17:47:26.492 28469 28485 D UE4     : EGL_KHR_get_all_proc_addresses EGL_ANDROID_presentation_time EGL_KHR_swap_buffers_with_damage EGL_ANDROID_create_native_client_buffer EGL_ANDROID_front_buffer_auto_refresh EGL_KHR_image EGL_KHR_image_base EGL_KHR_lock_surface EGL_KHR_gl_texture_2D_image EGL_KHR_gl_texture_3D_image EGL_KHR_gl_texture_cubemap_image EGL_KHR_gl_renderbuffer_image EGL_KHR_reusable_sync EGL_KHR_fence_sync EGL_KHR_create_context EGL_KHR_surfaceless_context EGL_EXT_create_context_robustness EGL_ANDROID_image_native_buffer EGL_KHR_wait_sync EGL_ANDROID_recordable EGL_KHR_partial_update EGL_KHR_create_context_no_error EGL_KHR_mutable_render_buffer EGL_EXT_yuv_surface EGL_EXT_protected_content 
11-05 17:47:26.495 28469 28485 E libEGL  : call to OpenGL ES API with no current context (logged once per thread)
11-05 17:47:26.495 28469 28485 D UE4     : FPlatformOpenGLDevice:Init
11-05 17:47:26.495 28469 28485 D UE4     : AndroidEGL::InitSurface 0, 0
11-05 17:47:26.495 28469 28485 D UE4     : AndroidEGL::CreateEGLSurface(0), eglSurface = eglCreatePbufferSurface(), 8x8
11-05 17:47:26.495 28469 28485 D UE4     : AndroidEGL::CreateEGLSurface(0), auxSurface = eglCreatePbufferSurface(), 8x8
11-05 17:47:26.496 28469 28485 D UE4     : [2019.11.05-08.47.26:496][  0]LogRHI: Extension eglPresentationTimeANDROID Present
11-05 17:47:26.496 28469 28485 D UE4     : [2019.11.05-08.47.26:496][  0]LogRHI: Extension eglGetNextFrameIdANDROID NOT Available
11-05 17:47:26.496 28469 28485 D UE4     : [2019.11.05-08.47.26:496][  0]LogRHI: Extension eglGetCompositorTimingANDROID NOT Available
11-05 17:47:26.496 28469 28485 D UE4     : [2019.11.05-08.47.26:496][  0]LogRHI: Extension eglGetFrameTimestampsANDROID Present
11-05 17:47:26.496 28469 28485 D UE4     : [2019.11.05-08.47.26:496][  0]LogRHI: Extension eglQueryTimestampSupportedANDROID Present
11-05 17:47:26.496 28469 28485 D UE4     : [2019.11.05-08.47.26:496][  0]LogRHI: Extension eglGetCompositorTimingSupportedANDROID NOT Available
11-05 17:47:26.496 28469 28485 D UE4     : [2019.11.05-08.47.26:496][  0]LogRHI: Extension eglGetFrameTimestampsSupportedANDROID NOT Available
11-05 17:47:26.497 28469 28485 D UE4     : [2019.11.05-08.47.26:497][  0]LogRHI: Initializing OpenGL RHI
11-05 17:47:26.497 28469 28485 D UE4     : [2019.11.05-08.47.26:497][  0]LogRHI:   GL_VENDOR: Qualcomm
11-05 17:47:26.497 28469 28485 D UE4     : [2019.11.05-08.47.26:497][  0]LogRHI:   GL_RENDERER: Adreno (TM) 540
11-05 17:47:26.497 28469 28485 D UE4     : [2019.11.05-08.47.26:497][  0]LogRHI:   GL_VERSION: OpenGL ES 3.2 V@393.0 (GIT@b8c103d, I8a36212832) (Date:05/17/19)
11-05 17:47:26.497 28469 28485 D UE4     : [2019.11.05-08.47.26:497][  0]LogRHI:   GL_SHADING_LANGUAGE_VERSION: OpenGL ES GLSL ES 3.20
11-05 17:47:26.497 28469 28485 D UE4     : [2019.11.05-08.47.26:497][  0]LogRHI: OpenGL Extensions:
11-05 17:47:26.497 28469 28485 D UE4     : [2019.11.05-08.47.26:497][  0]LogRHI:   GL_OES_EGL_image
11-05 17:47:26.497 28469 28485 D UE4     : [2019.11.05-08.47.26:497][  0]LogRHI:   GL_OES_EGL_image_external
11-05 17:47:26.497 28469 28485 D UE4     : [2019.11.05-08.47.26:497][  0]LogRHI:   GL_OES_EGL_sync
11-05 17:47:26.498 28469 28485 D UE4     : [2019.11.05-08.47.26:497][  0]LogRHI:   GL_OES_vertex_half_float
11-05 17:47:26.498 28469 28485 D UE4     : [2019.11.05-08.47.26:498][  0]LogRHI:   GL_OES_framebuffer_object
11-05 17:47:26.498 28469 28485 D UE4     : [2019.11.05-08.47.26:498][  0]LogRHI:   GL_OES_rgb8_rgba8
11-05 17:47:26.498 28469 28485 D UE4     : [2019.11.05-08.47.26:498][  0]LogRHI:   GL_OES_compressed_ETC1_RGB8_texture
11-05 17:47:26.498 28469 28485 D UE4     : [2019.11.05-08.47.26:498][  0]LogRHI:   GL_AMD_compressed_ATC_texture
11-05 17:47:26.498 28469 28485 D UE4     : [2019.11.05-08.47.26:498][  0]LogRHI:   GL_KHR_texture_compression_astc_ldr
11-05 17:47:26.498 28469 28485 D UE4     : [2019.11.05-08.47.26:498][  0]LogRHI:   GL_KHR_texture_compression_astc_hdr
11-05 17:47:26.498 28469 28485 D UE4     : [2019.11.05-08.47.26:498][  0]LogRHI:   GL_OES_texture_compression_astc
11-05 17:47:26.498 28469 28485 D UE4     : [2019.11.05-08.47.26:498][  0]LogRHI:   GL_OES_texture_npot
11-05 17:47:26.498 28469 28485 D UE4     : [2019.11.05-08.47.26:498][  0]LogRHI:   GL_EXT_texture_filter_anisotropic
11-05 17:47:26.498 28469 28485 D UE4     : [2019.11.05-08.47.26:498][  0]LogRHI:   GL_EXT_texture_format_BGRA8888
11-05 17:47:26.498 28469 28485 D UE4     : [2019.11.05-08.47.26:498][  0]LogRHI:   GL_EXT_read_format_bgra
11-05 17:47:26.498 28469 28485 D UE4     : [2019.11.05-08.47.26:498][  0]LogRHI:   GL_OES_texture_3D
11-05 17:47:26.498 28469 28485 D UE4     : [2019.11.05-08.47.26:498][  0]LogRHI:   GL_EXT_color_buffer_float
11-05 17:47:26.498 28469 28485 D UE4     : [2019.11.05-08.47.26:498][  0]LogRHI:   GL_EXT_color_buffer_half_float
11-05 17:47:26.498 28469 28485 D UE4     : [2019.11.05-08.47.26:498][  0]LogRHI:   GL_QCOM_alpha_test
11-05 17:47:26.498 28469 28485 D UE4     : [2019.11.05-08.47.26:498][  0]LogRHI:   GL_OES_depth24
11-05 17:47:26.498 28469 28485 D UE4     : [2019.11.05-08.47.26:498][  0]LogRHI:   GL_OES_packed_depth_stencil
11-05 17:47:26.498 28469 28485 D UE4     : [2019.11.05-08.47.26:498][  0]LogRHI:   GL_OES_depth_texture
11-05 17:47:26.498 28469 28485 D UE4     : [2019.11.05-08.47.26:498][  0]LogRHI:   GL_OES_depth_texture_cube_map
11-05 17:47:26.498 28469 28485 D UE4     : [2019.11.05-08.47.26:498][  0]LogRHI:   GL_EXT_sRGB
11-05 17:47:26.498 28469 28485 D UE4     : [2019.11.05-08.47.26:498][  0]LogRHI:   GL_OES_texture_float
11-05 17:47:26.498 28469 28485 D UE4     : [2019.11.05-08.47.26:498][  0]LogRHI:   GL_OES_texture_float_linear
11-05 17:47:26.498 28469 28485 D UE4     : [2019.11.05-08.47.26:498][  0]LogRHI:   GL_OES_texture_half_float
11-05 17:47:26.498 28469 28485 D UE4     : [2019.11.05-08.47.26:498][  0]LogRHI:   GL_OES_texture_half_float_linear
11-05 17:47:26.498 28469 28485 D UE4     : [2019.11.05-08.47.26:498][  0]LogRHI:   GL_EXT_texture_type_2_10_10_10_REV
11-05 17:47:26.498 28469 28485 D UE4     : [2019.11.05-08.47.26:498][  0]LogRHI:   GL_EXT_texture_sRGB_decode
11-05 17:47:26.498 28469 28485 D UE4     : [2019.11.05-08.47.26:498][  0]LogRHI:   GL_EXT_texture_format_sRGB_override
11-05 17:47:26.498 28469 28485 D UE4     : [2019.11.05-08.47.26:498][  0]LogRHI:   GL_OES_element_index_uint
11-05 17:47:26.498 28469 28485 D UE4     : [2019.11.05-08.47.26:498][  0]LogRHI:   GL_EXT_copy_image
11-05 17:47:26.498 28469 28485 D UE4     : [2019.11.05-08.47.26:498][  0]LogRHI:   GL_EXT_geometry_shader
11-05 17:47:26.498 28469 28485 D UE4     : [2019.11.05-08.47.26:498][  0]LogRHI:   GL_EXT_tessellation_shader
11-05 17:47:26.498 28469 28485 D UE4     : [2019.11.05-08.47.26:498][  0]LogRHI:   GL_OES_texture_stencil8
11-05 17:47:26.498 28469 28485 D UE4     : [2019.11.05-08.47.26:498][  0]LogRHI:   GL_EXT_shader_io_blocks
11-05 17:47:26.498 28469 28485 D UE4     : [2019.11.05-08.47.26:498][  0]LogRHI:   GL_OES_shader_image_atomic
11-05 17:47:26.498 28469 28485 D UE4     : [2019.11.05-08.47.26:498][  0]LogRHI:   GL_OES_sample_variables
11-05 17:47:26.498 28469 28485 D UE4     : [2019.11.05-08.47.26:498][  0]LogRHI:   GL_EXT_texture_border_clamp
11-05 17:47:26.498 28469 28485 D UE4     : [2019.11.05-08.47.26:498][  0]LogRHI:   GL_EXT_EGL_image_external_wrap_modes
11-05 17:47:26.498 28469 28485 D UE4     : [2019.11.05-08.47.26:498][  0]LogRHI:   GL_EXT_multisampled_render_to_texture
11-05 17:47:26.498 28469 28485 D UE4     : [2019.11.05-08.47.26:498][  0]LogRHI:   GL_EXT_multisampled_render_to_texture2
11-05 17:47:26.499 28469 28485 D UE4     : [2019.11.05-08.47.26:499][  0]LogRHI:   GL_OES_shader_multisample_interpolation
11-05 17:47:26.499 28469 28485 D UE4     : [2019.11.05-08.47.26:499][  0]LogRHI:   GL_EXT_texture_cube_map_array
11-05 17:47:26.499 28469 28485 D UE4     : [2019.11.05-08.47.26:499][  0]LogRHI:   GL_EXT_draw_buffers_indexed
11-05 17:47:26.499 28469 28485 D UE4     : [2019.11.05-08.47.26:499][  0]LogRHI:   GL_EXT_gpu_shader5
11-05 17:47:26.499 28469 28485 D UE4     : [2019.11.05-08.47.26:499][  0]LogRHI:   GL_EXT_robustness
11-05 17:47:26.499 28469 28485 D UE4     : [2019.11.05-08.47.26:499][  0]LogRHI:   GL_EXT_texture_buffer
11-05 17:47:26.499 28469 28485 D UE4     : [2019.11.05-08.47.26:499][  0]LogRHI:   GL_EXT_shader_framebuffer_fetch
11-05 17:47:26.499 28469 28485 D UE4     : [2019.11.05-08.47.26:499][  0]LogRHI:   GL_ARM_shader_framebuffer_fetch_depth_stencil
11-05 17:47:26.499 28469 28485 D UE4     : [2019.11.05-08.47.26:499][  0]LogRHI:   GL_OES_texture_storage_multisample_2d_array
11-05 17:47:26.499 28469 28485 D UE4     : [2019.11.05-08.47.26:499][  0]LogRHI:   GL_OES_sample_shading
11-05 17:47:26.499 28469 28485 D UE4     : [2019.11.05-08.47.26:499][  0]LogRHI:   GL_OES_get_program_binary
11-05 17:47:26.499 28469 28485 D UE4     : [2019.11.05-08.47.26:499][  0]LogRHI:   GL_EXT_debug_label
11-05 17:47:26.499 28469 28485 D UE4     : [2019.11.05-08.47.26:499][  0]LogRHI:   GL_KHR_blend_equation_advanced
11-05 17:47:26.499 28469 28485 D UE4     : [2019.11.05-08.47.26:499][  0]LogRHI:   GL_KHR_blend_equation_advanced_coherent
11-05 17:47:26.499 28469 28485 D UE4     : [2019.11.05-08.47.26:499][  0]LogRHI:   GL_QCOM_tiled_rendering
11-05 17:47:26.499 28469 28485 D UE4     : [2019.11.05-08.47.26:499][  0]LogRHI:   GL_ANDROID_extension_pack_es31a
11-05 17:47:26.499 28469 28485 D UE4     : [2019.11.05-08.47.26:499][  0]LogRHI:   GL_EXT_primitive_bounding_box
11-05 17:47:26.499 28469 28485 D UE4     : [2019.11.05-08.47.26:499][  0]LogRHI:   GL_OES_standard_derivatives
11-05 17:47:26.499 28469 28485 D UE4     : [2019.11.05-08.47.26:499][  0]LogRHI:   GL_OES_vertex_array_object
11-05 17:47:26.499 28469 28485 D UE4     : [2019.11.05-08.47.26:499][  0]LogRHI:   GL_EXT_disjoint_timer_query
11-05 17:47:26.499 28469 28485 D UE4     : [2019.11.05-08.47.26:499][  0]LogRHI:   GL_KHR_debug
11-05 17:47:26.499 28469 28485 D UE4     : [2019.11.05-08.47.26:499][  0]LogRHI:   GL_EXT_YUV_target
11-05 17:47:26.499 28469 28485 D UE4     : [2019.11.05-08.47.26:499][  0]LogRHI:   GL_EXT_sRGB_write_control
11-05 17:47:26.499 28469 28485 D UE4     : [2019.11.05-08.47.26:499][  0]LogRHI:   GL_EXT_texture_norm16
11-05 17:47:26.499 28469 28485 D UE4     : [2019.11.05-08.47.26:499][  0]LogRHI:   GL_EXT_discard_framebuffer
11-05 17:47:26.499 28469 28485 D UE4     : [2019.11.05-08.47.26:499][  0]LogRHI:   GL_OES_surfaceless_context
11-05 17:47:26.499 28469 28485 D UE4     : [2019.11.05-08.47.26:499][  0]LogRHI:   GL_OVR_multiview
11-05 17:47:26.499 28469 28485 D UE4     : [2019.11.05-08.47.26:499][  0]LogRHI:   GL_OVR_multiview2
11-05 17:47:26.499 28469 28485 D UE4     : [2019.11.05-08.47.26:499][  0]LogRHI:   GL_EXT_texture_sRGB_R8
11-05 17:47:26.500 28469 28485 D UE4     : [2019.11.05-08.47.26:499][  0]LogRHI:   GL_KHR_no_error
11-05 17:47:26.500 28469 28485 D UE4     : [2019.11.05-08.47.26:500][  0]LogRHI:   GL_EXT_debug_marker
11-05 17:47:26.500 28469 28485 D UE4     : [2019.11.05-08.47.26:500][  0]LogRHI:   GL_OES_EGL_image_external_essl3
11-05 17:47:26.500 28469 28485 D UE4     : [2019.11.05-08.47.26:500][  0]LogRHI:   GL_OVR_multiview_multisampled_render_to_texture
11-05 17:47:26.500 28469 28485 D UE4     : [2019.11.05-08.47.26:500][  0]LogRHI:   GL_EXT_buffer_storage
11-05 17:47:26.500 28469 28485 D UE4     : [2019.11.05-08.47.26:500][  0]LogRHI:   GL_EXT_external_buffer
11-05 17:47:26.500 28469 28485 D UE4     : [2019.11.05-08.47.26:500][  0]LogRHI:   GL_EXT_blit_framebuffer_params
11-05 17:47:26.500 28469 28485 D UE4     : [2019.11.05-08.47.26:500][  0]LogRHI:   GL_EXT_clip_cull_distance
11-05 17:47:26.500 28469 28485 D UE4     : [2019.11.05-08.47.26:500][  0]LogRHI:   GL_EXT_protected_textures
11-05 17:47:26.500 28469 28485 D UE4     : [2019.11.05-08.47.26:500][  0]LogRHI:   GL_EXT_shader_non_constant_global_initializers
11-05 17:47:26.500 28469 28485 D UE4     : [2019.11.05-08.47.26:500][  0]LogRHI:   GL_QCOM_texture_foveated
11-05 17:47:26.500 28469 28485 D UE4     : [2019.11.05-08.47.26:500][  0]LogRHI:   GL_QCOM_shader_framebuffer_fetch_noncoherent
11-05 17:47:26.500 28469 28485 D UE4     : [2019.11.05-08.47.26:500][  0]LogRHI:   GL_QCOM_shader_framebuffer_fetch_rate
11-05 17:47:26.500 28469 28485 D UE4     : [2019.11.05-08.47.26:500][  0]LogRHI:   GL_EXT_memory_object
11-05 17:47:26.500 28469 28485 D UE4     : [2019.11.05-08.47.26:500][  0]LogRHI:   GL_EXT_memory_object_fd
11-05 17:47:26.500 28469 28485 D UE4     : [2019.11.05-08.47.26:500][  0]LogRHI:   GL_EXT_EGL_image_array
11-05 17:47:26.500 28469 28485 D UE4     : [2019.11.05-08.47.26:500][  0]LogRHI:   GL_NV_shader_noperspective_interpolation
11-05 17:47:26.500 28469 28485 D UE4     : [2019.11.05-08.47.26:500][  0]LogRHI:   GL_KHR_robust_buffer_access_behavior
11-05 17:47:26.500 28469 28485 D UE4     : [2019.11.05-08.47.26:500][  0]LogRHI:   GL_EXT_EGL_image_storage
11-05 17:47:26.500 28469 28485 D UE4     : [2019.11.05-08.47.26:500][  0]LogRHI:   GL_EXT_blend_func_extended
11-05 17:47:26.500 28469 28485 D UE4     : [2019.11.05-08.47.26:500][  0]LogRHI:   GL_EXT_clip_control
11-05 17:47:26.500 28469 28485 D UE4     : [2019.11.05-08.47.26:500][  0]LogRHI:   GL_OES_texture_view
11-05 17:47:26.500 28469 28485 D UE4     : [2019.11.05-08.47.26:500][  0]LogRHI:   GL_EXT_fragment_invocation_density
11-05 17:47:26.500 28469 28485 D UE4     : [2019.11.05-08.47.26:500][  0]LogRHI:   GL_QCOM_YUV_texture_gather
11-05 17:47:26.500 28469 28485 D UE4     : [2019.11.05-08.47.26:500][  0]LogRHI:   GL_MAX_VERTEX_ATTRIBS: 32
11-05 17:47:26.500 28469 28485 D UE4     : [2019.11.05-08.47.26:500][  0]LogRHI:   GL_MAX_VARYING_VECTORS: 31
11-05 17:47:26.501 28469 28485 D UE4     : [2019.11.05-08.47.26:500][  0]LogRHI:   GL_MAX_VERTEX_UNIFORM_VECTORS: 256
11-05 17:47:26.501 28469 28485 D UE4     : [2019.11.05-08.47.26:501][  0]LogRHI:   GL_MAX_FRAGMENT_UNIFORM_VECTORS: 256
11-05 17:47:26.501 28469 28485 D UE4     : [2019.11.05-08.47.26:501][  0]LogRHI: Fragment shader lowp precision: 10
11-05 17:47:26.501 28469 28485 D UE4     : [2019.11.05-08.47.26:501][  0]LogRHI: Fragment shader mediump precision: 10
11-05 17:47:26.501 28469 28485 D UE4     : [2019.11.05-08.47.26:501][  0]LogRHI: Fragment shader highp precision: 23
11-05 17:47:26.501 28469 28485 D UE4     : [2019.11.05-08.47.26:501][  0]LogRHI: Support for 4x MSAA detected
11-05 17:47:26.501 28469 28485 D UE4     : [2019.11.05-08.47.26:501][  0]LogRHI: Image external enabled: ImageExternalESSL300
11-05 17:47:26.502 28469 28485 D UE4     : [2019.11.05-08.47.26:502][  0]LogRHI: Device supports mobile multi-view.
11-05 17:47:26.502 28469 28485 D UE4     : [2019.11.05-08.47.26:502][  0]LogRHI:   GL_MAX_TEXTURE_SIZE: 16384
11-05 17:47:26.502 28469 28485 D UE4     : [2019.11.05-08.47.26:502][  0]LogRHI:   GL_MAX_CUBE_MAP_TEXTURE_SIZE: 16384
11-05 17:47:26.502 28469 28485 D UE4     : [2019.11.05-08.47.26:502][  0]LogRHI:   GL_MAX_ARRAY_TEXTURE_LAYERS: 2048
11-05 17:47:26.502 28469 28485 D UE4     : [2019.11.05-08.47.26:502][  0]LogRHI:   GL_MAX_RENDERBUFFER_SIZE: 16384
11-05 17:47:26.502 28469 28485 D UE4     : [2019.11.05-08.47.26:502][  0]LogRHI:   GL_MAX_TEXTURE_IMAGE_UNITS: 16
11-05 17:47:26.502 28469 28485 D UE4     : [2019.11.05-08.47.26:502][  0]LogRHI:   GL_MAX_DRAW_BUFFERS: 8
11-05 17:47:26.502 28469 28485 D UE4     : [2019.11.05-08.47.26:502][  0]LogRHI:   GL_MAX_COLOR_ATTACHMENTS: 1
11-05 17:47:26.502 28469 28485 D UE4     : [2019.11.05-08.47.26:502][  0]LogRHI:   GL_MAX_SAMPLES: 1
11-05 17:47:26.502 28469 28485 D UE4     : [2019.11.05-08.47.26:502][  0]LogRHI:   GL_MAX_COLOR_TEXTURE_SAMPLES: 1
11-05 17:47:26.502 28469 28485 D UE4     : [2019.11.05-08.47.26:502][  0]LogRHI:   GL_MAX_DEPTH_TEXTURE_SAMPLES: 1
11-05 17:47:26.502 28469 28485 D UE4     : [2019.11.05-08.47.26:502][  0]LogRHI:   GL_MAX_INTEGER_SAMPLES: 1
11-05 17:47:26.502 28469 28485 D UE4     : [2019.11.05-08.47.26:502][  0]LogRHI:   GL_MAX_COMBINED_TEXTURE_IMAGE_UNITS: 96
11-05 17:47:26.503 28469 28485 D UE4     : [2019.11.05-08.47.26:503][  0]LogRHI:   GL_MAX_VERTEX_ATTRIBS: 32
11-05 17:47:26.503 28469 28485 D UE4     : [2019.11.05-08.47.26:503][  0]LogRHI:   GL_MAX_TEXTURE_MAX_ANISOTROPY_EXT: 16
11-05 17:47:26.503 28469 28485 D UE4     : [2019.11.05-08.47.26:503][  0]LogRHI: OpenGL MajorVersion = 2, MinorVersion = 0, ShaderPlatform = GLSL_ES3_1_ANDROID, FeatureLevel = ES3_1
11-05 17:47:26.503 28469 28485 D UE4     : [2019.11.05-08.47.26:503][  0]LogRHI: PLATFORM_ANDROID
11-05 17:47:26.503 28469 28485 D UE4     : [2019.11.05-08.47.26:503][  0]LogRHI: Enabling program binary cache as /storage/emulated/0/Android/data/com.YourCompany.LastResisters/files/ProgramBinaryCache/GLSL_ES3_1_ANDROID_DDB656C566922AA878EE19C8F628CB20171DF48E
11-05 17:47:26.503 28469 28485 D UE4     : [2019.11.05-08.47.26:503][  0]LogRHI: FOpenGLProgramBinaryCache will be initialized when ShaderPipelineCache opens its file
11-05 17:47:26.508 28469 28485 D UE4     : [2019.11.05-08.47.26:508][  0]LogRHI: Texture pool is 1000 MB (of 0 MB total graphics mem)
11-05 17:47:26.518 28469 28485 D UE4     : [2019.11.05-08.47.26:518][  0]LogMaterial: Verifying Global Shaders for GLSL_ES3_1_ANDROID
11-05 17:47:26.537 28469 28485 D UE4     : [2019.11.05-08.47.26:536][  0]LogSlate: Using FreeType 2.4.12
11-05 17:47:26.537 28469 28485 D UE4     : [2019.11.05-08.47.26:537][  0]LogSlate: SlateFontServices - WITH_FREETYPE: 1, WITH_HARFBUZZ: 1
11-05 17:47:26.573 28469 28485 D UE4     : [2019.11.05-08.47.26:573][  0]LogStreaming: Warning: Failed to read file '../../../Engine/Content/Slate/Common/RoundedSelection_16x.png' error.
11-05 17:47:26.573 28469 28485 D UE4     : [2019.11.05-08.47.26:573][  0]LogSlate: Could not find file for Slate resource: ../../../Engine/Content/Slate/Common/RoundedSelection_16x.png
11-05 17:47:26.573 28469 28485 D UE4     : [2019.11.05-08.47.26:573][  0]LogStreaming: Warning: Failed to read file '../../../Engine/Content/Slate/Common/RoundedSelection_16x.png' error.
11-05 17:47:26.573 28469 28485 D UE4     : [2019.11.05-08.47.26:573][  0]LogSlate: Could not find file for Slate resource: ../../../Engine/Content/Slate/Common/RoundedSelection_16x.png
11-05 17:47:26.574 28469 28485 D UE4     : [2019.11.05-08.47.26:573][  0]LogStreaming: Warning: Failed to read file '../../../Engine/Content/Slate/Common/RoundedSelection_16x.png' error.
11-05 17:47:26.574 28469 28485 D UE4     : [2019.11.05-08.47.26:574][  0]LogSlate: Could not find file for Slate resource: ../../../Engine/Content/Slate/Common/RoundedSelection_16x.png
11-05 17:47:26.574 28469 28485 D UE4     : [2019.11.05-08.47.26:574][  0]LogStreaming: Warning: Failed to read file '../../../Engine/Content/Slate/Common/RoundedSelection_16x.png' error.
11-05 17:47:26.574 28469 28485 D UE4     : [2019.11.05-08.47.26:574][  0]LogSlate: Could not find file for Slate resource: ../../../Engine/Content/Slate/Common/RoundedSelection_16x.png
11-05 17:47:26.574 28469 28485 D UE4     : [2019.11.05-08.47.26:574][  0]LogStreaming: Warning: Failed to read file '../../../Engine/Content/Slate/Common/RoundedSelection_16x.png' error.
11-05 17:47:26.574 28469 28485 D UE4     : [2019.11.05-08.47.26:574][  0]LogSlate: Could not find file for Slate resource: ../../../Engine/Content/Slate/Common/RoundedSelection_16x.png
11-05 17:47:26.575 28469 28485 D UE4     : [2019.11.05-08.47.26:575][  0]LogStreaming: Warning: Failed to read file '../../../Engine/Content/Slate/Common/RoundedSelection_16x.png' error.
11-05 17:47:26.575 28469 28485 D UE4     : [2019.11.05-08.47.26:575][  0]LogSlate: Could not find file for Slate resource: ../../../Engine/Content/Slate/Common/RoundedSelection_16x.png
11-05 17:47:26.575 28469 28485 D UE4     : [2019.11.05-08.47.26:575][  0]LogStreaming: Warning: Failed to read file '../../../Engine/Content/Slate/Common/RoundedSelection_16x.png' error.
11-05 17:47:26.575 28469 28485 D UE4     : [2019.11.05-08.47.26:575][  0]LogSlate: Could not find file for Slate resource: ../../../Engine/Content/Slate/Common/RoundedSelection_16x.png
11-05 17:47:26.575 28469 28485 D UE4     : [2019.11.05-08.47.26:575][  0]LogStreaming: Warning: Failed to read file '../../../Engine/Content/Slate/Common/RoundedSelection_16x.png' error.
11-05 17:47:26.575 28469 28485 D UE4     : [2019.11.05-08.47.26:575][  0]LogSlate: Could not find file for Slate resource: ../../../Engine/Content/Slate/Common/RoundedSelection_16x.png
11-05 17:47:26.589 28469 28485 D UE4     : [2019.11.05-08.47.26:589][  0]LogStreaming: Warning: Failed to read file '../../../Engine/Content/Slate/Common/RoundedSelection_16x.png' error.
11-05 17:47:26.589 28469 28485 D UE4     : [2019.11.05-08.47.26:589][  0]LogSlate: Could not find file for Slate resource: ../../../Engine/Content/Slate/Common/RoundedSelection_16x.png
11-05 17:47:26.589 28469 28485 D UE4     : [2019.11.05-08.47.26:589][  0]LogStreaming: Warning: Failed to read file '../../../Engine/Content/Slate/Common/RoundedSelection_16x.png' error.
11-05 17:47:26.590 28469 28485 D UE4     : [2019.11.05-08.47.26:590][  0]LogSlate: Could not find file for Slate resource: ../../../Engine/Content/Slate/Common/RoundedSelection_16x.png
11-05 17:47:26.590 28469 28485 D UE4     : [2019.11.05-08.47.26:590][  0]LogStreaming: Warning: Failed to read file '../../../Engine/Content/Slate/Common/RoundedSelection_16x.png' error.
11-05 17:47:26.590 28469 28485 D UE4     : [2019.11.05-08.47.26:590][  0]LogSlate: Could not find file for Slate resource: ../../../Engine/Content/Slate/Common/RoundedSelection_16x.png
11-05 17:47:26.590 28469 28485 D UE4     : [2019.11.05-08.47.26:590][  0]LogStreaming: Warning: Failed to read file '../../../Engine/Content/Slate/Common/RoundedSelection_16x.png' error.
11-05 17:47:26.590 28469 28485 D UE4     : [2019.11.05-08.47.26:590][  0]LogSlate: Could not find file for Slate resource: ../../../Engine/Content/Slate/Common/RoundedSelection_16x.png
11-05 17:47:26.591 28469 28485 D UE4     : [2019.11.05-08.47.26:591][  0]LogStreaming: Warning: Failed to read file '../../../Engine/Content/Slate/Common/RoundedSelection_16x.png' error.
11-05 17:47:26.591 28469 28485 D UE4     : [2019.11.05-08.47.26:591][  0]LogSlate: Could not find file for Slate resource: ../../../Engine/Content/Slate/Common/RoundedSelection_16x.png
11-05 17:47:26.609 28469 28485 D UE4     : [2019.11.05-08.47.26:609][  0]LogStreaming: Warning: Failed to read file '../../../Engine/Content/Slate/Common/RoundedSelection_16x.png' error.
11-05 17:47:26.609 28469 28485 D UE4     : [2019.11.05-08.47.26:609][  0]LogSlate: Could not find file for Slate resource: ../../../Engine/Content/Slate/Common/RoundedSelection_16x.png
11-05 17:47:26.609 28469 28485 D UE4     : [2019.11.05-08.47.26:609][  0]LogStreaming: Warning: Failed to read file '../../../Engine/Content/Slate/Common/RoundedSelection_16x.png' error.
11-05 17:47:26.609 28469 28485 D UE4     : [2019.11.05-08.47.26:609][  0]LogSlate: Could not find file for Slate resource: ../../../Engine/Content/Slate/Common/RoundedSelection_16x.png
11-05 17:47:26.609 28469 28485 D UE4     : [2019.11.05-08.47.26:609][  0]LogStreaming: Warning: Failed to read file '../../../Engine/Content/Slate/Common/RoundedSelection_16x.png' error.
11-05 17:47:26.610 28469 28485 D UE4     : [2019.11.05-08.47.26:610][  0]LogSlate: Could not find file for Slate resource: ../../../Engine/Content/Slate/Common/RoundedSelection_16x.png
11-05 17:47:26.610 28469 28485 D UE4     : [2019.11.05-08.47.26:610][  0]LogStreaming: Warning: Failed to read file '../../../Engine/Content/Slate/Common/RoundedSelection_16x.png' error.
11-05 17:47:26.610 28469 28485 D UE4     : [2019.11.05-08.47.26:610][  0]LogSlate: Could not find file for Slate resource: ../../../Engine/Content/Slate/Common/RoundedSelection_16x.png
11-05 17:47:26.610 28469 28485 D UE4     : [2019.11.05-08.47.26:610][  0]LogStreaming: Warning: Failed to read file '../../../Engine/Content/Slate/Common/RoundedSelection_16x.png' error.
11-05 17:47:26.610 28469 28485 D UE4     : [2019.11.05-08.47.26:610][  0]LogSlate: Could not find file for Slate resource: ../../../Engine/Content/Slate/Common/RoundedSelection_16x.png
11-05 17:47:26.611 28469 28485 D UE4     : [2019.11.05-08.47.26:611][  0]LogStreaming: Warning: Failed to read file '../../../Engine/Content/Slate/Common/RoundedSelection_16x.png' error.
11-05 17:47:26.611 28469 28485 D UE4     : [2019.11.05-08.47.26:611][  0]LogSlate: Could not find file for Slate resource: ../../../Engine/Content/Slate/Common/RoundedSelection_16x.png
11-05 17:47:26.611 28469 28485 D UE4     : [2019.11.05-08.47.26:611][  0]LogStreaming: Warning: Failed to read file '../../../Engine/Content/Slate/Common/RoundedSelection_16x.png' error.
11-05 17:47:26.611 28469 28485 D UE4     : [2019.11.05-08.47.26:611][  0]LogSlate: Could not find file for Slate resource: ../../../Engine/Content/Slate/Common/RoundedSelection_16x.png
11-05 17:47:26.612 28469 28485 D UE4     : [2019.11.05-08.47.26:612][  0]LogStreaming: Warning: Failed to read file '../../../Engine/Content/Slate/Common/RoundedSelection_16x.png' error.
11-05 17:47:26.612 28469 28485 D UE4     : [2019.11.05-08.47.26:612][  0]LogSlate: Could not find file for Slate resource: ../../../Engine/Content/Slate/Common/RoundedSelection_16x.png
11-05 17:47:26.612 28469 28485 D UE4     : [2019.11.05-08.47.26:612][  0]LogStreaming: Warning: Failed to read file '../../../Engine/Content/Slate/Common/RoundedSelection_16x.png' error.
11-05 17:47:26.612 28469 28485 D UE4     : [2019.11.05-08.47.26:612][  0]LogSlate: Could not find file for Slate resource: ../../../Engine/Content/Slate/Common/RoundedSelection_16x.png
11-05 17:47:26.612 28469 28485 D UE4     : [2019.11.05-08.47.26:612][  0]LogStreaming: Warning: Failed to read file '../../../Engine/Content/Slate/Common/RoundedSelection_16x.png' error.
11-05 17:47:26.612 28469 28485 D UE4     : [2019.11.05-08.47.26:612][  0]LogSlate: Could not find file for Slate resource: ../../../Engine/Content/Slate/Common/RoundedSelection_16x.png
11-05 17:47:26.613 28469 28485 D UE4     : [2019.11.05-08.47.26:613][  0]LogStreaming: Warning: Failed to read file '../../../Engine/Content/Slate/Common/RoundedSelection_16x.png' error.
11-05 17:47:26.613 28469 28485 D UE4     : [2019.11.05-08.47.26:613][  0]LogSlate: Could not find file for Slate resource: ../../../Engine/Content/Slate/Common/RoundedSelection_16x.png
11-05 17:47:26.613 28469 28485 D UE4     : [2019.11.05-08.47.26:613][  0]LogStreaming: Warning: Failed to read file '../../../Engine/Content/Slate/Common/RoundedSelection_16x.png' error.
11-05 17:47:26.613 28469 28485 D UE4     : [2019.11.05-08.47.26:613][  0]LogSlate: Could not find file for Slate resource: ../../../Engine/Content/Slate/Common/RoundedSelection_16x.png
11-05 17:47:26.614 28469 28485 D UE4     : [2019.11.05-08.47.26:613][  0]LogStreaming: Warning: Failed to read file '../../../Engine/Content/Slate/Common/RoundedSelection_16x.png' error.
11-05 17:47:26.614 28469 28485 D UE4     : [2019.11.05-08.47.26:614][  0]LogSlate: Could not find file for Slate resource: ../../../Engine/Content/Slate/Common/RoundedSelection_16x.png
11-05 17:47:26.614 28469 28485 D UE4     : [2019.11.05-08.47.26:614][  0]LogStreaming: Warning: Failed to read file '../../../Engine/Content/Slate/Common/RoundedSelection_16x.png' error.
11-05 17:47:26.614 28469 28485 D UE4     : [2019.11.05-08.47.26:614][  0]LogSlate: Could not find file for Slate resource: ../../../Engine/Content/Slate/Common/RoundedSelection_16x.png
11-05 17:47:26.614 28469 28485 D UE4     : [2019.11.05-08.47.26:614][  0]LogStreaming: Warning: Failed to read file '../../../Engine/Content/Slate/Common/RoundedSelection_16x.png' error.
11-05 17:47:26.614 28469 28485 D UE4     : [2019.11.05-08.47.26:614][  0]LogSlate: Could not find file for Slate resource: ../../../Engine/Content/Slate/Common/RoundedSelection_16x.png
11-05 17:47:26.615 28469 28485 D UE4     : [2019.11.05-08.47.26:615][  0]LogStreaming: Warning: Failed to read file '../../../Engine/Content/Slate/Common/RoundedSelection_16x.png' error.
11-05 17:47:26.615 28469 28485 D UE4     : [2019.11.05-08.47.26:615][  0]LogSlate: Could not find file for Slate resource: ../../../Engine/Content/Slate/Common/RoundedSelection_16x.png
11-05 17:47:26.640 28469 28485 D UE4     : [2019.11.05-08.47.26:640][  0]LogInit: Using OS detected language (ja-JP).
11-05 17:47:26.640 28469 28485 D UE4     : [2019.11.05-08.47.26:640][  0]LogInit: Using OS detected locale (ja-JP).
11-05 17:47:26.641 28469 28485 D UE4     : [2019.11.05-08.47.26:641][  0]LogTextLocalizationManager: No localization for 'ja-JP' exists, so 'en' will be used for the language.
11-05 17:47:26.641 28469 28485 D UE4     : [2019.11.05-08.47.26:641][  0]LogTextLocalizationManager: No localization for 'ja-JP' exists, so 'en' will be used for the locale.
11-05 17:47:26.641 28469 28485 D UE4     : [2019.11.05-08.47.26:641][  0]LogTextLocalizationManager: Compacting localization data took   0.02ms
11-05 17:47:26.647 28469 28485 D UE4     : [2019.11.05-08.47.26:647][  0]LogAssetRegistry: FAssetRegistry took 0.0051 seconds to start up
11-05 17:47:26.890  1081  1145 W WindowManager: App freeze timeout expired.
11-05 17:47:26.893 28469 28485 D UE4     : [2019.11.05-08.47.26:893][  0]LogStreaming: Display: Flushing async loaders.
11-05 17:47:26.894 28469 28485 D UE4     : [2019.11.05-08.47.26:894][  0]LogPackageLocalizationCache: Processed 10 localized package path(s) for 1 prioritized culture(s) in 0.000144 seconds
11-05 17:47:26.950 28469 28485 D UE4     : [2019.11.05-08.47.26:950][  0]LogNetVersion: LastResisters 1.0.0, NetCL: 8386587, EngineNetVer: 11, GameNetVer: 0 (Checksum: 2470489391)
11-05 17:47:27.292 28469 28485 E ExtMediaPlayer-JNI: QCMediaPlayer could not be located....
11-05 17:47:27.292 28469 28485 E MediaPlayer-JNI: JNIMediaPlayerFactory: bIsQCMediaPlayerPresent 0
11-05 17:47:27.292 28469 28485 E ExtMediaPlayer-JNI: QCMediaPlayer could not be located....
11-05 17:47:27.292 28469 28485 E MediaPlayer-JNI: JNIMediaPlayerFactory: bIsQCMediaPlayerPresent 0
11-05 17:47:27.294   551   600 V audio_hw_primary: out_get_latency: Latency 8
11-05 17:47:27.294   551   601 V audio_hw_primary: out_get_latency: Latency 80
11-05 17:47:27.296 28469 28485 D UE4     : [2019.11.05-08.47.27:296][  0]LogMoviePlayer: Initializing movie player
11-05 17:47:27.297 28469 28485 D UE4     : [2019.11.05-08.47.27:297][  0]LogTcpMessaging: Initializing TcpMessaging bridge, listening on 127.0.0.1:6666
11-05 17:47:27.346 28469 28485 D UE4     : [2019.11.05-08.47.27:346][  0]LogUdpMessaging: Initializing bridge on interface 0.0.0.0:0 to multicast group 230.0.0.1:6666.
11-05 17:47:27.349 28469 28485 D UE4     : [2019.11.05-08.47.27:349][  0]LogAndroidPermission: UAndroidPermissionCallbackProxy::GetInstance
11-05 17:47:27.349 28469 28485 D UE4     : [2019.11.05-08.47.27:349][  0]LogOcInput: OculusInput pre-init called
11-05 17:47:27.364 28469 28485 D UE4     : [2019.11.05-08.47.27:364][  0]LogUObjectArray: 39531 objects as part of root set at end of initial load.
11-05 17:47:27.365 28469 28485 D UE4     : [2019.11.05-08.47.27:364][  0]LogUObjectArray: 2 objects are not in the root set, but can never be destroyed because they are in the DisregardForGC set.
11-05 17:47:27.365 28469 28485 D UE4     : [2019.11.05-08.47.27:365][  0]LogUObjectAllocator: 4363852 out of 0 bytes used by permanent object pool.
11-05 17:47:27.365 28469 28485 D UE4     : [2019.11.05-08.47.27:365][  0]LogUObjectArray: CloseDisregardForGC: 39531/39531 objects in disregard for GC pool
11-05 17:47:27.378 28469 28485 D UE4     : [2019.11.05-08.47.27:378][  0]LogAndroid: Display: Passed PreInit()
11-05 17:47:27.380 28469 28485 D UE4     : [2019.11.05-08.47.27:380][  0]LogEngine: Initializing Engine...
11-05 17:47:27.381 28469 28485 D UE4     : [2019.11.05-08.47.27:381][  0]LogHMD: Oculus plugin initialized. Version: 4.23.1-9631420+++UE4+Release-4.23, OVRPlugin: 1.37.0
11-05 17:47:27.388 28469 28485 D UE4     : [2019.11.05-08.47.27:388][  0]LogStats: UGameplayTagsManager::InitializeManager -  0.001 s
11-05 17:47:27.440  1081  1246 E TaskPersister: File error accessing recents directory (directory doesn't exist?).
11-05 17:47:27.457 28469 28485 D UE4     : [2019.11.05-08.47.27:457][  0]LogInit: Initializing FReadOnlyCVARCache
11-05 17:47:27.458 28469 28485 D UE4     : [JAVA] audiomanager.framesPerBuffer = 192
11-05 17:47:27.458 28469 28485 D UE4     : [2019.11.05-08.47.27:458][  0]LogAudioMixer: Display: Audio Mixer Platform Settings:
11-05 17:47:27.458 28469 28485 D UE4     : [2019.11.05-08.47.27:458][  0]LogAudioMixer: Display: 	Sample Rate:						  44100
11-05 17:47:27.458 28469 28485 D UE4     : [2019.11.05-08.47.27:458][  0]LogAudioMixer: Display: 	Callback Buffer Frame Size Requested: 1152
11-05 17:47:27.458 28469 28485 D UE4     : [2019.11.05-08.47.27:458][  0]LogAudioMixer: Display: 	Callback Buffer Frame Size To Use:	  1024
11-05 17:47:27.458 28469 28485 D UE4     : [2019.11.05-08.47.27:458][  0]LogAudioMixer: Display: 	Number of buffers to queue:			  4
11-05 17:47:27.458 28469 28485 D UE4     : [2019.11.05-08.47.27:458][  0]LogAudioMixer: Display: 	Max Channels (voices):				  0
11-05 17:47:27.458 28469 28485 D UE4     : [2019.11.05-08.47.27:458][  0]LogAudioMixer: Display: 	Number of Async Source Workers:		  0
11-05 17:47:27.459 28469 28485 D UE4     : [2019.11.05-08.47.27:459][  0]LogAudioMixer: Display: Initializing audio mixer.
11-05 17:47:27.459 28469 28485 D UE4     : [JAVA] audiomanager.optimalSampleRate = 48000
11-05 17:47:27.459 28469 28485 D UE4     : [JAVA] audiomanager.framesPerBuffer = 192
11-05 17:47:27.460 28469 28485 I libOpenSLES: Emulating old channel mask behavior (ignoring positional mask 0x3, using default mask 0x3 based on channel count of 2)
11-05 17:47:27.461   551   551 I AudioPolicyManagerCustom: offload disabled by audio.offload.disable=1
11-05 17:47:27.461   551   551 I AudioPolicyManagerCustom: Direct PCM is disabled for this request
11-05 17:47:27.461   551   551 V AudioPolicyManagerCustom: getOutputForDevice() returns output 13
11-05 17:47:27.461   551   609 V audio_hw_primary: out_get_parameters: enter: keys - is_direct_pcm_track
11-05 17:47:27.461   551   609 V audio_hw_primary: not in direct_pcm
11-05 17:47:27.461   551   609 V audio_hw_primary: out_get_parameters: exit: returns - is_direct_pcm_track=false
11-05 17:47:27.461   551 12288 W AudioFlinger: createTrack_l(): mismatch between requested flags (00000104) and output flags (00000006)
11-05 17:47:27.463 28469 28485 D AudioTrack: Client defaulted notificationFrames to 192 for frameCount 192
11-05 17:47:27.463 28469 28485 D UE4     : [2019.11.05-08.47.27:463][  0]LogAudioMixer: Display: Using Audio Device Android Audio Device
11-05 17:47:27.471 28469 28485 D AudioTrack: updateAppOpsPlayAudio: checkOp OP_PLAY_AUDIO for com.YourCompany.LastResisters returns: 1 (IGNORED)
11-05 17:47:27.471 28469 28485 I AudioTrack: updateAppOpsPlayAudio: pausing audio thread
11-05 17:47:27.472   551   593 W AudioFlinger: checkEffectCompatibility_l(): non HW effect Volume listener for Music on playback thread in fast mode
11-05 17:47:27.472   551   593 E AudioEffect: set(): AudioFlinger could not create effect, status: -22
11-05 17:47:27.472   551   593 E AudioPolicyEffects: addOutputSessionEffects(): failed to create Fx  music_helper on session 1073
11-05 17:47:27.472   551   593 V AudioPolicyManagerCustom: getNewOutputDevice() selected device 2
11-05 17:47:27.472   551   593 V AudioPolicyManagerCustom: checkOutputForStrategy(): policy related outputs
11-05 17:47:27.472   551   600 D audio_hw_primary: start_output_stream: enter: stream(0xe8653780)usecase(1: low-latency-playback) devices(0x2)
11-05 17:47:27.472   551   600 E audio_hw_extn: audio_extn_perf_lock_acquire: Incorrect params, Failed to acquire perf lock, err 
11-05 17:47:27.472   551   600 D audio_hw_primary: select_devices for use case (low-latency-playback)
11-05 17:47:27.472   551   600 V audio_hw_primary: voice_extn_compress_voip_is_active: COMPRESS_VOIP_ENABLED is not defined
11-05 17:47:27.472   551   600 V msm8974_platform: platform_get_native_support:napb: ui Prop enabled(1) version(1)
11-05 17:47:27.472 28469 28485 D UE4     : [2019.11.05-08.47.27:472][  0]LogInit: FAudioDevice initialized.
11-05 17:47:27.472   551   600 V msm8974_platform: platform_get_output_snd_device: enter: output devices(0x2)
11-05 17:47:27.472   551   600 V msm8974_platform: voice_extn_compress_voip_is_active: COMPRESS_VOIP_ENABLED is not defined
11-05 17:47:27.472   551   600 V msm8974_platform: platform_get_output_snd_device: exit: snd_device(speaker)
11-05 17:47:27.472   551   600 D audio_hw_primary: select_devices: out_snd_device(2: speaker) in_snd_device(0: )
11-05 17:47:27.472   551   600 V msm8974_platform: platform_get_backend_index:napb: backend port - 0 device - 2 
11-05 17:47:27.472   551   600 I msm8974_platform: platform_check_and_set_codec_backend_cfg:becf: afe: bitwidth 16, samplerate 48000 channels 2, backend_idx 0 usecase = 1 device (speaker)
11-05 17:47:27.472   551   600 D msm8974_platform: platform_split_snd_device: snd_device(2) new_snd_devices (speaker)
11-05 17:47:27.472   551   600 I msm8974_platform: platform_check_and_set_codec_backend_cfg: new_snd_devices[0] is 2
11-05 17:47:27.472   551   600 V msm8974_platform: platform_get_native_support:napb: ui Prop enabled(1) version(1)
11-05 17:47:27.472   551   600 V msm8974_platform: platform_get_backend_index:napb: backend port - 0 device - 2 
11-05 17:47:27.472   551   600 I msm8974_platform: platform_check_codec_backend_cfg:becf: afe: bitwidth 16, samplerate 48000 channels 2, backend_idx 0 usecase = 1 device (speaker)
11-05 17:47:27.472   551   600 V msm8974_platform: platform_check_backends_match: snd_device1 = speaker, snd_device2 = speaker
11-05 17:47:27.472   551   600 V msm8974_platform: platform_check_backends_match: be_itf1 = PRI_MI2S_RX, be_itf2 = PRI_MI2S_RX, match 1
11-05 17:47:27.472   551   600 D msm8974_platform: platform_check_codec_backend_cfg:becf: afe: playback on codec device not supporting native playback set default Sample Rate(48k)
11-05 17:47:27.472   551   600 I msm8974_platform: platform_check_codec_backend_cfg:becf: afe: Codec selected backend: 0 updated bit width: 16 and sample rate: 48000
11-05 17:47:27.472   551   600 D audio_hw_primary: check_usecases_codec_backend:becf: force routing 0
11-05 17:47:27.472   551   600 V msm8974_platform: platform_check_backends_match: snd_device1 = speaker, snd_device2 = 
11-05 17:47:27.472   551   600 E msm8974_platform: platform_check_backends_match: Invalid snd_device = 
11-05 17:47:27.473   551   600 D audio_hw_primary: check_usecases_codec_backend:becf: (44) check_usecases curr device: speaker, usecase device: backends match 0
11-05 17:47:27.473   551   600 D audio_hw_primary: check_usecases_codec_backend:becf: check_usecases num.of Usecases to switch 0
11-05 17:47:27.473   551   600 D hardware_info: hw_info_append_hw_type : device_name = speaker
11-05 17:47:27.473   551   600 D msm8974_platform: platform_split_snd_device: snd_device(2) new_snd_devices (speaker)
11-05 17:47:27.473   551   600 D audio_hw_primary: enable_snd_device: snd_device(2: speaker)
11-05 17:47:27.474 28469 28485 D UE4     : [2019.11.05-08.47.27:474][  0]LogNetVersion: Set ProjectVersion to 1.0.0.0. Version Checksum will be recalculated on next use.
11-05 17:47:27.474 28469 28485 D UE4     : [2019.11.05-08.47.27:474][  0]LogInit: Texture streaming: Enabled
11-05 17:47:27.485   551   600 V msm8974_platform: platform_get_native_support:napb: ui Prop enabled(1) version(1)
11-05 17:47:27.485   551   600 V audio_hw_primary: audio_is_true_native_stream_active:napb: not in true mode or non hdphones device
11-05 17:47:27.485   551   600 V audio_hw_primary: enable_audio_route: enter: usecase(1)
11-05 17:47:27.485   551   600 D audio_hw_utils: audio_extn_utils_send_app_type_cfg: usecase->out_snd_device speaker
11-05 17:47:27.485   551   600 D msm8974_platform: platform_split_snd_device: snd_device(2) new_snd_devices (speaker)
11-05 17:47:27.485   551   600 V msm8974_platform: platform_get_snd_device_backend_index: enter with device 2
11-05 17:47:27.485   551   600 I audio_hw_utils: send_app_type_cfg_for_device PLAYBACK app_type 69936, acdb_dev_id 15, sample_rate 48000, snd_device_be_idx 43
11-05 17:47:27.486   551   600 D msm8974_platform: platform_split_snd_device: snd_device(2) new_snd_devices (speaker)
11-05 17:47:27.486   551   600 V msm8974_platform: platform_send_audio_calibration: sending audio calibration for snd_device(2) acdb_id(15)
11-05 17:47:27.486   551   600 D ACDB-LOADER: ACDB -> send_audio_cal, acdb_id = 15, path = 0, app id = 0x11130, sample rate = 48000
11-05 17:47:27.486   551   600 D ACDB-LOADER: ACDB -> send_asm_topology
11-05 17:47:27.486   551   600 D ACDB-LOADER: ACDB -> ACDB_CMD_GET_AUDPROC_STREAM_TOPOLOGY_ID
11-05 17:47:27.486   551   600 D ACDB-LOADER: ACDB -> send_adm_topology
11-05 17:47:27.486   551   600 D ACDB-LOADER: ACDB -> ACDB_CMD_GET_AUDPROC_COMMON_TOPOLOGY_ID
11-05 17:47:27.486   551   600 D ACDB-LOADER: ACDB -> send_audtable
11-05 17:47:27.486   551   600 D ACDB-LOADER: ACDB -> ACDB_CMD_GET_AUDPROC_COMMON_TABLE_SIZE
11-05 17:47:27.486   551   600 D ACDB-LOADER: ACDB -> ACDB_CMD_GET_AUDPROC_COMMON_TABLE
11-05 17:47:27.486   551   600 D ACDB-LOADER: ACDB -> AUDIO_SET_AUDPROC_CAL
11-05 17:47:27.486   551   600 D ACDB-LOADER: ACDB -> send_audvoltable
11-05 17:47:27.486   551   600 D ACDB-LOADER: ACDB -> ACDB_CMD_GET_AUDPROC_GAIN_DEP_STEP_TABLE, vol index 0
11-05 17:47:27.486   551   600 D         : Failed to fetch the lookup information of the device 0000000F 
11-05 17:47:27.486   551   600 E ACDB-LOADER: Error: ACDB AudProc vol returned = -19
11-05 17:47:27.486   551   600 D ACDB-LOADER: ACDB -> AUDIO_SET_VOL_CAL cal type = 12
11-05 17:47:27.486   551   600 D ACDB-LOADER: ACDB -> send_audstrmtable
11-05 17:47:27.486   551   600 D ACDB-LOADER: ACDB -> ACDB_CMD_GET_AUDPROC_STREAM_TABLE_V2
11-05 17:47:27.486   551   600 D ACDB-LOADER: ACDB -> audstrm_cal->cal_type.cal_data.cal_size = 16
11-05 17:47:27.486   551   600 D ACDB-LOADER: ACDB -> send_afe_topology
11-05 17:47:27.486   551   600 D ACDB-LOADER: ACDB -> ACDB_CMD_GET_AFE_TOPOLOGY_ID
11-05 17:47:27.486   551   600 D ACDB-LOADER: ACDB -> GET_AFE_TOPOLOGY_ID for adcd_id 15, Topology Id 112fc
11-05 17:47:27.486   551   600 D ACDB-LOADER: ACDB -> send_afe_cal
11-05 17:47:27.486   551   600 D ACDB-LOADER: ACDB -> ACDB_CMD_GET_AFE_COMMON_TABLE
11-05 17:47:27.486   551   600 D         : Failed to fetch the lookup information of the device 0000000F 
11-05 17:47:27.486   551   600 E ACDB-LOADER: Error: ACDB AFE returned = -19
11-05 17:47:27.486   551   600 D ACDB-LOADER: ACDB -> AUDIO_SET_AFE_CAL
11-05 17:47:27.486   551   600 D ACDB-LOADER: ACDB -> send_hw_delay : acdb_id = 15 path = 0
11-05 17:47:27.486   551   600 D ACDB-LOADER: ACDB -> ACDB_AVSYNC_INFO: ACDB_CMD_GET_DEVICE_PROPERTY
11-05 17:47:27.486   551   600 D audio_hw_primary: enable_audio_route: apply mixer and update path: low-latency-playback speaker
11-05 17:47:27.487   551   600 V audio_hw_primary: enable_audio_route: exit
11-05 17:47:27.487   551   600 D audio_hw_primary: select_devices: done
11-05 17:47:27.487   551   600 V audio_hw_primary: start_output_stream: Opening PCM device card_id(0) device_id(13) format(0)
11-05 17:47:27.490   551   600 V msm8974_platform: platform_set_channel_map channel_count:2
11-05 17:47:27.490   551   600 D msm8974_platform: platform_set_channel_map mixer_ctl_name:Playback Channel Map13
11-05 17:47:27.491   551   600 D msm8974_platform: platform_set_channel_map: set mapping(1 2 0 0 0 0 0 0) for channel:2
11-05 17:47:27.491   551   600 V audio_hw_primary: start_output_stream: pcm_prepare
11-05 17:47:27.492 28469 28485 D UE4     : [2019.11.05-08.47.27:492][  0]LogSlate: Updating window title bar state: overlay mode, drag disabled, window buttons hidden, title bar hidden
11-05 17:47:27.493 28469 28485 D UE4     : [2019.11.05-08.47.27:493][  0]LogInit: Display: Game Engine Initialized.
11-05 17:47:27.497 28469 28485 D UE4     : [2019.11.05-08.47.27:496][  0]LogInit: Display: Starting Game.
11-05 17:47:27.497 28469 28485 D UE4     : [2019.11.05-08.47.27:497][  0]LogNet: Browse: /Game/Game/Level/Maps/Play/Play?Name=Player
11-05 17:47:27.497 28469 28485 D UE4     : [2019.11.05-08.47.27:497][  0]LogHMD: Initializing OVRPlugin session
11-05 17:47:27.497 28469 28485 W DeviceProperties_Android: ovrDeviceProperties::GetDeviceType(): GetDeviceCapabilitiesFlags not initialized.
11-05 17:47:27.497 28469 28485 D OVRPlugin: Initializing VR.
11-05 17:47:27.497 28469 28485 I VrApiLoader: VrApi Loader Version: 1.1.22.0-0-0 Feb  4 2019 14:42:09 
11-05 17:47:27.498 28469 28485 V VrDriver: Loading 32-bit VrDriver.
11-05 17:47:27.498 28469 28485 I VrApi_DriverLoader: *Adding Layer: GoCompatibility
11-05 17:47:27.498 28469 28485 I VrApi_DriverLoader: About to call StartLayer in vrapilayers.GoCompatibility
11-05 17:47:27.498 28469 28485 D GoCompatibility: GoCompatibility StartLayer: Loading libgocompatibility.so
11-05 17:47:27.498 28469 28485 I GoCompatibility: VrApiLayer: GoCompatibility
11-05 17:47:27.498 28469 28485 I VrApiLayers: Initializing VrApiLayer
11-05 17:47:27.498 28469 28485 I VrApi_DriverLoader: VrapiLayer GoCompatibility started
11-05 17:47:27.498 28469 28485 I GoCompatibility: GoCompatibility: vrapi_Initialize_Hooked(1 1 22 0 0x10200)
11-05 17:47:27.498 28469 28485 I VrApi   : ----------- vrapi_Initialize [start] ----------
11-05 17:47:27.499 28469 28485 I VrRuntimeClient: VrRuntimeClient: Init
11-05 17:47:27.499 28469 28485 I DeviceProperties_Android: ovrDeviceProperties::Initialize
11-05 17:47:27.500 28469 28485 I DeviceProperties_Android: Headset Model: 'monterey:SDC:SDINDDH4-128G   '
11-05 17:47:27.500 28469 28485 I DeviceProperties_Android: Device Model: 'monterey'
11-05 17:47:27.500 28469 28485 I DeviceProperties_Android: Device Region: 'US'
11-05 17:47:27.501 28469 28485 I DeviceProperties_Android: GPU Type: 'ADRENO_540'
11-05 17:47:27.501 28469 28485 I DeviceProperties_Android: Num Refresh Rates Supported 2
11-05 17:47:27.501 28469 28485 I DeviceProperties_Android: Refresh Rate (0): 60.000000Hz
11-05 17:47:27.501 28469 28485 I DeviceProperties_Android: Refresh Rate (1): 72.000000Hz
11-05 17:47:27.501 28469 28485 I OSSDK   : CalibrationManager: Using standalone implementation
11-05 17:47:27.503 28469 28485 I DeviceProperties_Android: DisplayParms.ScanoutDirection = 3
11-05 17:47:27.503 28469 28485 I DeviceProperties_Android: DisplayParms.ShutterType = 0
11-05 17:47:27.503 28469 28485 I DeviceProperties_Android: DisplayParms.timing = 0.500000 1.000000
11-05 17:47:27.503 28469 28485 I DeviceProperties_Android: DisplayParms.prediction = (1.000000 1.500000) (1.500000 2.000000)
11-05 17:47:27.504 28469 28485 I DeviceProperties_Android: getDisplayDimensions returned: 2880, 1600
11-05 17:47:27.504 28469 28485 I DeviceProperties_Android: ovrDeviceProperties: OVR_DEVICE_CAPABILITY_POSITIONAL_TRACKING_BIT
11-05 17:47:27.504 28469 28485 I DeviceProperties_Android: ovrDeviceProperties: OVR_DEVICE_CAPABILITY_MULTIVIEW_BIT
