--------- beginning of system
10-24 10:34:15.588  1056  1077 I ActivityManager: START u0 {flg=0x10000000 cmp=com.YourCompany.LastResisters/com.epicgames.ue4.GameActivity} from uid 2000 on display 0
10-24 10:34:15.604  1056  1116 I DisplayManagerService: Display device changed state: "com.oculus.android_panel_app.AndroidPanelLayer-#main", ON
10-24 10:34:15.641  1056  1519 I ActivityManager: Start proc 3193:com.YourCompany.LastResisters/u0a195 for activity com.YourCompany.LastResisters/com.epicgames.ue4.GameActivity
10-24 10:34:15.975  1056  1482 I ActivityManager: START u0 {act=android.content.pm.action.REQUEST_PERMISSIONS pkg=com.android.packageinstaller cmp=com.android.packageinstaller/.permission.ui.GrantPermissionsActivity (has extras)} from uid 10195 on display 0
10-24 10:34:16.203  1056  1552 I ActivityManager: Start proc 3232:com.android.packageinstaller/u0a21 for activity com.android.packageinstaller/.permission.ui.GrantPermissionsActivity
--------- beginning of main
10-24 10:34:18.665  2152  3048 W TimeWarp: FetchFrame: client(0) is enabled, but shared memory is not set
10-24 10:34:18.665  2152  3048 W TimeWarp: FetchFrame: client(0) is enabled, but shared memory is not set
10-24 10:34:18.674   705  3056 W [CT]    : CONSTELLATION:MATCHING: [Camera 2] Brute matching timed out after 100/459 iterations.
10-24 10:34:18.679  2152  3048 W TimeWarp: FetchFrame: client(0) is enabled, but shared memory is not set
10-24 10:34:18.679  2152  3048 W TimeWarp: FetchFrame: client(0) is enabled, but shared memory is not set
10-24 10:34:18.683   705  3032 W [CT]    : VIPER: Invalid point id given to mapPointIdToIndex due to wrong or old (revision) map.
10-24 10:34:18.683   705  3032 W [CT]    : VIPER: Invalid point id given to mapPointIdToIndex due to wrong or old (revision) map.
10-24 10:34:18.683   705  3032 W [CT]    : VIPER: Invalid point id given to mapPointIdToIndex due to wrong or old (revision) map.
10-24 10:34:18.683   705  3032 W [CT]    : VIPER: Invalid point id given to mapPointIdToIndex due to wrong or old (revision) map.
10-24 10:34:18.683   705  3032 W [CT]    : VIPER: Invalid point id given to mapPointIdToIndex due to wrong or old (revision) map.
10-24 10:34:18.683   705  3032 W [CT]    : VIPER: Invalid point id given to mapPointIdToIndex due to wrong or old (revision) map.
10-24 10:34:18.683   705  3032 W [CT]    : VIPER: Invalid point id given to mapPointIdToIndex due to wrong or old (revision) map.
10-24 10:34:18.683   705  3032 W [CT]    : VIPER: Invalid point id given to mapPointIdToIndex due to wrong or old (revision) map.
10-24 10:34:18.684   705  3032 W [CT]    : VIPER: Invalid point id given to mapPointIdToIndex due to wrong or old (revision) map.
10-24 10:34:18.684   705  3032 W [CT]    : VIPER: Invalid point id given to mapPointIdToIndex due to wrong or old (revision) map.
10-24 10:34:18.684   705  3032 W [CT]    : VIPER: Invalid point id given to mapPointIdToIndex due to wrong or old (revision) map.
10-24 10:34:18.684   705  3032 W [CT]    : VIPER: Invalid point id given to mapPointIdToIndex due to wrong or old (revision) map.
10-24 10:34:18.684   705  3032 W [CT]    : VIPER: Invalid point id given to mapPointIdToIndex due to wrong or old (revision) map.
10-24 10:34:18.684   705  3032 W [CT]    : VIPER: Invalid point id given to mapPointIdToIndex due to wrong or old (revision) map.
10-24 10:34:18.684   705  3032 W [CT]    : VIPER: Invalid point id given to mapPointIdToIndex due to wrong or old (revision) map.
10-24 10:34:18.684   705  3032 W [CT]    : VIPER: Invalid point id given to mapPointIdToIndex due to wrong or old (revision) map.
10-24 10:34:18.684   705  3032 W [CT]    : VIPER: Invalid point id given to mapPointIdToIndex due to wrong or old (revision) map.
10-24 10:34:18.684   705  3032 W [CT]    : VIPER: Invalid point id given to mapPointIdToIndex due to wrong or old (revision) map.
10-24 10:34:18.685   705  3032 W [CT]    : VIPER: Invalid point id given to mapPointIdToIndex due to wrong or old (revision) map.
10-24 10:34:18.685   705  3032 W [CT]    : VIPER: Invalid point id given to mapPointIdToIndex due to wrong or old (revision) map.
10-24 10:34:18.685   705  3032 W [CT]    : VIPER: Invalid point id given to mapPointIdToIndex due to wrong or old (revision) map.
10-24 10:34:18.685   705  3032 W [CT]    : VIPER: Invalid point id given to mapPointIdToIndex due to wrong or old (revision) map.
10-24 10:34:18.685   705  3032 W [CT]    : VIPER: Invalid point id given to mapPointIdToIndex due to wrong or old (revision) map.
10-24 10:34:18.685   705  3032 W [CT]    : VIPER: Invalid point id given to mapPointIdToIndex due to wrong or old (revision) map.
10-24 10:34:18.685   705  3032 W [CT]    : VIPER: Invalid point id given to mapPointIdToIndex due to wrong or old (revision) map.
10-24 10:34:18.685   705  3032 W [CT]    : VIPER: Invalid point id given to mapPointIdToIndex due to wrong or old (revision) map.
10-24 10:34:18.685   705  3032 W [CT]    : VIPER: Invalid point id given to mapPointIdToIndex due to wrong or old (revision) map.
10-24 10:34:18.685   705  3032 W [CT]    : VIPER: Invalid point id given to mapPointIdToIndex due to wrong or old (revision) map.
10-24 10:34:18.685   705  3032 W [CT]    : VIPER: Invalid point id given to mapPointIdToIndex due to wrong or old (revision) map.
10-24 10:34:18.685   705  3032 W [CT]    : VIPER: Invalid point id given to mapPointIdToIndex due to wrong or old (revision) map.
10-24 10:34:18.685   705  3032 W [CT]    : VIPER: Invalid point id given to mapPointIdToIndex due to wrong or old (revision) map.
10-24 10:34:18.685   705  3032 W [CT]    : VIPER: Invalid point id given to mapPointIdToIndex due to wrong or old (revision) map.
10-24 10:34:18.685   705  3032 W [CT]    : VIPER: Invalid point id given to mapPointIdToIndex due to wrong or old (revision) map.
10-24 10:34:18.685   705  3032 W [CT]    : VIPER: Invalid point id given to mapPointIdToIndex due to wrong or old (revision) map.
10-24 10:34:18.685   705  3338 I [CT]    : VIPER: [floorplane] Floor height has been updated to 1.21487 meters.
10-24 10:34:18.685   705  3032 W [CT]    : VIPER: Invalid point id given to mapPointIdToIndex due to wrong or old (revision) map.
10-24 10:34:18.685   705  3032 W [CT]    : VIPER: Invalid point id given to mapPointIdToIndex due to wrong or old (revision) map.
10-24 10:34:18.685   705  3032 W [CT]    : VIPER: Invalid point id given to mapPointIdToIndex due to wrong or old (revision) map.
10-24 10:34:18.688   546   591 D audio_hw_primary: out_standby: enter: stream (0xef5d3780) usecase(1: low-latency-playback)
10-24 10:34:18.692   705  3032 W [CT]    : VIPER: Invalid point id given to mapPointIdToIndex due to wrong or old (revision) map.
10-24 10:34:18.693  2152  3048 W TimeWarp: FetchFrame: client(0) is enabled, but shared memory is not set
10-24 10:34:18.693  2152  3048 W TimeWarp: FetchFrame: client(0) is enabled, but shared memory is not set
10-24 10:34:18.707  2152  3048 W TimeWarp: FetchFrame: client(0) is enabled, but shared memory is not set
10-24 10:34:18.707  2152  3048 W TimeWarp: FetchFrame: client(0) is enabled, but shared memory is not set
10-24 10:34:18.707   705  3056 W [CT]    : CONSTELLATION:MATCHING: [Camera 3] Brute matching timed out after 0/306 iterations.
10-24 10:34:18.712  3193  3218 I VrRuntimeClient: InsideFlailLockoutGKorSysProp true
10-24 10:34:18.713  3193  3218 I VrRuntimeClient: Flail Lockout Hand: 'combined'
10-24 10:34:18.713  3193  3218 I VrRuntimeClient: Flail Lockout Slow Test: '50'  Change '0.05'
10-24 10:34:18.713  3193  3218 I VrRuntimeClient: Flail Lockout Fast Test: '100'  Change '0.1'
10-24 10:34:18.713  3193  3218 I VrRuntimeClient: Flail Lockout Menu button: 1
10-24 10:34:18.713  3193  3218 D VrRuntimeClient: VrRuntimeClient: initialize. inContext: com.epicgames.ue4.GameActivity@63099cd
10-24 10:34:18.721  2152  3048 W TimeWarp: FetchFrame: client(0) is enabled, but shared memory is not set
10-24 10:34:18.721  2152  3048 W TimeWarp: FetchFrame: client(0) is enabled, but shared memory is not set
10-24 10:34:18.724  3193  3218 I VrApi   : IsFocusAware: 0
10-24 10:34:18.724  2152  2152 D VrRuntimeService: onStartCommand
10-24 10:34:18.725  3193  3218 D LoggingService: Binding to logging service
10-24 10:34:18.725  3193  3218 D LoggingService: Logging Package version: 10.0.0.111.515
10-24 10:34:18.727  3193  3218 I Breakpad: Breakpad Init
10-24 10:34:18.727  3193  3193 D LoggingService: Connected to logging service: ComponentInfo{com.oculus.horizon/com.oculus.horizon.service.SDKLoggingService}
10-24 10:34:18.729  1056  1224 E TaskPersister: File error accessing recents directory (directory doesn't exist?).
10-24 10:34:18.731   546   591 V audio_hw_primary: stop_output_stream: enter: usecase(1: low-latency-playback)
10-24 10:34:18.731   546   591 V audio_hw_primary: disable_audio_route: enter: usecase(1)
10-24 10:34:18.731   546   591 D audio_hw_primary: disable_audio_route: reset and update mixer path: low-latency-playback speaker
10-24 10:34:18.732   546   591 V audio_hw_primary: disable_audio_route: exit
10-24 10:34:18.735  2152  3048 W TimeWarp: FetchFrame: client(0) is enabled, but shared memory is not set
10-24 10:34:18.735  2152  3048 W TimeWarp: FetchFrame: client(0) is enabled, but shared memory is not set
10-24 10:34:18.737   546   591 D hardware_info: hw_info_append_hw_type : device_name = speaker
10-24 10:34:18.737   546   591 D audio_hw_primary: disable_snd_device: snd_device(2: speaker)
10-24 10:34:18.737   546   591 D msm8974_platform: platform_split_snd_device: snd_device(2) new_snd_devices (speaker)
10-24 10:34:18.739   705  3056 W [CT]    : CONSTELLATION:MATCHING: [Camera 3] Brute matching timed out after 200/1113 iterations.
10-24 10:34:18.739   705  3056 W [CT]    : CONSTELLATION:MATCHING: [Camera 3] Brute matching timed out after 0/1071 iterations.
10-24 10:34:18.747  3193  3218 I Breakpad: Mobile Breakpad GK is disabled
10-24 10:34:18.747  3193  3218 I Breakpad: Breakpad for Native crashes disabled
10-24 10:34:18.748  3193  3218 D SystemActivitiesReceiver: Registering Oculus System Activity receiver
10-24 10:34:18.748   546   591 V audio_hw_primary: stop_output_stream: exit: status(0)
10-24 10:34:18.748   546   591 D audio_hw_primary: out_standby: exit
10-24 10:34:18.749  2152  3048 W TimeWarp: FetchFrame: client(0) is enabled, but shared memory is not set
10-24 10:34:18.749  2152  3048 W TimeWarp: FetchFrame: client(0) is enabled, but shared memory is not set
10-24 10:34:18.761  3193  3218 I SystemUtils_Internal: ShellSystemUtilsAnytimeUICapability: 2
10-24 10:34:18.761  3193  3218 D VrRuntimeClient: connectToService
10-24 10:34:18.761  3193  3218 D VrRuntimeClient: VrRuntimeClient: creating new service
10-24 10:34:18.763  2152  3048 W TimeWarp: FetchFrame: client(0) is enabled, but shared memory is not set
10-24 10:34:18.763  2152  2152 D VrRuntimeService: onStartCommand
10-24 10:34:18.763  2152  3048 W TimeWarp: FetchFrame: client(0) is enabled, but shared memory is not set
10-24 10:34:18.764  3193  3350 D VrRuntimeClient: VrRuntimeClient: Service connected.
10-24 10:34:18.765  3193  3218 D VrRuntimeClient: VrRuntimeClient: Waiting on connection...
10-24 10:34:18.772  2152  2166 I ClientMgr: ClientMgr::CreateClient: 3193:com.YourCompany.LastResisters
10-24 10:34:18.772  2152  2166 I SharedMemoryServer: SharedMemoryServer::MapMemory: Allocated shared memory fd 91 (VrRuntimeService_PrivateReadWrite_com.YourCompany.LastResisters)
10-24 10:34:18.772   705  3056 W [CT]    : CONSTELLATION:MATCHING: [Camera 0] Brute matching timed out after 400/636 iterations.
10-24 10:34:18.773   705  3056 W [CT]    : CONSTELLATION:MATCHING: [Camera 2] Brute matching timed out after 0/459 iterations.
10-24 10:34:18.773  2152  2166 W Vulkan_Utils: Memory type 24 with properties 10 not found.
10-24 10:34:18.773  2152  2166 I BufferObject: ovrBufferObjectFactory::Initialize BufferSize=4096, Fd=93, AllocSize=9568, VkBuffer=0x7f5b5f6600, VkMemory=0x7f5b5b2f80, Mapping=0x7f60a03000
10-24 10:34:18.773  2152  2166 I GuardianSystem: SetCurrentPackageName: com.YourCompany.LastResisters
10-24 10:34:18.773  2152  2166 I GuardianSystem: SetCurrentPackageName: Return package changed: com.YourCompany.LastResisters
10-24 10:34:18.774  2152  2164 D VrRuntimeService: IVrRuntimeClient.Stub().getSharedMemoryFileDescriptor()
10-24 10:34:18.774  2152  2164 I VrRuntimeService: SharedMemoryDebug: nativeGetSharedMemoryPublicReadOnlyFd: 35
10-24 10:34:18.774  2152  2164 D VrRuntimeService: getSharedMemoryFileDescriptor fd (VrRuntimeService) 35
10-24 10:34:18.775  2152  2416 D VrRuntimeService: IVrRuntimeClient.Stub().getSharedMemoryPrivateReadWriteFileDescriptor()
10-24 10:34:18.775  2152  2416 I VrRuntimeService: SharedMemoryDebug: nativeGetSharedMemoryPrivateReadWriteFd: 91
10-24 10:34:18.775  2152  2416 D VrRuntimeService: getSharedMemoryPrivateReadWriteFileDescriptor fd (VrRuntimeService) 91
10-24 10:34:18.776  2152  2166 D VrRuntimeService: IVrRuntimeClient.Stub().getBufferObjectImportInfo()
10-24 10:34:18.776  2152  3048 W TimeWarp: FetchFrame: client(0) is enabled, but shared memory is not set
10-24 10:34:18.777  2152  3048 W TimeWarp: FetchFrame: client(0) is enabled, but shared memory is not set
10-24 10:34:18.777  3193  3350 I VrRuntimeClient: nativeRuntimeServiceConnected: publicReadOnlyFd=72, privateReadWriteFd=73, bufferObjectFd=74
10-24 10:34:18.778  3193  3218 D VrRuntimeClient: VrRuntimeClient: connectionIsReady: true
10-24 10:34:18.778  3193  3218 D VrRuntimeClient: VrRuntimeClient: context.bindService SUCCESS
10-24 10:34:18.778  3193  3218 I Distortion: SetLensPositions - iad=0.0635, left offset=-0.002986,-0.00272, right offset=0.002986,-0.00272
10-24 10:34:18.778  3193  3218 I Distortion: SetLensPositions - iad=0.0635, left offset=-0.002986,-0.00272, right offset=0.002986,-0.00272
10-24 10:34:18.778  3193  3218 I OSSDK   : CalibrationManager: Using standalone implementation
10-24 10:34:18.787  3193  3218 I Distortion: Loaded distortion file from Calibration Manager
10-24 10:34:18.787  3193  3218 I Distortion: ovrDistortionMeshHeader::magic = 0x56347807
10-24 10:34:18.787  3193  3218 I Distortion: ovrDistortionMeshHeader::deviceModel = 0x101
10-24 10:34:18.787  3193  3218 I Distortion: ovrDistortionMeshHeader::headsetModel = 0x103
10-24 10:34:18.787  3193  3218 I Distortion: ovrDistortionMeshHeader::eyeBlocksWide = 32
10-24 10:34:18.787  3193  3218 I Distortion: ovrDistortionMeshHeader::eyeBlocksHigh = 32
10-24 10:34:18.787  3193  3218 I Distortion: ovrDistortionMeshHeader::lensSeparationMeters = 0.053428
10-24 10:34:18.787  3193  3218 I Distortion: ovrDistortionMeshHeader::horizontalOffsetMeters = 0.000000
10-24 10:34:18.787  3193  3218 I Distortion: ovrDistortionMeshHeader::displayWidthMeters = 0.118800
10-24 10:34:18.787  3193  3218 I Distortion: ovrDistortionMeshHeader::displayHeightMeters = 0.066000
10-24 10:34:18.787  3193  3218 I Distortion: ovrDistortionMeshHeader::displayWidthPixels = 2880
10-24 10:34:18.787  3193  3218 I Distortion: ovrDistortionMeshHeader::displayHeightPixels = 1600
10-24 10:34:18.787  3193  3218 I Distortion: ovrDistortionMeshHeader::eyeTextureWidthPixels = 1216
10-24 10:34:18.787  3193  3218 I Distortion: ovrDistortionMeshHeader::eyeTextureHeightPixels = 1344
10-24 10:34:18.787  3193  3218 I Distortion: ovrDistortionMeshHeader::leftEye = up 47.000000 / down 53.000000 / left 52.000000 / right 42.000000
10-24 10:34:18.787  3193  3218 I Distortion: ovrDistortionMeshHeader::rightEye = up 47.000000 / down 53.000000 / left 42.000000 / right 52.000000
10-24 10:34:18.787  3193  3218 I TrackingServiceClient: initialize
10-24 10:34:18.787  3193  3218 D TrackingServiceClient: onInitialize
10-24 10:34:18.790  2152  3048 W TimeWarp: FetchFrame: client(0) is enabled, but shared memory is not set
10-24 10:34:18.790  3193  3218 I InputHooks: InitializeInputHooks
10-24 10:34:18.790  3193  3218 I InputHooks: InitializeInputHooks create
10-24 10:34:18.790  3193  3218 I InputHooks: InitializeInputHookscreated calling init
10-24 10:34:18.790  3193  3218 I InputHooks_Internal: SetReorientHMDOnControllerRecenter = false
10-24 10:34:18.791  3193  3218 I InputHooks_Internal: SetBlockRemoteButtonsWhenNotEmulatingHMT = true
10-24 10:34:18.791  3193  3218 I InputHooks_Internal: SetLatchBackButtonEntireFrame = true
10-24 10:34:18.791  3193  3218 D VrRuntimeClient: getClient6dofEntitlementMode for com.YourCompany.LastResisters
10-24 10:34:18.791  2152  3048 W TimeWarp: FetchFrame: client(0) is enabled, but shared memory is not set
10-24 10:34:18.804  2152  3048 W TimeWarp: FetchFrame: client(0) is enabled, but shared memory is not set
10-24 10:34:18.805  2152  3048 W TimeWarp: FetchFrame: client(0) is enabled, but shared memory is not set
10-24 10:34:18.806   705  3056 W [CT]    : CONSTELLATION:MATCHING: [Camera 0] Brute matching timed out after 300/477 iterations.
10-24 10:34:18.806   705  3056 W [CT]    : CONSTELLATION:MATCHING: [Camera 3] Brute matching timed out after 0/1071 iterations.
10-24 10:34:18.818  2152  3048 W TimeWarp: FetchFrame: client(0) is enabled, but shared memory is not set
10-24 10:34:18.819  2152  3048 W TimeWarp: FetchFrame: client(0) is enabled, but shared memory is not set
10-24 10:34:18.821  2101  2115 W PublicLibraryProvider: Cannot find entitlement for com.YourCompany.LastResisters
10-24 10:34:18.822  3193  3218 I VrApi   : ----------- vrapi_Initialize [end] ----------
10-24 10:34:18.822  3193  3218 I GoCompatibility: Determining Emulation mode for com.YourCompany.LastResisters
10-24 10:34:18.822  3193  3218 I GoCompatibility: enitlement mode unkown so checking manifest for Go Compatibility
10-24 10:34:18.822  3193  3218 D GoCompatibility: PackageName: com.YourCompany.LastResisters
10-24 10:34:18.823  3193  3218 I GoCompatibility: headtracking feature in manifest, GoCompatibility disabled.
10-24 10:34:18.823  3193  3218 I OVRPlugin: VkInstanceExtensions:
10-24 10:34:18.823  3193  3218 I OVRPlugin:   VK_KHR_surface
10-24 10:34:18.823  3193  3218 I OVRPlugin:   VK_KHR_android_surface
10-24 10:34:18.823  3193  3218 I OVRPlugin:   VK_KHR_get_physical_device_properties2
10-24 10:34:18.823  3193  3218 I OVRPlugin: VkDeviceExtensions:
10-24 10:34:18.823  3193  3218 I OVRPlugin:   VK_KHR_swapchain
10-24 10:34:18.823  3193  3218 I OVRPlugin:   VK_KHR_external_memory_fd
10-24 10:34:18.823  3193  3218 I GoCompatibility: GoCompatibility: vrapi_shutdown_Hooked()
10-24 10:34:18.823  3193  3218 I VrApi   : ------------ vrapi_Shutdown [start] -----------
10-24 10:34:18.823  3193  3218 D TrackingServiceClient: onShutdown
10-24 10:34:18.823  3193  3218 D SystemActivitiesReceiver: Unregistering Oculus System Activity receiver
10-24 10:34:18.832  2152  3048 W TimeWarp: FetchFrame: client(0) is enabled, but shared memory is not set
10-24 10:34:18.833  2152  3048 W TimeWarp: FetchFrame: client(0) is enabled, but shared memory is not set
10-24 10:34:18.839   705  3056 W [CT]    : CONSTELLATION:MATCHING: [Camera 3] Brute matching timed out after 1200/1377 iterations.
10-24 10:34:18.840   705  3056 W [CT]    : CONSTELLATION:MATCHING: [Camera 2] Brute matching timed out after 0/954 iterations.
10-24 10:34:18.840   705  3056 W [CT]    : CONSTELLATION:MATCHING: [Camera 0] Brute matching timed out after 0/306 iterations.
10-24 10:34:18.846  2152  3048 W TimeWarp: FetchFrame: client(0) is enabled, but shared memory is not set
10-24 10:34:18.847  2152  3048 W TimeWarp: FetchFrame: client(0) is enabled, but shared memory is not set
10-24 10:34:18.860  2152  3048 W TimeWarp: FetchFrame: client(0) is enabled, but shared memory is not set
10-24 10:34:18.861  2152  3048 W TimeWarp: FetchFrame: client(0) is enabled, but shared memory is not set
10-24 10:34:18.867   705  3338 I [CT]    : VIPER: [floorplane] Floor height has been updated to 1.21614 meters.
10-24 10:34:18.870  3193  3218 I Breakpad: Breakpad Shutdown
10-24 10:34:18.870  3193  3218 I AudioCapture: AudioCapture::Shutdown
10-24 10:34:18.870  3193  3218 I AudioCapture: AudioCapture::StopAudioConsumerThread
10-24 10:34:18.870  3193  3218 I AudioCapture: AudioCapture::StopAudioConsumerThread COMPLETE
10-24 10:34:18.870  3193  3218 I AudioCapture: AudioCapture::Shutdown COMPLETE
10-24 10:34:18.870  3193  3218 I VrRuntimeClient: DisableGlFunctionHooks
10-24 10:34:18.870  3193  3218 I BufferObject: ovrBufferObjectFactory::Shutdown
10-24 10:34:18.870  3193  3218 I BufferObject: ovrBufferObjectFactory: closing fd=74
10-24 10:34:18.870  3193  3218 I RenderUtils: ovrRenderUtils::Shutdown - not initialized
10-24 10:34:18.870  3193  3218 D VrRuntimeClient: VrRuntimeClient: shutdown.
10-24 10:34:18.870  3193  3218 D VrRuntimeClient: VrRuntimeClient: Performing disconnect
10-24 10:34:18.870  2152  2416 D VrRuntimeService: VrRuntimeService: destroyClientInternal: com.YourCompany.LastResisters, pid: 3193, window: null
10-24 10:34:18.871  2152  2416 I ClientMgr: ClientMgr::DestroyClient: 3193:com.YourCompany.LastResisters
10-24 10:34:18.871  2152  2416 I ClientMgr: ClientMgr::DestroyClient: non-deferred ShutdownResources: 18446744073709551615 == 18446744073709551615 
10-24 10:34:18.871  2152  2416 I BufferObject: ovrBufferObjectFactory::Shutdown
10-24 10:34:18.871  2152  2416 I BufferObject: ovrBufferObjectFactory: closing fd=93
10-24 10:34:18.871  2152  2416 I BufferObject: ovrBufferObjectFactory: unmapping Vulkan memory
10-24 10:34:18.871  2152  2416 I BufferObject: ovrBufferObjectFactory: destroying Vulkan buffer=546993825280
10-24 10:34:18.871  2152  2416 I BufferObject: ovrBufferObjectFactory: freeing Vulkan memory=546993549184
10-24 10:34:18.872   545   580 W SurfaceFlinger: Ignoring duplicate VSYNC event from HWC (t=109597114071)
10-24 10:34:18.873   705  3056 W [CT]    : CONSTELLATION:MATCHING: [Camera 3] Brute matching timed out after 600/1272 iterations.
10-24 10:34:18.873   705  3056 W [CT]    : CONSTELLATION:MATCHING: [Camera 3] Brute matching timed out after 0/1224 iterations.
10-24 10:34:18.874  2152  3048 W TimeWarp: FetchFrame: client(0) is enabled, but shared memory is not set
10-24 10:34:18.875  2152  3048 W TimeWarp: FetchFrame: client(0) is enabled, but shared memory is not set
10-24 10:34:18.881  3193  3218 I VrRuntimeClient: nativeRuntimeServiceConnected: publicReadOnlyFd=-1, privateReadWriteFd=-1, bufferObjectFd=-1
10-24 10:34:18.885  3193  3218 I VrApi   : ------------ vrapi_Shutdown [end] -----------
10-24 10:34:18.885  3193  3218 I OVRPlugin: ProfilerSystem: verbose mode 0
10-24 10:34:18.886  3193  3218 D UE4     : LogInit: Build: ++UE4+Release-4.23-CL-8386587
10-24 10:34:18.886  3193  3218 D UE4     : LogInit: Engine Version: 4.23.0-8386587+++UE4+Release-4.23
10-24 10:34:18.886  3193  3218 D UE4     : LogInit: Compatible Engine Version: 4.23.0-8386587+++UE4+Release-4.23
10-24 10:34:18.886  3193  3218 D UE4     : LogInit: Net CL: 8386587
10-24 10:34:18.886  3193  3218 D UE4     : LogInit: OS: Android (7.1.1), CPU: Quest, GPU: Adreno (TM) 540
10-24 10:34:18.886  3193  3218 D UE4     : LogInit: Compiled (32-bit): Aug 31 2019 02:50:29
10-24 10:34:18.886  3193  3218 D UE4     : LogInit: Compiled with Clang: 3.8.275480 
10-24 10:34:18.886  3193  3218 D UE4     : LogInit: Build Configuration: Development
10-24 10:34:18.886  3193  3218 D UE4     : LogInit: Branch Name: ++UE4+Release-4.23
10-24 10:34:18.886  3193  3218 D UE4     : LogInit: Command Line:   /Game/VirtualRealityBP/Maps/Stage1Proto -Messaging -SessionId=8D6BDFA34712646510445F943C50BA9E -SessionOwner="trident" -SessionName="Launch On Device" -iterative
10-24 10:34:18.886  3193  3218 D UE4     : LogInit: Base Directory: 
10-24 10:34:18.886  3193  3218 D UE4     : LogInit: Installed Engine Build: 0
10-24 10:34:18.886  3193  3218 D UE4     : LogDevObjectVersion: Number of dev versions registered: 23
10-24 10:34:18.886  3193  3218 D UE4     : LogDevObjectVersion:   Dev-Blueprints (B0D832E4-1F89-4F0D-ACCF-7EB736FD4AA2): 10
10-24 10:34:18.886  3193  3218 D UE4     : LogDevObjectVersion:   Dev-Build (E1C64328-A22C-4D53-A36C-8E866417BD8C): 0
10-24 10:34:18.886  3193  3218 D UE4     : LogDevObjectVersion:   Dev-Core (375EC13C-06E4-48FB-B500-84F0262A717E): 3
10-24 10:34:18.886  3193  3218 D UE4     : LogDevObjectVersion:   Dev-Editor (E4B068ED-F494-42E9-A231-DA0B2E46BB41): 34
10-24 10:34:18.886  3193  3218 D UE4     : LogDevObjectVersion:   Dev-Framework (CFFC743F-43B0-4480-9391-14DF171D2073): 35
10-24 10:34:18.886  3193  3218 D UE4     : LogDevObjectVersion:   Dev-Mobile (B02B49B5-BB20-44E9-A304-32B752E40360): 2
10-24 10:34:18.886  3193  3218 D UE4     : LogDevObjectVersion:   Dev-Networking (A4E4105C-59A1-49B5-A7C5-40C4547EDFEE): 0
10-24 10:34:18.886  3193  3218 D UE4     : LogDevObjectVersion:   Dev-Online (39C831C9-5AE6-47DC-9A44-9C173E1C8E7C): 0
10-24 10:34:18.886  3193  3218 D UE4     : LogDevObjectVersion:   Dev-Physics (78F01B33-EBEA-4F98-B9B4-84EACCB95AA2): 0
10-24 10:34:18.886  3193  3218 D UE4     : LogDevObjectVersion:   Dev-Platform (6631380F-2D4D-43E0-8009-CF276956A95A): 0
10-24 10:34:18.886  3193  3218 D UE4     : LogDevObjectVersion:   Dev-Rendering (12F88B9F-8875-4AFC-A67C-D90C383ABD29): 31
10-24 10:34:18.886  3193  3218 D UE4     : LogDevObjectVersion:   Dev-Sequencer (7B5AE74C-D270-4C10-A958-57980B212A5A): 11
10-24 10:34:18.886  3193  3218 D UE4     : LogDevObjectVersion:   Dev-VR (D7296918-1DD6-4BDD-9DE2-64A83CC13884): 2
10-24 10:34:18.886  3193  3218 D UE4     : LogDevObjectVersion:   Dev-LoadTimes (C2A15278-BFE7-4AFE-6C17-90FF531DF755): 1
10-24 10:34:18.886  3193  3218 D UE4     : LogDevObjectVersion:   Private-Geometry (6EACA3D4-40EC-4CC1-B786-8BED09428FC5): 3
10-24 10:34:18.886  3193  3218 D UE4     : LogDevObjectVersion:   Dev-AnimPhys (29E575DD-E0A3-4627-9D10-D276232CDCEA): 17
10-24 10:34:18.886  3193  3218 D UE4     : LogDevObjectVersion:   Dev-Anim (AF43A65D-7FD3-4947-9873-3E8ED9C1BB05): 2
10-24 10:34:18.886  3193  3218 D UE4     : LogDevObjectVersion:   Dev-ReflectionCapture (6B266CEC-1EC7-4B8F-A30B-E4D90942FC07): 1
10-24 10:34:18.886  3193  3218 D UE4     : LogDevObjectVersion:   Dev-Automation (0DF73D61-A23F-47EA-B727-89E90C41499A): 1
10-24 10:34:18.886  3193  3218 D UE4     : LogDevObjectVersion:   FortniteMain (601D1886-AC64-4F84-AA16-D3DE0DEAC7D6): 27
10-24 10:34:18.886  3193  3218 D UE4     : LogDevObjectVersion:   Dev-Enterprise (9DFFBCD6-494F-0158-E221-12823C92A888): 6
10-24 10:34:18.886  3193  3218 D UE4     : LogDevObjectVersion:   Dev-Niagara (F2AED0AC-9AFE-416F-8664-AA7FFA26D6FC): 1
10-24 10:34:18.886  3193  3218 D UE4     : LogDevObjectVersion:   Dev-Destruction (174F1F0B-B4C6-45A5-B13F-2EE8D0FB917D): 9
10-24 10:34:18.886  2152  2412 I GuardianSystem: ForceShowGuardian: false, 3.00
10-24 10:34:18.886  2152  2412 I GuardianSystem: ForceShowGuardian: Soft fade out: 1.00
10-24 10:34:18.888  2152  3048 W TimeWarp: FetchFrame: client(0) is enabled, but shared memory is not set
10-24 10:34:18.888  2152  3048 W TimeWarp: FetchFrame: client(0) is enabled, but shared memory is not set
10-24 10:34:18.888  2152  2412 I ClientMgr: Stop pushing black after mount. Show Guardian.
10-24 10:34:18.893  2152  2409 I GuardianSystem: GuardianSystem::BroadcastInfoToShell systemux://guardian/update_state 
10-24 10:34:18.893  2152  2409 D VrRuntimeService: sendBroadcastIntent - action: 'com.oculus.vrshell.intent.action.GUARDIAN' data: 'systemux://guardian/update_state' intent_pkg: com.YourCompany.LastResisters intent_cmd: 
10-24 10:34:18.895  2152  3048 I GuardianRender: GuardianRender: Rendering status changed: true
10-24 10:34:18.896  2152  3012 I GuardianRender: BuildOptimalMeshFromPoints: Original: 81, New: 90, Triangles: 2288
10-24 10:34:18.896  2152  3012 I GuardianRender: BuildOptimalMeshFromPoints: Original: 216, New: 88, Triangles: 2236
10-24 10:34:18.899  1868  1868 D [OAR] ShellControlBroadcastReceiver: onReceive with MainActivity native pointer 4026077656, action com.oculus.vrshell.intent.action.GUARDIAN
10-24 10:34:18.902  1868  1868 D [OAR] ShellControlBroadcastReceiver: Shell backgrounded or not running.
10-24 10:34:18.902  1868  1868 D [OAR] ShellControlBroadcastReceiver: Data URI is systemux://guardian/update_state
10-24 10:34:18.902  2152  3048 W TimeWarp: FetchFrame: client(0) is enabled, but shared memory is not set
10-24 10:34:18.902  2152  3048 W TimeWarp: FetchFrame: client(0) is enabled, but shared memory is not set
10-24 10:34:18.904  1056  1585 D NonVrActivityIntentWrapper: Is Intent { act=com.oculus.vrshell.intent.action.LAUNCH flg=0x10000000 cmp=com.oculus.vrshell/.MainActivity (has extras) }, a valid launch intent: false
10-24 10:34:18.904  1056  1585 I ActivityManager: START u0 {act=com.oculus.vrshell.intent.action.LAUNCH flg=0x10000000 cmp=com.oculus.vrshell/.MainActivity (has extras)} from uid 10024 on display 0
10-24 10:34:18.906   705  3056 W [CT]    : CONSTELLATION:MATCHING: [Camera 2] Brute matching timed out after 0/954 iterations.
10-24 10:34:18.906   705  3056 W [CT]    : CONSTELLATION:MATCHING: [Camera 0] Brute matching timed out after 0/153 iterations.
10-24 10:34:18.916  2152  3048 W TimeWarp: FetchFrame: client(0) is enabled, but shared memory is not set
10-24 10:34:18.916  3193  3218 D UE4     : LogInit: Presizing for max 131072 objects, including 1 objects not considered by GC, pre-allocating 0 bytes for permanent pool.
10-24 10:34:18.918  3193  3218 D UE4     : LogStreaming: Display: Async Loading initialized: Event Driven Loader: true, Async Loading Thread: false, Async Post Load: true
10-24 10:34:18.919  3193  3219 D UE4     : LogAndroid: Case APP_CMD_LOST_FOCUS
10-24 10:34:18.919  3193  3219 D UE4     : LogAndroidEvents::EnqueueAppEvent : 10, 0, tid = 3219, APP_EVENT_STATE_WINDOW_LOST_FOCUS
10-24 10:34:18.921  2152  3048 I TimeWarpProgs: loaded binary layerProgram 0:0x420387:0x0 in 5.5 ms
10-24 10:34:18.922  2152  3048 W TimeWarp: FetchFrame: client(0) is enabled, but shared memory is not set
10-24 10:34:18.922   705  3057 I [CT]    : HealthReport: ==================================================
10-24 10:34:18.922   705  3057 I [CT]    : Health Report
10-24 10:34:18.922   705  3057 I [CT]    : -------------
10-24 10:34:18.922   705  3057 I [CT]    : 
10-24 10:34:18.922   705  3057 I [CT]    : Reporter #1 (InsideOutHealthMonitor) summary:
10-24 10:34:18.922   705  3057 I [CT]    : Camera: Total Dropped: 0.000000, Total Frame Count: 150 (0.000000%), Camera Reset Count: 0
10-24 10:34:18.922   705  3057 I [CT]    : Camera: Total Single Camera Frame Dropped: 0, Total Frame Count: 150 (0.000000%)
10-24 10:34:18.922   705  3057 I [CT]    : IMU: Total Dropped: 0.000000, Total Sample Count: 5472 (0.000000%)
10-24 10:34:18.922   705  3057 I [CT]    : Magnetometer: Total Dropped: 0.000000, Total Sample Count: 165 (0.000000%)
10-24 10:34:18.922   705  3057 I [CT]    : 
10-24 10:34:18.922   705  3057 I [CT]    : Reporter #1 (InsideOutHealthMonitor) Passed
10-24 10:34:18.922   705  3057 I [CT]    : --------------------------------------------------
10-24 10:34:18.922   705  3057 I [CT]    : Reporter #2 (ConstellationHealthMonitor) summary:
10-24 10:34:18.922   705  3057 I [CT]    : Camera: Total Dropped: 0.000000, Total Frame Count: 151 (0.000000%), Camera Reset Count: 1
10-24 10:34:18.922   705  3057 I [CT]    : Camera: Total Single Camera Frame Dropped: 0, Total Frame Count: 151 (0.000000%)
10-24 10:34:18.922   705  3057 I [CT]    : Controller 1122628778328220990:
10-24 10:34:18.922   705  3057 I [CT]    : IMU: Capture period exceeded threshold.  Largest period: 1.361271 sec
10-24 10:34:18.922   705  3057 I [CT]    : Controllers may have been sleeping
10-24 10:34:18.922   705  3057 I [CT]    : IMU: Total Dropped: 0.000000, Total Sample Count: 2228.047500 (0.000000%)
10-24 10:34:18.922   705  3057 I [CT]    : Controller 6776806836185477697:
10-24 10:34:18.922   705  3057 I [CT]    : IMU: Cap
10-24 10:34:18.924  3193  3193 D UE4     : onPause: stop memory reporter runnable
10-24 10:34:18.924  3193  3193 D UE4     : Unregistering sensor listeners
10-24 10:34:18.924  3193  3219 D UE4     : Case APP_CMD_PAUSE
10-24 10:34:18.924  3193  3219 D UE4     : LogAndroid: Case APP_CMD_PAUSE
10-24 10:34:18.924  3193  3219 D UE4     : LogAndroidEvents::EnqueueAppEvent : 6, 0, tid = 3219, APP_EVENT_STATE_ON_PAUSE
10-24 10:34:18.924  3193  3193 D UE4     : ==============> GameActive.onPause complete!
10-24 10:34:18.930  2152  3048 W TimeWarp: FetchFrame: client(0) is enabled, but shared memory is not set
10-24 10:34:18.930  2152  3048 W TimeWarp: FetchFrame: client(0) is enabled, but shared memory is not set
10-24 10:34:18.939   705  3056 W [CT]    : CONSTELLATION:MATCHING: [Camera 2] Brute matching timed out after 300/954 iterations.
10-24 10:34:18.939   705  3056 W [CT]    : CONSTELLATION:MATCHING: [Camera 3] Brute matching timed out after 0/1071 iterations.
10-24 10:34:18.943  1868  1868 D [OAR] MainActivity: onNewIntent()
10-24 10:34:18.944  2152  3048 W TimeWarp: FetchFrame: client(0) is enabled, but shared memory is not set
10-24 10:34:18.944  1868  1943 I [OAR] ShellApp: 0xd4d6a388 msg: intent
10-24 10:34:18.944  1868  1943 I [OAR] SystemUXController: System UX, targetComponent = systemux://guardian/update_state, uri = , returnComponent = com.YourCompany.LastResisters
10-24 10:34:18.944  1868  1943 I [OAR] GuardianController: GuardianController::ParseShellUri: systemux://guardian/update_state, com.YourCompany.LastResisters, intent, 
10-24 10:34:18.944  1868  1943 I [OAR] GuardianController: Guardian setup parsed URI, scheme = systemux, host = guardian, port = 0, path = update_state
10-24 10:34:18.944  1868  1943 I [OAR] GuardianController: Received wake up notification from Guardian System
10-24 10:34:18.944  2152  3048 W TimeWarp: FetchFrame: client(0) is enabled, but shared memory is not set
10-24 10:34:18.945  1868  1868 D [OAR] MainActivity: onResume()
10-24 10:34:18.956  3193  3219 D UE4     : LogAndroid: Case APP_CMD_SAVE_STATE
10-24 10:34:18.956  3193  3219 D UE4     : LogAndroidEvents::EnqueueAppEvent : 12, 0, tid = 3219, APP_EVENT_STATE_SAVE_STATE
10-24 10:34:18.957  2152  3048 W TimeWarp: FetchFrame: client(0) is enabled, but shared memory is not set
10-24 10:34:18.958  2152  3048 W TimeWarp: FetchFrame: client(0) is enabled, but shared memory is not set
10-24 10:34:18.964  1868  1868 D [OAR] CompanionServerPreferencesHandler: Updating companion server prefs
10-24 10:34:18.964  1868  1943 I [OAR] ShellApp: 0xd4d6a388 msg: resume
10-24 10:34:18.964  1868  1868 D [OAR] CompanionServerPreferencesHandler: updateVrReady: false
10-24 10:34:18.964  1868  1868 D [OAR] CompanionServerPreferencesHandler: updateNuxComplete: false
10-24 10:34:18.964  1868  1868 D [OAR] CompanionServerPreferencesHandler: updateNuxFlow: false
10-24 10:34:18.971  2152  3048 W TimeWarp: FetchFrame: client(0) is enabled, but shared memory is not set
10-24 10:34:18.972  2152  3048 W TimeWarp: FetchFrame: client(0) is enabled, but shared memory is not set
10-24 10:34:18.973   705  3056 W [CT]    : CONSTELLATION:MATCHING: [Camera 0] Brute matching timed out after 100/477 iterations.
10-24 10:34:18.973   705  3056 W [CT]    : CONSTELLATION:MATCHING: [Camera 2] Brute matching timed out after 0/1071 iterations.
10-24 10:34:18.984  3193  3219 D UE4     : LogAndroid: Case APP_CMD_STOP
10-24 10:34:18.984  3193  3219 D UE4     : LogAndroidEvents::EnqueueAppEvent : 8, 0, tid = 3219, APP_EVENT_STATE_ON_STOP
10-24 10:34:18.985  2152  3048 W TimeWarp: FetchFrame: client(0) is enabled, but shared memory is not set
10-24 10:34:18.986  2152  3048 W TimeWarp: FetchFrame: client(0) is enabled, but shared memory is not set
10-24 10:34:18.988  3193  3193 D UE4     : ==============> GameActive.onStop complete!
10-24 10:34:18.989  3193  3193 D UE4     : ==============> GameActive.onTrimMemory(TRIM_MEMORY_UI_HIDDEN) called!
10-24 10:34:18.990  1868  1868 D [OAR] MainActivity: com.oculus.vrshell.MainActivity@5860240 surfaceCreated()
10-24 10:34:18.990  1868  1868 I [OAR] ShellMain:     looperMessageQueue->PostPrintf("surfaceCreated 0xeecb6008")
10-24 10:34:18.990  1868  1868 D [OAR] MainActivity: com.oculus.vrshell.MainActivity@5860240 surfaceChanged() format: 4 width: 2880 height: 1600
10-24 10:34:18.990  1868  1868 I [OAR] ShellMain:     ANativeWindow_release(newNativeWindow)
10-24 10:34:18.990  1868  1943 I [OAR] ShellApp: 0xd4d6a388 msg: surfaceCreated 0xeecb6008
10-24 10:34:18.990  1868  1943 I [OAR] ShellApp: ---------- ShellApp::EnterVrMode() ----------
10-24 10:34:18.990  1868  1943 I [OAR] ShellApp: phone is in developer mode
10-24 10:34:18.990  1868  1943 I [OAR] ShellApp: vrapi_EnterVrMode()
10-24 10:34:18.990  1868  1943 I VrApi   : ---------- vrapi_EnterVrMode [start] ----------
10-24 10:34:18.991  1868  1943 D InputHooksJava: Enabling Java Input Hooks
10-24 10:34:18.991  1868  1943 I VrRuntimeClient: Tracing is disabled
10-24 10:34:18.993  1868  1943 D VrApi   : targetSDKVersion 25
10-24 10:34:18.998  1868  1943 I VrRuntimeClient: DEVICE MODEL NUMBER = Quest
10-24 10:34:18.998  1868  1943 I VrRuntimeClient: DEVICE HARDWARE = monterey
10-24 10:34:18.998  1868  1943 I VrRuntimeClient: DEVICE BUILD NAME = user-396520.6170.0
10-24 10:34:18.998  1868  1943 I VrRuntimeClient: DEVICE BUILD TYPE = user
10-24 10:34:18.998  1868  1943 I VrRuntimeClient: DEVICE OS VERSION = 7.1.1
10-24 10:34:18.998  1868  1943 I VrRuntimeClient: VRRUNTIME VERSION = VRAPI_VERSION_BEGIN { 1.1.27.0-178455920-178455920 Oct 17 2019 20:40:08 Development } RELEASE
10-24 10:34:18.998  1868  1943 I VrRuntimeClient: API LOADER VERSION = 1.1.25.0
10-24 10:34:18.998  1868  1943 I VrRuntimeClient: VRDRIVER VERSION = 10.0.0.143.427
10-24 10:34:18.998  1868  1943 I VrRuntimeClient: APP NAME = Oculus App Runtime
10-24 10:34:18.998  1868  1943 I VrRuntimeClient: APP VERSION = 10.0.0.143.427 versionCode 178455526 internalVersionName 10.0.0.143.427.5f7997c54f2b 2019_10_17_20_36
10-24 10:34:18.998  1868  1943 I VrRuntimeClient: APP VR TYPE = vr_only
10-24 10:34:18.998  1868  1943 I VrRuntimeClient: APP PACKAGE NAME = com.oculus.vrshell
10-24 10:34:18.998  1868  1943 I VrRuntimeClient: APP ACTIVITY CLASS = com.oculus.vrshell.MainActivity
10-24 10:34:18.998  1868  1943 D BatteryReceiver: Registering battery receiver
10-24 10:34:18.999  2152  3048 W TimeWarp: FetchFrame: client(0) is enabled, but shared memory is not set
10-24 10:34:19.000  2152  3048 W TimeWarp: FetchFrame: client(0) is enabled, but shared memory is not set
10-24 10:34:19.006   705  3056 W [CT]    : CONSTELLATION:MATCHING: [Camera 2] Brute matching timed out after 800/1071 iterations.
10-24 10:34:19.007  1868  1943 D HeadsetReceiver: getCurrentHeadsetState: false
10-24 10:34:19.007  1868  1943 I DeviceStatus_Android: nativeHeadsetEvent(0)
10-24 10:34:19.013  2152  3048 W TimeWarp: FetchFrame: client(0) is enabled, but shared memory is not set
10-24 10:34:19.013  1868  1943 I DeviceStatus_Android: nativeGamepadListener(0)
10-24 10:34:19.013  1868  1943 I InputDeviceManager: ovrInputDeviceManager::Initialize
10-24 10:34:19.014  2152  3048 W TimeWarp: FetchFrame: client(0) is enabled, but shared memory is not set
10-24 10:34:19.016  1868  1943 I ScreenCaptureHelper: GetScreenCaptureInhibitFlagFromVrHelper
10-24 10:34:19.020  1868  1943 D VRProviderHelper: Could not find provider
10-24 10:34:19.022  2152  2416 I ScreenCaptureBase: GlobalInhibitState=0
10-24 10:34:19.022  1868  1943 D TrackingServiceConnectionNative: onClientConnect
10-24 10:34:19.022  1868  1943 D BinderConnection: Connecting to TrackingService
10-24 10:34:19.023  1868  1943 D TrackingServiceConnectionNative: onConnected
10-24 10:34:19.025   705   900 I TrackingService: TrackingService::getSharedMemoryFileDescriptor
10-24 10:34:19.027  2152  2152 D VrRuntimeService: onFocusedWindowChanged: topWindowToken=android.os.BinderProxy@9863282, topWindowUid=10024
10-24 10:34:19.027  2152  2152 W ClientMgr: ClientMgr::SetPrimaryCompositorClient: No active client
10-24 10:34:19.027  2152  2152 I TimeWarp: ReleaseClockLevels
10-24 10:34:19.027  2152  3048 W TimeWarp: FetchFrame: client(0) is enabled, but shared memory is not set
10-24 10:34:19.028  2152  3048 W TimeWarp: FetchFrame: client(0) is enabled, but shared memory is not set
10-24 10:34:19.029  1868  1943 I TrackingServiceClient: OVR::TrackingService::ClientSetInterface
10-24 10:34:19.029  1868  1943 I TrackingServiceClient: TrackingService client: roFd(91)
10-24 10:34:19.029  1868  1943 I TrackingServiceClient: TrackingService client: connected to interface version 10.
10-24 10:34:19.029  1868  1943 I TrackingServiceClient: TrackingService client: last prediction time is 0.003910 seconds old
10-24 10:34:19.029  1868  1943 I TrackingServiceClient: TrackingService client: provided by pid=705
10-24 10:34:19.029   705   900 I TrackingService: TrackingService::registerClient
10-24 10:34:19.029   705   900 I TrackingService: Registering client with TrackingServiceHost
10-24 10:34:19.030   705   900 I TrackingService: Notifying client pid 1868 of new remote 5e0c0de996463241
10-24 10:34:19.030  1868  1943 D TrackingServiceClient: TrackingServiceClient onRemoteConnected 5e0c0de996463241
10-24 10:34:19.030   705   900 I TrackingService: Notifying client pid 1868 of new remote 0f9460ed0ae2653e
10-24 10:34:19.031  1868  1943 D TrackingServiceClient: TrackingServiceClient onRemoteConnected f9460ed0ae2653e
10-24 10:34:19.031   705   900 I TrackingService: TrackingServiceHost GetSharedMemoryFileDescriptor for client pid 1868
10-24 10:34:19.031   705   900 I TrackingService: TrackingServiceHost registered common client; there are 0 secure clients
10-24 10:34:19.031  1868  1943 I TrackingServiceClient: ClientConnectComplete
10-24 10:34:19.031  1868  1943 I VrApi   : ovrModeParms::VRAPI_MODE_FLAG_ALLOW_POWER_SAVE = 1
10-24 10:34:19.031  1868  1943 I VrApi   : ovrModeParms::VRAPI_MODE_FLAG_RESET_WINDOW_FULLSCREEN = 1
10-24 10:34:19.031  1868  1943 I VrApi   : ovrModeParms::VRAPI_MODE_FLAG_NATIVE_WINDOW = 1
10-24 10:34:19.031  1868  1943 I VrApi   : ovrModeParms::VRAPI_MODE_FLAG_FRONT_BUFFER_PROTECTED = 0
10-24 10:34:19.031  1868  1943 I VrApi   : ovrModeParms::VRAPI_MODE_FLAG_FRONT_BUFFER_565 = 0
10-24 10:34:19.031  1868  1943 I VrApi   : ovrModeParms::VRAPI_MODE_FLAG_FRONT_BUFFER_SRGB = 1
10-24 10:34:19.031  1868  1943 I VrApi   : ovrModeParms::VRAPI_MODE_FLAG_CREATE_CONTEXT_NO_ERROR = 0
10-24 10:34:19.031  1868  1943 I VrApi   : HMD sensor attached.
10-24 10:34:19.031  1868  1943 I VrApi   : Client side frame sync enabled
10-24 10:34:19.031  1868  1943 D VrRuntimeClient: VrRuntimeClient: enableRendering: activity client
10-24 10:34:19.031  1868  1943 D VrRuntimeClient: VrRuntimeClient: enableRendering: Using clientWindow=android.os.BinderProxy@2176534
10-24 10:34:19.032  2152  2164 I ClientMgr: ClientMgr::SetPrimaryCompositorClient: com.oculus.vrshell
10-24 10:34:19.032  2152  2164 I GuardianSystem: SetCurrentPackageName: com.oculus.vrshell
10-24 10:34:19.032  2152  2164 D VrRuntimeService: this client: 1868:com.oculus.vrshell
10-24 10:34:19.032  2152  2164 D VrRuntimeService: enableRendering: clientWindow: android.os.BinderProxy@9863282 enable: true
10-24 10:34:19.032  2152  2164 I ClientMgr: ClientMgr::EnableRendering 1868:com.oculus.vrshell : enable
10-24 10:34:19.032  2152  2164 I TimeWarp: CheckDebuggerConnected: debugger 0
10-24 10:34:19.032  1868  1943 I VrRuntimeClient: CreateWarp: ImportGles: Fd=63, BufferSize=4096, AllocSize=9568
10-24 10:34:19.032  1868  1943 I VrRuntimeClient: CreateWarp: ImportGles: bo.Gl.BufferId=101, bo.Gl.MemoryObject=8
10-24 10:34:19.035  2152  3048 I TimeWarp: UpdateClockLevels: Force releasing clocks
10-24 10:34:19.035  2152  3048 I TimeWarp: UpdateClockLevels: Apply pending clock request change: 4,4 -> -1,-1
10-24 10:34:19.035  2152  3045 I Clocks  : ReleaseClocks - start
10-24 10:34:19.038   709  3075 D VrApiService: CPU_CLUSTER_0: No client requests exists, release clocks
10-24 10:34:19.038   709  3075 D VrApiService: CPU_CLUSTER_1: No client requests exists, release clocks
10-24 10:34:19.038   709  3075 D VrApiService: GPU: No client requests exists, release clocks
10-24 10:34:19.038   709  3075 D VrApiService: CPUBW: No client requests exists, release clocks
10-24 10:34:19.040   709  3075 D VrApiService: GPUBW: No client requests exists, release clocks
10-24 10:34:19.040   705  3056 W [CT]    : CONSTELLATION:MATCHING: [Camera 2] Brute matching timed out after 600/1071 iterations.
10-24 10:34:19.040  2152  3045 I Clocks  : ReleaseClocks - end (5.0 ms)
10-24 10:34:19.049  2152  3048 I TimeWarp: UpdateClockLevels: Apply pending clock request change: -1,-1 -> 2,4
10-24 10:34:19.049  2152  3045 I Clocks  : LockClocks( cpu=2, gpu=4 ) - start
10-24 10:34:19.055  1868  1943 I ScreenCaptureHelper: Advertising com.oculus.vrshell as streamable
10-24 10:34:19.057  1868  1943 I OSSDK   : TelemetryHandler: Using standalone implementation
10-24 10:34:19.058  1868  1943 I VrApi   : OVR::Stats thread started
10-24 10:34:19.059  2152  3045 I Clocks  : CPU levels [0, 4]
10-24 10:34:19.059  2152  3045 I Clocks  : GPU levels [0, 5]
10-24 10:34:19.063   709  3075 D VrApiService: CPU_CLUSTER_0: Client 2152 sends freq request [21, 21]
10-24 10:34:19.063   709  3075 D VrApiService: CPU_CLUSTER_0: Next Perf Level = (21, 21)
10-24 10:34:19.063   709  3075 D VrApiService: CPU_CLUSTER_1: Client 2152 sends freq request [18, 18]
10-24 10:34:19.063   709  3075 D VrApiService: CPU_CLUSTER_1: Next Perf Level = (18, 18)
10-24 10:34:19.072   709  3075 D VrApiService: CPUBW: Client 2152 sends freq request [8, 11]
10-24 10:34:19.072   709  3075 D VrApiService: CPUBW: Next Perf Level = (8, 11)
10-24 10:34:19.073   705  3056 W [CT]    : CONSTELLATION:MATCHING: [Camera 2] Brute matching timed out after 500/918 iterations.
10-24 10:34:19.073  1868  3364 D VrApi   : targetSDKVersion 25
10-24 10:34:19.080  1868  3364 I JniUtils: ovr_GetCurrentPackageSignature 
10-24 10:34:19.081  1868  1943 I VrApi   : System brightness = 255
10-24 10:34:19.082   709  3075 D VrApiService: GPUBW: Client 2152 sends freq request [9, 11]
10-24 10:34:19.083  1868  3364 I Metrics : device name = Oculus Quest
10-24 10:34:19.083   709  3075 D VrApiService: GPUBW: Next Perf Level = (9, 11)
10-24 10:34:19.083   709  3075 D VrApiService: GPU: Client 2152 sends freq request [6, 6]
10-24 10:34:19.083   709  3075 D VrApiService: GPU: Next Perf Level = (6, 6)
10-24 10:34:19.091  2152  3045 I Clocks  : LockClocks( cpu=2, gpu=4 ) - end (41.6 ms)
10-24 10:34:19.093  1868  1943 I VrApi   : Set brightness to 255
10-24 10:34:19.094  1868  1943 I VrApi   : Set DND mode to false
10-24 10:34:19.107   705  3056 W [CT]    : CONSTELLATION:MATCHING: [Camera 2] Brute matching timed out after 200/918 iterations.
10-24 10:34:19.127  3193  3219 D UE4     : Case APP_CMD_TERM_WINDOW, tid = 3219
10-24 10:34:19.127  3193  3219 D UE4     : LogAndroid: Case APP_CMD_TERM_WINDOW
10-24 10:34:19.127  3193  3219 D UE4     : LogAndroidEvents::EnqueueAppEvent : 3, 0, tid = 3219, APP_EVENT_STATE_WINDOW_DESTROYED
10-24 10:34:19.139   705  3056 W [CT]    : CONSTELLATION:MATCHING: [Camera 3] Brute matching timed out after 400/954 iterations.
10-24 10:34:19.140   705  3056 W [CT]    : CONSTELLATION:MATCHING: [Camera 3] Brute matching timed out after 0/918 iterations.
10-24 10:34:19.159  3193  3218 D UE4     : LogInit: Object subsystem initialized
10-24 10:34:19.173   705  3056 W [CT]    : CONSTELLATION:MATCHING: [Camera 2] Brute matching timed out after 400/954 iterations.
10-24 10:34:19.173   705  3056 W [CT]    : CONSTELLATION:MATCHING: [Camera 2] Brute matching timed out after 0/918 iterations.
10-24 10:34:19.180   705  3035 I [CT]    : L:Behavior:AtRest: deactivated
10-24 10:34:19.180   705  3035 I [CT]    : AdHocPatch: [Right] t = 6.070s, behavior transition: AtRest -> None at 6.119s
10-24 10:34:19.180   705  3035 I [CT]    : L:Behavior:AtRest: deactivated
10-24 10:34:19.180   705  3035 I [CT]    : AdHocPatch: [Left] t = 6.071s, behavior transition: AtRest -> None at 6.120s
10-24 10:34:19.181  2101  2167 W LibraryProvider: Cannot find entitlement for com.oculus.vrshell
10-24 10:34:19.182   705  3035 I [CT]    : L:Behavior:AtRest: activated
10-24 10:34:19.182   705  3035 I [CT]    : AdHocPatch: [Right] t = 6.072s, behavior transition: None -> AtRest at 6.121s
10-24 10:34:19.184  1839  1839 W OVRLibrary: null cursor received for query content://com.oculus.ocms.library/apps/com.oculus.vrshell
10-24 10:34:19.184  1839  1839 I PlatformPluginManager: onAppStart com.oculus.vrshell false
10-24 10:34:19.184  3193  3221 D UE4     : Used memory: 76795
10-24 10:34:19.185   705  3035 I [CT]    : L:Behavior:AtRest: activated
10-24 10:34:19.185   705  3035 I [CT]    : AdHocPatch: [Left] t = 6.075s, behavior transition: None -> AtRest at 6.124s
10-24 10:34:19.186  1839  1839 I OVRPlatform: [PartiesAPI] ovr_Party_PluginGetSharedMemHandle: This function is deprecated, do not use
10-24 10:34:19.191  1839  1839 E OVRMediaServiceManager: LivestreamingManager Not initialized
10-24 10:34:19.193  3193  3218 D UE4     : LogConfig: Setting CVar [[con.DebugEarlyDefault:1]]
10-24 10:34:19.193  3193  3218 D UE4     : [2019.10.24-01.34.19:193][  0]LogConfig: Setting CVar [[con.DebugEarlyDefault:1]]
10-24 10:34:19.193  3193  3218 D UE4     : [2019.10.24-01.34.19:193][  0]LogConfig: Applying CVar settings from Section [/Script/Engine.RendererSettings] File [../../../LastResisters/Saved/Config/Android/Engine.ini]
10-24 10:34:19.193  3193  3218 D UE4     : [2019.10.24-01.34.19:193][  0]LogConfig: Setting CVar [[r.GPUCrashDebugging:0]]
10-24 10:34:19.193  3193  3218 D UE4     : [2019.10.24-01.34.19:193][  0]LogConfig: Setting CVar [[r.DefaultFeature.AmbientOcclusion:0]]
10-24 10:34:19.193  1839  1839 I OVRMediaService: onStartCommand Received message type: set_package_name, caller package: no_app_identity
10-24 10:34:19.193  3193  3218 D UE4     : [2019.10.24-01.34.19:193][  0]LogConfig: Setting CVar [[r.DefaultFeature.AmbientOcclusionStaticFraction:0]]
10-24 10:34:19.194  3193  3218 D UE4     : [2019.10.24-01.34.19:194][  0]LogConfig: Setting CVar [[vr.InstancedStereo:1]]
