10-23 09:37:51.002  4053  4075 I panelapp: module com/oculus/vrshell/home/module/AbuseReportModule, requires context: true
10-23 09:37:51.002  4053  4075 I panelapp: module com/oculus/vrshell/home/module/AccountLinkingModule, requires context: true
10-23 09:37:51.002  4053  4075 I panelapp: module com/oculus/vrshell/home/module/BugReporterModule, requires context: true
10-23 09:37:51.003  4053  4075 I panelapp: module com/oculus/vrshell/home/module/GateKeepers, requires context: true
10-23 09:37:51.003  4053  4075 I panelapp: module com/oculus/vrshell/home/module/HeadphonesManagerModule, requires context: true
10-23 09:37:51.003  4053  4075 I panelapp: module com/oculus/vrshell/home/module/HomeGraphQLPrefetchModule, requires context: true
10-23 09:37:51.004  4053  4075 I panelapp: module com/oculus/vrshell/home/module/HorizonGatekeeperFetcherModule, requires context: true
10-23 09:37:51.004  4053  4075 I panelapp: module com/oculus/vrshell/home/module/LivestreamingModule, requires context: true
10-23 09:37:51.004  4053  4075 I panelapp: module com/oculus/vrshell/home/module/LivestreamingCommentsModule, requires context: false
10-23 09:37:51.004  4053  4075 I panelapp: module com/oculus/vrshell/home/module/NuxPreferencesModule, requires context: true
10-23 09:37:51.004  4053  4089 W VideoCapabilities: Unsupported mime video/mp4v-esdp
10-23 09:37:51.005  4053  4075 I panelapp: module com/oculus/vrshell/home/module/OverlaysModule, requires context: true
10-23 09:37:51.005  4053  4075 I panelapp: module com/oculus/vrshell/home/module/OVRPlatformGenericDeeplinkModule, requires context: true
10-23 09:37:51.005  4053  4075 I panelapp: module com/oculus/vrshell/home/module/PartyCallsManagerModule, requires context: true
10-23 09:37:51.005  4053  4075 I panelapp: module com/oculus/vrshell/home/module/RemoteLivestreamingErrorModule, requires context: true
10-23 09:37:51.006  4053  4075 I panelapp: module com/oculus/vrshell/home/module/ScreenCaptureModule, requires context: true
10-23 09:37:51.006  4053  4075 I panelapp: module com/oculus/vrshell/home/module/ShareToFacebookModule, requires context: true
10-23 09:37:51.006  4053  4075 I panelapp: module com/oculus/vrshell/home/module/ShellHomePermissionsModule, requires context: true
10-23 09:37:51.006  4053  4075 I panelapp: module com/oculus/vrshell/home/module/ShutdownIntentModule, requires context: false
10-23 09:37:51.006  4053  4075 I panelapp: module com/oculus/vrshell/home/module/SocialModule, requires context: true
10-23 09:37:51.007  4053  4075 I panelapp: module com/oculus/vrshell/home/module/SystemActivitiesModule, requires context: true
10-23 09:37:51.007  4053  4075 I panelapp: module com/oculus/vrshell/home/module/audio/MicRecorder, requires context: true
10-23 09:37:51.007  4053  4075 I panelapp: module com/oculus/vrshell/home/module/audio/SpeakerPlayer, requires context: true
10-23 09:37:51.007  4053  4075 I MessengerModule: MessengerModule
10-23 09:37:51.007  4053  4075 I MessengerModule: SetAppId 1481000308606657
10-23 09:37:51.007  4053  4075 I MessengerModule: SetUserId 100526290914264
10-23 09:37:51.008  4053  4053 I MessengerModule: Can't initialise yet, missing: UserId AccessToken Service
10-23 09:37:51.008  4053  4053 I MessengerModule: Can't initialise yet, missing: AccessToken Service
10-23 09:37:51.008  4053  4075 I ReactPlayerCommon: ReactNativeExec: Signal
10-23 09:37:51.008  4053  4075 I RCTVR   : [TIMESTAMP] : ReactPlayer_InitReactNativeContext_End : 1571791071.00859189
10-23 09:37:51.008  4053  4075 I panelapp: Init start
10-23 09:37:51.008  4053  4075 I panelapp: timestamp Init()
10-23 09:37:51.008  4053  4075 I panelapp: ANativeWindow_setBuffersGeometry()
10-23 09:37:51.008  4053  4075 I panelapp: ANativeWindow_setBuffersGeometry()
10-23 09:37:51.008  4053  4100 I panelapp: Start
10-23 09:37:51.008  4053  4075 I panelapp: ANativeWindow_setBuffersGeometry()
10-23 09:37:51.008  4053  4075 I panelapp: ANativeWindow_setBuffersGeometry()
10-23 09:37:51.008  4053  4075 I panelapp: ovrPanel::InitGL()
10-23 09:37:51.008  4053  4100 I RCTVR   : [TIMESTAMP] : ReactPlayer_LoadBundle_Start : 1571791071.00876999
10-23 09:37:51.008  4053  4100 I RCTVR   : ReactPlayerCommon: start loading bundle
10-23 09:37:51.009  4053  4075 I Adreno GLES: Found an ESX Settings File: /data/misc/gpu/esx_config.txt
10-23 09:37:51.009  4053  4075 I Adreno GLES: QUALCOMM build                   : b8c103d, I8a36212832
10-23 09:37:51.009  4053  4075 I Adreno GLES: Build Date                       : 05/17/19
10-23 09:37:51.009  4053  4075 I Adreno GLES: OpenGL ES Shader Compiler Version: EV031.26.12.00
10-23 09:37:51.009  4053  4075 I Adreno GLES: Local Branch                     : 
10-23 09:37:51.009  4053  4075 I Adreno GLES: Remote Branch                    : refs/tags/AU_LINUX_ANDROID_LA.UM.5.7.R1.07.01.01.253.109
10-23 09:37:51.009  4053  4075 I Adreno GLES: Remote Branch                    : NONE
10-23 09:37:51.009  4053  4075 I Adreno GLES: Reconstruct Branch               : NOTHING
10-23 09:37:51.009  4053  4075 I Adreno GLES: Build Config                     : S P 6.0.9 AArch32
10-23 09:37:51.009  4053  4100 I RCTVR   : [TIMESTAMP] : ReactPlayer_LoadBundle_End : 1571791071.00970101
10-23 09:37:51.009  4053  4100 I panelapp: Complete
10-23 09:37:51.009  2078  2178 W Sensor  : bad interpupillary distance: 0.059600, returning 0.068750
10-23 09:37:51.014  1843  1914 W Sensor  : bad interpupillary distance: 0.059600, returning 0.068750
10-23 09:37:51.018  1843  4015 I [OAR] AudioMixer: Finishing mono effect
10-23 09:37:51.019  4053  4075 I Adreno GLES: Found an ESX Settings File: /data/misc/gpu/esx_config.txt
10-23 09:37:51.020  4053  4075 I Adreno GLES: Found an ESX Settings File: /data/misc/gpu/esx_config.txt
10-23 09:37:51.021  4053  4075 I Adreno GLES: PFP: 0x005ff112, ME: 0x005ff066
10-23 09:37:51.021  4053  4075 I Adreno GLES: Found an ESX Settings File: /data/misc/gpu/esx_config.txt
10-23 09:37:51.023  2078  2178 W Sensor  : bad interpupillary distance: 0.059600, returning 0.068750
10-23 09:37:51.029  1843  1914 W Sensor  : bad interpupillary distance: 0.059600, returning 0.068750
10-23 09:37:51.030  4053  4089 I VideoCapabilities: Unsupported profile 4 for video/mp4v-es
10-23 09:37:51.030  4053  4075 I panelapp: GLES3::LoadGLFunctions()
10-23 09:37:51.033  4053  4075 I panelapp: GL_InitExtensions()
10-23 09:37:51.033  4053  4075 I OVR_GlUtils: GL_EXTENSIONS:
10-23 09:37:51.033  4053  4075 I OVR_GlUtils: GL_OES_EGL_image
10-23 09:37:51.033  4053  4075 I OVR_GlUtils: GL_OES_EGL_image_external
10-23 09:37:51.033  4053  4075 I OVR_GlUtils: GL_OES_EGL_sync
10-23 09:37:51.033  4053  4075 I OVR_GlUtils: GL_OES_vertex_half_float
10-23 09:37:51.033  4053  4075 I OVR_GlUtils: GL_OES_framebuffer_object
10-23 09:37:51.033  4053  4075 I OVR_GlUtils: GL_OES_rgb8_rgba8
10-23 09:37:51.034  4053  4075 I OVR_GlUtils: GL_OES_compressed_ETC1_RGB8_texture
10-23 09:37:51.034  4053  4075 I OVR_GlUtils: GL_AMD_compressed_ATC_texture
10-23 09:37:51.034  4053  4075 I OVR_GlUtils: GL_KHR_texture_compression_astc_ldr
10-23 09:37:51.034  4053  4075 I OVR_GlUtils: GL_KHR_texture_compression_astc_hdr
10-23 09:37:51.034  4053  4075 I OVR_GlUtils: GL_OES_texture_compression_astc
10-23 09:37:51.034  4053  4075 I OVR_GlUtils: GL_OES_texture_npot
10-23 09:37:51.034  4053  4075 I OVR_GlUtils: GL_EXT_texture_filter_anisotropic
10-23 09:37:51.034  4053  4075 I OVR_GlUtils: GL_EXT_texture_format_BGRA8888
10-23 09:37:51.034  4053  4075 I OVR_GlUtils: GL_EXT_read_format_bgra
10-23 09:37:51.034  4053  4075 I OVR_GlUtils: GL_OES_texture_3D
10-23 09:37:51.034  4053  4075 I OVR_GlUtils: GL_EXT_color_buffer_float
10-23 09:37:51.034  4053  4075 I OVR_GlUtils: GL_EXT_color_buffer_half_float
10-23 09:37:51.034  4053  4075 I OVR_GlUtils: GL_QCOM_alpha_test
10-23 09:37:51.034  4053  4075 I OVR_GlUtils: GL_OES_depth24
10-23 09:37:51.034  4053  4075 I OVR_GlUtils: GL_OES_packed_depth_stencil
10-23 09:37:51.034  4053  4075 I OVR_GlUtils: GL_OES_depth_texture
10-23 09:37:51.034  4053  4075 I OVR_GlUtils: GL_OES_depth_texture_cube_map
10-23 09:37:51.034  4053  4075 I OVR_GlUtils: GL_EXT_sRGB
10-23 09:37:51.034  4053  4075 I OVR_GlUtils: GL_OES_texture_float
10-23 09:37:51.034  4053  4075 I OVR_GlUtils: GL_OES_texture_float_linear
10-23 09:37:51.034  4053  4075 I OVR_GlUtils: GL_OES_texture_half_float
10-23 09:37:51.034  4053  4075 I OVR_GlUtils: GL_OES_texture_half_float_linear
10-23 09:37:51.034  4053  4075 I OVR_GlUtils: GL_EXT_texture_type_2_10_10_10_REV
10-23 09:37:51.034  4053  4075 I OVR_GlUtils: GL_EXT_texture_sRGB_decode
10-23 09:37:51.034  4053  4075 I OVR_GlUtils: GL_EXT_texture_format_sRGB_override
10-23 09:37:51.034  4053  4075 I OVR_GlUtils: GL_OES_element_index_uint
10-23 09:37:51.034  4053  4075 I OVR_GlUtils: GL_EXT_copy_image
10-23 09:37:51.034  4053  4075 I OVR_GlUtils: GL_EXT_geometry_shader
10-23 09:37:51.034  4053  4075 I OVR_GlUtils: GL_EXT_tessellation_shader
10-23 09:37:51.034  4053  4075 I OVR_GlUtils: GL_OES_texture_stencil8
10-23 09:37:51.034  4053  4075 I OVR_GlUtils: GL_EXT_shader_io_blocks
10-23 09:37:51.034  4053  4075 I OVR_GlUtils: GL_OES_shader_image_atomic
10-23 09:37:51.034  4053  4075 I OVR_GlUtils: GL_OES_sample_variables
10-23 09:37:51.034  4053  4075 I OVR_GlUtils: GL_EXT_texture_border_clamp
10-23 09:37:51.034  4053  4075 I OVR_GlUtils: GL_EXT_EGL_image_external_wrap_modes
10-23 09:37:51.034  4053  4075 I OVR_GlUtils: GL_EXT_multisampled_render_to_texture
10-23 09:37:51.034  4053  4075 I OVR_GlUtils: GL_EXT_multisampled_render_to_texture2
10-23 09:37:51.034  4053  4075 I OVR_GlUtils: GL_OES_shader_multisample_interpolation
10-23 09:37:51.034  4053  4075 I OVR_GlUtils: GL_EXT_texture_cube_map_array
10-23 09:37:51.034  4053  4075 I OVR_GlUtils: GL_EXT_draw_buffers_indexed
10-23 09:37:51.034  4053  4075 I OVR_GlUtils: GL_EXT_gpu_shader5
10-23 09:37:51.034  4053  4075 I OVR_GlUtils: GL_EXT_robustness
10-23 09:37:51.034  4053  4075 I OVR_GlUtils: GL_EXT_texture_buffer
10-23 09:37:51.034  4053  4075 I OVR_GlUtils: GL_EXT_shader_framebuffer_fetch
10-23 09:37:51.034  4053  4075 I OVR_GlUtils: GL_ARM_shader_framebuffer_fetch_depth_stencil
10-23 09:37:51.034  4053  4075 I OVR_GlUtils: GL_OES_texture_storage_multisample_2d_array
10-23 09:37:51.034  4053  4075 I OVR_GlUtils: GL_OES_sample_shading
10-23 09:37:51.034  4053  4075 I OVR_GlUtils: GL_OES_get_program_binary
10-23 09:37:51.034  4053  4075 I OVR_GlUtils: GL_EXT_debug_label
10-23 09:37:51.034  4053  4075 I OVR_GlUtils: GL_KHR_blend_equation_advanced
10-23 09:37:51.034  4053  4075 I OVR_GlUtils: GL_KHR_blend_equation_advanced_coherent
10-23 09:37:51.034  4053  4075 I OVR_GlUtils: GL_QCOM_tiled_rendering
10-23 09:37:51.034  4053  4075 I OVR_GlUtils: GL_ANDROID_extension_pack_es31a
10-23 09:37:51.034  4053  4075 I OVR_GlUtils: GL_EXT_primitive_bounding_box
10-23 09:37:51.034  4053  4075 I OVR_GlUtils: GL_OES_standard_derivatives
10-23 09:37:51.034  4053  4075 I OVR_GlUtils: GL_OES_vertex_array_object
10-23 09:37:51.034  4053  4075 I OVR_GlUtils: GL_EXT_disjoint_timer_query
10-23 09:37:51.034  4053  4075 I OVR_GlUtils: GL_KHR_debug
10-23 09:37:51.034  4053  4075 I OVR_GlUtils: GL_EXT_YUV_target
10-23 09:37:51.034  4053  4075 I OVR_GlUtils: GL_EXT_sRGB_write_control
10-23 09:37:51.034  4053  4075 I OVR_GlUtils: GL_EXT_texture_norm16
10-23 09:37:51.034  4053  4075 I OVR_GlUtils: GL_EXT_discard_framebuffer
10-23 09:37:51.034  4053  4075 I OVR_GlUtils: GL_OES_surfaceless_context
10-23 09:37:51.034  4053  4075 I OVR_GlUtils: GL_OVR_multiview
10-23 09:37:51.034  4053  4075 I OVR_GlUtils: GL_OVR_multiview2
10-23 09:37:51.034  4053  4075 I OVR_GlUtils: GL_EXT_texture_sRGB_R8
10-23 09:37:51.034  4053  4075 I OVR_GlUtils: GL_KHR_no_error
10-23 09:37:51.034  4053  4075 I OVR_GlUtils: GL_EXT_debug_marker
10-23 09:37:51.034  4053  4075 I OVR_GlUtils: GL_OES_EGL_image_external_essl3
10-23 09:37:51.034  4053  4075 I OVR_GlUtils: GL_OVR_multiview_multisampled_render_to_texture
10-23 09:37:51.034  4053  4075 I OVR_GlUtils: GL_EXT_buffer_storage
10-23 09:37:51.034  4053  4075 I OVR_GlUtils: GL_EXT_external_buffer
10-23 09:37:51.034  4053  4075 I OVR_GlUtils: GL_EXT_blit_framebuffer_params
10-23 09:37:51.034  4053  4075 I OVR_GlUtils: GL_EXT_clip_cull_distance
10-23 09:37:51.034  4053  4075 I OVR_GlUtils: GL_EXT_protected_textures
10-23 09:37:51.034  4053  4075 I OVR_GlUtils: GL_EXT_shader_non_constant_global_initializers
10-23 09:37:51.034  4053  4075 I OVR_GlUtils: GL_QCOM_texture_foveated
10-23 09:37:51.034  4053  4075 I OVR_GlUtils: GL_QCOM_shader_framebuffer_fetch_noncoherent
10-23 09:37:51.034  4053  4075 I OVR_GlUtils: GL_QCOM_shader_framebuffer_fetch_rate
10-23 09:37:51.034  4053  4075 I OVR_GlUtils: GL_EXT_memory_object
10-23 09:37:51.034  4053  4075 I OVR_GlUtils: GL_EXT_memory_object_fd
10-23 09:37:51.034  4053  4075 I OVR_GlUtils: GL_EXT_EGL_image_array
10-23 09:37:51.034  4053  4075 I OVR_GlUtils: GL_NV_shader_noperspective_interpolation
10-23 09:37:51.034  4053  4075 I OVR_GlUtils: GL_KHR_robust_buffer_access_behavior
10-23 09:37:51.034  4053  4075 I OVR_GlUtils: GL_EXT_EGL_image_storage
10-23 09:37:51.034  4053  4075 I OVR_GlUtils: GL_EXT_blend_func_extended
10-23 09:37:51.034  4053  4075 I OVR_GlUtils: GL_EXT_clip_control
10-23 09:37:51.034  4053  4075 I OVR_GlUtils: GL_OES_texture_view
10-23 09:37:51.034  4053  4075 I OVR_GlUtils: GL_EXT_fragment_invocation_density
10-23 09:37:51.034  4053  4075 I OVR_GlUtils: GL_QCOM_YUV_texture_gather
10-23 09:37:51.034  4053  4075 I OVR_GlUtils: es3 = TRUE
10-23 09:37:51.034  4053  4075 I OVR_GlUtils: Found: GL_EXT_discard_framebuffer
10-23 09:37:51.034  4053  4075 I OVR_GlUtils: Found: GL_EXT_multisampled_render_to_texture
10-23 09:37:51.034  4053  4075 I OVR_GlUtils: Found: GL_OES_vertex_array_object
10-23 09:37:51.034  4053  4075 I OVR_GlUtils: Found: GL_QCOM_tiled_rendering
10-23 09:37:51.034  4053  4075 I OVR_GlUtils: Found: GL_EXT_disjoint_timer_query
10-23 09:37:51.034  4053  4075 I OVR_GlUtils: Found: GL_EXT_texture_sRGB_decode
10-23 09:37:51.034  4053  4075 I OVR_GlUtils: Found: GL_EXT_texture_border_clamp
10-23 09:37:51.034  4053  4075 I OVR_GlUtils: Found: GL_EXT_texture_filter_anisotropic
10-23 09:37:51.034  4053  4075 I OVR_GlUtils: Found: GL_OVR_multiview2
10-23 09:37:51.034  4053  4075 I OVR_GlUtils: Found: GL_OVR_multiview_multisampled_render_to_texture
10-23 09:37:51.034  4053  4075 I OVR_GlUtils: GL_MAX_TEXTURE_SIZE = 16384
10-23 09:37:51.034  4053  4075 I OVR_GlUtils: GL_MAX_VERTEX_UNIFORM_VECTORS = 256
10-23 09:37:51.034  4053  4075 I OVR_GlUtils: GL_MAX_FRAGMENT_UNIFORM_VECTORS = 256
10-23 09:37:51.034  4053  4075 I RCTVR   : ReactPlayerCommon: InitGfx
10-23 09:37:51.036  4053  4075 I GLSharedContext_Android: Current EGL_CONTEXT_CLIENT_VERSION:3
10-23 09:37:51.036  4053  4089 I org.webrtc.Logging: MediaCodecVideoEncoder: Found target encoder for mime video/x-vnd.on2.vp8 : OMX.qcom.video.encoder.vp8. Color: 0x15
10-23 09:37:51.037  4053  4075 I GLSharedContext_Android: GLSharedContext pbuffer: 0xc89b1ce0
10-23 09:37:51.037  4053  4089 W VideoCapabilities: Unrecognized profile 2130706433 for video/avc
10-23 09:37:51.037  4053  4089 W VideoCapabilities: Unrecognized profile 2130706434 for video/avc
10-23 09:37:51.037  4053  4075 I panelapp: Init complete
10-23 09:37:51.037  4053  4075 I RCTVR   : Create root
10-23 09:37:51.037  4053  4075 I RCTVR   : ReactPlayerCommon: reloaded RootView 'main', tag: 1
10-23 09:37:51.037  2078  2178 W Sensor  : bad interpupillary distance: 0.059600, returning 0.068750
10-23 09:37:51.038  4053  4089 I org.webrtc.Logging: MediaCodecVideoEncoder: Found target encoder for mime video/avc : OMX.qcom.video.encoder.avc. Color: 0x15
10-23 09:37:51.039  4053  4075 I RCTVRMEM: Total Allocated Space: 17146160, Total Free Space: 1728208, JavaScript Heap Size: 149360
10-23 09:37:51.040  4053  4092 I ReactNativeExecutorHermes: WaitForNativeModules: Started
10-23 09:37:51.040  4053  4092 I ReactNativeExecutorHermes: WaitForNativeModules: Finished
10-23 09:37:51.040  4053  4092 I JniUtils: Using caller's JNIEnv
10-23 09:37:51.041  4053  4089 I org.webrtc.Logging: MediaCodecVideoDecoder: Trying to find HW decoder for mime video/x-vnd.on2.vp8
10-23 09:37:51.041  4053  4089 I org.webrtc.Logging: MediaCodecVideoDecoder: Found candidate decoder OMX.qcom.video.decoder.vp8
10-23 09:37:51.041  1843  1914 I [OAR] PanelRenderLayer: ResetSurface 1400 x 540 - shape:2 stereo:0
10-23 09:37:51.041  4053  4089 I org.webrtc.Logging: MediaCodecVideoDecoder: Found target decoder OMX.qcom.video.decoder.vp8. Color: 0x13
10-23 09:37:51.041  4053  4089 I org.webrtc.Logging: MediaCodecVideoDecoder: Trying to find HW decoder for mime video/x-vnd.on2.vp9
10-23 09:37:51.041  4053  4089 I org.webrtc.Logging: MediaCodecVideoDecoder: Found candidate decoder OMX.qcom.video.decoder.vp9
10-23 09:37:51.042  4053  4089 I org.webrtc.Logging: MediaCodecVideoDecoder: Found target decoder OMX.qcom.video.decoder.vp9. Color: 0x13
10-23 09:37:51.042  4053  4089 I org.webrtc.Logging: MediaCodecVideoDecoder: Trying to find HW decoder for mime video/avc
10-23 09:37:51.042  4053  4089 I org.webrtc.Logging: MediaCodecVideoDecoder: Found candidate decoder OMX.qcom.video.decoder.avc
10-23 09:37:51.042  4053  4089 W VideoCapabilities: Unrecognized profile 2130706433 for video/avc
10-23 09:37:51.042  4053  4089 W VideoCapabilities: Unrecognized profile 2130706434 for video/avc
10-23 09:37:51.042  4053  4089 I org.webrtc.Logging: MediaCodecVideoDecoder: Found target decoder OMX.qcom.video.decoder.avc. Color: 0x13
10-23 09:37:51.043  1843  1914 W Sensor  : bad interpupillary distance: 0.059600, returning 0.068750
10-23 09:37:51.043  4053  4075 I RvrPnl  : FPS=1.27243e-09/169.344/169.344, MSPF=7.85896e+08/5.90515/5.90515, MEMALLOC=16.3519
10-23 09:37:51.044   541   589 V audio_hw_primary: out_get_latency: Latency 80
10-23 09:37:51.045  4053  4079 I OVRPlatform: [RequestStopwatch] AndroidPlatformIntegration-Constructor took 155.5920 milliseconds
10-23 09:37:51.048   706  2934 I [CT]    : L:Behavior:AtRest: deactivated
10-23 09:37:51.048   706  2934 I [CT]    : AdHocPatch: [Left] t = 209.231s, behavior transition: AtRest -> None at 209.282s
10-23 09:37:51.051  2078  2178 W Sensor  : bad interpupillary distance: 0.059600, returning 0.068750
10-23 09:37:51.052   706  2934 I [CT]    : L:Behavior:AtRest: activated
10-23 09:37:51.052   706  2934 I [CT]    : AdHocPatch: [Left] t = 209.237s, behavior transition: None -> AtRest at 209.288s
10-23 09:37:51.056  1843  1914 W Sensor  : bad interpupillary distance: 0.059600, returning 0.068750
10-23 09:37:51.059  4053  4092 I JniUtils: Using caller's JNIEnv
10-23 09:37:51.063   541   588 V audio_hw_primary: out_get_latency: Latency 8
10-23 09:37:51.065  2078  2178 W Sensor  : bad interpupillary distance: 0.059600, returning 0.068750
10-23 09:37:51.070  1843  1914 W Sensor  : bad interpupillary distance: 0.059600, returning 0.068750
10-23 09:37:51.073  4053  4092 I JniUtils: Using caller's JNIEnv
10-23 09:37:51.076  4053  4092 I JniUtils: Using caller's JNIEnv
10-23 09:37:51.077  4053  4092 I JniUtils: Using caller's JNIEnv
10-23 09:37:51.077  4053  4092 I JniUtils: Using caller's JNIEnv
10-23 09:37:51.079  4053  4092 I JniUtils: Using caller's JNIEnv
10-23 09:37:51.079  2078  2178 W Sensor  : bad interpupillary distance: 0.059600, returning 0.068750
10-23 09:37:51.080  4053  4092 I JniUtils: Using caller's JNIEnv
10-23 09:37:51.084  4053  4092 I JniUtils: Using caller's JNIEnv
10-23 09:37:51.084  1843  1914 W Sensor  : bad interpupillary distance: 0.059600, returning 0.068750
10-23 09:37:51.085  4053  4092 I RCTVR_HERMES: [info]: 'Analytics', { section_name: 'null',
10-23 09:37:51.085  4053  4092 I RCTVR_HERMES:   sub_section_name: 'null',
10-23 09:37:51.085  4053  4092 I RCTVR_HERMES:   action: 'cache_tentative_hit',
10-23 09:37:51.085  4053  4092 I RCTVR_HERMES:   real_timestamp: 1571791071085,
10-23 09:37:51.085  4053  4092 I RCTVR_HERMES:   type: 'oculus_home_access_token_cache' }
10-23 09:37:51.085  4053  4092 I JniUtils: Using caller's JNIEnv
10-23 09:37:51.086  4053  4092 I JniUtils: Using caller's JNIEnv
10-23 09:37:51.088  4053  4092 I RCTVR_HERMES: [info]: 'Analytics', { status: 'gk_read_started', type: 'oculus_config' }
10-23 09:37:51.088  4053  4092 I OVR_MemBuffer: Couldn't open assets/ja_JP.json
10-23 09:37:51.089  4053  4092 I OVR_MemBuffer: Couldn't open assets/node_modules/intl/locale-data/jsonp/ja.js.dat
10-23 09:37:51.089  4053  4092 I RCTI18n : getDictionaryForFBTCodeAsync ja
10-23 09:37:51.090  4053  4092 I JniUtils: Using caller's JNIEnv
10-23 09:37:51.091   706  3315 I [CT]    : HealthReport: ==================================================
10-23 09:37:51.091   706  3315 I [CT]    : Health Report
10-23 09:37:51.091   706  3315 I [CT]    : -------------
10-23 09:37:51.091   706  3315 I [CT]    : 
10-23 09:37:51.091   706  3315 I [CT]    : Reporter #1 (InsideOutHealthMonitor) summary:
10-23 09:37:51.091   706  3315 I [CT]    : Camera: Total Dropped: 0.000000, Total Frame Count: 6150 (0.000000%), Camera Reset Count: 0
10-23 09:37:51.091   706  3315 I [CT]    : Camera: Total Single Camera Frame Dropped: 0, Total Frame Count: 6150 (0.000000%)
10-23 09:37:51.091   706  3315 I [CT]    : IMU: Total Dropped: 0.000000, Total Sample Count: 209158 (0.000000%)
10-23 09:37:51.091   706  3315 I [CT]    : Magnetometer: Total Dropped: 0.000000, Total Sample Count: 6275 (0.000000%)
10-23 09:37:51.091   706  3315 I [CT]    : 
10-23 09:37:51.091   706  3315 I [CT]    : Reporter #1 (InsideOutHealthMonitor) Passed
10-23 09:37:51.091   706  3315 I [CT]    : --------------------------------------------------
10-23 09:37:51.091   706  3315 I [CT]    : Reporter #2 (ConstellationHealthMonitor) summary:
10-23 09:37:51.091   706  3315 I [CT]    : Camera: Total Dropped: 80.997780, Total Frame Count: 6150 (1.317037%), Camera Reset Count: 2
10-23 09:37:51.091   706  3315 I [CT]    : Camera: Total Single Camera Frame Dropped: 0, Total Frame Count: 6150 (0.000000%)
10-23 09:37:51.091   706  3315 I [CT]    : Controller 16572054001761934198:
10-23 09:37:51.091   706  3315 I [CT]    : IMU: Capture period exceeded threshold.  Largest period: 2.345434 sec
10-23 09:37:51.091   706  3315 I [CT]    : Controllers may have been sleeping
10-23 09:37:51.091   706  3315 I [CT]    : IMU: Total Dropped: 17.959500, Total Sample Count: 103467.552000 (0.017358%)
10-23 09:37:51.091   706  3315 I [CT]    : Controller 36699526334026574
10-23 09:37:51.091  4053  4092 I RCTVR_HERMES: [info]: 'Library', [ 'global library update received' ]
10-23 09:37:51.091  4053  4092 I JniUtils: Using caller's JNIEnv
10-23 09:37:51.092  4053  4092 I RCTVR_HERMES: [info]: 'Analytics', { type: 'oculus_config', status: 'qe_read_started' }
10-23 09:37:51.092  4053  4092 I RCTVR_HERMES: [info]: QuickExperiments.initialize with options:
10-23 09:37:51.092  4053  4092 I RCTVR_HERMES: [info]: { useNativeQEModule: true }
10-23 09:37:51.092  4053  4092 I RCTVR_HERMES: [info]: 'Home', [ 'Starting up with service type LIBRARY' ]
10-23 09:37:51.093  4053  4079 I libjingle: [000:000] [4079] (WebRtcPeerConnectionFactory.cpp:119): WebRtcPeerConnectionFactory::WebRtcPeerConnectionFactory
10-23 09:37:51.093  2078  2178 W Sensor  : bad interpupillary distance: 0.059600, returning 0.068750
10-23 09:37:51.094  4053  4106 I libjingle: [000:001] [4106] (WebRtcPeerConnectionFactory.cpp:98): SetThreadCPUAffinity failed for thread 0, cpu mask 15 err=Invalid argument 22
10-23 09:37:51.094  4053  4107 I libjingle: [000:001] [4107] (WebRtcPeerConnectionFactory.cpp:98): SetThreadCPUAffinity failed for thread 0, cpu mask 15 err=Invalid argument 22
10-23 09:37:51.095  4053  4079 I libjingle: [000:002] [4079] (WebRtcPeerConnectionFactory.cpp:164): WebRtcPeerConnectionFactory::WebRtcPeerConnectionFactory enc 0xe3612478 dec 0xcb69c658
10-23 09:37:51.095  4053  4107 D JVM     : AttachCurrentThreadIfNeeded::ctor@[tid=4107]
10-23 09:37:51.095  4053  4107 D JVM     : Attaching thread to JVM
10-23 09:37:51.095  4053  4107 D JVM     : JVM::environment@[tid=4107]
10-23 09:37:51.095  4053  4107 D JVM     : JNIEnvironment::ctor@[tid=4107]
10-23 09:37:51.095  4053  4107 D AudioManager: ctor@[tid=4107]
10-23 09:37:51.095  4053  4107 D JVM     : JNIEnvironment::RegisterNatives(org/webrtc/voiceengine/WebRtcAudioManager)
10-23 09:37:51.095  4053  4107 D JVM     : NativeRegistration::ctor@[tid=4107]
10-23 09:37:51.095  4053  4107 D JVM     : NativeRegistration::NewObject@[tid=4107]
10-23 09:37:51.096  4053  4107 I org.webrtc.Logging: WebRtcAudioManager: ctor@[name=Thread-8, id=104]
10-23 09:37:51.097  4053  4107 I org.webrtc.Logging: WebRtcAudioManager: Sample rate is set to 48000 Hz
10-23 09:37:51.098  4053  4092 I RCTVR_HERMES: [info]: 'Analytics', { section_name: 'null',
10-23 09:37:51.098  4053  4092 I RCTVR_HERMES:   sub_section_name: 'null',
10-23 09:37:51.098  4053  4092 I RCTVR_HERMES:   destination: undefined,
10-23 09:37:51.098  4053  4092 I RCTVR_HERMES:   source: undefined,
10-23 09:37:51.098  4053  4092 I RCTVR_HERMES:   timerId: undefined,
10-23 09:37:51.098  4053  4092 I RCTVR_HERMES:   first_session_event: true,
10-23 09:37:51.098  4053  4092 I RCTVR_HERMES:   active_duration_ms: 13.384686999954283,
10-23 09:37:51.098  4053  4092 I RCTVR_HERMES:   step: '',
10-23 09:37:51.098  4053  4092 I RCTVR_HERMES:   real_timestamp: 1571791071097,
10-23 09:37:51.098  4053  4092 I RCTVR_HERMES:   type: 'oculus_home_init_latency_access_token' }
10-23 09:37:51.098  1843  1914 W Sensor  : bad interpupillary distance: 0.059600, returning 0.068750
10-23 09:37:51.098  4053  4075 I panelapp: LE reactvr_info
10-23 09:37:51.098  4053  4092 I RCTVR_HERMES: [info]: 'Analytics', { section_name: 'null',
10-23 09:37:51.098  4053  4092 I RCTVR_HERMES:   sub_section_name: 'null',
10-23 09:37:51.098  4053  4092 I RCTVR_HERMES:   destination: undefined,
10-23 09:37:51.098  4053  4092 I RCTVR_HERMES:   source: undefined,
10-23 09:37:51.098  4053  4092 I RCTVR_HERMES:   timerId: undefined,
10-23 09:37:51.098  4053  4092 I RCTVR_HERMES:   first_session_event: true,
10-23 09:37:51.098  4053  4092 I RCTVR_HERMES:   active_duration_ms: 11.17817600001581,
10-23 09:37:51.098  4053  4092 I RCTVR_HERMES:   step: '',
10-23 09:37:51.098  4053  4092 I RCTVR_HERMES:   real_timestamp: 1571791071098,
10-23 09:37:51.098  4053  4092 I RCTVR_HERMES:   type: 'oculus_home_init_latency_connected_controller' }
10-23 09:37:51.099  4053  4075 D OculusLogger: logLegacyEvent(reactvr_info, {{device_type=MONTEREY, execute_time=87, headset_type=MONTEREY, engine=hermes, id=100526290914264, session_id=0cbf85aa-1676-490c-bc19-c9da31ea20cc, name=assets/reactnative.LIBRARY.bcbundle, device_region=UNSPECIFIED, type=js_engine, real_timestamp=1571791071096}}, false)
10-23 09:37:51.099  4053  4075 D OculusLogger: logLegacyEvent(oculus_home_access_token_cache, {{from_pkg=com.oculus.vrshell, device_type=MONTEREY, headset_type=MONTEREY, action=cache_tentative_hit, id=100526290914264, session_id=0cbf85aa-1676-490c-bc19-c9da31ea20cc, device_region=UNSPECIFIED, sub_section_name=null, section_name=null, real_timestamp=1571791071085, service_type=LIBRARY}}, false)
10-23 09:37:51.099  4053  4092 I RCTVR_HERMES: [info]: 'Analytics', { section_name: 'null',
10-23 09:37:51.099  4053  4092 I RCTVR_HERMES:   sub_section_name: 'null',
10-23 09:37:51.099  4053  4092 I RCTVR_HERMES:   destination: undefined,
10-23 09:37:51.099  4053  4092 I RCTVR_HERMES:   source: undefined,
10-23 09:37:51.099  4053  4092 I RCTVR_HERMES:   timerId: undefined,
10-23 09:37:51.099  4053  4092 I RCTVR_HERMES:   first_session_event: true,
10-23 09:37:51.099  4053  4092 I RCTVR_HERMES:   active_duration_ms: 9.113644000026397,
10-23 09:37:51.099  4053  4092 I RCTVR_HERMES:   step: '',
10-23 09:37:51.099  4053  4092 I RCTVR_HERMES:   real_timestamp: 1571791071099,
10-23 09:37:51.099  4053  4092 I RCTVR_HERMES:   type: 'oculus_home_init_latency_library' }
10-23 09:37:51.099  4053  4075 D OculusLogger: logLegacyEvent(oculus_config, {{from_pkg=com.oculus.vrshell, device_type=MONTEREY, headset_type=MONTEREY, status=gk_read_started, id=100526290914264, session_id=0cbf85aa-1676-490c-bc19-c9da31ea20cc, device_region=UNSPECIFIED, service_type=LIBRARY}}, false)
10-23 09:37:51.100  4053  4092 I RCTVR_HERMES: [info]: 'Analytics', { section_name: 'null',
10-23 09:37:51.100  4053  4092 I RCTVR_HERMES:   sub_section_name: 'null',
10-23 09:37:51.100  4053  4092 I RCTVR_HERMES:   destination: undefined,
10-23 09:37:51.100  4053  4092 I RCTVR_HERMES:   source: undefined,
10-23 09:37:51.100  4053  4092 I RCTVR_HERMES:   timerId: undefined,
10-23 09:37:51.100  4053  4092 I RCTVR_HERMES:   first_session_event: true,
10-23 09:37:51.100  4053  4092 I RCTVR_HERMES:   active_duration_ms: 7.964114000089467,
10-23 09:37:51.100  4053  4092 I RCTVR_HERMES:   step: '',
10-23 09:37:51.100  4053  4092 I RCTVR_HERMES:   real_timestamp: 1571791071099,
10-23 09:37:51.100  4053  4092 I RCTVR_HERMES:   type: 'oculus_home_init_latency_headset_state' }
10-23 09:37:51.100  4053  4092 I RCTVR_HERMES: [info]: 'Analytics', { section_name: 'null',
10-23 09:37:51.100  4053  4092 I RCTVR_HERMES:   sub_section_name: 'null',
10-23 09:37:51.100  4053  4092 I RCTVR_HERMES:   destination: undefined,
10-23 09:37:51.100  4053  4092 I RCTVR_HERMES:   source: undefined,
10-23 09:37:51.100  4053  4092 I RCTVR_HERMES:   timerId: undefined,
10-23 09:37:51.100  4053  4092 I RCTVR_HERMES:   first_session_event: true,
10-23 09:37:51.100  4053  4092 I RCTVR_HERMES:   active_duration_ms: 7.31921800004784,
10-23 09:37:51.100  4053  4092 I RCTVR_HERMES:   step: '',
10-23 09:37:51.100  4053  4092 I RCTVR_HERMES:   real_timestamp: 1571791071100,
10-23 09:37:51.100  4053  4092 I RCTVR_HERMES:   type: 'oculus_home_init_latency_sync_steps' }
10-23 09:37:51.101  4053  4092 I RCTVR_HERMES: [info]: 'Analytics', { section_name: 'null',
10-23 09:37:51.101  4053  4092 I RCTVR_HERMES:   sub_section_name: 'null',
10-23 09:37:51.101  4053  4092 I RCTVR_HERMES:   destination: undefined,
10-23 09:37:51.101  4053  4092 I RCTVR_HERMES:   source: undefined,
10-23 09:37:51.101  4053  4092 I RCTVR_HERMES:   timerId: undefined,
10-23 09:37:51.101  4053  4092 I RCTVR_HERMES:   first_session_event: true,
10-23 09:37:51.101  4053  4092 I RCTVR_HERMES:   active_duration_ms: 7.124583000084385,
10-23 09:37:51.101  4053  4092 I RCTVR_HERMES:   step: '',
10-23 09:37:51.101  4053  4092 I RCTVR_HERMES:   real_timestamp: 1571791071101,
10-23 09:37:51.101  4053  4092 I RCTVR_HERMES:   type: 'oculus_home_init_latency_shell_permissions' }
10-23 09:37:51.102  4053  4092 I RCTVR_HERMES: [info]: 'Analytics', { section_name: 'null',
10-23 09:37:51.102  4053  4092 I RCTVR_HERMES:   sub_section_name: 'null',
10-23 09:37:51.102  4053  4092 I RCTVR_HERMES:   destination: undefined,
10-23 09:37:51.102  4053  4092 I RCTVR_HERMES:   source: undefined,
10-23 09:37:51.102  4053  4092 I RCTVR_HERMES:   timerId: undefined,
10-23 09:37:51.102  4053  4092 I RCTVR_HERMES:   first_session_event: true,
10-23 09:37:51.102  4053  4092 I RCTVR_HERMES:   active_duration_ms: 4.735884999972768,
10-23 09:37:51.102  4053  4092 I RCTVR_HERMES:   step: '',
10-23 09:37:51.102  4053  4092 I RCTVR_HERMES:   real_timestamp: 1571791071101,
10-23 09:37:51.102  4053  4092 I RCTVR_HERMES:   type: 'oculus_home_init_latency_home_networking' }
10-23 09:37:51.105  4053  4092 I RCTVR   : [TIMESTAMP] : HermesReady : 1571791071.10548687
10-23 09:37:51.105  4053  4075 D OculusLogger: logLegacyEvent(vrshell_info, {{from_pkg=com.oculus.vrshell, device_type=MONTEREY, headset_type=MONTEREY, id=100526290914264, data=["global library update received"], session_id=0cbf85aa-1676-490c-bc19-c9da31ea20cc, device_region=UNSPECIFIED, service_type=LIBRARY}}, false)
10-23 09:37:51.105  4053  4092 I RCTVR_HERMES: [info]: Running application "main" with appParams: {"rootTag":1,"initialProps":{"surfaceWidth":1400,"surfaceHeight":540}}. __DEV__ === false, development-level warning are OFF, performance optimizations are ON
10-23 09:37:51.107  4053  4075 D OculusLogger: logLegacyEvent(oculus_config, {{from_pkg=com.oculus.vrshell, device_type=MONTEREY, headset_type=MONTEREY, status=qe_read_started, id=100526290914264, session_id=0cbf85aa-1676-490c-bc19-c9da31ea20cc, device_region=UNSPECIFIED, service_type=LIBRARY}}, false)
10-23 09:37:51.109  4053  4075 D OculusLogger: logLegacyEvent(vrshell_info, {{from_pkg=com.oculus.vrshell, device_type=MONTEREY, headset_type=MONTEREY, id=100526290914264, data=["Starting up with service type LIBRARY"], session_id=0cbf85aa-1676-490c-bc19-c9da31ea20cc, device_region=UNSPECIFIED, service_type=LIBRARY}}, false)
10-23 09:37:51.110  4053  4075 W Settings: Setting adb_enabled has moved from android.provider.Settings.Secure to android.provider.Settings.Global.
10-23 09:37:51.110  2078  2178 W Sensor  : bad interpupillary distance: 0.059600, returning 0.068750
10-23 09:37:51.112  1843  1914 W Sensor  : bad interpupillary distance: 0.059600, returning 0.068750
10-23 09:37:51.112  4053  4107 I org.webrtc.Logging: WebRtcAudioEffects: canUseAcousticEchoCanceler: true
10-23 09:37:51.113  4053  4075 D OculusLogger: logLegacyEvent(oculus_home_init_latency_access_token, {{from_pkg=com.oculus.vrshell, device_type=MONTEREY, step=, headset_type=MONTEREY, destination=, source=, timerId=, section_name=null, service_type=LIBRARY, id=100526290914264, session_id=0cbf85aa-1676-490c-bc19-c9da31ea20cc, first_session_event=true, device_region=UNSPECIFIED, sub_section_name=null, active_duration_ms=13.384686999954283, real_timestamp=1571791071097}}, false)
10-23 09:37:51.114  4053  4075 D OculusLogger: logLegacyEvent(oculus_home_init_latency_connected_controller, {{from_pkg=com.oculus.vrshell, step=, device_type=MONTEREY, destination=, headset_type=MONTEREY, source=, id=100526290914264, session_id=0cbf85aa-1676-490c-bc19-c9da31ea20cc, first_session_event=true, device_region=UNSPECIFIED, timerId=, sub_section_name=null, active_duration_ms=11.17817600001581, section_name=null, real_timestamp=1571791071098, service_type=LIBRARY}}, false)
10-23 09:37:51.115  4053  4092 I RCTVR_HERMES: [info]: 'Analytics', { section_name: 'null',
10-23 09:37:51.115  4053  4092 I RCTVR_HERMES:   sub_section_name: 'null',
10-23 09:37:51.115  4053  4092 I RCTVR_HERMES:   network_status: 'WIFI',
10-23 09:37:51.115  4053  4092 I RCTVR_HERMES:   real_timestamp: 1571791071115,
10-23 09:37:51.115  4053  4092 I RCTVR_HERMES:   type: 'oculus_home_network_status' }
10-23 09:37:51.121  4053  4107 I org.webrtc.Logging: WebRtcAudioEffects: canUseAutomaticGainControl: false
10-23 09:37:51.121  2078  2178 W Sensor  : bad interpupillary distance: 0.059600, returning 0.068750
10-23 09:37:51.126  1843  1914 W Sensor  : bad interpupillary distance: 0.059600, returning 0.068750
10-23 09:37:51.126  4053  4075 I panelapp: LE reactvr_info
10-23 09:37:51.127  4053  4075 D OculusLogger: logLegacyEvent(reactvr_info, {{device_type=MONTEREY, headset_type=MONTEREY, id=100526290914264, session_id=0cbf85aa-1676-490c-bc19-c9da31ea20cc, uid=1, device_region=UNSPECIFIED, type=network_fetch_start, real_timestamp=1571791071110}}, false)
10-23 09:37:51.127  4053  4075 D OculusLogger: logLegacyEvent(oculus_home_init_latency_library, {{from_pkg=com.oculus.vrshell, step=, device_type=MONTEREY, headset_type=MONTEREY, destination=, source=, timerId=, section_name=null, service_type=LIBRARY, id=100526290914264, session_id=0cbf85aa-1676-490c-bc19-c9da31ea20cc, device_region=UNSPECIFIED, first_session_event=true, sub_section_name=null, active_duration_ms=9.113644000026397, real_timestamp=1571791071099}}, false)
10-23 09:37:51.127  4053  4075 D OculusLogger: logLegacyEvent(oculus_home_init_latency_headset_state, {{from_pkg=com.oculus.vrshell, device_type=MONTEREY, step=, destination=, headset_type=MONTEREY, source=, timerId=, section_name=null, service_type=LIBRARY, id=100526290914264, session_id=0cbf85aa-1676-490c-bc19-c9da31ea20cc, device_region=UNSPECIFIED, first_session_event=true, sub_section_name=null, active_duration_ms=7.964114000089467, real_timestamp=1571791071099}}, false)
10-23 09:37:51.127  4053  4075 D OculusLogger: logLegacyEvent(oculus_home_init_latency_sync_steps, {{from_pkg=com.oculus.vrshell, device_type=MONTEREY, step=, headset_type=MONTEREY, destination=, source=, timerId=, section_name=null, service_type=LIBRARY, id=100526290914264, session_id=0cbf85aa-1676-490c-bc19-c9da31ea20cc, device_region=UNSPECIFIED, first_session_event=true, sub_section_name=null, active_duration_ms=7.31921800004784, real_timestamp=1571791071100}}, false)
10-23 09:37:51.127  4053  4107 I org.webrtc.Logging: WebRtcAudioEffects: canUseNoiseSuppressor: true
10-23 09:37:51.128  4053  4075 D OculusLogger: logLegacyEvent(oculus_home_init_latency_shell_permissions, {{from_pkg=com.oculus.vrshell, step=, device_type=MONTEREY, headset_type=MONTEREY, destination=, source=, timerId=, section_name=null, service_type=LIBRARY, id=100526290914264, session_id=0cbf85aa-1676-490c-bc19-c9da31ea20cc, first_session_event=true, device_region=UNSPECIFIED, sub_section_name=null, active_duration_ms=7.124583000084385, real_timestamp=1571791071101}}, false)
10-23 09:37:51.128  4053  4075 D OculusLogger: logLegacyEvent(oculus_home_init_latency_home_networking, {{from_pkg=com.oculus.vrshell, step=, device_type=MONTEREY, destination=, headset_type=MONTEREY, source=, timerId=, section_name=null, service_type=LIBRARY, id=100526290914264, session_id=0cbf85aa-1676-490c-bc19-c9da31ea20cc, first_session_event=true, device_region=UNSPECIFIED, sub_section_name=null, active_duration_ms=4.735884999972768, real_timestamp=1571791071101}}, false)
10-23 09:37:51.128  4053  4075 D OculusLogger: logLegacyEvent(oculus_home_network_status, {{from_pkg=com.oculus.vrshell, network_status=WIFI, device_type=MONTEREY, headset_type=MONTEREY, id=100526290914264, session_id=0cbf85aa-1676-490c-bc19-c9da31ea20cc, device_region=UNSPECIFIED, sub_section_name=null, section_name=null, real_timestamp=1571791071115, service_type=LIBRARY}}, false)
10-23 09:37:51.128  4053  4092 I RCTVR_HERMES: [info]: 'Analytics', { section_name: 'null',
10-23 09:37:51.128  4053  4092 I RCTVR_HERMES:   sub_section_name: 'null',
10-23 09:37:51.128  4053  4092 I RCTVR_HERMES:   destination: undefined,
10-23 09:37:51.128  4053  4092 I RCTVR_HERMES:   source: undefined,
10-23 09:37:51.128  4053  4092 I RCTVR_HERMES:   timerId: undefined,
10-23 09:37:51.128  4053  4092 I RCTVR_HERMES:   first_session_event: true,
10-23 09:37:51.128  4053  4092 I RCTVR_HERMES:   active_duration_ms: 39.458536999998614,
10-23 09:37:51.128  4053  4092 I RCTVR_HERMES:   step: '',
10-23 09:37:51.128  4053  4092 I RCTVR_HERMES:   real_timestamp: 1571791071128,
10-23 09:37:51.128  4053  4092 I RCTVR_HERMES:   type: 'oculus_home_init_latency_localization' }
10-23 09:37:51.128  4053  4107 D AudioManager: OnCacheAudioParameters@[tid=4107]
10-23 09:37:51.128  4053  4107 D AudioManager: hardware_aec: 1
10-23 09:37:51.128  4053  4107 D AudioManager: hardware_agc: 0
10-23 09:37:51.128  4053  4107 D AudioManager: hardware_ns: 1
10-23 09:37:51.128  4053  4107 D AudioManager: low_latency_output: 1
10-23 09:37:51.128  4053  4107 D AudioManager: sample_rate: 48000
10-23 09:37:51.128  4053  4107 D AudioManager: channels: 1
10-23 09:37:51.128  4053  4107 D AudioManager: output_buffer_size: 192
10-23 09:37:51.128  4053  4107 D AudioManager: input_buffer_size: 1920
10-23 09:37:51.128  4053  4107 D JVM     : GlobalRef::ctor@[tid=4107]
10-23 09:37:51.128  4053  4107 D AudioManager: JavaAudioManager::ctor@[tid=4107]
10-23 09:37:51.128  4053  4107 D JVM     : AttachCurrentThreadIfNeeded::ctor@[tid=4107]
10-23 09:37:51.128  4053  4107 D JVM     : JVM::environment@[tid=4107]
10-23 09:37:51.128  4053  4107 D JVM     : JNIEnvironment::ctor@[tid=4107]
10-23 09:37:51.129  4053  4107 D AudioTrackJni: ctor@[tid=4107]
10-23 09:37:51.129  4053  4107 D JVM     : JNIEnvironment::RegisterNatives(org/webrtc/voiceengine/WebRtcAudioTrack)
10-23 09:37:51.129  4053  4107 D JVM     : NativeRegistration::ctor@[tid=4107]
10-23 09:37:51.129  4053  4107 D JVM     : NativeRegistration::NewObject@[tid=4107]
10-23 09:37:51.129  4053  4107 I org.webrtc.Logging: WebRtcAudioTrack: ctor@[name=Thread-8, id=104]
10-23 09:37:51.129  4053  4107 D JVM     : GlobalRef::ctor@[tid=4107]
10-23 09:37:51.129  4053  4107 D AudioManager: SetActiveAudioLayer(5)@[tid=4107]
10-23 09:37:51.129  4053  4107 D AudioManager: delay_estimate_in_milliseconds: 150
10-23 09:37:51.129  4053  4107 D AudioTrackJni: AttachAudioBuffer@[tid=4107]
10-23 09:37:51.129  4053  4107 D AudioTrackJni: SetPlayoutSampleRate(48000)
10-23 09:37:51.129  4053  4107 D AudioTrackJni: SetPlayoutChannels(1)
10-23 09:37:51.129  4053  4107 I libjingle: [000:036] [4107] (AudioRecordWrapper.cpp:53): Attached an audio buffer to AudioRecordWrapper
10-23 09:37:51.129  4053  4092 V RCTVR_HERMES: [log]: 'Home', 'HomeGraphQueryUtils: fetching https://graph.oculus.com/graphql?forced_locale=ja_JP&q=viewer()%7Buser%7Bdevice_preferences.device_id(%3Cdevice_id%3E)%7Bsessions_in_vr%7D%7D%7D&query_params=%7B%22device_id%22%3A%22be0fd68d00cfd792%22%7D'
10-23 09:37:51.130  4053  4092 V RCTVR_HERMES: [log]: 'Home', 'SessionsInVR: Failed to fetch.'
10-23 09:37:51.130  4053  4092 I RCTVR_HERMES: [info]: 'Analytics', { section_name: 'null',
10-23 09:37:51.130  4053  4092 I RCTVR_HERMES:   sub_section_name: 'null',
10-23 09:37:51.130  4053  4092 I RCTVR_HERMES:   destination: undefined,
10-23 09:37:51.130  4053  4092 I RCTVR_HERMES:   source: undefined,
10-23 09:37:51.130  4053  4092 I RCTVR_HERMES:   timerId: undefined,
10-23 09:37:51.130  4053  4092 I RCTVR_HERMES:   first_session_event: true,
10-23 09:37:51.130  4053  4092 I RCTVR_HERMES:   active_duration_ms: 36.58374599996023,
10-23 09:37:51.130  4053  4092 I RCTVR_HERMES:   step: '',
10-23 09:37:51.130  4053  4092 I RCTVR_HERMES:   real_timestamp: 1571791071130,
10-23 09:37:51.130  4053  4092 I RCTVR_HERMES:   type: 'oculus_home_init_latency_sessions_in_vr' }
10-23 09:37:51.131  4053  4075 I RCTVR   : [TIMESTAMP] : RCTMarker_tti_library_react_root : 1571791071.13196802
10-23 09:37:51.132  4053  4075 I RCTVR   : [TIMESTAMP] : RCTMarker_tti_router_app_initializing : 1571791071.13210297
10-23 09:37:51.132  4053  4075 I RCTVR   : [TIMESTAMP] : RCTMarker_tti_home_where_to_go : 1571791071.13214302
10-23 09:37:51.132  4053  4107 I libjingle: [000:039] [4107] (webrtcvoiceengine.cc:245): WebRtc VoiceEngine codecs:
10-23 09:37:51.132  4053  4107 I libjingle: [000:039] [4107] (webrtcvoiceengine.cc:272): ISAC/16000/1 (103)
10-23 09:37:51.132  4053  4107 I libjingle: [000:039] [4107] (webrtcvoiceengine.cc:272): PCMU/8000/1 (0)
10-23 09:37:51.132  4053  4107 I libjingle: [000:039] [4107] (webrtcvoiceengine.cc:272): PCMA/8000/1 (8)
10-23 09:37:51.132  4053  4107 W libjingle: [000:039] [4107] (webrtcvoiceengine.cc:296): Unexpected codec: PCMU/8000/2 (110)
10-23 09:37:51.132  4053  4107 W libjingle: [000:039] [4107] (webrtcvoiceengine.cc:296): Unexpected codec: PCMA/8000/2 (118)
10-23 09:37:51.132  4053  4107 I libjingle: [000:039] [4107] (webrtcvoiceengine.cc:272): ILBC/8000/1 (102)
10-23 09:37:51.132  4053  4107 I libjingle: [000:039] [4107] (webrtcvoiceengine.cc:272): G722/8000/1 (9)
10-23 09:37:51.132  4053  4107 W libjingle: [000:039] [4107] (webrtcvoiceengine.cc:296): Unexpected codec: G722/8000/2 (119)
10-23 09:37:51.132  4053  4107 I libjingle: [000:039] [4107] (webrtcvoiceengine.cc:272): opus/48000/2 (111)
10-23 09:37:51.132  4053  4107 I libjingle: [000:039] [4107] (webrtcvoiceengine.cc:272): CN/8000/1 (13)
10-23 09:37:51.132  4053  4107 I libjingle: [000:039] [4107] (webrtcvoiceengine.cc:272): CN/16000/1 (105)
10-23 09:37:51.132  4053  4107 I libjingle: [000:039] [4107] (webrtcvoiceengine.cc:272): CN/32000/1 (106)
10-23 09:37:51.132  4053  4107 I libjingle: [000:039] [4107] (webrtcvoiceengine.cc:272): telephone-event/8000/1 (126)
10-23 09:37:51.133  4053  4107 I libjingle: [000:039] [4107] (webrtcvoiceengine.cc:272): red/8000/1 (127)
10-23 09:37:51.133  4053  4107 I libjingle: [000:039] [4107] (webrtcvideoengine2.cc:496): WebRtcVideoEngine2::WebRtcVideoEngine2()
10-23 09:37:51.133  4053  4107 I libjingle: [000:040] [4107] (webrtcvoiceengine.cc:550): WebRtcVoiceEngine::Init
10-23 09:37:51.133  4053  4107 I libjingle: [000:040] [4107] (webrtcvoiceengine.cc:574): VoiceEngine 4.1.0
10-23 09:37:51.133  4053  4107 I libjingle: [000:040] [4107] (voe_base_impl.cc:244): Init: An external ADM implementation will be used in VoiceEngine
10-23 09:37:51.133  4053  4107 D AudioManager: Init@[tid=4107]
10-23 09:37:51.134  4053  4107 I org.webrtc.Logging: WebRtcAudioManager: init@[name=Thread-8, id=104]
10-23 09:37:51.134  4053  4092 I RCTVR_HERMES: [info]: 'Analytics', { section_name: 'null',
10-23 09:37:51.134  4053  4092 I RCTVR_HERMES:   sub_section_name: 'null',
10-23 09:37:51.134  4053  4092 I RCTVR_HERMES:   destination: undefined,
10-23 09:37:51.134  4053  4092 I RCTVR_HERMES:   source: undefined,
10-23 09:37:51.134  4053  4092 I RCTVR_HERMES:   timerId: undefined,
10-23 09:37:51.134  4053  4092 I RCTVR_HERMES:   first_session_event: true,
10-23 09:37:51.134  4053  4092 I RCTVR_HERMES:   active_duration_ms: 48.443225000053644,
10-23 09:37:51.134  4053  4092 I RCTVR_HERMES:   step: '',
10-23 09:37:51.134  4053  4092 I RCTVR_HERMES:   real_timestamp: 1571791071134,
10-23 09:37:51.134  4053  4092 I RCTVR_HERMES:   type: 'oculus_home_init_latency_client_preferences' }
10-23 09:37:51.135  4053  4107 I org.webrtc.Logging: WebRtcAudioManager: audio mode is: MODE_NORMAL
10-23 09:37:51.135  4053  4107 D AudioTrackJni: Init@[tid=4107]
10-23 09:37:51.135  2078  2178 W Sensor  : bad interpupillary distance: 0.059600, returning 0.068750
10-23 09:37:51.135  4053  4107 I libjingle: [000:042] [4107] (webrtcvoiceengine.cc:1065): webrtc: output: available=0
10-23 09:37:51.135  4053  4107 E libjingle: [000:042] [4107] (webrtcvoiceengine.cc:1065): webrtc: stereo playout is not supported
10-23 09:37:51.135  4053  4107 W libjingle: [000:042] [4107] (webrtcvoiceengine.cc:1065): webrtc: Init() failed to set mono/stereo playout mode (error=8090)
10-23 09:37:51.135  4053  4107 I libjingle: [000:042] [4107] (webrtcvoiceengine.cc:1065): webrtc: output: available=0
10-23 09:37:51.135  4053  4107 E libjingle: [000:042] [4107] (webrtcvoiceengine.cc:1065): webrtc: recording in stereo is not supported
10-23 09:37:51.135  4053  4107 W libjingle: [000:042] [4107] (webrtcvoiceengine.cc:1065): webrtc: Init() failed to set mono/stereo recording mode (error=8090)
10-23 09:37:51.135  4053  4107 I libjingle: [000:042] [4107] (webrtcvoiceengine.cc:1065): webrtc: TransmitMixer::SetAudioProcessingModule(audioProcessingModule=0xe1e37080)
10-23 09:37:51.135  4053  4107 I libjingle: [000:042] [4107] (webrtcvoiceengine.cc:1065): webrtc: OutputMixer::SetAudioProcessingModule(audioProcessingModule=0xe1e37080)
10-23 09:37:51.135  4053  4107 E libjingle: [000:042] [4107] (voe_base_impl.cc:371): Init: Failed to set agc to enabled: 0
10-23 09:37:51.135  4053  4107 I libjingle: [000:042] [4107] (webrtcvoiceengine.cc:647): ApplyOptions: AudioOptions {aec: true, agc: true, ns: true, hf: true, swap: false, audio_jitter_buffer_max_packets: 50, audio_jitter_buffer_fast_accelerate: false, typing: true, agc_delta: 0, experimental_agc: false, extended_filter_aec: false, delay_agnostic_aec: false, experimental_ns: false, }
10-23 09:37:51.135  4053  4107 I OVRPlatform: [SharedMicrophoneAudioRecord] EnableBuiltInEffect(): called to enable effect 0
10-23 09:37:51.135  4053  4107 I libjingle: [000:042] [4107] (webrtcvoiceengine.cc:721): Disabling EC since built-in EC will be used instead
10-23 09:37:51.135  4053  4107 I libjingle: [000:042] [4107] (webrtcvoiceengine.cc:728): Echo control set to 0 with mode 4
10-23 09:37:51.135  4053  4107 I libjingle: [000:042] [4107] (webrtcvoiceengine.cc:763): Auto gain set to 0 with mode 4
10-23 09:37:51.135  4053  4107 I OVRPlatform: [SharedMicrophoneAudioRecord] EnableBuiltInEffect(): called to enable effect 2
10-23 09:37:51.135  4053  4107 I libjingle: [000:042] [4107] (webrtcvoiceengine.cc:803): Disabling NS since built-in NS will be used instead
10-23 09:37:51.135  4053  4107 I libjingle: [000:042] [4107] (webrtcvoiceengine.cc:810): Noise suppression set to 0 with mode 5
10-23 09:37:51.135  4053  4107 I libjingle: [000:042] [4107] (webrtcvoiceengine.cc:816): High pass filter enabled? 0
10-23 09:37:51.135  4053  4107 I libjingle: [000:042] [4107] (webrtcvoiceengine.cc:824): Stereo swapping enabled? 0
10-23 09:37:51.135  4053  4107 I libjingle: [000:042] [4107] (webrtcvoiceengine.cc:833): NetEq capacity is 50
10-23 09:37:51.135  4053  4107 I libjingle: [000:042] [4107] (webrtcvoiceengine.cc:841): NetEq fast mode? 0
10-23 09:37:51.135  4053  4107 I libjingle: [000:042] [4107] (webrtcvoiceengine.cc:849): Typing detection is enabled? 0
10-23 09:37:51.135  4053  4092 V RCTVR_HERMES: [log]: 'Environment', 'EnvironmentUtils: initializeCubemapAssets from network'
10-23 09:37:51.135  4053  4107 E libjingle: [000:042] [4107] (voe_audio_processing_impl.cc:955): SetTypingDetectionStatus: not supported
10-23 09:37:51.135  4053  4107 W libjingle: [000:042] [4107] (webrtcvoiceengine.cc:853): SetTypingDetectionStatus(0) failed, err=8003
10-23 09:37:51.135  4053  4107 I libjingle: [000:042] [4107] (webrtcvoiceengine.cc:858): Adjust agc delta is 0
10-23 09:37:51.135  4053  4107 I libjingle: [000:042] [4107] (webrtcvoiceengine.cc:1090): Adjusting AGC level from default -3dB to -3dB
10-23 09:37:51.135  4053  4107 I libjingle: [000:042] [4107] (webrtcvoiceengine.cc:869): Delay agnostic aec is enabled? 0
10-23 09:37:51.135  4053  4107 I libjingle: [000:042] [4107] (webrtcvoiceengine.cc:878): Extended filter aec is enabled? 0
10-23 09:37:51.135  4053  4107 I libjingle: [000:042] [4107] (webrtcvoiceengine.cc:887): Experimental ns is enabled? 0
10-23 09:37:51.135  4053  4107 I libjingle: [000:042] [4107] (webrtcvoiceengine.cc:610): WebRtc VoiceEngine codecs:
