11-08 16:33:47.224 21732 22119 D VrApi   : targetSDKVersion 19
11-08 16:33:47.227 21732 22119 I VrRuntimeClient: DEVICE MODEL NUMBER = Quest
11-08 16:33:47.227 21732 22119 I VrRuntimeClient: DEVICE HARDWARE = monterey
11-08 16:33:47.227 21732 22119 I VrRuntimeClient: DEVICE BUILD NAME = user-396520.6170.115
11-08 16:33:47.227 21732 22119 I VrRuntimeClient: DEVICE BUILD TYPE = user
11-08 16:33:47.227 21732 22119 I VrRuntimeClient: DEVICE OS VERSION = 7.1.1
11-08 16:33:47.227 21732 22119 I VrRuntimeClient: VRRUNTIME VERSION = VRAPI_VERSION_BEGIN { 1.1.27.0-179270206-179270206 Oct 22 2019 13:59:12 Development } RELEASE
11-08 16:33:47.227 21732 22119 I VrRuntimeClient: API LOADER VERSION = 1.1.22.0
11-08 16:33:47.227 21732 22119 I VrRuntimeClient: VRDRIVER VERSION = 10.1.0.144.427
11-08 16:33:47.227 21732 22119 I VrRuntimeClient: APP NAME = LastResisters
11-08 16:33:47.227 21732 22119 I VrRuntimeClient: APP VERSION = 1.0 versionCode 1 internalVersionName <none>
11-08 16:33:47.227 21732 22119 I VrRuntimeClient: APP VR TYPE = vr_only
11-08 16:33:47.227 21732 22119 I VrRuntimeClient: APP PACKAGE NAME = com.YourCompany.LastResisters
11-08 16:33:47.227 21732 22119 I VrRuntimeClient: APP ACTIVITY CLASS = com.epicgames.ue4.GameActivity
11-08 16:33:47.228 21732 22119 D BatteryReceiver: Unregistering battery receiver
11-08 16:33:47.276  2021  2034 W LibraryProvider: Cannot find entitlement for com.YourCompany.LastResisters
11-08 16:33:47.276  1764  1906 W OVRLibrary: null cursor received for query content://com.oculus.ocms.library/apps/com.YourCompany.LastResisters
11-08 16:33:47.277  1764  1906 I SDKLoggingService: Unable to find AppId for package (com.YourCompany.LastResisters)
11-08 16:33:47.283   712 21843 I [CT]    : HealthReport: ==================================================
11-08 16:33:47.283   712 21843 I [CT]    : Health Report
11-08 16:33:47.283   712 21843 I [CT]    : -------------
11-08 16:33:47.283   712 21843 I [CT]    : 
11-08 16:33:47.283   712 21843 I [CT]    : Reporter #1 (InsideOutHealthMonitor) summary:
11-08 16:33:47.283   712 21843 I [CT]    : Camera: Total Dropped: 0.000000, Total Frame Count: 2427 (0.000000%), Camera Reset Count: 0
11-08 16:33:47.283   712 21843 I [CT]    : Camera: Total Single Camera Frame Dropped: 0, Total Frame Count: 2427 (0.000000%)
11-08 16:33:47.283   712 21843 I [CT]    : IMU: Total Dropped: 0.000000, Total Sample Count: 181855 (0.000000%)
11-08 16:33:47.283   712 21843 I [CT]    : Magnetometer: Total Dropped: 0.000000, Total Sample Count: 5455 (0.000000%)
11-08 16:33:47.283   712 21843 I [CT]    : 
11-08 16:33:47.283   712 21843 I [CT]    : Reporter #1 (InsideOutHealthMonitor) Passed
11-08 16:33:47.283   712 21843 I [CT]    : --------------------------------------------------
11-08 16:33:47.283   712 21843 I [CT]    : Reporter #2 (ConstellationHealthMonitor) summary:
11-08 16:33:47.283   712 21843 I [CT]    : Camera: Total Dropped: 0.000000, Total Frame Count: 2429 (0.000000%), Camera Reset Count: 3
11-08 16:33:47.283   712 21843 I [CT]    : Camera: Total Single Camera Frame Dropped: 0, Total Frame Count: 2429 (0.000000%)
11-08 16:33:47.283   712 21843 I [CT]    : Controller 1122628778328220990:
11-08 16:33:47.283   712 21843 I [CT]    : IMU: Capture period exceeded threshold.  Largest period: 0.907296 sec
11-08 16:33:47.283   712 21843 I [CT]    : Controllers may have been sleeping
11-08 16:33:47.283   712 21843 I [CT]    : IMU: Total Dropped: 12.007500, Total Sample Count: 90566.108000 (0.013258%)
11-08 16:33:47.283   712 21843 I [CT]    : Controller 6776806836185477697:
11-08 16:33:47.288 21732 22110 D VrApi   : targetSDKVersion 19
11-08 16:33:47.349  2021  2075 W LibraryProvider: Cannot find entitlement for com.YourCompany.LastResisters
11-08 16:33:47.353  1764  1907 W OVRLibrary: null cursor received for query content://com.oculus.ocms.library/apps/com.YourCompany.LastResisters
11-08 16:33:47.354  1764  1907 I SDKLoggingService: Unable to find AppId for package (com.YourCompany.LastResisters)
11-08 16:33:47.355 21732 22110 I VrApi   : FPS=60,Prd=44ms,Tear=0,Early=0,Stale=36,VSnc=1,Lat=1,Fov=0,CPU4/GPU=4/4,1958/670MHz,OC=FF,TA=0/3/3,SP=N/N/N,Mem=1804MHz,Free=1557MB,PSM=0,PLS=0,Temp=33.0C/0.0C,TW=2.14ms,App=14.85ms,GD=0.00ms,CPU&GPU=21.26ms,LCnt=1,GPU%=0.93,CPU%=0.26(W0.33)
11-08 16:33:47.371 21732 22119 I VrApi   : OVR::Stats thread stopped
11-08 16:33:47.372 21732 22119 I InputDeviceManager: ovrInputDeviceManager::Shutdown
11-08 16:33:47.383 21732 22108 I InputHooks_Internal: InputHooksThreadRun ShutdownRequest received
11-08 16:33:47.395  1764  1775 I art     : Background partial concurrent mark sweep GC freed 43959(2MB) AllocSpace objects, 0(0B) LOS objects, 40% free, 4MB/7MB, paused 15.877ms total 100.648ms
11-08 16:33:47.414   712 21843 I [CT]    : VIPER: Status=6DoF,TRACKING,KF=178,Inl=266,Pts=450,Jit=0.1mm,Issues(Cam/min=0.0,IMU/min=0.0),Exp=(4.7ms,g=3,I=100)(4.4ms,g=3,I=99)(4.7ms,g=3,I=98)(4.3ms,g=3,I=101)
11-08 16:33:47.441 21732 22119 I InputHooks_Internal: Disabling Native Input Hooks
11-08 16:33:47.466  2135  2148 D VrRuntimeService: this client: 21732:com.YourCompany.LastResisters
11-08 16:33:47.466  2135  2148 D VrRuntimeService: enableRendering: clientWindow: null enable: false
11-08 16:33:47.466  2135  2148 I ClientMgr: ClientMgr::EnableRendering 21732:com.YourCompany.LastResisters : disable
11-08 16:33:47.467 21732 22122 I VrRuntimeClient: FenceChecker::MainLoop - ended
11-08 16:33:47.468 21732 22119 I BufferObject: ovrBufferObjectFactory::Unimport deleting GL buffer=778
11-08 16:33:47.469 21732 22119 I BufferObject: ovrBufferObjectFactory::Unimport deleting GL memory object=6
11-08 16:33:47.472 21732 22119 I TrackingServiceClient: OVR::TrackingService::ClientSetInterface
11-08 16:33:47.472 21732 22119 D TrackingServiceClient: onClientDisconnect
11-08 16:33:47.472 21732 22119 D TrackingServiceConnectionNative: onClientDisconnect
11-08 16:33:47.472   712  2866 I TrackingService: Unregistering client by ITrackingService.unregisterClient
11-08 16:33:47.472   712  2866 I TrackingService: TrackingServiceHost Unregistering client: pid 21732
11-08 16:33:47.473 21732 22119 D BinderConnection: Disconnecting from TrackingService service
11-08 16:33:47.473 21732 22119 D TrackingServiceConnectionNative: onDisconnected
11-08 16:33:47.473 21732 22119 D TrackingServiceClient: TrackingServiceConnection mConnectedRemotes.clear()
11-08 16:33:47.473 21732 22119 I TrackingServiceClient: OVR::TrackingService::ClientSetInterface
11-08 16:33:47.474 21732 22119 I VrApi   : ---------- vrapi_LeaveVrMode [end] ----------
11-08 16:33:47.474 21732 21748 D UE4     : Unregistering volume receiver
11-08 16:33:47.479 21732 21748 D UE4     : Unregistering battery receiver
11-08 16:33:47.480 21732 21748 D UE4     : Unregistering headset receiver
11-08 16:33:47.482 21732 21748 D UE4     : [2019.11.08-07.33.47:482][754]LogCore: Display: AppLifetime: Application will enter background
11-08 16:33:47.486 21732 22120 D UE4     : *** JavaEnvDestructor: 22120
11-08 16:33:47.488 21732 22119 D UE4     : AndroidEGL::ResetDisplay()
11-08 16:33:47.491 21732 22119 D UE4     : *** JavaEnvDestructor: 22119
11-08 16:33:47.492 21732 21748 D UE4     : [2019.11.08-07.33.47:492][754]LogTemp: Android pause audio
11-08 16:33:47.492 21732 21748 D UE4     : [2019.11.08-07.33.47:492][754]LogAudioMixerAndroid: Display: Suspending android audio renderer
11-08 16:33:47.493 21732 21748 D UE4     : Execution has been paused...
11-08 16:33:47.493 21732 21749 D UE4     : [2019.11.08-07.33.47:493][754]LogAndroid: Case APP_CMD_SAVE_STATE
11-08 16:33:47.493 21732 21749 D UE4     : LogAndroidEvents::EnqueueAppEvent : 12, 0, tid = 21749, APP_EVENT_STATE_SAVE_STATE
11-08 16:33:47.495 21732 21749 D UE4     : [2019.11.08-07.33.47:495][754]LogAndroid: Case APP_CMD_STOP
11-08 16:33:47.495 21732 21749 D UE4     : LogAndroidEvents::EnqueueAppEvent : 8, 0, tid = 21749, APP_EVENT_STATE_ON_STOP
11-08 16:33:47.495 21732 21732 D UE4     : ==============> GameActive.onStop complete!
11-08 16:33:47.496 21732 21732 D UE4     : ==============> GameActive.onTrimMemory(TRIM_MEMORY_UI_HIDDEN) called!
11-08 16:33:47.497 21732 21732 V UE4-GameApplication: App in background
11-08 16:33:47.523 21732 21749 D UE4     : Case APP_CMD_TERM_WINDOW, tid = 21749
11-08 16:33:47.524 21732 21749 D UE4     : [2019.11.08-07.33.47:524][754]LogAndroid: Case APP_CMD_TERM_WINDOW
11-08 16:33:47.524 21732 21749 D UE4     : LogAndroidEvents::EnqueueAppEvent : 3, 0, tid = 21749, APP_EVENT_STATE_WINDOW_DESTROYED
11-08 16:33:47.538  1806 22579 I Telemetry: App memory usage: PSS=245MB
11-08 16:33:47.544  2428  2450 I PanelService: Overlay is disabled, tearing down overlay
11-08 16:33:47.553  1806  1897 I [OAR] AudioSystem: Starting haptic hover1 on device 536870915
11-08 16:33:47.553  1806  1897 I [OAR] AudioMixer: Creating a new stream for client UiSound0
11-08 16:33:47.553  1806  1897 I [OAR] AudioMixer: PlaySoundEffect: 1554 samples at 29.168074
11-08 16:33:47.555  2428  2450 D PersistentSettings: Saving modified settings
11-08 16:33:47.556  2135  2135 D NotificationSurfaceBroadcastReceiver: Received com.oculus.vrdriver.teardown_notification broadcast
11-08 16:33:47.557  2135  2135 D TrustedSignatureVerifier: Checking app signature for com.oculus.ovrmonitormetricsservice
11-08 16:33:47.557  2135  2135 D NotificationSurfaceBroadcastReceiver: App is trusted
11-08 16:33:47.565  2428  2450 I PanelService: Broadcasting now to com.oculus.vrshell
11-08 16:33:47.572  1806 22579 I VrApi   : FPS=1,Prd=0ms,Tear=0,Early=0,Stale=37,VSnc=1,Lat=1,Fov=0,CPU4/GPU=4/4,1958/670MHz,OC=FF,TA=0/E0/0,SP=N/F/N,Mem=1804MHz,Free=1557MB,PSM=0,PLS=0,Temp=33.0C/0.0C,TW=2.93ms,App=4.12ms,GD=0.00ms,CPU&GPU=7.92ms,LCnt=1,GPU%=0.51,CPU%=0.15(W0.30)
11-08 16:33:47.572  2135  2135 D NotificationSurfaceBroadcastReceiver: Received com.oculus.vrdriver.new_notification_to_show broadcast
11-08 16:33:47.575  2135  2135 D TrustedSignatureVerifier: Checking app signature for com.oculus.ovrmonitormetricsservice
11-08 16:33:47.576  2135  2135 D NotificationSurfaceBroadcastReceiver: App is trusted
11-08 16:33:47.581  1806 22582 I [OAR] AudioMixer: Finishing mono effect
11-08 16:33:47.587  2135 21863 I NotificationSurfaceBroadcastReceiver: Broadcasting surface Surface(name=android.graphics.SurfaceTexture@7d81751)/@0x7c2cbb6 service package com.oculus.ovrmonitormetricsservice service class com.oculus.ovrmonitormetricsservice.PanelService
11-08 16:33:47.590  2135  2135 D OVRServiceSynchronous: Service connected.
11-08 16:33:47.592  2428  2428 D SurfaceRender: [com.oculus.ovrmonitormetricsservice.SurfaceRender@f017b2d] Stop Called.
11-08 16:33:47.592  2428  2428 I PanelService: Starting new SurfaceRender for com.oculus.vrshell
11-08 16:33:47.592  2428  2428 I SurfaceRender: [com.oculus.ovrmonitormetricsservice.SurfaceRender@aa79d29] starting render thread
11-08 16:33:47.592  2428  2428 D PersistentSettings: Saving modified settings
11-08 16:33:47.595 21732 21748 D UE4     : [2019.11.08-07.33.47:595][754]LogAndroidEvents: Display: LogAndroidEvents::DequeueAppEvent : 12, 0, APP_EVENT_STATE_SAVE_STATE
11-08 16:33:47.595 21732 21748 D UE4     : [2019.11.08-07.33.47:595][754]LogAndroidEvents: Display: LogAndroidEvents::DequeueAppEvent : 8, 0, APP_EVENT_STATE_ON_STOP
11-08 16:33:47.595 21732 21748 D UE4     : [2019.11.08-07.33.47:595][754]LogAndroidEvents: Display: LogAndroidEvents::DequeueAppEvent : 3, 0, APP_EVENT_STATE_WINDOW_DESTROYED
11-08 16:33:47.595 21732 21748 D UE4     : APP_EVENT_STATE_WINDOW_DESTROYED, 0, 0, 0
11-08 16:33:47.595 21732 21748 D UE4     : AndroidEGL::DestroyWindow()
11-08 16:33:47.596 21732 21748 D UE4     : AndroidEGL::UnBind()
11-08 16:33:47.596 21732 21748 D UE4     : AndroidEGL::ResetDisplay()
11-08 16:33:47.596 21732 21748 D UE4     : AndroidEGL::DestroySurface()
11-08 16:33:47.596 21732 21748 D UE4     : FAndroidAppEntry::DestroyWindow() called
11-08 16:33:47.605  2428  2428 D SurfaceRender: [com.oculus.ovrmonitormetricsservice.SurfaceRender@f017b2d] Not running, shutting down render thread
11-08 16:33:47.605  2428  2428 D SurfaceRender: [com.oculus.ovrmonitormetricsservice.SurfaceRender@f017b2d] Shutdown Rendering.
11-08 16:33:47.606  2428  2428 I SurfaceRender: [com.oculus.ovrmonitormetricsservice.SurfaceRender@f017b2d] exiting
11-08 16:33:47.874  1910  1910 D [OAR] HomeDialog: Quit Pressed
11-08 16:33:47.874  1910  1910 I [OAR] AnytimeUIAndroidPanelAppBase: actionHideDialog - quit
11-08 16:33:47.874  1910  1910 D [OAR] HomeDialog: Releasing old screenshot, jpg_size: 3740
11-08 16:33:47.901  1806  1897 I [OAR] AudioSystem: Starting haptic select1 on device 536870915
11-08 16:33:47.901  1806  1897 I [OAR] AudioMixer: Creating a new stream for client UiSound1
11-08 16:33:47.901  1806  1897 I [OAR] AudioMixer: PlaySoundEffect: 25598 samples at 29.508074
11-08 16:33:47.901  1806  1897 I [OAR] ShellDialogControllerHost: DialogResult: quit
11-08 16:33:47.911  1806  1897 I [OAR] ShellApplication: Sent exit broadcast to SystemActivities for:  com.YourCompany.LastResisters
11-08 16:33:47.912  2135  4586 I GuardianSystem: GuardianSystem::GuardianCmd 14
11-08 16:33:47.912  1806  1897 I [OAR] DialogControllerManager: HideDialog(quit of exittohome)
11-08 16:33:47.912  1806  1897 I [OAR] DialogControllerManager: Previous pending dialog: type: 9, uri "systemux://dialog/exit", return component: "com.YourCompany.LastResisters", return activity component: "com.YourCompany.LastResisters/com.epicgames.ue4.GameActivity"
11-08 16:33:47.914 21732 21732 D SystemActivitiesReceiver: SystemActivityReceiver.onReceive intent:Intent { act=com.oculus.system_activity flg=0x10 pkg=com.YourCompany.LastResisters (has extras) }
11-08 16:33:47.914 21732 21732 D SystemActivitiesReceiver: fromPackageName: 'com.oculus.vrshell'
11-08 16:33:47.914 21732 21732 D SystemActivitiesReceiver: command: '{"Command":"exitToHome","PlatformUIVersion":4,"ToPackage":"com.YourCompany.LastResisters"}'
11-08 16:33:47.914 21732 21732 D SystemActivitiesReceiver: uri: ''
11-08 16:33:47.914  1806  1897 I [OAR] DialogControllerManager: Dialog change detected; updating dialog UI.
11-08 16:33:47.914  1806  1897 I [OAR] DialogControllerManager: Old dialog: type: 9, uri "systemux://dialog/exit", return component: "com.YourCompany.LastResisters", return activity component: "com.YourCompany.LastResisters/com.epicgames.ue4.GameActivity"
11-08 16:33:47.914  1806  1897 I [OAR] DialogControllerManager: New dialog: type: 0, uri "systemux://dialog/none", return component: "", return activity component: ""
11-08 16:33:47.915  1806  1897 I [OAR] DialogController: CloseDialogs() old: 9, pendingUri: systemux://dialog/exit, pendingComponent: com.YourCompany.LastResisters
11-08 16:33:47.915  1806  1897 I [OAR] PlatformManager: Checking livestreaming allowed for:  com.oculus.vrshell
11-08 16:33:47.915  1806  1897 I [OAR] DialogController: Clearing existing dialog systemux://dialog/exit to None while in transition to pending dialog systemux://dialog/none
11-08 16:33:47.916  1910  1910 I [OAR] AnytimeUIAndroidPanelApp: updateActiveComponent - systemux://home, returnComponent = 
11-08 16:33:47.916  1910  1910 I [OAR] AnytimeUIAndroidPanelAppBase: configureDialog:  systemux://dialog/none [] ()
11-08 16:33:47.916  1910  1910 I [OAR] AnytimeUIAndroidPanelAppBase: actionSetRoute - Route:  NONE(systemux://dialog/none)
11-08 16:33:47.916  1910  1910 D [OAR] TaskBarViewV1: NUX Mode = false
11-08 16:33:47.916  1910  1910 D [OAR] TaskBarViewV1: Skipping NUX Mode for Quest
11-08 16:33:47.916  1910  1910 I [OAR] AndroidPanelLayer: Hiding layer dialog
11-08 16:33:47.916 21732 21732 D TrustedSignatureVerifier: Checking app signature for com.oculus.vrshell
11-08 16:33:47.917  1806  2417 I OVRPlatform: [QueueAsyncResponseHandler] success: {"streaming_enabled":true}
11-08 16:33:47.921 21732 21732 D SystemActivitiesReceiver: App is trusted
11-08 16:33:47.922 21732 21732 I SystemUtils_Internal: nativeSystemActivityIntent in 'com.YourCompany.LastResisters': 'com.oculus.vrshell' '{"Command":"exitToHome","PlatformUIVersion":4,"ToPackage":"com.YourCompany.LastResisters"}' ''
11-08 16:33:47.923 21732 21732 I SystemUtils_Internal: finish() - exit to Home
11-08 16:33:47.923 21732 21732 W art     : Attempt to remove non-JNI local reference, dumping thread
11-08 16:33:47.923 21732 21732 W art     : Attempt to remove non-JNI local reference, dumping thread
11-08 16:33:47.923 21732 21732 W art     : Attempt to remove non-JNI local reference, dumping thread
11-08 16:33:47.923 21732 21732 D SystemActivitiesReceiver: SystemActivityReceiver.onReceive intent:Intent { act=com.oculus.system_activity flg=0x10 pkg=com.YourCompany.LastResisters (has extras) }
11-08 16:33:47.924 21732 21732 D SystemActivitiesReceiver: fromPackageName: 'com.oculus.vrshell'
11-08 16:33:47.924 21732 21732 D SystemActivitiesReceiver: command: '{"Command":"returnToLauncher","PlatformUIVersion":4,"ToPackage":"com.YourCompany.LastResisters"}'
11-08 16:33:47.924 21732 21732 D SystemActivitiesReceiver: uri: ''
11-08 16:33:47.924 21732 21732 I SystemUtils_Internal: nativeSystemActivityIntent in 'com.YourCompany.LastResisters': 'com.oculus.vrshell' '{"Command":"returnToLauncher","PlatformUIVersion":4,"ToPackage":"com.YourCompany.LastResisters"}' ''
11-08 16:33:47.924 21732 21732 I SystemUtils_Internal: ovrSystemUtils::AddEvent: queued event '{"Command":"returnToLauncher","PlatformUIVersion":4,"ToPackage":"com.YourCompany.LastResisters"}'
11-08 16:33:47.924 21732 21732 W art     : Attempt to remove non-JNI local reference, dumping thread
11-08 16:33:47.924 21732 21732 W art     : Attempt to remove non-JNI local reference, dumping thread
11-08 16:33:47.924 21732 21732 W art     : Attempt to remove non-JNI local reference, dumping thread
11-08 16:33:47.925 21732 21732 D ContextHelper: shouldSkipFinish: activity=com.epicgames.ue4.GameActivity@855dfc
11-08 16:33:47.926 21732 21732 D ContextHelper: activity=com.epicgames.ue4.GameActivity@855dfc, resumed=false
11-08 16:33:47.926 21732 21732 D ContextHelper: Calling finish() on com.epicgames.ue4.GameActivity@855dfc
11-08 16:33:47.929  1806  1897 I [OAR] ShellApp: com.oculus.vrshell.home/com.oculus.vrshell.home.ExploreService:30 is now foregrounded
11-08 16:33:47.929  1806  1897 I [OAR] PanelAppHost: Panel app 30 (com.oculus.vrshell.home/com.oculus.vrshell.home.ExploreService) changing state from background to foreground
11-08 16:33:47.932 21732 21732 D UE4     : onDestroy: destroy memoryHandlerThread
11-08 16:33:47.934 21732 21749 D UE4     : [2019.11.08-07.33.47:934][754]LogAndroid: Case APP_CMD_INPUT_CHANGED
11-08 16:33:47.935 21732 21749 D UE4     : [2019.11.08-07.33.47:935][754]LogAndroid: Case APP_CMD_DESTROY
11-08 16:33:47.935 21732 21749 D UE4     : LogAndroidEvents::EnqueueAppEvent : 5, 0, tid = 21749, APP_EVENT_STATE_ON_DESTROY
11-08 16:33:47.937  1806  1897 D [OAR] ShellApplication: notify OS to set com.oculus.vrshell.home/com.oculus.vrshell.home.ExploreService to FOREGROUND
11-08 16:33:47.944  1806  1897 I InputHooks_Internal: SetInhibitHandleBackButtonLongPress = false
11-08 16:33:47.944  2135  2149 I GazeTimer: (28567.9144) CancelTimer
11-08 16:33:47.945  1806  1897 I ScreenCaptureHelper: SetScreenCaptureInhibitFlag : enabled
11-08 16:33:47.945  2135  2150 I ScreenCaptureBase: GlobalInhibitState=0
11-08 16:33:47.946  1806  1897 D VRProviderHelper: Could not find provider
11-08 16:33:47.946  1806  1897 I [OAR] PlatformManager: Resuming live stream
11-08 16:33:47.946  1764  1764 I VRLifecycleSessionManager: Stored session info.
11-08 16:33:47.948  1806  1897 I [OAR] PanelRenderLayer: ResetSurface 884 x 540 - shape:2 stereo:0
11-08 16:33:47.948  1806  1897 I [OAR] PanelAppHost: Setting panel layer visibility of layer "dialog" to invisible
11-08 16:33:47.948  1806  1897 I [OAR] PlatformManager: isLiveStreamingAllowed response:  1
11-08 16:33:47.952 21972 22028 I RCTVR   : AppState foreground
11-08 16:33:47.953 21972 22028 I panelapp: LE reactvr_info
11-08 16:33:47.953 21972 22028 D OculusLogger: logLegacyEvent(reactvr_info, {{device_type=MONTEREY, headset_type=MONTEREY, id=1963267730655420, session_id=ddac02d6-8a47-4d44-b7ab-462f1fc2fbef, uid=2, device_region=UNSPECIFIED, type=network_fetch_start, real_timestamp=1573198411748}}, false)
11-08 16:33:47.953 21972 22047 I RCTVR_HERMES: [info]: 'Library', [ 'global library update received' ]
11-08 16:33:47.953 21972 22028 I panelapp: LE reactvr_info
11-08 16:33:47.954 21972 22028 D OculusLogger: logLegacyEvent(reactvr_info, {{device_type=MONTEREY, headset_type=MONTEREY, id=1963267730655420, session_id=ddac02d6-8a47-4d44-b7ab-462f1fc2fbef, device_region=UNSPECIFIED, exec=invoke_callback, type=backgrounded_message, args=[null,[["reduxPersis, real_timestamp=1573198411750}}, false)
11-08 16:33:47.954 21972 22028 I panelapp: LE reactvr_info
11-08 16:33:47.954 21972 22028 D OculusLogger: logLegacyEvent(reactvr_info, {{device_type=MONTEREY, headset_type=MONTEREY, id=1963267730655420, session_id=ddac02d6-8a47-4d44-b7ab-462f1fc2fbef, device_region=UNSPECIFIED, exec=invoke_callback, type=backgrounded_message, real_timestamp=1573198411753, args=[null,[["reduxPersis}}, false)
11-08 16:33:47.954 21972 22028 I panelapp: LE reactvr_info
11-08 16:33:47.954 21972 22028 D OculusLogger: logLegacyEvent(reactvr_info, {{device_type=MONTEREY, headset_type=MONTEREY, id=1963267730655420, session_id=ddac02d6-8a47-4d44-b7ab-462f1fc2fbef, uid=3, device_region=UNSPECIFIED, type=network_fetch_start, real_timestamp=1573198411780}}, false)
11-08 16:33:47.954 21972 22028 I panelapp: LE reactvr_info
11-08 16:33:47.954 21972 22028 D OculusLogger: logLegacyEvent(reactvr_info, {{device_type=MONTEREY, headset_type=MONTEREY, id=1963267730655420, session_id=ddac02d6-8a47-4d44-b7ab-462f1fc2fbef, device_region=UNSPECIFIED, exec=invoke_callback, type=backgrounded_message, real_timestamp=1573198411781, args=[null,[["QuickPromot}}, false)
11-08 16:33:47.954 21972 22028 I panelapp: LE reactvr_info
11-08 16:33:47.954 21972 22028 D OculusLogger: logLegacyEvent(reactvr_info, {{device_type=MONTEREY, headset_type=MONTEREY, id=1963267730655420, function=emit, session_id=ddac02d6-8a47-4d44-b7ab-462f1fc2fbef, device_region=UNSPECIFIED, module=RCTDeviceEventEmitter, exec=call_function, type=backgrounded_message, args=["onFriendsChangedEv, real_timestamp=1573198411851}}, false)
11-08 16:33:47.954 21972 22028 I panelapp: LE reactvr_info
11-08 16:33:47.954 21972 22028 D OculusLogger: logLegacyEvent(reactvr_info, {{download_size=144.000000, device_type=MONTEREY, headset_type=MONTEREY, total_time=277, method=GET, transfer_time=0, connect_time=81, firstbyte_time=195, code=400, redirect_time=0, retried_times=0, max_retries=3, traceID=G+77fyTHNmD, id=1963267730655420, session_id=ddac02d6-8a47-4d44-b7ab-462f1fc2fbef, uid=2, download_speed=519.000000, namelookup_time=0, device_region=UNSPECIFIED, docID=, tracking_name=unknown, type=network_fetch_complete, real_timestamp=1573198412026}}, false)
11-08 16:33:47.954 21972 22028 I panelapp: LE reactvr_info
11-08 16:33:47.954 21972 22028 D OculusLogger: logLegacyEvent(reactvr_info, {{device_type=MONTEREY, headset_type=MONTEREY, id=1963267730655420, function=emit, session_id=ddac02d6-8a47-4d44-b7ab-462f1fc2fbef, device_region=UNSPECIFIED, module=RCTDeviceEventEmitter, exec=call_function_json, type=backgrounded_message, real_timestamp=1573198412026}}, false)
11-08 16:33:47.955 21972 22028 I panelapp: LE reactvr_info
11-08 16:33:47.955 21972 22028 D OculusLogger: logLegacyEvent(reactvr_info, {{device_type=MONTEREY, headset_type=MONTEREY, id=1963267730655420, function=emit, session_id=ddac02d6-8a47-4d44-b7ab-462f1fc2fbef, device_region=UNSPECIFIED, module=RCTDeviceEventEmitter, exec=call_function_json, type=backgrounded_message, real_timestamp=1573198412026}}, false)
11-08 16:33:47.955 21972 22028 I panelapp: LE reactvr_info
11-08 16:33:47.955 21972 22028 D OculusLogger: logLegacyEvent(reactvr_info, {{device_type=MONTEREY, headset_type=MONTEREY, id=1963267730655420, function=emit, session_id=ddac02d6-8a47-4d44-b7ab-462f1fc2fbef, device_region=UNSPECIFIED, module=RCTDeviceEventEmitter, exec=call_function_json, type=backgrounded_message, real_timestamp=1573198412026}}, false)
11-08 16:33:47.955 21972 22028 I panelapp: LE reactvr_info
11-08 16:33:47.955 21972 22028 D OculusLogger: logLegacyEvent(reactvr_info, {{device_type=MONTEREY, headset_type=MONTEREY, id=1963267730655420, session_id=ddac02d6-8a47-4d44-b7ab-462f1fc2fbef, device_region=UNSPECIFIED, exec=invoke_callback, type=backgrounded_message, args=[[{"apkFullSizeBytes, real_timestamp=1573198412054}}, false)
11-08 16:33:47.955 21972 22028 I panelapp: LE reactvr_info
11-08 16:33:47.955 21972 22028 D OculusLogger: logLegacyEvent(reactvr_info, {{device_type=MONTEREY, headset_type=MONTEREY, id=1963267730655420, session_id=ddac02d6-8a47-4d44-b7ab-462f1fc2fbef, device_region=UNSPECIFIED, exec=invoke_callback, type=backgrounded_message, real_timestamp=1573198412072, args=[[{"apkFullSizeBytes}}, false)
11-08 16:33:47.955 21972 22028 I panelapp: LE reactvr_info
11-08 16:33:47.955 21972 22028 D OculusLogger: logLegacyEvent(reactvr_info, {{download_size=536.000000, device_type=MONTEREY, headset_type=MONTEREY, method=GET, total_time=411, transfer_time=0, connect_time=51, firstbyte_time=360, code=200, redirect_time=0, retried_times=0, max_retries=3, traceID=ESCg2OSxGle, id=1963267730655420, session_id=ddac02d6-8a47-4d44-b7ab-462f1fc2fbef, namelookup_time=0, download_speed=1304.000000, uid=3, device_region=UNSPECIFIED, docID=, tracking_name=unknown, type=network_fetch_complete, real_timestamp=1573198412192}}, false)
11-08 16:33:47.955 21972 22028 I panelapp: LE reactvr_info
11-08 16:33:47.955 21972 22028 D OculusLogger: logLegacyEvent(reactvr_info, {{device_type=MONTEREY, headset_type=MONTEREY, id=1963267730655420, function=emit, session_id=ddac02d6-8a47-4d44-b7ab-462f1fc2fbef, device_region=UNSPECIFIED, module=RCTDeviceEventEmitter, exec=call_function_json, type=backgrounded_message, real_timestamp=1573198412192}}, false)
11-08 16:33:47.955 21972 22028 I panelapp: LE reactvr_info
11-08 16:33:47.955 21972 22028 D OculusLogger: logLegacyEvent(reactvr_info, {{device_type=MONTEREY, headset_type=MONTEREY, id=1963267730655420, function=emit, session_id=ddac02d6-8a47-4d44-b7ab-462f1fc2fbef, device_region=UNSPECIFIED, module=RCTDeviceEventEmitter, exec=call_function_json, type=backgrounded_message, real_timestamp=1573198412192}}, false)
11-08 16:33:47.955 21972 22028 I panelapp: LE reactvr_info
11-08 16:33:47.955 21972 22047 V RCTVR_HERMES: [log]: 'Home', 'HomeGraphQueryUtils: fetching https://graph.oculus.com/graphql?forced_locale=en_US&q=viewer()%7Buser%7Bdevice_preferences.device_id(%3Cdevice_id%3E)%7Bsessions_in_vr%7D%7D%7D&query_params=%7B%22device_id%22%3A%224fadc4e5899f3ae6%22%7D'
11-08 16:33:47.956 21972 22028 D OculusLogger: logLegacyEvent(reactvr_info, {{device_type=MONTEREY, headset_type=MONTEREY, id=1963267730655420, function=emit, session_id=ddac02d6-8a47-4d44-b7ab-462f1fc2fbef, device_region=UNSPECIFIED, module=RCTDeviceEventEmitter, exec=call_function_json, type=backgrounded_message, real_timestamp=1573198412192}}, false)
11-08 16:33:47.956 21972 22028 I panelapp: LE reactvr_info
11-08 16:33:47.956 21972 22028 D OculusLogger: logLegacyEvent(reactvr_info, {{download_size=24.000000, device_type=MONTEREY, headset_type=MONTEREY, method=GET, total_time=489, transfer_time=0, connect_time=103, firstbyte_time=382, code=200, redirect_time=0, retried_times=0, max_retries=3, traceID=HUt/oVmsATs, id=1963267730655420, session_id=ddac02d6-8a47-4d44-b7ab-462f1fc2fbef, download_speed=49.000000, uid=1, namelookup_time=2, device_region=UNSPECIFIED, docID=, tracking_name=unknown, type=network_fetch_complete, real_timestamp=1573198412192}}, false)
11-08 16:33:47.956 21972 22028 I panelapp: LE reactvr_info
11-08 16:33:47.956 21972 22028 D OculusLogger: logLegacyEvent(reactvr_info, {{device_type=MONTEREY, headset_type=MONTEREY, id=1963267730655420, function=emit, session_id=ddac02d6-8a47-4d44-b7ab-462f1fc2fbef, device_region=UNSPECIFIED, module=RCTDeviceEventEmitter, exec=call_function_json, type=backgrounded_message, real_timestamp=1573198412192}}, false)
11-08 16:33:47.956 21972 22028 I panelapp: LE reactvr_info
11-08 16:33:47.956 21972 22028 D OculusLogger: logLegacyEvent(reactvr_info, {{device_type=MONTEREY, headset_type=MONTEREY, id=1963267730655420, function=emit, session_id=ddac02d6-8a47-4d44-b7ab-462f1fc2fbef, device_region=UNSPECIFIED, module=RCTDeviceEventEmitter, exec=call_function_json, type=backgrounded_message, real_timestamp=1573198412192}}, false)
11-08 16:33:47.956 21972 22028 I panelapp: LE reactvr_info
11-08 16:33:47.956 21972 22047 V RCTVR_HERMES: [log]: 'Home', 'SessionsInVR: Failed to fetch.'
11-08 16:33:47.956 21972 22028 D OculusLogger: logLegacyEvent(reactvr_info, {{device_type=MONTEREY, headset_type=MONTEREY, id=1963267730655420, function=emit, session_id=ddac02d6-8a47-4d44-b7ab-462f1fc2fbef, device_region=UNSPECIFIED, module=RCTDeviceEventEmitter, exec=call_function_json, type=backgrounded_message, real_timestamp=1573198412192}}, false)
11-08 16:33:47.956 21972 22028 I panelapp: LE reactvr_info
11-08 16:33:47.956 21972 22028 D OculusLogger: logLegacyEvent(reactvr_info, {{device_type=MONTEREY, headset_type=MONTEREY, id=1963267730655420, session_id=ddac02d6-8a47-4d44-b7ab-462f1fc2fbef, device_region=UNSPECIFIED, exec=invoke_callback, type=backgrounded_message, args=[], real_timestamp=1573198413364}}, false)
11-08 16:33:47.956 21972 22028 I panelapp: LE reactvr_info
11-08 16:33:47.956 21972 22028 D OculusLogger: logLegacyEvent(reactvr_info, {{device_type=MONTEREY, headset_type=MONTEREY, execute_time=1173, engine=hermes, msg=long_execution, call=invoke 32 0xf14fb1b8 -1, id=1963267730655420, session_id=ddac02d6-8a47-4d44-b7ab-462f1fc2fbef, device_region=UNSPECIFIED, type=js_engine, real_timestamp=1573198413367}}, false)
11-08 16:33:47.956 21972 22028 I panelapp: LE reactvr_info
11-08 16:33:47.956 21972 22047 I RCTVR   : JavaScript[0xeac7b488], Avg 389.702470951935368, Max 14585.6355719976127, MaxInLast 14585.6355719976127
11-08 16:33:47.957 21972 22028 D OculusLogger: logLegacyEvent(reactvr_info, {{device_type=MONTEREY, headset_type=MONTEREY, id=1963267730655420, function=emit, session_id=ddac02d6-8a47-4d44-b7ab-462f1fc2fbef, device_region=UNSPECIFIED, module=RCTDeviceEventEmitter, exec=call_function, type=backgrounded_message, real_timestamp=1573198413367, args=["LibraryModule_onLi}}, false)
11-08 16:33:47.957 21972 22028 I panelapp: LE reactvr_info
11-08 16:33:47.957 21972 22047 I RCTVR_HERMES: Hermes Mem: numCollections 11, allocatedBytes 5728384, heapSize 9273344, va 12582912
11-08 16:33:47.957 21972 22028 D OculusLogger: logLegacyEvent(reactvr_info, {{device_type=MONTEREY, headset_type=MONTEREY, id=1963267730655420, function=emit, session_id=ddac02d6-8a47-4d44-b7ab-462f1fc2fbef, device_region=UNSPECIFIED, module=RCTDeviceEventEmitter, exec=call_function, type=backgrounded_message, real_timestamp=1573198427953, args=["onHeadsetStatusCha}}, false)
11-08 16:33:47.957  1806  1897 I [OAR] PlatformManager: isLiveStreaming response:  0
11-08 16:33:47.957 21972 22028 D OculusLogger: logLegacyEvent(oculus_home_init_latency_localization, {{from_pkg=com.oculus.vrshell, device_type=MONTEREY, step=, headset_type=MONTEREY, destination=, source=, timerId=, section_name=null, service_type=EXPLORE, id=1963267730655420, session_id=ddac02d6-8a47-4d44-b7ab-462f1fc2fbef, device_region=UNSPECIFIED, first_session_event=true, sub_section_name=null, active_duration_ms=58.89733799919486, real_timestamp=1573198411744}}, false)
11-08 16:33:47.957 21972 22028 D OculusLogger: logLegacyEvent(oculus_home_init_latency_sessions_in_vr, {{from_pkg=com.oculus.vrshell, device_type=MONTEREY, step=, destination=, headset_type=MONTEREY, source=, timerId=, section_name=null, service_type=EXPLORE, id=1963267730655420, session_id=ddac02d6-8a47-4d44-b7ab-462f1fc2fbef, device_region=UNSPECIFIED, first_session_event=true, sub_section_name=null, active_duration_ms=53.899995002895594, real_timestamp=1573198411746}}, false)
11-08 16:33:47.957 21972 22028 D OculusLogger: logLegacyEvent(oculus_home_init_latency_client_preferences, {{from_pkg=com.oculus.vrshell, device_type=MONTEREY, step=, headset_type=MONTEREY, destination=, source=, timerId=, section_name=null, service_type=EXPLORE, id=1963267730655420, session_id=ddac02d6-8a47-4d44-b7ab-462f1fc2fbef, first_session_event=true, device_region=UNSPECIFIED, sub_section_name=null, active_duration_ms=69.90520100295544, real_timestamp=1573198411748}}, false)
11-08 16:33:47.958  1910  1910 I [OAR] AnytimeUIAndroidPanelAppBase: updateLiveStreamStatus - isLiveStreaming=false, allowed=true
11-08 16:33:47.958 21972 22028 D OculusLogger: logLegacyEvent(oculus_config, {{from_pkg=com.oculus.vrshell, duration_ms=67, device_type=MONTEREY, headset_type=MONTEREY, status=gk_read_completed, id=1963267730655420, session_id=ddac02d6-8a47-4d44-b7ab-462f1fc2fbef, default_values_used=true, device_region=UNSPECIFIED, payload=[{"name":"assistant_on_oculus","isPassing":"unknown"},{"name":"dash_events","isPassing":"false"},{"name":"feed_content_creators","isPassing":"false"},{"name":"oc_allow_changing_handle","isPassing":"unknown"},{"name":"oc_cinema_can_view_unpublished_video","isPassing":"unknown"},{"name":"oc_explore_enable_video_stereo_mono_control","isPassing":"unknown"},{"name":"oc_preview_video","isPassing":"unknown"},{"name":"oc_organizations_video","isPassing":"unknown"},{"name":"oc_referral_system_master_gk","isPassing":"false"},{"name":"oc_replace_first_last_with_name","isPassing":"unknown"},{"name":"oculus_3ds2_test_flow","isPassing":"unknown"},{"name":"oculus_abuse_recording_overlay_software_button","isPassing":"false"},{"name":"oculus_abuse_report_recording_by_default","isPassing":"true"},{"name":"oculus_abuse_reporters_enqueue_in_test_srt_queue","isPassing":"false"},{"name":"oculus_action_on_press","isPassing":"false"},{"name":"oculus_avatar_deeplink","isPassing":"true"},{"name":"oculus_avatar_expressive_editor","isPassing":"true"},{"name":"oculus_avatar_use_update_ipc","isPassing":"true"},{"name":"oculus_avatar_v2_upsell","isPassing":"true"},{"name":"oculus_client_manage_rcs","isPassing":"unknown"},{"name":"oculus_core2_avatar_v2_enabled","isPassing":"true"},{"name":"oculus_cornerstone_edit_avatar_button_deeplink","isPassing":"true"},{"name":"oculus_dash_avatar_editor","isPassing":"false"},{"name":"oculus_dash_disco_store_default","isPassing":"unknown"},{"name":"oculus_dash_disco_store_search","isPassing":"false"},{"name":"oculus_dash_joystick_recenter","isPassing":"unknown"},{"name":"oculus_dash_joystick_recenter_always","isPassing":"unknown"},{"name":"oculus_dash_lock_dash","isPassing":"false"},{"name":"oculus_dash_native_keyboard","isPassing":"true"},{"name":"oculus_dash_new_belt_model","isPassing":"true"},{"name":"oculus_dash_new_grabbing_mechanics","isPassing":"true"},{"name":"oculus_dash_no_worlds_store","isPassing":"false"},{"name":"oculus_dash_panel_context_menu","isPassing":"true"},{"name":"oculus_dash_panel_pullout","isPassing":"true"},{"name":"oculus_dash_remove_maps_setting_visible","isPassing":"unknown"},{"name":"oculus_dash_show_guardian_user_settings","isPassing":"true"},{"name":"oculus_dash_wishlist","isPassing":"unknown"},{"name":"oculus_dash_notifications_toast","isPassing":"unknown"},{"name":"oculus_dash_window_focus","isPassing":"false"},{"name":"oculus_developer","isPassing":"true"},{"name":"oculus_enable_non_vr_apps_launch_v2","isPassing":"false"},{"name":"oculus_events","isPassing":"true"},{"name":"oculus_explore_center_on_first_story","isPassing":"false"},{"name":"oculus_explore_no_media","isPassing":"true"},{"name":"oculus_explore_pagination","isPassing":"true"},{"name":"oculus_explore_trusted_tester","isPassing":"false"},{"name":"oculus_explore_video_finished_view","isPassing":"false"},{"name":"oculus_explore_collection_loading_back_button","isPassing":"false"},{"name":"oculus_explore_use_media_player","isPassing":"true"},{"name":"oculus_gallery_enable_facebook","isPassing":"false"},{"name":"oculus_gallery_enable_social_test","isPassing":"unknown"},{"name":"oculus_gallery_smart_folder_navigation","isPassing":"false"},{"name":"oculus_gallery_cardboard_audio","isPassing":"false"},{"name":"oculus_gallery_tv_environment","isPassing":"unknown"},{"name":"oculus_gallery_enable_syncmode_external","isPassing":"unknown"},{"name":"oculus_gallery_enable_google_photos","isPassing":"unknown"},{"name":"oculus_gallery_enable_otg","isPassing":"unknown"},{"name":"oculus_gallery_enable_phone_camera_roll","isPassing":"unknown"},{"name":"oculus_gallery_three_d_photo_support","isPassing":"unknown"},{"name":"oculus_gender","isPassing":"unknown"},{"name":"oculus_guardian_rifts_show_reloc_survey","isPassing":"un
11-08 16:33:47.958  1806  2418 I OVRPlatform: [QueueAsyncResponseHandler] success: {"livestreaming_enabled":false,"is_paused":false,"livestreaming_type":0,"comments_visible":false,"mic_enabled":true}
11-08 16:33:47.958 21972 22028 D OculusLogger: logLegacyEvent(oculus_home_init_latency_gatekeepers, {{from_pkg=com.oculus.vrshell, device_type=MONTEREY, step=, destination=, headset_type=MONTEREY, source=, timerId=, section_name=null, service_type=EXPLORE, id=1963267730655420, session_id=ddac02d6-8a47-4d44-b7ab-462f1fc2fbef, device_region=UNSPECIFIED, first_session_event=true, sub_section_name=null, active_duration_ms=94.65363600105047, real_timestamp=1573198411774}}, false)
11-08 16:33:47.959 21972 22028 D OculusLogger: logLegacyEvent(oculus_config, {{from_pkg=com.oculus.vrshell, session_id=ddac02d6-8a47-4d44-b7ab-462f1fc2fbef, device_region=UNSPECIFIED, device_type=MONTEREY, headset_type=MONTEREY, status=qp_initialize_started, id=1963267730655420, service_type=EXPLORE}}, false)
11-08 16:33:47.959 21972 22028 D OculusLogger: logLegacyEvent(oculus_config, {{from_pkg=com.oculus.vrshell, device_type=MONTEREY, duration_ms=112, headset_type=MONTEREY, status=qe_read_completed, id=1963267730655420, default_values_used=false, session_id=ddac02d6-8a47-4d44-b7ab-462f1fc2fbef, device_region=UNSPECIFIED, payload={"sessionless__oculus_journey_universe_4":{"name":"qe_default","group":null,"inExperiment":false,"exposureTtl":3600,"params":[],"shouldLog":false,"inDeployGroup":false,"hash":"f2050113b8391293dc4eb5956df0847a"},"sessionless__oculus_mobile_search_exact_match_universe":{"name":"sessionless__oculus_mobile_search_exact_match_experiment","group":"control","inExperiment":true,"exposureTtl":3600,"params":{"match_threshold":{"type":1,"value":"999"},"miss_threshold":{"type":1,"value":"0"},"show_exact_match":{"type":1,"value":"0"}},"shouldLog":true,"inDeployGroup":false,"hash":"ae682e71bdc842b05243477d27d0067f"},"sessionless__oculus_search_home_web_search_universe":{"name":"sessionless__oculus_search_home_web_search_button","group":"Test","inExperiment":true,"exposureTtl":3600,"params":{"is_enabled":{"type":1,"value":"1"}},"shouldLog":true,"inDeployGroup":false,"hash":"0cbf14350e629b39a5b7de754f0393d1"},"sessionless__oculus_journey_universe_5":{"name":"qe_default","group":null,"inExperiment":false,"exposureTtl":3600,"params":[],"shouldLog":false,"inDeployGroup":false,"hash":"f2050113b8391293dc4eb5956df0847a"},"sessionless__oculus_home_percent_positive_ratings_universe":{"name":"qe_default","group":null,"inExperiment":false,"exposureTtl":3600,"params":[],"shouldLog":false,"inDeployGroup":false,"hash":"f2050113b8391293dc4eb5956df0847a"},"sessionless__oculus_vrshell_aui_library_badge_universe":{"name":"sessionless__oculus_vrshell_aui_library_badge_sticky_experiment","group":"control","inExperiment":true,"exposureTtl":3600,"params":{"sticky":{"type":1,"value":"0"},"enabled":{"type":1,"value":"0"},"mode":{"type":1,"value":"0"}},"shouldLog":true,"inDeployGroup":false,"hash":"480ad8454c214232f571d9ac3d3af9c8"},"sessionless__oculus_journey_universe_6":{"name":"qe_default","group":null,"inExperiment":false,"exposureTtl":3600,"params":[],"shouldLog":false,"inDeployGroup":false,"hash":"f2050113b8391293dc4eb5956df0847a"},"sessionless__oculus_explore_preference_customization":{"name":"qe_default","group":null,"inExperiment":false,"exposureTtl":3600,"params":[],"shouldLog":false,"inDeployGroup":false,"hash":"f2050113b8391293dc4eb5956df0847a"},"sessionless__oculus_explore_show_inline_event_app_download":{"name":"qe_default","group":null,"inExperiment":false,"exposureTtl":3600,"params":[],"shouldLog":false,"inDeployGroup":false,"hash":"f2050113b8391293dc4eb5956df0847a"},"sessionless__oculus_explore_prime_metadata_universe":{"name":"qe_default","group":null,"inExperiment":false,"exposureTtl":3600,"params":[],"shouldLog":false,"inDeployGroup":false,"hash":"f2050113b8391293dc4eb5956df0847a"},"sessionless__oculus_home_redesign_nav_bar_universe":{"name":"qe_default","group":null,"inExperiment":false,"exposureTtl":3600,"params":[],"shouldLog":false,"inDeployGroup":false,"hash":"f2050113b8391293dc4eb5956df0847a"},"sessionless__oculus_store_disco_vr_pdp":{"name":"sessionless__oculus_store_disco_vr_pdp_experiment","group":null,"inExperiment":false,"exposureTtl":3600,"params":[],"shouldLog":false,"inDeployGroup":false,"hash":"a5e6a28627be6243ab454ccd50d461d2"},"sessionless__oculus_journey_universe_7":{"name":"qe_default","group":null,"inExperiment":false,"exposureTtl":3600,"params":[],"shouldLog":false,"inDeployGroup":false,"hash":"f2050113b8391293dc4eb5956df0847a"},"sessionless__oculus_library_small_cards_universe":{"name":"qe_default","group":null,"inExperiment":false,"exposureTtl":3600,"params":[],"shouldLog":false,"inDeployGroup":false,"hash":"f2050113b8391293dc4eb5956df0847a"},"sessionless__oculus_journey_universe_8":{"name":"qe_default","group":null,"inExperiment":false,"exposureTtl":3600,"params":[],"shouldLog":false,"inDeployGroup":false,"hash":"f2050113b8391293dc4eb5956df0847a"},"sessionless__oculus_home_customize_viewtypes_unive
11-08 16:33:47.960 21972 22028 D OculusLogger: logLegacyEvent(oculus_home_qe_latency, {{from_pkg=com.oculus.vrshell, device_type=MONTEREY, step=, destination=, headset_type=MONTEREY, source=, timerId=, section_name=null, service_type=EXPLORE, id=1963267730655420, session_id=ddac02d6-8a47-4d44-b7ab-462f1fc2fbef, device_region=UNSPECIFIED, first_session_event=true, sub_section_name=null, active_duration_ms=132.4668619967997, real_timestamp=1573198411816}}, false)
11-08 16:33:47.960 21972 22028 D OculusLogger: logLegacyEvent(oculus_home_init_latency_quick_experiments, {{from_pkg=com.oculus.vrshell, step=, device_type=MONTEREY, headset_type=MONTEREY, destination=, source=, timerId=, section_name=null, service_type=EXPLORE, id=1963267730655420, session_id=ddac02d6-8a47-4d44-b7ab-462f1fc2fbef, device_region=UNSPECIFIED, first_session_event=true, sub_section_name=null, active_duration_ms=133.32264300063252, real_timestamp=1573198411817}}, false)
11-08 16:33:47.960 21972 22028 D OculusLogger: logLegacyEvent(oculus_home_init_latency_native_prefetch, {{from_pkg=com.oculus.vrshell, device_type=MONTEREY, step=, headset_type=MONTEREY, destination=, source=, timerId=, section_name=null, service_type=EXPLORE, id=1963267730655420, session_id=ddac02d6-8a47-4d44-b7ab-462f1fc2fbef, device_region=UNSPECIFIED, first_session_event=true, sub_section_name=null, active_duration_ms=0.33015600219368935, real_timestamp=1573198411818}}, false)
11-08 16:33:47.961  1806  1806 D [OAR] ShellControlBroadcastReceiver: onReceive with MainActivity native pointer 4068020696, action com.oculus.systemactivities.LOCAL_STREAM_STATE_UPDATE
11-08 16:33:47.962 21972 22047 V RCTVR_HERMES: [log]: 'Relay', 'Setting endpoint.'
11-08 16:33:47.963 21972 22028 D OculusLogger: logLegacyEvent(oculus_home_init_latency_deeplinking, {{from_pkg=com.oculus.vrshell, device_type=MONTEREY, step=, headset_type=MONTEREY, destination=, source=, timerId=, section_name=null, service_type=EXPLORE, id=1963267730655420, session_id=ddac02d6-8a47-4d44-b7ab-462f1fc2fbef, first_session_event=true, device_region=UNSPECIFIED, sub_section_name=null, active_duration_ms=136.2491520009935, real_timestamp=1573198411821}}, false)
11-08 16:33:47.964 21972 22028 D QuickPromotionModule: Initialized and enabled.
11-08 16:33:47.965 21972 22047 I RCTVR_HERMES: [info]: 'Analytics', { duration_ms: 16186,
11-08 16:33:47.965 21972 22047 I RCTVR_HERMES:   status: 'qp_initialize_completed',
11-08 16:33:47.965 21972 22047 I RCTVR_HERMES:   type: 'oculus_config' }
11-08 16:33:47.966 21972 22047 I RCTVR_HERMES: [info]: 'Analytics', { section_name: 'null',
11-08 16:33:47.966 21972 22047 I RCTVR_HERMES:   sub_section_name: 'null',
11-08 16:33:47.966 21972 22047 I RCTVR_HERMES:   destination: undefined,
11-08 16:33:47.966 21972 22047 I RCTVR_HERMES:   source: undefined,
11-08 16:33:47.966 21972 22047 I RCTVR_HERMES:   timerId: undefined,
11-08 16:33:47.966 21972 22047 I RCTVR_HERMES:   first_session_event: true,
11-08 16:33:47.966 21972 22047 I RCTVR_HERMES:   active_duration_ms: 16189.706975001842,
11-08 16:33:47.966 21972 22047 I RCTVR_HERMES:   step: '',
11-08 16:33:47.966 21972 22047 I RCTVR_HERMES:   real_timestamp: 1573198427966,
11-08 16:33:47.966 21972 22047 I RCTVR_HERMES:   type: 'oculus_home_init_latency_quick_promotions' }
11-08 16:33:47.969 21972 22047 W RCTVR_HERMES: [warn]: QEData empty or corrupt for sessionless__oculus_horizon_party_live_streaming_universe
11-08 16:33:47.969 21972 22047 V RCTVR_HERMES: [log]: 'Routing', 'Redirecting to current default route /prime'
11-08 16:33:47.969 21972 22047 I RCTVR_HERMES: [info]: 'Routing', [ 'REPLACE Navigating to /prime' ]
11-08 16:33:47.970 21972 22047 V RCTVR_HERMES: [log]: 'Routing', [ 'REPLACE: /prime' ]
11-08 16:33:47.970 21972 22047 V RCTVR_HERMES: [log]: 'Routing', 'Referrer', null
11-08 16:33:47.972 21972 22047 I JniUtils: Using caller's JNIEnv
11-08 16:33:47.975 21972 22047 I RCTVR_HERMES: [info]: 'Deeplinking', [ 'StoreIAP: Deeplinking handled: /deeplinking/prime?deeplinkingRoot=1' ]
11-08 16:33:47.980 21972 22028 D OculusLogger: reportQuickExperimentExposure(sessionless__oculus_vrshell_aui_library_badge_universe, control, 1963267730655420)
11-08 16:33:47.981 21972 22028 D OculusLogger: reportQuickExperimentExposure(sessionless__oculus_vrshell_aui_library_badge_universe, control, 1963267730655420)
11-08 16:33:47.981 21972 22028 D OculusLogger: reportQuickExperimentExposure(sessionless__oculus_vrshell_aui_library_badge_universe, control, 1963267730655420)
11-08 16:33:47.981 21972 22028 D OculusLogger: reportQuickExperimentExposure(sessionless__oculus_vrshell_aui_library_badge_universe, control, 1963267730655420)
11-08 16:33:47.981 21972 22028 D OculusLogger: logLegacyEvent(vrshell_info, {{from_pkg=com.oculus.vrshell, device_type=MONTEREY, headset_type=MONTEREY, id=1963267730655420, data=["global library update received"], session_id=ddac02d6-8a47-4d44-b7ab-462f1fc2fbef, device_region=UNSPECIFIED, service_type=EXPLORE}}, false)
11-08 16:33:47.982 21972 22028 I OCPlatformModule: timestamp accessTokenRequestID
11-08 16:33:47.982 21972 22028 I AccessTokenForwarderModule: Forwarding token
11-08 16:33:47.982 21972 22028 D AccessTokenForwarder: Get access token
11-08 16:33:47.983 21972 22028 I GraphQLPrefetch: Fetching query 2536889986399455 {"alternativeSource":null,"cursor":null,"count":4,"feedSource":null,"section":"ALL"}
11-08 16:33:47.984  1806  1897 I [OAR] ShellApp: 0xd74f1388 msg: broadcastIntent:
11-08 16:33:47.984  1806  1897 I [OAR] ShellApp: is_capture_running = 0
11-08 16:33:47.984  1806  1897 I [OAR] ShellApp: intent_action = com.oculus.systemactivities.LOCAL_STREAM_STATE_UPDATE
11-08 16:33:47.984 21972 22028 I MessengerModule: SetAccessToken
11-08 16:33:47.984  1806  1897 I [OAR] SystemUXController: OnLocalStreamChanged, enabled?=0
11-08 16:33:47.984 21972 21972 I MessengerModule: Can't initialise yet, missing: Service
11-08 16:33:47.985  1910  1910 I [OAR] AnytimeUIAndroidPanelAppBase: updateLocalStreamState - false
11-08 16:33:47.986 21972 22028 I RCTVRMEM: Total Allocated Space: 21645720, Total Free Space: 2471528, JavaScript Heap Size: 5728384
11-08 16:33:47.986 21972 22028 I RvrPnl  : FPS=1.2713e-09/0.0613968/0.0613968, MSPF=7.86599e+08/16287.5/16287.5, MEMALLOC=20.643
11-08 16:33:47.990 21972 22028 I RCTVR   : Marker 'tti_explore_react_root': duration=16248.066761ms start=28551708.8850869983 end=28567956.9518480003
11-08 16:33:47.990 21972 22028 I RCTVR   : Marker 'tti_router_app_initializing': duration=16248.237022ms start=28551708.8968060017 end=28567957.1338279992
11-08 16:33:47.990 21972 22028 I RCTVR   : Marker 'tti_home_where_to_go': duration=16248.307437ms start=28551708.9038369991 end=28567957.2112740017
11-08 16:33:47.990 21972 22047 I RCTVR_HERMES: [info]: 'Analytics', { section_name: 'null',
11-08 16:33:47.990 21972 22047 I RCTVR_HERMES:   sub_section_name: 'null',
11-08 16:33:47.990 21972 22047 I RCTVR_HERMES:   reason: 'has all required versions',
11-08 16:33:47.990 21972 22047 I RCTVR_HERMES:   roadblocked: false,
11-08 16:33:47.990 21972 22047 I RCTVR_HERMES:   real_timestamp: 1573198427990,
11-08 16:33:47.990 21972 22047 I RCTVR_HERMES:   type: 'oculus_home_version_roadblock' }
11-08 16:33:47.991 21972 22047 I RCTVR_HERMES: [info]: 'Analytics', { section_name: 'null',
11-08 16:33:47.991 21972 22047 I RCTVR_HERMES:   sub_section_name: 'null',
11-08 16:33:47.991 21972 22047 I RCTVR_HERMES:   destination: undefined,
11-08 16:33:47.991 21972 22047 I RCTVR_HERMES:   source: undefined,
11-08 16:33:47.991 21972 22047 I RCTVR_HERMES:   timerId: undefined,
11-08 16:33:47.991 21972 22047 I RCTVR_HERMES:   first_session_event: true,
11-08 16:33:47.991 21972 22047 I RCTVR_HERMES:   active_duration_ms: 16291.233316998929,
11-08 16:33:47.991 21972 22047 I RCTVR_HERMES:   step: '',
11-08 16:33:47.991 21972 22047 I RCTVR_HERMES:   real_timestamp: 1573198427991,
11-08 16:33:47.991 21972 22047 I RCTVR_HERMES:   type: 'oculus_home_init_latency_roadblock_check' }
