10-31 17:31:41.689 22129 22145 D UE4     : [2019.10.31-08.31.41:689][251]LogBlueprintUserMessages: [VRPawn_507] Hello
10-31 17:31:41.689 22129 22145 D UE4     : [2019.10.31-08.31.41:689][251]LogBlueprintUserMessages: [VRPawn_507] 9.406372
10-31 17:31:41.717 22129 22145 D UE4     : [2019.10.31-08.31.41:717][252]LogBlueprintUserMessages: [VRPawn_507] 37.96051
10-31 17:31:41.717 22129 22145 D UE4     : [2019.10.31-08.31.41:717][252]LogBlueprintUserMessages: [VRPawn_507] Hello
10-31 17:31:41.717 22129 22145 D UE4     : [2019.10.31-08.31.41:717][252]LogBlueprintUserMessages: [VRPawn_507] 9.431274
10-31 17:31:41.730 22129 22145 D UE4     : [2019.10.31-08.31.41:730][253]LogBlueprintUserMessages: [VRPawn_507] 38.010254
10-31 17:31:41.731 22129 22145 D UE4     : [2019.10.31-08.31.41:731][253]LogBlueprintUserMessages: [VRPawn_507] Hello
10-31 17:31:41.731 22129 22145 D UE4     : [2019.10.31-08.31.41:731][253]LogBlueprintUserMessages: [VRPawn_507] 9.465515
10-31 17:31:41.758 22129 22145 D UE4     : [2019.10.31-08.31.41:758][254]LogBlueprintUserMessages: [VRPawn_507] 38.094543
10-31 17:31:41.758 22129 22145 D UE4     : [2019.10.31-08.31.41:758][254]LogBlueprintUserMessages: [VRPawn_507] Hello
10-31 17:31:41.758 22129 22145 D UE4     : [2019.10.31-08.31.41:758][254]LogBlueprintUserMessages: [VRPawn_507] 9.551147
10-31 17:31:41.772 22129 22145 D UE4     : [2019.10.31-08.31.41:772][255]LogBlueprintUserMessages: [VRPawn_507] 38.140564
10-31 17:31:41.772 22129 22145 D UE4     : [2019.10.31-08.31.41:772][255]LogBlueprintUserMessages: [VRPawn_507] Hello
10-31 17:31:41.772 22129 22145 D UE4     : [2019.10.31-08.31.41:772][255]LogBlueprintUserMessages: [VRPawn_507] 9.606445
10-31 17:31:41.801 22129 22145 D UE4     : [2019.10.31-08.31.41:801][256]LogBlueprintUserMessages: [VRPawn_507] 38.238708
10-31 17:31:41.801 22129 22145 D UE4     : [2019.10.31-08.31.41:801][256]LogBlueprintUserMessages: [VRPawn_507] Hello
10-31 17:31:41.801 22129 22145 D UE4     : [2019.10.31-08.31.41:801][256]LogBlueprintUserMessages: [VRPawn_507] 9.692932
10-31 17:31:41.815 22129 22145 D UE4     : [2019.10.31-08.31.41:815][257]LogBlueprintUserMessages: [VRPawn_507] 38.315125
10-31 17:31:41.815 22129 22145 D UE4     : [2019.10.31-08.31.41:815][257]LogBlueprintUserMessages: [VRPawn_507] Hello
10-31 17:31:41.815 22129 22145 D UE4     : [2019.10.31-08.31.41:815][257]LogBlueprintUserMessages: [VRPawn_507] 9.748352
10-31 17:31:41.842 22129 22145 D UE4     : [2019.10.31-08.31.41:842][258]LogBlueprintUserMessages: [VRPawn_507] 38.433777
10-31 17:31:41.842 22129 22145 D UE4     : [2019.10.31-08.31.41:842][258]LogBlueprintUserMessages: [VRPawn_507] Hello
10-31 17:31:41.843 22129 22145 D UE4     : [2019.10.31-08.31.41:843][258]LogBlueprintUserMessages: [VRPawn_507] 9.835632
10-31 17:31:41.856 22129 22145 D UE4     : [2019.10.31-08.31.41:855][259]LogBlueprintUserMessages: [VRPawn_507] 38.513123
10-31 17:31:41.856 22129 22145 D UE4     : [2019.10.31-08.31.41:856][259]LogBlueprintUserMessages: [VRPawn_507] Hello
10-31 17:31:41.856 22129 22145 D UE4     : [2019.10.31-08.31.41:856][259]LogBlueprintUserMessages: [VRPawn_507] 9.90686
10-31 17:31:41.884 22129 22145 D UE4     : [2019.10.31-08.31.41:884][260]LogBlueprintUserMessages: [VRPawn_507] 38.570435
10-31 17:31:41.884 22129 22145 D UE4     : [2019.10.31-08.31.41:884][260]LogBlueprintUserMessages: [VRPawn_507] Hello
10-31 17:31:41.884 22129 22145 D UE4     : [2019.10.31-08.31.41:884][260]LogBlueprintUserMessages: [VRPawn_507] 9.953613
10-31 17:31:41.887   714 22246 I [CT]    : MANAGEMENT:CONSTELLATION: Status=GREEN,, Obj=3669952633402657438,6DOF=1,FusJit=0.002mm,Issues(Cam/min=  0,IMU/min=0), Obj=16572054001761934198,6DOF=1,FusJit=0.0mm,Issues(Cam/min=  0,IMU/min=0)
10-31 17:31:41.897 22129 22145 D UE4     : [2019.10.31-08.31.41:897][261]LogBlueprintUserMessages: [VRPawn_507] 38.636902
10-31 17:31:41.898 22129 22145 D UE4     : [2019.10.31-08.31.41:898][261]LogBlueprintUserMessages: [VRPawn_507] Hello
10-31 17:31:41.898 22129 22145 D UE4     : [2019.10.31-08.31.41:898][261]LogBlueprintUserMessages: [VRPawn_507] 10.017639
10-31 17:31:41.925 22129 22145 D UE4     : [2019.10.31-08.31.41:925][262]LogBlueprintUserMessages: [VRPawn_507] 38.727905
10-31 17:31:41.926 22129 22145 D UE4     : [2019.10.31-08.31.41:926][262]LogBlueprintUserMessages: [VRPawn_507] Hello
10-31 17:31:41.926 22129 22145 D UE4     : [2019.10.31-08.31.41:926][262]LogBlueprintUserMessages: [VRPawn_507] 10.099854
10-31 17:31:41.939 22129 22145 D UE4     : [2019.10.31-08.31.41:939][263]LogBlueprintUserMessages: [VRPawn_507] 38.758118
10-31 17:31:41.939 22129 22145 D UE4     : [2019.10.31-08.31.41:939][263]LogBlueprintUserMessages: [VRPawn_507] Hello
10-31 17:31:41.939 22129 22145 D UE4     : [2019.10.31-08.31.41:939][263]LogBlueprintUserMessages: [VRPawn_507] 10.13678
10-31 17:31:41.967 22129 22145 D UE4     : [2019.10.31-08.31.41:967][264]LogBlueprintUserMessages: [VRPawn_507] 38.842102
10-31 17:31:41.967 22129 22145 D UE4     : [2019.10.31-08.31.41:967][264]LogBlueprintUserMessages: [VRPawn_507] Hello
10-31 17:31:41.967 22129 22145 D UE4     : [2019.10.31-08.31.41:967][264]LogBlueprintUserMessages: [VRPawn_507] 10.241089
10-31 17:31:41.981 22129 22145 D UE4     : [2019.10.31-08.31.41:981][265]LogBlueprintUserMessages: [VRPawn_507] 38.91748
10-31 17:31:41.982 22129 22145 D UE4     : [2019.10.31-08.31.41:982][265]LogBlueprintUserMessages: [VRPawn_507] Hello
10-31 17:31:41.982 22129 22145 D UE4     : [2019.10.31-08.31.41:982][265]LogBlueprintUserMessages: [VRPawn_507] 10.323425
10-31 17:31:42.009 22129 22145 D UE4     : [2019.10.31-08.31.42:009][266]LogBlueprintUserMessages: [VRPawn_507] 39.014343
10-31 17:31:42.009 22129 22145 D UE4     : [2019.10.31-08.31.42:009][266]LogBlueprintUserMessages: [VRPawn_507] Hello
10-31 17:31:42.010 22129 22145 D UE4     : [2019.10.31-08.31.42:010][266]LogBlueprintUserMessages: [VRPawn_507] 10.29657
10-31 17:31:42.023 22129 22145 D UE4     : [2019.10.31-08.31.42:023][267]LogBlueprintUserMessages: [VRPawn_507] 39.046387
10-31 17:31:42.023 22129 22145 D UE4     : [2019.10.31-08.31.42:023][267]LogBlueprintUserMessages: [VRPawn_507] Hello
10-31 17:31:42.024 22129 22145 D UE4     : [2019.10.31-08.31.42:023][267]LogBlueprintUserMessages: [VRPawn_507] 10.239929
10-31 17:31:42.051 22129 22145 D UE4     : [2019.10.31-08.31.42:051][268]LogBlueprintUserMessages: [VRPawn_507] 39.116882
10-31 17:31:42.052 22129 22145 D UE4     : [2019.10.31-08.31.42:052][268]LogBlueprintUserMessages: [VRPawn_507] Hello
10-31 17:31:42.052 22129 22145 D UE4     : [2019.10.31-08.31.42:052][268]LogBlueprintUserMessages: [VRPawn_507] 10.154724
10-31 17:31:42.065 22129 22145 D UE4     : [2019.10.31-08.31.42:065][269]LogBlueprintUserMessages: [VRPawn_507] 39.197815
10-31 17:31:42.065 22129 22145 D UE4     : [2019.10.31-08.31.42:065][269]LogBlueprintUserMessages: [VRPawn_507] Hello
10-31 17:31:42.065 22129 22145 D UE4     : [2019.10.31-08.31.42:065][269]LogBlueprintUserMessages: [VRPawn_507] 10.146729
10-31 17:31:42.092 22129 22145 D UE4     : [2019.10.31-08.31.42:092][270]LogBlueprintUserMessages: [VRPawn_507] 39.220764
10-31 17:31:42.093 22129 22145 D UE4     : [2019.10.31-08.31.42:093][270]LogBlueprintUserMessages: [VRPawn_507] Hello
10-31 17:31:42.093 22129 22145 D UE4     : [2019.10.31-08.31.42:093][270]LogBlueprintUserMessages: [VRPawn_507] 10.032654
10-31 17:31:42.106 22129 22145 D UE4     : [2019.10.31-08.31.42:106][271]LogBlueprintUserMessages: [VRPawn_507] 39.22229
10-31 17:31:42.106 22129 22145 D UE4     : [2019.10.31-08.31.42:106][271]LogBlueprintUserMessages: [VRPawn_507] Hello
10-31 17:31:42.106 22129 22145 D UE4     : [2019.10.31-08.31.42:106][271]LogBlueprintUserMessages: [VRPawn_507] 9.951111
10-31 17:31:42.135 22129 22145 D UE4     : [2019.10.31-08.31.42:135][272]LogBlueprintUserMessages: [VRPawn_507] 39.241638
10-31 17:31:42.136 22129 22145 D UE4     : [2019.10.31-08.31.42:136][272]LogBlueprintUserMessages: [VRPawn_507] Hello
10-31 17:31:42.136 22129 22145 D UE4     : [2019.10.31-08.31.42:136][272]LogBlueprintUserMessages: [VRPawn_507] 9.995117
10-31 17:31:42.152 22129 22145 D UE4     : [2019.10.31-08.31.42:152][273]LogBlueprintUserMessages: [VRPawn_507] 39.299438
10-31 17:31:42.152 22129 22145 D UE4     : [2019.10.31-08.31.42:152][273]LogBlueprintUserMessages: [VRPawn_507] Hello
10-31 17:31:42.152 22129 22145 D UE4     : [2019.10.31-08.31.42:152][273]LogBlueprintUserMessages: [VRPawn_507] 10.061523
10-31 17:31:42.178 22129 22145 D UE4     : [2019.10.31-08.31.42:178][274]LogBlueprintUserMessages: [VRPawn_507] 39.278809
10-31 17:31:42.178 22129 22145 D UE4     : [2019.10.31-08.31.42:178][274]LogBlueprintUserMessages: [VRPawn_507] Hello
10-31 17:31:42.178 22129 22145 D UE4     : [2019.10.31-08.31.42:178][274]LogBlueprintUserMessages: [VRPawn_507] 10.052002
10-31 17:31:42.191 22129 22145 D UE4     : [2019.10.31-08.31.42:191][275]LogBlueprintUserMessages: [VRPawn_507] 39.277405
10-31 17:31:42.192 22129 22145 D UE4     : [2019.10.31-08.31.42:192][275]LogBlueprintUserMessages: [VRPawn_507] Hello
10-31 17:31:42.192 22129 22145 D UE4     : [2019.10.31-08.31.42:192][275]LogBlueprintUserMessages: [VRPawn_507] 10.096558
10-31 17:31:42.219 22129 22145 D UE4     : [2019.10.31-08.31.42:219][276]LogBlueprintUserMessages: [VRPawn_507] 39.360779
10-31 17:31:42.219 22129 22145 D UE4     : [2019.10.31-08.31.42:219][276]LogBlueprintUserMessages: [VRPawn_507] Hello
10-31 17:31:42.220 22129 22145 D UE4     : [2019.10.31-08.31.42:220][276]LogBlueprintUserMessages: [VRPawn_507] 10.273865
10-31 17:31:42.247 22129 22145 D UE4     : [2019.10.31-08.31.42:247][277]LogBlueprintUserMessages: [VRPawn_507] 39.311707
10-31 17:31:42.247 22129 22145 D UE4     : [2019.10.31-08.31.42:247][277]LogBlueprintUserMessages: [VRPawn_507] Hello
10-31 17:31:42.247 22129 22145 D UE4     : [2019.10.31-08.31.42:247][277]LogBlueprintUserMessages: [VRPawn_507] 10.434326
10-31 17:31:42.288 22129 22701 I VrApi   : FPS=40,Prd=44ms,Tear=0,Early=0,Stale=71,VSnc=1,Lat=1,Fov=0,CPU4/GPU=4/4,2304/670MHz,OC=FF,TA=0/E0/E0,SP=N/F/F,Mem=1804MHz,Free=1388MB,PSM=0,PLS=0,Temp=31.0C/0.0C,TW=3.04ms,App=22.99ms,GD=0.00ms,CPU&GPU=35.73ms,LCnt=2,GPU%=0.97,CPU%=0.42(W0.50)
10-31 17:31:42.289 22129 22145 D UE4     : [2019.10.31-08.31.42:289][278]LogBlueprintUserMessages: [VRPawn_507] 39.262085
10-31 17:31:42.289 22129 22145 D UE4     : [2019.10.31-08.31.42:289][278]LogBlueprintUserMessages: [VRPawn_507] Hello
10-31 17:31:42.290 22129 22145 D UE4     : [2019.10.31-08.31.42:290][278]LogBlueprintUserMessages: [VRPawn_507] 10.648804
10-31 17:31:42.317 22129 22145 D UE4     : [2019.10.31-08.31.42:317][279]LogBlueprintUserMessages: [VRPawn_507] 39.208374
10-31 17:31:42.317 22129 22145 D UE4     : [2019.10.31-08.31.42:317][279]LogBlueprintUserMessages: [VRPawn_507] Hello
10-31 17:31:42.317 22129 22145 D UE4     : [2019.10.31-08.31.42:317][279]LogBlueprintUserMessages: [VRPawn_507] 10.656494
10-31 17:31:42.345 22129 22145 D UE4     : [2019.10.31-08.31.42:345][280]LogBlueprintUserMessages: [VRPawn_507] 39.106323
10-31 17:31:42.345 22129 22145 D UE4     : [2019.10.31-08.31.42:345][280]LogBlueprintUserMessages: [VRPawn_507] Hello
10-31 17:31:42.345 22129 22145 D UE4     : [2019.10.31-08.31.42:345][280]LogBlueprintUserMessages: [VRPawn_507] 10.545532
10-31 17:31:42.373 22129 22145 D UE4     : [2019.10.31-08.31.42:373][281]LogBlueprintUserMessages: [VRPawn_507] 39.063293
10-31 17:31:42.373 22129 22145 D UE4     : [2019.10.31-08.31.42:373][281]LogBlueprintUserMessages: [VRPawn_507] Hello
10-31 17:31:42.373 22129 22145 D UE4     : [2019.10.31-08.31.42:373][281]LogBlueprintUserMessages: [VRPawn_507] 10.468445
10-31 17:31:42.402 22129 22145 D UE4     : [2019.10.31-08.31.42:402][282]LogBlueprintUserMessages: [VRPawn_507] 38.986572
10-31 17:31:42.402 22129 22145 D UE4     : [2019.10.31-08.31.42:402][282]LogBlueprintUserMessages: [VRPawn_507] Hello
10-31 17:31:42.402 22129 22145 D UE4     : [2019.10.31-08.31.42:402][282]LogBlueprintUserMessages: [VRPawn_507] 10.202454
10-31 17:31:42.429 22129 22145 D UE4     : [2019.10.31-08.31.42:429][283]LogBlueprintUserMessages: [VRPawn_507] 38.899841
10-31 17:31:42.429 22129 22145 D UE4     : [2019.10.31-08.31.42:429][283]LogBlueprintUserMessages: [VRPawn_507] Hello
10-31 17:31:42.429 22129 22145 D UE4     : [2019.10.31-08.31.42:429][283]LogBlueprintUserMessages: [VRPawn_507] 9.845215
10-31 17:31:42.469 22129 22145 D UE4     : [2019.10.31-08.31.42:469][284]LogBlueprintUserMessages: [VRPawn_507] 38.675598
10-31 17:31:42.469 22129 22145 D UE4     : [2019.10.31-08.31.42:469][284]LogBlueprintUserMessages: [VRPawn_507] Hello
10-31 17:31:42.469 22129 22145 D UE4     : [2019.10.31-08.31.42:469][284]LogBlueprintUserMessages: [VRPawn_507] 9.300873
10-31 17:31:42.496 22129 22145 D UE4     : [2019.10.31-08.31.42:496][285]LogBlueprintUserMessages: [VRPawn_507] 38.40271
10-31 17:31:42.496 22129 22145 D UE4     : [2019.10.31-08.31.42:496][285]LogBlueprintUserMessages: [VRPawn_507] Hello
10-31 17:31:42.496 22129 22145 D UE4     : [2019.10.31-08.31.42:496][285]LogBlueprintUserMessages: [VRPawn_507] 8.745758
10-31 17:31:42.511 22129 22145 D UE4     : [2019.10.31-08.31.42:511][286]LogBlueprintUserMessages: [VRPawn_507] 38.352203
10-31 17:31:42.511 22129 22145 D UE4     : [2019.10.31-08.31.42:511][286]LogBlueprintUserMessages: [VRPawn_507] Hello
10-31 17:31:42.511 22129 22145 D UE4     : [2019.10.31-08.31.42:511][286]LogBlueprintUserMessages: [VRPawn_507] 8.443359
10-31 17:31:42.538 22129 22145 D UE4     : [2019.10.31-08.31.42:538][287]LogBlueprintUserMessages: [VRPawn_507] 38.312408
10-31 17:31:42.538 22129 22145 D UE4     : [2019.10.31-08.31.42:538][287]LogBlueprintUserMessages: [VRPawn_507] Hello
10-31 17:31:42.538 22129 22145 D UE4     : [2019.10.31-08.31.42:538][287]LogBlueprintUserMessages: [VRPawn_507] 8.268219
10-31 17:31:42.556 22129 22145 D UE4     : [2019.10.31-08.31.42:556][288]LogBlueprintUserMessages: [VRPawn_507] 38.219452
10-31 17:31:42.557 22129 22145 D UE4     : [2019.10.31-08.31.42:557][288]LogBlueprintUserMessages: [VRPawn_507] Hello
10-31 17:31:42.557 22129 22145 D UE4     : [2019.10.31-08.31.42:557][288]LogBlueprintUserMessages: [VRPawn_507] 8.111938
10-31 17:31:42.587 22129 22145 D UE4     : [2019.10.31-08.31.42:587][289]LogBlueprintUserMessages: [VRPawn_507] 38.182159
10-31 17:31:42.587 22129 22145 D UE4     : [2019.10.31-08.31.42:587][289]LogBlueprintUserMessages: [VRPawn_507] Hello
10-31 17:31:42.587 22129 22145 D UE4     : [2019.10.31-08.31.42:587][289]LogBlueprintUserMessages: [VRPawn_507] 8.064941
10-31 17:31:42.598 22129 22145 D UE4     : [2019.10.31-08.31.42:598][290]LogBlueprintUserMessages: [VRPawn_507] 38.117645
10-31 17:31:42.599 22129 22145 D UE4     : [2019.10.31-08.31.42:599][290]LogBlueprintUserMessages: [VRPawn_507] Hello
10-31 17:31:42.599 22129 22145 D UE4     : [2019.10.31-08.31.42:599][290]LogBlueprintUserMessages: [VRPawn_507] 7.987488
10-31 17:31:42.639 22129 22145 D UE4     : [2019.10.31-08.31.42:639][291]LogBlueprintUserMessages: [VRPawn_507] 38.114288
10-31 17:31:42.639 22129 22145 D UE4     : [2019.10.31-08.31.42:639][291]LogBlueprintUserMessages: [VRPawn_507] Hello
10-31 17:31:42.640 22129 22145 D UE4     : [2019.10.31-08.31.42:640][291]LogBlueprintUserMessages: [VRPawn_507] 7.95813
10-31 17:31:42.666 22129 22145 D UE4     : [2019.10.31-08.31.42:666][292]LogBlueprintUserMessages: [VRPawn_507] 38.084717
10-31 17:31:42.666 22129 22145 D UE4     : [2019.10.31-08.31.42:666][292]LogBlueprintUserMessages: [VRPawn_507] Hello
10-31 17:31:42.667 22129 22145 D UE4     : [2019.10.31-08.31.42:667][292]LogBlueprintUserMessages: [VRPawn_507] 7.98111
10-31 17:31:42.694 22129 22145 D UE4     : [2019.10.31-08.31.42:694][293]LogBlueprintUserMessages: [VRPawn_507] 38.079865
10-31 17:31:42.695 22129 22145 D UE4     : [2019.10.31-08.31.42:694][293]LogBlueprintUserMessages: [VRPawn_507] Hello
10-31 17:31:42.695 22129 22145 D UE4     : [2019.10.31-08.31.42:695][293]LogBlueprintUserMessages: [VRPawn_507] 8.051025
10-31 17:31:42.736 22129 22145 D UE4     : [2019.10.31-08.31.42:736][294]LogBlueprintUserMessages: [VRPawn_507] 38.121613
10-31 17:31:42.737 22129 22145 D UE4     : [2019.10.31-08.31.42:737][294]LogBlueprintUserMessages: [VRPawn_507] Hello
10-31 17:31:42.737 22129 22145 D UE4     : [2019.10.31-08.31.42:737][294]LogBlueprintUserMessages: [VRPawn_507] 7.928741
10-31 17:31:42.764 22129 22145 D UE4     : [2019.10.31-08.31.42:764][295]LogBlueprintUserMessages: [VRPawn_507] 38.179138
10-31 17:31:42.765 22129 22145 D UE4     : [2019.10.31-08.31.42:765][295]LogBlueprintUserMessages: [VRPawn_507] Hello
10-31 17:31:42.765 22129 22145 D UE4     : [2019.10.31-08.31.42:765][295]LogBlueprintUserMessages: [VRPawn_507] 7.754852
10-31 17:31:42.792 22129 22145 D UE4     : [2019.10.31-08.31.42:792][296]LogBlueprintUserMessages: [VRPawn_507] 38.266327
10-31 17:31:42.792 22129 22145 D UE4     : [2019.10.31-08.31.42:792][296]LogBlueprintUserMessages: [VRPawn_507] Hello
10-31 17:31:42.792 22129 22145 D UE4     : [2019.10.31-08.31.42:792][296]LogBlueprintUserMessages: [VRPawn_507] 7.783844
10-31 17:31:42.830 22129 22145 D UE4     : [2019.10.31-08.31.42:830][297]LogBlueprintUserMessages: [VRPawn_507] 38.432575
10-31 17:31:42.830 22129 22145 D UE4     : [2019.10.31-08.31.42:830][297]LogBlueprintUserMessages: [VRPawn_507] Hello
10-31 17:31:42.830 22129 22145 D UE4     : [2019.10.31-08.31.42:830][297]LogBlueprintUserMessages: [VRPawn_507] 7.775417
10-31 17:31:42.857 22129 22145 D UE4     : [2019.10.31-08.31.42:857][298]LogBlueprintUserMessages: [VRPawn_507] 38.529778
10-31 17:31:42.858 22129 22145 D UE4     : [2019.10.31-08.31.42:858][298]LogBlueprintUserMessages: [VRPawn_507] Hello
10-31 17:31:42.858 22129 22145 D UE4     : [2019.10.31-08.31.42:858][298]LogBlueprintUserMessages: [VRPawn_507] 7.804323
10-31 17:31:42.886 22129 22145 D UE4     : [2019.10.31-08.31.42:886][299]LogBlueprintUserMessages: [VRPawn_507] 38.633015
10-31 17:31:42.887 22129 22145 D UE4     : [2019.10.31-08.31.42:887][299]LogBlueprintUserMessages: [VRPawn_507] Hello
10-31 17:31:42.887 22129 22145 D UE4     : [2019.10.31-08.31.42:887][299]LogBlueprintUserMessages: [VRPawn_507] 7.965473
10-31 17:31:42.902 22129 22145 D UE4     : [2019.10.31-08.31.42:902][300]LogBlueprintUserMessages: [VRPawn_507] 38.680145
10-31 17:31:42.902 22129 22145 D UE4     : [2019.10.31-08.31.42:902][300]LogBlueprintUserMessages: [VRPawn_507] Hello
10-31 17:31:42.902 22129 22145 D UE4     : [2019.10.31-08.31.42:902][300]LogBlueprintUserMessages: [VRPawn_507] 8.00308
10-31 17:31:42.927 22129 22145 D UE4     : [2019.10.31-08.31.42:927][301]LogBlueprintUserMessages: [VRPawn_507] 38.756329
10-31 17:31:42.927 22129 22145 D UE4     : [2019.10.31-08.31.42:927][301]LogBlueprintUserMessages: [VRPawn_507] Hello
10-31 17:31:42.927 22129 22145 D UE4     : [2019.10.31-08.31.42:927][301]LogBlueprintUserMessages: [VRPawn_507] 8.079014
10-31 17:31:42.942 22129 22145 D UE4     : [2019.10.31-08.31.42:942][302]LogBlueprintUserMessages: [VRPawn_507] 38.799713
10-31 17:31:42.942 22129 22145 D UE4     : [2019.10.31-08.31.42:942][302]LogBlueprintUserMessages: [VRPawn_507] Hello
10-31 17:31:42.942 22129 22145 D UE4     : [2019.10.31-08.31.42:942][302]LogBlueprintUserMessages: [VRPawn_507] 8.086702
10-31 17:31:42.970 22129 22145 D UE4     : [2019.10.31-08.31.42:970][303]LogBlueprintUserMessages: [VRPawn_507] 38.882462
10-31 17:31:42.970 22129 22145 D UE4     : [2019.10.31-08.31.42:970][303]LogBlueprintUserMessages: [VRPawn_507] Hello
10-31 17:31:42.970 22129 22145 D UE4     : [2019.10.31-08.31.42:970][303]LogBlueprintUserMessages: [VRPawn_507] 8.096907
10-31 17:31:42.984 22129 22145 D UE4     : [2019.10.31-08.31.42:984][304]LogBlueprintUserMessages: [VRPawn_507] 38.929848
10-31 17:31:42.984 22129 22145 D UE4     : [2019.10.31-08.31.42:984][304]LogBlueprintUserMessages: [VRPawn_507] Hello
10-31 17:31:42.984 22129 22145 D UE4     : [2019.10.31-08.31.42:984][304]LogBlueprintUserMessages: [VRPawn_507] 8.096693
10-31 17:31:43.012 22129 22145 D UE4     : [2019.10.31-08.31.43:012][305]LogBlueprintUserMessages: [VRPawn_507] 39.00486
10-31 17:31:43.012 22129 22145 D UE4     : [2019.10.31-08.31.43:012][305]LogBlueprintUserMessages: [VRPawn_507] Hello
10-31 17:31:43.012 22129 22145 D UE4     : [2019.10.31-08.31.43:012][305]LogBlueprintUserMessages: [VRPawn_507] 8.123919
10-31 17:31:43.025 22129 22145 D UE4     : [2019.10.31-08.31.43:025][306]LogBlueprintUserMessages: [VRPawn_507] 39.047539
10-31 17:31:43.025 22129 22145 D UE4     : [2019.10.31-08.31.43:025][306]LogBlueprintUserMessages: [VRPawn_507] Hello
10-31 17:31:43.025 22129 22145 D UE4     : [2019.10.31-08.31.43:025][306]LogBlueprintUserMessages: [VRPawn_507] 8.164562
10-31 17:31:43.053 22129 22145 D UE4     : [2019.10.31-08.31.43:053][307]LogBlueprintUserMessages: [VRPawn_507] 39.059235
10-31 17:31:43.053 22129 22145 D UE4     : [2019.10.31-08.31.43:053][307]LogBlueprintUserMessages: [VRPawn_507] Hello
10-31 17:31:43.053 22129 22145 D UE4     : [2019.10.31-08.31.43:053][307]LogBlueprintUserMessages: [VRPawn_507] 8.227539
10-31 17:31:43.067 22129 22145 D UE4     : [2019.10.31-08.31.43:067][308]LogBlueprintUserMessages: [VRPawn_507] 39.102089
10-31 17:31:43.068 22129 22145 D UE4     : [2019.10.31-08.31.43:068][308]LogBlueprintUserMessages: [VRPawn_507] Hello
10-31 17:31:43.068 22129 22145 D UE4     : [2019.10.31-08.31.43:068][308]LogBlueprintUserMessages: [VRPawn_507] 8.305695
10-31 17:31:43.095 22129 22145 D UE4     : [2019.10.31-08.31.43:095][309]LogBlueprintUserMessages: [VRPawn_507] 39.123436
10-31 17:31:43.096 22129 22145 D UE4     : [2019.10.31-08.31.43:096][309]LogBlueprintUserMessages: [VRPawn_507] Hello
10-31 17:31:43.096 22129 22145 D UE4     : [2019.10.31-08.31.43:096][309]LogBlueprintUserMessages: [VRPawn_507] 8.442114
10-31 17:31:43.109 22129 22145 D UE4     : [2019.10.31-08.31.43:109][310]LogBlueprintUserMessages: [VRPawn_507] 39.167419
10-31 17:31:43.109 22129 22145 D UE4     : [2019.10.31-08.31.43:109][310]LogBlueprintUserMessages: [VRPawn_507] Hello
10-31 17:31:43.109 22129 22145 D UE4     : [2019.10.31-08.31.43:109][310]LogBlueprintUserMessages: [VRPawn_507] 8.542229
10-31 17:31:43.137 22129 22145 D UE4     : [2019.10.31-08.31.43:137][311]LogBlueprintUserMessages: [VRPawn_507] 39.253242
10-31 17:31:43.138 22129 22145 D UE4     : [2019.10.31-08.31.43:138][311]LogBlueprintUserMessages: [VRPawn_507] Hello
10-31 17:31:43.138 22129 22145 D UE4     : [2019.10.31-08.31.43:138][311]LogBlueprintUserMessages: [VRPawn_507] 8.715662
10-31 17:31:43.151 22129 22145 D UE4     : [2019.10.31-08.31.43:151][312]LogBlueprintUserMessages: [VRPawn_507] 39.301826
10-31 17:31:43.151 22129 22145 D UE4     : [2019.10.31-08.31.43:151][312]LogBlueprintUserMessages: [VRPawn_507] Hello
10-31 17:31:43.151 22129 22145 D UE4     : [2019.10.31-08.31.43:151][312]LogBlueprintUserMessages: [VRPawn_507] 8.80295
10-31 17:31:43.179 22129 22145 D UE4     : [2019.10.31-08.31.43:178][313]LogBlueprintUserMessages: [VRPawn_507] 39.324066
10-31 17:31:43.179 22129 22145 D UE4     : [2019.10.31-08.31.43:179][313]LogBlueprintUserMessages: [VRPawn_507] Hello
10-31 17:31:43.179 22129 22145 D UE4     : [2019.10.31-08.31.43:179][313]LogBlueprintUserMessages: [VRPawn_507] 8.961182
10-31 17:31:43.192 22129 22145 D UE4     : [2019.10.31-08.31.43:192][314]LogBlueprintUserMessages: [VRPawn_507] 39.340927
10-31 17:31:43.193 22129 22145 D UE4     : [2019.10.31-08.31.43:193][314]LogBlueprintUserMessages: [VRPawn_507] Hello
10-31 17:31:43.193 22129 22145 D UE4     : [2019.10.31-08.31.43:193][314]LogBlueprintUserMessages: [VRPawn_507] 9.032307
10-31 17:31:43.217   550  1235 V msm8974_platform: platform_get_parameters: exit: returns - snd_device_in=none
10-31 17:31:43.217   550  1235 V audio_hw_primary: adev_get_parameters: exit: returns - snd_device_in=none
10-31 17:31:43.217   550  1235 I hash_map_utils: key: 'snd_device_in' value: ''
10-31 17:31:43.218   550  1236 V msm8974_platform: platform_get_parameters: exit: returns - snd_device_out=speaker
10-31 17:31:43.218   550  1236 V audio_hw_primary: adev_get_parameters: exit: returns - snd_device_out=speaker
10-31 17:31:43.218   550  1236 I hash_map_utils: key: 'snd_device_out' value: ''
10-31 17:31:43.220 22129 22145 D UE4     : [2019.10.31-08.31.43:220][315]LogBlueprintUserMessages: [VRPawn_507] 39.362125
10-31 17:31:43.221 22129 22145 D UE4     : [2019.10.31-08.31.43:221][315]LogBlueprintUserMessages: [VRPawn_507] Hello
10-31 17:31:43.221 22129 22145 D UE4     : [2019.10.31-08.31.43:221][315]LogBlueprintUserMessages: [VRPawn_507] 9.083576
10-31 17:31:43.236 22129 22145 D UE4     : [2019.10.31-08.31.43:236][316]LogBlueprintUserMessages: [VRPawn_507] 39.40527
10-31 17:31:43.236 22129 22145 D UE4     : [2019.10.31-08.31.43:236][316]LogBlueprintUserMessages: [VRPawn_507] Hello
10-31 17:31:43.236 22129 22145 D UE4     : [2019.10.31-08.31.43:236][316]LogBlueprintUserMessages: [VRPawn_507] 9.109444
10-31 17:31:43.262 22129 22145 D UE4     : [2019.10.31-08.31.43:262][317]LogBlueprintUserMessages: [VRPawn_507] 39.421898
10-31 17:31:43.262 22129 22145 D UE4     : [2019.10.31-08.31.43:262][317]LogBlueprintUserMessages: [VRPawn_507] Hello
10-31 17:31:43.262 22129 22145 D UE4     : [2019.10.31-08.31.43:262][317]LogBlueprintUserMessages: [VRPawn_507] 9.115194
10-31 17:31:43.276 22129 22145 D UE4     : [2019.10.31-08.31.43:276][318]LogBlueprintUserMessages: [VRPawn_507] 39.450027
10-31 17:31:43.276 22129 22145 D UE4     : [2019.10.31-08.31.43:276][318]LogBlueprintUserMessages: [VRPawn_507] Hello
10-31 17:31:43.276 22129 22145 D UE4     : [2019.10.31-08.31.43:276][318]LogBlueprintUserMessages: [VRPawn_507] 9.1621
10-31 17:31:43.288 22129 22701 I VrApi   : FPS=40,Prd=44ms,Tear=0,Early=0,Stale=72,VSnc=1,Lat=1,Fov=0,CPU4/GPU=4/4,2304/670MHz,OC=FF,TA=0/E0/E0,SP=N/F/F,Mem=1804MHz,Free=1387MB,PSM=0,PLS=0,Temp=31.0C/0.0C,TW=3.05ms,App=20.38ms,GD=0.00ms,CPU&GPU=35.73ms,LCnt=2,GPU%=0.95,CPU%=0.40(W0.45)
10-31 17:31:43.304 22129 22145 D UE4     : [2019.10.31-08.31.43:304][319]LogBlueprintUserMessages: [VRPawn_507] 39.467484
10-31 17:31:43.304 22129 22145 D UE4     : [2019.10.31-08.31.43:304][319]LogBlueprintUserMessages: [VRPawn_507] Hello
10-31 17:31:43.304 22129 22145 D UE4     : [2019.10.31-08.31.43:304][319]LogBlueprintUserMessages: [VRPawn_507] 9.198917
10-31 17:31:43.318 22129 22145 D UE4     : [2019.10.31-08.31.43:318][320]LogBlueprintUserMessages: [VRPawn_507] 39.49929
10-31 17:31:43.319 22129 22145 D UE4     : [2019.10.31-08.31.43:319][320]LogBlueprintUserMessages: [VRPawn_507] Hello
10-31 17:31:43.319 22129 22145 D UE4     : [2019.10.31-08.31.43:319][320]LogBlueprintUserMessages: [VRPawn_507] 9.216476
10-31 17:31:43.346 22129 22145 D UE4     : [2019.10.31-08.31.43:346][321]LogBlueprintUserMessages: [VRPawn_507] 39.572792
10-31 17:31:43.346 22129 22145 D UE4     : [2019.10.31-08.31.43:346][321]LogBlueprintUserMessages: [VRPawn_507] Hello
10-31 17:31:43.346 22129 22145 D UE4     : [2019.10.31-08.31.43:346][321]LogBlueprintUserMessages: [VRPawn_507] 9.246901
10-31 17:31:43.359 22129 22145 D UE4     : [2019.10.31-08.31.43:359][322]LogBlueprintUserMessages: [VRPawn_507] 39.664574
10-31 17:31:43.360 22129 22145 D UE4     : [2019.10.31-08.31.43:360][322]LogBlueprintUserMessages: [VRPawn_507] Hello
10-31 17:31:43.360 22129 22145 D UE4     : [2019.10.31-08.31.43:360][322]LogBlueprintUserMessages: [VRPawn_507] 9.302038
10-31 17:31:43.388 22129 22145 D UE4     : [2019.10.31-08.31.43:388][323]LogBlueprintUserMessages: [VRPawn_507] 39.772682
10-31 17:31:43.388 22129 22145 D UE4     : [2019.10.31-08.31.43:388][323]LogBlueprintUserMessages: [VRPawn_507] Hello
10-31 17:31:43.388 22129 22145 D UE4     : [2019.10.31-08.31.43:388][323]LogBlueprintUserMessages: [VRPawn_507] 9.340378
10-31 17:31:43.402 22129 22145 D UE4     : [2019.10.31-08.31.43:402][324]LogBlueprintUserMessages: [VRPawn_507] 39.852436
10-31 17:31:43.402 22129 22145 D UE4     : [2019.10.31-08.31.43:402][324]LogBlueprintUserMessages: [VRPawn_507] Hello
10-31 17:31:43.403 22129 22145 D UE4     : [2019.10.31-08.31.43:403][324]LogBlueprintUserMessages: [VRPawn_507] 9.377808
10-31 17:31:43.429 22129 22145 D UE4     : [2019.10.31-08.31.43:429][325]LogBlueprintUserMessages: [VRPawn_507] 40.054382
10-31 17:31:43.429 22129 22145 D UE4     : [2019.10.31-08.31.43:429][325]LogBlueprintUserMessages: [VRPawn_507] Hello
10-31 17:31:43.429 22129 22145 D UE4     : [2019.10.31-08.31.43:429][325]LogBlueprintUserMessages: [VRPawn_507] 9.400984
10-31 17:31:43.443 22129 22145 D UE4     : [2019.10.31-08.31.43:443][326]LogBlueprintUserMessages: [VRPawn_507] 40.178444
10-31 17:31:43.444 22129 22145 D UE4     : [2019.10.31-08.31.43:444][326]LogBlueprintUserMessages: [VRPawn_507] Hello
10-31 17:31:43.444 22129 22145 D UE4     : [2019.10.31-08.31.43:444][326]LogBlueprintUserMessages: [VRPawn_507] 9.425337
10-31 17:31:43.471 22129 22145 D UE4     : [2019.10.31-08.31.43:471][327]LogBlueprintUserMessages: [VRPawn_507] 40.393326
10-31 17:31:43.471 22129 22145 D UE4     : [2019.10.31-08.31.43:471][327]LogBlueprintUserMessages: [VRPawn_507] Hello
10-31 17:31:43.471 22129 22145 D UE4     : [2019.10.31-08.31.43:471][327]LogBlueprintUserMessages: [VRPawn_507] 9.415979
10-31 17:31:43.485 22129 22145 D UE4     : [2019.10.31-08.31.43:485][328]LogBlueprintUserMessages: [VRPawn_507] 40.479752
10-31 17:31:43.485 22129 22145 D UE4     : [2019.10.31-08.31.43:485][328]LogBlueprintUserMessages: [VRPawn_507] Hello
10-31 17:31:43.485 22129 22145 D UE4     : [2019.10.31-08.31.43:485][328]LogBlueprintUserMessages: [VRPawn_507] 9.428644
10-31 17:31:43.513 22129 22145 D UE4     : [2019.10.31-08.31.43:513][329]LogBlueprintUserMessages: [VRPawn_507] 40.5914
10-31 17:31:43.514 22129 22145 D UE4     : [2019.10.31-08.31.43:514][329]LogBlueprintUserMessages: [VRPawn_507] Hello
10-31 17:31:43.514 22129 22145 D UE4     : [2019.10.31-08.31.43:514][329]LogBlueprintUserMessages: [VRPawn_507] 9.445663
10-31 17:31:43.526 22129 22145 D UE4     : [2019.10.31-08.31.43:526][330]LogBlueprintUserMessages: [VRPawn_507] 40.650475
10-31 17:31:43.527 22129 22145 D UE4     : [2019.10.31-08.31.43:527][330]LogBlueprintUserMessages: [VRPawn_507] Hello
10-31 17:31:43.527 22129 22145 D UE4     : [2019.10.31-08.31.43:527][330]LogBlueprintUserMessages: [VRPawn_507] 9.467751
10-31 17:31:43.555 22129 22145 D UE4     : [2019.10.31-08.31.43:555][331]LogBlueprintUserMessages: [VRPawn_507] 40.653503
10-31 17:31:43.555 22129 22145 D UE4     : [2019.10.31-08.31.43:555][331]LogBlueprintUserMessages: [VRPawn_507] Hello
10-31 17:31:43.555 22129 22145 D UE4     : [2019.10.31-08.31.43:555][331]LogBlueprintUserMessages: [VRPawn_507] 9.474771
10-31 17:31:43.568 22129 22145 D UE4     : [2019.10.31-08.31.43:568][332]LogBlueprintUserMessages: [VRPawn_507] 40.64407
10-31 17:31:43.569 22129 22145 D UE4     : [2019.10.31-08.31.43:569][332]LogBlueprintUserMessages: [VRPawn_507] Hello
10-31 17:31:43.569 22129 22145 D UE4     : [2019.10.31-08.31.43:569][332]LogBlueprintUserMessages: [VRPawn_507] 9.48283
10-31 17:31:43.596 22129 22145 D UE4     : [2019.10.31-08.31.43:596][333]LogBlueprintUserMessages: [VRPawn_507] 40.627823
10-31 17:31:43.596 22129 22145 D UE4     : [2019.10.31-08.31.43:596][333]LogBlueprintUserMessages: [VRPawn_507] Hello
10-31 17:31:43.596 22129 22145 D UE4     : [2019.10.31-08.31.43:596][333]LogBlueprintUserMessages: [VRPawn_507] 9.50013
10-31 17:31:43.610 22129 22145 D UE4     : [2019.10.31-08.31.43:610][334]LogBlueprintUserMessages: [VRPawn_507] 40.639099
10-31 17:31:43.611 22129 22145 D UE4     : [2019.10.31-08.31.43:611][334]LogBlueprintUserMessages: [VRPawn_507] Hello
10-31 17:31:43.611 22129 22145 D UE4     : [2019.10.31-08.31.43:611][334]LogBlueprintUserMessages: [VRPawn_507] 9.526455
10-31 17:31:43.638 22129 22145 D UE4     : [2019.10.31-08.31.43:638][335]LogBlueprintUserMessages: [VRPawn_507] 40.686211
10-31 17:31:43.638 22129 22145 D UE4     : [2019.10.31-08.31.43:638][335]LogBlueprintUserMessages: [VRPawn_507] Hello
10-31 17:31:43.638 22129 22145 D UE4     : [2019.10.31-08.31.43:638][335]LogBlueprintUserMessages: [VRPawn_507] 9.521545
10-31 17:31:43.648   714 22247 I [CT]    : HealthReport: ==================================================
10-31 17:31:43.648   714 22247 I [CT]    : Health Report
10-31 17:31:43.648   714 22247 I [CT]    : -------------
10-31 17:31:43.648   714 22247 I [CT]    : 
10-31 17:31:43.648   714 22247 I [CT]    : Reporter #1 (InsideOutHealthMonitor) summary:
10-31 17:31:43.648   714 22247 I [CT]    : Camera: Total Dropped: 0.000000, Total Frame Count: 4578 (0.000000%), Camera Reset Count: 0
10-31 17:31:43.648   714 22247 I [CT]    : Camera: Total Single Camera Frame Dropped: 0, Total Frame Count: 4578 (0.000000%)
10-31 17:31:43.648   714 22247 I [CT]    : IMU: Total Dropped: 0.000000, Total Sample Count: 225498 (0.000000%)
10-31 17:31:43.648   714 22247 I [CT]    : Magnetometer: Total Dropped: 0.000000, Total Sample Count: 6765 (0.000000%)
10-31 17:31:43.648   714 22247 I [CT]    : 
10-31 17:31:43.648   714 22247 I [CT]    : Reporter #1 (InsideOutHealthMonitor) Passed
10-31 17:31:43.648   714 22247 I [CT]    : --------------------------------------------------
10-31 17:31:43.648   714 22247 I [CT]    : Reporter #2 (ConstellationHealthMonitor) summary:
10-31 17:31:43.648   714 22247 I [CT]    : Camera: Total Dropped: 0.000000, Total Frame Count: 4580 (0.000000%), Camera Reset Count: 2
10-31 17:31:43.648   714 22247 I [CT]    : Camera: Total Single Camera Frame Dropped: 0, Total Frame Count: 4580 (0.000000%)
10-31 17:31:43.648   714 22247 I [CT]    : Controller 3669952633402657438:
10-31 17:31:43.648   714 22247 I [CT]    : IMU: Capture period exceeded threshold.  Largest period: 5.081963 sec
10-31 17:31:43.648   714 22247 I [CT]    : Controllers may have been sleeping
10-31 17:31:43.648   714 22247 I [CT]    : IMU: Total Dropped: 0.000000, Total Sample Count: 110280.193500 (0.000000%)
10-31 17:31:43.648   714 22247 I [CT]    : Controller 16572054001761934198
10-31 17:31:43.652 22129 22145 D UE4     : [2019.10.31-08.31.43:652][336]LogBlueprintUserMessages: [VRPawn_507] 40.731293
10-31 17:31:43.652 22129 22145 D UE4     : [2019.10.31-08.31.43:652][336]LogBlueprintUserMessages: [VRPawn_507] Hello
10-31 17:31:43.652 22129 22145 D UE4     : [2019.10.31-08.31.43:652][336]LogBlueprintUserMessages: [VRPawn_507] 9.511351
10-31 17:31:43.680 22129 22145 D UE4     : [2019.10.31-08.31.43:680][337]LogBlueprintUserMessages: [VRPawn_507] 40.799492
10-31 17:31:43.680 22129 22145 D UE4     : [2019.10.31-08.31.43:680][337]LogBlueprintUserMessages: [VRPawn_507] Hello
10-31 17:31:43.680 22129 22145 D UE4     : [2019.10.31-08.31.43:680][337]LogBlueprintUserMessages: [VRPawn_507] 9.23304
10-31 17:31:43.694 22129 22145 D UE4     : [2019.10.31-08.31.43:694][338]LogBlueprintUserMessages: [VRPawn_507] 40.828072
10-31 17:31:43.694 22129 22145 D UE4     : [2019.10.31-08.31.43:694][338]LogBlueprintUserMessages: [VRPawn_507] Hello
10-31 17:31:43.694 22129 22145 D UE4     : [2019.10.31-08.31.43:694][338]LogBlueprintUserMessages: [VRPawn_507] 9.144403
10-31 17:31:43.725 22129 22145 D UE4     : [2019.10.31-08.31.43:724][339]LogBlueprintUserMessages: [VRPawn_507] 40.840393
10-31 17:31:43.725 22129 22145 D UE4     : [2019.10.31-08.31.43:725][339]LogBlueprintUserMessages: [VRPawn_507] Hello
10-31 17:31:43.725 22129 22145 D UE4     : [2019.10.31-08.31.43:725][339]LogBlueprintUserMessages: [VRPawn_507] 9.126444
10-31 17:31:43.739 22129 22145 D UE4     : [2019.10.31-08.31.43:738][340]LogBlueprintUserMessages: [VRPawn_507] 40.822693
10-31 17:31:43.739 22129 22145 D UE4     : [2019.10.31-08.31.43:739][340]LogBlueprintUserMessages: [VRPawn_507] Hello
10-31 17:31:43.739 22129 22145 D UE4     : [2019.10.31-08.31.43:739][340]LogBlueprintUserMessages: [VRPawn_507] 9.11533
10-31 17:31:43.766 22129 22145 D UE4     : [2019.10.31-08.31.43:766][341]LogBlueprintUserMessages: [VRPawn_507] 40.813065
10-31 17:31:43.766 22129 22145 D UE4     : [2019.10.31-08.31.43:766][341]LogBlueprintUserMessages: [VRPawn_507] Hello
10-31 17:31:43.766 22129 22145 D UE4     : [2019.10.31-08.31.43:766][341]LogBlueprintUserMessages: [VRPawn_507] 9.113276
10-31 17:31:43.793 22129 22145 D UE4     : [2019.10.31-08.31.43:793][342]LogBlueprintUserMessages: [VRPawn_507] 40.797546
10-31 17:31:43.793 22129 22145 D UE4     : [2019.10.31-08.31.43:793][342]LogBlueprintUserMessages: [VRPawn_507] Hello
10-31 17:31:43.793 22129 22145 D UE4     : [2019.10.31-08.31.43:793][342]LogBlueprintUserMessages: [VRPawn_507] 9.112516
10-31 17:31:43.821 22129 22145 D UE4     : [2019.10.31-08.31.43:821][343]LogBlueprintUserMessages: [VRPawn_507] 40.755035
10-31 17:31:43.821 22129 22145 D UE4     : [2019.10.31-08.31.43:821][343]LogBlueprintUserMessages: [VRPawn_507] Hello
10-31 17:31:43.822 22129 22145 D UE4     : [2019.10.31-08.31.43:822][343]LogBlueprintUserMessages: [VRPawn_507] 9.157221
10-31 17:31:43.849 22129 22145 D UE4     : [2019.10.31-08.31.43:849][344]LogBlueprintUserMessages: [VRPawn_507] 40.733406
10-31 17:31:43.850 22129 22145 D UE4     : [2019.10.31-08.31.43:850][344]LogBlueprintUserMessages: [VRPawn_507] Hello
10-31 17:31:43.850 22129 22145 D UE4     : [2019.10.31-08.31.43:850][344]LogBlueprintUserMessages: [VRPawn_507] 9.214138
10-31 17:31:43.877 22129 22145 D UE4     : [2019.10.31-08.31.43:877][345]LogBlueprintUserMessages: [VRPawn_507] 40.765724
10-31 17:31:43.877 22129 22145 D UE4     : [2019.10.31-08.31.43:877][345]LogBlueprintUserMessages: [VRPawn_507] Hello
10-31 17:31:43.877 22129 22145 D UE4     : [2019.10.31-08.31.43:877][345]LogBlueprintUserMessages: [VRPawn_507] 9.226042
10-31 17:31:43.920 22129 22145 D UE4     : [2019.10.31-08.31.43:920][346]LogBlueprintUserMessages: [VRPawn_507] 40.785244
10-31 17:31:43.921 22129 22145 D UE4     : [2019.10.31-08.31.43:921][346]LogBlueprintUserMessages: [VRPawn_507] Hello
10-31 17:31:43.921 22129 22145 D UE4     : [2019.10.31-08.31.43:921][346]LogBlueprintUserMessages: [VRPawn_507] 9.193119
10-31 17:31:43.946 22129 22145 D UE4     : [2019.10.31-08.31.43:946][347]LogBlueprintUserMessages: [VRPawn_507] 40.752968
10-31 17:31:43.947 22129 22145 D UE4     : [2019.10.31-08.31.43:947][347]LogBlueprintUserMessages: [VRPawn_507] Hello
10-31 17:31:43.947 22129 22145 D UE4     : [2019.10.31-08.31.43:947][347]LogBlueprintUserMessages: [VRPawn_507] 9.10787
10-31 17:31:43.974 22129 22145 D UE4     : [2019.10.31-08.31.43:974][348]LogBlueprintUserMessages: [VRPawn_507] 40.74498
10-31 17:31:43.974 22129 22145 D UE4     : [2019.10.31-08.31.43:974][348]LogBlueprintUserMessages: [VRPawn_507] Hello
10-31 17:31:43.974 22129 22145 D UE4     : [2019.10.31-08.31.43:974][348]LogBlueprintUserMessages: [VRPawn_507] 9.012556
10-31 17:31:44.000 22129 22145 D UE4     : [2019.10.31-08.31.44:000][349]LogBlueprintUserMessages: [VRPawn_507] 40.733116
10-31 17:31:44.001 22129 22145 D UE4     : [2019.10.31-08.31.44:001][349]LogBlueprintUserMessages: [VRPawn_507] Hello
10-31 17:31:44.001 22129 22145 D UE4     : [2019.10.31-08.31.44:001][349]LogBlueprintUserMessages: [VRPawn_507] 8.895588
10-31 17:31:44.027 22129 22145 D UE4     : [2019.10.31-08.31.44:027][350]LogBlueprintUserMessages: [VRPawn_507] 40.733978
10-31 17:31:44.028 22129 22145 D UE4     : [2019.10.31-08.31.44:028][350]LogBlueprintUserMessages: [VRPawn_507] Hello
10-31 17:31:44.028 22129 22145 D UE4     : [2019.10.31-08.31.44:028][350]LogBlueprintUserMessages: [VRPawn_507] 8.812132
10-31 17:31:44.055 22129 22145 D UE4     : [2019.10.31-08.31.44:055][351]LogBlueprintUserMessages: [VRPawn_507] 40.704475
10-31 17:31:44.055 22129 22145 D UE4     : [2019.10.31-08.31.44:055][351]LogBlueprintUserMessages: [VRPawn_507] Hello
10-31 17:31:44.055 22129 22145 D UE4     : [2019.10.31-08.31.44:055][351]LogBlueprintUserMessages: [VRPawn_507] 8.763235
10-31 17:31:44.070 22129 22145 D UE4     : [2019.10.31-08.31.44:070][352]LogBlueprintUserMessages: [VRPawn_507] 40.683662
10-31 17:31:44.070 22129 22145 D UE4     : [2019.10.31-08.31.44:070][352]LogBlueprintUserMessages: [VRPawn_507] Hello
10-31 17:31:44.070 22129 22145 D UE4     : [2019.10.31-08.31.44:070][352]LogBlueprintUserMessages: [VRPawn_507] 8.749506
10-31 17:31:44.080   714 22247 I [CT]    : VIPER: Status=6DoF,TRACKING,KF=148,Inl=374,Pts=624,Jit=0.1mm,Issues(Cam/min=0.0,IMU/min=0.0),Exp=(5.1ms,g=5,I=98)(5.2ms,g=3,I=99)(5.1ms,g=5,I=100)(5.3ms,g=3,I=96)
10-31 17:31:44.097 22129 22145 D UE4     : [2019.10.31-08.31.44:097][353]LogBlueprintUserMessages: [VRPawn_507] 40.692665
10-31 17:31:44.097 22129 22145 D UE4     : [2019.10.31-08.31.44:097][353]LogBlueprintUserMessages: [VRPawn_507] Hello
10-31 17:31:44.097 22129 22145 D UE4     : [2019.10.31-08.31.44:097][353]LogBlueprintUserMessages: [VRPawn_507] 8.746859
10-31 17:31:44.109 22129 22145 W InputDeviceManager: AddPairToDeviceListMapping called when index already exists in the vector index: 1,  id: 536870915
10-31 17:31:44.113 22129 22145 D UE4     : [2019.10.31-08.31.44:113][354]LogBlueprintUserMessages: [VRPawn_507] 40.727779
10-31 17:31:44.113 22129 22145 D UE4     : [2019.10.31-08.31.44:113][354]LogBlueprintUserMessages: [VRPawn_507] Hello
10-31 17:31:44.113 22129 22145 D UE4     : [2019.10.31-08.31.44:113][354]LogBlueprintUserMessages: [VRPawn_507] 8.781521
10-31 17:31:44.139 22129 22145 D UE4     : [2019.10.31-08.31.44:139][355]LogBlueprintUserMessages: [VRPawn_507] 40.794823
10-31 17:31:44.140 22129 22145 D UE4     : [2019.10.31-08.31.44:140][355]LogBlueprintUserMessages: [VRPawn_507] Hello
10-31 17:31:44.140 22129 22145 D UE4     : [2019.10.31-08.31.44:140][355]LogBlueprintUserMessages: [VRPawn_507] 8.837519
10-31 17:31:44.153 22129 22145 D UE4     : [2019.10.31-08.31.44:153][356]LogBlueprintUserMessages: [VRPawn_507] 40.812462
10-31 17:31:44.153 22129 22145 D UE4     : [2019.10.31-08.31.44:153][356]LogBlueprintUserMessages: [VRPawn_507] Hello
10-31 17:31:44.153 22129 22145 D UE4     : [2019.10.31-08.31.44:153][356]LogBlueprintUserMessages: [VRPawn_507] 8.865368
10-31 17:31:44.181 22129 22145 D UE4     : [2019.10.31-08.31.44:181][357]LogBlueprintUserMessages: [VRPawn_507] 40.817261
10-31 17:31:44.182 22129 22145 D UE4     : [2019.10.31-08.31.44:182][357]LogBlueprintUserMessages: [VRPawn_507] Hello
10-31 17:31:44.182 22129 22145 D UE4     : [2019.10.31-08.31.44:182][357]LogBlueprintUserMessages: [VRPawn_507] 8.956999
10-31 17:31:44.195 22129 22145 D UE4     : [2019.10.31-08.31.44:195][358]LogBlueprintUserMessages: [VRPawn_507] 40.817722
10-31 17:31:44.195 22129 22145 D UE4     : [2019.10.31-08.31.44:195][358]LogBlueprintUserMessages: [VRPawn_507] Hello
10-31 17:31:44.195 22129 22145 D UE4     : [2019.10.31-08.31.44:195][358]LogBlueprintUserMessages: [VRPawn_507] 8.984154
10-31 17:31:44.223 22129 22145 D UE4     : [2019.10.31-08.31.44:223][359]LogBlueprintUserMessages: [VRPawn_507] 40.839096
10-31 17:31:44.223 22129 22145 D UE4     : [2019.10.31-08.31.44:223][359]LogBlueprintUserMessages: [VRPawn_507] Hello
10-31 17:31:44.223 22129 22145 D UE4     : [2019.10.31-08.31.44:223][359]LogBlueprintUserMessages: [VRPawn_507] 9.036934
10-31 17:31:44.237 22129 22145 D UE4     : [2019.10.31-08.31.44:237][360]LogBlueprintUserMessages: [VRPawn_507] 40.848095
10-31 17:31:44.237 22129 22145 D UE4     : [2019.10.31-08.31.44:237][360]LogBlueprintUserMessages: [VRPawn_507] Hello
10-31 17:31:44.237 22129 22145 D UE4     : [2019.10.31-08.31.44:237][360]LogBlueprintUserMessages: [VRPawn_507] 9.061916
10-31 17:31:44.264 22129 22145 D UE4     : [2019.10.31-08.31.44:264][361]LogBlueprintUserMessages: [VRPawn_507] 40.860954
10-31 17:31:44.265 22129 22145 D UE4     : [2019.10.31-08.31.44:265][361]LogBlueprintUserMessages: [VRPawn_507] Hello
10-31 17:31:44.265 22129 22145 D UE4     : [2019.10.31-08.31.44:265][361]LogBlueprintUserMessages: [VRPawn_507] 9.113228
10-31 17:31:44.279 22129 22145 D UE4     : [2019.10.31-08.31.44:279][362]LogBlueprintUserMessages: [VRPawn_507] 40.88113
10-31 17:31:44.279 22129 22145 D UE4     : [2019.10.31-08.31.44:279][362]LogBlueprintUserMessages: [VRPawn_507] Hello
10-31 17:31:44.279 22129 22145 D UE4     : [2019.10.31-08.31.44:279][362]LogBlueprintUserMessages: [VRPawn_507] 9.161884
10-31 17:31:44.288 22129 22701 I VrApi   : FPS=45,Prd=44ms,Tear=0,Early=0,Stale=72,VSnc=1,Lat=1,Fov=0,CPU4/GPU=4/4,2304/670MHz,OC=FF,TA=0/E0/E0,SP=N/F/F,Mem=1804MHz,Free=1391MB,PSM=0,PLS=0,Temp=31.0C/0.0C,TW=3.09ms,App=19.60ms,GD=0.00ms,CPU&GPU=28.71ms,LCnt=2,GPU%=0.91,CPU%=0.37(W0.43)
10-31 17:31:44.306 22129 22145 D UE4     : [2019.10.31-08.31.44:306][363]LogBlueprintUserMessages: [VRPawn_507] 40.906403
10-31 17:31:44.306 22129 22145 D UE4     : [2019.10.31-08.31.44:306][363]LogBlueprintUserMessages: [VRPawn_507] Hello
10-31 17:31:44.306 22129 22145 D UE4     : [2019.10.31-08.31.44:306][363]LogBlueprintUserMessages: [VRPawn_507] 9.209349
10-31 17:31:44.320 22129 22145 D UE4     : [2019.10.31-08.31.44:320][364]LogBlueprintUserMessages: [VRPawn_507] 40.933041
10-31 17:31:44.320 22129 22145 D UE4     : [2019.10.31-08.31.44:320][364]LogBlueprintUserMessages: [VRPawn_507] Hello
10-31 17:31:44.320 22129 22145 D UE4     : [2019.10.31-08.31.44:320][364]LogBlueprintUserMessages: [VRPawn_507] 9.215439
10-31 17:31:44.349 22129 22145 D UE4     : [2019.10.31-08.31.44:349][365]LogBlueprintUserMessages: [VRPawn_507] 40.960892
10-31 17:31:44.349 22129 22145 D UE4     : [2019.10.31-08.31.44:349][365]LogBlueprintUserMessages: [VRPawn_507] Hello
10-31 17:31:44.350 22129 22145 D UE4     : [2019.10.31-08.31.44:350][365]LogBlueprintUserMessages: [VRPawn_507] 9.200806
10-31 17:31:44.362 22129 22145 D UE4     : [2019.10.31-08.31.44:362][366]LogBlueprintUserMessages: [VRPawn_507] 40.986397
10-31 17:31:44.362 22129 22145 D UE4     : [2019.10.31-08.31.44:362][366]LogBlueprintUserMessages: [VRPawn_507] Hello
10-31 17:31:44.362 22129 22145 D UE4     : [2019.10.31-08.31.44:362][366]LogBlueprintUserMessages: [VRPawn_507] 9.200468
10-31 17:31:44.390 22129 22145 D UE4     : [2019.10.31-08.31.44:390][367]LogBlueprintUserMessages: [VRPawn_507] 40.986797
10-31 17:31:44.390 22129 22145 D UE4     : [2019.10.31-08.31.44:390][367]LogBlueprintUserMessages: [VRPawn_507] Hello
10-31 17:31:44.390 22129 22145 D UE4     : [2019.10.31-08.31.44:390][367]LogBlueprintUserMessages: [VRPawn_507] 9.133961
10-31 17:31:44.404 22129 22145 D UE4     : [2019.10.31-08.31.44:404][368]LogBlueprintUserMessages: [VRPawn_507] 40.989639
10-31 17:31:44.404 22129 22145 D UE4     : [2019.10.31-08.31.44:404][368]LogBlueprintUserMessages: [VRPawn_507] Hello
10-31 17:31:44.404 22129 22145 D UE4     : [2019.10.31-08.31.44:404][368]LogBlueprintUserMessages: [VRPawn_507] 9.129402
10-31 17:31:44.431 22129 22145 D UE4     : [2019.10.31-08.31.44:431][369]LogBlueprintUserMessages: [VRPawn_507] 40.976707
10-31 17:31:44.432 22129 22145 D UE4     : [2019.10.31-08.31.44:432][369]LogBlueprintUserMessages: [VRPawn_507] Hello
10-31 17:31:44.432 22129 22145 D UE4     : [2019.10.31-08.31.44:432][369]LogBlueprintUserMessages: [VRPawn_507] 9.068298
10-31 17:31:44.445   701 21510 D GatekeeperNativeService: Using value 0 for gk oculus_blob_size_checker_gk, user=0
10-31 17:31:44.445 22129 22145 D UE4     : [2019.10.31-08.31.44:445][370]LogBlueprintUserMessages: [VRPawn_507] 40.972569
10-31 17:31:44.446 22129 22145 D UE4     : [2019.10.31-08.31.44:446][370]LogBlueprintUserMessages: [VRPawn_507] Hello
10-31 17:31:44.446 22129 22145 D UE4     : [2019.10.31-08.31.44:446][370]LogBlueprintUserMessages: [VRPawn_507] 9.087963
10-31 17:31:44.450   701   701 D GatekeeperNativeService: Using value 0 for gk oculus_enable_background_subtraction_gk, user=0
10-31 17:31:44.452   701   785 D GatekeeperNativeService: Using value 0 for gk oculus_gk_is_dogfood, user=0
10-31 17:31:44.453   701 21510 D GatekeeperNativeService: Using value 0 for gk oculus_gk_is_employee, user=0
10-31 17:31:44.454   701   701 D GatekeeperNativeService: Using value 0 for gk oculus_gk_is_qa, user=0
10-31 17:31:44.454   701   785 D GatekeeperNativeService: Using value 0 for gk oculus_gk_is_spatial_ai, user=0
10-31 17:31:44.455   701 21510 D GatekeeperNativeService: Using value 0 for gk oculus_telemetry_gk_generic_1, user=0
10-31 17:31:44.455   701   701 D GatekeeperNativeService: Using value 0 for gk oculus_telemetry_gk_generic_2, user=0
10-31 17:31:44.456   701   785 D GatekeeperNativeService: Using value 0 for gk oculus_telemetry_gk_generic_3, user=0
10-31 17:31:44.458   701 21510 D GatekeeperNativeService: Using value 0 for gk oculus_telemetry_gk_generic_4, user=0
10-31 17:31:44.459   701   701 D GatekeeperNativeService: Using value 0 for gk oculus_telemetry_gk_generic_5, user=0
10-31 17:31:44.459   714 22255 I [CT]    : TELEMETRY_COLLECTOR: duration: 60.0255
10-31 17:31:44.459   714 22255 I [CT]    : TELEMETRY_COLLECTOR: visionlib_sourcecodeversion: 03bf8874556a
10-31 17:31:44.459   714 22255 I [CT]    : TELEMETRY_COLLECTOR: vision_event_count: 0
10-31 17:31:44.459   714 22255 I [CT]    : TELEMETRY_COLLECTOR: vision_device_type: Monterey
10-31 17:31:44.459   714 22255 I [CT]    : TELEMETRY_COLLECTOR: vision_device_version: PVT
10-31 17:31:44.459   714 22255 I [CT]    : VIPER:TELEMETRY: data_type: common
10-31 17:31:44.459   714 22255 I [CT]    : VIPER:TELEMETRY: orientation_only_enabled: 0
10-31 17:31:44.459   714 22255 I [CT]    : VIPER:TELEMETRY: blob_segmenting_duration_p50: 0.0028475
10-31 17:31:44.459   714 22255 I [CT]    : VIPER:TELEMETRY: blob_segmenting_duration_p90: 0.00467912
10-31 17:31:44.459   714 22255 I [CT]    : VIPER:TELEMETRY: blob_segmenting_duration_std: 0.000998536
10-31 17:31:44.459   714 22255 I [CT]    : VIPER:TELEMETRY: led_matching_duration_p50: 0.000464167
10-31 17:31:44.459   714 22255 I [CT]    : VIPER:TELEMETRY: led_matching_duration_p90: 0.00072776
10-31 17:31:44.459   714 22255 I [CT]    : VIPER:TELEMETRY: led_matching_duration_std: 0.00260892
10-31 17:31:44.459   714 22255 I [CT]    : VIPER:TELEMETRY: pnp_duration_p50: 0.000794323
10-31 17:31:44.459   714 22255 I [CT]    : VIPER:TELEMETRY: pnp_duration_p90: 0.00106562
10-31 17:31:44.459   714 22255 I [CT]    : VIPER:TELEMETRY: pnp_duration_std: 0.000184978
10-31 17:31:44.459   714 22255 I [CT]    : VIPER:TELEMETRY: sf_duration_p50: 0.00299005
