11-05 13:44:17.584 16348 30338 D MediaProvider: object removed 25810
11-05 13:44:17.584 16348 30338 D MediaProvider: object removed 25811
11-05 13:44:17.584 16348 30338 D MediaProvider: object removed 25812
11-05 13:44:17.585 16348 30338 D MediaProvider: object removed 25813
11-05 13:44:17.585 16348 30338 D MediaProvider: object removed 25817
11-05 13:44:17.585 16348 30338 D MediaProvider: object removed 25818
11-05 13:44:17.585 16348 30338 D MediaProvider: object removed 25819
11-05 13:44:17.585 16348 30338 D MediaProvider: object removed 25820
11-05 13:44:17.585 16348 30338 D MediaProvider: object removed 25821
11-05 13:44:17.585 16348 30338 D MediaProvider: object removed 25822
11-05 13:44:17.585 16348 30338 D MediaProvider: object removed 25823
11-05 13:44:17.585 16348 30338 D MediaProvider: object removed 25824
11-05 13:44:17.585 16348 30338 D MediaProvider: object removed 25825
11-05 13:44:17.647 16348 30338 D MediaProvider: object removed 25826
11-05 13:44:17.648 16348 30338 D MediaProvider: object removed 25827
11-05 13:44:17.648 16348 30338 D MediaProvider: object removed 25828
11-05 13:44:17.648 16348 30338 D MediaProvider: object removed 25829
11-05 13:44:17.648 16348 30338 D MediaProvider: object removed 25830
11-05 13:44:17.648 16348 30338 D MediaProvider: object removed 25831
11-05 13:44:17.648 16348 30338 D MediaProvider: object removed 25832
11-05 13:44:17.648 16348 30338 D MediaProvider: object removed 25833
11-05 13:44:17.648 16348 30338 D MediaProvider: object removed 25834
11-05 13:44:17.648 16348 30338 D MediaProvider: object removed 25835
11-05 13:44:17.649 16348 30338 D MediaProvider: object removed 25836
11-05 13:44:17.649 16348 30338 D MediaProvider: object removed 25837
11-05 13:44:17.649 16348 30338 D MediaProvider: object removed 25838
11-05 13:44:17.649 16348 30338 D MediaProvider: object removed 25839
11-05 13:44:17.649 16348 30338 D MediaProvider: object removed 25840
11-05 13:44:17.649 16348 30338 D MediaProvider: object removed 25841
11-05 13:44:17.649 16348 30338 D MediaProvider: object removed 25842
11-05 13:44:17.649 16348 30338 D MediaProvider: object removed 25843
11-05 13:44:17.649 16348 30338 D MediaProvider: object removed 25844
11-05 13:44:17.649 16348 30338 D MediaProvider: object removed 25845
11-05 13:44:17.649 16348 30338 D MediaProvider: object removed 25846
11-05 13:44:17.649 16348 30338 D MediaProvider: object removed 25847
11-05 13:44:17.650 16348 30338 D MediaProvider: object removed 25850
11-05 13:44:17.652 16348 30338 D MediaProvider: object removed 25851
11-05 13:44:17.652 16348 30338 D MediaProvider: object removed 25852
11-05 13:44:17.652 16348 30338 D MediaProvider: object removed 25853
11-05 13:44:17.652 16348 30338 D MediaProvider: object removed 25854
11-05 13:44:17.652 16348 30338 D MediaProvider: object removed 25855
11-05 13:44:17.652 16348 30338 D MediaProvider: object removed 25856
11-05 13:44:17.652 16348 30338 D MediaProvider: object removed 25857
11-05 13:44:17.652 16348 30338 D MediaProvider: object removed 25858
11-05 13:44:17.652 16348 30338 D MediaProvider: object removed 25859
11-05 13:44:17.652 16348 30338 D MediaProvider: object removed 25860
11-05 13:44:17.652 16348 30338 D MediaProvider: object removed 25861
11-05 13:44:17.653 16348 30338 D MediaProvider: object removed 25862
11-05 13:44:17.653 16348 30338 D MediaProvider: object removed 25863
11-05 13:44:17.653 16348 30338 D MediaProvider: object removed 25864
11-05 13:44:17.653 16348 30338 D MediaProvider: object removed 25865
11-05 13:44:17.653 16348 30338 D MediaProvider: object removed 25866
11-05 13:44:17.653 16348 30338 D MediaProvider: object removed 25867
11-05 13:44:17.653 16348 30338 D MediaProvider: object removed 25868
11-05 13:44:17.653 16348 30338 D MediaProvider: object removed 25869
11-05 13:44:17.653 16348 30338 D MediaProvider: object removed 25870
11-05 13:44:17.653 16348 30338 D MediaProvider: object removed 25871
11-05 13:44:17.653 16348 30338 D MediaProvider: object removed 25872
11-05 13:44:17.654 16348 30338 D MediaProvider: object removed 25873
11-05 13:44:17.654 16348 30338 D MediaProvider: object removed 25878
11-05 13:44:17.654 16348 30338 D MediaProvider: object removed 25879
11-05 13:44:17.654 16348 30338 D MediaProvider: object removed 25880
11-05 13:44:17.654 16348 30338 D MediaProvider: object removed 25881
11-05 13:44:17.654 16348 30338 D MediaProvider: object removed 25882
11-05 13:44:17.654 16348 30338 D MediaProvider: object removed 25883
11-05 13:44:17.654 16348 30338 D MediaProvider: object removed 25884
11-05 13:44:17.654 16348 30338 D MediaProvider: object removed 25885
11-05 13:44:17.654 16348 30338 D MediaProvider: object removed 25886
11-05 13:44:17.654 16348 30338 D MediaProvider: object removed 25887
11-05 13:44:17.654 16348 30338 D MediaProvider: object removed 25888
11-05 13:44:17.654 16348 30338 D MediaProvider: object removed 25889
11-05 13:44:17.655 16348 30338 D MediaProvider: object removed 25890
11-05 13:44:17.655 16348 30338 D MediaProvider: object removed 25891
11-05 13:44:17.655 16348 30338 D MediaProvider: object removed 25892
11-05 13:44:17.655 16348 30338 D MediaProvider: object removed 25893
11-05 13:44:17.655 16348 30338 D MediaProvider: object removed 25894
11-05 13:44:17.655 16348 30338 D MediaProvider: object removed 25895
11-05 13:44:17.655 16348 30338 D MediaProvider: object removed 25896
11-05 13:44:17.655 16348 30338 D MediaProvider: object removed 26052
11-05 13:44:17.655 16348 30338 D MediaProvider: object removed 26077
11-05 13:44:17.655 16348 30338 D MediaProvider: object removed 26078
11-05 13:44:17.656 16348 30338 D MediaProvider: object removed 26079
11-05 13:44:17.656 16348 30338 D MediaProvider: object removed 26135
11-05 13:44:17.656 16348 30338 D MediaProvider: object removed 26136
11-05 13:44:17.656 16348 30338 D MediaProvider: object removed 26137
11-05 13:44:17.656 16348 30338 D MediaProvider: object removed 26138
11-05 13:44:17.656 16348 30338 D MediaProvider: object removed 26141
11-05 13:44:17.673 30225 30293 I TrackingServiceClient: Implausible sensor time! pt = 500.649
11-05 13:44:17.674 30225 30293 I VrApi   : FPS=0,Prd=0ms,Tear=0,Early=0,Stale=0,VSnc=1,Lat=0,Fov=0,CPU4/GPU=0/0,300/257MHz,OC=FF,TA=0/0/0,SP=N/N/N,Mem=411MHz,Free=1688MB,PSM=0,PLS=0,Temp=31.0C/0.0C,TW=0.00ms,App=0.00ms,GD=0.00ms,CPU&GPU=0.00ms,LCnt=0,GPU%=-1.00,CPU%=-1.00(W-1.00)
11-05 13:44:17.739  1081  1143 I UsbDeviceManager: Setting USB config to mtp,xrsp,adb
11-05 13:44:17.740  1208 30337 E xrspd   : I/O error during file operation (op: write, len: 1024): No such device (19)
11-05 13:44:17.741  1208 30334 E xrspd   : I/O error during file operation (op: read, len: 1024): No such device (19)
11-05 13:44:17.741  1208 30334 D xrspd   : Error while processing inbound data, will terminate participant: I/O error
11-05 13:44:17.741  1208 30334 D xrspd   : terminating participant...
11-05 13:44:17.741  1208 30334 D xrspd   : terminateSession: No active session
11-05 13:44:17.741  1208 30334 D xrspd   : destroying topic 1...
11-05 13:44:17.743 30225 30300 D UE4     : [2019.11.05-04.44.17:743][  0]LogTcpMessaging: Lost node '9EBD53634112758C26112AAB37BFBDF5' on connection '127.0.0.1:50822'...
11-05 13:44:17.743 30225 30299 D UE4     : [2019.11.05-04.44.17:743][  0]LogTcpMessaging: Lost node 'A0D119BA42B1A6011009E5905CF7F7DB' on connection '127.0.0.1:50820'...
11-05 13:44:17.744 30225 30300 D UE4     : *** JavaEnvDestructor: 30300
11-05 13:44:17.744 30225 30299 D UE4     : *** JavaEnvDestructor: 30299
11-05 13:44:17.748   549   549 I ServiceManager: service 'XrspBroker' died
11-05 13:44:17.748  1969  4676 D OsSdk   : service died.
11-05 13:44:17.825 30342 30342 D xrspd   : FFS path available
11-05 13:44:17.825 30342 30342 D xrspd   : verify CPU is little endian
11-05 13:44:17.825 30342 30342 D xrspd   : running XRSP Interface "(.bMaxBurst = 0, .wBytesPerInterval = 0)
11-05 13:44:17.825 30342 30342 D xrspd   : open ep0 at '/dev/usb-ffs/xrsp'
11-05 13:44:17.825 30342 30342 D xrspd   : write descriptors
11-05 13:44:17.825 30342 30342 D xrspd   : write strings
11-05 13:44:17.826 30342 30342 D xrspd   : starting ep0_thread
11-05 13:44:17.826 30342 30342 D xrspd   : starting service_thread
11-05 13:44:17.826 30342 30348 I xrspd   : starting service 'XrspBroker'
11-05 13:44:17.827 30342 30347 D xrspd   : ep0 xrspd event BIND
11-05 13:44:17.827 30342 30348 D xrspd   : service is ready, will join thread...
11-05 13:44:18.120  1081  1081 W TelecomManager: Telecom Service not found.
11-05 13:44:18.123  1969  1969 I [OAR] VrNotificationListenerService: onNotificationRemoved(): key = -1|android|17040427|null|1000
11-05 13:44:18.123  1969  1969 I [OAR] VrNotificationListenerService: onNotificationRemoved(): package|tag|id = android|null|17040427
11-05 13:44:18.123  1505  1505 D OculusNotificationListenerService: Notification removed: -1|android|17040427|null|1000
11-05 13:44:18.127  1505  1505 D OculusNotificationListenerService: Notification posted: -1|android|17040429|null|1000
11-05 13:44:18.130  1958  1958 D [OAR] NotificationBroadcastReceiver: action: com.oculus.intent.action.NOTIF_CHANGE
11-05 13:44:18.130  1958  1958 I [OAR] AnytimeUINotifsBarView: onNotificationsChanged
11-05 13:44:18.130  1958  1958 D [OAR] AnytimeUINotifsBarView: onNotificationsChanged - skipped, detils bar not visible
11-05 13:44:18.131  1969  1969 E AnalyticsEvent: could not set key=notifTag value=null
11-05 13:44:18.131  1969  1969 D VrNotificationAnalytics: logNotificationEvent(oculus_hmd_notification_removed)
11-05 13:44:18.131  1969  1969 I [OAR] VrNotificationListenerService: onNotificationPosted(): key = -1|android|17040429|null|1000
11-05 13:44:18.131  1969  1969 I [OAR] VrNotificationListenerService: onNotificationPosted(): package|tag|id = android|null|17040429
11-05 13:44:18.136 30322 30322 D MtpReceiver: Received Usb Mtp state
11-05 13:44:18.136 30322 30322 D MtpReceiver: USB plugged in
11-05 13:44:18.137  1969  1969 E AnalyticsEvent: could not set key=notifTag value=null
11-05 13:44:18.137  1969  1969 D VrNotificationAnalytics: logNotificationEvent(oculus_hmd_notification_received)
11-05 13:44:18.148 30342 30347 D xrspd   : ep0 xrspd event ENABLE
11-05 13:44:18.148 30342 30347 I xrspd   : calling XrspdHelperStart
11-05 13:44:18.149 30342 30347 D xrspd   : XrspdHelper starting...
11-05 13:44:18.149 30342 30347 D xrspd   : XrspdHelper: create transport
11-05 13:44:18.152  1969  1969 D [OAR] VrBroadcastReceiver: action: com.oculus.vrshell.intent.action.NOTIFICATION_WAKE
11-05 13:44:18.155  1969  1969 D [OAR] VrNotificationService: VrNotificationService onStartCommand()
11-05 13:44:18.163  1958  1958 D [OAR] NotificationBroadcastReceiver: action: com.oculus.intent.action.NOTIF_CHANGE
11-05 13:44:18.163  1958  1958 I [OAR] AnytimeUINotifsBarView: onNotificationsChanged
11-05 13:44:18.163  1958  1958 D [OAR] AnytimeUINotifsBarView: onNotificationsChanged - skipped, detils bar not visible
11-05 13:44:18.163 30342 30347 D xrspd   : XrspdHelper started
11-05 13:44:18.165 30342 30353 D xrspd   : transitioning XrspSession state to InviteSent
11-05 13:44:18.165 30342 30353 D xrspd   : sending XrspSession invite for 'basic'
11-05 13:44:18.165 30342 30353 D xrspd   : trying to send transactional message INVITE
11-05 13:44:18.179 30322 30322 D MtpReceiver: Received Usb Mtp state
11-05 13:44:18.179 30322 30322 D MtpReceiver: USB plugged in
11-05 13:44:18.185 16348 16348 D MtpService: starting MTP server in MTP mode
11-05 13:44:18.189 16348 16348 D MtpService: Adding MTP storage 0x10001 at /storage/emulated/0
11-05 13:44:18.342  1436 30357 I OSUpdateService: Intent with action system_battery_changed
11-05 13:44:18.674 30225 30293 I TrackingServiceClient: Implausible sensor time! pt = 501.65
11-05 13:44:18.674 30225 30293 I VrApi   : FPS=0,Prd=0ms,Tear=0,Early=0,Stale=0,VSnc=1,Lat=0,Fov=0,CPU4/GPU=0/0,300/257MHz,OC=FF,TA=0/0/0,SP=N/N/N,Mem=200MHz,Free=1676MB,PSM=0,PLS=0,Temp=31.0C/0.0C,TW=0.00ms,App=0.00ms,GD=0.00ms,CPU&GPU=0.00ms,LCnt=0,GPU%=-1.00,CPU%=-1.00(W-1.00)
