11-08 17:01:25.272 23355 23371 D VrRuntimeClient: VrRuntimeClient: creating new service
11-08 17:01:25.273  2152  2152 D VrRuntimeService: onStartCommand
11-08 17:01:25.275 23355 23371 D VrRuntimeClient: VrRuntimeClient: Waiting on connection...
11-08 17:01:25.275 23355 23425 D VrRuntimeClient: VrRuntimeClient: Service connected.
11-08 17:01:25.276  2152  8187 I ClientMgr: ClientMgr::CreateClient: 23355:com.YourCompany.LastResisters
11-08 17:01:25.277  2152  8187 I SharedMemoryServer: SharedMemoryServer::MapMemory: Allocated shared memory fd 70 (VrRuntimeService_PrivateReadWrite_com.YourCompany.LastResisters)
11-08 17:01:25.277  2152  8187 W Vulkan_Utils: Memory type 24 with properties 10 not found.
11-08 17:01:25.277  2152  8187 I BufferObject: ovrBufferObjectFactory::Initialize BufferSize=4096, Fd=73, AllocSize=9568, VkBuffer=0x7f77387600, VkMemory=0x7f77378500, Mapping=0x7f78c8c000
11-08 17:01:25.277  2152  8187 I GuardianSystem: SetCurrentPackageName: com.YourCompany.LastResisters
11-08 17:01:25.278  2152  2166 D VrRuntimeService: IVrRuntimeClient.Stub().getSharedMemoryFileDescriptor()
11-08 17:01:25.278  2152  2166 I VrRuntimeService: SharedMemoryDebug: nativeGetSharedMemoryPublicReadOnlyFd: 35
11-08 17:01:25.278  2152  2166 D VrRuntimeService: getSharedMemoryFileDescriptor fd (VrRuntimeService) 35
11-08 17:01:25.279  2152  2167 D VrRuntimeService: IVrRuntimeClient.Stub().getSharedMemoryPrivateReadWriteFileDescriptor()
11-08 17:01:25.279  2152  2167 I VrRuntimeService: SharedMemoryDebug: nativeGetSharedMemoryPrivateReadWriteFd: 70
11-08 17:01:25.279  2152  2167 D VrRuntimeService: getSharedMemoryPrivateReadWriteFileDescriptor fd (VrRuntimeService) 70
11-08 17:01:25.280  2152  2568 D VrRuntimeService: IVrRuntimeClient.Stub().getBufferObjectImportInfo()
11-08 17:01:25.280 23355 23425 I VrRuntimeClient: nativeRuntimeServiceConnected: publicReadOnlyFd=79, privateReadWriteFd=80, bufferObjectFd=81
11-08 17:01:25.280 23355 23371 D VrRuntimeClient: VrRuntimeClient: connectionIsReady: true
11-08 17:01:25.282 23355 23371 D VrRuntimeClient: VrRuntimeClient: context.bindService SUCCESS
11-08 17:01:25.282 23355 23371 I Distortion: SetLensPositions - iad=0.0635, left offset=-0.002986,-0.00272, right offset=0.002986,-0.00272
11-08 17:01:25.282 23355 23371 I Distortion: SetLensPositions - iad=0.0635, left offset=-0.002986,-0.00272, right offset=0.002986,-0.00272
11-08 17:01:25.283 23355 23371 I OSSDK   : CalibrationManager: Using standalone implementation
11-08 17:01:25.288 23355 23371 I Distortion: Loaded distortion file from Calibration Manager
11-08 17:01:25.288 23355 23371 I Distortion: ovrDistortionMeshHeader::magic = 0x56347807
11-08 17:01:25.288 23355 23371 I Distortion: ovrDistortionMeshHeader::deviceModel = 0x101
11-08 17:01:25.288 23355 23371 I Distortion: ovrDistortionMeshHeader::headsetModel = 0x103
11-08 17:01:25.288 23355 23371 I Distortion: ovrDistortionMeshHeader::eyeBlocksWide = 32
11-08 17:01:25.288 23355 23371 I Distortion: ovrDistortionMeshHeader::eyeBlocksHigh = 32
11-08 17:01:25.288 23355 23371 I Distortion: ovrDistortionMeshHeader::lensSeparationMeters = 0.053428
11-08 17:01:25.289 23355 23371 I Distortion: ovrDistortionMeshHeader::horizontalOffsetMeters = 0.000000
11-08 17:01:25.289 23355 23371 I Distortion: ovrDistortionMeshHeader::displayWidthMeters = 0.118800
11-08 17:01:25.289 23355 23371 I Distortion: ovrDistortionMeshHeader::displayHeightMeters = 0.066000
11-08 17:01:25.289 23355 23371 I Distortion: ovrDistortionMeshHeader::displayWidthPixels = 2880
11-08 17:01:25.289 23355 23371 I Distortion: ovrDistortionMeshHeader::displayHeightPixels = 1600
11-08 17:01:25.289 23355 23371 I Distortion: ovrDistortionMeshHeader::eyeTextureWidthPixels = 1216
11-08 17:01:25.289 23355 23371 I Distortion: ovrDistortionMeshHeader::eyeTextureHeightPixels = 1344
11-08 17:01:25.289 23355 23371 I Distortion: ovrDistortionMeshHeader::leftEye = up 47.000000 / down 53.000000 / left 52.000000 / right 42.000000
11-08 17:01:25.289 23355 23371 I Distortion: ovrDistortionMeshHeader::rightEye = up 47.000000 / down 53.000000 / left 42.000000 / right 52.000000
11-08 17:01:25.289 23355 23371 I TrackingServiceClient: initialize
11-08 17:01:25.290 23355 23371 D TrackingServiceClient: onInitialize
11-08 17:01:25.293 23355 23371 I InputHooks: InitializeInputHooks
11-08 17:01:25.293 23355 23371 I InputHooks: InitializeInputHooks create
11-08 17:01:25.293 23355 23371 I InputHooks: InitializeInputHookscreated calling init
11-08 17:01:25.293 23355 23371 I InputHooks_Internal: SetReorientHMDOnControllerRecenter = false
11-08 17:01:25.293 23355 23371 I InputHooks_Internal: SetBlockRemoteButtonsWhenNotEmulatingHMT = true
11-08 17:01:25.293 23355 23371 I InputHooks_Internal: SetLatchBackButtonEntireFrame = true
11-08 17:01:25.293 23355 23371 D VrRuntimeClient: getClient6dofEntitlementMode for com.YourCompany.LastResisters
11-08 17:01:25.299  2057  2192 W PublicLibraryProvider: Cannot find entitlement for com.YourCompany.LastResisters
11-08 17:01:25.300 23355 23371 I VrApi   : ----------- vrapi_Initialize [end] ----------
11-08 17:01:25.300 23355 23371 I GoCompatibility: Determining Emulation mode for com.YourCompany.LastResisters
11-08 17:01:25.301 23355 23371 I GoCompatibility: enitlement mode unkown so checking manifest for Go Compatibility
11-08 17:01:25.301 23355 23371 D GoCompatibility: PackageName: com.YourCompany.LastResisters
11-08 17:01:25.302 23355 23371 I GoCompatibility: headtracking feature in manifest, GoCompatibility disabled.
11-08 17:01:25.302 23355 23371 I VrIntegrationLoader: VrIntegration Loader Version  1.1.22.0-0-0 Feb  4 2019 14:42:09 
11-08 17:01:25.304 23355 23371 W System.err: java.lang.ClassNotFoundException: com.oculus.systemdriver.VrIntegrationLoader
11-08 17:01:25.304 23355 23371 W System.err: 	at java.lang.Class.classForName(Native Method)
11-08 17:01:25.305 23355 23371 W System.err: 	at java.lang.Class.forName(Class.java:400)
11-08 17:01:25.305 23355 23371 W System.err: Caused by: java.lang.ClassNotFoundException: Didn't find class "com.oculus.systemdriver.VrIntegrationLoader" on path: DexPathList[[zip file "/system/priv-app/VrDriver/VrDriver.apk"],nativeLibraryDirectories=[/system/priv-app/VrDriver/lib/arm, /system/priv-app/VrDriver/VrDriver.apk!/lib/armeabi-v7a, /system/lib, /vendor/lib, /system/lib, /vendor/lib]]
11-08 17:01:25.305 23355 23371 W System.err: 	at dalvik.system.BaseDexClassLoader.findClass(BaseDexClassLoader.java:56)
11-08 17:01:25.305 23355 23371 W System.err: 	at java.lang.ClassLoader.loadClass(ClassLoader.java:380)
11-08 17:01:25.305 23355 23371 W System.err: 	at java.lang.ClassLoader.loadClass(ClassLoader.java:312)
11-08 17:01:25.306 23355 23371 W System.err: 	... 2 more
11-08 17:01:25.306 23355 23371 W VrIntegrationLoader: vrintegration_Initialize: Required Component vrIntegration module are not installed.
11-08 17:01:25.306 23355 23371 E OVRPlugin: vrintegration initialized failed with code -1
11-08 17:01:25.306 23355 23371 D OVRPlugin: Mode Parms CpuLevel 2 GpuLevel 2
11-08 17:01:25.308 23355 23371 I OVRPlugin: OSSDK::VrDevice::v2::createVrDeviceManager() succeed
11-08 17:01:25.309 23355 23371 D UE4     : [2019.11.08-08.01.25:309][  0]LogHMD: OculusHMD plugin supports multiview!
11-08 17:01:25.310 23355 23371 D OVRPlugin: GL_EXTENSIONS:
11-08 17:01:25.310 23355 23371 D OVRPlugin: GL_OES_EGL_image
11-08 17:01:25.310 23355 23371 D OVRPlugin: GL_OES_EGL_image_external
11-08 17:01:25.310 23355 23371 D OVRPlugin: GL_OES_EGL_sync
11-08 17:01:25.310 23355 23371 D OVRPlugin: GL_OES_vertex_half_float
11-08 17:01:25.310 23355 23371 D OVRPlugin: GL_OES_framebuffer_object
11-08 17:01:25.310 23355 23371 D OVRPlugin: GL_OES_rgb8_rgba8
11-08 17:01:25.310 23355 23371 D OVRPlugin: GL_OES_compressed_ETC1_RGB8_texture
11-08 17:01:25.310 23355 23371 D OVRPlugin: GL_AMD_compressed_ATC_texture
11-08 17:01:25.310 23355 23371 D OVRPlugin: GL_KHR_texture_compression_astc_ldr
11-08 17:01:25.310 23355 23371 D OVRPlugin: GL_KHR_texture_compression_astc_hdr
11-08 17:01:25.310 23355 23371 D OVRPlugin: GL_OES_texture_compression_astc
11-08 17:01:25.310 23355 23371 D OVRPlugin: GL_OES_texture_npot
11-08 17:01:25.310 23355 23371 D OVRPlugin: GL_EXT_texture_filter_anisotropic
11-08 17:01:25.310 23355 23371 D OVRPlugin: GL_EXT_texture_format_BGRA8888
11-08 17:01:25.311 23355 23371 D OVRPlugin: GL_EXT_read_format_bgra
11-08 17:01:25.311 23355 23371 D OVRPlugin: GL_OES_texture_3D
11-08 17:01:25.311 23355 23371 D OVRPlugin: GL_EXT_color_buffer_float
11-08 17:01:25.311 23355 23371 D OVRPlugin: GL_EXT_color_buffer_half_float
11-08 17:01:25.311 23355 23371 D OVRPlugin: GL_QCOM_alpha_test
11-08 17:01:25.311 23355 23371 D OVRPlugin: GL_OES_depth24
11-08 17:01:25.311 23355 23371 D OVRPlugin: GL_OES_packed_depth_stencil
11-08 17:01:25.311 23355 23371 D OVRPlugin: GL_OES_depth_texture
11-08 17:01:25.311 23355 23371 D OVRPlugin: GL_OES_depth_texture_cube_map
11-08 17:01:25.311 23355 23371 D OVRPlugin: GL_EXT_sRGB
11-08 17:01:25.311 23355 23371 D OVRPlugin: GL_OES_texture_float
11-08 17:01:25.311 23355 23371 D OVRPlugin: GL_OES_texture_float_linear
11-08 17:01:25.311 23355 23371 D OVRPlugin: GL_OES_texture_half_float
11-08 17:01:25.311 23355 23371 D OVRPlugin: GL_OES_texture_half_float_linear
11-08 17:01:25.311 23355 23371 D OVRPlugin: GL_EXT_texture_type_2_10_10_10_REV
11-08 17:01:25.311 23355 23371 D OVRPlugin: GL_EXT_texture_sRGB_decode
11-08 17:01:25.311 23355 23371 D OVRPlugin: GL_EXT_texture_format_sRGB_override
11-08 17:01:25.311 23355 23371 D OVRPlugin: GL_OES_element_index_uint
11-08 17:01:25.311 23355 23371 D OVRPlugin: GL_EXT_copy_image
11-08 17:01:25.311 23355 23371 D OVRPlugin: GL_EXT_geometry_shader
11-08 17:01:25.312 23355 23371 D OVRPlugin: GL_EXT_tessellation_shader
11-08 17:01:25.312 23355 23371 D OVRPlugin: GL_OES_texture_stencil8
11-08 17:01:25.312 23355 23371 D OVRPlugin: GL_EXT_shader_io_blocks
11-08 17:01:25.312 23355 23371 D OVRPlugin: GL_OES_shader_image_atomic
11-08 17:01:25.312 23355 23371 D OVRPlugin: GL_OES_sample_variables
11-08 17:01:25.312 23355 23371 D OVRPlugin: GL_EXT_texture_border_clamp
11-08 17:01:25.312 23355 23371 D OVRPlugin: GL_EXT_EGL_image_external_wrap_modes
11-08 17:01:25.312 23355 23371 D OVRPlugin: GL_EXT_multisampled_render_to_texture
11-08 17:01:25.312 23355 23371 D OVRPlugin: GL_EXT_multisampled_render_to_texture2
11-08 17:01:25.312 23355 23371 D OVRPlugin: GL_OES_shader_multisample_interpolation
11-08 17:01:25.312 23355 23371 D OVRPlugin: GL_EXT_texture_cube_map_array
11-08 17:01:25.312 23355 23371 D OVRPlugin: GL_EXT_draw_buffers_indexed
11-08 17:01:25.312 23355 23371 D OVRPlugin: GL_EXT_gpu_shader5
11-08 17:01:25.312 23355 23371 D OVRPlugin: GL_EXT_robustness
11-08 17:01:25.312 23355 23371 D OVRPlugin: GL_EXT_texture_buffer
11-08 17:01:25.312 23355 23371 D OVRPlugin: GL_EXT_shader_framebuffer_fetch
11-08 17:01:25.312 23355 23371 D OVRPlugin: GL_ARM_shader_framebuffer_fetch_depth_stencil
11-08 17:01:25.312 23355 23371 D OVRPlugin: GL_OES_texture_storage_multisample_2d_array
11-08 17:01:25.313 23355 23371 D OVRPlugin: GL_OES_sample_shading
11-08 17:01:25.313 23355 23371 D OVRPlugin: GL_OES_get_program_binary
11-08 17:01:25.313 23355 23371 D OVRPlugin: GL_EXT_debug_label
11-08 17:01:25.313 23355 23371 D OVRPlugin: GL_KHR_blend_equation_advanced
11-08 17:01:25.313 23355 23371 D OVRPlugin: GL_KHR_blend_equation_advanced_coherent
11-08 17:01:25.313 23355 23371 D OVRPlugin: GL_QCOM_tiled_rendering
11-08 17:01:25.313 23355 23371 D OVRPlugin: GL_ANDROID_extension_pack_es31a
11-08 17:01:25.313 23355 23371 D OVRPlugin: GL_EXT_primitive_bounding_box
11-08 17:01:25.313 23355 23371 D OVRPlugin: GL_OES_standard_derivatives
11-08 17:01:25.313 23355 23371 D OVRPlugin: GL_OES_vertex_array_object
11-08 17:01:25.313 23355 23371 D OVRPlugin: GL_EXT_disjoint_timer_query
11-08 17:01:25.313 23355 23371 D OVRPlugin: GL_KHR_debug
11-08 17:01:25.313 23355 23371 D OVRPlugin: GL_EXT_YUV_target
11-08 17:01:25.313 23355 23371 D OVRPlugin: GL_EXT_sRGB_write_control
11-08 17:01:25.313 23355 23371 D OVRPlugin: GL_EXT_texture_norm16
11-08 17:01:25.313 23355 23371 D OVRPlugin: GL_EXT_discard_framebuffer
11-08 17:01:25.313 23355 23371 D OVRPlugin: GL_OES_surfaceless_context
11-08 17:01:25.313 23355 23371 D OVRPlugin: GL_OVR_multiview
11-08 17:01:25.313 23355 23371 D OVRPlugin: GL_OVR_multiview2
11-08 17:01:25.313 23355 23371 D OVRPlugin: GL_EXT_texture_sRGB_R8
11-08 17:01:25.313 23355 23371 D OVRPlugin: GL_KHR_no_error
11-08 17:01:25.313 23355 23371 D OVRPlugin: GL_EXT_debug_marker
11-08 17:01:25.313 23355 23371 D OVRPlugin: GL_OES_EGL_image_external_essl3
11-08 17:01:25.313 23355 23371 D OVRPlugin: GL_OVR_multiview_multisampled_render_to_texture
11-08 17:01:25.313 23355 23371 D OVRPlugin: GL_EXT_buffer_storage
11-08 17:01:25.313 23355 23371 D OVRPlugin: GL_EXT_external_buffer
11-08 17:01:25.313 23355 23371 D OVRPlugin: GL_EXT_blit_framebuffer_params
11-08 17:01:25.313 23355 23371 D OVRPlugin: GL_EXT_clip_cull_distance
11-08 17:01:25.314 23355 23371 D OVRPlugin: GL_EXT_protected_textures
11-08 17:01:25.314 23355 23371 D OVRPlugin: GL_EXT_shader_non_constant_global_initializers
11-08 17:01:25.314 23355 23371 D OVRPlugin: GL_QCOM_texture_foveated
11-08 17:01:25.314 23355 23371 D OVRPlugin: GL_QCOM_shader_framebuffer_fetch_noncoherent
11-08 17:01:25.314 23355 23371 D OVRPlugin: GL_QCOM_shader_framebuffer_fetch_rate
11-08 17:01:25.314 23355 23371 D OVRPlugin: GL_EXT_memory_object
11-08 17:01:25.314 23355 23371 D OVRPlugin: GL_EXT_memory_object_fd
11-08 17:01:25.314 23355 23371 D OVRPlugin: GL_EXT_EGL_image_array
11-08 17:01:25.314 23355 23371 D OVRPlugin: GL_NV_shader_noperspective_interpolation
11-08 17:01:25.314 23355 23371 D OVRPlugin: GL_KHR_robust_buffer_access_behavior
11-08 17:01:25.314 23355 23371 D OVRPlugin: GL_EXT_EGL_image_storage
11-08 17:01:25.314 23355 23371 D OVRPlugin: GL_EXT_blend_func_extended
11-08 17:01:25.314 23355 23371 D OVRPlugin: GL_EXT_clip_control
11-08 17:01:25.314 23355 23371 D OVRPlugin: GL_OES_texture_view
11-08 17:01:25.314 23355 23371 D OVRPlugin: GL_EXT_fragment_invocation_density
11-08 17:01:25.314 23355 23371 D OVRPlugin: GL_QCOM_YUV_texture_gather
11-08 17:01:25.314 23355 23371 D OVRPlugin: es3 = TRUE
11-08 17:01:25.314 23355 23371 D OVRPlugin: Found: GL_EXT_discard_framebuffer
11-08 17:01:25.314 23355 23371 D OVRPlugin: Found: GL_EXT_multisampled_render_to_texture
11-08 17:01:25.315 23355 23371 D OVRPlugin: Found: GL_OES_vertex_array_object
11-08 17:01:25.315 23355 23371 D OVRPlugin: Found: GL_QCOM_tiled_rendering
11-08 17:01:25.315 23355 23371 D OVRPlugin: Found: GL_EXT_disjoint_timer_query
11-08 17:01:25.316 23355 23371 D OVRPlugin: Found: GL_EXT_texture_sRGB_decode
11-08 17:01:25.316 23355 23371 D OVRPlugin: Found: GL_EXT_texture_filter_anisotropic
11-08 17:01:25.316 23355 23371 D OVRPlugin: GL_MAX_TEXTURE_SIZE = 16384
11-08 17:01:25.316 23355 23371 D OVRPlugin: GL_MAX_VERTEX_UNIFORM_VECTORS = 256
11-08 17:01:25.317 23355 23371 D OVRPlugin: GL_MAX_FRAGMENT_UNIFORM_VECTORS = 256
11-08 17:01:25.317 23355 23371 D OVRPlugin: Found: GL_EXT_texture_border_clamp
11-08 17:01:25.317 23355 23371 D OVRPlugin: Finished setting up render thread.
11-08 17:01:25.317 23355 23371 D OVRPlugin: Entering VR mode.
11-08 17:01:25.317 23355 23371 I VrApi   : ---------- vrapi_EnterVrMode [start] ----------
11-08 17:01:25.320 23355 23371 I InputHooks_Internal: Enabling Native Input Hooks
11-08 17:01:25.321 23355 23371 I VrRuntimeClient: Tracing is disabled
11-08 17:01:25.323 23355 23371 D VrApi   : targetSDKVersion 19
11-08 17:01:25.326 23355 23371 I VrRuntimeClient: DEVICE MODEL NUMBER = Quest
11-08 17:01:25.326 23355 23371 I VrRuntimeClient: DEVICE HARDWARE = monterey
11-08 17:01:25.326 23355 23371 I VrRuntimeClient: DEVICE BUILD NAME = user-396520.6170.115
11-08 17:01:25.326 23355 23371 I VrRuntimeClient: DEVICE BUILD TYPE = user
11-08 17:01:25.326 23355 23371 I VrRuntimeClient: DEVICE OS VERSION = 7.1.1
11-08 17:01:25.326 23355 23371 I VrRuntimeClient: VRRUNTIME VERSION = VRAPI_VERSION_BEGIN { 1.1.27.0-179270206-179270206 Oct 22 2019 13:59:12 Development } RELEASE
11-08 17:01:25.326 23355 23371 I VrRuntimeClient: API LOADER VERSION = 1.1.22.0
11-08 17:01:25.326 23355 23371 I VrRuntimeClient: VRDRIVER VERSION = 10.1.0.144.427
11-08 17:01:25.326 23355 23371 I VrRuntimeClient: APP NAME = LastResisters
11-08 17:01:25.327 23355 23371 I VrRuntimeClient: APP VERSION = 1.0 versionCode 1 internalVersionName <none>
11-08 17:01:25.327 23355 23371 I VrRuntimeClient: APP VR TYPE = vr_only
11-08 17:01:25.327 23355 23371 I VrRuntimeClient: APP PACKAGE NAME = com.YourCompany.LastResisters
11-08 17:01:25.327 23355 23371 I VrRuntimeClient: APP ACTIVITY CLASS = com.epicgames.ue4.GameActivity
11-08 17:01:25.327 23355 23371 D BatteryReceiver: Registering battery receiver
11-08 17:01:25.330 23355 23371 D HeadsetReceiver: getCurrentHeadsetState: false
11-08 17:01:25.330 23355 23371 I DeviceStatus_Android: nativeHeadsetEvent(0)
11-08 17:01:25.333 23355 23371 I DeviceStatus_Android: nativeGamepadListener(0)
11-08 17:01:25.334 23355 23371 I InputDeviceManager: ovrInputDeviceManager::Initialize
11-08 17:01:25.335 23355 23371 I ScreenCaptureHelper: GetScreenCaptureInhibitFlagFromVrHelper
11-08 17:01:25.336 23355 23371 D VRProviderHelper: Could not find provider
11-08 17:01:25.337  2152  8187 I ScreenCaptureBase: GlobalInhibitState=0
11-08 17:01:25.337 23355 23371 D TrackingServiceConnectionNative: onClientConnect
11-08 17:01:25.337 23355 23371 D BinderConnection: Connecting to TrackingService
11-08 17:01:25.337 23355 23371 D TrackingServiceConnectionNative: onConnected
11-08 17:01:25.337   715   715 I TrackingService: TrackingService::getSharedMemoryFileDescriptor
11-08 17:01:25.338 23355 23371 I TrackingServiceClient: OVR::TrackingService::ClientSetInterface
11-08 17:01:25.338 23355 23371 I TrackingServiceClient: TrackingService client: roFd(82)
11-08 17:01:25.338 23355 23371 I TrackingServiceClient: TrackingService client: connected to interface version 10.
11-08 17:01:25.338 23355 23371 I TrackingServiceClient: TrackingService client: last prediction time is 933.995805 seconds old
11-08 17:01:25.338 23355 23371 I TrackingServiceClient: TrackingService client: provided by pid=715
11-08 17:01:25.338   715  3740 I TrackingService: TrackingService::registerClient
11-08 17:01:25.338   715  3740 I TrackingService: Registering client with TrackingServiceHost
11-08 17:01:25.339   715  3740 I TrackingService: TrackingServiceHost GetSharedMemoryFileDescriptor for client pid 23355
11-08 17:01:25.339   715  3740 I TrackingService: TrackingServiceHost registered common client; there are 0 secure clients
11-08 17:01:25.339 23355 23371 I TrackingServiceClient: ClientConnectComplete
11-08 17:01:25.339 23355 23371 I VrApi   : ovrModeParms::VRAPI_MODE_FLAG_ALLOW_POWER_SAVE = 1
11-08 17:01:25.339 23355 23371 I VrApi   : ovrModeParms::VRAPI_MODE_FLAG_RESET_WINDOW_FULLSCREEN = 1
11-08 17:01:25.339 23355 23371 I VrApi   : ovrModeParms::VRAPI_MODE_FLAG_NATIVE_WINDOW = 1
11-08 17:01:25.339 23355 23371 I VrApi   : ovrModeParms::VRAPI_MODE_FLAG_FRONT_BUFFER_PROTECTED = 0
11-08 17:01:25.339 23355 23371 I VrApi   : ovrModeParms::VRAPI_MODE_FLAG_FRONT_BUFFER_565 = 0
11-08 17:01:25.339 23355 23371 I VrApi   : ovrModeParms::VRAPI_MODE_FLAG_FRONT_BUFFER_SRGB = 1
11-08 17:01:25.339 23355 23371 I VrApi   : ovrModeParms::VRAPI_MODE_FLAG_CREATE_CONTEXT_NO_ERROR = 0
11-08 17:01:25.339 23355 23371 I TrackingServiceClient: Implausible sensor time! pt = 933.997
11-08 17:01:25.339 23355 23371 I VrApi   : HMD sensor attached.
11-08 17:01:25.340 23355 23371 I VrApi   : Client side frame sync enabled
11-08 17:01:25.340 23355 23371 D VrRuntimeClient: VrRuntimeClient: enableRendering: activity client
11-08 17:01:25.341 23355 23371 D VrRuntimeClient: VrRuntimeClient: enableRendering: Using clientWindow=android.os.BinderProxy@22a2aa9
11-08 17:01:25.341  2152  2166 I ClientMgr: ClientMgr::SetPrimaryCompositorClient: com.YourCompany.LastResisters
11-08 17:01:25.341  2152  2166 W VrRuntimeServer: VrRuntimeServer_SetCompositorSharedMemory: Invalid Warp
11-08 17:01:25.341  2152  2166 I GuardianSystem: SetCurrentPackageName: com.YourCompany.LastResisters
11-08 17:01:25.341  2152  2166 D VrRuntimeService: this client: 23355:com.YourCompany.LastResisters
11-08 17:01:25.341  2152  2166 D VrRuntimeService: enableRendering: clientWindow: android.os.BinderProxy@1b0fe4c enable: true
11-08 17:01:25.341  2152  2166 I ClientMgr: ClientMgr::EnableRendering 23355:com.YourCompany.LastResisters : enable
11-08 17:01:25.342 23355 23371 I VrRuntimeClient: CreateWarp: ImportGles: Fd=81, BufferSize=4096, AllocSize=9568
11-08 17:01:25.342 23355 23371 I BufferObject: ovrBufferObjectFactory::ImportGles() initializing extensions
11-08 17:01:25.342 23355 23371 I GL_Utils: es3 = TRUE
11-08 17:01:25.342 23355 23371 I GL_Utils: Found: GL_OES_vertex_array_object
11-08 17:01:25.342 23355 23371 I GL_Utils: Found: GL_QCOM_tiled_rendering
11-08 17:01:25.342 23355 23371 I GL_Utils: Found: GL_EXT_sRGB_write_control
11-08 17:01:25.342 23355 23371 I GL_Utils: Found: GL_EXT_disjoint_timer_query
11-08 17:01:25.342 23355 23371 I GL_Utils: Found: GL_EXT_memory_object
11-08 17:01:25.342 23355 23371 I GL_Utils: Found: GL_EXT_memory_object_fd
11-08 17:01:25.342 23355 23371 I GL_Utils: Found: GL_QCOM_texture_foveated
11-08 17:01:25.342 23355 23371 I GL_Utils: Found: GL_KHR_debug
11-08 17:01:25.342 23355 23371 I GL_Utils: Found: GL_EXT_texture_border_clamp
11-08 17:01:25.342 23355 23371 I GL_Utils: Found: GL_EXT_texture_filter_anisotropic
11-08 17:01:25.343 23355 23371 I VrRuntimeClient: CreateWarp: ImportGles: bo.Gl.BufferId=113, bo.Gl.MemoryObject=1
11-08 17:01:25.344 23355 23371 I ScreenCaptureHelper: Advertising com.YourCompany.LastResisters as streamable
11-08 17:01:25.344  1826  1826 I OVRMediaService: onStartCommand Received message type: set_package_name, caller package: no_app_identity
11-08 17:01:25.344  1826  1826 I OVRMediaService: Got package name intent (com.YourCompany.LastResisters)
11-08 17:01:25.345 23355 23371 I OSSDK   : TelemetryHandler: Using standalone implementation
11-08 17:01:25.345 23355 23371 I VrApi   : OVR::Stats thread started
11-08 17:01:25.349 23355 23371 I VrApi   : System brightness = 255
11-08 17:01:25.351 23355 23371 I VrApi   : Set brightness to 255
11-08 17:01:25.351 23355 23371 I VrApi   : Set DND mode to false
11-08 17:01:25.352 23355 23427 D VrApi   : targetSDKVersion 19
11-08 17:01:25.354 23355 23427 I JniUtils: ovr_GetCurrentPackageSignature 
11-08 17:01:25.355 23355 23427 I Metrics : device name = Oculus Quest
11-08 17:01:25.367  2057  2068 W LibraryProvider: Cannot find entitlement for com.YourCompany.LastResisters
11-08 17:01:25.367  2057  2070 W LibraryProvider: Cannot find entitlement for com.YourCompany.LastResisters
11-08 17:01:25.367  1826  1935 W OVRLibrary: null cursor received for query content://com.oculus.ocms.library/apps/com.YourCompany.LastResisters
11-08 17:01:25.367  1826  1826 W OVRLibrary: null cursor received for query content://com.oculus.ocms.library/apps/com.YourCompany.LastResisters
11-08 17:01:25.367  1826  1826 I PlatformPluginManager: Empty clients, initing
11-08 17:01:25.367  1826  1826 I PlatformPluginManager: Calling init()
11-08 17:01:25.367  1826  1935 I SDKLoggingService: Unable to find AppId for package (com.YourCompany.LastResisters)
11-08 17:01:25.367  1826  1826 I PlatformPluginManager: Not docked, aborting init
11-08 17:01:25.367  1826  1826 I PlatformPluginManager: Init failed in connect(). Shutting down?
11-08 17:01:25.367  1826  1826 W System.err: java.lang.Exception: Stack trace
11-08 17:01:25.368  1826  1826 W System.err: 	at java.lang.Thread.dumpStack(Thread.java:1376)
11-08 17:01:25.368  1826  1826 W System.err: 	at com.oculus.horizon.platformplugin.PlatformPluginManager.connect(PlatformPluginManager.java:536)
11-08 17:01:25.368  1826  1826 W System.err: 	at com.oculus.horizon.platformplugin.PlatformPluginManager.connect(PlatformPluginManager.java:445)
11-08 17:01:25.368  1826  1826 W System.err: 	at com.oculus.horizon.service_media.OVRMediaServiceManager.safeGetPPM(OVRMediaServiceManager.java:290)
11-08 17:01:25.368  1826  1826 W System.err: 	at com.oculus.horizon.service_media.OVRMediaServiceManager.onAppSwitch(OVRMediaServiceManager.java:984)
11-08 17:01:25.368  1826  1826 W System.err: 	at com.oculus.horizon.service_media.AppSwitchManager.onAppSwitch(AppSwitchManager.java:68)
11-08 17:01:25.368  1826  1826 W System.err: 	at com.oculus.horizon.service_media.OVRMediaService$1.onAppSwitch(OVRMediaService.java:80)
11-08 17:01:25.368  1826  1826 W System.err: 	at com.oculus.horizon.service_media.OVRMediaService.doStartCommand(OVRMediaService.java:378)
11-08 17:01:25.368  1826  1826 W System.err: 	at com.facebook.secure.service.PublicBaseServiceWithSwitchOff.onStartCommand(PublicBaseServiceWithSwitchOff.java:136)
11-08 17:01:25.368  1826  1826 W System.err: 	at android.app.ActivityThread.handleServiceArgs(ActivityThread.java:3350)
11-08 17:01:25.368  1826  1826 W System.err: 	at android.app.ActivityThread.-wrap21(ActivityThread.java)
11-08 17:01:25.368  1826  1826 W System.err: 	at android.app.ActivityThread$H.handleMessage(ActivityThread.java:1582)
11-08 17:01:25.368  1826  1826 W System.err: 	at android.os.Handler.dispatchMessage(Handler.java:102)
11-08 17:01:25.368  1826  1826 W System.err: 	at android.os.Looper.loop(Looper.java:154)
11-08 17:01:25.368  1826  1826 W System.err: 	at android.app.ActivityThread.main(ActivityThread.java:6144)
11-08 17:01:25.368  1826  1826 W System.err: 	at java.lang.reflect.Method.invoke(Native Method)
11-08 17:01:25.368  1826  1826 W System.err: 	at com.android.internal.os.ZygoteInit$MethodAndArgsCaller.run(ZygoteInit.java:886)
11-08 17:01:25.368  1826  1826 W System.err: 	at com.android.internal.os.ZygoteInit.main(ZygoteInit.java:776)
11-08 17:01:25.369 23355 23371 I VrApi   : System DND mode = false
11-08 17:01:25.369 23355 23371 I VrApi   : ---------- vrapi_EnterVrMode [end] ----------
11-08 17:01:25.370 23355 23371 I InputHooks_Internal: SetLatchBackButtonEntireFrame = false
11-08 17:01:25.370 23355 23371 I InputHooks_Internal: SetBlockRemoteButtonsWhenNotEmulatingHMT = true
11-08 17:01:25.370 23355 23371 I InputHooks_Internal: SetEatNativeGamepadEvents = false
11-08 17:01:25.370 23355 23371 D OVRPlugin: Registering utility receivers.
11-08 17:01:25.370 23355 23371 D OVRPlugin: Developer mode: 1
11-08 17:01:25.371 23355 23371 I InputHooks_Internal: SetReorientHMDOnControllerRecenter = true
11-08 17:01:25.371 23355 23371 D UE4     : [2019.11.08-08.01.25:371][  0]LogHMD: Error: Mobile HDR is not supported on Oculus Mobile HMD devices.
11-08 17:01:25.371 23355 23371 I TrackingServiceClient: Implausible sensor time! pt = 934.029
11-08 17:01:25.373  2152  2167 I VrRuntimeService: nativeCreateTextureSwapChain 65536 0 35907 2432 1344 1 3 1 0 0
11-08 17:01:25.378  2057  2119 W LibraryProvider: Cannot find entitlement for com.YourCompany.LastResisters
11-08 17:01:25.378  1826  1826 W OVRLibrary: null cursor received for query content://com.oculus.ocms.library/apps/com.YourCompany.LastResisters
11-08 17:01:25.378  1826  1826 I PlatformPluginManager: onAppStart com.YourCompany.LastResisters false
11-08 17:01:25.378  1826  1826 E PlatformPluginManager: onAppStart called before init
11-08 17:01:25.378  1826  1826 E OVRMediaServiceManager: LivestreamingManager Not initialized
11-08 17:01:25.378  2152  2167 I VrRuntimeServer: CreateTextureSwapChain: result importswapchaingles 1
11-08 17:01:25.380 23355 23401 I GL_Utils: es3 = TRUE
11-08 17:01:25.380 23355 23401 I GL_Utils: Found: GL_OES_vertex_array_object
11-08 17:01:25.380 23355 23401 I GL_Utils: Found: GL_QCOM_tiled_rendering
11-08 17:01:25.380 23355 23401 I GL_Utils: Found: GL_EXT_sRGB_write_control
11-08 17:01:25.380 23355 23401 I GL_Utils: Found: GL_EXT_disjoint_timer_query
11-08 17:01:25.381 23355 23401 I GL_Utils: Found: GL_EXT_memory_object
11-08 17:01:25.382 23355 23401 I GL_Utils: Found: GL_EXT_memory_object_fd
11-08 17:01:25.382 23355 23401 I GL_Utils: Found: GL_QCOM_texture_foveated
11-08 17:01:25.382 23355 23401 I GL_Utils: Found: GL_KHR_debug
11-08 17:01:25.382 23355 23401 I GL_Utils: Found: GL_EXT_texture_border_clamp
11-08 17:01:25.382 23355 23401 I GL_Utils: Found: GL_EXT_texture_filter_anisotropic
11-08 17:01:25.388 23355 23401 D UE4     : [2019.11.08-08.01.25:388][  0]LogHMD: Allocating Oculus 2432 x 1344 rendertarget swapchain
11-08 17:01:25.389 23355 23371 I TrackingServiceClient: Implausible sensor time! pt = 934.047
11-08 17:01:25.391 23355 23371 D UE4     : [2019.11.08-08.01.25:390][  0]LogHMD: FSplash::OnShow
11-08 17:01:25.391 23355 23371 D UE4     : [2019.11.08-08.01.25:391][  0]LogLoad: LoadMap: /Game/Game/Level/Maps/Play/Play?Name=Player
11-08 17:01:25.392 23355 23371 D UE4     : [2019.11.08-08.01.25:392][  0]LogWorld: BeginTearingDown for /Temp/Untitled_0
11-08 17:01:25.396 23355 23401 I TrackingServiceClient: Implausible sensor time! pt = 934.053
11-08 17:01:25.397  2152  2568 I VrRuntimeService: nativeCreateTextureSwapChain 65536 0 35907 1 1 1 1 1 0 0
11-08 17:01:25.398  2152  2568 I VrRuntimeServer: CreateTextureSwapChain: result importswapchaingles 1
11-08 17:01:25.401  1826  2078 I UploadManager: Scheduling jobbId 2131296373 within interval (900000, 2700000)
11-08 17:01:25.410 23355 23401 D UE4     : [2019.11.08-08.01.25:410][  0]LogRHI: Using OpenGL program LRU cache: 0
11-08 17:01:25.413 23355 23371 D UE4     : [2019.11.08-08.01.25:412][  0]LogWorld: UWorld::CleanupWorld for Untitled, bSessionEnded=true, bCleanupResources=true
11-08 17:01:25.439 23355 23401 W VrApi   : Time to first swap: 1.679 seconds
11-08 17:01:25.439 23355 23428 I VrRuntimeClient: FenceChecker::MainLoop - started
11-08 17:01:25.445 23355 23423 D UE4     : [2019.11.08-08.01.25:445][  0]LogAudioMixer: Display: No commands were queued while flushing the source manager.
11-08 17:01:25.465 23355 23371 D UE4     : [2019.11.08-08.01.25:465][  0]LogUObjectHash: Compacting FUObjectHashTables data took   3.35ms
11-08 17:01:25.529 23355 23371 D UE4     : [2019.11.08-08.01.25:529][  0]LogAIModule: Creating AISystem for world Play
11-08 17:01:25.530 23355 23371 D UE4     : [2019.11.08-08.01.25:530][  0]LogLoad: Game class is 'GameModeBase'
11-08 17:01:25.535 23355 23371 D UE4     : [2019.11.08-08.01.25:535][  0]LogPhysics: Warning: Initialising Body : Scale3D is (nearly) zero: 
11-08 17:01:25.535 23355 23371 D UE4     : [2019.11.08-08.01.25:535][  0]LogWorld: Bringing World /Game/Game/Level/Maps/Play/Play.Play up for play (max tick rate 0) at 2019.11.08-17.01.25
11-08 17:01:25.537 23355 23371 D UE4     : [2019.11.08-08.01.25:537][  0]LogWorld: Bringing up level for play took: 0.005880
11-08 17:01:25.537 23355 23371 D UE4     : [2019.11.08-08.01.25:537][  0]LogOnline: OSS: Creating online subsystem instance for: GooglePlay
11-08 17:01:25.537 23355 23371 D UE4     : [2019.11.08-08.01.25:537][  0]LogOnline: Warning: OSS: FOnlineSubsystemGooglePlayModule was disabled
11-08 17:01:25.538 23355 23371 D UE4     : [2019.11.08-08.01.25:538][  0]LogGameMode: FindPlayerStart: PATHS NOT DEFINED or NO PLAYERSTART with positive rating
11-08 17:01:25.540 23355 23371 D UE4     : [2019.11.08-08.01.25:540][  0]LogLoad: Took 0.149086 seconds to LoadMap(/Game/Game/Level/Maps/Play/Play)
11-08 17:01:25.542 23355 23403 D UE4     : *** JavaEnvDestructor: 23403
11-08 17:01:25.556 23355 23401 D UE4     : AndroidEGL::ResetDisplay()
11-08 17:01:25.556 23355 23401 D UE4     : *** JavaEnvDestructor: 23401
11-08 17:01:25.565 23355 23371 D UE4     : [2019.11.08-08.01.25:565][  0]LogAndroid: Passed GEngineLoop.Init()
11-08 17:01:25.567 23355 23429 D UE4     : [2019.11.08-08.01.25:567][  0]LogRenderer: Reallocating scene render targets to support 2880x1600 Format 10 NumSamples 1 (Frame:1).
11-08 17:01:25.568 23355 23371 D UE4     : [2019.11.08-08.01.25:568][  0]LogAndroidEvents: Display: LogAndroidEvents::DequeueAppEvent : 9, 0, APP_EVENT_STATE_ON_START
11-08 17:01:25.568 23355 23371 D UE4     : [2019.11.08-08.01.25:568][  0]LogAndroidEvents: Display: LogAndroidEvents::DequeueAppEvent : 7, 0, APP_EVENT_STATE_ON_RESUME
11-08 17:01:25.568 23355 23371 D UE4     : [2019.11.08-08.01.25:568][  0]LogAndroidEvents: Display: LogAndroidEvents::DequeueAppEvent : 6, 0, APP_EVENT_STATE_ON_PAUSE
11-08 17:01:25.568 23355 23371 D UE4     : [2019.11.08-08.01.25:568][  0]LogAndroidEvents: Display: LogAndroidEvents::DequeueAppEvent : 12, 0, APP_EVENT_STATE_SAVE_STATE
11-08 17:01:25.568 23355 23371 D UE4     : [2019.11.08-08.01.25:568][  0]LogAndroidEvents: Display: LogAndroidEvents::DequeueAppEvent : 8, 0, APP_EVENT_STATE_ON_STOP
11-08 17:01:25.568 23355 23371 D UE4     : [2019.11.08-08.01.25:568][  0]LogAndroidEvents: Display: LogAndroidEvents::DequeueAppEvent : 9, 0, APP_EVENT_STATE_ON_START
11-08 17:01:25.568 23355 23371 D UE4     : [2019.11.08-08.01.25:568][  0]LogAndroidEvents: Display: LogAndroidEvents::DequeueAppEvent : 7, 0, APP_EVENT_STATE_ON_RESUME
11-08 17:01:25.568 23355 23371 D UE4     : [2019.11.08-08.01.25:568][  0]LogAndroidEvents: Display: LogAndroidEvents::DequeueAppEvent : 6, 0, APP_EVENT_STATE_ON_PAUSE
11-08 17:01:25.568 23355 23371 D UE4     : [2019.11.08-08.01.25:568][  0]LogAndroidEvents: Display: LogAndroidEvents::DequeueAppEvent : 0, 3397908488, APP_EVENT_STATE_WINDOW_CREATED
11-08 17:01:25.568 23355 23371 D UE4     : APP_EVENT_STATE_WINDOW_CREATED 0, 0, 0, 0
11-08 17:01:25.568 23355 23371 D UE4     : [2019.11.08-08.01.25:568][  0]LogAndroidEvents: Display: ExecWindowCreated
11-08 17:01:25.569 23355 23371 D UE4     : AndroidEGL::ReInitWindow()
11-08 17:01:25.569 23355 23371 D UE4     : AndroidEGL::ReInit()
11-08 17:01:25.569 23355 23371 D UE4     : AndroidEGL::ResetDisplay()
11-08 17:01:25.569 23355 23371 D UE4     : AndroidEGL::InitSurface 0, 0
11-08 17:01:25.569 23355 23371 D UE4     : AndroidEGL::CreateEGLSurface() Already initialized: 0xbe77ab40
11-08 17:01:25.569 23355 23371 D UE4     : ExecWindowCreated, 0, 1, 0
11-08 17:01:25.569 23355 23371 D UE4     : [2019.11.08-08.01.25:569][  0]LogAndroidEvents: Display: LogAndroidEvents::DequeueAppEvent : 12, 0, APP_EVENT_STATE_SAVE_STATE
11-08 17:01:25.569 23355 23371 D UE4     : [2019.11.08-08.01.25:569][  0]LogAndroidEvents: Display: LogAndroidEvents::DequeueAppEvent : 8, 0, APP_EVENT_STATE_ON_STOP
11-08 17:01:25.569 23355 23371 D UE4     : [2019.11.08-08.01.25:569][  0]LogAndroidEvents: Display: LogAndroidEvents::DequeueAppEvent : 11, 0, APP_EVENT_STATE_WINDOW_GAINED_FOCUS
11-08 17:01:25.765  1123  1224 E TaskPersister: File error accessing recents directory (directory doesn't exist?).
11-08 17:01:26.255   550   591 V AudioPolicyManagerCustom: getNewOutputDevice() selected device 0
11-08 17:01:26.255   550   591 V AudioPolicyManagerCustom: checkOutputForStrategy(): policy related outputs
11-08 17:01:26.387  2057  2192 W LibraryProvider: Cannot find entitlement for com.YourCompany.LastResisters
11-08 17:01:26.387  1826  5510 W OVRLibrary: null cursor received for query content://com.oculus.ocms.library/apps/com.YourCompany.LastResisters
11-08 17:01:26.387  1826  5510 I SDKLoggingService: Unable to find AppId for package (com.YourCompany.LastResisters)
11-08 17:01:26.444  1826  1836 I art     : Background sticky concurrent mark sweep GC freed 30394(2MB) AllocSpace objects, 0(0B) LOS objects, 36% free, 5MB/8MB, paused 10.884ms total 48.349ms
11-08 17:01:26.499 23355 23427 I Telemetry: App memory usage: PSS=340MB
11-08 17:01:26.502 23355 23427 I TrackingServiceClient: Implausible sensor time! pt = 935.16
11-08 17:01:26.502 23355 23427 I VrApi   : FPS=0,Prd=0ms,Tear=0,Early=0,Stale=0,VSnc=1,Lat=0,Fov=0,CPU4/GPU=0/0,300/257MHz,OC=FF,TA=0/0/0,SP=N/N/N,Mem=200MHz,Free=1426MB,PSM=0,PLS=0,Temp=29.0C/0.0C,TW=0.00ms,App=0.00ms,GD=0.00ms,CPU&GPU=0.00ms,LCnt=0,GPU%=-1.00,CPU%=-1.00(W-1.00)
11-08 17:01:27.040 23355 23433 D UE4     : [2019.11.08-08.01.27:039][  0]LogTcpMessaging: Started Connection to '127.0.0.1:38256'
11-08 17:01:27.041 23355 23433 D UE4     : [2019.11.08-08.01.27:040][  0]LogTcpMessaging: Discovered node 'F20EBD0448F82F52BC6D8A839A8CA3AB' on connection '127.0.0.1:38256'...
11-08 17:01:27.378 23355 23427 I TrackingServiceClient: Implausible sensor time! pt = 936.035
11-08 17:01:27.378 23355 23427 I VrApi   : FPS=0,Prd=0ms,Tear=0,Early=0,Stale=0,VSnc=1,Lat=0,Fov=0,CPU4/GPU=0/0,300/257MHz,OC=FF,TA=0/0/0,SP=N/N/N,Mem=200MHz,Free=1426MB,PSM=0,PLS=0,Temp=29.0C/0.0C,TW=0.00ms,App=0.00ms,GD=0.00ms,CPU&GPU=0.00ms,LCnt=0,GPU%=-1.00,CPU%=-1.00(W-1.00)
11-08 17:01:28.378 23355 23427 I TrackingServiceClient: Implausible sensor time! pt = 937.035
11-08 17:01:28.378 23355 23427 I VrApi   : FPS=0,Prd=0ms,Tear=0,Early=0,Stale=0,VSnc=1,Lat=0,Fov=0,CPU4/GPU=0/0,300/257MHz,OC=FF,TA=0/0/0,SP=N/N/N,Mem=200MHz,Free=1428MB,PSM=0,PLS=0,Temp=29.0C/0.0C,TW=0.00ms,App=0.00ms,GD=0.00ms,CPU&GPU=0.00ms,LCnt=0,GPU%=-1.00,CPU%=-1.00(W-1.00)
11-08 17:01:29.235   550   596 D audio_hw_primary: out_standby: enter: stream (0xeabd3780) usecase(1: low-latency-playback)
11-08 17:01:29.269   550   596 V audio_hw_primary: stop_output_stream: enter: usecase(1: low-latency-playback)
11-08 17:01:29.269   550   596 V audio_hw_primary: disable_audio_route: enter: usecase(1)
11-08 17:01:29.269   550   596 D audio_hw_primary: disable_audio_route: reset and update mixer path: low-latency-playback speaker
11-08 17:01:29.269   550   596 V audio_hw_primary: disable_audio_route: exit
11-08 17:01:29.270   550   596 D hardware_info: hw_info_append_hw_type : device_name = speaker
11-08 17:01:29.270   550   596 D audio_hw_primary: disable_snd_device: snd_device(2: speaker)
11-08 17:01:29.270   550   596 D msm8974_platform: platform_split_snd_device: snd_device(2) new_snd_devices (speaker)
11-08 17:01:29.272   550   596 V audio_hw_primary: stop_output_stream: exit: status(0)
11-08 17:01:29.272   550   596 D audio_hw_primary: out_standby: exit
11-08 17:01:29.373 23355 23427 I TrackingServiceClient: Implausible sensor time! pt = 938.03
11-08 17:01:29.373 23355 23427 I VrApi   : FPS=0,Prd=0ms,Tear=0,Early=0,Stale=0,VSnc=1,Lat=0,Fov=0,CPU4/GPU=0/0,2304/257MHz,OC=FF,TA=0/0/0,SP=N/N/N,Mem=200MHz,Free=1429MB,PSM=0,PLS=0,Temp=29.0C/0.0C,TW=0.00ms,App=0.00ms,GD=0.00ms,CPU&GPU=0.00ms,LCnt=0,GPU%=-1.00,CPU%=-1.00(W-1.00)
11-08 17:01:30.379 23355 23427 I TrackingServiceClient: Implausible sensor time! pt = 939.037
11-08 17:01:30.380 23355 23427 I VrApi   : FPS=0,Prd=0ms,Tear=0,Early=0,Stale=0,VSnc=1,Lat=0,Fov=0,CPU4/GPU=0/0,300/257MHz,OC=FF,TA=0/0/0,SP=N/N/N,Mem=200MHz,Free=1429MB,PSM=0,PLS=0,Temp=29.0C/0.0C,TW=0.00ms,App=0.00ms,GD=0.00ms,CPU&GPU=0.00ms,LCnt=0,GPU%=-1.00,CPU%=-1.00(W-1.00)
11-08 17:01:31.383 23355 23427 I TrackingServiceClient: Implausible sensor time! pt = 940.041
11-08 17:01:31.383 23355 23427 I VrApi   : FPS=0,Prd=0ms,Tear=0,Early=0,Stale=0,VSnc=1,Lat=0,Fov=0,CPU4/GPU=0/0,300/257MHz,OC=FF,TA=0/0/0,SP=N/N/N,Mem=200MHz,Free=1428MB,PSM=0,PLS=0,Temp=29.0C/0.0C,TW=0.00ms,App=0.00ms,GD=0.00ms,CPU&GPU=0.00ms,LCnt=0,GPU%=-1.00,CPU%=-1.00(W-1.00)
11-08 17:01:32.380 23355 23427 I TrackingServiceClient: Implausible sensor time! pt = 941.038
11-08 17:01:32.380 23355 23427 I VrApi   : FPS=0,Prd=0ms,Tear=0,Early=0,Stale=0,VSnc=1,Lat=0,Fov=0,CPU4/GPU=0/0,300/257MHz,OC=FF,TA=0/0/0,SP=N/N/N,Mem=200MHz,Free=1430MB,PSM=0,PLS=0,Temp=29.0C/0.0C,TW=0.00ms,App=0.00ms,GD=0.00ms,CPU&GPU=0.00ms,LCnt=0,GPU%=-1.00,CPU%=-1.00(W-1.00)
11-08 17:01:33.381 23355 23427 I TrackingServiceClient: Implausible sensor time! pt = 942.039
11-08 17:01:33.382 23355 23427 I VrApi   : FPS=0,Prd=0ms,Tear=0,Early=0,Stale=0,VSnc=1,Lat=0,Fov=0,CPU4/GPU=0/0,300/257MHz,OC=FF,TA=0/0/0,SP=N/N/N,Mem=200MHz,Free=1430MB,PSM=0,PLS=0,Temp=29.0C/0.0C,TW=0.00ms,App=0.00ms,GD=0.00ms,CPU&GPU=0.00ms,LCnt=0,GPU%=-1.00,CPU%=-1.00(W-1.00)
11-08 17:01:34.380 23355 23427 I TrackingServiceClient: Implausible sensor time! pt = 943.038
11-08 17:01:34.381 23355 23427 I VrApi   : FPS=0,Prd=0ms,Tear=0,Early=0,Stale=0,VSnc=1,Lat=0,Fov=0,CPU4/GPU=0/0,300/257MHz,OC=FF,TA=0/0/0,SP=N/N/N,Mem=200MHz,Free=1430MB,PSM=0,PLS=0,Temp=29.0C/0.0C,TW=0.00ms,App=0.00ms,GD=0.00ms,CPU&GPU=0.00ms,LCnt=0,GPU%=-1.00,CPU%=-1.00(W-1.00)
11-08 17:01:35.384 23355 23427 I TrackingServiceClient: Implausible sensor time! pt = 944.042
11-08 17:01:35.385 23355 23427 I VrApi   : FPS=0,Prd=0ms,Tear=0,Early=0,Stale=0,VSnc=1,Lat=0,Fov=0,CPU4/GPU=0/0,300/257MHz,OC=FF,TA=0/0/0,SP=N/N/N,Mem=200MHz,Free=1430MB,PSM=0,PLS=0,Temp=29.0C/0.0C,TW=0.00ms,App=0.00ms,GD=0.00ms,CPU&GPU=0.00ms,LCnt=0,GPU%=-1.00,CPU%=-1.00(W-1.00)
11-08 17:01:36.382 23355 23427 I TrackingServiceClient: Implausible sensor time! pt = 945.04
11-08 17:01:36.382 23355 23427 I VrApi   : FPS=0,Prd=0ms,Tear=0,Early=0,Stale=0,VSnc=1,Lat=0,Fov=0,CPU4/GPU=0/0,300/257MHz,OC=FF,TA=0/0/0,SP=N/N/N,Mem=200MHz,Free=1430MB,PSM=0,PLS=0,Temp=29.0C/0.0C,TW=0.00ms,App=0.00ms,GD=0.00ms,CPU&GPU=0.00ms,LCnt=0,GPU%=-1.00,CPU%=-1.00(W-1.00)
11-08 17:01:37.140   654   892 I OsSdk   : will wait 60 seconds before retrying
11-08 17:01:37.381 23355 23427 I TrackingServiceClient: Implausible sensor time! pt = 946.039
11-08 17:01:37.381 23355 23427 I VrApi   : FPS=0,Prd=0ms,Tear=0,Early=0,Stale=0,VSnc=1,Lat=0,Fov=0,CPU4/GPU=0/0,300/257MHz,OC=FF,TA=0/0/0,SP=N/N/N,Mem=200MHz,Free=1430MB,PSM=0,PLS=0,Temp=29.0C/0.0C,TW=0.00ms,App=0.00ms,GD=0.00ms,CPU&GPU=0.00ms,LCnt=0,GPU%=-1.00,CPU%=-1.00(W-1.00)
11-08 17:01:37.394  1563  1866 I OsSdk   : will wait 60 seconds before retrying
11-08 17:01:37.396  1968  2126 I OsSdk   : will wait 60 seconds before retrying
11-08 17:01:38.007  2171  2197 I OsSdk   : will wait 60 seconds before retrying
11-08 17:01:38.382 23355 23427 I TrackingServiceClient: Implausible sensor time! pt = 947.039
11-08 17:01:38.382 23355 23427 I VrApi   : FPS=0,Prd=0ms,Tear=0,Early=0,Stale=0,VSnc=1,Lat=0,Fov=0,CPU4/GPU=0/0,300/257MHz,OC=FF,TA=0/0/0,SP=N/N/N,Mem=200MHz,Free=1430MB,PSM=0,PLS=0,Temp=29.0C/0.0C,TW=0.00ms,App=0.00ms,GD=0.00ms,CPU&GPU=0.00ms,LCnt=0,GPU%=-1.00,CPU%=-1.00(W-1.00)
11-08 17:01:39.375 23355 23427 I TrackingServiceClient: Implausible sensor time! pt = 948.032
11-08 17:01:39.375 23355 23427 I VrApi   : FPS=0,Prd=0ms,Tear=0,Early=0,Stale=0,VSnc=1,Lat=0,Fov=0,CPU4/GPU=0/0,2304/257MHz,OC=FF,TA=0/0/0,SP=N/N/N,Mem=200MHz,Free=1430MB,PSM=0,PLS=0,Temp=29.0C/0.0C,TW=0.00ms,App=0.00ms,GD=0.00ms,CPU&GPU=0.00ms,LCnt=0,GPU%=-1.00,CPU%=-1.00(W-1.00)
11-08 17:01:39.724  1742  2113 I OsSdk   : will wait 60 seconds before retrying
11-08 17:01:40.383 23355 23427 I TrackingServiceClient: Implausible sensor time! pt = 949.04
11-08 17:01:40.383 23355 23427 I VrApi   : FPS=0,Prd=0ms,Tear=0,Early=0,Stale=0,VSnc=1,Lat=0,Fov=0,CPU4/GPU=0/0,300/257MHz,OC=FF,TA=0/0/0,SP=N/N/N,Mem=200MHz,Free=1430MB,PSM=0,PLS=0,Temp=29.0C/0.0C,TW=0.00ms,App=0.00ms,GD=0.00ms,CPU&GPU=0.00ms,LCnt=0,GPU%=-1.00,CPU%=-1.00(W-1.00)
11-08 17:01:41.382 23355 23427 I TrackingServiceClient: Implausible sensor time! pt = 950.039
11-08 17:01:41.382 23355 23427 I VrApi   : FPS=0,Prd=0ms,Tear=0,Early=0,Stale=0,VSnc=1,Lat=0,Fov=0,CPU4/GPU=0/0,300/257MHz,OC=FF,TA=0/0/0,SP=N/N/N,Mem=200MHz,Free=1430MB,PSM=0,PLS=0,Temp=29.0C/0.0C,TW=0.00ms,App=0.00ms,GD=0.00ms,CPU&GPU=0.00ms,LCnt=0,GPU%=-1.00,CPU%=-1.00(W-1.00)
11-08 17:01:41.627  1852  1984 I OsSdk   : will wait 60 seconds before retrying
11-08 17:01:42.381 23355 23427 I TrackingServiceClient: Implausible sensor time! pt = 951.039
11-08 17:01:42.382 23355 23427 I VrApi   : FPS=0,Prd=0ms,Tear=0,Early=0,Stale=0,VSnc=1,Lat=0,Fov=0,CPU4/GPU=0/0,300/257MHz,OC=FF,TA=0/0/0,SP=N/N/N,Mem=200MHz,Free=1431MB,PSM=0,PLS=0,Temp=29.0C/0.0C,TW=0.00ms,App=0.00ms,GD=0.00ms,CPU&GPU=0.00ms,LCnt=0,GPU%=-1.00,CPU%=-1.00(W-1.00)
11-08 17:01:43.381 23355 23427 I TrackingServiceClient: Implausible sensor time! pt = 952.039
11-08 17:01:43.381 23355 23427 I VrApi   : FPS=0,Prd=0ms,Tear=0,Early=0,Stale=0,VSnc=1,Lat=0,Fov=0,CPU4/GPU=0/0,300/257MHz,OC=FF,TA=0/0/0,SP=N/N/N,Mem=200MHz,Free=1431MB,PSM=0,PLS=0,Temp=29.0C/0.0C,TW=0.00ms,App=0.00ms,GD=0.00ms,CPU&GPU=0.00ms,LCnt=0,GPU%=-1.00,CPU%=-1.00(W-1.00)
11-08 17:01:44.384 23355 23427 I TrackingServiceClient: Implausible sensor time! pt = 953.041
11-08 17:01:44.384 23355 23427 I VrApi   : FPS=0,Prd=0ms,Tear=0,Early=0,Stale=0,VSnc=1,Lat=0,Fov=0,CPU4/GPU=0/0,300/257MHz,OC=FF,TA=0/0/0,SP=N/N/N,Mem=200MHz,Free=1431MB,PSM=0,PLS=0,Temp=29.0C/0.0C,TW=0.00ms,App=0.00ms,GD=0.00ms,CPU&GPU=0.00ms,LCnt=0,GPU%=-1.00,CPU%=-1.00(W-1.00)
11-08 17:01:44.906 23474 23474 W ifconfig: type=1400 audit(0.0:26): avc: denied { ioctl } for path="socket:[535291]" dev="sockfs" ino=535291 ioctlcmd=8927 scontext=u:r:shell:s0 tcontext=u:r:shell:s0 tclass=udp_socket permissive=0
11-08 17:01:44.906 23474 23474 W ifconfig: type=1400 audit(0.0:27): avc: denied { ioctl } for path="socket:[535291]" dev="sockfs" ino=535291 ioctlcmd=891d scontext=u:r:shell:s0 tcontext=u:r:shell:s0 tclass=udp_socket permissive=0
11-08 17:01:44.906 23474 23474 W ifconfig: type=1400 audit(0.0:28): avc: denied { ioctl } for path="socket:[535291]" dev="sockfs" ino=535291 ioctlcmd=8970 scontext=u:r:shell:s0 tcontext=u:r:shell:s0 tclass=udp_socket permissive=0
11-08 17:01:44.951 23355 23433 D UE4     : [2019.11.08-08.01.44:951][  0]LogTcpMessaging: Lost node 'F20EBD0448F82F52BC6D8A839A8CA3AB' on connection '127.0.0.1:38256'...
11-08 17:01:44.951 23355 23433 D UE4     : *** JavaEnvDestructor: 23433
11-08 17:01:44.952 23122 23127 D xrspd   : ep0 xrspd event DISABLE
11-08 17:01:44.952 23122 23130 E xrspd   : I/O error during file operation (op: read, len: 1024): No such device (19)
11-08 17:01:44.952 23122 23127 D xrspd   : streaming session stopped (2)
11-08 17:01:44.952 23122 23130 D xrspd   : Error while processing inbound data, will terminate participant: I/O error
11-08 17:01:44.952 23122 23132 E xrspd   : I/O error during file operation (op: write, len: 1024): No such device (19)
11-08 17:01:44.952 23122 23127 I xrspd   : calling XrspdHelperStopAsync...
11-08 17:01:44.952 23122 23130 D xrspd   : terminating participant...
11-08 17:01:44.952 23122 23130 D xrspd   : terminateSession: No active session
11-08 17:01:44.953 23122 23130 D xrspd   : destroying topic 1...
11-08 17:01:44.953 23122 23131 D xrspd   : sent transactional message INVITE
11-08 17:01:44.953 23122 23131 E xrspd   : failed to send invite for 'basic': I/O error (13)
11-08 17:01:44.953 23122 23131 D xrspd   : transitioning XrspSession state to Disconnected
11-08 17:01:44.953 23122 23127 D xrspd   : ep0 xrspd event UNBIND
11-08 17:01:44.953 23122 23480 D xrspd   : XrspdHelper stopping ...
11-08 17:01:44.953 23122 23480 D xrspd   : stopping XrspdHelper by terminating participant
11-08 17:01:44.953 23122 23480 D xrspd   : XrspParticipantTerminate() can only be called once.
11-08 17:01:44.953 23122 23480 D xrspd   : joining inbound thread...
11-08 17:01:44.953 23122 23480 W xrspd   : XrspdHelper inbound processing returned: I/O error (13)
11-08 17:01:44.953 23122 23480 D xrspd   : joining outbound thread...
11-08 17:01:44.953 23122 23480 W xrspd   : XrspdHelper outbound processing returned: I/O error (13)
11-08 17:01:44.953 23122 23480 D xrspd   : XrspdHelper stopped: invalid state (3)
11-08 17:01:44.953 23122 23480 D xrspd   : joining inbound thread...
11-08 17:01:44.953 23122 23480 D xrspd   : joining outbound thread...
11-08 17:01:44.953 23122 23480 I xrspd   : XrspdHelperStopAsync completed via callback.
11-08 17:01:44.960 23122 23127 D xrspd   : ep0 xrspd event BIND
11-08 17:01:45.261  1185  1185 D MtpReceiver: Received Usb Mtp state
11-08 17:01:45.262  1185  1185 D MtpReceiver: USB plugged in
11-08 17:01:45.262  1185  1185 D MtpReceiver: Starting Media Scan Service
11-08 17:01:45.262  1185  1185 W ContextImpl: Calling a method in the system process without a qualified user: android.app.ContextImpl.startService:1357 android.content.ContextWrapper.startService:613 android.content.ContextWrapper.startService:613 com.oculus.os.vrmtpapp.MtpReceiver.handleUsbState:83 com.oculus.os.vrmtpapp.MtpReceiver.onReceive:46 
11-08 17:01:45.278 23122 23127 D xrspd   : ep0 xrspd event ENABLE
11-08 17:01:45.278 23122 23127 I xrspd   : calling XrspdHelperStart
11-08 17:01:45.278 23122 23127 D xrspd   : XrspdHelper starting...
11-08 17:01:45.278 23122 23127 D xrspd   : XrspdHelper: create transport
11-08 17:01:45.280 23122 23127 D xrspd   : XrspdHelper started
11-08 17:01:45.280 23122 23490 D xrspd   : transitioning XrspSession state to InviteSent
11-08 17:01:45.280 23122 23490 D xrspd   : sending XrspSession invite for 'basic'
11-08 17:01:45.281 23122 23490 D xrspd   : trying to send transactional message INVITE
11-08 17:01:45.382  1185  1185 D MtpReceiver: Started Media Scan Service
11-08 17:01:45.382 23355 23427 I TrackingServiceClient: Implausible sensor time! pt = 954.04
11-08 17:01:45.383 23355 23427 I VrApi   : FPS=0,Prd=0ms,Tear=0,Early=0,Stale=0,VSnc=1,Lat=0,Fov=0,CPU4/GPU=0/0,300/257MHz,OC=FF,TA=0/0/0,SP=N/N/N,Mem=411MHz,Free=1428MB,PSM=0,PLS=0,Temp=29.0C/0.0C,TW=0.00ms,App=0.00ms,GD=0.00ms,CPU&GPU=0.00ms,LCnt=0,GPU%=-1.00,CPU%=-1.00(W-1.00)
11-08 17:01:45.394  1185  1185 D MtpReceiver: Received Usb Mtp state
11-08 17:01:45.394  1185  1185 D MtpReceiver: USB plugged in
11-08 17:01:45.402  2033  2033 D MtpService: starting MTP server in MTP mode
11-08 17:01:45.405  2033  2033 D MtpService: Adding MTP storage 0x10001 at /storage/emulated/0
11-08 17:01:45.812  2033 23488 D MediaProvider: object removed 28555
11-08 17:01:45.812  2033 23488 D MediaProvider: object removed 28556
11-08 17:01:45.812  2033 23488 D MediaProvider: object removed 28557
11-08 17:01:45.812  2033 23488 D MediaProvider: object removed 28558
11-08 17:01:45.813  2033 23488 D MediaProvider: object removed 28559
11-08 17:01:45.813  2033 23488 D MediaProvider: object removed 28560
11-08 17:01:45.816  2033 23488 D MediaProvider: object removed 28561
11-08 17:01:45.859  2033 23488 D MediaProvider: object removed 28562
11-08 17:01:45.859  2033 23488 D MediaProvider: object removed 28563
11-08 17:01:45.860  2033 23488 D MediaProvider: object removed 28564
