10-31 17:31:48.377   714 22247 W [CT]    : VIPER: Frame Tracking [0.0334309s]  exceeded camera sampling time [0.0333333s].
10-31 17:31:48.377 22129 22145 D UE4     : [2019.10.31-08.31.48:377][539]LogBlueprintUserMessages: [VRPawn_507] Hello
10-31 17:31:48.377 22129 22145 D UE4     : [2019.10.31-08.31.48:377][539]LogBlueprintUserMessages: [VRPawn_507] 9.904053
10-31 17:31:48.391 22129 22145 D UE4     : [2019.10.31-08.31.48:391][540]LogBlueprintUserMessages: [VRPawn_507] 40.162537
10-31 17:31:48.391 22129 22145 D UE4     : [2019.10.31-08.31.48:391][540]LogBlueprintUserMessages: [VRPawn_507] Hello
10-31 17:31:48.391 22129 22145 D UE4     : [2019.10.31-08.31.48:391][540]LogBlueprintUserMessages: [VRPawn_507] 9.730042
10-31 17:31:48.400 22129 22145 D UE4     : [2019.10.31-08.31.48:399][541]LogBlueprintUserMessages: [VRPawn_507] 40.134888
10-31 17:31:48.400 22129 22145 D UE4     : [2019.10.31-08.31.48:400][541]LogBlueprintUserMessages: [VRPawn_507] Hello
10-31 17:31:48.400 22129 22145 D UE4     : [2019.10.31-08.31.48:400][541]LogBlueprintUserMessages: [VRPawn_507] 9.67981
10-31 17:31:48.415 22129 22145 D UE4     : [2019.10.31-08.31.48:415][542]LogBlueprintUserMessages: [VRPawn_507] 40.112793
10-31 17:31:48.416 22129 22145 D UE4     : [2019.10.31-08.31.48:416][542]LogBlueprintUserMessages: [VRPawn_507] Hello
10-31 17:31:48.416 22129 22145 D UE4     : [2019.10.31-08.31.48:416][542]LogBlueprintUserMessages: [VRPawn_507] 9.637085
10-31 17:31:48.442 22129 22145 D UE4     : [2019.10.31-08.31.48:442][543]LogBlueprintUserMessages: [VRPawn_507] 40.036865
10-31 17:31:48.442 22129 22145 D UE4     : [2019.10.31-08.31.48:442][543]LogBlueprintUserMessages: [VRPawn_507] Hello
10-31 17:31:48.442 22129 22145 D UE4     : [2019.10.31-08.31.48:442][543]LogBlueprintUserMessages: [VRPawn_507] 9.646057
10-31 17:31:48.456 22129 22145 D UE4     : [2019.10.31-08.31.48:456][544]LogBlueprintUserMessages: [VRPawn_507] 40.035461
10-31 17:31:48.456 22129 22145 D UE4     : [2019.10.31-08.31.48:456][544]LogBlueprintUserMessages: [VRPawn_507] Hello
10-31 17:31:48.456 22129 22145 D UE4     : [2019.10.31-08.31.48:456][544]LogBlueprintUserMessages: [VRPawn_507] 9.721436
10-31 17:31:48.472 22129 22145 D UE4     : [2019.10.31-08.31.48:472][545]LogBlueprintUserMessages: [VRPawn_507] 39.990295
10-31 17:31:48.473 22129 22145 D UE4     : [2019.10.31-08.31.48:472][545]LogBlueprintUserMessages: [VRPawn_507] Hello
10-31 17:31:48.473 22129 22145 D UE4     : [2019.10.31-08.31.48:473][545]LogBlueprintUserMessages: [VRPawn_507] 9.785095
10-31 17:31:48.497 22129 22145 D UE4     : [2019.10.31-08.31.48:497][546]LogBlueprintUserMessages: [VRPawn_507] 39.88855
10-31 17:31:48.497 22129 22145 D UE4     : [2019.10.31-08.31.48:497][546]LogBlueprintUserMessages: [VRPawn_507] Hello
10-31 17:31:48.498 22129 22145 D UE4     : [2019.10.31-08.31.48:498][546]LogBlueprintUserMessages: [VRPawn_507] 9.826599
10-31 17:31:48.512 22129 22145 D UE4     : [2019.10.31-08.31.48:512][547]LogBlueprintUserMessages: [VRPawn_507] 39.721191
10-31 17:31:48.512 22129 22145 D UE4     : [2019.10.31-08.31.48:512][547]LogBlueprintUserMessages: [VRPawn_507] Hello
10-31 17:31:48.512 22129 22145 D UE4     : [2019.10.31-08.31.48:512][547]LogBlueprintUserMessages: [VRPawn_507] 9.726196
10-31 17:31:48.539 22129 22145 D UE4     : [2019.10.31-08.31.48:539][548]LogBlueprintUserMessages: [VRPawn_507] 39.60144
10-31 17:31:48.540 22129 22145 D UE4     : [2019.10.31-08.31.48:540][548]LogBlueprintUserMessages: [VRPawn_507] Hello
10-31 17:31:48.540 22129 22145 D UE4     : [2019.10.31-08.31.48:540][548]LogBlueprintUserMessages: [VRPawn_507] 9.72052
10-31 17:31:48.553 22129 22145 D UE4     : [2019.10.31-08.31.48:553][549]LogBlueprintUserMessages: [VRPawn_507] 39.444031
10-31 17:31:48.553 22129 22145 D UE4     : [2019.10.31-08.31.48:553][549]LogBlueprintUserMessages: [VRPawn_507] Hello
10-31 17:31:48.554 22129 22145 D UE4     : [2019.10.31-08.31.48:554][549]LogBlueprintUserMessages: [VRPawn_507] 9.624451
10-31 17:31:48.581 22129 22145 D UE4     : [2019.10.31-08.31.48:581][550]LogBlueprintUserMessages: [VRPawn_507] 39.249146
10-31 17:31:48.582 22129 22145 D UE4     : [2019.10.31-08.31.48:582][550]LogBlueprintUserMessages: [VRPawn_507] Hello
10-31 17:31:48.582 22129 22145 D UE4     : [2019.10.31-08.31.48:582][550]LogBlueprintUserMessages: [VRPawn_507] 9.645874
10-31 17:31:48.595 22129 22145 D UE4     : [2019.10.31-08.31.48:595][551]LogBlueprintUserMessages: [VRPawn_507] 39.108154
10-31 17:31:48.595 22129 22145 D UE4     : [2019.10.31-08.31.48:595][551]LogBlueprintUserMessages: [VRPawn_507] Hello
10-31 17:31:48.595 22129 22145 D UE4     : [2019.10.31-08.31.48:595][551]LogBlueprintUserMessages: [VRPawn_507] 9.616211
10-31 17:31:48.625 22129 22145 D UE4     : [2019.10.31-08.31.48:625][552]LogBlueprintUserMessages: [VRPawn_507] 38.95813
10-31 17:31:48.626 22129 22145 D UE4     : [2019.10.31-08.31.48:626][552]LogBlueprintUserMessages: [VRPawn_507] Hello
10-31 17:31:48.626 22129 22145 D UE4     : [2019.10.31-08.31.48:626][552]LogBlueprintUserMessages: [VRPawn_507] 9.701233
10-31 17:31:48.637 22129 22145 D UE4     : [2019.10.31-08.31.48:637][553]LogBlueprintUserMessages: [VRPawn_507] 38.833069
10-31 17:31:48.637 22129 22145 D UE4     : [2019.10.31-08.31.48:637][553]LogBlueprintUserMessages: [VRPawn_507] Hello
10-31 17:31:48.637 22129 22145 D UE4     : [2019.10.31-08.31.48:637][553]LogBlueprintUserMessages: [VRPawn_507] 9.760254
10-31 17:31:48.649   714 22247 I [CT]    : HealthReport: ==================================================
10-31 17:31:48.649   714 22247 I [CT]    : Health Report
10-31 17:31:48.649   714 22247 I [CT]    : -------------
10-31 17:31:48.649   714 22247 I [CT]    : 
10-31 17:31:48.649   714 22247 I [CT]    : Reporter #1 (InsideOutHealthMonitor) summary:
10-31 17:31:48.649   714 22247 I [CT]    : Camera: Total Dropped: 0.000000, Total Frame Count: 4728 (0.000000%), Camera Reset Count: 0
10-31 17:31:48.649   714 22247 I [CT]    : Camera: Total Single Camera Frame Dropped: 0, Total Frame Count: 4728 (0.000000%)
10-31 17:31:48.649   714 22247 I [CT]    : IMU: Total Dropped: 0.000000, Total Sample Count: 230499 (0.000000%)
10-31 17:31:48.649   714 22247 I [CT]    : Magnetometer: Total Dropped: 0.000000, Total Sample Count: 6915 (0.000000%)
10-31 17:31:48.649   714 22247 I [CT]    : 
10-31 17:31:48.649   714 22247 I [CT]    : Reporter #1 (InsideOutHealthMonitor) Passed
10-31 17:31:48.649   714 22247 I [CT]    : --------------------------------------------------
10-31 17:31:48.649   714 22247 I [CT]    : Reporter #2 (ConstellationHealthMonitor) summary:
10-31 17:31:48.649   714 22247 I [CT]    : Camera: Total Dropped: 0.000000, Total Frame Count: 4730 (0.000000%), Camera Reset Count: 2
10-31 17:31:48.649   714 22247 I [CT]    : Camera: Total Single Camera Frame Dropped: 0, Total Frame Count: 4730 (0.000000%)
10-31 17:31:48.649   714 22247 I [CT]    : Controller 3669952633402657438:
10-31 17:31:48.649   714 22247 I [CT]    : IMU: Capture period exceeded threshold.  Largest period: 5.081963 sec
10-31 17:31:48.649   714 22247 I [CT]    : Controllers may have been sleeping
10-31 17:31:48.649   714 22247 I [CT]    : IMU: Total Dropped: 0.000000, Total Sample Count: 112781.225500 (0.000000%)
10-31 17:31:48.649   714 22247 I [CT]    : Controller 16572054001761934198
10-31 17:31:48.651 22129 22145 D UE4     : [2019.10.31-08.31.48:651][554]LogBlueprintUserMessages: [VRPawn_507] 38.746277
10-31 17:31:48.652 22129 22145 D UE4     : [2019.10.31-08.31.48:652][554]LogBlueprintUserMessages: [VRPawn_507] Hello
10-31 17:31:48.652 22129 22145 D UE4     : [2019.10.31-08.31.48:652][554]LogBlueprintUserMessages: [VRPawn_507] 9.890625
10-31 17:31:48.679 22129 22145 D UE4     : [2019.10.31-08.31.48:679][555]LogBlueprintUserMessages: [VRPawn_507] 38.63446
10-31 17:31:48.679 22129 22145 D UE4     : [2019.10.31-08.31.48:679][555]LogBlueprintUserMessages: [VRPawn_507] Hello
10-31 17:31:48.679 22129 22145 D UE4     : [2019.10.31-08.31.48:679][555]LogBlueprintUserMessages: [VRPawn_507] 10.258057
10-31 17:31:48.690 24503 24503 W ifconfig: type=1400 audit(0.0:37): avc: denied { ioctl } for path="socket:[477940]" dev="sockfs" ino=477940 ioctlcmd=8927 scontext=u:r:shell:s0 tcontext=u:r:shell:s0 tclass=udp_socket permissive=0
10-31 17:31:48.690 24503 24503 W ifconfig: type=1400 audit(0.0:38): avc: denied { ioctl } for path="socket:[477940]" dev="sockfs" ino=477940 ioctlcmd=891d scontext=u:r:shell:s0 tcontext=u:r:shell:s0 tclass=udp_socket permissive=0
10-31 17:31:48.690 24503 24503 W ifconfig: type=1400 audit(0.0:39): avc: denied { ioctl } for path="socket:[477940]" dev="sockfs" ino=477940 ioctlcmd=8970 scontext=u:r:shell:s0 tcontext=u:r:shell:s0 tclass=udp_socket permissive=0
10-31 17:31:48.693 22129 22145 D UE4     : [2019.10.31-08.31.48:693][556]LogBlueprintUserMessages: [VRPawn_507] 38.704651
10-31 17:31:48.693 22129 22145 D UE4     : [2019.10.31-08.31.48:693][556]LogBlueprintUserMessages: [VRPawn_507] Hello
10-31 17:31:48.693 22129 22145 D UE4     : [2019.10.31-08.31.48:693][556]LogBlueprintUserMessages: [VRPawn_507] 10.634521
10-31 17:31:48.720 22129 22145 D UE4     : [2019.10.31-08.31.48:720][557]LogBlueprintUserMessages: [VRPawn_507] 38.5672
10-31 17:31:48.720 22129 22145 D UE4     : [2019.10.31-08.31.48:720][557]LogBlueprintUserMessages: [VRPawn_507] Hello
10-31 17:31:48.721 22129 22145 D UE4     : [2019.10.31-08.31.48:721][557]LogBlueprintUserMessages: [VRPawn_507] 11.35321
10-31 17:31:48.731 22129 22145 W InputDeviceManager: AddPairToDeviceListMapping called when index already exists in the vector index: 1,  id: 536870915
10-31 17:31:48.736 22129 22145 D UE4     : [2019.10.31-08.31.48:736][558]LogBlueprintUserMessages: [VRPawn_507] 38.698242
10-31 17:31:48.736 22129 22145 D UE4     : [2019.10.31-08.31.48:736][558]LogBlueprintUserMessages: [VRPawn_507] Hello
10-31 17:31:48.736 22129 22145 D UE4     : [2019.10.31-08.31.48:736][558]LogBlueprintUserMessages: [VRPawn_507] 11.964478
10-31 17:31:48.753 22129 22778 D UE4     : [2019.10.31-08.31.48:753][559]LogTcpMessaging: Lost node '58B3BF1F44AB069878D38085C8A95862' on connection '127.0.0.1:47486'...
10-31 17:31:48.753 22129 22778 D UE4     : *** JavaEnvDestructor: 22778
10-31 17:31:48.754 19781 19793 E xrspd   : I/O error during file operation (op: write, len: 1024): No such device (19)
10-31 17:31:48.754 19781 19786 D xrspd   : ep0 xrspd event UNBIND
10-31 17:31:48.754 22129 22136 W art     : Receiving file descriptor from ADB failed (socket 30): Connection reset by peer
10-31 17:31:48.756 19781 19791 E xrspd   : I/O error during file operation (op: read, len: 1024): No such device (19)
10-31 17:31:48.756 19781 19791 D xrspd   : Error while processing inbound data, will terminate participant: I/O error
10-31 17:31:48.756 19781 19791 D xrspd   : terminating participant...
10-31 17:31:48.756 19781 19791 D xrspd   : terminateSession: No active session
10-31 17:31:48.756 19781 19791 D xrspd   : destroying topic 1...
10-31 17:31:48.756 19781 19792 D xrspd   : sent transactional message INVITE
10-31 17:31:48.756 19781 19792 E xrspd   : failed to send invite for 'basic': I/O error (13)
10-31 17:31:48.756 19781 19792 D xrspd   : transitioning XrspSession state to Disconnected
10-31 17:31:48.765 22129 22145 D UE4     : [2019.10.31-08.31.48:765][559]LogBlueprintUserMessages: [VRPawn_507] 38.823059
10-31 17:31:48.766 22129 22145 D UE4     : [2019.10.31-08.31.48:766][559]LogBlueprintUserMessages: [VRPawn_507] Hello
10-31 17:31:48.766 22129 22145 D UE4     : [2019.10.31-08.31.48:766][559]LogBlueprintUserMessages: [VRPawn_507] 13.026611
10-31 17:31:48.777 22129 22145 D UE4     : [2019.10.31-08.31.48:777][560]LogBlueprintUserMessages: [VRPawn_507] 39.010681
10-31 17:31:48.777 22129 22145 D UE4     : [2019.10.31-08.31.48:777][560]LogBlueprintUserMessages: [VRPawn_507] Hello
10-31 17:31:48.777 22129 22145 D UE4     : [2019.10.31-08.31.48:777][560]LogBlueprintUserMessages: [VRPawn_507] 13.697754
10-31 17:31:48.784 19781 19786 D xrspd   : ep0 xrspd event BIND
10-31 17:31:48.804 22129 22145 D UE4     : [2019.10.31-08.31.48:804][561]LogBlueprintUserMessages: [VRPawn_507] 38.886841
10-31 17:31:48.804 22129 22145 D UE4     : [2019.10.31-08.31.48:804][561]LogBlueprintUserMessages: [VRPawn_507] Hello
10-31 17:31:48.805 22129 22145 D UE4     : [2019.10.31-08.31.48:805][561]LogBlueprintUserMessages: [VRPawn_507] 14.635071
10-31 17:31:48.819 22129 22145 D UE4     : [2019.10.31-08.31.48:819][562]LogBlueprintUserMessages: [VRPawn_507] 38.843384
10-31 17:31:48.819 22129 22145 D UE4     : [2019.10.31-08.31.48:819][562]LogBlueprintUserMessages: [VRPawn_507] Hello
10-31 17:31:48.819 22129 22145 D UE4     : [2019.10.31-08.31.48:819][562]LogBlueprintUserMessages: [VRPawn_507] 15.134155
10-31 17:31:48.832 22129 22145 D UE4     : [2019.10.31-08.31.48:832][563]LogBlueprintUserMessages: [VRPawn_507] 38.904053
10-31 17:31:48.832 22129 22145 D UE4     : [2019.10.31-08.31.48:832][563]LogBlueprintUserMessages: [VRPawn_507] Hello
10-31 17:31:48.832 22129 22145 D UE4     : [2019.10.31-08.31.48:832][563]LogBlueprintUserMessages: [VRPawn_507] 15.559082
10-31 17:31:48.856 22129 22145 W InputDeviceManager: AddPairToDeviceListMapping called when index already exists in the vector index: 1,  id: 536870915
10-31 17:31:48.859 22129 22145 D UE4     : [2019.10.31-08.31.48:859][564]LogBlueprintUserMessages: [VRPawn_507] 38.896057
10-31 17:31:48.860 22129 22145 D UE4     : [2019.10.31-08.31.48:860][564]LogBlueprintUserMessages: [VRPawn_507] Hello
10-31 17:31:48.860 22129 22145 D UE4     : [2019.10.31-08.31.48:860][564]LogBlueprintUserMessages: [VRPawn_507] 16.231079
10-31 17:31:48.873 22129 22145 D UE4     : [2019.10.31-08.31.48:873][565]LogBlueprintUserMessages: [VRPawn_507] 38.962463
10-31 17:31:48.873 22129 22145 D UE4     : [2019.10.31-08.31.48:873][565]LogBlueprintUserMessages: [VRPawn_507] Hello
10-31 17:31:48.873 22129 22145 D UE4     : [2019.10.31-08.31.48:873][565]LogBlueprintUserMessages: [VRPawn_507] 16.554077
10-31 17:31:48.903 22129 22145 D UE4     : [2019.10.31-08.31.48:903][566]LogBlueprintUserMessages: [VRPawn_507] 38.838257
10-31 17:31:48.903 22129 22145 D UE4     : [2019.10.31-08.31.48:903][566]LogBlueprintUserMessages: [VRPawn_507] Hello
10-31 17:31:48.903 22129 22145 D UE4     : [2019.10.31-08.31.48:903][566]LogBlueprintUserMessages: [VRPawn_507] 16.880798
10-31 17:31:48.916 22129 22145 D UE4     : [2019.10.31-08.31.48:916][567]LogBlueprintUserMessages: [VRPawn_507] 38.961853
10-31 17:31:48.916 22129 22145 D UE4     : [2019.10.31-08.31.48:916][567]LogBlueprintUserMessages: [VRPawn_507] Hello
10-31 17:31:48.916 22129 22145 D UE4     : [2019.10.31-08.31.48:916][567]LogBlueprintUserMessages: [VRPawn_507] 17.215332
10-31 17:31:48.943 22129 22145 D UE4     : [2019.10.31-08.31.48:943][568]LogBlueprintUserMessages: [VRPawn_507] 39.021606
10-31 17:31:48.944 22129 22145 D UE4     : [2019.10.31-08.31.48:944][568]LogBlueprintUserMessages: [VRPawn_507] Hello
10-31 17:31:48.944 22129 22145 D UE4     : [2019.10.31-08.31.48:944][568]LogBlueprintUserMessages: [VRPawn_507] 17.465271
10-31 17:31:48.957 22129 22145 D UE4     : [2019.10.31-08.31.48:957][569]LogBlueprintUserMessages: [VRPawn_507] 39.20166
10-31 17:31:48.958 22129 22145 D UE4     : [2019.10.31-08.31.48:958][569]LogBlueprintUserMessages: [VRPawn_507] Hello
10-31 17:31:48.958 22129 22145 D UE4     : [2019.10.31-08.31.48:958][569]LogBlueprintUserMessages: [VRPawn_507] 17.716187
10-31 17:31:48.985 22129 22145 D UE4     : [2019.10.31-08.31.48:985][570]LogBlueprintUserMessages: [VRPawn_507] 39.271606
10-31 17:31:48.985 22129 22145 D UE4     : [2019.10.31-08.31.48:985][570]LogBlueprintUserMessages: [VRPawn_507] Hello
10-31 17:31:48.985 22129 22145 D UE4     : [2019.10.31-08.31.48:985][570]LogBlueprintUserMessages: [VRPawn_507] 17.977905
10-31 17:31:48.999 22129 22145 D UE4     : [2019.10.31-08.31.48:999][571]LogBlueprintUserMessages: [VRPawn_507] 39.4505
10-31 17:31:49.000 22129 22145 D UE4     : [2019.10.31-08.31.49:000][571]LogBlueprintUserMessages: [VRPawn_507] Hello
10-31 17:31:49.000 22129 22145 D UE4     : [2019.10.31-08.31.49:000][571]LogBlueprintUserMessages: [VRPawn_507] 18.237976
10-31 17:31:49.027 22129 22145 D UE4     : [2019.10.31-08.31.49:027][572]LogBlueprintUserMessages: [VRPawn_507] 39.503174
10-31 17:31:49.027 22129 22145 D UE4     : [2019.10.31-08.31.49:027][572]LogBlueprintUserMessages: [VRPawn_507] Hello
10-31 17:31:49.027 22129 22145 D UE4     : [2019.10.31-08.31.49:027][572]LogBlueprintUserMessages: [VRPawn_507] 18.4422
10-31 17:31:49.041 22129 22145 D UE4     : [2019.10.31-08.31.49:041][573]LogBlueprintUserMessages: [VRPawn_507] 39.600525
10-31 17:31:49.041 22129 22145 D UE4     : [2019.10.31-08.31.49:041][573]LogBlueprintUserMessages: [VRPawn_507] Hello
10-31 17:31:49.042 22129 22145 D UE4     : [2019.10.31-08.31.49:042][573]LogBlueprintUserMessages: [VRPawn_507] 18.594727
10-31 17:31:49.069 22129 22145 D UE4     : [2019.10.31-08.31.49:069][574]LogBlueprintUserMessages: [VRPawn_507] 39.68927
10-31 17:31:49.069 22129 22145 D UE4     : [2019.10.31-08.31.49:069][574]LogBlueprintUserMessages: [VRPawn_507] Hello
10-31 17:31:49.070 22129 22145 D UE4     : [2019.10.31-08.31.49:070][574]LogBlueprintUserMessages: [VRPawn_507] 18.67865
10-31 17:31:49.074  1097  1395 I WifiHAL : event received NL80211_CMD_VENDOR, vendor_id = 0x1374, subcmd = 0x6a
10-31 17:31:49.083 22129 22145 D UE4     : [2019.10.31-08.31.49:083][575]LogBlueprintUserMessages: [VRPawn_507] 39.833862
10-31 17:31:49.083 22129 22145 D UE4     : [2019.10.31-08.31.49:083][575]LogBlueprintUserMessages: [VRPawn_507] Hello
10-31 17:31:49.083 22129 22145 D UE4     : [2019.10.31-08.31.49:083][575]LogBlueprintUserMessages: [VRPawn_507] 18.737
10-31 17:31:49.091  1097  1395 I WifiHAL : event received NL80211_CMD_VENDOR, vendor_id = 0x1374, subcmd = 0x6b
10-31 17:31:49.105 19781 19786 D xrspd   : ep0 xrspd event ENABLE
10-31 17:31:49.111 22129 22145 D UE4     : [2019.10.31-08.31.49:111][576]LogBlueprintUserMessages: [VRPawn_507] 39.93927
10-31 17:31:49.112 22129 22145 D UE4     : [2019.10.31-08.31.49:112][576]LogBlueprintUserMessages: [VRPawn_507] Hello
10-31 17:31:49.112 22129 22145 D UE4     : [2019.10.31-08.31.49:112][576]LogBlueprintUserMessages: [VRPawn_507] 18.546082
10-31 17:31:49.119  1097  1197 D WifiQualifiedNetworkSelector:: ==========start qualified Network Selection==========
10-31 17:31:49.119  1097  1197 D WifiQualifiedNetworkSelector:: Current network is: "F04WiFi01A" ,ID is: 1
10-31 17:31:49.119  1097  1197 D WifiQualifiedNetworkSelector:: Quit qualified Network Selection since it is not forced and current network is qualified already
10-31 17:31:49.124 22129 22145 D UE4     : [2019.10.31-08.31.49:124][577]LogBlueprintUserMessages: [VRPawn_507] 40.087158
10-31 17:31:49.125 22129 22145 D UE4     : [2019.10.31-08.31.49:125][577]LogBlueprintUserMessages: [VRPawn_507] Hello
10-31 17:31:49.125 22129 22145 D UE4     : [2019.10.31-08.31.49:125][577]LogBlueprintUserMessages: [VRPawn_507] 18.51355
10-31 17:31:49.154 22129 22145 D UE4     : [2019.10.31-08.31.49:154][578]LogBlueprintUserMessages: [VRPawn_507] 40.259521
10-31 17:31:49.154 22129 22145 D UE4     : [2019.10.31-08.31.49:154][578]LogBlueprintUserMessages: [VRPawn_507] Hello
10-31 17:31:49.154 22129 22145 D UE4     : [2019.10.31-08.31.49:154][578]LogBlueprintUserMessages: [VRPawn_507] 18.283936
10-31 17:31:49.167 22129 22145 D UE4     : [2019.10.31-08.31.49:167][579]LogBlueprintUserMessages: [VRPawn_507] 40.41864
10-31 17:31:49.167 22129 22145 D UE4     : [2019.10.31-08.31.49:167][579]LogBlueprintUserMessages: [VRPawn_507] Hello
10-31 17:31:49.167 22129 22145 D UE4     : [2019.10.31-08.31.49:167][579]LogBlueprintUserMessages: [VRPawn_507] 18.200012
10-31 17:31:49.184  1097  1555 I ActivityManager: Start proc 24529:com.oculus.os.vrmtpapp/1000 for broadcast com.oculus.os.vrmtpapp/.MtpReceiver
10-31 17:31:49.194 22129 22145 D UE4     : [2019.10.31-08.31.49:194][580]LogBlueprintUserMessages: [VRPawn_507] 40.629456
10-31 17:31:49.194 22129 22145 D UE4     : [2019.10.31-08.31.49:194][580]LogBlueprintUserMessages: [VRPawn_507] Hello
10-31 17:31:49.194 22129 22145 D UE4     : [2019.10.31-08.31.49:194][580]LogBlueprintUserMessages: [VRPawn_507] 17.936951
10-31 17:31:49.209 22129 22145 D UE4     : [2019.10.31-08.31.49:209][581]LogBlueprintUserMessages: [VRPawn_507] 40.772217
10-31 17:31:49.209 22129 22145 D UE4     : [2019.10.31-08.31.49:209][581]LogBlueprintUserMessages: [VRPawn_507] Hello
10-31 17:31:49.209 22129 22145 D UE4     : [2019.10.31-08.31.49:209][581]LogBlueprintUserMessages: [VRPawn_507] 17.831177
10-31 17:31:49.233 22129 22709 W InputDeviceManager: AddPairToDeviceListMapping called when index already exists in the vector index: 1,  id: 536870915
10-31 17:31:49.238  1097  1107 I art     : Background sticky concurrent mark sweep GC freed 43426(2MB) AllocSpace objects, 3(60KB) LOS objects, 31% free, 8MB/11MB, paused 4.037ms total 118.504ms
10-31 17:31:49.241 22129 22145 D UE4     : [2019.10.31-08.31.49:241][582]LogBlueprintUserMessages: [VRPawn_507] 40.86438
10-31 17:31:49.241 22129 22145 D UE4     : [2019.10.31-08.31.49:241][582]LogBlueprintUserMessages: [VRPawn_507] Hello
10-31 17:31:49.241 22129 22145 D UE4     : [2019.10.31-08.31.49:241][582]LogBlueprintUserMessages: [VRPawn_507] 17.599243
10-31 17:31:49.251 22129 22145 D UE4     : [2019.10.31-08.31.49:251][583]LogBlueprintUserMessages: [VRPawn_507] 40.944519
10-31 17:31:49.252 22129 22145 D UE4     : [2019.10.31-08.31.49:252][583]LogBlueprintUserMessages: [VRPawn_507] Hello
10-31 17:31:49.252 22129 22145 D UE4     : [2019.10.31-08.31.49:252][583]LogBlueprintUserMessages: [VRPawn_507] 17.533997
10-31 17:31:49.277 22129 22145 D UE4     : [2019.10.31-08.31.49:277][584]LogBlueprintUserMessages: [VRPawn_507] 41.111755
10-31 17:31:49.278 22129 22145 D UE4     : [2019.10.31-08.31.49:278][584]LogBlueprintUserMessages: [VRPawn_507] Hello
10-31 17:31:49.278 22129 22145 D UE4     : [2019.10.31-08.31.49:278][584]LogBlueprintUserMessages: [VRPawn_507] 17.432068
10-31 17:31:49.289   550  1235 V msm8974_platform: platform_get_parameters: exit: returns - snd_device_in=none
10-31 17:31:49.289   550  1235 V audio_hw_primary: adev_get_parameters: exit: returns - snd_device_in=none
10-31 17:31:49.289   550  1235 I hash_map_utils: key: 'snd_device_in' value: ''
10-31 17:31:49.290   550  1236 V msm8974_platform: platform_get_parameters: exit: returns - snd_device_out=speaker
10-31 17:31:49.290   550  1236 V audio_hw_primary: adev_get_parameters: exit: returns - snd_device_out=speaker
10-31 17:31:49.290   550  1236 I hash_map_utils: key: 'snd_device_out' value: ''
10-31 17:31:49.291 24529 24529 W System  : ClassLoader referenced unknown path: /system/priv-app/VrMtpApp/lib/arm64
10-31 17:31:49.291 22129 22145 D UE4     : [2019.10.31-08.31.49:291][585]LogBlueprintUserMessages: [VRPawn_507] 41.24176
10-31 17:31:49.291 22129 22701 I VrApi   : FPS=48,Prd=44ms,Tear=0,Early=0,Stale=70,VSnc=1,Lat=1,Fov=0,CPU4/GPU=4/4,2304/670MHz,OC=FF,TA=0/E0/E0,SP=N/F/F,Mem=1804MHz,Free=1381MB,PSM=0,PLS=0,Temp=31.0C/0.0C,TW=3.06ms,App=20.13ms,GD=0.00ms,CPU&GPU=26.58ms,LCnt=2,GPU%=0.92,CPU%=0.40(W0.43)
10-31 17:31:49.292 22129 22145 D UE4     : [2019.10.31-08.31.49:291][585]LogBlueprintUserMessages: [VRPawn_507] Hello
10-31 17:31:49.292 22129 22145 D UE4     : [2019.10.31-08.31.49:292][585]LogBlueprintUserMessages: [VRPawn_507] 17.377258
10-31 17:31:49.321 22129 22145 D UE4     : [2019.10.31-08.31.49:321][586]LogBlueprintUserMessages: [VRPawn_507] 41.60022
10-31 17:31:49.322 22129 22145 D UE4     : [2019.10.31-08.31.49:322][586]LogBlueprintUserMessages: [VRPawn_507] Hello
10-31 17:31:49.322 22129 22145 D UE4     : [2019.10.31-08.31.49:322][586]LogBlueprintUserMessages: [VRPawn_507] 17.340576
10-31 17:31:49.322 24529 24529 D MtpReceiver: Received Usb Mtp state
10-31 17:31:49.322 24529 24529 D MtpReceiver: USB plugged in
10-31 17:31:49.323 24529 24529 D MtpReceiver: Starting Media Scan Service
10-31 17:31:49.324 24529 24529 W ContextImpl: Calling a method in the system process without a qualified user: android.app.ContextImpl.startService:1357 android.content.ContextWrapper.startService:613 android.content.ContextWrapper.startService:613 com.oculus.os.vrmtpapp.MtpReceiver.handleUsbState:83 com.oculus.os.vrmtpapp.MtpReceiver.onReceive:46 
10-31 17:31:49.334 22129 22145 D UE4     : [2019.10.31-08.31.49:334][587]LogBlueprintUserMessages: [VRPawn_507] 41.714172
10-31 17:31:49.334 22129 22145 D UE4     : [2019.10.31-08.31.49:334][587]LogBlueprintUserMessages: [VRPawn_507] Hello
10-31 17:31:49.334 22129 22145 D UE4     : [2019.10.31-08.31.49:334][587]LogBlueprintUserMessages: [VRPawn_507] 17.309204
10-31 17:31:49.344 22129 22709 W InputDeviceManager: AddPairToDeviceListMapping called when index already exists in the vector index: 1,  id: 536870915
10-31 17:31:49.350 22129 22145 D UE4     : [2019.10.31-08.31.49:349][588]LogBlueprintUserMessages: [VRPawn_507] 41.81366
10-31 17:31:49.350 22129 22145 D UE4     : [2019.10.31-08.31.49:350][588]LogBlueprintUserMessages: [VRPawn_507] Hello
10-31 17:31:49.350 22129 22145 D UE4     : [2019.10.31-08.31.49:350][588]LogBlueprintUserMessages: [VRPawn_507] 17.310059
10-31 17:31:49.375 22129 22145 D UE4     : [2019.10.31-08.31.49:375][589]LogBlueprintUserMessages: [VRPawn_507] 42.10968
10-31 17:31:49.375 22129 22145 D UE4     : [2019.10.31-08.31.49:375][589]LogBlueprintUserMessages: [VRPawn_507] Hello
10-31 17:31:49.375 22129 22145 D UE4     : [2019.10.31-08.31.49:375][589]LogBlueprintUserMessages: [VRPawn_507] 17.323669
10-31 17:31:49.391 22129 22145 D UE4     : [2019.10.31-08.31.49:391][590]LogBlueprintUserMessages: [VRPawn_507] 42.24646
10-31 17:31:49.391 22129 22145 D UE4     : [2019.10.31-08.31.49:391][590]LogBlueprintUserMessages: [VRPawn_507] Hello
10-31 17:31:49.391 22129 22145 D UE4     : [2019.10.31-08.31.49:391][590]LogBlueprintUserMessages: [VRPawn_507] 17.278931
10-31 17:31:49.417 22129 22145 D UE4     : [2019.10.31-08.31.49:417][591]LogBlueprintUserMessages: [VRPawn_507] 42.491638
10-31 17:31:49.417 22129 22145 D UE4     : [2019.10.31-08.31.49:417][591]LogBlueprintUserMessages: [VRPawn_507] Hello
10-31 17:31:49.417 22129 22145 D UE4     : [2019.10.31-08.31.49:417][591]LogBlueprintUserMessages: [VRPawn_507] 17.283691
10-31 17:31:49.431 22129 22145 D UE4     : [2019.10.31-08.31.49:431][592]LogBlueprintUserMessages: [VRPawn_507] 42.597412
10-31 17:31:49.431 22129 22145 D UE4     : [2019.10.31-08.31.49:431][592]LogBlueprintUserMessages: [VRPawn_507] Hello
10-31 17:31:49.431 22129 22145 D UE4     : [2019.10.31-08.31.49:431][592]LogBlueprintUserMessages: [VRPawn_507] 17.314514
10-31 17:31:49.458 22129 22145 D UE4     : [2019.10.31-08.31.49:458][593]LogBlueprintUserMessages: [VRPawn_507] 42.414429
10-31 17:31:49.458 22129 22145 D UE4     : [2019.10.31-08.31.49:458][593]LogBlueprintUserMessages: [VRPawn_507] Hello
10-31 17:31:49.458 22129 22145 D UE4     : [2019.10.31-08.31.49:458][593]LogBlueprintUserMessages: [VRPawn_507] 17.344238
10-31 17:31:49.472 22129 22145 D UE4     : [2019.10.31-08.31.49:472][594]LogBlueprintUserMessages: [VRPawn_507] 42.440674
10-31 17:31:49.473 22129 22145 D UE4     : [2019.10.31-08.31.49:473][594]LogBlueprintUserMessages: [VRPawn_507] Hello
10-31 17:31:49.473 22129 22145 D UE4     : [2019.10.31-08.31.49:473][594]LogBlueprintUserMessages: [VRPawn_507] 17.265076
10-31 17:31:49.488 22129 22145 D UE4     : [2019.10.31-08.31.49:487][595]LogBlueprintUserMessages: [VRPawn_507] 42.486938
10-31 17:31:49.488 22129 22145 D UE4     : [2019.10.31-08.31.49:488][595]LogBlueprintUserMessages: [VRPawn_507] Hello
10-31 17:31:49.488 22129 22145 D UE4     : [2019.10.31-08.31.49:488][595]LogBlueprintUserMessages: [VRPawn_507] 17.211853
10-31 17:31:49.514 22129 22145 D UE4     : [2019.10.31-08.31.49:514][596]LogBlueprintUserMessages: [VRPawn_507] 42.400574
10-31 17:31:49.514 22129 22145 D UE4     : [2019.10.31-08.31.49:514][596]LogBlueprintUserMessages: [VRPawn_507] Hello
10-31 17:31:49.514 22129 22145 D UE4     : [2019.10.31-08.31.49:514][596]LogBlueprintUserMessages: [VRPawn_507] 17.16449
10-31 17:31:49.528 22129 22145 D UE4     : [2019.10.31-08.31.49:527][597]LogBlueprintUserMessages: [VRPawn_507] 42.189026
10-31 17:31:49.528 22129 22145 D UE4     : [2019.10.31-08.31.49:528][597]LogBlueprintUserMessages: [VRPawn_507] Hello
10-31 17:31:49.528 22129 22145 D UE4     : [2019.10.31-08.31.49:528][597]LogBlueprintUserMessages: [VRPawn_507] 17.089355
10-31 17:31:49.536 24529 24529 D MtpReceiver: Started Media Scan Service
10-31 17:31:49.556 22129 22145 D UE4     : [2019.10.31-08.31.49:556][598]LogBlueprintUserMessages: [VRPawn_507] 42.179443
10-31 17:31:49.556 22129 22145 D UE4     : [2019.10.31-08.31.49:556][598]LogBlueprintUserMessages: [VRPawn_507] Hello
10-31 17:31:49.556 22129 22145 D UE4     : [2019.10.31-08.31.49:556][598]LogBlueprintUserMessages: [VRPawn_507] 16.984863
10-31 17:31:49.567 22129 22709 W InputDeviceManager: AddPairToDeviceListMapping called when index already exists in the vector index: 1,  id: 536870915
10-31 17:31:49.571 22129 22145 D UE4     : [2019.10.31-08.31.49:570][599]LogBlueprintUserMessages: [VRPawn_507] 42.140259
10-31 17:31:49.571 22129 22145 D UE4     : [2019.10.31-08.31.49:571][599]LogBlueprintUserMessages: [VRPawn_507] Hello
10-31 17:31:49.571 24529 24529 D MtpReceiver: Received Usb Mtp state
10-31 17:31:49.571 22129 22145 D UE4     : [2019.10.31-08.31.49:571][599]LogBlueprintUserMessages: [VRPawn_507] 16.820984
10-31 17:31:49.571 24529 24529 D MtpReceiver: USB plugged in
10-31 17:31:49.592  2026  2026 D MtpService: starting MTP server in MTP mode
10-31 17:31:49.598 22129 22145 D UE4     : [2019.10.31-08.31.49:598][600]LogBlueprintUserMessages: [VRPawn_507] 42.176636
10-31 17:31:49.598 22129 22145 D UE4     : [2019.10.31-08.31.49:598][600]LogBlueprintUserMessages: [VRPawn_507] Hello
10-31 17:31:49.598 22129 22145 D UE4     : [2019.10.31-08.31.49:598][600]LogBlueprintUserMessages: [VRPawn_507] 16.576599
10-31 17:31:49.606  2026  2026 D MtpService: Adding MTP storage 0x10001 at /storage/emulated/0
10-31 17:31:49.611 22129 22145 D UE4     : [2019.10.31-08.31.49:611][601]LogBlueprintUserMessages: [VRPawn_507] 42.147034
10-31 17:31:49.611 22129 22145 D UE4     : [2019.10.31-08.31.49:611][601]LogBlueprintUserMessages: [VRPawn_507] Hello
10-31 17:31:49.611 22129 22145 D UE4     : [2019.10.31-08.31.49:611][601]LogBlueprintUserMessages: [VRPawn_507] 16.339539
10-31 17:31:49.640 22129 22145 D UE4     : [2019.10.31-08.31.49:640][602]LogBlueprintUserMessages: [VRPawn_507] 42.127014
10-31 17:31:49.640 22129 22145 D UE4     : [2019.10.31-08.31.49:640][602]LogBlueprintUserMessages: [VRPawn_507] Hello
10-31 17:31:49.640 22129 22145 D UE4     : [2019.10.31-08.31.49:640][602]LogBlueprintUserMessages: [VRPawn_507] 16.195496
10-31 17:31:49.656 22129 22145 D UE4     : [2019.10.31-08.31.49:656][603]LogBlueprintUserMessages: [VRPawn_507] 41.986694
10-31 17:31:49.656 22129 22145 D UE4     : [2019.10.31-08.31.49:656][603]LogBlueprintUserMessages: [VRPawn_507] Hello
10-31 17:31:49.656 22129 22145 D UE4     : [2019.10.31-08.31.49:656][603]LogBlueprintUserMessages: [VRPawn_507] 16.119202
10-31 17:31:49.669 22129 22145 D UE4     : [2019.10.31-08.31.49:669][604]LogBlueprintUserMessages: [VRPawn_507] 41.922974
10-31 17:31:49.669 22129 22145 D UE4     : [2019.10.31-08.31.49:669][604]LogBlueprintUserMessages: [VRPawn_507] Hello
10-31 17:31:49.669 22129 22145 D UE4     : [2019.10.31-08.31.49:669][604]LogBlueprintUserMessages: [VRPawn_507] 16.088806
10-31 17:31:49.695 22129 22145 D UE4     : [2019.10.31-08.31.49:695][605]LogBlueprintUserMessages: [VRPawn_507] 41.951294
10-31 17:31:49.695 22129 22145 D UE4     : [2019.10.31-08.31.49:695][605]LogBlueprintUserMessages: [VRPawn_507] Hello
10-31 17:31:49.695 22129 22145 D UE4     : [2019.10.31-08.31.49:695][605]LogBlueprintUserMessages: [VRPawn_507] 16.071045
10-31 17:31:49.709 22129 22145 D UE4     : [2019.10.31-08.31.49:709][606]LogBlueprintUserMessages: [VRPawn_507] 41.937988
10-31 17:31:49.709 22129 22145 D UE4     : [2019.10.31-08.31.49:709][606]LogBlueprintUserMessages: [VRPawn_507] Hello
10-31 17:31:49.709 22129 22145 D UE4     : [2019.10.31-08.31.49:709][606]LogBlueprintUserMessages: [VRPawn_507] 16.003723
10-31 17:31:49.738 22129 22145 D UE4     : [2019.10.31-08.31.49:737][607]LogBlueprintUserMessages: [VRPawn_507] 41.935852
10-31 17:31:49.738 22129 22145 D UE4     : [2019.10.31-08.31.49:738][607]LogBlueprintUserMessages: [VRPawn_507] Hello
10-31 17:31:49.738 22129 22145 D UE4     : [2019.10.31-08.31.49:738][607]LogBlueprintUserMessages: [VRPawn_507] 15.990295
10-31 17:31:49.751 22129 22145 D UE4     : [2019.10.31-08.31.49:751][608]LogBlueprintUserMessages: [VRPawn_507] 41.865601
10-31 17:31:49.751 22129 22145 D UE4     : [2019.10.31-08.31.49:751][608]LogBlueprintUserMessages: [VRPawn_507] Hello
10-31 17:31:49.751 22129 22145 D UE4     : [2019.10.31-08.31.49:751][608]LogBlueprintUserMessages: [VRPawn_507] 15.952271
10-31 17:31:49.778 22129 22145 D UE4     : [2019.10.31-08.31.49:778][609]LogBlueprintUserMessages: [VRPawn_507] 41.792603
10-31 17:31:49.778 22129 22145 D UE4     : [2019.10.31-08.31.49:778][609]LogBlueprintUserMessages: [VRPawn_507] Hello
10-31 17:31:49.778 22129 22145 D UE4     : [2019.10.31-08.31.49:778][609]LogBlueprintUserMessages: [VRPawn_507] 15.94043
10-31 17:31:49.796 22129 22145 D UE4     : [2019.10.31-08.31.49:796][610]LogBlueprintUserMessages: [VRPawn_507] 41.803833
10-31 17:31:49.796 22129 22145 D UE4     : [2019.10.31-08.31.49:796][610]LogBlueprintUserMessages: [VRPawn_507] Hello
10-31 17:31:49.796 22129 22145 D UE4     : [2019.10.31-08.31.49:796][610]LogBlueprintUserMessages: [VRPawn_507] 15.912964
10-31 17:31:49.807 22129 22145 D UE4     : [2019.10.31-08.31.49:807][611]LogBlueprintUserMessages: [VRPawn_507] 41.81604
10-31 17:31:49.807 22129 22145 D UE4     : [2019.10.31-08.31.49:807][611]LogBlueprintUserMessages: [VRPawn_507] Hello
10-31 17:31:49.807 22129 22145 D UE4     : [2019.10.31-08.31.49:807][611]LogBlueprintUserMessages: [VRPawn_507] 15.896545
10-31 17:31:49.836 22129 22145 D UE4     : [2019.10.31-08.31.49:836][612]LogBlueprintUserMessages: [VRPawn_507] 41.701233
10-31 17:31:49.836 22129 22145 D UE4     : [2019.10.31-08.31.49:836][612]LogBlueprintUserMessages: [VRPawn_507] Hello
10-31 17:31:49.836 22129 22145 D UE4     : [2019.10.31-08.31.49:836][612]LogBlueprintUserMessages: [VRPawn_507] 15.875183
10-31 17:31:49.852 22129 22145 D UE4     : [2019.10.31-08.31.49:852][613]LogBlueprintUserMessages: [VRPawn_507] 41.635193
10-31 17:31:49.853 22129 22145 D UE4     : [2019.10.31-08.31.49:853][613]LogBlueprintUserMessages: [VRPawn_507] Hello
10-31 17:31:49.853 22129 22145 D UE4     : [2019.10.31-08.31.49:853][613]LogBlueprintUserMessages: [VRPawn_507] 15.877869
10-31 17:31:49.877 22129 22145 D UE4     : [2019.10.31-08.31.49:877][614]LogBlueprintUserMessages: [VRPawn_507] 41.572144
10-31 17:31:49.877 22129 22145 D UE4     : [2019.10.31-08.31.49:877][614]LogBlueprintUserMessages: [VRPawn_507] Hello
10-31 17:31:49.877 22129 22145 D UE4     : [2019.10.31-08.31.49:877][614]LogBlueprintUserMessages: [VRPawn_507] 15.895325
10-31 17:31:49.889 22129 22145 D UE4     : [2019.10.31-08.31.49:889][615]LogBlueprintUserMessages: [VRPawn_507] 41.572266
10-31 17:31:49.890 22129 22145 D UE4     : [2019.10.31-08.31.49:890][615]LogBlueprintUserMessages: [VRPawn_507] Hello
10-31 17:31:49.890 22129 22145 D UE4     : [2019.10.31-08.31.49:890][615]LogBlueprintUserMessages: [VRPawn_507] 15.919739
10-31 17:31:49.905 22129 22145 D UE4     : [2019.10.31-08.31.49:905][616]LogBlueprintUserMessages: [VRPawn_507] 41.579163
10-31 17:31:49.906 22129 22145 D UE4     : [2019.10.31-08.31.49:905][616]LogBlueprintUserMessages: [VRPawn_507] Hello
10-31 17:31:49.906 22129 22145 D UE4     : [2019.10.31-08.31.49:906][616]LogBlueprintUserMessages: [VRPawn_507] 15.943909
10-31 17:31:49.932 22129 22145 D UE4     : [2019.10.31-08.31.49:932][617]LogBlueprintUserMessages: [VRPawn_507] 41.626465
10-31 17:31:49.932 22129 22145 D UE4     : [2019.10.31-08.31.49:932][617]LogBlueprintUserMessages: [VRPawn_507] Hello
10-31 17:31:49.932 22129 22145 D UE4     : [2019.10.31-08.31.49:932][617]LogBlueprintUserMessages: [VRPawn_507] 15.983521
10-31 17:31:49.948 22129 22145 D UE4     : [2019.10.31-08.31.49:948][618]LogBlueprintUserMessages: [VRPawn_507] 41.638916
10-31 17:31:49.948 22129 22145 D UE4     : [2019.10.31-08.31.49:948][618]LogBlueprintUserMessages: [VRPawn_507] Hello
10-31 17:31:49.948 22129 22145 D UE4     : [2019.10.31-08.31.49:948][618]LogBlueprintUserMessages: [VRPawn_507] 16.039429
10-31 17:31:49.975 22129 22145 D UE4     : [2019.10.31-08.31.49:975][619]LogBlueprintUserMessages: [VRPawn_507] 41.606812
10-31 17:31:49.975 22129 22145 D UE4     : [2019.10.31-08.31.49:975][619]LogBlueprintUserMessages: [VRPawn_507] Hello
10-31 17:31:49.975 22129 22145 D UE4     : [2019.10.31-08.31.49:975][619]LogBlueprintUserMessages: [VRPawn_507] 16.06842
10-31 17:31:49.989 22129 22145 D UE4     : [2019.10.31-08.31.49:988][620]LogBlueprintUserMessages: [VRPawn_507] 41.736633
10-31 17:31:49.989 22129 22145 D UE4     : [2019.10.31-08.31.49:989][620]LogBlueprintUserMessages: [VRPawn_507] Hello
10-31 17:31:49.989 22129 22145 D UE4     : [2019.10.31-08.31.49:989][620]LogBlueprintUserMessages: [VRPawn_507] 16.113831
10-31 17:31:49.995   714 18562 I [CT]    : Viper:Map_Manager: Saved map: 5c9cda66-709e-4775-93a8-ccba5cac6ad4
10-31 17:31:50.002 22129 22145 D UE4     : [2019.10.31-08.31.50:002][621]LogBlueprintUserMessages: [VRPawn_507] 41.828979
10-31 17:31:50.002 22129 22145 D UE4     : [2019.10.31-08.31.50:002][621]LogBlueprintUserMessages: [VRPawn_507] Hello
10-31 17:31:50.002 22129 22145 D UE4     : [2019.10.31-08.31.50:002][621]LogBlueprintUserMessages: [VRPawn_507] 16.129639
10-31 17:31:50.029 22129 22145 D UE4     : [2019.10.31-08.31.50:028][622]LogBlueprintUserMessages: [VRPawn_507] 41.79303
10-31 17:31:50.029 22129 22145 D UE4     : [2019.10.31-08.31.50:029][622]LogBlueprintUserMessages: [VRPawn_507] Hello
10-31 17:31:50.029 22129 22145 D UE4     : [2019.10.31-08.31.50:029][622]LogBlueprintUserMessages: [VRPawn_507] 16.123962
10-31 17:31:50.047 22129 22145 D UE4     : [2019.10.31-08.31.50:047][623]LogBlueprintUserMessages: [VRPawn_507] 41.725342
10-31 17:31:50.047 22129 22145 D UE4     : [2019.10.31-08.31.50:047][623]LogBlueprintUserMessages: [VRPawn_507] Hello
10-31 17:31:50.047 22129 22145 D UE4     : [2019.10.31-08.31.50:047][623]LogBlueprintUserMessages: [VRPawn_507] 16.09198
10-31 17:31:50.072 22129 22145 D UE4     : [2019.10.31-08.31.50:072][624]LogBlueprintUserMessages: [VRPawn_507] 41.426514
10-31 17:31:50.072 22129 22145 D UE4     : [2019.10.31-08.31.50:072][624]LogBlueprintUserMessages: [VRPawn_507] Hello
10-31 17:31:50.072 22129 22145 D UE4     : [2019.10.31-08.31.50:072][624]LogBlueprintUserMessages: [VRPawn_507] 15.940063
10-31 17:31:50.082   714 22247 I [CT]    : VIPER: Status=6DoF,TRACKING,KF=150,Inl=385,Pts=608,Jit=0.6mm,Issues(Cam/min=0.0,IMU/min=0.0),Exp=(5.4ms,g=4,I=96)(5.2ms,g=3,I=99)(5.4ms,g=4,I=99)(4.5ms,g=3,I=97)
10-31 17:31:50.085 22129 22145 D UE4     : [2019.10.31-08.31.50:085][625]LogBlueprintUserMessages: [VRPawn_507] 41.213928
10-31 17:31:50.085 22129 22145 D UE4     : [2019.10.31-08.31.50:085][625]LogBlueprintUserMessages: [VRPawn_507] Hello
10-31 17:31:50.085 22129 22145 D UE4     : [2019.10.31-08.31.50:085][625]LogBlueprintUserMessages: [VRPawn_507] 15.933411
10-31 17:31:50.099 22129 22145 D UE4     : [2019.10.31-08.31.50:099][626]LogBlueprintUserMessages: [VRPawn_507] 40.823669
10-31 17:31:50.099 22129 22145 D UE4     : [2019.10.31-08.31.50:099][626]LogBlueprintUserMessages: [VRPawn_507] Hello
10-31 17:31:50.099 22129 22145 D UE4     : [2019.10.31-08.31.50:099][626]LogBlueprintUserMessages: [VRPawn_507] 15.916382
10-31 17:31:50.127 22129 22145 D UE4     : [2019.10.31-08.31.50:126][627]LogBlueprintUserMessages: [VRPawn_507] 39.727051
10-31 17:31:50.127 22129 22145 D UE4     : [2019.10.31-08.31.50:127][627]LogBlueprintUserMessages: [VRPawn_507] Hello
10-31 17:31:50.127 22129 22145 D UE4     : [2019.10.31-08.31.50:127][627]LogBlueprintUserMessages: [VRPawn_507] 15.833374
10-31 17:31:50.140 22129 22145 D UE4     : [2019.10.31-08.31.50:140][628]LogBlueprintUserMessages: [VRPawn_507] 39.273621
10-31 17:31:50.141 22129 22145 D UE4     : [2019.10.31-08.31.50:141][628]LogBlueprintUserMessages: [VRPawn_507] Hello
10-31 17:31:50.141 22129 22145 D UE4     : [2019.10.31-08.31.50:141][628]LogBlueprintUserMessages: [VRPawn_507] 15.774475
10-31 17:31:50.169 22129 22145 D UE4     : [2019.10.31-08.31.50:169][629]LogBlueprintUserMessages: [VRPawn_507] 38.822449
10-31 17:31:50.169 22129 22145 D UE4     : [2019.10.31-08.31.50:169][629]LogBlueprintUserMessages: [VRPawn_507] Hello
10-31 17:31:50.169 22129 22145 D UE4     : [2019.10.31-08.31.50:169][629]LogBlueprintUserMessages: [VRPawn_507] 15.654907
10-31 17:31:50.183 22129 22145 D UE4     : [2019.10.31-08.31.50:183][630]LogBlueprintUserMessages: [VRPawn_507] 38.79126
10-31 17:31:50.183 22129 22145 D UE4     : [2019.10.31-08.31.50:183][630]LogBlueprintUserMessages: [VRPawn_507] Hello
10-31 17:31:50.183 22129 22145 D UE4     : [2019.10.31-08.31.50:183][630]LogBlueprintUserMessages: [VRPawn_507] 15.640869
10-31 17:31:50.196 22129 22145 D UE4     : [2019.10.31-08.31.50:196][631]LogBlueprintUserMessages: [VRPawn_507] 38.827393
10-31 17:31:50.196 22129 22145 D UE4     : [2019.10.31-08.31.50:196][631]LogBlueprintUserMessages: [VRPawn_507] Hello
10-31 17:31:50.196 22129 22145 D UE4     : [2019.10.31-08.31.50:196][631]LogBlueprintUserMessages: [VRPawn_507] 15.585449
10-31 17:31:50.224 22129 22145 D UE4     : [2019.10.31-08.31.50:224][632]LogBlueprintUserMessages: [VRPawn_507] 38.882812
10-31 17:31:50.224 22129 22145 D UE4     : [2019.10.31-08.31.50:224][632]LogBlueprintUserMessages: [VRPawn_507] Hello
10-31 17:31:50.224 22129 22145 D UE4     : [2019.10.31-08.31.50:224][632]LogBlueprintUserMessages: [VRPawn_507] 15.467224
10-31 17:31:50.241 22129 22145 D UE4     : [2019.10.31-08.31.50:241][633]LogBlueprintUserMessages: [VRPawn_507] 38.999512
10-31 17:31:50.241 22129 22145 D UE4     : [2019.10.31-08.31.50:241][633]LogBlueprintUserMessages: [VRPawn_507] Hello
10-31 17:31:50.241 22129 22145 D UE4     : [2019.10.31-08.31.50:241][633]LogBlueprintUserMessages: [VRPawn_507] 15.58313
10-31 17:31:50.267 22129 22145 D UE4     : [2019.10.31-08.31.50:267][634]LogBlueprintUserMessages: [VRPawn_507] 38.979736
10-31 17:31:50.268 22129 22145 D UE4     : [2019.10.31-08.31.50:268][634]LogBlueprintUserMessages: [VRPawn_507] Hello
10-31 17:31:50.268 22129 22145 D UE4     : [2019.10.31-08.31.50:268][634]LogBlueprintUserMessages: [VRPawn_507] 15.701294
10-31 17:31:50.284 22129 22145 D UE4     : [2019.10.31-08.31.50:283][635]LogBlueprintUserMessages: [VRPawn_507] 39.125305
10-31 17:31:50.284 22129 22145 D UE4     : [2019.10.31-08.31.50:284][635]LogBlueprintUserMessages: [VRPawn_507] Hello
10-31 17:31:50.284 22129 22145 D UE4     : [2019.10.31-08.31.50:284][635]LogBlueprintUserMessages: [VRPawn_507] 15.873901
10-31 17:31:50.290 22129 22701 I VrApi   : FPS=47,Prd=43ms,Tear=0,Early=0,Stale=68,VSnc=1,Lat=1,Fov=0,CPU4/GPU=4/4,2304/670MHz,OC=FF,TA=0/E0/E0,SP=N/F/F,Mem=1804MHz,Free=1379MB,PSM=0,PLS=0,Temp=31.0C/0.0C,TW=3.17ms,App=17.41ms,GD=0.00ms,CPU&GPU=25.42ms,LCnt=2,GPU%=0.92,CPU%=0.41(W0.45)
10-31 17:31:50.310 22129 22145 D UE4     : [2019.10.31-08.31.50:310][636]LogBlueprintUserMessages: [VRPawn_507] 39.199036
10-31 17:31:50.310 22129 22145 D UE4     : [2019.10.31-08.31.50:310][636]LogBlueprintUserMessages: [VRPawn_507] Hello
10-31 17:31:50.310 22129 22145 D UE4     : [2019.10.31-08.31.50:310][636]LogBlueprintUserMessages: [VRPawn_507] 15.844543
10-31 17:31:50.339 22129 22145 D UE4     : [2019.10.31-08.31.50:339][637]LogBlueprintUserMessages: [VRPawn_507] 39.553894
10-31 17:31:50.340 22129 22145 D UE4     : [2019.10.31-08.31.50:339][637]LogBlueprintUserMessages: [VRPawn_507] Hello
10-31 17:31:50.340 22129 22145 D UE4     : [2019.10.31-08.31.50:340][637]LogBlueprintUserMessages: [VRPawn_507] 15.907166
10-31 17:31:50.365 22129 22145 D UE4     : [2019.10.31-08.31.50:365][638]LogBlueprintUserMessages: [VRPawn_507] 39.976501
10-31 17:31:50.365 22129 22145 D UE4     : [2019.10.31-08.31.50:365][638]LogBlueprintUserMessages: [VRPawn_507] Hello
10-31 17:31:50.365 22129 22145 D UE4     : [2019.10.31-08.31.50:365][638]LogBlueprintUserMessages: [VRPawn_507] 16.059753
10-31 17:31:50.379 22129 22145 D UE4     : [2019.10.31-08.31.50:379][639]LogBlueprintUserMessages: [VRPawn_507] 40.346375
10-31 17:31:50.379 22129 22145 D UE4     : [2019.10.31-08.31.50:379][639]LogBlueprintUserMessages: [VRPawn_507] Hello
10-31 17:31:50.379 22129 22145 D UE4     : [2019.10.31-08.31.50:379][639]LogBlueprintUserMessages: [VRPawn_507] 16.248291
10-31 17:31:50.407 22129 22145 D UE4     : [2019.10.31-08.31.50:407][640]LogBlueprintUserMessages: [VRPawn_507] 40.60498
10-31 17:31:50.407 22129 22145 D UE4     : [2019.10.31-08.31.50:407][640]LogBlueprintUserMessages: [VRPawn_507] Hello
10-31 17:31:50.407 22129 22145 D UE4     : [2019.10.31-08.31.50:407][640]LogBlueprintUserMessages: [VRPawn_507] 16.067932
10-31 17:31:50.438 22129 22145 D UE4     : [2019.10.31-08.31.50:438][641]LogBlueprintUserMessages: [VRPawn_507] 40.966309
10-31 17:31:50.438 22129 22145 D UE4     : [2019.10.31-08.31.50:438][641]LogBlueprintUserMessages: [VRPawn_507] Hello
10-31 17:31:50.438 22129 22145 D UE4     : [2019.10.31-08.31.50:438][641]LogBlueprintUserMessages: [VRPawn_507] 16.072144
10-31 17:31:50.462 22129 22145 D UE4     : [2019.10.31-08.31.50:462][642]LogBlueprintUserMessages: [VRPawn_507] 41.238281
10-31 17:31:50.462 22129 22145 D UE4     : [2019.10.31-08.31.50:462][642]LogBlueprintUserMessages: [VRPawn_507] Hello
10-31 17:31:50.462 22129 22145 D UE4     : [2019.10.31-08.31.50:462][642]LogBlueprintUserMessages: [VRPawn_507] 16.107605
10-31 17:31:50.490 22129 22145 D UE4     : [2019.10.31-08.31.50:490][643]LogBlueprintUserMessages: [VRPawn_507] 41.407959
10-31 17:31:50.490 22129 22145 D UE4     : [2019.10.31-08.31.50:490][643]LogBlueprintUserMessages: [VRPawn_507] Hello
10-31 17:31:50.490 22129 22145 D UE4     : [2019.10.31-08.31.50:490][643]LogBlueprintUserMessages: [VRPawn_507] 16.015442
10-31 17:31:50.516   714 22247 I [CT]    : Viper:Map_Manager: State: TRACKING_PERSISTENT, UUID=5c9cda66-709e-4775-93a8-ccba5cac6ad4, Num. Persistent maps = 5,  Persistent maps:6deead67-4213-4151-aaf8-63de2ae4c2a9,5c9cda66-709e-4775-93a8-ccba5cac6ad4,fda60373-74c6-4496-b368-06c9baf27c06,c70d8cf4-996b-451f-86b0-2643913ef8eb,bb643b67-d579-4064-a1be-6f4d6ffd2343,, Ser. Disabled = 00000000-0000-0000-0000-000000000000
10-31 17:31:50.523 22129 22145 D UE4     : [2019.10.31-08.31.50:523][644]LogBlueprintUserMessages: [VRPawn_507] 41.538147
10-31 17:31:50.524 22129 22145 D UE4     : [2019.10.31-08.31.50:524][644]LogBlueprintUserMessages: [VRPawn_507] Hello
10-31 17:31:50.524 22129 22145 D UE4     : [2019.10.31-08.31.50:524][644]LogBlueprintUserMessages: [VRPawn_507] 15.933167
10-31 17:31:50.546 22129 22145 D UE4     : [2019.10.31-08.31.50:546][645]LogBlueprintUserMessages: [VRPawn_507] 41.740295
10-31 17:31:50.547 22129 22145 D UE4     : [2019.10.31-08.31.50:547][645]LogBlueprintUserMessages: [VRPawn_507] Hello
10-31 17:31:50.547 22129 22145 D UE4     : [2019.10.31-08.31.50:547][645]LogBlueprintUserMessages: [VRPawn_507] 16.076294
10-31 17:31:50.573 22129 22145 D UE4     : [2019.10.31-08.31.50:573][646]LogBlueprintUserMessages: [VRPawn_507] 41.948608
10-31 17:31:50.574 22129 22145 D UE4     : [2019.10.31-08.31.50:574][646]LogBlueprintUserMessages: [VRPawn_507] Hello
10-31 17:31:50.574 22129 22145 D UE4     : [2019.10.31-08.31.50:574][646]LogBlueprintUserMessages: [VRPawn_507] 16.380249
10-31 17:31:50.606 22129 22145 D UE4     : [2019.10.31-08.31.50:606][647]LogBlueprintUserMessages: [VRPawn_507] 42.206909
10-31 17:31:50.606 22129 22145 D UE4     : [2019.10.31-08.31.50:606][647]LogBlueprintUserMessages: [VRPawn_507] Hello
10-31 17:31:50.606 22129 22145 D UE4     : [2019.10.31-08.31.50:606][647]LogBlueprintUserMessages: [VRPawn_507] 16.630249
10-31 17:31:50.630 22129 22145 D UE4     : [2019.10.31-08.31.50:630][648]LogBlueprintUserMessages: [VRPawn_507] 42.469299
10-31 17:31:50.630 22129 22145 D UE4     : [2019.10.31-08.31.50:630][648]LogBlueprintUserMessages: [VRPawn_507] Hello
10-31 17:31:50.631 22129 22145 D UE4     : [2019.10.31-08.31.50:631][648]LogBlueprintUserMessages: [VRPawn_507] 16.884338
10-31 17:31:50.658 22129 22145 D UE4     : [2019.10.31-08.31.50:658][649]LogBlueprintUserMessages: [VRPawn_507] 42.713318
10-31 17:31:50.659 22129 22145 D UE4     : [2019.10.31-08.31.50:659][649]LogBlueprintUserMessages: [VRPawn_507] Hello
10-31 17:31:50.659 22129 22145 D UE4     : [2019.10.31-08.31.50:659][649]LogBlueprintUserMessages: [VRPawn_507] 17.236938
10-31 17:31:50.684 22129 22145 D UE4     : [2019.10.31-08.31.50:684][650]LogBlueprintUserMessages: [VRPawn_507] 42.956238
10-31 17:31:50.685 22129 22145 D UE4     : [2019.10.31-08.31.50:685][650]LogBlueprintUserMessages: [VRPawn_507] Hello
10-31 17:31:50.685 22129 22145 D UE4     : [2019.10.31-08.31.50:685][650]LogBlueprintUserMessages: [VRPawn_507] 17.594604
10-31 17:31:50.711 22129 22145 D UE4     : [2019.10.31-08.31.50:711][651]LogBlueprintUserMessages: [VRPawn_507] 43.232605
10-31 17:31:50.711 22129 22145 D UE4     : [2019.10.31-08.31.50:711][651]LogBlueprintUserMessages: [VRPawn_507] Hello
10-31 17:31:50.711 22129 22145 D UE4     : [2019.10.31-08.31.50:711][651]LogBlueprintUserMessages: [VRPawn_507] 17.891052
10-31 17:31:50.727 22129 22145 D UE4     : [2019.10.31-08.31.50:727][652]LogBlueprintUserMessages: [VRPawn_507] 43.425598
10-31 17:31:50.727 22129 22145 D UE4     : [2019.10.31-08.31.50:727][652]LogBlueprintUserMessages: [VRPawn_507] Hello
10-31 17:31:50.727 22129 22145 D UE4     : [2019.10.31-08.31.50:727][652]LogBlueprintUserMessages: [VRPawn_507] 18.058594
10-31 17:31:50.754 22129 22145 D UE4     : [2019.10.31-08.31.50:754][653]LogBlueprintUserMessages: [VRPawn_507] 43.570862
