10-29 18:40:38.771 27150 27167 D UE4     : Unregistering headset receiver
10-29 18:40:38.771  2170 27268 W libosutils: PipelineSignal::waitOnListener(): failed (lost connection to service?)
10-29 18:40:38.771  2170 27268 W libosutils: PipelineSignal::waitOnListener(): failed (lost connection to service?)
10-29 18:40:38.774  1867  2371 I OVRPlatform: [CurlHttpClient] Executing HTTP request: https://graph.oculus.com//v1.20/me?fields=current_party{id,leader{id},join_policy,users{id,alias,can_viewer_message,display_name,profile_url,profile_url_small,presence,presence_status,presence_app{id,package_name},presence_deeplink_message,presence_destination_api_name,presence_scoped_user_id,avatar_v2{avatar_image{uri}}},invited_users{id,alias,can_viewer_message,display_name,profile_url,profile_url_small,presence,presence_status,presence_app{id,package_name},presence_deeplink_message,presence_destination_api_name,presence_scoped_user_id,avatar_v2{avatar_image{uri}}}}&app_version=178455526
10-29 18:40:38.782  2170 27268 W libosutils: PipelineSignal::waitOnListener(): failed (lost connection to service?)
10-29 18:40:38.784  2170 27268 W libosutils: PipelineSignal::waitOnListener(): failed (lost connection to service?)
10-29 18:40:38.793 27150 27167 D UE4     : [2019.10.29-09.40.38:793][236]LogCore: Display: AppLifetime: Application will enter background
10-29 18:40:38.798  2170 27268 W libosutils: PipelineSignal::waitOnListener(): failed (lost connection to service?)
10-29 18:40:38.799  2170 27268 W libosutils: PipelineSignal::waitOnListener(): failed (lost connection to service?)
10-29 18:40:38.804 27150 27632 D UE4     : *** JavaEnvDestructor: 27632
10-29 18:40:38.815 27150 27631 D UE4     : AndroidEGL::ResetDisplay()
10-29 18:40:38.818  2170 27268 W libosutils: PipelineSignal::waitOnListener(): failed (lost connection to service?)
10-29 18:40:38.818  2170 27268 W libosutils: PipelineSignal::waitOnListener(): failed (lost connection to service?)
10-29 18:40:38.824  2170 27268 W libosutils: PipelineSignal::waitOnListener(): failed (lost connection to service?)
10-29 18:40:38.824  2170 27268 W libosutils: PipelineSignal::waitOnListener(): failed (lost connection to service?)
10-29 18:40:38.848  2170 27268 W libosutils: PipelineSignal::waitOnListener(): failed (lost connection to service?)
10-29 18:40:38.848  2170 27268 W libosutils: PipelineSignal::waitOnListener(): failed (lost connection to service?)
10-29 18:40:38.856 27150 27631 D UE4     : *** JavaEnvDestructor: 27631
10-29 18:40:38.860 27150 27167 D UE4     : [2019.10.29-09.40.38:860][236]LogTemp: Android pause audio
10-29 18:40:38.861 27150 27167 D UE4     : [2019.10.29-09.40.38:860][236]LogAudioMixerAndroid: Display: Suspending android audio renderer
10-29 18:40:38.861 27150 27167 D UE4     : Execution has been paused...
10-29 18:40:38.865  2170 27268 W libosutils: PipelineSignal::waitOnListener(): failed (lost connection to service?)
10-29 18:40:38.867  2170 27268 W libosutils: PipelineSignal::waitOnListener(): failed (lost connection to service?)
10-29 18:40:38.870 27150 27169 D UE4     : [2019.10.29-09.40.38:869][236]LogAndroid: Case APP_CMD_SAVE_STATE
10-29 18:40:38.870 27150 27169 D UE4     : LogAndroidEvents::EnqueueAppEvent : 12, 0, tid = 27169, APP_EVENT_STATE_SAVE_STATE
10-29 18:40:38.883  2170 27268 W libosutils: PipelineSignal::waitOnListener(): failed (lost connection to service?)
10-29 18:40:38.886  2170 27268 W libosutils: PipelineSignal::waitOnListener(): failed (lost connection to service?)
10-29 18:40:38.893  2170 27268 W libosutils: PipelineSignal::waitOnListener(): failed (lost connection to service?)
10-29 18:40:38.894  2170 27268 W libosutils: PipelineSignal::waitOnListener(): failed (lost connection to service?)
10-29 18:40:38.899 27150 27169 D UE4     : [2019.10.29-09.40.38:899][236]LogAndroid: Case APP_CMD_STOP
10-29 18:40:38.900  1867  1917 I [OAR] AudioSystem: Starting haptic hover1 on device 536870915
10-29 18:40:38.900  1867  1917 I [OAR] AudioMixer: Creating a new stream for client UiSound5
10-29 18:40:38.900  1867  1917 I [OAR] AudioMixer: PlaySoundEffect: 1554 samples at 22262.979241
10-29 18:40:38.900 27150 27169 D UE4     : LogAndroidEvents::EnqueueAppEvent : 8, 0, tid = 27169, APP_EVENT_STATE_ON_STOP
10-29 18:40:38.900 27150 27150 D UE4     : ==============> GameActive.onStop complete!
10-29 18:40:38.904 27150 27150 D UE4     : ==============> GameActive.onTrimMemory(TRIM_MEMORY_UI_HIDDEN) called!
10-29 18:40:38.905 27150 27150 V UE4-GameApplication: App in background
10-29 18:40:38.905 27150 27150 W ViewRootImpl[GameActivity]: Dropping event due to no window focus: MotionEvent { action=ACTION_DOWN, actionButton=0, id[0]=0, x[0]=1440.0, y[0]=800.0, toolType[0]=TOOL_TYPE_UNKNOWN, buttonState=0, metaState=META_CTRL_LEFT_ON|META_META_ON|META_META_LEFT_ON|META_SCROLL_LOCK_ON|0x01000000|0x04000000|0x20000000|0x40000000, flags=0x0, edgeFlags=0x0, pointerCount=1, historySize=0, eventTime=24091096, downTime=24091096, deviceId=0, source=0x2002 }
10-29 18:40:38.909  2170 27268 W libosutils: PipelineSignal::waitOnListener(): failed (lost connection to service?)
10-29 18:40:38.910  2170 27268 W libosutils: PipelineSignal::waitOnListener(): failed (lost connection to service?)
10-29 18:40:38.920  2170 27268 W libosutils: PipelineSignal::waitOnListener(): failed (lost connection to service?)
10-29 18:40:38.924  2170 27268 W libosutils: PipelineSignal::waitOnListener(): failed (lost connection to service?)
10-29 18:40:38.930 27150 27169 D UE4     : Case APP_CMD_TERM_WINDOW, tid = 27169
10-29 18:40:38.930 27150 27169 D UE4     : [2019.10.29-09.40.38:930][236]LogAndroid: Case APP_CMD_TERM_WINDOW
10-29 18:40:38.930 27150 27169 D UE4     : LogAndroidEvents::EnqueueAppEvent : 3, 0, tid = 27169, APP_EVENT_STATE_WINDOW_DESTROYED
10-29 18:40:38.931  1867  2375 I OVRPlatform: [HttpRequest] Request `me?fields=current_party{id,leader{id},join_policy,users{id,alias,can_viewer_message,display_name,profile_url,profile_url_small,presence,presence_status,presence_app{id,package_name},presence_deeplink_message,presence_destination_api_name,presence_scoped_user_id,avatar_v2{avatar_image{uri}}},invited_users{id,alias,can_viewer_message,display_name,profile_url,profile_url_small,presence,presence_status,presence_app{id,package_name},presence_deeplink_message,presence_destination_api_name,presence_scoped_user_id,avatar_v2{avatar_image{uri}}}}' (id: 24332) succeeded: {"id":"100526290914264"}
10-29 18:40:38.931  1867  2375 I OVRPlatform: [RequestStopwatch] HttpRequestAsync (me?fields=current_party{id,leader{id},join_policy,users{id,alias,can_viewer_message,display_name,profile_url,profile_url_small,presence,presence_status,presence_app{id,package_name},presence_deeplink_message,presence_destination_api_name,presence_scoped_user_id,avatar_v2{avatar_image{uri}}},invited_users{id,alias,can_viewer_message,display_name,profile_url,profile_url_small,presence,presence_status,presence_app{id,package_name},presence_deeplink_message,presence_destination_api_name,presence_scoped_user_id,avatar_v2{avatar_image{uri}}}}) took 156.7770 milliseconds
10-29 18:40:38.931  1867 27676 I [OAR] AudioMixer: Finishing mono effect
10-29 18:40:38.934  2170 27268 W libosutils: PipelineSignal::waitOnListener(): failed (lost connection to service?)
10-29 18:40:38.937  2170 27268 W libosutils: PipelineSignal::waitOnListener(): failed (lost connection to service?)
10-29 18:40:38.941  1867  1917 I [OAR] PartyManager: Party Response Parse Time: 0.023334ms
10-29 18:40:38.950  2170 27268 W libosutils: PipelineSignal::waitOnListener(): failed (lost connection to service?)
10-29 18:40:38.951  2170 27268 W libosutils: PipelineSignal::waitOnListener(): failed (lost connection to service?)
10-29 18:40:38.962  2170 27268 W libosutils: PipelineSignal::waitOnListener(): failed (lost connection to service?)
10-29 18:40:38.966  2170 27268 W libosutils: PipelineSignal::waitOnListener(): failed (lost connection to service?)
10-29 18:40:38.978  2170 27268 W libosutils: PipelineSignal::waitOnListener(): failed (lost connection to service?)
10-29 18:40:38.981  2170 27268 W libosutils: PipelineSignal::waitOnListener(): failed (lost connection to service?)
10-29 18:40:38.990  2170 27268 W libosutils: PipelineSignal::waitOnListener(): failed (lost connection to service?)
10-29 18:40:38.992  2170 27268 W libosutils: PipelineSignal::waitOnListener(): failed (lost connection to service?)
10-29 18:40:38.996 27150 27167 D UE4     : [2019.10.29-09.40.38:995][236]LogAndroidEvents: Display: LogAndroidEvents::DequeueAppEvent : 12, 0, APP_EVENT_STATE_SAVE_STATE
10-29 18:40:38.999 27150 27167 D UE4     : [2019.10.29-09.40.38:998][236]LogAndroidEvents: Display: LogAndroidEvents::DequeueAppEvent : 8, 0, APP_EVENT_STATE_ON_STOP
10-29 18:40:38.999 27150 27167 D UE4     : [2019.10.29-09.40.38:999][236]LogAndroidEvents: Display: LogAndroidEvents::DequeueAppEvent : 3, 0, APP_EVENT_STATE_WINDOW_DESTROYED
10-29 18:40:38.999 27150 27167 D UE4     : APP_EVENT_STATE_WINDOW_DESTROYED, 0, 0, 0
10-29 18:40:38.999 27150 27167 D UE4     : AndroidEGL::DestroyWindow()
10-29 18:40:38.999 27150 27167 D UE4     : AndroidEGL::UnBind()
10-29 18:40:38.999 27150 27167 D UE4     : AndroidEGL::ResetDisplay()
10-29 18:40:39.002 27150 27167 D UE4     : AndroidEGL::DestroySurface()
10-29 18:40:39.013  2170 27268 W libosutils: PipelineSignal::waitOnListener(): failed (lost connection to service?)
10-29 18:40:39.014  2170 27268 W libosutils: PipelineSignal::waitOnListener(): failed (lost connection to service?)
10-29 18:40:39.015 27150 27167 D UE4     : FAndroidAppEntry::DestroyWindow() called
10-29 18:40:39.033  1867 27674 I Telemetry: App memory usage: PSS=249MB
10-29 18:40:39.035  2170 27268 W libosutils: PipelineSignal::waitOnListener(): failed (lost connection to service?)
10-29 18:40:39.035  2170 27268 W libosutils: PipelineSignal::waitOnListener(): failed (lost connection to service?)
10-29 18:40:39.048  2170 27268 W libosutils: PipelineSignal::waitOnListener(): failed (lost connection to service?)
10-29 18:40:39.048  2170 27268 W libosutils: PipelineSignal::waitOnListener(): failed (lost connection to service?)
10-29 18:40:39.051   542   542 V msm8974_platform: platform_get_parameters: exit: returns - snd_device_in=none
10-29 18:40:39.051   542   542 V audio_hw_primary: adev_get_parameters: exit: returns - snd_device_in=none
10-29 18:40:39.051   542   542 I hash_map_utils: key: 'snd_device_in' value: ''
10-29 18:40:39.053  1867 27674 I VrApi   : FPS=2,Prd=0ms,Tear=1,Early=0,Stale=70,VSnc=1,Lat=1,Fov=0,CPU4/GPU=4/5,2304/710MHz,OC=FF,TA=0/E0/0,SP=N/F/N,Mem=1804MHz,Free=1077MB,PSM=0,PLS=0,Temp=35.0C/0.0C,TW=3.23ms,App=1.24ms,GD=0.86ms,CPU&GPU=33.92ms,LCnt=2,GPU%=0.48,CPU%=0.17(W0.21)
10-29 18:40:39.053   542   596 V msm8974_platform: platform_get_parameters: exit: returns - snd_device_out=speaker
10-29 18:40:39.053   542   596 V audio_hw_primary: adev_get_parameters: exit: returns - snd_device_out=speaker
10-29 18:40:39.053   542   596 I hash_map_utils: key: 'snd_device_out' value: ''
10-29 18:40:39.060  2170 27268 W libosutils: PipelineSignal::waitOnListener(): failed (lost connection to service?)
10-29 18:40:39.061  2170 27268 W libosutils: PipelineSignal::waitOnListener(): failed (lost connection to service?)
10-29 18:40:39.080  2170 27268 W libosutils: PipelineSignal::waitOnListener(): failed (lost connection to service?)
10-29 18:40:39.082  2170 27268 W libosutils: PipelineSignal::waitOnListener(): failed (lost connection to service?)
10-29 18:40:39.087  2170 27268 W libosutils: PipelineSignal::waitOnListener(): failed (lost connection to service?)
10-29 18:40:39.093  2170 27268 W libosutils: PipelineSignal::waitOnListener(): failed (lost connection to service?)
10-29 18:40:39.102  2170 27268 W libosutils: PipelineSignal::waitOnListener(): failed (lost connection to service?)
10-29 18:40:39.102  2170 27268 W libosutils: PipelineSignal::waitOnListener(): failed (lost connection to service?)
10-29 18:40:39.116  2170 27268 W libosutils: PipelineSignal::waitOnListener(): failed (lost connection to service?)
10-29 18:40:39.118  2170 27268 W libosutils: PipelineSignal::waitOnListener(): failed (lost connection to service?)
10-29 18:40:39.132  2170 27268 W libosutils: PipelineSignal::waitOnListener(): failed (lost connection to service?)
10-29 18:40:39.133  2170 27268 W libosutils: PipelineSignal::waitOnListener(): failed (lost connection to service?)
10-29 18:40:39.147   710 27312 I [CT]    : MANAGEMENT:CONSTELLATION: Status=GREEN,, Obj=16572054001761934198,6DOF=1,FusJit=0.02mm,Issues(Cam/min=  0,IMU/min=0), Obj=3669952633402657438,6DOF=1,FusJit=0.0mm,Issues(Cam/min=  0,IMU/min=0)
10-29 18:40:39.148  2170 27268 W libosutils: PipelineSignal::waitOnListener(): failed (lost connection to service?)
10-29 18:40:39.149  2170 27268 W libosutils: PipelineSignal::waitOnListener(): failed (lost connection to service?)
10-29 18:40:39.158  2170 27268 W libosutils: PipelineSignal::waitOnListener(): failed (lost connection to service?)
10-29 18:40:39.159  2170 27268 W libosutils: PipelineSignal::waitOnListener(): failed (lost connection to service?)
10-29 18:40:39.162   710 27313 I [CT]    : VIPER:RelocalizationManager: Relocalization step successful, adding estimate for validation.
10-29 18:40:39.162   710 27273 I [CT]    : VIPER: Resetting MapPatchProvider!
10-29 18:40:39.171  2170 27268 W libosutils: PipelineSignal::waitOnListener(): failed (lost connection to service?)
10-29 18:40:39.171  2170 27268 W libosutils: PipelineSignal::waitOnListener(): failed (lost connection to service?)
10-29 18:40:39.184  2170 27268 W libosutils: PipelineSignal::waitOnListener(): failed (lost connection to service?)
10-29 18:40:39.185  2170 27268 W libosutils: PipelineSignal::waitOnListener(): failed (lost connection to service?)
10-29 18:40:39.201  2170 27268 W libosutils: PipelineSignal::waitOnListener(): failed (lost connection to service?)
10-29 18:40:39.202  2170 27268 W libosutils: PipelineSignal::waitOnListener(): failed (lost connection to service?)
10-29 18:40:39.210  1810  1810 I PlatformPluginManager: enforcePartyChatStateConsistency - User not in a party.
10-29 18:40:39.211  1810  1810 I PlatformPluginManager: stopPartyChat
10-29 18:40:39.211  1810  1810 I PlatformPlugin: [PlatformPluginManager] Stopping party chat
10-29 18:40:39.218  2170 27268 W libosutils: PipelineSignal::waitOnListener(): failed (lost connection to service?)
10-29 18:40:39.218  2170 27268 W libosutils: PipelineSignal::waitOnListener(): failed (lost connection to service?)
10-29 18:40:39.227  2170 27268 W libosutils: PipelineSignal::waitOnListener(): failed (lost connection to service?)
10-29 18:40:39.229  2170 27268 W libosutils: PipelineSignal::waitOnListener(): failed (lost connection to service?)
10-29 18:40:39.235  1810  1821 I art     : Background sticky concurrent mark sweep GC freed 35276(2MB) AllocSpace objects, 2(40KB) LOS objects, 37% free, 4MB/7MB, paused 36.975ms total 595.874ms
10-29 18:40:39.241  2170 27268 W libosutils: PipelineSignal::waitOnListener(): failed (lost connection to service?)
10-29 18:40:39.245  2170 27268 W libosutils: PipelineSignal::waitOnListener(): failed (lost connection to service?)
10-29 18:40:39.251  2013  2131 W LibraryProvider: Cannot find entitlement for system
10-29 18:40:39.251  1453  2211 W OVRLibrary: null cursor received for query content://com.oculus.ocms.library/apps/system
10-29 18:40:39.254   710   956 I OsSdk   : will wait 60 seconds before retrying
10-29 18:40:39.254  2170 27268 W libosutils: PipelineSignal::waitOnListener(): failed (lost connection to service?)
10-29 18:40:39.255  2170 27268 W libosutils: PipelineSignal::waitOnListener(): failed (lost connection to service?)
10-29 18:40:39.269  2170 27268 W libosutils: PipelineSignal::waitOnListener(): failed (lost connection to service?)
10-29 18:40:39.270  2170 27268 W libosutils: PipelineSignal::waitOnListener(): failed (lost connection to service?)
10-29 18:40:39.275   710 27313 W [CT]    : VIPER: Frame Tracking [0.0497227s]  exceeded camera sampling time [0.0333333s].
10-29 18:40:39.283  2170 27268 W libosutils: PipelineSignal::waitOnListener(): failed (lost connection to service?)
10-29 18:40:39.283  2170 27268 W libosutils: PipelineSignal::waitOnListener(): failed (lost connection to service?)
10-29 18:40:39.296  2170 27268 W libosutils: PipelineSignal::waitOnListener(): failed (lost connection to service?)
10-29 18:40:39.302  2170 27268 W libosutils: PipelineSignal::waitOnListener(): failed (lost connection to service?)
10-29 18:40:39.311  2170 27268 W libosutils: PipelineSignal::waitOnListener(): failed (lost connection to service?)
10-29 18:40:39.322  2170 27268 W libosutils: PipelineSignal::waitOnListener(): failed (lost connection to service?)
10-29 18:40:39.348  2170 27268 W libosutils: PipelineSignal::waitOnListener(): failed (lost connection to service?)
10-29 18:40:39.349  2170 27268 W libosutils: PipelineSignal::waitOnListener(): failed (lost connection to service?)
10-29 18:40:39.362   710 27313 I [CT]    : VIPER:RelocalizationManager: Validation step successful (1) doing another validation.
10-29 18:40:39.362   710 27273 I [CT]    : VIPER: Resetting MapPatchProvider!
10-29 18:40:39.366  2170 27268 W libosutils: PipelineSignal::waitOnListener(): failed (lost connection to service?)
10-29 18:40:39.367  2170 27268 W libosutils: PipelineSignal::waitOnListener(): failed (lost connection to service?)
10-29 18:40:39.381  2170 27268 W libosutils: PipelineSignal::waitOnListener(): failed (lost connection to service?)
10-29 18:40:39.382  2170 27268 W libosutils: PipelineSignal::waitOnListener(): failed (lost connection to service?)
10-29 18:40:39.394  2170 27268 W libosutils: PipelineSignal::waitOnListener(): failed (lost connection to service?)
10-29 18:40:39.395  2170 27268 W libosutils: PipelineSignal::waitOnListener(): failed (lost connection to service?)
10-29 18:40:39.414  2170 27268 W libosutils: PipelineSignal::waitOnListener(): failed (lost connection to service?)
10-29 18:40:39.414  2170 27268 W libosutils: PipelineSignal::waitOnListener(): failed (lost connection to service?)
10-29 18:40:39.421  2170 27268 W libosutils: PipelineSignal::waitOnListener(): failed (lost connection to service?)
10-29 18:40:39.422  2170 27268 W libosutils: PipelineSignal::waitOnListener(): failed (lost connection to service?)
10-29 18:40:39.436  2170 27268 W libosutils: PipelineSignal::waitOnListener(): failed (lost connection to service?)
10-29 18:40:39.446  2170 27268 W libosutils: PipelineSignal::waitOnListener(): failed (lost connection to service?)
10-29 18:40:39.467  2170 27268 W libosutils: PipelineSignal::waitOnListener(): failed (lost connection to service?)
10-29 18:40:39.468  2170 27268 W libosutils: PipelineSignal::waitOnListener(): failed (lost connection to service?)
10-29 18:40:39.480  2170 27268 W libosutils: PipelineSignal::waitOnListener(): failed (lost connection to service?)
10-29 18:40:39.480  2170 27268 W libosutils: PipelineSignal::waitOnListener(): failed (lost connection to service?)
10-29 18:40:39.492  2170 27268 W libosutils: PipelineSignal::waitOnListener(): failed (lost connection to service?)
10-29 18:40:39.493  2170 27268 W libosutils: PipelineSignal::waitOnListener(): failed (lost connection to service?)
10-29 18:40:39.496   710 27313 I [CT]    : VIPER:RelocalizationManager: setting validation results
10-29 18:40:39.496   710 27313 I [CT]    : VIPER: Resetting MapPatchProvider!
10-29 18:40:39.496   710 27313 W [CT]    : VIPER:DF: Background job still running when calling reset() on the DepthFilterManager.
10-29 18:40:39.496   710 27313 I [CT]    : VIPER: Resetting MapPatchProvider!
10-29 18:40:39.496   710 27313 W [CT]    : VIPER:DF: Background job still running when calling reset() on the DepthFilterManager.
10-29 18:40:39.496   710 27313 I [CT]    : VIPER: Resetting MapPatchProvider!
10-29 18:40:39.496   710 27313 I [CT]    : VIPER:RelocalizationManager: Relocalization and validation successful, switching to tracking.
10-29 18:40:39.497   710 27313 I [CT]    : VIPER:MAPPER: == Mapper with map 'ae487b21-5bf8-44c4-b9f2-efe932f59e8f' stopping ==
10-29 18:40:39.497   710 27313 I [CT]    : VIPER:MAPPER: == Mapper with map 'c70d8cf4-996b-451f-86b0-2643913ef8eb' started ==
10-29 18:40:39.497   710 27313 I [CT]    : VIPER: Entering state: TRACK_MAP
10-29 18:40:39.497   710 27313 I [CT]    : VIPER:RELOC: Relocalized into map: c70d8cf4-996b-451f-86b0-2643913ef8eb
10-29 18:40:39.500   710 27743 I [CT]    : VIPER: [floorplane] Floor height has been initialized to 0.769748 meters.
10-29 18:40:39.505  2170 27268 W libosutils: PipelineSignal::waitOnListener(): failed (lost connection to service?)
10-29 18:40:39.506  2170 27268 W libosutils: PipelineSignal::waitOnListener(): failed (lost connection to service?)
10-29 18:40:39.510   710 27313 W [CT]    : VIPER:TRACKER: Big Search recovered tracking successfully.
10-29 18:40:39.511   710 27313 I [CT]    : VIPER:TRACKSTATUS: BAD TRACKING: Covariance of the gravity estimate not initialized yet
10-29 18:40:39.511   710 27313 I [CT]    : Viper:Map_Manager: Deleting transient maps : ae487b21-5bf8-44c4-b9f2-efe932f59e8f, 
10-29 18:40:39.511   710 27313 I [CT]    : VIPER: Removed map context from map context container. Map context container now has 5 map context(s).
10-29 18:40:39.512   710 27313 W [CT]    : VIPER:DF: Background job still running when calling reset() on the DepthFilterManager.
10-29 18:40:39.512   710 27313 I [CT]    : VIPER: MapperDeleter (0x7f7d9efe00) scheduled for deletion
10-29 18:40:39.517   710 27326 I [CT]    : VIPER: MapperDeleter (0x7f7d9efe00) thread took 4375.1 us
10-29 18:40:39.519  2170 27268 W libosutils: PipelineSignal::waitOnListener(): failed (lost connection to service?)
10-29 18:40:39.519  2170 27268 W libosutils: PipelineSignal::waitOnListener(): failed (lost connection to service?)
10-29 18:40:39.522  2170  2357 I GuardianSystem: GuardianSystem::UpdateMapData: Map changed: ae487b21-5bf8-44c4-b9f2-efe932f59e8f (1), c70d8cf4-996b-451f-86b0-2643913ef8eb (1), c70d8cf4-996b-451f-86b0-2643913ef8eb
10-29 18:40:39.522  2170  2357 I GuardianSystem: SetConfigState: 1 to 0
10-29 18:40:39.523  2170  2357 I GuardianSystem: GuardianSystem::UpdateMapData: Existing map: ae487b21-5bf8-44c4-b9f2-efe932f59e8f (1), c70d8cf4-996b-451f-86b0-2643913ef8eb (1)
10-29 18:40:39.523  2170  2357 I GuardianSystem: UpdateMapData: ValidateGuardian SUCCESS: c70d8cf4-996b-451f-86b0-2643913ef8eb (1)
10-29 18:40:39.523  2170  2357 I GuardianSystem: GuardianSystem::UpdateMapData: stage valid: c70d8cf4-996b-451f-86b0-2643913ef8eb
10-29 18:40:39.523  2170  2357 I GuardianSystem: GuardianSystem::UpdateLocalSpace src = 3, Local (0.000000, 0.213457, 0.000000, 0.976953) (0.494036, 0.292667, 0.569351)
10-29 18:40:39.523  2170  2357 I GuardianSystem: GuardianSystem::UpdateLocalSpace LocalTilted (0.059372, 0.211450, 0.017811, 0.975421) (0.494036, 0.292667, 0.569351)
10-29 18:40:39.523  2170  2357 I GuardianSystem: GuardianSystem::UpdateLocalSpace RawFloorHeight() = -1.675000
10-29 18:40:39.523  2170  2357 I GuardianSystem: UpdateGuardianSystemState: Flags changed: 9, 8
10-29 18:40:39.526  1867  1917 I [OAR] LocalSpace: currentLocalPose
10-29 18:40:39.526  1867  1917 I [OAR] LocalSpace: 	rotX: 0.054202
10-29 18:40:39.526  1867  1917 I [OAR] LocalSpace: 	rotY: -0.001633
10-29 18:40:39.526  1867  1917 I [OAR] LocalSpace: 	rotZ: 0.030074
10-29 18:40:39.526  1867  1917 I [OAR] LocalSpace: 	rotW: 0.998076
10-29 18:40:39.526  1867  1917 I [OAR] LocalSpace: 	traX: 0.000000
10-29 18:40:39.526  1867  1917 I [OAR] LocalSpace: 	traY: 1.068592
10-29 18:40:39.526  1867  1917 I [OAR] LocalSpace: 	traZ: 0.000000
10-29 18:40:39.526  1867  1917 I [OAR] LocalSpace: localPose
10-29 18:40:39.526  1867  1917 I [OAR] LocalSpace: 	rotX: -0.107670
10-29 18:40:39.526  1867  1917 I [OAR] LocalSpace: 	rotY: 0.003180
10-29 18:40:39.526  1867  1917 I [OAR] LocalSpace: 	rotZ: 0.029352
10-29 18:40:39.526  1867  1917 I [OAR] LocalSpace: 	rotW: 0.993748
10-29 18:40:39.526  1867  1917 I [OAR] LocalSpace: 	traX: 0.000000
10-29 18:40:39.526  1867  1917 I [OAR] LocalSpace: 	traY: 1.722600
10-29 18:40:39.526  1867  1917 I [OAR] LocalSpace: 	traZ: 0.000000
10-29 18:40:39.526  1867  1917 I [OAR] GuardianController: SetPendingDialog: 15, -1
10-29 18:40:39.533  2170 27268 W libosutils: PipelineSignal::waitOnListener(): failed (lost connection to service?)
10-29 18:40:39.535  2170 27268 W libosutils: PipelineSignal::waitOnListener(): failed (lost connection to service?)
10-29 18:40:39.538  1867  1917 I [OAR] GuardianController: currentForceFlags != desiredForceFlags: 3, 0
10-29 18:40:39.538  2170 27268 I GuardianRender: BuildOptimalMeshFromPoints: Original: 386, New: 175, Triangles: 4498
10-29 18:40:39.539  2170 26653 I GuardianSystem: Guardian: GuardianCmdWithParms 3, 0, 0.000000
10-29 18:40:39.541  1867  1917 I [OAR] TelemetryProvider: aui_reorient system 0 0 0 
10-29 18:40:39.551  2170 27268 W libosutils: PipelineSignal::waitOnListener(): failed (lost connection to service?)
10-29 18:40:39.565   710 27312 W [CT]    : CONSTELLATION:MATCHING: [Camera 0] Brute matching timed out after 700/1113 iterations.
10-29 18:40:39.565   710 27312 W [CT]    : CONSTELLATION:MATCHING: [Camera 0] Brute matching timed out after 0/1071 iterations.
10-29 18:40:39.566   710 27312 W [CT]    : CONSTELLATION: LED Mahalanobis distance p50 = 1170.41 too high. Fallback to pose update.
10-29 18:40:39.566   710 27312 W [CT]    : CONSTELLATION: R: Too large Mahalanobis distance: Skip the measurement.
10-29 18:40:39.572  2170 27268 W libosutils: PipelineSignal::waitOnListener(): failed (lost connection to service?)
10-29 18:40:39.580  2170 27324 I TimeWarpProgs: loaded binary layerProgram 0:0x25807:0x0 in 26.8 ms
10-29 18:40:39.580  2170 27324 I TimeWarp: Tear: 0.027593
10-29 18:40:39.581  2170 27324 I TimeWarp: Tear: 0.020972
10-29 18:40:39.581  2170 27324 I GuardianRender: GuardianRender: Rendering status changed: false
10-29 18:40:39.581  2170 27324 I [CT]    : MIXEDREALITY: Passthrough paused.
10-29 18:40:39.581  2170 27324 I [CT]    : MIXEDREALITY: Collecting passthrough telemetry on pause: Stats across 4.49 s: using online cal 1, 65.66 fps rendering, 28.71 fps input images, 20.70 fps geometry, 28.71 fps texture, 41.62 fps uv
10-29 18:40:39.581  2170 27324 I [CT]    :  - frame processing: 36/129 dropped, 0 dequeued, 1 uninitialized depth, 0 stale depth
10-29 18:40:39.581  2170 27324 I [CT]    : - geometry (min/avg/max): 0.00/1366.18/1795.00 primary, 240.00/738.83/1270.00 secondary points, 1.00/29.69/30.00 solver iter
10-29 18:40:39.581  2170 27324 I [CT]    : - latencies (min/avg/max): 0.00/0.02/0.08 image, 0.04/0.08/0.15 photon->geom, 0.03/0.05/0.10 photon->texture
10-29 18:40:39.581  2170 27324 I GuardianRender: Passthrough state changed to hidden via LogRenderStatusChange().
10-29 18:40:39.581  2170 27324 I Vsync   : Vsync 774:  2 x 13.93 ms (71.82 Hz, at 24092.435)
10-29 18:40:39.581  2170 27324 I TimeWarp: Adjusting 774.54 > 773 to 775
10-29 18:40:39.581  2170 27324 I TimeWarp: SetClientSurfaceSecureFlag: secure=0
10-29 18:40:39.598   710 27312 W [CT]    : CONSTELLATION:MATCHING: [Camera 2] Brute matching timed out after 800/1113 iterations.
10-29 18:40:39.599   710 27312 W [CT]    : CONSTELLATION:MATCHING: [Camera 0] Brute matching timed out after 0/1224 iterations.
10-29 18:40:39.600   710 27312 W [CT]    : CONSTELLATION: LED Mahalanobis distance p50 = 1159.62 too high. Fallback to pose update.
10-29 18:40:39.600   710 27312 W [CT]    : CONSTELLATION: R: Too large Mahalanobis distance: Skip the measurement.
10-29 18:40:39.602   542   589 D AudioFlinger: mixer(0xec503d00) throttle end: throttle time(4)
10-29 18:40:39.602  2170 27324 I Vsync   : Vsync 776:  2 x 13.92 ms (71.82 Hz, at 24092.456)
10-29 18:40:39.623  1867  1917 I [OAR] GuardianController: UpdatePendingDialog: Closing dialogs
10-29 18:40:39.623  1867  1917 I [OAR] DialogControllerManager: HideDialog(end guardian setup)
10-29 18:40:39.623  1867  1917 I [OAR] DialogControllerManager: Previous pending dialog: type: 10, uri "systemux://guardian/setup?dialogName=MAP_SETUP", return component: "", return activity component: ""
10-29 18:40:39.623  1867  1917 I [OAR] GuardianController: UpdatePendingDialog: Calling SetIntentPendingLaunch: com.YourCompany.LastResisters
10-29 18:40:39.623  1867  1917 I [OAR] SystemUXController: Registering pending External App launch for com.YourCompany.LastResisters - overwriting existing launch? false.
10-29 18:40:39.633   710 27312 W [CT]    : CONSTELLATION:MATCHING: [Camera 0] Brute matching timed out after 200/1272 iterations.
10-29 18:40:39.634   710 27312 W [CT]    : CONSTELLATION:MATCHING: [Camera 1] Brute matching timed out after 0/459 iterations.
10-29 18:40:39.636  1867 27674 I VrApi   : FPS=73,Prd=45ms,Tear=2,Early=33,Stale=38,VSnc=1,Lat=1,Fov=0,CPU4/GPU=4/5,2304/710MHz,OC=FF,TA=0/E0/0,SP=N/F/N,Mem=1804MHz,Free=1080MB,PSM=0,PLS=0,Temp=35.0C/0.0C,TW=3.38ms,App=1.52ms,GD=0.86ms,CPU&GPU=4.73ms,LCnt=3,GPU%=0.50,CPU%=0.12(W0.19)
10-29 18:40:39.672   710 27312 W [CT]    : CONSTELLATION:MATCHING: [Camera 1] Brute matching timed out after 400/795 iterations.
10-29 18:40:39.672   710 27312 W [CT]    : CONSTELLATION:MATCHING: [Camera 2] Brute matching timed out after 0/1071 iterations.
10-29 18:40:39.705   710 27312 W [CT]    : CONSTELLATION:MATCHING: [Camera 2] Brute matching timed out after 300/1113 iterations.
10-29 18:40:39.705   710 27312 W [CT]    : CONSTELLATION:MATCHING: [Camera 2] Brute matching timed out after 0/1071 iterations.
10-29 18:40:39.706   710 27313 I [CT]    : VIPER:TRACKER: Tracker Gravity Alignment: 0.519408 deg: [RPY]: 0.343 -0.39 0.00176 
10-29 18:40:39.734   710 27312 W [CT]    : CONSTELLATION:MATCHING: [Camera 1] Brute matching timed out after 600/1377 iterations.
10-29 18:40:39.734   710 27312 W [CT]    : CONSTELLATION:MATCHING: [Camera 1] Brute matching timed out after 0/1431 iterations.
10-29 18:40:39.734   710 27312 W [CT]    : CONSTELLATION:MATCHING: [Camera 0] Brute matching timed out after 0/918 iterations.
10-29 18:40:39.763   710 27279 I [CT]    : L:Behavior:HandOverHand: activated, AttachedToTorso
10-29 18:40:39.763   710 27279 I [CT]    : AdHocPatch: [Right] t = 11.294s, behavior transition: None -> HandOverHand at -0.304s
10-29 18:40:39.763   710 27743 W [CT]    : VIPER: [floorplane] Failed detection of groundplane, not enough points for detection. Took 0.048125ms
10-29 18:40:39.765   710 27312 W [CT]    : CONSTELLATION:MATCHING: [Camera 0] Brute matching timed out after 600/1224 iterations.
10-29 18:40:39.765   710 27312 W [CT]    : CONSTELLATION:MATCHING: [Camera 1] Brute matching timed out after 0/795 iterations.
10-29 18:40:39.765   710 27312 W [CT]    : CONSTELLATION:MATCHING: [Camera 2] Brute matching timed out after 0/1224 iterations.
10-29 18:40:39.766  2170 27324 I Clocks  : SetSchedFifo( tid=1917, pri=0 ) succeeded
10-29 18:40:39.767  2170 27324 I Clocks  : SetSchedFifo( tid=27268, pri=0 ) succeeded
10-29 18:40:39.767  2170 27324 I TimeWarp: Will tear: 0.033258
10-29 18:40:39.767  2170 27324 I Vsync   : Vsync 787:  2 x 13.93 ms (71.82 Hz, at 24092.621)
10-29 18:40:39.767  2170 27324 I TimeWarp: Adjusting 787.90 > 786 to 788
10-29 18:40:39.770  2013  2034 W LibraryProvider: Cannot find entitlement for com.YourCompany.LastResisters
10-29 18:40:39.771  1867  1917 W OCMSLibrary: null cursor received for query content://com.oculus.ocms.library/apps/com.YourCompany.LastResisters
10-29 18:40:39.771  1867  1917 I [OAR] GuardianController: UpdatePendingDialog: Switching activeGuardianDialog: 15, -1
10-29 18:40:39.771  1867  1917 I [OAR] SystemUXController: System UX, targetComponent = systemux://guardian/update_state, uri = , returnComponent = com.YourCompany.LastResisters
10-29 18:40:39.771  1867  1917 I [OAR] GuardianController: GuardianController::ParseShellUri: systemux://guardian/update_state, com.YourCompany.LastResisters, intent, 
10-29 18:40:39.771  1867  1917 I [OAR] GuardianController: Guardian setup parsed URI, scheme = systemux, host = guardian, port = 0, path = update_state
10-29 18:40:39.771  1867  1917 I [OAR] GuardianController: Received wake up notification from Guardian System
10-29 18:40:39.773  1867  1917 I [OAR] SystemUXController: ProcessPendingLaunch 2
10-29 18:40:39.773  1867  1917 I [OAR] DialogControllerManager: HideDialog(process pending launch. launchType: 2)
10-29 18:40:39.773  1867  1917 I [OAR] DialogControllerManager: Previous pending dialog: type: 0, uri "systemux://dialog/none", return component: "", return activity component: ""
10-29 18:40:39.773  1867  1917 I [OAR] ShellApp: ShellApp::SendLaunchIntent('com.YourCompany.LastResisters' '')
10-29 18:40:39.773  1867  1917 D [OAR] ShellApplication: sendLaunchIntent: 'com.YourCompany.LastResisters' command: ''
10-29 18:40:39.776  1867  1917 D [OAR] ShellApplication: startActivityFromRecents: Intent { act=android.intent.action.MAIN cat=[android.intent.category.LAUNCHER] flg=0x10010000 pkg=com.YourCompany.LastResisters cmp=com.YourCompany.LastResisters/com.epicgames.ue4.GameActivity (has extras) }
10-29 18:40:39.783  2170 27324 I Vsync   : Vsync 789:  2 x 13.92 ms (71.82 Hz, at 24092.636)
10-29 18:40:39.787  2170 27324 I Clocks  : SetSchedFifo( tid=1917, pri=1 ) succeeded
10-29 18:40:39.793  2170 27324 I Clocks  : SetSchedFifo( tid=27268, pri=1 ) succeeded
10-29 18:40:39.795  1867  1867 D [OAR] MainActivity: onPause()
10-29 18:40:39.798   710 27312 W [CT]    : CONSTELLATION:MATCHING: [Camera 0] Brute matching timed out after 100/954 iterations.
10-29 18:40:39.798   710 27312 W [CT]    : CONSTELLATION:MATCHING: [Camera 1] Brute matching timed out after 0/918 iterations.
10-29 18:40:39.804  1867  1917 I Activity: Starting activity from recents: Intent { act=android.intent.action.MAIN cat=[android.intent.category.LAUNCHER] flg=0x10010000 pkg=com.YourCompany.LastResisters cmp=com.YourCompany.LastResisters/com.epicgames.ue4.GameActivity (has extras) }
10-29 18:40:39.804  1867  1917 I [OAR] DialogControllerManager: Dialog change detected; updating dialog UI.
10-29 18:40:39.804  1867  1917 I [OAR] DialogControllerManager: Old dialog: type: 10, uri "systemux://guardian/setup?dialogName=MAP_SETUP", return component: "", return activity component: ""
10-29 18:40:39.804  1867  1917 I [OAR] DialogControllerManager: New dialog: type: 0, uri "systemux://dialog/none", return component: "", return activity component: ""
10-29 18:40:39.804  1867  1917 I [OAR] DialogController: CloseDialogs() old: 0, pendingUri: systemux://dialog/none, pendingComponent: 
10-29 18:40:39.804  1867  1917 I [OAR] PanelAppAnalytics: AUI visibility true, TaskBar visibility true, forced true
10-29 18:40:39.804  1867  1917 I [OAR] SystemUXController: No known System UX Route for Navigation Route: com.oculus.systemux/com.oculus.panelapp.anytimeui.AnytimeUIAndroidPanelService
10-29 18:40:39.804  1867  1917 I [OAR] PanelAppHost: Exiting panel application 24 on next frame with reason System Defined Closure.
10-29 18:40:39.805  1867  1917 I [OAR] GuardianController: Calling SetIntentPendingLaunch (false positive): com.YourCompany.LastResisters
10-29 18:40:39.805  1867  1917 I [OAR] SystemUXController: Registering pending External App launch for com.YourCompany.LastResisters - overwriting existing launch? false.
10-29 18:40:39.825  2170 27324 I TimeWarp: UpdateClockLevels: Apply pending clock request change: 4,5 -> 4,4
10-29 18:40:39.825  2170 27323 I Clocks  : ReleaseClocks - start
10-29 18:40:39.828   717  1964 D VrApiService: CPU_CLUSTER_0: No client requests exists, release clocks
10-29 18:40:39.828   717  1964 D VrApiService: CPU_CLUSTER_1: No client requests exists, release clocks
10-29 18:40:39.828   717  1964 D VrApiService: GPU: No client requests exists, release clocks
10-29 18:40:39.829   717  1964 D VrApiService: CPUBW: No client requests exists, release clocks
10-29 18:40:39.829   717  1964 D VrApiService: GPUBW: No client requests exists, release clocks
10-29 18:40:39.830  2170 27323 I Clocks  : ReleaseClocks - end (4.8 ms)
10-29 18:40:39.830  2170 27323 I Clocks  : LockClocks( cpu=4, gpu=4 ) - start
10-29 18:40:39.832   710 27312 W [CT]    : CONSTELLATION:MATCHING: [Camera 2] Brute matching timed out after 100/1272 iterations.
10-29 18:40:39.832   710 27312 W [CT]    : CONSTELLATION:MATCHING: [Camera 0] Brute matching timed out after 0/1071 iterations.
10-29 18:40:39.833  2170 27323 I Clocks  : CPU levels [0, 4]
10-29 18:40:39.833  2170 27323 I Clocks  : GPU levels [0, 5]
10-29 18:40:39.856   717   861 D VrApiService: CPU_CLUSTER_0: Client 2170 sends freq request [21, 21]
10-29 18:40:39.856   717   861 D VrApiService: CPU_CLUSTER_0: Next Perf Level = (21, 21)
10-29 18:40:39.856   717   861 D VrApiService: CPU_CLUSTER_1: Client 2170 sends freq request [26, 26]
10-29 18:40:39.858   717   861 D VrApiService: CPU_CLUSTER_1: Next Perf Level = (26, 26)
10-29 18:40:39.858   717   861 D VrApiService: CPUBW: Client 2170 sends freq request [8, 11]
10-29 18:40:39.858   717   861 D VrApiService: CPUBW: Next Perf Level = (8, 11)
10-29 18:40:39.858   717   861 D VrApiService: GPUBW: Client 2170 sends freq request [9, 11]
10-29 18:40:39.858   717   861 D VrApiService: GPUBW: Next Perf Level = (9, 11)
10-29 18:40:39.859   717   861 D VrApiService: GPU: Client 2170 sends freq request [6, 6]
10-29 18:40:39.859   717   861 D VrApiService: GPU: Next Perf Level = (6, 6)
10-29 18:40:39.859  2170 27323 I Clocks  : LockClocks( cpu=4, gpu=4 ) - end (29.1 ms)
10-29 18:40:39.865   710 27312 W [CT]    : CONSTELLATION:MATCHING: [Camera 1] Brute matching timed out after 600/1224 iterations.
10-29 18:40:39.865   710 27312 W [CT]    : CONSTELLATION:MATCHING: [Camera 2] Brute matching timed out after 0/1272 iterations.
10-29 18:40:39.866   710 27312 W [CT]    : CONSTELLATION:MATCHING: [Camera 1] Brute matching timed out after 0/1224 iterations.
10-29 18:40:39.881  2170 27324 I Clocks  : SetSchedFifo( tid=1917, pri=0 ) succeeded
10-29 18:40:39.884  2170 27324 I Clocks  : SetSchedFifo( tid=27268, pri=0 ) succeeded
10-29 18:40:39.898   710 27312 W [CT]    : CONSTELLATION:MATCHING: [Camera 1] Brute matching timed out after 400/1377 iterations.
10-29 18:40:39.898   710 27312 W [CT]    : CONSTELLATION:MATCHING: [Camera 1] Brute matching timed out after 0/1431 iterations.
10-29 18:40:39.898   710 27312 W [CT]    : CONSTELLATION:MATCHING: [Camera 2] Brute matching timed out after 0/1224 iterations.
10-29 18:40:39.904 27150 27547 E Parcel  : Reading a NULL string not supported here.
10-29 18:40:39.905 13427 13440 E Parcel  : Reading a NULL string not supported here.
10-29 18:40:39.908 13427 13440 D AudioTrack: updateAppOpsPlayAudio: checkOp OP_PLAY_AUDIO for com.YourCompany.MyProject returns: 1 (IGNORED)
10-29 18:40:39.914 27150 27547 D AudioTrack: updateAppOpsPlayAudio: checkOp OP_PLAY_AUDIO for com.YourCompany.LastResisters returns: 0 (ALLOWED)
10-29 18:40:39.914  1867 11806 E Parcel  : Reading a NULL string not supported here.
10-29 18:40:39.922 27150 27184 E Parcel  : Reading a NULL string not supported here.
10-29 18:40:39.923 27150 27184 D AudioTrack: updateAppOpsPlayAudio: checkOp OP_PLAY_AUDIO for com.YourCompany.LastResisters returns: 0 (ALLOWED)
10-29 18:40:39.923 27150 27184 E Parcel  : Reading a NULL string not supported here.
10-29 18:40:39.926  1867 11806 D AudioTrack: updateAppOpsPlayAudio: checkOp OP_PLAY_AUDIO for com.oculus.vrshell returns: 0 (ALLOWED)
10-29 18:40:39.932   710 27312 W [CT]    : CONSTELLATION:MATCHING: [Camera 2] Brute matching timed out after 400/1071 iterations.
10-29 18:40:39.933   710 27312 W [CT]    : CONSTELLATION:MATCHING: [Camera 1] Brute matching timed out after 0/1431 iterations.
10-29 18:40:39.933   710 27312 W [CT]    : CONSTELLATION:MATCHING: [Camera 2] Brute matching timed out after 0/1071 iterations.
10-29 18:40:39.965   710 27312 W [CT]    : CONSTELLATION:MATCHING: [Camera 2] Brute matching timed out after 500/1071 iterations.
10-29 18:40:39.965   710 27312 W [CT]    : CONSTELLATION:MATCHING: [Camera 2] Brute matching timed out after 0/1113 iterations.
10-29 18:40:39.965   710 27312 W [CT]    : CONSTELLATION:MATCHING: [Camera 2] Brute matching timed out after 0/1071 iterations.
10-29 18:40:39.969 27150 27184 E Parcel  : Reading a NULL string not supported here.
10-29 18:40:39.969 13427 13440 E Parcel  : Reading a NULL string not supported here.
10-29 18:40:39.973 27150 27169 D UE4     : [2019.10.29-09.40.39:973][236]LogAndroid: Case APP_CMD_START
10-29 18:40:39.973 27150 27150 D UE4     : Creating console command broadcast listener
10-29 18:40:39.973 27150 27169 D UE4     : LogAndroidEvents::EnqueueAppEvent : 9, 0, tid = 27169, APP_EVENT_STATE_ON_START
10-29 18:40:39.976  1867  8229 E Parcel  : Reading a NULL string not supported here.
10-29 18:40:39.977  1867  8229 D AudioTrack: updateAppOpsPlayAudio: checkOp OP_PLAY_AUDIO for com.oculus.vrshell returns: 1 (IGNORED)
10-29 18:40:39.977  1867  8229 I AudioTrack: updateAppOpsPlayAudio: pausing audio thread
10-29 18:40:39.981 27150 27184 D AudioTrack: updateAppOpsPlayAudio: checkOp OP_PLAY_AUDIO for com.YourCompany.LastResisters returns: 0 (ALLOWED)
10-29 18:40:39.983 27150 27150 D UE4     : ==================================> Inside onStart function in GameActivity
10-29 18:40:39.983 27150 27150 V UE4-GameApplication: App in foreground
10-29 18:40:39.984  1867  8229 E Parcel  : Reading a NULL string not supported here.
10-29 18:40:39.984  1867  8229 D AudioTrack: updateAppOpsPlayAudio: checkOp OP_PLAY_AUDIO for com.oculus.vrshell returns: 1 (IGNORED)
10-29 18:40:39.984  1867  8229 E Parcel  : Reading a NULL string not supported here.
10-29 18:40:39.985 13427 13440 D AudioTrack: updateAppOpsPlayAudio: checkOp OP_PLAY_AUDIO for com.YourCompany.MyProject returns: 1 (IGNORED)
10-29 18:40:39.991 27150 27169 D UE4     : Case APP_CMD_RESUME
10-29 18:40:39.991 27150 27169 D UE4     : [2019.10.29-09.40.39:991][236]LogAndroid: Case APP_CMD_RESUME
10-29 18:40:39.991 27150 27169 D UE4     : LogAndroidEvents::EnqueueAppEvent : 7, 0, tid = 27169, APP_EVENT_STATE_ON_RESUME
10-29 18:40:39.991 27150 27150 D UE4     : onResume: start memory reporter runnable
10-29 18:40:39.991 27150 27150 D UE4     : === Restoring Transparent Bars ===
10-29 18:40:39.991 27150 27150 D UE4     : ==============> [JAVA] AndroidThunkJava_KeepScreenOn(false) - Enabled screen saver
10-29 18:40:39.991 27150 27150 D UE4     : Registering sensor listeners
10-29 18:40:39.992 27150 27150 D UE4     : App is running in Landscape
10-29 18:40:39.992 27150 27150 D UE4     : === Restoring Transparent Bars ===
10-29 18:40:39.992 27150 27150 D UE4     : ==============> Resuming main init
10-29 18:40:39.992 27150 27150 D UE4     : ==============> GameActive.onResume complete!
10-29 18:40:39.998   710 27312 W [CT]    : CONSTELLATION:MATCHING: [Camera 2] Brute matching timed out after 400/1071 iterations.
10-29 18:40:39.998   710 27312 W [CT]    : CONSTELLATION:MATCHING: [Camera 1] Brute matching timed out after 0/1272 iterations.
10-29 18:40:39.998   710 27312 W [CT]    : CONSTELLATION:MATCHING: [Camera 2] Brute matching timed out after 0/1071 iterations.
10-29 18:40:40.031   710 27312 W [CT]    : CONSTELLATION:MATCHING: [Camera 2] Brute matching timed out after 900/1071 iterations.
10-29 18:40:40.031   710 27312 W [CT]    : CONSTELLATION:MATCHING: [Camera 2] Brute matching timed out after 0/1113 iterations.
10-29 18:40:40.032   710 27312 W [CT]    : CONSTELLATION:MATCHING: [Camera 0] Brute matching timed out after 0/1224 iterations.
10-29 18:40:40.034 27150 27169 D UE4     : Case APP_CMD_INIT_WINDOW
10-29 18:40:40.034 27150 27169 D UE4     : [2019.10.29-09.40.40:034][236]LogAndroid: Case APP_CMD_INIT_WINDOW
10-29 18:40:40.034 27150 27169 D UE4     : LogAndroidEvents::EnqueueAppEvent : 0, 3451035656, tid = 27169, APP_EVENT_STATE_WINDOW_CREATED
10-29 18:40:40.035  1867  1867 D [OAR] MainActivity: com.oculus.vrshell.MainActivity@6fb0e surfaceDestroyed()
10-29 18:40:40.035  1867  1867 I [OAR] ShellMain:     looperMessageQueue->SendPrintf("surfaceDestroyed 0xc7721008")
10-29 18:40:40.046  1810  2103 I UploadManager: Scheduling jobbId 2131296373 within interval (0, 1800000)
10-29 18:40:40.065   710 27312 W [CT]    : CONSTELLATION:MATCHING: [Camera 2] Brute matching timed out after 100/1113 iterations.
10-29 18:40:40.065   710 27312 W [CT]    : CONSTELLATION:MATCHING: [Camera 0] Brute matching timed out after 0/1224 iterations.
10-29 18:40:40.074 27150 27167 D UE4     : [2019.10.29-09.40.40:073][236]LogAndroidEvents: Display: LogAndroidEvents::DequeueAppEvent : 9, 0, APP_EVENT_STATE_ON_START
10-29 18:40:40.074 27150 27167 D UE4     : [2019.10.29-09.40.40:074][236]LogAndroidEvents: Display: LogAndroidEvents::DequeueAppEvent : 7, 0, APP_EVENT_STATE_ON_RESUME
10-29 18:40:40.074 27150 27167 D UE4     : [2019.10.29-09.40.40:074][236]LogAndroidEvents: Display: LogAndroidEvents::DequeueAppEvent : 0, 3451035656, APP_EVENT_STATE_WINDOW_CREATED
10-29 18:40:40.074 27150 27167 D UE4     : APP_EVENT_STATE_WINDOW_CREATED 0, 0, 0, 1
10-29 18:40:40.078  2013  2131 W LibraryProvider: Cannot find entitlement for com.YourCompany.LastResisters
10-29 18:40:40.079  1867  1917 W OCMSLibrary: null cursor received for query content://com.oculus.ocms.library/apps/com.YourCompany.LastResisters
10-29 18:40:40.098   710 27312 W [CT]    : CONSTELLATION:MATCHING: [Camera 0] Brute matching timed out after 200/1272 iterations.
10-29 18:40:40.098   710 27312 W [CT]    : CONSTELLATION:MATCHING: [Camera 0] Brute matching timed out after 0/1224 iterations.
10-29 18:40:40.100  2170  2170 D VrRuntimeService: onFocusedWindowChanged: topWindowToken=android.os.BinderProxy@404f08d, topWindowUid=10165
10-29 18:40:40.100  2170  2170 W ClientMgr: ClientMgr::SetPrimaryCompositorClient: No active client
10-29 18:40:40.100  2170  2170 I TimeWarp: ReleaseClockLevels
10-29 18:40:40.103  2170 27324 I TimeWarp: UpdateClockLevels: Force releasing clocks
10-29 18:40:40.103  2170 27324 I TimeWarp: UpdateClockLevels: Apply pending clock request change: 4,4 -> -1,-1
10-29 18:40:40.103  2170 27323 I Clocks  : ReleaseClocks - start
10-29 18:40:40.104   717   717 D VrApiService: CPU_CLUSTER_0: No client requests exists, release clocks
10-29 18:40:40.104   717   717 D VrApiService: CPU_CLUSTER_1: No client requests exists, release clocks
10-29 18:40:40.105   717   717 D VrApiService: GPU: No client requests exists, release clocks
10-29 18:40:40.108   717   717 D VrApiService: CPUBW: No client requests exists, release clocks
10-29 18:40:40.110  2170 27324 W TimeWarp: FetchFrame: client(0) is enabled, but shared memory is not set
10-29 18:40:40.110  2170 27324 W TimeWarp: FetchFrame: client(0) is enabled, but shared memory is not set
10-29 18:40:40.114   717   717 D VrApiService: GPUBW: No client requests exists, release clocks
10-29 18:40:40.114  2170 27323 I Clocks  : ReleaseClocks - end (10.8 ms)
10-29 18:40:40.118  2170 27324 I TimeWarp: UpdateClockLevels: Apply pending clock request change: -1,-1 -> 4,4
10-29 18:40:40.118  2170 27323 I Clocks  : LockClocks( cpu=4, gpu=4 ) - start
10-29 18:40:40.122  2170 27323 I Clocks  : CPU levels [0, 4]
10-29 18:40:40.122  2170 27323 I Clocks  : GPU levels [0, 5]
10-29 18:40:40.122   717 30274 D VrApiService: CPU_CLUSTER_0: Client 2170 sends freq request [21, 21]
10-29 18:40:40.122   717 30274 D VrApiService: CPU_CLUSTER_0: Next Perf Level = (21, 21)
10-29 18:40:40.123   717 30274 D VrApiService: CPU_CLUSTER_1: Client 2170 sends freq request [26, 26]
10-29 18:40:40.123   717 30274 D VrApiService: CPU_CLUSTER_1: Next Perf Level = (26, 26)
10-29 18:40:40.123   717 30274 D VrApiService: CPUBW: Client 2170 sends freq request [8, 11]
10-29 18:40:40.123   717 30274 D VrApiService: CPUBW: Next Perf Level = (8, 11)
10-29 18:40:40.123  2170 27324 W TimeWarp: FetchFrame: client(0) is enabled, but shared memory is not set
10-29 18:40:40.124  2170 27324 W TimeWarp: FetchFrame: client(0) is enabled, but shared memory is not set
10-29 18:40:40.125   717 30274 D VrApiService: GPUBW: Client 2170 sends freq request [9, 11]
10-29 18:40:40.125   717 30274 D VrApiService: GPUBW: Next Perf Level = (9, 11)
10-29 18:40:40.125   717 30274 D VrApiService: GPU: Client 2170 sends freq request [6, 6]
10-29 18:40:40.125   717 30274 D VrApiService: GPU: Next Perf Level = (6, 6)
10-29 18:40:40.126  2170 27323 I Clocks  : LockClocks( cpu=4, gpu=4 ) - end (8.4 ms)
10-29 18:40:40.127  1867  1917 I [OAR] PanelAppHost: PanelAppHost destructor: id 24 com.oculus.systemux/com.oculus.panelapp.dialog.DialogPanelService
10-29 18:40:40.127  1867  1917 I [OAR] PanelAppHost: Panel app 24 (com.oculus.systemux/com.oculus.panelapp.dialog.DialogPanelService) changing state from foreground to shutdown
10-29 18:40:40.128  1867  1917 D [OAR] ShellApplication: notify OS to set com.oculus.systemux/com.oculus.panelapp.dialog.DialogPanelService to BACKGROUND
10-29 18:40:40.131   710 27312 W [CT]    : CONSTELLATION:MATCHING: [Camera 0] Brute matching timed out after 200/1071 iterations.
10-29 18:40:40.131   710 27312 W [CT]    : CONSTELLATION:MATCHING: [Camera 1] Brute matching timed out after 0/1113 iterations.
10-29 18:40:40.132   710 27312 W [CT]    : CONSTELLATION:MATCHING: [Camera 0] Brute matching timed out after 0/1071 iterations.
10-29 18:40:40.137  2170 27324 W TimeWarp: FetchFrame: client(0) is enabled, but shared memory is not set
10-29 18:40:40.138  2170 27324 W TimeWarp: FetchFrame: client(0) is enabled, but shared memory is not set
10-29 18:40:40.141  1867  1917 D [OAR] ShellApplication: Unbinding service for panel app id 24
10-29 18:40:40.145 27150 27169 D UE4     : [2019.10.29-09.40.40:145][236]LogAndroid: Case APP_CMD_GAINED_FOCUS
10-29 18:40:40.145 27150 27169 D UE4     : LogAndroidEvents::EnqueueAppEvent : 11, 0, tid = 27169, APP_EVENT_STATE_WINDOW_GAINED_FOCUS
10-29 18:40:40.151  2170 27324 W TimeWarp: FetchFrame: client(0) is enabled, but shared memory is not set
