10-21 11:57:40.256 16396 16493 I VrApi   : FPS=0,Prd=0ms,Tear=0,Early=0,Stale=0,VSnc=1,Lat=0,Fov=0,CPU4/GPU=0/0,300/257MHz,OC=FF,TA=0/0/0,SP=N/N/N,Mem=200MHz,Free=1400MB,PSM=0,PLS=0,Temp=34.0C/0.0C,TW=0.00ms,App=0.00ms,GD=0.00ms,CPU&GPU=0.00ms,LCnt=0,GPU%=-1.00,CPU%=-1.00(W-1.00)
10-21 11:57:41.257 16396 16493 I VrApi   : FPS=0,Prd=0ms,Tear=0,Early=0,Stale=0,VSnc=1,Lat=0,Fov=0,CPU4/GPU=0/0,300/257MHz,OC=FF,TA=0/0/0,SP=N/N/N,Mem=200MHz,Free=1400MB,PSM=0,PLS=0,Temp=34.0C/0.0C,TW=0.00ms,App=0.00ms,GD=0.00ms,CPU&GPU=0.00ms,LCnt=0,GPU%=-1.00,CPU%=-1.00(W-1.00)
10-21 11:57:42.257 16396 16493 I VrApi   : FPS=0,Prd=0ms,Tear=0,Early=0,Stale=0,VSnc=1,Lat=0,Fov=0,CPU4/GPU=0/0,300/257MHz,OC=FF,TA=0/0/0,SP=N/N/N,Mem=200MHz,Free=1400MB,PSM=0,PLS=0,Temp=34.0C/0.0C,TW=0.00ms,App=0.00ms,GD=0.00ms,CPU&GPU=0.00ms,LCnt=0,GPU%=-1.00,CPU%=-1.00(W-1.00)
10-21 11:57:43.256 16396 16493 I VrApi   : FPS=0,Prd=0ms,Tear=0,Early=0,Stale=0,VSnc=1,Lat=0,Fov=0,CPU4/GPU=0/0,300/257MHz,OC=FF,TA=0/0/0,SP=N/N/N,Mem=200MHz,Free=1400MB,PSM=0,PLS=0,Temp=34.0C/0.0C,TW=0.00ms,App=0.00ms,GD=0.00ms,CPU&GPU=0.00ms,LCnt=0,GPU%=-1.00,CPU%=-1.00(W-1.00)
10-21 11:57:44.257 16396 16493 I VrApi   : FPS=0,Prd=0ms,Tear=0,Early=0,Stale=0,VSnc=1,Lat=0,Fov=0,CPU4/GPU=0/0,300/257MHz,OC=FF,TA=0/0/0,SP=N/N/N,Mem=200MHz,Free=1400MB,PSM=0,PLS=0,Temp=34.0C/0.0C,TW=0.00ms,App=0.00ms,GD=0.00ms,CPU&GPU=0.00ms,LCnt=0,GPU%=-1.00,CPU%=-1.00(W-1.00)
10-21 11:57:45.258 16396 16493 I VrApi   : FPS=0,Prd=0ms,Tear=0,Early=0,Stale=0,VSnc=1,Lat=0,Fov=0,CPU4/GPU=0/0,300/257MHz,OC=FF,TA=0/0/0,SP=N/N/N,Mem=200MHz,Free=1400MB,PSM=0,PLS=0,Temp=34.0C/0.0C,TW=0.00ms,App=0.00ms,GD=0.00ms,CPU&GPU=0.00ms,LCnt=0,GPU%=-1.00,CPU%=-1.00(W-1.00)
10-21 11:57:46.258 16396 16493 I VrApi   : FPS=0,Prd=0ms,Tear=0,Early=0,Stale=0,VSnc=1,Lat=0,Fov=0,CPU4/GPU=0/0,300/257MHz,OC=FF,TA=0/0/0,SP=N/N/N,Mem=200MHz,Free=1400MB,PSM=0,PLS=0,Temp=34.0C/0.0C,TW=0.00ms,App=0.00ms,GD=0.00ms,CPU&GPU=0.00ms,LCnt=0,GPU%=-1.00,CPU%=-1.00(W-1.00)
10-21 11:57:47.258 16396 16493 I VrApi   : FPS=0,Prd=0ms,Tear=0,Early=0,Stale=0,VSnc=1,Lat=0,Fov=0,CPU4/GPU=0/0,300/257MHz,OC=FF,TA=0/0/0,SP=N/N/N,Mem=200MHz,Free=1400MB,PSM=0,PLS=0,Temp=34.0C/0.0C,TW=0.00ms,App=0.00ms,GD=0.00ms,CPU&GPU=0.00ms,LCnt=0,GPU%=-1.00,CPU%=-1.00(W-1.00)
10-21 11:57:48.253 16396 16493 I VrApi   : FPS=0,Prd=0ms,Tear=0,Early=0,Stale=0,VSnc=1,Lat=0,Fov=0,CPU4/GPU=0/0,2304/257MHz,OC=FF,TA=0/0/0,SP=N/N/N,Mem=411MHz,Free=1399MB,PSM=0,PLS=0,Temp=34.0C/0.0C,TW=0.00ms,App=0.00ms,GD=0.00ms,CPU&GPU=0.00ms,LCnt=0,GPU%=-1.00,CPU%=-1.00(W-1.00)
10-21 11:57:49.258 16396 16493 I VrApi   : FPS=0,Prd=0ms,Tear=0,Early=0,Stale=0,VSnc=1,Lat=0,Fov=0,CPU4/GPU=0/0,300/257MHz,OC=FF,TA=0/0/0,SP=N/N/N,Mem=200MHz,Free=1400MB,PSM=0,PLS=0,Temp=34.0C/0.0C,TW=0.00ms,App=0.00ms,GD=0.00ms,CPU&GPU=0.00ms,LCnt=0,GPU%=-1.00,CPU%=-1.00(W-1.00)
10-21 11:57:50.125   705 16345 D TrackingService: Performing delayed transition to SLEEP
10-21 11:57:50.125   705 16345 D TrackingService: Setting power state to SLEEP
10-21 11:57:50.125   705 16345 D Tracker/CoreOS: MontereyGlue: Acquiring MontereyGlue WakeLock
10-21 11:57:50.126   705  1213 I Tracker/CoreOS: MontereyGlue Handle Power State. currentState: 1, newState: 0
10-21 11:57:50.126   705  1213 D Tracker/CoreOS: MontereyGlue: Transition start STANDBY->SLEEP
10-21 11:57:50.126   705  1213 D Tracker/CoreOS: MontereyGlue: stopping headset streams
10-21 11:57:50.127   705  1213 D LibDevices: MontereyDevices::stopAllStreams
10-21 11:57:50.127   705  1213 D LibDevices: SyncbossEventHandler::stopAllStreams()
10-21 11:57:50.127   705 15229 D LibDevices: SyncbossEventHandler::controllerConsumerThreadFunc() exit
10-21 11:57:50.127   705 15227 D LibDevices: SyncbossEventHandler::producerThreadFunc() exit
10-21 11:57:50.132   705 15228 D LibDevices: SyncbossEventHandler::hmdConsumerThreadFunc() exit
10-21 11:57:50.132   705  1213 D LibDevices: SyncbossEventHandler::stopAllStreams() complete
10-21 11:57:50.132   705  1213 D LibDevices: MontereyDevices::stopSyncbossStream()
10-21 11:57:50.132   705  1213 D LibDevices: MontereyDevices::stopIpdStream()
10-21 11:57:50.132   705  1213 D LibDevices: MontereyDevices::stopAllStreams() complete
10-21 11:57:50.133   705  1213 D Tracker/CoreOS: MontereyGlue: stopping controller processing
10-21 11:57:50.133   705  1213 D Tracker/CoreOS: Entering ControllerGlue::stop()
10-21 11:57:50.133   705  1213 D Tracker/CoreOS: ControllerGlue: setting expected mode to DISABLED
10-21 11:57:50.133   705  1213 D Tracker/CoreOS: ControllerGlue: Setting current mode to DISABLED
10-21 11:57:50.133   705  1213 D LibDevices: ControllerMgr: Settings controller manager mode 0
10-21 11:57:50.134   705  1004 I OsSdk   : will wait 60 seconds before retrying
10-21 11:57:50.258 16396 16493 I VrApi   : FPS=0,Prd=0ms,Tear=0,Early=0,Stale=0,VSnc=1,Lat=0,Fov=0,CPU4/GPU=0/0,300/257MHz,OC=FF,TA=0/0/0,SP=N/N/N,Mem=200MHz,Free=1400MB,PSM=0,PLS=0,Temp=34.0C/0.0C,TW=0.00ms,App=0.00ms,GD=0.00ms,CPU&GPU=0.00ms,LCnt=0,GPU%=-1.00,CPU%=-1.00(W-1.00)
10-21 11:57:50.318   705  1213 I LibDevices: ControllerMgr: transition state ACTIVE->MANAGEMENT
10-21 11:57:50.322   705  1213 D LibDevices: ControllerMgr: Complete state transition ACTIVE->MANAGEMENT
10-21 11:57:50.322   705  1213 I LibDevices: ControllerMgr: transition state MANAGEMENT->DISABLED
10-21 11:57:50.322   705  1213 D LibDevices: ControllerMgr: Complete state transition MANAGEMENT->DISABLED
10-21 11:57:50.322   705  1213 D LibDevices: ControllerMgr: Settings controller manager mode 0 complete
10-21 11:57:50.322   705  1213 D Tracker/CoreOS: RemoteService::handleDeviceDisconnected - device e5fbc34fe59c5b76
10-21 11:57:50.322   705  1213 I [CT]    : VisionInterface: Requesting tracking engine to deactivate device 0xe5fbc34fe59c5b76.
10-21 11:57:50.322   705  1213 I [CT]    : CONSTELLATION: ControllerStateBuffer: RESET
10-21 11:57:50.322   705  1213 I [CT]    : VisionInterface: Controller 0xe5fbc34fe59c5b76 is now disconnected.
10-21 11:57:50.322   705  1213 D LibDevices: Removed controller e5fbc34fe59c5b76 from trackingLib.
10-21 11:57:50.322   705  1213 I TrackingService: Unregistering primary remote e5fbc34fe59c5b76 in slot 1
10-21 11:57:50.323  2181  2199 D TrackingServiceClient: TrackingServiceClient onRemoteDisconnected e5fbc34fe59c5b76
10-21 11:57:50.323 16396 16409 D TrackingServiceClient: TrackingServiceClient onRemoteDisconnected e5fbc34fe59c5b76
10-21 11:57:50.328 16396 16409 W System  : ClassLoader referenced unknown path: 
10-21 11:57:50.329 16396 16409 W System  : ClassLoader referenced unknown path: /system/priv-app/VrDriver/lib/arm
10-21 11:57:50.334 16396 16409 D ApplicationLoaders: ignored Vulkan layer search path /system/priv-app/VrDriver/lib/arm:/system/priv-app/VrDriver/VrDriver.apk!/lib/armeabi-v7a:/system/lib:/vendor/lib for namespace 0xf45f50d0
10-21 11:57:50.335 16396 16409 W ResourceType: No package identifier when getting value for resource number 0x00000000
10-21 11:57:50.335 16396 16409 D VrApiNotificationReceiver: Error loading icon 0
10-21 11:57:50.336  1118  1158 I EventHub: Removing device Device 0xE5FBC34FE59C5B76 due to epoll hang-up event.
10-21 11:57:50.336  1118  1158 I EventHub: Removed device: path=/dev/input/event4 name=Device 0xE5FBC34FE59C5B76 id=34 fd=214 classes=0x2001
10-21 11:57:50.337   705  1213 D Tracker/CoreOS: RemoteService::handleDeviceDisconnected - device 32ee4a79d0798a9e
10-21 11:57:50.337  1118  1158 I InputReader: Device removed: id=34, name='Device 0xE5FBC34FE59C5B76', sources=0x65432102
10-21 11:57:50.338  1118  1158 I EventHub: Removing device '/dev/input/event4' due to inotify event
10-21 11:57:50.339 16396 16396 D GamepadListener: Removing Device: 34
10-21 11:57:50.685  1118  1900 I SyncBossHAL: internal/syncboss_hal_prox.c(38): INFO: Reporting prox event: system_down
10-21 11:57:50.685   705  1213 I LibDevices: SyncbossHandleWrapper: De-initialized syncboss
10-21 11:57:50.685   705  1213 D LibDevices: SyncbossEventHandler::disableControllerSensors() disabled all sensors
10-21 11:57:50.685   705  1213 I [CT]    : VisionInterface: Requesting tracking engine to deactivate device 0x32ee4a79d0798a9e.
10-21 11:57:50.685   705  1213 I [CT]    : CONSTELLATION: ControllerStateBuffer: RESET
10-21 11:57:50.685   705  1213 I [CT]    : VisionInterface: Controller 0x32ee4a79d0798a9e is now disconnected.
10-21 11:57:50.685   705  1213 D LibDevices: Removed controller 32ee4a79d0798a9e from trackingLib.
10-21 11:57:50.685  1118  1153 D SensorsHAL: returning 1 events to client
10-21 11:57:50.685   705  1213 I TrackingService: Unregistering primary remote 32ee4a79d0798a9e in slot 0
10-21 11:57:50.685  2181  4394 D TrackingServiceClient: TrackingServiceClient onRemoteDisconnected 32ee4a79d0798a9e
10-21 11:57:50.686 16396 16409 D TrackingServiceClient: TrackingServiceClient onRemoteDisconnected 32ee4a79d0798a9e
10-21 11:57:50.688 16396 16409 W ResourceType: No package identifier when getting value for resource number 0x00000000
10-21 11:57:50.688 16396 16409 D VrApiNotificationReceiver: Error loading icon 0
10-21 11:57:50.690   705  1213 D Tracker/CoreOS: MontereyGlue: stopping vision processing
10-21 11:57:50.690   705  1213 I [CT]    : VIPER:OCAL: OnlineCalibrationManager: Deactivate pushMeasurements and stop workers for targets.
10-21 11:57:50.690   705  1213 I [CT]    : VIPER:OCAL: Aborting estimation.
10-21 11:57:50.690  1118  1158 I EventHub: Removing device Device 0x32EE4A79D0798A9E due to epoll hang-up event.
10-21 11:57:50.690  1118  1158 I EventHub: Removed device: path=/dev/input/event3 name=Device 0x32EE4A79D0798A9E id=33 fd=213 classes=0x2001
10-21 11:57:50.691  1118  1158 I EventHub: Removing device '/dev/input/event3' due to inotify event
10-21 11:57:50.691  1118  1158 I InputReader: Device removed: id=33, name='Device 0x32EE4A79D0798A9E', sources=0x65432102
10-21 11:57:50.692 16396 16396 D GamepadListener: Removing Device: 33
10-21 11:57:50.741   705  1213 I [CT]    : VIPER:OCAL: Serialized online calibration state to /vision/insideout/ocal/ViJoint1PASH9B9N99323.ocal
10-21 11:57:50.741   705  1213 I [CT]    : VIPER:OCAL: Aborting estimation.
10-21 11:57:50.743   705  1213 I [CT]    : Viper:Map_Manager: Map Manager: STANDBY -> SLEEP
10-21 11:57:51.099   705  1213 I [CT]    : Viper:Map_Manager: Number of maps in map manager after stop: 5
10-21 11:57:51.099   705  1213 I [CT]    : Viper:Map_Manager: Map Manager: RUNNING -> SLEEP
10-21 11:57:51.101   705  1213 W [CT]    : VIPER:DF: Background job still running when calling reset() on the DepthFilterManager.
10-21 11:57:51.101   705  1213 I [CT]    : VIPER: MapperDeleter (0x7f70b90800) scheduled for deletion
10-21 11:57:51.101   705  1213 W [CT]    : VIPER:DF: Background job still running when calling reset() on the DepthFilterManager.
10-21 11:57:51.101   705  1213 I [CT]    : VIPER: MapperDeleter (0x7f6e1ca400) scheduled for deletion
10-21 11:57:51.101   705  1213 W [CT]    : VIPER:DF: Background job still running when calling reset() on the DepthFilterManager.
10-21 11:57:51.101   705  1213 I [CT]    : VIPER: MapperDeleter (0x7f6bdea400) scheduled for deletion
10-21 11:57:51.101   705  1213 W [CT]    : VIPER:DF: Background job still running when calling reset() on the DepthFilterManager.
10-21 11:57:51.101   705  1213 I [CT]    : VIPER: MapperDeleter (0x7f69dc4800) scheduled for deletion
10-21 11:57:51.102   705  1213 W [CT]    : VIPER:DF: Background job still running when calling reset() on the DepthFilterManager.
10-21 11:57:51.102   705 15273 I [CT]    : VIPER: MapperDeleter (0x7f70b90800) thread took 1460.31 us
10-21 11:57:51.102   705  1213 I [CT]    : VIPER:MAPPER: == Mapper with map '5c9cda66-709e-4775-93a8-ccba5cac6ad4' stopping ==
10-21 11:57:51.102   705  1213 I [CT]    : VIPER: MapperDeleter (0x7f61b4b000) scheduled for deletion
10-21 11:57:51.104   705 15273 I [CT]    : VIPER: MapperDeleter (0x7f6e1ca400) thread took 1968.91 us
10-21 11:57:51.106   705 15273 I [CT]    : VIPER: MapperDeleter (0x7f6bdea400) thread took 1254.01 us
10-21 11:57:51.107   705 15273 I [CT]    : VIPER: MapperDeleter (0x7f69dc4800) thread took 933.438 us
10-21 11:57:51.109   705 15273 I [CT]    : VIPER: MapperDeleter (0x7f61b4b000) thread took 2201.25 us
10-21 11:57:51.110   705  1213 I [CT]    : BOLT:Lib: Stopping BoltLib
10-21 11:57:51.110   705  1213 I [CT]    : BOLT:Lib: Cleaning up BoltLib
10-21 11:57:51.113   705  1213 I [CT]    : VisionInterface: Entering CONFIGURED state.
10-21 11:57:51.121   705  1213 D Tracker/CoreOS: MontereyGlue: Start Vision Post Processing
10-21 11:57:51.121   705  1213 D Tracker/CoreOS: MontereyGlue: Acquiring Post Processing Wakelock
10-21 11:57:51.123   705  1213 I [CT]    : VisionInterface: Map has been found, global bundle adjust will occur after calibration.
10-21 11:57:51.123   705  1213 I [CT]    : VisionInterface: Starting online calibration post-processing.
10-21 11:57:51.123   705  1213 I [CT]    : VIPER:OCAL: OnlineCalibrationManager: Activate pushMeasurements and start workers for targets.
10-21 11:57:51.123   705  1213 I [CT]    : VIPER:OCAL: Worker: Spawned thread!
10-21 11:57:51.123   705 16570 I [CT]    : VIPER:OCAL: Setting online calibration worker thread priorities.
10-21 11:57:51.123   705  1213 I [CT]    : VisionInterface: Entering POST_PROCESSING state.
10-21 11:57:51.123   705  1213 D Tracker/CoreOS: MontereyGlue: Transition complete STANDBY->SLEEP
10-21 11:57:51.123   705  1213 D Tracker/CoreOS: MontereyGlue: Releasing MontereyGlue WakeLock
10-21 11:57:51.124   705 16570 I [CT]    : VIPER:OCAL: Estimating a new VI extrinsics/intrinsics calibration...
10-21 11:57:51.125   705 16572 I [CT]    : InsideOutTracking:PostProcessor: Starting bundle adjustment...
10-21 11:57:51.259 16396 16493 I TrackingServiceClient: Implausible tracking state detected!
10-21 11:57:51.259 16396 16493 I TrackingServiceClient: RigidBodyPose WorldFromImu (t = 8218.93, pt = nan, dt = 1.13747):
10-21 11:57:51.259 16396 16493 I TrackingServiceClient:    trans : ( -0.0246108, -0.408707, -0.57092 )
10-21 11:57:51.259 16396 16493 I TrackingServiceClient:    : ( -0.992024, 0.00270301, 0.0536566, 0.114026 )
10-21 11:57:51.260 16396 16493 I TrackingServiceClient:   LinearVel : ( 0, 0, 0 )
10-21 11:57:51.260 16396 16493 I TrackingServiceClient:   LinearAcc : ( 0, 0, 0 )
10-21 11:57:51.260 16396 16493 I TrackingServiceClient:   AngularVel : ( 0.00198826, -8.88104e-06, 0.000362954 )
10-21 11:57:51.260 16396 16493 I TrackingServiceClient:   AngularAcc : ( 0.463204, -0.195795, -0.24531 )
10-21 11:57:51.260 16396 16493 I TrackingServiceClient: Implausible sensor time! pt = 1.13747
10-21 11:57:51.260 16396 16493 I VrApi   : FPS=0,Prd=0ms,Tear=0,Early=0,Stale=0,VSnc=1,Lat=0,Fov=0,CPU4/GPU=0/0,300/257MHz,OC=FF,TA=0/0/0,SP=N/N/N,Mem=680MHz,Free=1397MB,PSM=0,PLS=0,Temp=34.0C/0.0C,TW=0.00ms,App=0.00ms,GD=0.00ms,CPU&GPU=0.00ms,LCnt=0,GPU%=-1.00,CPU%=-1.00(W-1.00)
10-21 11:57:51.559   705 16572 I [CT]    : VIPER: GLOBAL:  vars:2241 i: 7 stop:funct  4616m del:  37m  434 ms
10-21 11:57:52.260 16396 16493 I TrackingServiceClient: Implausible tracking state detected!
10-21 11:57:52.260 16396 16493 I TrackingServiceClient: RigidBodyPose WorldFromImu (t = 8218.93, pt = nan, dt = 2.13855):
10-21 11:57:52.260 16396 16493 I TrackingServiceClient:    trans : ( -0.0246108, -0.408707, -0.57092 )
10-21 11:57:52.261 16396 16493 I TrackingServiceClient:    : ( -0.992024, 0.00270301, 0.0536566, 0.114026 )
10-21 11:57:52.261 16396 16493 I TrackingServiceClient:   LinearVel : ( 0, 0, 0 )
10-21 11:57:52.261 16396 16493 I TrackingServiceClient:   LinearAcc : ( 0, 0, 0 )
10-21 11:57:52.261 16396 16493 I TrackingServiceClient:   AngularVel : ( 0.00198826, -8.88104e-06, 0.000362954 )
10-21 11:57:52.261 16396 16493 I TrackingServiceClient:   AngularAcc : ( 0.463204, -0.195795, -0.24531 )
10-21 11:57:52.261 16396 16493 I TrackingServiceClient: Implausible sensor time! pt = 2.13855
10-21 11:57:52.261 16396 16493 I VrApi   : FPS=0,Prd=0ms,Tear=0,Early=0,Stale=0,VSnc=1,Lat=0,Fov=0,CPU4/GPU=0/0,300/257MHz,OC=FF,TA=0/0/0,SP=N/N/N,Mem=680MHz,Free=1358MB,PSM=0,PLS=0,Temp=34.0C/0.0C,TW=0.00ms,App=0.00ms,GD=0.00ms,CPU&GPU=0.00ms,LCnt=0,GPU%=-1.00,CPU%=-1.00(W-1.00)
10-21 11:57:53.374 16396 16493 I Telemetry: App memory usage: PSS=338MB
10-21 11:57:53.377 16396 16493 I TrackingServiceClient: Implausible tracking state detected!
10-21 11:57:53.377 16396 16493 I TrackingServiceClient: RigidBodyPose WorldFromImu (t = 8218.93, pt = nan, dt = 3.25533):
10-21 11:57:53.377 16396 16493 I TrackingServiceClient:    trans : ( -0.0246108, -0.408707, -0.57092 )
10-21 11:57:53.377 16396 16493 I TrackingServiceClient:    : ( -0.992024, 0.00270301, 0.0536566, 0.114026 )
10-21 11:57:53.377 16396 16493 I TrackingServiceClient:   LinearVel : ( 0, 0, 0 )
10-21 11:57:53.377 16396 16493 I TrackingServiceClient:   LinearAcc : ( 0, 0, 0 )
10-21 11:57:53.377 16396 16493 I TrackingServiceClient:   AngularVel : ( 0.00198826, -8.88104e-06, 0.000362954 )
10-21 11:57:53.378 16396 16493 I TrackingServiceClient:   AngularAcc : ( 0.463204, -0.195795, -0.24531 )
10-21 11:57:53.378 16396 16493 I TrackingServiceClient: Implausible sensor time! pt = 3.25533
10-21 11:57:53.378 16396 16493 I VrApi   : FPS=0,Prd=0ms,Tear=0,Early=0,Stale=0,VSnc=1,Lat=0,Fov=0,CPU4/GPU=0/0,300/257MHz,OC=FF,TA=0/0/0,SP=N/N/N,Mem=300MHz,Free=1353MB,PSM=0,PLS=0,Temp=34.0C/0.0C,TW=0.00ms,App=0.00ms,GD=0.00ms,CPU&GPU=0.00ms,LCnt=0,GPU%=-1.00,CPU%=-1.00(W-1.00)
10-21 11:57:54.261 16396 16493 I TrackingServiceClient: Implausible tracking state detected!
10-21 11:57:54.261 16396 16493 I TrackingServiceClient: RigidBodyPose WorldFromImu (t = 8218.93, pt = nan, dt = 4.13891):
10-21 11:57:54.261 16396 16493 I TrackingServiceClient:    trans : ( -0.0246108, -0.408707, -0.57092 )
10-21 11:57:54.261 16396 16493 I TrackingServiceClient:    : ( -0.992024, 0.00270301, 0.0536566, 0.114026 )
10-21 11:57:54.261 16396 16493 I TrackingServiceClient:   LinearVel : ( 0, 0, 0 )
10-21 11:57:54.261 16396 16493 I TrackingServiceClient:   LinearAcc : ( 0, 0, 0 )
10-21 11:57:54.261 16396 16493 I TrackingServiceClient:   AngularVel : ( 0.00198826, -8.88104e-06, 0.000362954 )
10-21 11:57:54.261 16396 16493 I TrackingServiceClient:   AngularAcc : ( 0.463204, -0.195795, -0.24531 )
10-21 11:57:54.261 16396 16493 I TrackingServiceClient: Implausible sensor time! pt = 4.13891
10-21 11:57:54.262 16396 16493 I VrApi   : FPS=0,Prd=0ms,Tear=0,Early=0,Stale=0,VSnc=1,Lat=0,Fov=0,CPU4/GPU=0/0,300/257MHz,OC=FF,TA=0/0/0,SP=N/N/N,Mem=546MHz,Free=1348MB,PSM=0,PLS=0,Temp=34.0C/0.0C,TW=0.00ms,App=0.00ms,GD=0.00ms,CPU&GPU=0.00ms,LCnt=0,GPU%=-1.00,CPU%=-1.00(W-1.00)
10-21 11:57:55.260 16396 16493 I TrackingServiceClient: Implausible tracking state detected!
10-21 11:57:55.261 16396 16493 I TrackingServiceClient: RigidBodyPose WorldFromImu (t = 8218.93, pt = nan, dt = 5.13876):
10-21 11:57:55.261 16396 16493 I TrackingServiceClient:    trans : ( -0.0246108, -0.408707, -0.57092 )
10-21 11:57:55.261 16396 16493 I TrackingServiceClient:    : ( -0.992024, 0.00270301, 0.0536566, 0.114026 )
10-21 11:57:55.261 16396 16493 I TrackingServiceClient:   LinearVel : ( 0, 0, 0 )
10-21 11:57:55.261 16396 16493 I TrackingServiceClient:   LinearAcc : ( 0, 0, 0 )
10-21 11:57:55.261 16396 16493 I TrackingServiceClient:   AngularVel : ( 0.00198826, -8.88104e-06, 0.000362954 )
10-21 11:57:55.261 16396 16493 I TrackingServiceClient:   AngularAcc : ( 0.463204, -0.195795, -0.24531 )
10-21 11:57:55.261 16396 16493 I TrackingServiceClient: Implausible sensor time! pt = 5.13876
10-21 11:57:55.262 16396 16493 I VrApi   : FPS=0,Prd=0ms,Tear=0,Early=0,Stale=0,VSnc=1,Lat=0,Fov=0,CPU4/GPU=0/0,300/257MHz,OC=FF,TA=0/0/0,SP=N/N/N,Mem=1017MHz,Free=1346MB,PSM=0,PLS=0,Temp=34.0C/0.0C,TW=0.00ms,App=0.00ms,GD=0.00ms,CPU&GPU=0.00ms,LCnt=0,GPU%=-1.00,CPU%=-1.00(W-1.00)
10-21 11:57:56.260 16396 16493 I TrackingServiceClient: Implausible tracking state detected!
10-21 11:57:56.260 16396 16493 I TrackingServiceClient: RigidBodyPose WorldFromImu (t = 8218.93, pt = nan, dt = 6.13839):
10-21 11:57:56.260 16396 16493 I TrackingServiceClient:    trans : ( -0.0246108, -0.408707, -0.57092 )
10-21 11:57:56.260 16396 16493 I TrackingServiceClient:    : ( -0.992024, 0.00270301, 0.0536566, 0.114026 )
10-21 11:57:56.261 16396 16493 I TrackingServiceClient:   LinearVel : ( 0, 0, 0 )
10-21 11:57:56.261 16396 16493 I TrackingServiceClient:   LinearAcc : ( 0, 0, 0 )
10-21 11:57:56.261 16396 16493 I TrackingServiceClient:   AngularVel : ( 0.00198826, -8.88104e-06, 0.000362954 )
10-21 11:57:56.261 16396 16493 I TrackingServiceClient:   AngularAcc : ( 0.463204, -0.195795, -0.24531 )
10-21 11:57:56.261 16396 16493 I TrackingServiceClient: Implausible sensor time! pt = 6.13839
10-21 11:57:56.261 16396 16493 I VrApi   : FPS=0,Prd=0ms,Tear=0,Early=0,Stale=0,VSnc=1,Lat=0,Fov=0,CPU4/GPU=0/0,300/257MHz,OC=FF,TA=0/0/0,SP=N/N/N,Mem=1017MHz,Free=1343MB,PSM=0,PLS=0,Temp=34.0C/0.0C,TW=0.00ms,App=0.00ms,GD=0.00ms,CPU&GPU=0.00ms,LCnt=0,GPU%=-1.00,CPU%=-1.00(W-1.00)
10-21 11:57:56.489  1431 16583 I OSUpdateService: Intent with action system_battery_changed
10-21 11:57:57.255 16396 16493 I TrackingServiceClient: Implausible tracking state detected!
10-21 11:57:57.255 16396 16493 I TrackingServiceClient: RigidBodyPose WorldFromImu (t = 8218.93, pt = nan, dt = 7.13373):
10-21 11:57:57.255 16396 16493 I TrackingServiceClient:    trans : ( -0.0246108, -0.408707, -0.57092 )
10-21 11:57:57.255 16396 16493 I TrackingServiceClient:    : ( -0.992024, 0.00270301, 0.0536566, 0.114026 )
10-21 11:57:57.255 16396 16493 I TrackingServiceClient:   LinearVel : ( 0, 0, 0 )
10-21 11:57:57.255 16396 16493 I TrackingServiceClient:   LinearAcc : ( 0, 0, 0 )
10-21 11:57:57.255 16396 16493 I TrackingServiceClient:   AngularVel : ( 0.00198826, -8.88104e-06, 0.000362954 )
10-21 11:57:57.255 16396 16493 I TrackingServiceClient:   AngularAcc : ( 0.463204, -0.195795, -0.24531 )
10-21 11:57:57.255 16396 16493 I TrackingServiceClient: Implausible sensor time! pt = 7.13373
10-21 11:57:57.255 16396 16493 I VrApi   : FPS=0,Prd=0ms,Tear=0,Early=0,Stale=0,VSnc=1,Lat=0,Fov=0,CPU4/GPU=0/0,2304/257MHz,OC=FF,TA=0/0/0,SP=N/N/N,Mem=767MHz,Free=1341MB,PSM=0,PLS=0,Temp=34.0C/0.0C,TW=0.00ms,App=0.00ms,GD=0.00ms,CPU&GPU=0.00ms,LCnt=0,GPU%=-1.00,CPU%=-1.00(W-1.00)
10-21 11:57:57.742  2993  3008 I OsSdk   : will wait 60 seconds before retrying
10-21 11:57:58.261 16396 16493 I TrackingServiceClient: Implausible tracking state detected!
10-21 11:57:58.261 16396 16493 I TrackingServiceClient: RigidBodyPose WorldFromImu (t = 8218.93, pt = nan, dt = 8.13908):
10-21 11:57:58.261 16396 16493 I TrackingServiceClient:    trans : ( -0.0246108, -0.408707, -0.57092 )
10-21 11:57:58.261 16396 16493 I TrackingServiceClient:    : ( -0.992024, 0.00270301, 0.0536566, 0.114026 )
10-21 11:57:58.261 16396 16493 I TrackingServiceClient:   LinearVel : ( 0, 0, 0 )
10-21 11:57:58.261 16396 16493 I TrackingServiceClient:   LinearAcc : ( 0, 0, 0 )
10-21 11:57:58.261 16396 16493 I TrackingServiceClient:   AngularVel : ( 0.00198826, -8.88104e-06, 0.000362954 )
10-21 11:57:58.261 16396 16493 I TrackingServiceClient:   AngularAcc : ( 0.463204, -0.195795, -0.24531 )
10-21 11:57:58.261 16396 16493 I TrackingServiceClient: Implausible sensor time! pt = 8.13908
10-21 11:57:58.262 16396 16493 I VrApi   : FPS=0,Prd=0ms,Tear=0,Early=0,Stale=0,VSnc=1,Lat=0,Fov=0,CPU4/GPU=0/0,300/257MHz,OC=FF,TA=0/0/0,SP=N/N/N,Mem=680MHz,Free=1333MB,PSM=0,PLS=0,Temp=34.0C/0.0C,TW=0.00ms,App=0.00ms,GD=0.00ms,CPU&GPU=0.00ms,LCnt=0,GPU%=-1.00,CPU%=-1.00(W-1.00)
10-21 11:57:59.261 16396 16493 I TrackingServiceClient: Implausible tracking state detected!
10-21 11:57:59.261 16396 16493 I TrackingServiceClient: RigidBodyPose WorldFromImu (t = 8218.93, pt = nan, dt = 9.13902):
10-21 11:57:59.261 16396 16493 I TrackingServiceClient:    trans : ( -0.0246108, -0.408707, -0.57092 )
10-21 11:57:59.261 16396 16493 I TrackingServiceClient:    : ( -0.992024, 0.00270301, 0.0536566, 0.114026 )
10-21 11:57:59.261 16396 16493 I TrackingServiceClient:   LinearVel : ( 0, 0, 0 )
10-21 11:57:59.261 16396 16493 I TrackingServiceClient:   LinearAcc : ( 0, 0, 0 )
10-21 11:57:59.261 16396 16493 I TrackingServiceClient:   AngularVel : ( 0.00198826, -8.88104e-06, 0.000362954 )
10-21 11:57:59.261 16396 16493 I TrackingServiceClient:   AngularAcc : ( 0.463204, -0.195795, -0.24531 )
10-21 11:57:59.262 16396 16493 I TrackingServiceClient: Implausible sensor time! pt = 9.13902
10-21 11:57:59.262 16396 16493 I VrApi   : FPS=0,Prd=0ms,Tear=0,Early=0,Stale=0,VSnc=1,Lat=0,Fov=0,CPU4/GPU=0/0,300/257MHz,OC=FF,TA=0/0/0,SP=N/N/N,Mem=411MHz,Free=1334MB,PSM=0,PLS=0,Temp=34.0C/0.0C,TW=0.00ms,App=0.00ms,GD=0.00ms,CPU&GPU=0.00ms,LCnt=0,GPU%=-1.00,CPU%=-1.00(W-1.00)
10-21 11:57:59.873  3060  3087 I OsSdk   : will wait 60 seconds before retrying
10-21 11:58:00.262 16396 16493 I TrackingServiceClient: Implausible tracking state detected!
10-21 11:58:00.262 16396 16493 I TrackingServiceClient: RigidBodyPose WorldFromImu (t = 8218.93, pt = nan, dt = 10.1407):
10-21 11:58:00.263 16396 16493 I TrackingServiceClient:    trans : ( -0.0246108, -0.408707, -0.57092 )
10-21 11:58:00.263 16396 16493 I TrackingServiceClient:    : ( -0.992024, 0.00270301, 0.0536566, 0.114026 )
10-21 11:58:00.263 16396 16493 I TrackingServiceClient:   LinearVel : ( 0, 0, 0 )
10-21 11:58:00.263 16396 16493 I TrackingServiceClient:   LinearAcc : ( 0, 0, 0 )
10-21 11:58:00.263 16396 16493 I TrackingServiceClient:   AngularVel : ( 0.00198826, -8.88104e-06, 0.000362954 )
10-21 11:58:00.263 16396 16493 I TrackingServiceClient:   AngularAcc : ( 0.463204, -0.195795, -0.24531 )
10-21 11:58:00.263 16396 16493 I TrackingServiceClient: Implausible sensor time! pt = 10.1407
10-21 11:58:00.264 16396 16493 I VrApi   : FPS=0,Prd=0ms,Tear=0,Early=0,Stale=0,VSnc=1,Lat=0,Fov=0,CPU4/GPU=0/0,300/257MHz,OC=FF,TA=0/0/0,SP=N/N/N,Mem=546MHz,Free=1334MB,PSM=0,PLS=0,Temp=34.0C/0.0C,TW=0.00ms,App=0.00ms,GD=0.00ms,CPU&GPU=0.00ms,LCnt=0,GPU%=-1.00,CPU%=-1.00(W-1.00)
10-21 11:58:00.296  2884  2897 D UnifiedTelemetryLogger: Gatekeeper values: mDuplicateLogging = false, mUseUnifiedTelemetryService = false
10-21 11:58:00.404  2799  2814 D UnifiedTelemetryLogger: Gatekeeper values: mDuplicateLogging = false, mUseUnifiedTelemetryService = false
10-21 11:58:00.416  1918  2679 D UnifiedTelemetryLogger: Gatekeeper values: mDuplicateLogging = false, mUseUnifiedTelemetryService = false
10-21 11:58:00.426  1431  2673 D UnifiedTelemetryLogger: Gatekeeper values: mDuplicateLogging = false, mUseUnifiedTelemetryService = false
10-21 11:58:00.472  2779  2797 D UnifiedTelemetryLogger: Gatekeeper values: mDuplicateLogging = false, mUseUnifiedTelemetryService = false
10-21 11:58:00.486  1505  2674 D UnifiedTelemetryLogger: Gatekeeper values: mDuplicateLogging = false, mUseUnifiedTelemetryService = false
10-21 11:58:00.507  1826  2676 D UnifiedTelemetryLogger: Gatekeeper values: mDuplicateLogging = false, mUseUnifiedTelemetryService = false
10-21 11:58:00.518  1965  2678 D UnifiedTelemetryLogger: Gatekeeper values: mDuplicateLogging = false, mUseUnifiedTelemetryService = false
10-21 11:58:00.626  1764  2677 D UnifiedTelemetryLogger: Gatekeeper values: mDuplicateLogging = false, mUseUnifiedTelemetryService = false
10-21 11:58:01.261 16396 16493 I TrackingServiceClient: Implausible tracking state detected!
10-21 11:58:01.262 16396 16493 I TrackingServiceClient: RigidBodyPose WorldFromImu (t = 8218.93, pt = nan, dt = 11.1398):
10-21 11:58:01.262 16396 16493 I TrackingServiceClient:    trans : ( -0.0246108, -0.408707, -0.57092 )
10-21 11:58:01.262 16396 16493 I TrackingServiceClient:    : ( -0.992024, 0.00270301, 0.0536566, 0.114026 )
10-21 11:58:01.262 16396 16493 I TrackingServiceClient:   LinearVel : ( 0, 0, 0 )
10-21 11:58:01.262 16396 16493 I TrackingServiceClient:   LinearAcc : ( 0, 0, 0 )
10-21 11:58:01.262 16396 16493 I TrackingServiceClient:   AngularVel : ( 0.00198826, -8.88104e-06, 0.000362954 )
10-21 11:58:01.262 16396 16493 I TrackingServiceClient:   AngularAcc : ( 0.463204, -0.195795, -0.24531 )
10-21 11:58:01.262 16396 16493 I TrackingServiceClient: Implausible sensor time! pt = 11.1398
10-21 11:58:01.263 16396 16493 I VrApi   : FPS=0,Prd=0ms,Tear=0,Early=0,Stale=0,VSnc=1,Lat=0,Fov=0,CPU4/GPU=0/0,300/257MHz,OC=FF,TA=0/0/0,SP=N/N/N,Mem=546MHz,Free=1333MB,PSM=0,PLS=0,Temp=34.0C/0.0C,TW=0.00ms,App=0.00ms,GD=0.00ms,CPU&GPU=0.00ms,LCnt=0,GPU%=-1.00,CPU%=-1.00(W-1.00)
10-21 11:58:01.612   705 16570 I [CT]    : VIPER:OCAL: New calibration accepted.
10-21 11:58:01.613   705 16570 I [CT]    : VIPER:OCAL:ImuTemperatureBiasTarget: Estimating a new IMU online temperature calibration...
10-21 11:58:01.613   705 16571 I [CT]    : InsideOutTracking:PostProcessor: Calibration estimation in post-processing successful! Estimation took 10.4891 seconds.
10-21 11:58:01.617   705 16571 I [CT]    : InsideOutTracking:PostProcessor: Starting bundle adjustment...
10-21 11:58:02.160   705 16571 I [CT]    : VIPER: GLOBAL:  vars:2241 i: 9 stop:funct  4616m del:  58m  542 ms
10-21 11:58:02.165   705 16571 I [CT]    : InsideOutTracking:PostProcessor: Error on old map: 0.215851 Error with new calibration on BA map: 0.203543
10-21 11:58:02.165   705 16571 I [CT]    : InsideOutTracking:PostProcessor: New calibration and map are better, accepting.
10-21 11:58:02.171   705 16571 I [CT]    : VisionInterface: Registering Camera.	 Online Estimated Calibration!
10-21 11:58:02.171   705 16571 I [CT]    : -------
10-21 11:58:02.171   705 16571 I [CT]    : Parameters: 192.197 316.202 233.388 0.284925 0.0306783 -0.210955 0.158948 -0.0554332 0.00815942 -0.000111672 -0.000188899 
10-21 11:58:02.171   705 16571 I [CT]    : T_cameraFromDevice
10-21 11:58:02.171   705 16571 I [CT]    : 0.00429858 0.764276 -0.644874 -0.0143207
10-21 11:58:02.171   705 16571 I [CT]    : 0.984685 -0.115631 -0.130477 0.0417477
10-21 11:58:02.171   705 16571 I [CT]    : -0.174287 -0.634438 -0.753069 -0.086946
10-21 11:58:02.172   705 16571 I [CT]    : VisionInterface: Registering Camera.	 Online Estimated Calibration!
10-21 11:58:02.172   705 16571 I [CT]    : -------
10-21 11:58:02.172   705 16571 I [CT]    : Parameters: 191.941 317.664 237.444 0.298702 -0.0143108 -0.122475 0.067215 -0.00893015 -0.000881427 6.51775e-05 -0.00076114 
10-21 11:58:02.172   705 16571 I [CT]    : T_cameraFromDevice
10-21 11:58:02.172   705 16571 I [CT]    : 0.742689 0.459994 -0.48664 0.00675277
10-21 11:58:02.172   705 16571 I [CT]    : 0.130319 -0.812114 -0.568759 -0.00315373
10-21 11:58:02.172   705 16571 I [CT]    : -0.656833 0.358993 -0.663095 -0.105501
10-21 11:58:02.173   705 16571 I [CT]    : VisionInterface: Registering Camera.	 Online Estimated Calibration!
10-21 11:58:02.173   705 16571 I [CT]    : -------
10-21 11:58:02.173   705 16571 I [CT]    : Parameters: 190.674 318.287 240.196 0.283914 0.0396031 -0.225914 0.171081 -0.0605311 0.00902681 -0.000242909 -0.00148909 
10-21 11:58:02.173   705 16571 I [CT]    : T_cameraFromDevice
10-21 11:58:02.173   705 16571 I [CT]    : -0.00204624 0.764437 -0.644695 -0.01421
10-21 11:58:02.173   705 16571 I [CT]    : 0.985475 0.111018 0.12851 -0.0409509
10-21 11:58:02.173   705 16571 I [CT]    : 0.169811 -0.635068 -0.75356 -0.0874916
10-21 11:58:02.173   705 16571 I [CT]    : VIPER: Stereo overlap between cameras 0 and 2
10-21 11:58:02.174   705 16571 I [CT]    : VisionInterface: Registering Camera.	 Online Estimated Calibration!
10-21 11:58:02.174   705 16571 I [CT]    : -------
10-21 11:58:02.174   705 16571 I [CT]    : Parameters: 190.879 320.183 233.329 0.291915 -0.00113391 -0.138835 0.0807921 -0.0156514 0.000484001 -0.000445125 -0.00112547 
10-21 11:58:02.174   705 16571 I [CT]    : T_cameraFromDevice
10-21 11:58:02.174   705 16571 I [CT]    : -0.74382 0.454881 -0.489709 0.00746145
10-21 11:58:02.174   705 16571 I [CT]    : 0.127706 0.815905 0.563906 0.00367871
10-21 11:58:02.174   705 16571 I [CT]    : 0.656066 0.356905 -0.664978 -0.1061
10-21 11:58:02.176   705 16571 I [CT]    : VisionInterface: Parsing imu cal.
10-21 11:58:02.176   705 16571 I [CT]    : VIPER: Loading noise parameters for: PVT
10-21 11:58:02.176   705 16571 W [CT]    : VIPER: Falling back to default noise parameters. [SensorModel: PVT]
10-21 11:58:02.176   705 16571 I [CT]    : viper::viper::imu_types: Creating ScaleMisalignedImuModel: 
10-21 11:58:02.176   705 16571 I [CT]    : -------
10-21 11:58:02.176   705 16571 I [CT]    : Accel:
10-21 11:58:02.176   705 16571 I [CT]    : Offset: -0.0665284 -0.0775537 -0.101369  	 Temp correction: 0 0 0  	 calibration temperature [degC]: 0
10-21 11:58:02.176   705 16571 I [CT]    : Rectification
10-21 11:58:02.176   705 16571 I [CT]    : -0.0042648 -0.999752 0.00368648
10-21 11:58:02.176   705 16571 I [CT]    : -0.9998 0.00420191 0.00074915
10-21 11:58:02.176   705 16571 I [CT]    : -0.000473875 -0.0032809 -0.999265
10-21 11:58:02.176   705 16571 I [CT]    : 
10-21 11:58:02.176   705 16571 I [CT]    : -------
10-21 11:58:02.176   705 16571 I [CT]    : Gyro:
10-21 11:58:02.176   705 16571 I [CT]    : Offset: 0.0509237 0.0278387 0.0139418 
10-21 11:58:02.176   705 16571 I [CT]    : Rectification
10-21 11:58:02.176   705 16571 I [CT]    : -0.00270087 -0.995316 0.00311802
10-21 11:58:02.176   705 16571 I [CT]    : -1.00125 0.00368691 0.00119671
10-21 11:58:02.176   705 16571 I [CT]    : -0.00276275 -0.00364002 -1.00161
10-21 11:58:02.176   705 16571 I [CT]    : 
10-21 11:58:02.176   705 16571 I [CT]    : -------
10-21 11:58:02.176   705 16571 I [CT]    : T_deviceFromImu
10-21 11:58:02.176   705 16571 I [CT]    : 0.040475 -0.033575 -0.067834 
10-21 11:58:02.176   705 16571 I [CT]    : VisionInterface: Registering IMU factory cal.
10-21 11:58:02.176   705 16571 I [CT]    : VisionInterface: registerImu FACTORY success.
10-21 11:58:02.177   705 16571 I [CT]    : VisionInterface: Parsing imu cal.
10-21 11:58:02.177   705 16571 I [CT]    : VIPER: Loading noise parameters for: PVT
10-21 11:58:02.177   705 16571 W [CT]    : VIPER: Falling back to default noise parameters. [SensorModel: PVT]
10-21 11:58:02.177   705 16571 I [CT]    : viper::viper::imu_types: Creating PiecewiseLinearTemperatureImuModel: 
10-21 11:58:02.177   705 16571 I [CT]    : -------
10-21 11:58:02.177   705 16571 I [CT]    : Accel:
10-21 11:58:02.177   705 16571 I [CT]    : 
10-21 11:58:02.177   705 16571 I [CT]    : Rectification
10-21 11:58:02.177   705 16571 I [CT]    : -0.0042648 -0.999752 0.00368648
10-21 11:58:02.177   705 16571 I [CT]    : -0.9998 0.00420191 0.00074915
10-21 11:58:02.177   705 16571 I [CT]    : -0.000473875 -0.0032809 -0.999265
10-21 11:58:02.177   705 16571 I [CT]    : Number of TemperatureOffsetPairs: 18
10-21 11:58:02.177   705 16571 I [CT]    : -------
10-21 11:58:02.177   705 16571 I [CT]    : Gyro:
10-21 11:58:02.177   705 16571 I [CT]    : 
10-21 11:58:02.177   705 16571 I [CT]    : Rectification
10-21 11:58:02.177   705 16571 I [CT]    : -0.00270087 -0.995316 0.00311802
10-21 11:58:02.177   705 16571 I [CT]    : -1.00125 0.00368691 0.00119671
10-21 11:58:02.177   705 16571 I [CT]    : -0.00276275 -0.00364002 -1.00161
10-21 11:58:02.177   705 16571 I [CT]    : Number of TemperatureOffsetPairs: 18
10-21 11:58:02.177   705 16571 I [CT]    : -------
10-21 11:58:02.177   705 16571 I [CT]    : T_deviceFromImu
10-21 11:58:02.177   705 16571 I [CT]    : 0.040475 -0.033575 -0.067834 
10-21 11:58:02.177   705 16571 I [CT]    : VisionInterface: Registering IMU Online cal.
10-21 11:58:02.177   705 16571 I [CT]    : VisionInterface: registerImu ONLINE success.
10-21 11:58:02.177   705 16571 I [CT]    : VisionInterface: Registering Magnetometer.
10-21 11:58:02.177   705 16571 I [CT]    : Offset: 6.0795e-05 -1.1033e-05 6.0192e-05 
10-21 11:58:02.177   705 16571 I [CT]    : Rectification
10-21 11:58:02.177   705 16571 I [CT]    : -0.982444 -0.00301779 -0.000672388
10-21 11:58:02.177   705 16571 I [CT]    : 0.015046 -0.974778 -0.0157724
10-21 11:58:02.177   705 16571 I [CT]    : -0.00397544 -0.012524 1.02123
10-21 11:58:02.177   705 16571 I [CT]    : VIPER:OCAL: OnlineCalibrationManager: Deactivate pushMeasurements and stop workers for targets.
10-21 11:58:02.177   705 16571 I [CT]    : VIPER:OCAL: Aborting estimation.
10-21 11:58:02.177   705 16571 I [CT]    : VIPER:OCAL: Aborting estimation.
10-21 11:58:02.183   705 16571 D Tracker/CoreOS: Post Processing Complete: 16
10-21 11:58:02.183   705 16571 D Tracker/CoreOS: MontereyGlue: Releasing Post Processing Wakelock
10-21 11:58:02.184   705 16571 I [CT]    : VisionInterface: Entering CONFIGURED state.
10-21 11:58:02.184   705 16571 I [CT]    : VisionInterface: Post-processing done.
10-21 11:58:02.196   705  1004 I OsSdk   : will wait 60 seconds before retrying
10-21 11:58:02.262 16396 16493 I TrackingServiceClient: Implausible tracking state detected!
10-21 11:58:02.263 16396 16493 I TrackingServiceClient: RigidBodyPose WorldFromImu (t = 8218.93, pt = nan, dt = 12.1406):
10-21 11:58:02.263 16396 16493 I TrackingServiceClient:    trans : ( -0.0246108, -0.408707, -0.57092 )
10-21 11:58:02.263 16396 16493 I TrackingServiceClient:    : ( -0.992024, 0.00270301, 0.0536566, 0.114026 )
10-21 11:58:02.263 16396 16493 I TrackingServiceClient:   LinearVel : ( 0, 0, 0 )
10-21 11:58:02.263 16396 16493 I TrackingServiceClient:   LinearAcc : ( 0, 0, 0 )
10-21 11:58:02.263 16396 16493 I TrackingServiceClient:   AngularVel : ( 0.00198826, -8.88104e-06, 0.000362954 )
10-21 11:58:02.263 16396 16493 I TrackingServiceClient:   AngularAcc : ( 0.463204, -0.195795, -0.24531 )
10-21 11:58:02.263 16396 16493 I TrackingServiceClient: Implausible sensor time! pt = 12.1406
10-21 11:58:02.263 16396 16493 I VrApi   : FPS=0,Prd=0ms,Tear=0,Early=0,Stale=0,VSnc=1,Lat=0,Fov=0,CPU4/GPU=0/0,300/257MHz,OC=FF,TA=0/0/0,SP=N/N/N,Mem=411MHz,Free=1327MB,PSM=0,PLS=0,Temp=34.0C/0.0C,TW=0.00ms,App=0.00ms,GD=0.00ms,CPU&GPU=0.00ms,LCnt=0,GPU%=-1.00,CPU%=-1.00(W-1.00)
10-21 11:58:03.264 16396 16493 I TrackingServiceClient: Implausible tracking state detected!
10-21 11:58:03.264 16396 16493 I TrackingServiceClient: RigidBodyPose WorldFromImu (t = 8218.93, pt = nan, dt = 13.142):
10-21 11:58:03.264 16396 16493 I TrackingServiceClient:    trans : ( -0.0246108, -0.408707, -0.57092 )
10-21 11:58:03.264 16396 16493 I TrackingServiceClient:    : ( -0.992024, 0.00270301, 0.0536566, 0.114026 )
10-21 11:58:03.264 16396 16493 I TrackingServiceClient:   LinearVel : ( 0, 0, 0 )
10-21 11:58:03.264 16396 16493 I TrackingServiceClient:   LinearAcc : ( 0, 0, 0 )
10-21 11:58:03.264 16396 16493 I TrackingServiceClient:   AngularVel : ( 0.00198826, -8.88104e-06, 0.000362954 )
10-21 11:58:03.264 16396 16493 I TrackingServiceClient:   AngularAcc : ( 0.463204, -0.195795, -0.24531 )
10-21 11:58:03.264 16396 16493 I TrackingServiceClient: Implausible sensor time! pt = 13.142
10-21 11:58:03.265 16396 16493 I VrApi   : FPS=0,Prd=0ms,Tear=0,Early=0,Stale=0,VSnc=1,Lat=0,Fov=0,CPU4/GPU=0/0,300/257MHz,OC=FF,TA=0/0/0,SP=N/N/N,Mem=200MHz,Free=1326MB,PSM=0,PLS=0,Temp=34.0C/0.0C,TW=0.00ms,App=0.00ms,GD=0.00ms,CPU&GPU=0.00ms,LCnt=0,GPU%=-1.00,CPU%=-1.00(W-1.00)
10-21 11:58:04.263 16396 16493 I TrackingServiceClient: Implausible tracking state detected!
10-21 11:58:04.264 16396 16493 I TrackingServiceClient: RigidBodyPose WorldFromImu (t = 8218.93, pt = nan, dt = 14.1419):
10-21 11:58:04.264 16396 16493 I TrackingServiceClient:    trans : ( -0.0246108, -0.408707, -0.57092 )
10-21 11:58:04.264 16396 16493 I TrackingServiceClient:    : ( -0.992024, 0.00270301, 0.0536566, 0.114026 )
10-21 11:58:04.264 16396 16493 I TrackingServiceClient:   LinearVel : ( 0, 0, 0 )
10-21 11:58:04.264 16396 16493 I TrackingServiceClient:   LinearAcc : ( 0, 0, 0 )
10-21 11:58:04.265 16396 16493 I TrackingServiceClient:   AngularVel : ( 0.00198826, -8.88104e-06, 0.000362954 )
10-21 11:58:04.265 16396 16493 I TrackingServiceClient:   AngularAcc : ( 0.463204, -0.195795, -0.24531 )
10-21 11:58:04.265 16396 16493 I TrackingServiceClient: Implausible sensor time! pt = 14.1419
10-21 11:58:04.265 16396 16493 I VrApi   : FPS=0,Prd=0ms,Tear=0,Early=0,Stale=0,VSnc=1,Lat=0,Fov=0,CPU4/GPU=0/0,300/257MHz,OC=FF,TA=0/0/0,SP=N/N/N,Mem=200MHz,Free=1326MB,PSM=0,PLS=0,Temp=34.0C/0.0C,TW=0.00ms,App=0.00ms,GD=0.00ms,CPU&GPU=0.00ms,LCnt=0,GPU%=-1.00,CPU%=-1.00(W-1.00)
10-21 11:58:05.263 16396 16493 I TrackingServiceClient: Implausible tracking state detected!
10-21 11:58:05.263 16396 16493 I TrackingServiceClient: RigidBodyPose WorldFromImu (t = 8218.93, pt = nan, dt = 15.1415):
10-21 11:58:05.263 16396 16493 I TrackingServiceClient:    trans : ( -0.0246108, -0.408707, -0.57092 )
10-21 11:58:05.264 16396 16493 I TrackingServiceClient:    : ( -0.992024, 0.00270301, 0.0536566, 0.114026 )
10-21 11:58:05.264 16396 16493 I TrackingServiceClient:   LinearVel : ( 0, 0, 0 )
10-21 11:58:05.264 16396 16493 I TrackingServiceClient:   LinearAcc : ( 0, 0, 0 )
10-21 11:58:05.264 16396 16493 I TrackingServiceClient:   AngularVel : ( 0.00198826, -8.88104e-06, 0.000362954 )
10-21 11:58:05.264 16396 16493 I TrackingServiceClient:   AngularAcc : ( 0.463204, -0.195795, -0.24531 )
10-21 11:58:05.264 16396 16493 I TrackingServiceClient: Implausible sensor time! pt = 15.1415
10-21 11:58:05.265 16396 16493 I VrApi   : FPS=0,Prd=0ms,Tear=0,Early=0,Stale=0,VSnc=1,Lat=0,Fov=0,CPU4/GPU=0/0,300/257MHz,OC=FF,TA=0/0/0,SP=N/N/N,Mem=200MHz,Free=1326MB,PSM=0,PLS=0,Temp=34.0C/0.0C,TW=0.00ms,App=0.00ms,GD=0.00ms,CPU&GPU=0.00ms,LCnt=0,GPU%=-1.00,CPU%=-1.00(W-1.00)
10-21 11:58:06.262 16396 16493 I TrackingServiceClient: Implausible tracking state detected!
10-21 11:58:06.263 16396 16493 I TrackingServiceClient: RigidBodyPose WorldFromImu (t = 8218.93, pt = nan, dt = 16.1409):
10-21 11:58:06.263 16396 16493 I TrackingServiceClient:    trans : ( -0.0246108, -0.408707, -0.57092 )
10-21 11:58:06.263 16396 16493 I TrackingServiceClient:    : ( -0.992024, 0.00270301, 0.0536566, 0.114026 )
10-21 11:58:06.263 16396 16493 I TrackingServiceClient:   LinearVel : ( 0, 0, 0 )
10-21 11:58:06.263 16396 16493 I TrackingServiceClient:   LinearAcc : ( 0, 0, 0 )
10-21 11:58:06.263 16396 16493 I TrackingServiceClient:   AngularVel : ( 0.00198826, -8.88104e-06, 0.000362954 )
10-21 11:58:06.263 16396 16493 I TrackingServiceClient:   AngularAcc : ( 0.463204, -0.195795, -0.24531 )
10-21 11:58:06.263 16396 16493 I TrackingServiceClient: Implausible sensor time! pt = 16.1409
10-21 11:58:06.263 16396 16493 I VrApi   : FPS=0,Prd=0ms,Tear=0,Early=0,Stale=0,VSnc=1,Lat=0,Fov=0,CPU4/GPU=0/0,300/257MHz,OC=FF,TA=0/0/0,SP=N/N/N,Mem=200MHz,Free=1326MB,PSM=0,PLS=0,Temp=34.0C/0.0C,TW=0.00ms,App=0.00ms,GD=0.00ms,CPU&GPU=0.00ms,LCnt=0,GPU%=-1.00,CPU%=-1.00(W-1.00)
10-21 11:58:07.262 16396 16493 I TrackingServiceClient: Implausible tracking state detected!
10-21 11:58:07.263 16396 16493 I TrackingServiceClient: RigidBodyPose WorldFromImu (t = 8218.93, pt = nan, dt = 17.1408):
10-21 11:58:07.263 16396 16493 I TrackingServiceClient:    trans : ( -0.0246108, -0.408707, -0.57092 )
10-21 11:58:07.263 16396 16493 I TrackingServiceClient:    : ( -0.992024, 0.00270301, 0.0536566, 0.114026 )
10-21 11:58:07.263 16396 16493 I TrackingServiceClient:   LinearVel : ( 0, 0, 0 )
10-21 11:58:07.263 16396 16493 I TrackingServiceClient:   LinearAcc : ( 0, 0, 0 )
10-21 11:58:07.263 16396 16493 I TrackingServiceClient:   AngularVel : ( 0.00198826, -8.88104e-06, 0.000362954 )
10-21 11:58:07.263 16396 16493 I TrackingServiceClient:   AngularAcc : ( 0.463204, -0.195795, -0.24531 )
10-21 11:58:07.263 16396 16493 I TrackingServiceClient: Implausible sensor time! pt = 17.1408
10-21 11:58:07.263 16396 16493 I VrApi   : FPS=0,Prd=0ms,Tear=0,Early=0,Stale=0,VSnc=1,Lat=0,Fov=0,CPU4/GPU=0/0,300/257MHz,OC=FF,TA=0/0/0,SP=N/N/N,Mem=200MHz,Free=1327MB,PSM=0,PLS=0,Temp=34.0C/0.0C,TW=0.00ms,App=0.00ms,GD=0.00ms,CPU&GPU=0.00ms,LCnt=0,GPU%=-1.00,CPU%=-1.00(W-1.00)
10-21 11:58:08.266 16396 16493 I TrackingServiceClient: Implausible tracking state detected!
10-21 11:58:08.266 16396 16493 I TrackingServiceClient: RigidBodyPose WorldFromImu (t = 8218.93, pt = nan, dt = 18.1446):
10-21 11:58:08.266 16396 16493 I TrackingServiceClient:    trans : ( -0.0246108, -0.408707, -0.57092 )
10-21 11:58:08.267 16396 16493 I TrackingServiceClient:    : ( -0.992024, 0.00270301, 0.0536566, 0.114026 )
10-21 11:58:08.267 16396 16493 I TrackingServiceClient:   LinearVel : ( 0, 0, 0 )
10-21 11:58:08.267 16396 16493 I TrackingServiceClient:   LinearAcc : ( 0, 0, 0 )
10-21 11:58:08.267 16396 16493 I TrackingServiceClient:   AngularVel : ( 0.00198826, -8.88104e-06, 0.000362954 )
10-21 11:58:08.267 16396 16493 I TrackingServiceClient:   AngularAcc : ( 0.463204, -0.195795, -0.24531 )
10-21 11:58:08.267 16396 16493 I TrackingServiceClient: Implausible sensor time! pt = 18.1446
10-21 11:58:08.267 16396 16493 I VrApi   : FPS=0,Prd=0ms,Tear=0,Early=0,Stale=0,VSnc=1,Lat=0,Fov=0,CPU4/GPU=0/0,300/257MHz,OC=FF,TA=0/0/0,SP=N/N/N,Mem=200MHz,Free=1327MB,PSM=0,PLS=0,Temp=34.0C/0.0C,TW=0.00ms,App=0.00ms,GD=0.00ms,CPU&GPU=0.00ms,LCnt=0,GPU%=-1.00,CPU%=-1.00(W-1.00)
10-21 11:58:09.265 16396 16493 I TrackingServiceClient: Implausible tracking state detected!
10-21 11:58:09.265 16396 16493 I TrackingServiceClient: RigidBodyPose WorldFromImu (t = 8218.93, pt = nan, dt = 19.1436):
10-21 11:58:09.266 16396 16493 I TrackingServiceClient:    trans : ( -0.0246108, -0.408707, -0.57092 )
10-21 11:58:09.266 16396 16493 I TrackingServiceClient:    : ( -0.992024, 0.00270301, 0.0536566, 0.114026 )
10-21 11:58:09.266 16396 16493 I TrackingServiceClient:   LinearVel : ( 0, 0, 0 )
10-21 11:58:09.266 16396 16493 I TrackingServiceClient:   LinearAcc : ( 0, 0, 0 )
10-21 11:58:09.266 16396 16493 I TrackingServiceClient:   AngularVel : ( 0.00198826, -8.88104e-06, 0.000362954 )
10-21 11:58:09.266 16396 16493 I TrackingServiceClient:   AngularAcc : ( 0.463204, -0.195795, -0.24531 )
10-21 11:58:09.266 16396 16493 I TrackingServiceClient: Implausible sensor time! pt = 19.1436
10-21 11:58:09.266 16396 16493 I VrApi   : FPS=0,Prd=0ms,Tear=0,Early=0,Stale=0,VSnc=1,Lat=0,Fov=0,CPU4/GPU=0/0,300/257MHz,OC=FF,TA=0/0/0,SP=N/N/N,Mem=200MHz,Free=1327MB,PSM=0,PLS=0,Temp=34.0C/0.0C,TW=0.00ms,App=0.00ms,GD=0.00ms,CPU&GPU=0.00ms,LCnt=0,GPU%=-1.00,CPU%=-1.00(W-1.00)
10-21 11:58:09.538  1826  1981 I OsSdk   : will wait 60 seconds before retrying
10-21 11:58:09.850 16396 16461 I OsSdk   : will wait 60 seconds before retrying
10-21 11:58:10.265 16396 16493 I TrackingServiceClient: Implausible tracking state detected!
10-21 11:58:10.265 16396 16493 I TrackingServiceClient: RigidBodyPose WorldFromImu (t = 8218.93, pt = nan, dt = 20.1434):
10-21 11:58:10.265 16396 16493 I TrackingServiceClient:    trans : ( -0.0246108, -0.408707, -0.57092 )
10-21 11:58:10.266 16396 16493 I TrackingServiceClient:    : ( -0.992024, 0.00270301, 0.0536566, 0.114026 )
10-21 11:58:10.266 16396 16493 I TrackingServiceClient:   LinearVel : ( 0, 0, 0 )
10-21 11:58:10.266 16396 16493 I TrackingServiceClient:   LinearAcc : ( 0, 0, 0 )
10-21 11:58:10.266 16396 16493 I TrackingServiceClient:   AngularVel : ( 0.00198826, -8.88104e-06, 0.000362954 )
10-21 11:58:10.266 16396 16493 I TrackingServiceClient:   AngularAcc : ( 0.463204, -0.195795, -0.24531 )
10-21 11:58:10.266 16396 16493 I TrackingServiceClient: Implausible sensor time! pt = 20.1434
10-21 11:58:10.266 16396 16493 I VrApi   : FPS=0,Prd=0ms,Tear=0,Early=0,Stale=0,VSnc=1,Lat=0,Fov=0,CPU4/GPU=0/0,300/257MHz,OC=FF,TA=0/0/0,SP=N/N/N,Mem=200MHz,Free=1327MB,PSM=0,PLS=0,Temp=34.0C/0.0C,TW=0.00ms,App=0.00ms,GD=0.00ms,CPU&GPU=0.00ms,LCnt=0,GPU%=-1.00,CPU%=-1.00(W-1.00)
10-21 11:58:11.267 16396 16493 I TrackingServiceClient: Implausible tracking state detected!
10-21 11:58:11.267 16396 16493 I TrackingServiceClient: RigidBodyPose WorldFromImu (t = 8218.93, pt = nan, dt = 21.1454):
10-21 11:58:11.267 16396 16493 I TrackingServiceClient:    trans : ( -0.0246108, -0.408707, -0.57092 )
10-21 11:58:11.267 16396 16493 I TrackingServiceClient:    : ( -0.992024, 0.00270301, 0.0536566, 0.114026 )
10-21 11:58:11.267 16396 16493 I TrackingServiceClient:   LinearVel : ( 0, 0, 0 )
10-21 11:58:11.267 16396 16493 I TrackingServiceClient:   LinearAcc : ( 0, 0, 0 )
10-21 11:58:11.268 16396 16493 I TrackingServiceClient:   AngularVel : ( 0.00198826, -8.88104e-06, 0.000362954 )
10-21 11:58:11.268 16396 16493 I TrackingServiceClient:   AngularAcc : ( 0.463204, -0.195795, -0.24531 )
10-21 11:58:11.268 16396 16493 I TrackingServiceClient: Implausible sensor time! pt = 21.1454
10-21 11:58:11.268 16396 16493 I VrApi   : FPS=0,Prd=0ms,Tear=0,Early=0,Stale=0,VSnc=1,Lat=0,Fov=0,CPU4/GPU=0/0,300/257MHz,OC=FF,TA=0/0/0,SP=N/N/N,Mem=200MHz,Free=1327MB,PSM=0,PLS=0,Temp=34.0C/0.0C,TW=0.00ms,App=0.00ms,GD=0.00ms,CPU&GPU=0.00ms,LCnt=0,GPU%=-1.00,CPU%=-1.00(W-1.00)
10-21 11:58:12.265 16396 16493 I TrackingServiceClient: Implausible tracking state detected!
10-21 11:58:12.266 16396 16493 I TrackingServiceClient: RigidBodyPose WorldFromImu (t = 8218.93, pt = nan, dt = 22.1439):
10-21 11:58:12.266 16396 16493 I TrackingServiceClient:    trans : ( -0.0246108, -0.408707, -0.57092 )
10-21 11:58:12.266 16396 16493 I TrackingServiceClient:    : ( -0.992024, 0.00270301, 0.0536566, 0.114026 )
10-21 11:58:12.266 16396 16493 I TrackingServiceClient:   LinearVel : ( 0, 0, 0 )
10-21 11:58:12.266 16396 16493 I TrackingServiceClient:   LinearAcc : ( 0, 0, 0 )
10-21 11:58:12.266 16396 16493 I TrackingServiceClient:   AngularVel : ( 0.00198826, -8.88104e-06, 0.000362954 )
10-21 11:58:12.267 16396 16493 I TrackingServiceClient:   AngularAcc : ( 0.463204, -0.195795, -0.24531 )
10-21 11:58:12.267 16396 16493 I TrackingServiceClient: Implausible sensor time! pt = 22.1439
10-21 11:58:12.267 16396 16493 I VrApi   : FPS=0,Prd=0ms,Tear=0,Early=0,Stale=0,VSnc=1,Lat=0,Fov=0,CPU4/GPU=0/0,300/257MHz,OC=FF,TA=0/0/0,SP=N/N/N,Mem=200MHz,Free=1327MB,PSM=0,PLS=0,Temp=34.0C/0.0C,TW=0.00ms,App=0.00ms,GD=0.00ms,CPU&GPU=0.00ms,LCnt=0,GPU%=-1.00,CPU%=-1.00(W-1.00)
10-21 11:58:12.603   643   854 I OsSdk   : will wait 60 seconds before retrying
10-21 11:58:12.911  1579  1836 I OsSdk   : will wait 60 seconds before retrying
