11-08 16:33:32.536   716  2712 D VrApiService: CPU_CLUSTER_1: No client requests exists, release clocks
11-08 16:33:32.537   716  2712 D VrApiService: GPU: No client requests exists, release clocks
11-08 16:33:32.537   716  2712 D VrApiService: CPUBW: No client requests exists, release clocks
11-08 16:33:32.538   716  2712 D VrApiService: GPUBW: No client requests exists, release clocks
11-08 16:33:32.538  2135 21857 I Clocks  : ReleaseClocks - end (2.0 ms)
11-08 16:33:32.538  2135 21857 I Clocks  : LockClocks( cpu=4, gpu=5 ) - start
11-08 16:33:32.538  2135 21857 I Clocks  : CPU levels [0, 4]
11-08 16:33:32.538  2135 21857 I Clocks  : GPU levels [0, 5]
11-08 16:33:32.539   716 11201 D VrApiService: CPU_CLUSTER_0: Client 2135 sends freq request [21, 21]
11-08 16:33:32.539   716 11201 D VrApiService: CPU_CLUSTER_0: Next Perf Level = (21, 21)
11-08 16:33:32.539   716 11201 D VrApiService: CPU_CLUSTER_1: Client 2135 sends freq request [26, 26]
11-08 16:33:32.539   716 11201 D VrApiService: CPU_CLUSTER_1: Next Perf Level = (26, 26)
11-08 16:33:32.539   716 11201 D VrApiService: CPUBW: Client 2135 sends freq request [8, 11]
11-08 16:33:32.539   716 11201 D VrApiService: CPUBW: Next Perf Level = (8, 11)
11-08 16:33:32.540   716 11201 D VrApiService: GPUBW: Client 2135 sends freq request [9, 11]
11-08 16:33:32.540   716 11201 D VrApiService: GPUBW: Next Perf Level = (9, 11)
11-08 16:33:32.540   716 11201 D VrApiService: GPU: Client 2135 sends freq request [7, 7]
11-08 16:33:32.540   716 11201 D VrApiService: GPU: Next Perf Level = (7, 7)
11-08 16:33:32.540  2135 21857 I Clocks  : LockClocks( cpu=4, gpu=5 ) - end (2.6 ms)
11-08 16:33:32.668 21732 22119 W InputDeviceManager: AddPairToDeviceListMapping called when index already exists in the vector index: 1,  id: 536870915
11-08 16:33:32.682 21732 22119 W InputDeviceManager: AddPairToDeviceListMapping called when index already exists in the vector index: 1,  id: 536870915
11-08 16:33:32.793 21732 22119 W InputDeviceManager: AddPairToDeviceListMapping called when index already exists in the vector index: 1,  id: 536870915
11-08 16:33:32.807 21732 21748 W InputDeviceManager: AddPairToDeviceListMapping called when index already exists in the vector index: 1,  id: 536870915
11-08 16:33:32.877 21732 21748 W InputDeviceManager: AddPairToDeviceListMapping called when index already exists in the vector index: 1,  id: 536870915
11-08 16:33:33.100 21732 22119 W InputDeviceManager: AddPairToDeviceListMapping called when index already exists in the vector index: 1,  id: 536870915
11-08 16:33:33.211 21732 22119 W InputDeviceManager: AddPairToDeviceListMapping called when index already exists in the vector index: 1,  id: 536870915
11-08 16:33:33.253 21732 22119 W InputDeviceManager: AddPairToDeviceListMapping called when index already exists in the vector index: 1,  id: 536870915
11-08 16:33:33.267 21732 21748 W InputDeviceManager: AddPairToDeviceListMapping called when index already exists in the vector index: 1,  id: 536870915
11-08 16:33:33.323 21732 21748 W InputDeviceManager: AddPairToDeviceListMapping called when index already exists in the vector index: 1,  id: 536870915
11-08 16:33:33.331  2021 22147 W LibraryStorage: Unable to move cursor to the first position
11-08 16:33:33.331  2021 22147 I LibraryStorage: Successfully cleared 14 entitlements
11-08 16:33:33.331  2021 22147 I LibraryStorage: Beginning save for 14/14 apps
11-08 16:33:33.354 21732 21748 D UE4     : [2019.11.08-07.33.33:354][ 61]LogNet: Browse: /Game/Game/Level/Maps/Play/Play
11-08 16:33:33.363  2021 22147 I LibraryStorage: Successfully saved 14 entitlements. Total entitlements: 14
11-08 16:33:33.363  2021 22147 I LibraryStorage: notifying: content://com.oculus.ocms.library/apps
11-08 16:33:33.364 21732 21748 D UE4     : [2019.11.08-07.33.33:364][ 61]LogHMD: FSplash::OnShow
11-08 16:33:33.364  2021  2185 W LibraryProvider: Cannot find entitlement for com.YourCompany.LastResisters
11-08 16:33:33.364 21732 21748 D UE4     : [2019.11.08-07.33.33:364][ 61]LogLoad: LoadMap: /Game/Game/Level/Maps/Play/Play
11-08 16:33:33.364 21732 21748 D UE4     : [2019.11.08-07.33.33:364][ 61]LogWorld: BeginTearingDown for /Game/Game/Level/Maps/Play/Play
11-08 16:33:33.365  1764  1981 W OVRLibrary: null cursor received for query content://com.oculus.ocms.library/apps/com.YourCompany.LastResisters
11-08 16:33:33.365  1764  1981 I SDKLoggingService: Unable to find AppId for package (com.YourCompany.LastResisters)
11-08 16:33:33.366 21732 21748 D UE4     : [2019.11.08-07.33.33:366][ 61]LogWorld: UWorld::CleanupWorld for Play, bSessionEnded=true, bCleanupResources=true
11-08 16:33:33.378 21732 21798 D UE4     : [2019.11.08-07.33.33:378][ 61]LogAudioMixer: Display: No commands were queued while flushing the source manager.
11-08 16:33:33.393 21732 21750 D UE4     : Used memory: 423873
11-08 16:33:33.421   712 21842 I [CT]    : MANAGEMENT:CONSTELLATION: Status=GREEN,, Obj=1122628778328220990,6DOF=1,FusJit=0.008mm,Issues(Cam/min=  0,IMU/min=0), Obj=6776806836185477697,6DOF=1,FusJit=0.0mm,Issues(Cam/min=  0,IMU/min=0)
11-08 16:33:33.426 21732 21748 D UE4     : [2019.11.08-07.33.33:426][ 61]LogUObjectHash: Compacting FUObjectHashTables data took   2.71ms
11-08 16:33:33.476 21732 21748 D UE4     : [2019.11.08-07.33.33:476][ 61]LogStreaming: Display: Flushing async loaders.
11-08 16:33:33.540 21732 21748 D UE4     : [2019.11.08-07.33.33:540][ 61]LogAIModule: Creating AISystem for world Play
11-08 16:33:33.540 21732 21748 D UE4     : [2019.11.08-07.33.33:540][ 61]LogLoad: Game class is 'GameModeBase'
11-08 16:33:33.543 21732 21748 D UE4     : [2019.11.08-07.33.33:543][ 61]LogPhysics: Warning: Initialising Body : Scale3D is (nearly) zero: 
11-08 16:33:33.543 21732 21748 D UE4     : [2019.11.08-07.33.33:543][ 61]LogWorld: Bringing World /Game/Game/Level/Maps/Play/Play.Play up for play (max tick rate 0) at 2019.11.08-16.33.33
11-08 16:33:33.544 21732 21748 D UE4     : [2019.11.08-07.33.33:544][ 61]LogWorld: Bringing up level for play took: 0.002555
11-08 16:33:33.544 21732 21748 D UE4     : [2019.11.08-07.33.33:544][ 61]LogOnline: OSS: Creating online subsystem instance for: GooglePlay
11-08 16:33:33.544 21732 21748 D UE4     : [2019.11.08-07.33.33:544][ 61]LogOnline: Warning: OSS: FOnlineSubsystemGooglePlayModule was disabled
11-08 16:33:33.544 21732 21748 D UE4     : [2019.11.08-07.33.33:544][ 61]LogGameMode: FindPlayerStart: PATHS NOT DEFINED or NO PLAYERSTART with positive rating
11-08 16:33:33.547 21732 21748 D UE4     : [2019.11.08-07.33.33:547][ 61]LogLoad: Took 0.182919 seconds to LoadMap(/Game/Game/Level/Maps/Play/Play)
11-08 16:33:33.547 21732 21748 D UE4     : [2019.11.08-07.33.33:547][ 61]LogHMD: FSplash::OnHide
11-08 16:33:33.595  1055  1242 E TaskPersister: File error accessing recents directory (directory doesn't exist?).
11-08 16:33:33.639 21732 22110 I Telemetry: App memory usage: PSS=422MB
11-08 16:33:33.646 21732 22110 I VrApi   : FPS=1,Prd=16ms,Tear=0,Early=0,Stale=72,VSnc=0,Lat=1,Fov=0,CPU4/GPU=4/4,2304/710MHz,OC=FF,TA=0/E0/E0,SP=N/F/F,Mem=1804MHz,Free=1585MB,PSM=0,PLS=0,Temp=33.0C/0.0C,TW=2.71ms,App=16.62ms,GD=0.53ms,CPU&GPU=6.98ms,LCnt=1,GPU%=0.95,CPU%=0.28(W0.32)
11-08 16:33:33.650  1493  1493 D ControllerNotifications: Enabling notifications
11-08 16:33:33.652  1493  1493 I ControllerNotifications: Updating input notifications based on state ConnectedBatteryNormal
11-08 16:33:33.655  1493  1493 I ControllerNotifications: Updating input notifications based on state ConnectedBatteryNormal
11-08 16:33:33.692 21732 22119 W InputDeviceManager: AddPairToDeviceListMapping called when index already exists in the vector index: 1,  id: 536870915
11-08 16:33:33.712 21732 22119 W InputDeviceManager: AddPairToDeviceListMapping called when index already exists in the vector index: 1,  id: 536870915
11-08 16:33:33.893 21732 22119 W InputDeviceManager: AddPairToDeviceListMapping called when index already exists in the vector index: 1,  id: 536870915
11-08 16:33:33.921 21732 21748 W InputDeviceManager: AddPairToDeviceListMapping called when index already exists in the vector index: 1,  id: 536870915
11-08 16:33:33.977 21732 22119 W InputDeviceManager: AddPairToDeviceListMapping called when index already exists in the vector index: 1,  id: 536870915
11-08 16:33:34.005 21732 21748 W InputDeviceManager: AddPairToDeviceListMapping called when index already exists in the vector index: 1,  id: 536870915
11-08 16:33:34.088 21732 22119 W InputDeviceManager: AddPairToDeviceListMapping called when index already exists in the vector index: 1,  id: 536870915
11-08 16:33:34.116 21732 21748 W InputDeviceManager: AddPairToDeviceListMapping called when index already exists in the vector index: 1,  id: 536870915
11-08 16:33:34.158 21732 22119 W InputDeviceManager: AddPairToDeviceListMapping called when index already exists in the vector index: 1,  id: 536870915
11-08 16:33:34.270   541 12833 V msm8974_platform: platform_get_parameters: exit: returns - snd_device_in=none
11-08 16:33:34.270   541 12833 V audio_hw_primary: adev_get_parameters: exit: returns - snd_device_in=none
11-08 16:33:34.270   541 12833 I hash_map_utils: key: 'snd_device_in' value: ''
11-08 16:33:34.271   541   596 V msm8974_platform: platform_get_parameters: exit: returns - snd_device_out=speaker
11-08 16:33:34.271   541   596 V audio_hw_primary: adev_get_parameters: exit: returns - snd_device_out=speaker
11-08 16:33:34.271   541   596 I hash_map_utils: key: 'snd_device_out' value: ''
11-08 16:33:34.292 21732 22188 D UE4     : [2019.11.08-07.33.34:292][ 97]LogTcpMessaging: Started Connection to '127.0.0.1:39578'
11-08 16:33:34.292 21732 22188 D UE4     : [2019.11.08-07.33.34:292][ 97]LogTcpMessaging: Discovered node '4E3B9971446492A4D0E4C2810F5AF5F3' on connection '127.0.0.1:39578'...
11-08 16:33:34.306 21732 22110 I VrApi   : FPS=57,Prd=43ms,Tear=0,Early=0,Stale=50,VSnc=1,Lat=1,Fov=0,CPU4/GPU=4/5,2304/710MHz,OC=FF,TA=0/E0/E0,SP=N/F/F,Mem=1804MHz,Free=1575MB,PSM=0,PLS=0,Temp=33.0C/0.0C,TW=2.72ms,App=15.82ms,GD=0.51ms,CPU&GPU=22.75ms,LCnt=1,GPU%=0.91,CPU%=0.23(W0.29)
11-08 16:33:34.609   712 21936 I [CT]    : VIPER: [floorplane] Floor height has been updated to 1.12101 meters.
11-08 16:33:34.701 21732 22119 W InputDeviceManager: AddPairToDeviceListMapping called when index already exists in the vector index: 1,  id: 536870915
11-08 16:33:34.743 21732 21748 W InputDeviceManager: AddPairToDeviceListMapping called when index already exists in the vector index: 1,  id: 536870915
11-08 16:33:34.757 21732 22119 W InputDeviceManager: AddPairToDeviceListMapping called when index already exists in the vector index: 1,  id: 536870915
11-08 16:33:34.881   712 21843 I [CT]    : Viper:Map_Manager: State: TRACKING_PERSISTENT, UUID=ddbf46f9-2dca-4c55-aad6-82db99e2cc82, Num. Persistent maps = 5,  Persistent maps:c35d16fd-2f43-4aee-acdd-50817cc71f4c,ddbf46f9-2dca-4c55-aad6-82db99e2cc82,e88738b8-3abe-42c7-89b3-80158ce05742,67aea901-b572-42b7-9d58-b3f32e26f466,c039ea76-57b5-4c41-9a99-f1bc208bbafc,, Ser. Disabled = 00000000-0000-0000-0000-000000000000
11-08 16:33:34.906   712 21936 I [CT]    : VIPER: [floorplane] Floor height has been updated to 1.11274 meters.
11-08 16:33:34.916  2135 21863 I GuardianRender: GuardianRender: Rendering status changed: false
11-08 16:33:34.924 21732 22119 W InputDeviceManager: AddPairToDeviceListMapping called when index already exists in the vector index: 1,  id: 536870915
11-08 16:33:35.049 21732 21748 W InputDeviceManager: AddPairToDeviceListMapping called when index already exists in the vector index: 1,  id: 536870915
11-08 16:33:35.091 21732 21748 W InputDeviceManager: AddPairToDeviceListMapping called when index already exists in the vector index: 1,  id: 536870915
11-08 16:33:35.119 21732 22119 W InputDeviceManager: AddPairToDeviceListMapping called when index already exists in the vector index: 1,  id: 536870915
11-08 16:33:35.160 21732 22119 W InputDeviceManager: AddPairToDeviceListMapping called when index already exists in the vector index: 1,  id: 536870915
11-08 16:33:35.250  2135 21863 I TimeWarp: UpdateClockLevels: Apply pending clock request change: 4,5 -> 4,4
11-08 16:33:35.250  2135 21857 I Clocks  : ReleaseClocks - start
11-08 16:33:35.252   716   716 D VrApiService: CPU_CLUSTER_0: No client requests exists, release clocks
11-08 16:33:35.252   716   716 D VrApiService: CPU_CLUSTER_1: No client requests exists, release clocks
11-08 16:33:35.252   716   716 D VrApiService: GPU: No client requests exists, release clocks
11-08 16:33:35.252   716   716 D VrApiService: CPUBW: No client requests exists, release clocks
11-08 16:33:35.252   716   716 D VrApiService: GPUBW: No client requests exists, release clocks
11-08 16:33:35.253  2135 21857 I Clocks  : ReleaseClocks - end (2.6 ms)
11-08 16:33:35.253  2135 21857 I Clocks  : LockClocks( cpu=4, gpu=4 ) - start
11-08 16:33:35.254  2135 21857 I Clocks  : CPU levels [0, 4]
11-08 16:33:35.254  2135 21857 I Clocks  : GPU levels [0, 5]
11-08 16:33:35.256   716   716 D VrApiService: CPU_CLUSTER_0: Client 2135 sends freq request [21, 21]
11-08 16:33:35.256   716   716 D VrApiService: CPU_CLUSTER_0: Next Perf Level = (21, 21)
11-08 16:33:35.257   716   716 D VrApiService: CPU_CLUSTER_1: Client 2135 sends freq request [26, 26]
11-08 16:33:35.257   716   716 D VrApiService: CPU_CLUSTER_1: Next Perf Level = (26, 26)
11-08 16:33:35.257   716   716 D VrApiService: CPUBW: Client 2135 sends freq request [8, 11]
11-08 16:33:35.257   716   716 D VrApiService: CPUBW: Next Perf Level = (8, 11)
11-08 16:33:35.257   716   716 D VrApiService: GPUBW: Client 2135 sends freq request [9, 11]
11-08 16:33:35.257   716   716 D VrApiService: GPUBW: Next Perf Level = (9, 11)
11-08 16:33:35.258   716   716 D VrApiService: GPU: Client 2135 sends freq request [6, 6]
11-08 16:33:35.258   716   716 D VrApiService: GPU: Next Perf Level = (6, 6)
11-08 16:33:35.258  2135 21857 I Clocks  : LockClocks( cpu=4, gpu=4 ) - end (5.1 ms)
11-08 16:33:35.306 21732 22110 I VrApi   : FPS=56,Prd=44ms,Tear=0,Early=16,Stale=39,VSnc=1,Lat=1,Fov=0,CPU4/GPU=4/5,2304/670MHz,OC=FF,TA=0/E0/E0,SP=N/F/F,Mem=1804MHz,Free=1576MB,PSM=0,PLS=0,Temp=33.0C/0.0C,TW=2.73ms,App=16.70ms,GD=0.51ms,CPU&GPU=17.87ms,LCnt=1,GPU%=0.96,CPU%=0.26(W0.32)
11-08 16:33:35.355 21732 21748 W InputDeviceManager: AddPairToDeviceListMapping called when index already exists in the vector index: 1,  id: 536870915
11-08 16:33:35.411 21732 21748 W InputDeviceManager: AddPairToDeviceListMapping called when index already exists in the vector index: 1,  id: 536870915
11-08 16:33:35.417   712 21843 I [CT]    : VIPER: Status=6DoF,TRACKING,KF=174,Inl=311,Pts=448,Jit=0.2mm,Issues(Cam/min=0.0,IMU/min=0.0),Exp=(5.1ms,g=5,I=104)(5.2ms,g=3,I=99)(5.1ms,g=5,I=93)(4.6ms,g=4,I=97)
11-08 16:33:35.425 21732 22119 W InputDeviceManager: AddPairToDeviceListMapping called when index already exists in the vector index: 1,  id: 536870915
11-08 16:33:35.509 21732 21748 W InputDeviceManager: AddPairToDeviceListMapping called when index already exists in the vector index: 1,  id: 536870915
11-08 16:33:35.520   712 21936 I [CT]    : VIPER: [floorplane] Floor height has been updated to 1.10228 meters.
11-08 16:33:35.578 21732 21748 W InputDeviceManager: AddPairToDeviceListMapping called when index already exists in the vector index: 1,  id: 536870915
11-08 16:33:35.620 21732 21748 W InputDeviceManager: AddPairToDeviceListMapping called when index already exists in the vector index: 1,  id: 536870915
11-08 16:33:35.704 21732 22119 W InputDeviceManager: AddPairToDeviceListMapping called when index already exists in the vector index: 1,  id: 536870915
11-08 16:33:35.731 21732 21748 W InputDeviceManager: AddPairToDeviceListMapping called when index already exists in the vector index: 1,  id: 536870915
11-08 16:33:35.745 21732 21748 W InputDeviceManager: AddPairToDeviceListMapping called when index already exists in the vector index: 1,  id: 536870915
11-08 16:33:35.871 21732 21748 W InputDeviceManager: AddPairToDeviceListMapping called when index already exists in the vector index: 1,  id: 536870915
11-08 16:33:35.912 21732 21748 W InputDeviceManager: AddPairToDeviceListMapping called when index already exists in the vector index: 1,  id: 536870915
11-08 16:33:36.038 21732 21748 W InputDeviceManager: AddPairToDeviceListMapping called when index already exists in the vector index: 1,  id: 536870915
11-08 16:33:36.086   712 21936 I [CT]    : VIPER: [floorplane] Floor height has been updated to 1.10507 meters.
11-08 16:33:36.191 21732 21748 W InputDeviceManager: AddPairToDeviceListMapping called when index already exists in the vector index: 1,  id: 536870915
11-08 16:33:36.291   541   596 V msm8974_platform: platform_get_parameters: exit: returns - snd_device_in=none
11-08 16:33:36.291   541   596 V audio_hw_primary: adev_get_parameters: exit: returns - snd_device_in=none
11-08 16:33:36.291   541   596 I hash_map_utils: key: 'snd_device_in' value: ''
11-08 16:33:36.291   541 29386 V msm8974_platform: platform_get_parameters: exit: returns - snd_device_out=speaker
11-08 16:33:36.291   541 29386 V audio_hw_primary: adev_get_parameters: exit: returns - snd_device_out=speaker
11-08 16:33:36.291   541 29386 I hash_map_utils: key: 'snd_device_out' value: ''
11-08 16:33:36.304 21732 22110 I VrApi   : FPS=55,Prd=45ms,Tear=0,Early=0,Stale=45,VSnc=1,Lat=1,Fov=0,CPU4/GPU=4/5,2304/670MHz,OC=FF,TA=0/E0/E0,SP=N/F/F,Mem=1804MHz,Free=1579MB,PSM=0,PLS=0,Temp=33.0C/0.0C,TW=2.13ms,App=17.67ms,GD=0.00ms,CPU&GPU=22.51ms,LCnt=1,GPU%=0.95,CPU%=0.29(W0.33)
11-08 16:33:36.423   712 21842 I [CT]    : MANAGEMENT:CONSTELLATION: Status=GREEN,, Obj=1122628778328220990,6DOF=1,FusJit=0.006mm,Issues(Cam/min=  0,IMU/min=0), Obj=6776806836185477697,6DOF=1,FusJit=0.0mm,Issues(Cam/min=  0,IMU/min=0)
11-08 16:33:36.511 21732 21748 W InputDeviceManager: AddPairToDeviceListMapping called when index already exists in the vector index: 1,  id: 536870915
11-08 16:33:36.539 21732 22119 W InputDeviceManager: AddPairToDeviceListMapping called when index already exists in the vector index: 1,  id: 536870915
11-08 16:33:36.622 21732 21748 W InputDeviceManager: AddPairToDeviceListMapping called when index already exists in the vector index: 1,  id: 536870915
11-08 16:33:36.650 21732 22119 W InputDeviceManager: AddPairToDeviceListMapping called when index already exists in the vector index: 1,  id: 536870915
11-08 16:33:36.692 21732 22119 W InputDeviceManager: AddPairToDeviceListMapping called when index already exists in the vector index: 1,  id: 536870915
11-08 16:33:36.845 21732 21748 W InputDeviceManager: AddPairToDeviceListMapping called when index already exists in the vector index: 1,  id: 536870915
11-08 16:33:36.859 21732 21748 W InputDeviceManager: AddPairToDeviceListMapping called when index already exists in the vector index: 1,  id: 536870915
11-08 16:33:36.894   712 21936 I [CT]    : VIPER: [floorplane] Floor height has been updated to 1.11029 meters.
11-08 16:33:36.901 21732 21748 W InputDeviceManager: AddPairToDeviceListMapping called when index already exists in the vector index: 1,  id: 536870915
11-08 16:33:37.082 21732 22119 W InputDeviceManager: AddPairToDeviceListMapping called when index already exists in the vector index: 1,  id: 536870915
11-08 16:33:37.166 21732 22119 W InputDeviceManager: AddPairToDeviceListMapping called when index already exists in the vector index: 1,  id: 536870915
11-08 16:33:37.184   712 21936 I [CT]    : VIPER: [floorplane] Floor height has been updated to 1.11277 meters.
11-08 16:33:37.196 25559 25574 I OsSdk   : will wait 60 seconds before retrying
11-08 16:33:37.283   712 21843 I [CT]    : HealthReport: ==================================================
11-08 16:33:37.283   712 21843 I [CT]    : Health Report
11-08 16:33:37.283   712 21843 I [CT]    : -------------
11-08 16:33:37.283   712 21843 I [CT]    : 
11-08 16:33:37.283   712 21843 I [CT]    : Reporter #1 (InsideOutHealthMonitor) summary:
11-08 16:33:37.283   712 21843 I [CT]    : Camera: Total Dropped: 0.000000, Total Frame Count: 2127 (0.000000%), Camera Reset Count: 0
11-08 16:33:37.283   712 21843 I [CT]    : Camera: Total Single Camera Frame Dropped: 0, Total Frame Count: 2127 (0.000000%)
11-08 16:33:37.283   712 21843 I [CT]    : IMU: Total Dropped: 0.000000, Total Sample Count: 171856 (0.000000%)
11-08 16:33:37.283   712 21843 I [CT]    : Magnetometer: Total Dropped: 0.000000, Total Sample Count: 5156 (0.000000%)
11-08 16:33:37.283   712 21843 I [CT]    : 
11-08 16:33:37.283   712 21843 I [CT]    : Reporter #1 (InsideOutHealthMonitor) Passed
11-08 16:33:37.283   712 21843 I [CT]    : --------------------------------------------------
11-08 16:33:37.283   712 21843 I [CT]    : Reporter #2 (ConstellationHealthMonitor) summary:
11-08 16:33:37.283   712 21843 I [CT]    : Camera: Total Dropped: 0.000000, Total Frame Count: 2129 (0.000000%), Camera Reset Count: 3
11-08 16:33:37.283   712 21843 I [CT]    : Camera: Total Single Camera Frame Dropped: 0, Total Frame Count: 2129 (0.000000%)
11-08 16:33:37.283   712 21843 I [CT]    : Controller 1122628778328220990:
11-08 16:33:37.283   712 21843 I [CT]    : IMU: Capture period exceeded threshold.  Largest period: 0.907296 sec
11-08 16:33:37.283   712 21843 I [CT]    : Controllers may have been sleeping
11-08 16:33:37.283   712 21843 I [CT]    : IMU: Total Dropped: 12.007500, Total Sample Count: 85567.325500 (0.014033%)
11-08 16:33:37.283   712 21843 I [CT]    : Controller 6776806836185477697:
11-08 16:33:37.291 21732 21748 W InputDeviceManager: AddPairToDeviceListMapping called when index already exists in the vector index: 1,  id: 536870915
11-08 16:33:37.304 21732 22110 I VrApi   : FPS=59,Prd=45ms,Tear=0,Early=0,Stale=38,VSnc=1,Lat=1,Fov=0,CPU4/GPU=4/4,2304/670MHz,OC=FF,TA=0/E0/E0,SP=N/F/F,Mem=1804MHz,Free=1579MB,PSM=0,PLS=0,Temp=33.0C/0.0C,TW=2.13ms,App=16.69ms,GD=0.00ms,CPU&GPU=21.70ms,LCnt=1,GPU%=0.92,CPU%=0.28(W0.30)
11-08 16:33:37.388 21732 22119 W InputDeviceManager: AddPairToDeviceListMapping called when index already exists in the vector index: 1,  id: 536870915
11-08 16:33:37.458 21732 21748 W InputDeviceManager: AddPairToDeviceListMapping called when index already exists in the vector index: 1,  id: 536870915
11-08 16:33:37.583 21732 22119 W InputDeviceManager: AddPairToDeviceListMapping called when index already exists in the vector index: 1,  id: 536870915
11-08 16:33:37.611 21732 21748 W InputDeviceManager: AddPairToDeviceListMapping called when index already exists in the vector index: 1,  id: 536870915
11-08 16:33:37.625 21732 21748 W InputDeviceManager: AddPairToDeviceListMapping called when index already exists in the vector index: 1,  id: 536870915
11-08 16:33:37.750 21732 22119 W InputDeviceManager: AddPairToDeviceListMapping called when index already exists in the vector index: 1,  id: 536870915
11-08 16:33:37.834 21732 21748 W InputDeviceManager: AddPairToDeviceListMapping called when index already exists in the vector index: 1,  id: 536870915
11-08 16:33:37.884   712 21843 I [CT]    : Viper:Map_Manager: State: TRACKING_PERSISTENT, UUID=ddbf46f9-2dca-4c55-aad6-82db99e2cc82, Num. Persistent maps = 5,  Persistent maps:c35d16fd-2f43-4aee-acdd-50817cc71f4c,ddbf46f9-2dca-4c55-aad6-82db99e2cc82,e88738b8-3abe-42c7-89b3-80158ce05742,67aea901-b572-42b7-9d58-b3f32e26f466,c039ea76-57b5-4c41-9a99-f1bc208bbafc,, Ser. Disabled = 00000000-0000-0000-0000-000000000000
11-08 16:33:37.945 21732 21748 W InputDeviceManager: AddPairToDeviceListMapping called when index already exists in the vector index: 1,  id: 536870915
11-08 16:33:37.959 21732 21748 W InputDeviceManager: AddPairToDeviceListMapping called when index already exists in the vector index: 1,  id: 536870915
11-08 16:33:38.070 21732 22119 W InputDeviceManager: AddPairToDeviceListMapping called when index already exists in the vector index: 1,  id: 536870915
11-08 16:33:38.112 21732 22119 W InputDeviceManager: AddPairToDeviceListMapping called when index already exists in the vector index: 1,  id: 536870915
11-08 16:33:38.182 21732 21748 W InputDeviceManager: AddPairToDeviceListMapping called when index already exists in the vector index: 1,  id: 536870915
11-08 16:33:38.192   712 21936 I [CT]    : VIPER: [floorplane] Floor height has been updated to 1.11111 meters.
11-08 16:33:38.224 21732 21748 W InputDeviceManager: AddPairToDeviceListMapping called when index already exists in the vector index: 1,  id: 536870915
11-08 16:33:38.265 21732 21748 W InputDeviceManager: AddPairToDeviceListMapping called when index already exists in the vector index: 1,  id: 536870915
11-08 16:33:38.304 21732 22110 I VrApi   : FPS=56,Prd=45ms,Tear=0,Early=0,Stale=44,VSnc=1,Lat=1,Fov=0,CPU4/GPU=4/4,2304/670MHz,OC=FF,TA=0/E0/E0,SP=N/F/F,Mem=1804MHz,Free=1580MB,PSM=0,PLS=0,Temp=33.0C/0.0C,TW=2.12ms,App=17.47ms,GD=0.00ms,CPU&GPU=21.82ms,LCnt=1,GPU%=0.97,CPU%=0.24(W0.37)
11-08 16:33:38.304   541 29386 V msm8974_platform: platform_get_parameters: exit: returns - snd_device_in=none
11-08 16:33:38.305   541 29386 V audio_hw_primary: adev_get_parameters: exit: returns - snd_device_in=none
11-08 16:33:38.305   541 29386 I hash_map_utils: key: 'snd_device_in' value: ''
11-08 16:33:38.305   541  4519 V msm8974_platform: platform_get_parameters: exit: returns - snd_device_out=speaker
11-08 16:33:38.305   541  4519 V audio_hw_primary: adev_get_parameters: exit: returns - snd_device_out=speaker
11-08 16:33:38.305   541  4519 I hash_map_utils: key: 'snd_device_out' value: ''
11-08 16:33:38.391 21732 22119 W InputDeviceManager: AddPairToDeviceListMapping called when index already exists in the vector index: 1,  id: 536870915
11-08 16:33:38.415   712 21843 I [CT]    : VIPER: Status=6DoF,TRACKING,KF=177,Inl=256,Pts=476,Jit=0.4mm,Issues(Cam/min=0.0,IMU/min=0.0),Exp=(3.8ms,g=3,I=97)(5.2ms,g=2,I=97)(3.8ms,g=3,I=102)(5.2ms,g=2,I=99)
11-08 16:33:38.474 21732 21748 W InputDeviceManager: AddPairToDeviceListMapping called when index already exists in the vector index: 1,  id: 536870915
11-08 16:33:38.558 21732 21748 W InputDeviceManager: AddPairToDeviceListMapping called when index already exists in the vector index: 1,  id: 536870915
11-08 16:33:38.586 21732 21748 W InputDeviceManager: AddPairToDeviceListMapping called when index already exists in the vector index: 1,  id: 536870915
11-08 16:33:38.809 21732 21748 W InputDeviceManager: AddPairToDeviceListMapping called when index already exists in the vector index: 1,  id: 536870915
11-08 16:33:38.836 21732 22119 W InputDeviceManager: AddPairToDeviceListMapping called when index already exists in the vector index: 1,  id: 536870915
11-08 16:33:38.920 21732 21748 W InputDeviceManager: AddPairToDeviceListMapping called when index already exists in the vector index: 1,  id: 536870915
11-08 16:33:38.950  1055  4534 I OsSdk   : will wait 60 seconds before retrying
11-08 16:33:38.976 21732 22119 W InputDeviceManager: AddPairToDeviceListMapping called when index already exists in the vector index: 1,  id: 536870915
11-08 16:33:39.004 21732 21748 W InputDeviceManager: AddPairToDeviceListMapping called when index already exists in the vector index: 1,  id: 536870915
11-08 16:33:39.087 21732 21748 W InputDeviceManager: AddPairToDeviceListMapping called when index already exists in the vector index: 1,  id: 536870915
11-08 16:33:39.254 21732 22119 W InputDeviceManager: AddPairToDeviceListMapping called when index already exists in the vector index: 1,  id: 536870915
11-08 16:33:39.306 21732 22110 I VrApi   : FPS=60,Prd=44ms,Tear=0,Early=0,Stale=38,VSnc=1,Lat=1,Fov=0,CPU4/GPU=4/4,2304/670MHz,OC=FF,TA=0/E0/E0,SP=N/F/F,Mem=1804MHz,Free=1581MB,PSM=0,PLS=0,Temp=33.0C/0.0C,TW=2.13ms,App=14.87ms,GD=0.00ms,CPU&GPU=21.47ms,LCnt=1,GPU%=0.95,CPU%=0.27(W0.38)
11-08 16:33:39.379 21732 22119 W InputDeviceManager: AddPairToDeviceListMapping called when index already exists in the vector index: 1,  id: 536870915
11-08 16:33:39.407 21732 22119 W InputDeviceManager: AddPairToDeviceListMapping called when index already exists in the vector index: 1,  id: 536870915
11-08 16:33:39.428   712 21842 I [CT]    : MANAGEMENT:CONSTELLATION: Status=GREEN,, Obj=1122628778328220990,6DOF=1,FusJit=0.008mm,Issues(Cam/min=  0,IMU/min=0), Obj=6776806836185477697,6DOF=1,FusJit=0.1mm,Issues(Cam/min=  0,IMU/min=0)
11-08 16:33:39.644 21732 21748 W InputDeviceManager: AddPairToDeviceListMapping called when index already exists in the vector index: 1,  id: 536870915
11-08 16:33:39.686 21732 22119 W InputDeviceManager: AddPairToDeviceListMapping called when index already exists in the vector index: 1,  id: 536870915
11-08 16:33:39.755 21732 22119 W InputDeviceManager: AddPairToDeviceListMapping called when index already exists in the vector index: 1,  id: 536870915
11-08 16:33:39.769 21732 21748 W InputDeviceManager: AddPairToDeviceListMapping called when index already exists in the vector index: 1,  id: 536870915
11-08 16:33:39.867 21732 22119 W InputDeviceManager: AddPairToDeviceListMapping called when index already exists in the vector index: 1,  id: 536870915
11-08 16:33:39.964 21732 21748 W InputDeviceManager: AddPairToDeviceListMapping called when index already exists in the vector index: 1,  id: 536870915
11-08 16:33:40.201 21732 21748 W InputDeviceManager: AddPairToDeviceListMapping called when index already exists in the vector index: 1,  id: 536870915
11-08 16:33:40.306 21732 22110 I VrApi   : FPS=60,Prd=45ms,Tear=0,Early=0,Stale=37,VSnc=1,Lat=1,Fov=0,CPU4/GPU=4/4,2304/670MHz,OC=FF,TA=0/E0/E0,SP=N/F/F,Mem=1804MHz,Free=1579MB,PSM=0,PLS=0,Temp=33.0C/0.0C,TW=2.12ms,App=15.02ms,GD=0.00ms,CPU&GPU=21.30ms,LCnt=1,GPU%=0.94,CPU%=0.32(W0.42)
11-08 16:33:40.321   541  4519 V msm8974_platform: platform_get_parameters: exit: returns - snd_device_in=none
11-08 16:33:40.321   541  4519 V audio_hw_primary: adev_get_parameters: exit: returns - snd_device_in=none
11-08 16:33:40.321   541  4519 I hash_map_utils: key: 'snd_device_in' value: ''
11-08 16:33:40.321   541   593 V msm8974_platform: platform_get_parameters: exit: returns - snd_device_out=speaker
11-08 16:33:40.321   541   593 V audio_hw_primary: adev_get_parameters: exit: returns - snd_device_out=speaker
11-08 16:33:40.321   541   593 I hash_map_utils: key: 'snd_device_out' value: ''
11-08 16:33:40.340 21732 21748 W InputDeviceManager: AddPairToDeviceListMapping called when index already exists in the vector index: 1,  id: 536870915
11-08 16:33:40.535 21732 22119 W InputDeviceManager: AddPairToDeviceListMapping called when index already exists in the vector index: 1,  id: 536870915
11-08 16:33:40.549 21732 21748 W InputDeviceManager: AddPairToDeviceListMapping called when index already exists in the vector index: 1,  id: 536870915
11-08 16:33:40.591 21732 21748 W InputDeviceManager: AddPairToDeviceListMapping called when index already exists in the vector index: 1,  id: 536870915
11-08 16:33:40.758 21732 22119 W InputDeviceManager: AddPairToDeviceListMapping called when index already exists in the vector index: 1,  id: 536870915
11-08 16:33:40.772 21732 22119 W InputDeviceManager: AddPairToDeviceListMapping called when index already exists in the vector index: 1,  id: 536870915
11-08 16:33:40.786 21732 21748 W InputDeviceManager: AddPairToDeviceListMapping called when index already exists in the vector index: 1,  id: 536870915
11-08 16:33:40.842 21732 22119 W InputDeviceManager: AddPairToDeviceListMapping called when index already exists in the vector index: 1,  id: 536870915
11-08 16:33:40.884   712 21843 I [CT]    : Viper:Map_Manager: State: TRACKING_PERSISTENT, UUID=ddbf46f9-2dca-4c55-aad6-82db99e2cc82, Num. Persistent maps = 5,  Persistent maps:c35d16fd-2f43-4aee-acdd-50817cc71f4c,ddbf46f9-2dca-4c55-aad6-82db99e2cc82,e88738b8-3abe-42c7-89b3-80158ce05742,67aea901-b572-42b7-9d58-b3f32e26f466,c039ea76-57b5-4c41-9a99-f1bc208bbafc,, Ser. Disabled = 00000000-0000-0000-0000-000000000000
11-08 16:33:40.981 21732 22119 W InputDeviceManager: AddPairToDeviceListMapping called when index already exists in the vector index: 1,  id: 536870915
11-08 16:33:41.036 21732 21748 W InputDeviceManager: AddPairToDeviceListMapping called when index already exists in the vector index: 1,  id: 536870915
11-08 16:33:41.231 21732 21748 W InputDeviceManager: AddPairToDeviceListMapping called when index already exists in the vector index: 1,  id: 536870915
11-08 16:33:41.273 21732 21748 W InputDeviceManager: AddPairToDeviceListMapping called when index already exists in the vector index: 1,  id: 536870915
11-08 16:33:41.303 21732 22110 I VrApi   : FPS=60,Prd=45ms,Tear=0,Early=0,Stale=36,VSnc=1,Lat=1,Fov=0,CPU4/GPU=4/4,2304/670MHz,OC=FF,TA=0/E0/E0,SP=N/F/F,Mem=1804MHz,Free=1579MB,PSM=0,PLS=0,Temp=33.0C/0.0C,TW=2.11ms,App=16.12ms,GD=0.00ms,CPU&GPU=21.46ms,LCnt=1,GPU%=0.95,CPU%=0.26(W0.40)
11-08 16:33:41.329 21732 21748 W InputDeviceManager: AddPairToDeviceListMapping called when index already exists in the vector index: 1,  id: 536870915
11-08 16:33:41.356 21732 21748 W InputDeviceManager: AddPairToDeviceListMapping called when index already exists in the vector index: 1,  id: 536870915
11-08 16:33:41.398 21732 21748 W InputDeviceManager: AddPairToDeviceListMapping called when index already exists in the vector index: 1,  id: 536870915
11-08 16:33:41.417   712 21843 I [CT]    : VIPER: Status=6DoF,TRACKING,KF=177,Inl=328,Pts=476,Jit=0.2mm,Issues(Cam/min=0.0,IMU/min=0.0),Exp=(4.7ms,g=4,I=106)(5.1ms,g=3,I=97)(4.7ms,g=4,I=94)(5.7ms,g=3,I=96)
11-08 16:33:41.454 21732 21748 W InputDeviceManager: AddPairToDeviceListMapping called when index already exists in the vector index: 1,  id: 536870915
11-08 16:33:41.816 21732 22119 W InputDeviceManager: AddPairToDeviceListMapping called when index already exists in the vector index: 1,  id: 536870915
11-08 16:33:41.886 21732 21748 W InputDeviceManager: AddPairToDeviceListMapping called when index already exists in the vector index: 1,  id: 536870915
11-08 16:33:41.900 21732 22119 W InputDeviceManager: AddPairToDeviceListMapping called when index already exists in the vector index: 1,  id: 536870915
11-08 16:33:42.011 21732 21748 W InputDeviceManager: AddPairToDeviceListMapping called when index already exists in the vector index: 1,  id: 536870915
11-08 16:33:42.122 21732 22119 W InputDeviceManager: AddPairToDeviceListMapping called when index already exists in the vector index: 1,  id: 536870915
11-08 16:33:42.234 21732 21748 W InputDeviceManager: AddPairToDeviceListMapping called when index already exists in the vector index: 1,  id: 536870915
11-08 16:33:42.248 21732 22119 W InputDeviceManager: AddPairToDeviceListMapping called when index already exists in the vector index: 1,  id: 536870915
11-08 16:33:42.282   712 21843 I [CT]    : HealthReport: ==================================================
11-08 16:33:42.282   712 21843 I [CT]    : Health Report
11-08 16:33:42.282   712 21843 I [CT]    : -------------
11-08 16:33:42.282   712 21843 I [CT]    : 
11-08 16:33:42.282   712 21843 I [CT]    : Reporter #1 (InsideOutHealthMonitor) summary:
11-08 16:33:42.282   712 21843 I [CT]    : Camera: Total Dropped: 0.000000, Total Frame Count: 2277 (0.000000%), Camera Reset Count: 0
11-08 16:33:42.282   712 21843 I [CT]    : Camera: Total Single Camera Frame Dropped: 0, Total Frame Count: 2277 (0.000000%)
11-08 16:33:42.282   712 21843 I [CT]    : IMU: Total Dropped: 0.000000, Total Sample Count: 176854 (0.000000%)
11-08 16:33:42.282   712 21843 I [CT]    : Magnetometer: Total Dropped: 0.000000, Total Sample Count: 5306 (0.000000%)
11-08 16:33:42.282   712 21843 I [CT]    : 
11-08 16:33:42.282   712 21843 I [CT]    : Reporter #1 (InsideOutHealthMonitor) Passed
11-08 16:33:42.282   712 21843 I [CT]    : --------------------------------------------------
11-08 16:33:42.282   712 21843 I [CT]    : Reporter #2 (ConstellationHealthMonitor) summary:
11-08 16:33:42.282   712 21843 I [CT]    : Camera: Total Dropped: 0.000000, Total Frame Count: 2279 (0.000000%), Camera Reset Count: 3
11-08 16:33:42.282   712 21843 I [CT]    : Camera: Total Single Camera Frame Dropped: 0, Total Frame Count: 2279 (0.000000%)
11-08 16:33:42.282   712 21843 I [CT]    : Controller 1122628778328220990:
11-08 16:33:42.282   712 21843 I [CT]    : IMU: Capture period exceeded threshold.  Largest period: 0.907296 sec
11-08 16:33:42.282   712 21843 I [CT]    : Controllers may have been sleeping
11-08 16:33:42.282   712 21843 I [CT]    : IMU: Total Dropped: 12.007500, Total Sample Count: 88066.716500 (0.013635%)
11-08 16:33:42.282   712 21843 I [CT]    : Controller 6776806836185477697:
11-08 16:33:42.305 21732 22110 I VrApi   : FPS=60,Prd=45ms,Tear=0,Early=0,Stale=37,VSnc=1,Lat=1,Fov=0,CPU4/GPU=4/4,2304/670MHz,OC=FF,TA=0/E0/E0,SP=N/F/F,Mem=1804MHz,Free=1582MB,PSM=0,PLS=0,Temp=33.0C/0.0C,TW=2.10ms,App=16.05ms,GD=0.00ms,CPU&GPU=21.31ms,LCnt=1,GPU%=0.94,CPU%=0.30(W0.36)
11-08 16:33:42.328   541   593 V msm8974_platform: platform_get_parameters: exit: returns - snd_device_in=none
11-08 16:33:42.328   541   593 V audio_hw_primary: adev_get_parameters: exit: returns - snd_device_in=none
11-08 16:33:42.328   541   593 I hash_map_utils: key: 'snd_device_in' value: ''
11-08 16:33:42.328   541  1664 V msm8974_platform: platform_get_parameters: exit: returns - snd_device_out=speaker
11-08 16:33:42.328   541  1664 V audio_hw_primary: adev_get_parameters: exit: returns - snd_device_out=speaker
11-08 16:33:42.329   541  1664 I hash_map_utils: key: 'snd_device_out' value: ''
11-08 16:33:42.345 21732 22119 W InputDeviceManager: AddPairToDeviceListMapping called when index already exists in the vector index: 1,  id: 536870915
11-08 16:33:42.422   712 21842 I [CT]    : MANAGEMENT:CONSTELLATION: Status=GREEN,, Obj=1122628778328220990,6DOF=1,FusJit=0.009mm,Issues(Cam/min=  0,IMU/min=0), Obj=6776806836185477697,6DOF=1,FusJit=0.0mm,Issues(Cam/min=  0,IMU/min=0)
11-08 16:33:42.429 21732 22119 W InputDeviceManager: AddPairToDeviceListMapping called when index already exists in the vector index: 1,  id: 536870915
11-08 16:33:42.653 21732 21748 D UE4     : [2019.11.08-07.33.42:653][584]LogNet: Browse: /Game/Game/Level/Maps/Play/Play
11-08 16:33:42.665 21732 21748 D UE4     : [2019.11.08-07.33.42:665][584]LogHMD: FSplash::OnShow
11-08 16:33:42.665 21732 21748 D UE4     : [2019.11.08-07.33.42:665][584]LogLoad: LoadMap: /Game/Game/Level/Maps/Play/Play
11-08 16:33:42.665 21732 21748 D UE4     : [2019.11.08-07.33.42:665][584]LogWorld: BeginTearingDown for /Game/Game/Level/Maps/Play/Play
11-08 16:33:42.667 21732 21748 D UE4     : [2019.11.08-07.33.42:667][584]LogWorld: UWorld::CleanupWorld for Play, bSessionEnded=true, bCleanupResources=true
11-08 16:33:42.671 21732 21798 D UE4     : [2019.11.08-07.33.42:671][584]LogAudioMixer: Display: No commands were queued while flushing the source manager.
11-08 16:33:42.723 21732 21748 D UE4     : [2019.11.08-07.33.42:723][584]LogUObjectHash: Compacting FUObjectHashTables data took   1.19ms
11-08 16:33:42.777 21732 21748 D UE4     : [2019.11.08-07.33.42:777][584]LogStreaming: Display: Flushing async loaders.
11-08 16:33:42.829 21732 21748 D UE4     : [2019.11.08-07.33.42:829][584]LogAIModule: Creating AISystem for world Play
11-08 16:33:42.830 21732 21748 D UE4     : [2019.11.08-07.33.42:830][584]LogLoad: Game class is 'GameModeBase'
11-08 16:33:42.832 21732 21748 D UE4     : [2019.11.08-07.33.42:832][584]LogPhysics: Warning: Initialising Body : Scale3D is (nearly) zero: 
11-08 16:33:42.832 21732 21748 D UE4     : [2019.11.08-07.33.42:832][584]LogWorld: Bringing World /Game/Game/Level/Maps/Play/Play.Play up for play (max tick rate 0) at 2019.11.08-16.33.42
11-08 16:33:42.833 21732 21748 D UE4     : [2019.11.08-07.33.42:833][584]LogWorld: Bringing up level for play took: 0.002639
11-08 16:33:42.833 21732 21748 D UE4     : [2019.11.08-07.33.42:833][584]LogOnline: OSS: Creating online subsystem instance for: GooglePlay
11-08 16:33:42.834 21732 21748 D UE4     : [2019.11.08-07.33.42:834][584]LogOnline: Warning: OSS: FOnlineSubsystemGooglePlayModule was disabled
11-08 16:33:42.834 21732 21748 D UE4     : [2019.11.08-07.33.42:834][584]LogGameMode: FindPlayerStart: PATHS NOT DEFINED or NO PLAYERSTART with positive rating
11-08 16:33:42.836 21732 21748 D UE4     : [2019.11.08-07.33.42:836][584]LogLoad: Took 0.170886 seconds to LoadMap(/Game/Game/Level/Maps/Play/Play)
11-08 16:33:42.836 21732 21748 D UE4     : [2019.11.08-07.33.42:836][584]LogHMD: FSplash::OnHide
11-08 16:33:42.982 21732 21748 W InputDeviceManager: AddPairToDeviceListMapping called when index already exists in the vector index: 1,  id: 536870915
11-08 16:33:43.000 21732 22119 W InputDeviceManager: AddPairToDeviceListMapping called when index already exists in the vector index: 1,  id: 536870915
11-08 16:33:43.027 21732 22119 W InputDeviceManager: AddPairToDeviceListMapping called when index already exists in the vector index: 1,  id: 536870915
11-08 16:33:43.083 21732 22119 W InputDeviceManager: AddPairToDeviceListMapping called when index already exists in the vector index: 1,  id: 536870915
11-08 16:33:43.153 21732 21748 W InputDeviceManager: AddPairToDeviceListMapping called when index already exists in the vector index: 1,  id: 536870915
11-08 16:33:43.250 21732 21748 W InputDeviceManager: AddPairToDeviceListMapping called when index already exists in the vector index: 1,  id: 536870915
11-08 16:33:43.304 21732 22110 I VrApi   : FPS=59,Prd=45ms,Tear=0,Early=0,Stale=38,VSnc=1,Lat=1,Fov=0,CPU4/GPU=4/4,2304/670MHz,OC=FF,TA=0/E0/E0,SP=N/F/F,Mem=1804MHz,Free=1582MB,PSM=0,PLS=0,Temp=33.0C/0.0C,TW=0.55ms,App=4.65ms,GD=0.00ms,CPU&GPU=21.33ms,LCnt=1,GPU%=0.21,CPU%=0.27(W0.35)
11-08 16:33:43.405 21732 21748 D UE4     : [2019.11.08-07.33.43:404][611]LogNet: Browse: /Game/Game/Level/Maps/Play/Play
11-08 16:33:43.417 21732 21748 D UE4     : [2019.11.08-07.33.43:417][611]LogHMD: FSplash::OnShow
11-08 16:33:43.417 21732 21748 D UE4     : [2019.11.08-07.33.43:417][611]LogLoad: LoadMap: /Game/Game/Level/Maps/Play/Play
11-08 16:33:43.417 21732 21748 D UE4     : [2019.11.08-07.33.43:417][611]LogWorld: BeginTearingDown for /Game/Game/Level/Maps/Play/Play
11-08 16:33:43.418 21732 21748 D UE4     : [2019.11.08-07.33.43:418][611]LogWorld: UWorld::CleanupWorld for Play, bSessionEnded=true, bCleanupResources=true
11-08 16:33:43.449 21732 21798 D UE4     : [2019.11.08-07.33.43:449][611]LogAudioMixer: Display: Flush succeeded in the source manager command queue (1).
11-08 16:33:43.469 21732 21748 D UE4     : [2019.11.08-07.33.43:469][611]LogAudio: Warning: Waited 37.240105 ms for audio thread.
11-08 16:33:43.473 21732 21798 D UE4     : [2019.11.08-07.33.43:473][611]LogAudioMixer: Display: Flush succeeded the source manager command queue (2).
11-08 16:33:43.474 21732 21748 D UE4     : [2019.11.08-07.33.43:474][611]LogAudio: Warning: Waited 42.209740 ms for audio thread.
11-08 16:33:43.546 21732 21748 D UE4     : [2019.11.08-07.33.43:546][611]LogUObjectHash: Compacting FUObjectHashTables data took   1.22ms
11-08 16:33:43.612 21732 21748 D UE4     : [2019.11.08-07.33.43:612][611]LogStreaming: Display: Flushing async loaders.
11-08 16:33:43.654 21732 21750 D UE4     : Used memory: 433816
11-08 16:33:43.664 21732 21748 D UE4     : [2019.11.08-07.33.43:664][611]LogAIModule: Creating AISystem for world Play
11-08 16:33:43.665 21732 21748 D UE4     : [2019.11.08-07.33.43:665][611]LogLoad: Game class is 'GameModeBase'
11-08 16:33:43.667 21732 21748 D UE4     : [2019.11.08-07.33.43:667][611]LogPhysics: Warning: Initialising Body : Scale3D is (nearly) zero: 
11-08 16:33:43.668 21732 21748 D UE4     : [2019.11.08-07.33.43:668][611]LogWorld: Bringing World /Game/Game/Level/Maps/Play/Play.Play up for play (max tick rate 0) at 2019.11.08-16.33.43
11-08 16:33:43.669 21732 21748 D UE4     : [2019.11.08-07.33.43:669][611]LogWorld: Bringing up level for play took: 0.002713
11-08 16:33:43.669 21732 21748 D UE4     : [2019.11.08-07.33.43:669][611]LogOnline: OSS: Creating online subsystem instance for: GooglePlay
11-08 16:33:43.669 21732 21748 D UE4     : [2019.11.08-07.33.43:669][611]LogOnline: Warning: OSS: FOnlineSubsystemGooglePlayModule was disabled
11-08 16:33:43.670 21732 21748 D UE4     : [2019.11.08-07.33.43:669][611]LogGameMode: FindPlayerStart: PATHS NOT DEFINED or NO PLAYERSTART with positive rating
11-08 16:33:43.672 21732 21748 D UE4     : [2019.11.08-07.33.43:671][611]LogLoad: Took 0.254330 seconds to LoadMap(/Game/Game/Level/Maps/Play/Play)
11-08 16:33:43.672 21732 21748 D UE4     : [2019.11.08-07.33.43:672][611]LogHMD: FSplash::OnHide
11-08 16:33:43.884   712 21843 I [CT]    : Viper:Map_Manager: State: TRACKING_PERSISTENT, UUID=ddbf46f9-2dca-4c55-aad6-82db99e2cc82, Num. Persistent maps = 5,  Persistent maps:c35d16fd-2f43-4aee-acdd-50817cc71f4c,ddbf46f9-2dca-4c55-aad6-82db99e2cc82,e88738b8-3abe-42c7-89b3-80158ce05742,67aea901-b572-42b7-9d58-b3f32e26f466,c039ea76-57b5-4c41-9a99-f1bc208bbafc,, Ser. Disabled = 00000000-0000-0000-0000-000000000000
11-08 16:33:44.002 21732 21748 W InputDeviceManager: AddPairToDeviceListMapping called when index already exists in the vector index: 1,  id: 536870915
11-08 16:33:44.183 21732 22119 W InputDeviceManager: AddPairToDeviceListMapping called when index already exists in the vector index: 1,  id: 536870915
11-08 16:33:44.306 21732 22110 I VrApi   : FPS=58,Prd=44ms,Tear=0,Early=14,Stale=32,VSnc=1,Lat=1,Fov=0,CPU4/GPU=4/4,2304/670MHz,OC=FF,TA=0/E0/E0,SP=N/F/F,Mem=1804MHz,Free=1581MB,PSM=0,PLS=0,Temp=33.0C/0.0C,TW=2.07ms,App=11.69ms,GD=0.00ms,CPU&GPU=16.84ms,LCnt=1,GPU%=0.94,CPU%=0.26(W0.30)
11-08 16:33:44.341   541  1664 V msm8974_platform: platform_get_parameters: exit: returns - snd_device_in=none
11-08 16:33:44.341   541  1664 V audio_hw_primary: adev_get_parameters: exit: returns - snd_device_in=none
11-08 16:33:44.341   541  1664 I hash_map_utils: key: 'snd_device_in' value: ''
11-08 16:33:44.346   541   541 V msm8974_platform: platform_get_parameters: exit: returns - snd_device_out=speaker
11-08 16:33:44.346   541   541 V audio_hw_primary: adev_get_parameters: exit: returns - snd_device_out=speaker
11-08 16:33:44.346   541   541 I hash_map_utils: key: 'snd_device_out' value: ''
11-08 16:33:44.378 21732 22119 W InputDeviceManager: AddPairToDeviceListMapping called when index already exists in the vector index: 1,  id: 536870915
11-08 16:33:44.415   712 21843 I [CT]    : VIPER: Status=6DoF,TRACKING,KF=177,Inl=261,Pts=476,Jit=0.1mm,Issues(Cam/min=0.0,IMU/min=0.0),Exp=(5.7ms,g=3,I=98)(4.2ms,g=3,I=95)(5.7ms,g=3,I=100)(4.4ms,g=3,I=96)
11-08 16:33:44.420 21732 21748 W InputDeviceManager: AddPairToDeviceListMapping called when index already exists in the vector index: 1,  id: 536870915
11-08 16:33:44.838 21732 22119 W InputDeviceManager: AddPairToDeviceListMapping called when index already exists in the vector index: 1,  id: 536870915
11-08 16:33:45.074 21732 21748 W InputDeviceManager: AddPairToDeviceListMapping called when index already exists in the vector index: 1,  id: 536870915
11-08 16:33:45.116 21732 22119 W InputDeviceManager: AddPairToDeviceListMapping called when index already exists in the vector index: 1,  id: 536870915
11-08 16:33:45.158 21732 21748 W InputDeviceManager: AddPairToDeviceListMapping called when index already exists in the vector index: 1,  id: 536870915
11-08 16:33:45.200 21732 22119 W InputDeviceManager: AddPairToDeviceListMapping called when index already exists in the vector index: 1,  id: 536870915
11-08 16:33:45.255 21732 22119 W InputDeviceManager: AddPairToDeviceListMapping called when index already exists in the vector index: 1,  id: 536870915
11-08 16:33:45.269 21732 22119 W InputDeviceManager: AddPairToDeviceListMapping called when index already exists in the vector index: 1,  id: 536870915
11-08 16:33:45.283 21732 21748 W InputDeviceManager: AddPairToDeviceListMapping called when index already exists in the vector index: 1,  id: 536870915
11-08 16:33:45.297 21732 22119 W InputDeviceManager: AddPairToDeviceListMapping called when index already exists in the vector index: 1,  id: 536870915
11-08 16:33:45.308 21732 22110 I VrApi   : FPS=60,Prd=44ms,Tear=0,Early=19,Stale=28,VSnc=1,Lat=1,Fov=0,CPU4/GPU=4/4,2304/670MHz,OC=FF,TA=0/E0/E0,SP=N/F/F,Mem=1804MHz,Free=1576MB,PSM=0,PLS=0,Temp=33.0C/0.0C,TW=2.11ms,App=17.42ms,GD=0.00ms,CPU&GPU=15.23ms,LCnt=1,GPU%=0.92,CPU%=0.25(W0.26)
11-08 16:33:45.367 21732 21748 W InputDeviceManager: AddPairToDeviceListMapping called when index already exists in the vector index: 1,  id: 536870915
11-08 16:33:45.422   712 21842 I [CT]    : MANAGEMENT:CONSTELLATION: Status=GREEN,, Obj=1122628778328220990,6DOF=1,FusJit=0.001mm,Issues(Cam/min=  0,IMU/min=0), Obj=6776806836185477697,6DOF=1,FusJit=0.0mm,Issues(Cam/min=  0,IMU/min=0)
11-08 16:33:45.464 21732 21748 W InputDeviceManager: AddPairToDeviceListMapping called when index already exists in the vector index: 1,  id: 536870915
11-08 16:33:45.506 21732 22119 W InputDeviceManager: AddPairToDeviceListMapping called when index already exists in the vector index: 1,  id: 536870915
11-08 16:33:45.534 21732 22119 W InputDeviceManager: AddPairToDeviceListMapping called when index already exists in the vector index: 1,  id: 536870915
11-08 16:33:45.560  2021  2185 W LibraryProvider: Cannot find entitlement for system
11-08 16:33:45.561  1457  1499 W OVRLibrary: null cursor received for query content://com.oculus.ocms.library/apps/system
11-08 16:33:45.589 21732 21748 W InputDeviceManager: AddPairToDeviceListMapping called when index already exists in the vector index: 1,  id: 536870915
11-08 16:33:45.631 21732 21748 W InputDeviceManager: AddPairToDeviceListMapping called when index already exists in the vector index: 1,  id: 536870915
11-08 16:33:45.701 21732 21748 W InputDeviceManager: AddPairToDeviceListMapping called when index already exists in the vector index: 1,  id: 536870915
11-08 16:33:45.784 21732 21748 W InputDeviceManager: AddPairToDeviceListMapping called when index already exists in the vector index: 1,  id: 536870915
