10-31 20:37:42.620 23731 23747 D UE4     : [2019.10.31-11.37.42:620][123]LogBlueprintUserMessages: [BP_PlayerhandAnimation_C_2147482547] P=51.183437 Y=60.000000 R=-60.000000
10-31 20:37:42.620 23731 23747 D UE4     : [2019.10.31-11.37.42:620][123]LogBlueprintUserMessages: [BP_PlayerhandAnimation_C_2147482544] P=29.577408 Y=-6.340304 R=-3.864134
10-31 20:37:42.634 23731 23747 D UE4     : [2019.10.31-11.37.42:634][124]LogBlueprintUserMessages: [BP_PlayerhandAnimation_C_2147482547] P=52.422356 Y=60.000000 R=-60.000000
10-31 20:37:42.635 23731 23747 D UE4     : [2019.10.31-11.37.42:635][124]LogBlueprintUserMessages: [BP_PlayerhandAnimation_C_2147482544] P=29.567703 Y=-6.298072 R=-3.900051
10-31 20:37:42.662 23731 23747 D UE4     : [2019.10.31-11.37.42:662][125]LogBlueprintUserMessages: [BP_PlayerhandAnimation_C_2147482547] P=55.586525 Y=60.000000 R=-60.000000
10-31 20:37:42.662 23731 23747 D UE4     : [2019.10.31-11.37.42:662][125]LogBlueprintUserMessages: [BP_PlayerhandAnimation_C_2147482544] P=29.253002 Y=-6.255774 R=-3.677431
10-31 20:37:42.689 23731 23747 D UE4     : [2019.10.31-11.37.42:689][126]LogBlueprintUserMessages: [BP_PlayerhandAnimation_C_2147482547] P=58.385532 Y=60.000000 R=-60.000000
10-31 20:37:42.690 23731 23747 D UE4     : [2019.10.31-11.37.42:690][126]LogBlueprintUserMessages: [BP_PlayerhandAnimation_C_2147482544] P=28.703260 Y=-6.084689 R=-3.305415
10-31 20:37:42.704 23731 23747 D UE4     : [2019.10.31-11.37.42:704][127]LogBlueprintUserMessages: [BP_PlayerhandAnimation_C_2147482547] P=59.115040 Y=60.000000 R=-60.000000
10-31 20:37:42.704 23731 23747 D UE4     : [2019.10.31-11.37.42:704][127]LogBlueprintUserMessages: [BP_PlayerhandAnimation_C_2147482544] P=28.467899 Y=-6.015895 R=-3.177332
10-31 20:37:42.732 23731 23747 D UE4     : [2019.10.31-11.37.42:732][128]LogBlueprintUserMessages: [BP_PlayerhandAnimation_C_2147482547] P=59.972404 Y=60.000000 R=-60.000000
10-31 20:37:42.732 23731 23747 D UE4     : [2019.10.31-11.37.42:732][128]LogBlueprintUserMessages: [BP_PlayerhandAnimation_C_2147482544] P=28.099226 Y=-5.974216 R=-3.035532
10-31 20:37:42.759 23731 23747 D UE4     : [2019.10.31-11.37.42:759][129]LogBlueprintUserMessages: [BP_PlayerhandAnimation_C_2147482547] P=60.000000 Y=60.000000 R=-60.000000
10-31 20:37:42.759 23731 23747 D UE4     : [2019.10.31-11.37.42:759][129]LogBlueprintUserMessages: [BP_PlayerhandAnimation_C_2147482544] P=27.553734 Y=-6.172613 R=-3.106301
10-31 20:37:42.787 23731 23747 D UE4     : [2019.10.31-11.37.42:787][130]LogBlueprintUserMessages: [BP_PlayerhandAnimation_C_2147482547] P=60.000000 Y=60.000000 R=-55.889999
10-31 20:37:42.788 23731 23747 D UE4     : [2019.10.31-11.37.42:788][130]LogBlueprintUserMessages: [BP_PlayerhandAnimation_C_2147482544] P=26.948189 Y=-6.345037 R=-3.147037
10-31 20:37:42.801 23731 23747 D UE4     : [2019.10.31-11.37.42:801][131]LogBlueprintUserMessages: [BP_PlayerhandAnimation_C_2147482547] P=60.000000 Y=60.000000 R=-53.573750
10-31 20:37:42.802 23731 23747 D UE4     : [2019.10.31-11.37.42:801][131]LogBlueprintUserMessages: [BP_PlayerhandAnimation_C_2147482544] P=26.695082 Y=-6.369325 R=-3.175377
10-31 20:37:42.831 23731 23747 D UE4     : [2019.10.31-11.37.42:831][132]LogBlueprintUserMessages: [BP_PlayerhandAnimation_C_2147482547] P=58.772400 Y=60.000000 R=-49.889900
10-31 20:37:42.831 23731 23747 D UE4     : [2019.10.31-11.37.42:831][132]LogBlueprintUserMessages: [BP_PlayerhandAnimation_C_2147482544] P=26.156898 Y=-6.505286 R=-3.182425
10-31 20:37:42.857 23731 23747 D UE4     : [2019.10.31-11.37.42:857][133]LogBlueprintUserMessages: [BP_PlayerhandAnimation_C_2147482547] P=56.526226 Y=60.000000 R=-43.961143
10-31 20:37:42.857 23731 23747 D UE4     : [2019.10.31-11.37.42:857][133]LogBlueprintUserMessages: [BP_PlayerhandAnimation_C_2147482544] P=25.774277 Y=-6.524693 R=-3.289944
10-31 20:37:42.871 23731 23747 D UE4     : [2019.10.31-11.37.42:871][134]LogBlueprintUserMessages: [BP_PlayerhandAnimation_C_2147482547] P=55.354568 Y=60.000000 R=-39.869072
10-31 20:37:42.871 23731 23747 D UE4     : [2019.10.31-11.37.42:871][134]LogBlueprintUserMessages: [BP_PlayerhandAnimation_C_2147482544] P=25.677568 Y=-6.612741 R=-3.320749
10-31 20:37:42.899 23731 23747 D UE4     : [2019.10.31-11.37.42:899][135]LogBlueprintUserMessages: [BP_PlayerhandAnimation_C_2147482547] P=53.949600 Y=60.000000 R=-34.383808
10-31 20:37:42.899 23731 23747 D UE4     : [2019.10.31-11.37.42:899][135]LogBlueprintUserMessages: [BP_PlayerhandAnimation_C_2147482544] P=25.196136 Y=-7.144418 R=-3.421881
10-31 20:37:42.926 23731 23747 D UE4     : [2019.10.31-11.37.42:926][136]LogBlueprintUserMessages: [BP_PlayerhandAnimation_C_2147482547] P=51.741970 Y=60.000000 R=-29.519508
10-31 20:37:42.926 23731 23747 D UE4     : [2019.10.31-11.37.42:926][136]LogBlueprintUserMessages: [BP_PlayerhandAnimation_C_2147482544] P=24.748882 Y=-7.876287 R=-3.989016
10-31 20:37:42.956 23731 23747 D UE4     : [2019.10.31-11.37.42:956][137]LogBlueprintUserMessages: [BP_PlayerhandAnimation_C_2147482547] P=50.474796 Y=52.438370 R=-22.277859
10-31 20:37:42.957 23731 23747 D UE4     : [2019.10.31-11.37.42:957][137]LogBlueprintUserMessages: [BP_PlayerhandAnimation_C_2147482544] P=24.074366 Y=-8.549265 R=-4.992341
10-31 20:37:42.971 23731 23747 D UE4     : [2019.10.31-11.37.42:971][138]LogBlueprintUserMessages: [BP_PlayerhandAnimation_C_2147482547] P=49.784271 Y=48.050999 R=-19.262535
10-31 20:37:42.971 23731 23747 D UE4     : [2019.10.31-11.37.42:971][138]LogBlueprintUserMessages: [BP_PlayerhandAnimation_C_2147482544] P=23.832230 Y=-8.708562 R=-5.381215
10-31 20:37:42.996 23731 23747 D UE4     : [2019.10.31-11.37.42:996][139]LogBlueprintUserMessages: [BP_PlayerhandAnimation_C_2147482547] P=47.915581 Y=41.366009 R=-15.315605
10-31 20:37:42.996 23731 23747 D UE4     : [2019.10.31-11.37.42:996][139]LogBlueprintUserMessages: [BP_PlayerhandAnimation_C_2147482544] P=23.301592 Y=-8.859571 R=-5.932656
10-31 20:37:43.025 23731 23747 D UE4     : [2019.10.31-11.37.43:025][140]LogBlueprintUserMessages: [BP_PlayerhandAnimation_C_2147482547] P=46.028244 Y=37.504593 R=-12.299004
10-31 20:37:43.025 23731 23747 D UE4     : [2019.10.31-11.37.43:025][140]LogBlueprintUserMessages: [BP_PlayerhandAnimation_C_2147482544] P=22.837713 Y=-8.989329 R=-6.351135
10-31 20:37:43.039 23731 23747 D UE4     : [2019.10.31-11.37.43:039][141]LogBlueprintUserMessages: [BP_PlayerhandAnimation_C_2147482547] P=44.333355 Y=35.764465 R=-10.226335
10-31 20:37:43.039 23731 23747 D UE4     : [2019.10.31-11.37.43:039][141]LogBlueprintUserMessages: [BP_PlayerhandAnimation_C_2147482544] P=22.776037 Y=-9.035994 R=-6.241425
10-31 20:37:43.065 23731 23747 D UE4     : [2019.10.31-11.37.43:065][142]LogBlueprintUserMessages: [BP_PlayerhandAnimation_C_2147482547] P=40.086552 Y=30.497595 R=-5.663271
10-31 20:37:43.066 23731 23747 D UE4     : [2019.10.31-11.37.43:066][142]LogBlueprintUserMessages: [BP_PlayerhandAnimation_C_2147482544] P=22.558002 Y=-9.106823 R=-5.855627
10-31 20:37:43.093 23731 23747 D UE4     : [2019.10.31-11.37.43:093][143]LogBlueprintUserMessages: [BP_PlayerhandAnimation_C_2147482547] P=36.245567 Y=24.514528 R=-1.355369
10-31 20:37:43.093 23731 23747 D UE4     : [2019.10.31-11.37.43:093][143]LogBlueprintUserMessages: [BP_PlayerhandAnimation_C_2147482544] P=22.150520 Y=-9.299636 R=-5.721834
10-31 20:37:43.107 23731 23747 D UE4     : [2019.10.31-11.37.43:107][144]LogBlueprintUserMessages: [BP_PlayerhandAnimation_C_2147482547] P=34.870167 Y=22.068430 R=0.535716
10-31 20:37:43.108 23731 23747 D UE4     : [2019.10.31-11.37.43:108][144]LogBlueprintUserMessages: [BP_PlayerhandAnimation_C_2147482544] P=21.888433 Y=-9.370461 R=-5.801785
10-31 20:37:43.135 23731 23747 D UE4     : [2019.10.31-11.37.43:135][145]LogBlueprintUserMessages: [BP_PlayerhandAnimation_C_2147482547] P=32.178871 Y=17.850685 R=3.318000
10-31 20:37:43.135 23731 23747 D UE4     : [2019.10.31-11.37.43:135][145]LogBlueprintUserMessages: [BP_PlayerhandAnimation_C_2147482544] P=21.179193 Y=-9.657669 R=-6.054828
10-31 20:37:43.163 23731 23747 D UE4     : [2019.10.31-11.37.43:163][146]LogBlueprintUserMessages: [BP_PlayerhandAnimation_C_2147482547] P=28.306740 Y=14.061847 R=4.655282
10-31 20:37:43.163 23731 23747 D UE4     : [2019.10.31-11.37.43:163][146]LogBlueprintUserMessages: [BP_PlayerhandAnimation_C_2147482544] P=20.464653 Y=-9.935742 R=-6.501169
10-31 20:37:43.178 23731 23747 D UE4     : [2019.10.31-11.37.43:178][147]LogBlueprintUserMessages: [BP_PlayerhandAnimation_C_2147482547] P=25.882057 Y=12.432270 R=5.252187
10-31 20:37:43.178 23731 23747 D UE4     : [2019.10.31-11.37.43:178][147]LogBlueprintUserMessages: [BP_PlayerhandAnimation_C_2147482544] P=20.186829 Y=-10.038070 R=-6.698486
10-31 20:37:43.204 23731 23747 D UE4     : [2019.10.31-11.37.43:204][148]LogBlueprintUserMessages: [BP_PlayerhandAnimation_C_2147482547] P=20.514492 Y=9.896622 R=7.354996
10-31 20:37:43.204 23731 23747 D UE4     : [2019.10.31-11.37.43:204][148]LogBlueprintUserMessages: [BP_PlayerhandAnimation_C_2147482544] P=19.620939 Y=-10.171618 R=-6.995930
10-31 20:37:43.236 23731 23747 D UE4     : [2019.10.31-11.37.43:236][149]LogBlueprintUserMessages: [BP_PlayerhandAnimation_C_2147482547] P=15.756283 Y=8.428665 R=9.375748
10-31 20:37:43.236 23731 23747 D UE4     : [2019.10.31-11.37.43:236][149]LogBlueprintUserMessages: [BP_PlayerhandAnimation_C_2147482544] P=18.894699 Y=-10.347941 R=-7.171993
10-31 20:37:43.250 23731 23747 D UE4     : [2019.10.31-11.37.43:250][150]LogBlueprintUserMessages: [BP_PlayerhandAnimation_C_2147482547] P=14.736133 Y=7.676251 R=10.392548
10-31 20:37:43.250 23731 23747 D UE4     : [2019.10.31-11.37.43:250][150]LogBlueprintUserMessages: [BP_PlayerhandAnimation_C_2147482544] P=18.640125 Y=-10.419061 R=-7.073966
10-31 20:37:43.274 23731 23747 D UE4     : [2019.10.31-11.37.43:274][151]LogBlueprintUserMessages: [BP_PlayerhandAnimation_C_2147482547] P=12.926918 Y=7.023170 R=11.583110
10-31 20:37:43.274 23731 23747 D UE4     : [2019.10.31-11.37.43:274][151]LogBlueprintUserMessages: [BP_PlayerhandAnimation_C_2147482544] P=18.552029 Y=-10.355755 R=-6.578043
10-31 20:37:43.302 23731 23747 D UE4     : [2019.10.31-11.37.43:302][152]LogBlueprintUserMessages: [BP_PlayerhandAnimation_C_2147482547] P=10.781754 Y=2.842654 R=13.177166
10-31 20:37:43.302 23731 23747 D UE4     : [2019.10.31-11.37.43:302][152]LogBlueprintUserMessages: [BP_PlayerhandAnimation_C_2147482544] P=18.695408 Y=-10.266005 R=-6.375389
10-31 20:37:43.330 23731 23747 D UE4     : [2019.10.31-11.37.43:330][153]LogBlueprintUserMessages: [BP_PlayerhandAnimation_C_2147482547] P=8.026530 Y=-2.951768 R=17.598207
10-31 20:37:43.330 23731 23747 D UE4     : [2019.10.31-11.37.43:330][153]LogBlueprintUserMessages: [BP_PlayerhandAnimation_C_2147482544] P=18.622845 Y=-10.362717 R=-6.649118
10-31 20:37:43.346 23731 23747 D UE4     : [2019.10.31-11.37.43:346][154]LogBlueprintUserMessages: [BP_PlayerhandAnimation_C_2147482547] P=6.665526 Y=-5.200148 R=20.094122
10-31 20:37:43.346 23731 23747 D UE4     : [2019.10.31-11.37.43:346][154]LogBlueprintUserMessages: [BP_PlayerhandAnimation_C_2147482544] P=18.574978 Y=-10.404862 R=-6.807418
10-31 20:37:43.362   541   541 V msm8974_platform: platform_get_parameters: exit: returns - snd_device_in=none
10-31 20:37:43.362   541   541 V audio_hw_primary: adev_get_parameters: exit: returns - snd_device_in=none
10-31 20:37:43.362   541   541 I hash_map_utils: key: 'snd_device_in' value: ''
10-31 20:37:43.363   541 22301 V msm8974_platform: platform_get_parameters: exit: returns - snd_device_out=speaker
10-31 20:37:43.363   541 22301 V audio_hw_primary: adev_get_parameters: exit: returns - snd_device_out=speaker
10-31 20:37:43.363   541 22301 I hash_map_utils: key: 'snd_device_out' value: ''
10-31 20:37:43.372 23731 23747 D UE4     : [2019.10.31-11.37.43:372][155]LogBlueprintUserMessages: [BP_PlayerhandAnimation_C_2147482547] P=5.962639 Y=-8.490377 R=22.657253
10-31 20:37:43.372 23731 23747 D UE4     : [2019.10.31-11.37.43:372][155]LogBlueprintUserMessages: [BP_PlayerhandAnimation_C_2147482544] P=18.492729 Y=-10.418323 R=-7.042916
10-31 20:37:43.400 23731 23747 D UE4     : [2019.10.31-11.37.43:400][156]LogBlueprintUserMessages: [BP_PlayerhandAnimation_C_2147482547] P=4.741674 Y=-10.141663 R=24.199858
10-31 20:37:43.400 23731 23747 D UE4     : [2019.10.31-11.37.43:400][156]LogBlueprintUserMessages: [BP_PlayerhandAnimation_C_2147482544] P=18.561598 Y=-10.315935 R=-7.026597
10-31 20:37:43.415 23731 23747 D UE4     : [2019.10.31-11.37.43:415][157]LogBlueprintUserMessages: [BP_PlayerhandAnimation_C_2147482547] P=3.079643 Y=-10.857474 R=25.973476
10-31 20:37:43.415 23731 23747 D UE4     : [2019.10.31-11.37.43:415][157]LogBlueprintUserMessages: [BP_PlayerhandAnimation_C_2147482544] P=18.550854 Y=-10.318740 R=-6.998005
10-31 20:37:43.442 23731 23747 D UE4     : [2019.10.31-11.37.43:442][158]LogBlueprintUserMessages: [BP_PlayerhandAnimation_C_2147482547] P=-0.893402 Y=-13.477250 R=30.900644
10-31 20:37:43.442 23731 23747 D UE4     : [2019.10.31-11.37.43:442][158]LogBlueprintUserMessages: [BP_PlayerhandAnimation_C_2147482544] P=18.573093 Y=-10.328599 R=-7.001132
10-31 20:37:43.470 23731 23747 D UE4     : [2019.10.31-11.37.43:469][159]LogBlueprintUserMessages: [BP_PlayerhandAnimation_C_2147482547] P=-5.682109 Y=-16.604576 R=37.397133
10-31 20:37:43.470 23731 23747 D UE4     : [2019.10.31-11.37.43:470][159]LogBlueprintUserMessages: [BP_PlayerhandAnimation_C_2147482544] P=18.616110 Y=-10.322942 R=-7.116362
10-31 20:37:43.497 23731 23747 D UE4     : [2019.10.31-11.37.43:497][160]LogBlueprintUserMessages: [BP_PlayerhandAnimation_C_2147482547] P=-8.683321 Y=-19.190056 R=43.366192
10-31 20:37:43.498 23731 23747 D UE4     : [2019.10.31-11.37.43:498][160]LogBlueprintUserMessages: [BP_PlayerhandAnimation_C_2147482544] P=18.726622 Y=-10.245467 R=-7.099393
10-31 20:37:43.512 23731 23747 D UE4     : [2019.10.31-11.37.43:512][161]LogBlueprintUserMessages: [BP_PlayerhandAnimation_C_2147482547] P=-9.833928 Y=-20.185949 R=44.921436
10-31 20:37:43.512 23731 23747 D UE4     : [2019.10.31-11.37.43:512][161]LogBlueprintUserMessages: [BP_PlayerhandAnimation_C_2147482544] P=18.709984 Y=-10.230392 R=-7.068176
10-31 20:37:43.539 23731 23747 D UE4     : [2019.10.31-11.37.43:539][162]LogBlueprintUserMessages: [BP_PlayerhandAnimation_C_2147482547] P=-12.879025 Y=-21.570671 R=45.398735
10-31 20:37:43.539 23731 23747 D UE4     : [2019.10.31-11.37.43:539][162]LogBlueprintUserMessages: [BP_PlayerhandAnimation_C_2147482544] P=18.739313 Y=-10.190840 R=-7.003793
10-31 20:37:43.556 23731 24089 I VrApi   : FPS=43,Prd=44ms,Tear=0,Early=0,Stale=72,VSnc=1,Lat=1,Fov=0,CPU4/GPU=4/5,2304/710MHz,OC=FF,TA=0/E0/E0,SP=N/F/F,Mem=1804MHz,Free=1252MB,PSM=0,PLS=0,Temp=32.0C/0.0C,TW=3.82ms,App=21.33ms,GD=0.75ms,CPU&GPU=29.56ms,LCnt=2,GPU%=0.88,CPU%=0.42(W0.45)
10-31 20:37:43.567 23731 23747 D UE4     : [2019.10.31-11.37.43:567][163]LogBlueprintUserMessages: [BP_PlayerhandAnimation_C_2147482547] P=-15.981747 Y=-22.754494 R=47.830711
10-31 20:37:43.568 23731 23747 D UE4     : [2019.10.31-11.37.43:568][163]LogBlueprintUserMessages: [BP_PlayerhandAnimation_C_2147482544] P=18.764824 Y=-10.147960 R=-7.033990
10-31 20:37:43.581 23731 23747 D UE4     : [2019.10.31-11.37.43:581][164]LogBlueprintUserMessages: [BP_PlayerhandAnimation_C_2147482547] P=-17.329548 Y=-23.424259 R=49.590508
10-31 20:37:43.581 23731 23747 D UE4     : [2019.10.31-11.37.43:581][164]LogBlueprintUserMessages: [BP_PlayerhandAnimation_C_2147482544] P=18.775970 Y=-10.102008 R=-7.006423
10-31 20:37:43.608 23731 23747 D UE4     : [2019.10.31-11.37.43:608][165]LogBlueprintUserMessages: [BP_PlayerhandAnimation_C_2147482547] P=-19.756559 Y=-24.130234 R=53.406029
10-31 20:37:43.609 23731 23747 D UE4     : [2019.10.31-11.37.43:609][165]LogBlueprintUserMessages: [BP_PlayerhandAnimation_C_2147482544] P=18.793325 Y=-10.039506 R=-6.949544
10-31 20:37:43.636 23731 23747 D UE4     : [2019.10.31-11.37.43:636][166]LogBlueprintUserMessages: [BP_PlayerhandAnimation_C_2147482547] P=-22.044380 Y=-24.067394 R=56.922085
10-31 20:37:43.636 23731 23747 D UE4     : [2019.10.31-11.37.43:636][166]LogBlueprintUserMessages: [BP_PlayerhandAnimation_C_2147482544] P=18.771599 Y=-10.009685 R=-6.798225
10-31 20:37:43.664 23731 23747 D UE4     : [2019.10.31-11.37.43:664][167]LogBlueprintUserMessages: [BP_PlayerhandAnimation_C_2147482547] P=-24.504982 Y=-24.039904 R=60.000000
10-31 20:37:43.664 23731 23747 D UE4     : [2019.10.31-11.37.43:664][167]LogBlueprintUserMessages: [BP_PlayerhandAnimation_C_2147482544] P=18.676168 Y=-9.968887 R=-6.743472
10-31 20:37:43.679 23731 23747 D UE4     : [2019.10.31-11.37.43:679][168]LogBlueprintUserMessages: [BP_PlayerhandAnimation_C_2147482547] P=-25.711010 Y=-24.060160 R=60.000000
10-31 20:37:43.679 23731 23747 D UE4     : [2019.10.31-11.37.43:679][168]LogBlueprintUserMessages: [BP_PlayerhandAnimation_C_2147482544] P=18.666735 Y=-9.977401 R=-6.750926
10-31 20:37:43.699   707 23883 I [CT]    : MANAGEMENT:CONSTELLATION: Status=GREEN,, Obj=1122628778328220990,6DOF=1,FusJit=0.01mm,Issues(Cam/min=  0,IMU/min=0), Obj=6776806836185477697,6DOF=1,FusJit=0.0mm,Issues(Cam/min=  0,IMU/min=0)
10-31 20:37:43.706 23731 23747 D UE4     : [2019.10.31-11.37.43:706][169]LogBlueprintUserMessages: [BP_PlayerhandAnimation_C_2147482547] P=-28.174721 Y=-24.449230 R=60.000000
10-31 20:37:43.706 23731 23747 D UE4     : [2019.10.31-11.37.43:706][169]LogBlueprintUserMessages: [BP_PlayerhandAnimation_C_2147482544] P=18.687042 Y=-10.051740 R=-6.720294
10-31 20:37:43.733 23731 23747 D UE4     : [2019.10.31-11.37.43:733][170]LogBlueprintUserMessages: [BP_PlayerhandAnimation_C_2147482547] P=-30.320129 Y=-25.035221 R=60.000000
10-31 20:37:43.734 23731 23747 D UE4     : [2019.10.31-11.37.43:734][170]LogBlueprintUserMessages: [BP_PlayerhandAnimation_C_2147482544] P=18.736116 Y=-10.320576 R=-6.934919
10-31 20:37:43.748 23731 23747 D UE4     : [2019.10.31-11.37.43:748][171]LogBlueprintUserMessages: [BP_PlayerhandAnimation_C_2147482547] P=-31.004877 Y=-25.103741 R=60.000000
10-31 20:37:43.748 23731 23747 D UE4     : [2019.10.31-11.37.43:748][171]LogBlueprintUserMessages: [BP_PlayerhandAnimation_C_2147482544] P=18.767767 Y=-10.520155 R=-7.244577
10-31 20:37:43.775 23731 23747 D UE4     : [2019.10.31-11.37.43:775][172]LogBlueprintUserMessages: [BP_PlayerhandAnimation_C_2147482547] P=-32.367344 Y=-25.241743 R=60.000000
10-31 20:37:43.775 23731 23747 D UE4     : [2019.10.31-11.37.43:775][172]LogBlueprintUserMessages: [BP_PlayerhandAnimation_C_2147482544] P=18.934643 Y=-10.840956 R=-7.807026
10-31 20:37:43.803 23731 23747 D UE4     : [2019.10.31-11.37.43:803][173]LogBlueprintUserMessages: [BP_PlayerhandAnimation_C_2147482547] P=-34.065144 Y=-25.178617 R=60.000000
10-31 20:37:43.803 23731 23747 D UE4     : [2019.10.31-11.37.43:803][173]LogBlueprintUserMessages: [BP_PlayerhandAnimation_C_2147482544] P=18.925190 Y=-11.062454 R=-7.825014
10-31 20:37:43.818 23731 23747 D UE4     : [2019.10.31-11.37.43:817][174]LogBlueprintUserMessages: [BP_PlayerhandAnimation_C_2147482547] P=-34.988094 Y=-25.264526 R=60.000000
10-31 20:37:43.818 23731 23747 D UE4     : [2019.10.31-11.37.43:818][174]LogBlueprintUserMessages: [BP_PlayerhandAnimation_C_2147482544] P=18.977434 Y=-11.130390 R=-7.797804
10-31 20:37:43.846 23731 23747 D UE4     : [2019.10.31-11.37.43:846][175]LogBlueprintUserMessages: [BP_PlayerhandAnimation_C_2147482547] P=-36.595535 Y=-25.704300 R=60.000000
10-31 20:37:43.846 23731 23747 D UE4     : [2019.10.31-11.37.43:846][175]LogBlueprintUserMessages: [BP_PlayerhandAnimation_C_2147482544] P=19.166302 Y=-11.472003 R=-8.003572
10-31 20:37:43.873 23731 23747 D UE4     : [2019.10.31-11.37.43:873][176]LogBlueprintUserMessages: [BP_PlayerhandAnimation_C_2147482547] P=-37.872765 Y=-25.704336 R=60.000000
10-31 20:37:43.873 23731 23747 D UE4     : [2019.10.31-11.37.43:873][176]LogBlueprintUserMessages: [BP_PlayerhandAnimation_C_2147482544] P=19.394718 Y=-11.750635 R=-8.321465
10-31 20:37:43.887 23731 23747 D UE4     : [2019.10.31-11.37.43:887][177]LogBlueprintUserMessages: [BP_PlayerhandAnimation_C_2147482547] P=-38.482475 Y=-25.588093 R=60.000000
10-31 20:37:43.888 23731 23747 D UE4     : [2019.10.31-11.37.43:888][177]LogBlueprintUserMessages: [BP_PlayerhandAnimation_C_2147482544] P=19.517067 Y=-11.824552 R=-8.487245
10-31 20:37:43.914 23731 23747 D UE4     : [2019.10.31-11.37.43:914][178]LogBlueprintUserMessages: [BP_PlayerhandAnimation_C_2147482547] P=-39.533596 Y=-25.436584 R=60.000000
10-31 20:37:43.915 23731 23747 D UE4     : [2019.10.31-11.37.43:915][178]LogBlueprintUserMessages: [BP_PlayerhandAnimation_C_2147482544] P=19.677801 Y=-11.783803 R=-8.605030
10-31 20:37:43.945 23731 23747 D UE4     : [2019.10.31-11.37.43:945][179]LogBlueprintUserMessages: [BP_PlayerhandAnimation_C_2147482547] P=-39.637257 Y=-25.123837 R=60.000000
10-31 20:37:43.945 23731 23747 D UE4     : [2019.10.31-11.37.43:945][179]LogBlueprintUserMessages: [BP_PlayerhandAnimation_C_2147482544] P=19.834753 Y=-11.621474 R=-8.650639
10-31 20:37:43.960 23731 23747 D UE4     : [2019.10.31-11.37.43:960][180]LogBlueprintUserMessages: [BP_PlayerhandAnimation_C_2147482547] P=-39.919304 Y=-25.270277 R=60.000000
10-31 20:37:43.960 23731 23747 D UE4     : [2019.10.31-11.37.43:960][180]LogBlueprintUserMessages: [BP_PlayerhandAnimation_C_2147482544] P=19.922308 Y=-11.512341 R=-8.627556
10-31 20:37:43.984 23731 23747 D UE4     : [2019.10.31-11.37.43:984][181]LogBlueprintUserMessages: [BP_PlayerhandAnimation_C_2147482547] P=-41.019493 Y=-25.700104 R=60.000000
10-31 20:37:43.984 23731 23747 D UE4     : [2019.10.31-11.37.43:984][181]LogBlueprintUserMessages: [BP_PlayerhandAnimation_C_2147482544] P=19.947308 Y=-11.315604 R=-8.453643
10-31 20:37:44.012 23731 23747 D UE4     : [2019.10.31-11.37.44:012][182]LogBlueprintUserMessages: [BP_PlayerhandAnimation_C_2147482547] P=-42.243153 Y=-26.404850 R=60.000000
10-31 20:37:44.012 23731 23747 D UE4     : [2019.10.31-11.37.44:012][182]LogBlueprintUserMessages: [BP_PlayerhandAnimation_C_2147482544] P=19.976793 Y=-11.098042 R=-8.240944
10-31 20:37:44.027 23731 23747 D UE4     : [2019.10.31-11.37.44:027][183]LogBlueprintUserMessages: [BP_PlayerhandAnimation_C_2147482547] P=-42.959438 Y=-26.778063 R=60.000000
10-31 20:37:44.028 23731 23747 D UE4     : [2019.10.31-11.37.44:028][183]LogBlueprintUserMessages: [BP_PlayerhandAnimation_C_2147482544] P=19.962080 Y=-11.068900 R=-8.204520
10-31 20:37:44.054 23731 23747 D UE4     : [2019.10.31-11.37.44:054][184]LogBlueprintUserMessages: [BP_PlayerhandAnimation_C_2147482547] P=-44.124924 Y=-27.639582 R=60.000000
10-31 20:37:44.054 23731 23747 D UE4     : [2019.10.31-11.37.44:054][184]LogBlueprintUserMessages: [BP_PlayerhandAnimation_C_2147482544] P=20.047342 Y=-11.026875 R=-8.215866
10-31 20:37:44.082 23731 23747 D UE4     : [2019.10.31-11.37.44:082][185]LogBlueprintUserMessages: [BP_PlayerhandAnimation_C_2147482547] P=-45.178158 Y=-27.867407 R=60.000000
10-31 20:37:44.082 23731 23747 D UE4     : [2019.10.31-11.37.44:082][185]LogBlueprintUserMessages: [BP_PlayerhandAnimation_C_2147482544] P=20.119066 Y=-11.016927 R=-8.304808
10-31 20:37:44.096 23731 23747 D UE4     : [2019.10.31-11.37.44:096][186]LogBlueprintUserMessages: [BP_PlayerhandAnimation_C_2147482547] P=-46.110714 Y=-28.229034 R=60.000000
10-31 20:37:44.096 23731 23747 D UE4     : [2019.10.31-11.37.44:096][186]LogBlueprintUserMessages: [BP_PlayerhandAnimation_C_2147482544] P=20.131599 Y=-11.019818 R=-8.370133
10-31 20:37:44.128 23731 23747 D UE4     : [2019.10.31-11.37.44:127][187]LogBlueprintUserMessages: [BP_PlayerhandAnimation_C_2147482547] P=-47.817112 Y=-29.358398 R=60.000000
10-31 20:37:44.128 23731 23747 D UE4     : [2019.10.31-11.37.44:128][187]LogBlueprintUserMessages: [BP_PlayerhandAnimation_C_2147482544] P=20.388372 Y=-11.052171 R=-8.655568
10-31 20:37:44.151 23731 23747 D UE4     : [2019.10.31-11.37.44:151][188]LogBlueprintUserMessages: [BP_PlayerhandAnimation_C_2147482547] P=-49.413269 Y=-28.972933 R=60.000000
10-31 20:37:44.152 23731 23747 D UE4     : [2019.10.31-11.37.44:152][188]LogBlueprintUserMessages: [BP_PlayerhandAnimation_C_2147482544] P=20.596352 Y=-11.116744 R=-8.777421
10-31 20:37:44.166 23731 23747 D UE4     : [2019.10.31-11.37.44:166][189]LogBlueprintUserMessages: [BP_PlayerhandAnimation_C_2147482547] P=-50.042660 Y=-28.488188 R=60.000000
10-31 20:37:44.166 23731 23747 D UE4     : [2019.10.31-11.37.44:166][189]LogBlueprintUserMessages: [BP_PlayerhandAnimation_C_2147482544] P=20.722055 Y=-11.161731 R=-8.814871
10-31 20:37:44.194 23731 23747 D UE4     : [2019.10.31-11.37.44:193][190]LogBlueprintUserMessages: [BP_PlayerhandAnimation_C_2147482547] P=-51.524925 Y=-26.705326 R=60.000000
10-31 20:37:44.194 23731 23747 D UE4     : [2019.10.31-11.37.44:194][190]LogBlueprintUserMessages: [BP_PlayerhandAnimation_C_2147482544] P=20.937540 Y=-11.266286 R=-9.020860
10-31 20:37:44.221 23731 23747 D UE4     : [2019.10.31-11.37.44:221][191]LogBlueprintUserMessages: [BP_PlayerhandAnimation_C_2147482547] P=-53.071968 Y=-24.432495 R=60.000000
10-31 20:37:44.221 23731 23747 D UE4     : [2019.10.31-11.37.44:221][191]LogBlueprintUserMessages: [BP_PlayerhandAnimation_C_2147482544] P=21.138922 Y=-11.269541 R=-9.167253
10-31 20:37:44.236 23731 23747 D UE4     : [2019.10.31-11.37.44:235][192]LogBlueprintUserMessages: [BP_PlayerhandAnimation_C_2147482547] P=-53.771294 Y=-23.796814 R=60.000000
10-31 20:37:44.236 23731 23747 D UE4     : [2019.10.31-11.37.44:236][192]LogBlueprintUserMessages: [BP_PlayerhandAnimation_C_2147482544] P=21.142733 Y=-11.243887 R=-9.126823
10-31 20:37:44.263 23731 23747 D UE4     : [2019.10.31-11.37.44:263][193]LogBlueprintUserMessages: [BP_PlayerhandAnimation_C_2147482547] P=-55.449421 Y=-23.487612 R=60.000000
10-31 20:37:44.263 23731 23747 D UE4     : [2019.10.31-11.37.44:263][193]LogBlueprintUserMessages: [BP_PlayerhandAnimation_C_2147482544] P=21.193830 Y=-11.243029 R=-9.093722
10-31 20:37:44.275  1831 24260 D [OAR] VrShellAnalyticsUploader: User-Agent: VrShellAnalytics2/1.0.0 [FBAN/OculusVrShell;FBAV/10.1.0.144.427;FBBV/179270103;FBBD/oculus;FBBPD/monterey;FBMF/Oculus;FBDV/Quest;FBSV/7.1.1;FBPN/com.oculus.vrshell;]
10-31 20:37:44.292 23731 23747 D UE4     : [2019.10.31-11.37.44:292][194]LogBlueprintUserMessages: [BP_PlayerhandAnimation_C_2147482547] P=-56.063698 Y=-24.956953 R=60.000000
10-31 20:37:44.292 23731 23747 D UE4     : [2019.10.31-11.37.44:292][194]LogBlueprintUserMessages: [BP_PlayerhandAnimation_C_2147482544] P=21.269781 Y=-11.265851 R=-8.991403
10-31 20:37:44.293   707 23884 I [CT]    : Viper:Map_Manager: State: TRACKING_PERSISTENT, UUID=c35d16fd-2f43-4aee-acdd-50817cc71f4c, Num. Persistent maps = 5,  Persistent maps:ddbf46f9-2dca-4c55-aad6-82db99e2cc82,c35d16fd-2f43-4aee-acdd-50817cc71f4c,e88738b8-3abe-42c7-89b3-80158ce05742,67aea901-b572-42b7-9d58-b3f32e26f466,c039ea76-57b5-4c41-9a99-f1bc208bbafc,, Ser. Disabled = 00000000-0000-0000-0000-000000000000
10-31 20:37:44.307 23731 23747 D UE4     : [2019.10.31-11.37.44:307][195]LogBlueprintUserMessages: [BP_PlayerhandAnimation_C_2147482547] P=-55.745716 Y=-25.740257 R=60.000000
10-31 20:37:44.307 23731 23747 D UE4     : [2019.10.31-11.37.44:307][195]LogBlueprintUserMessages: [BP_PlayerhandAnimation_C_2147482544] P=21.258812 Y=-11.283856 R=-8.854821
10-31 20:37:44.328   707 23884 I [CT]    : VIPER: Status=6DoF,TRACKING,KF=102,Inl=269,Pts=281,Jit=0.4mm,Issues(Cam/min=0.0,IMU/min=0.0),Exp=(6.4ms,g=7,I=92)(5.3ms,g=3,I=96)(6.4ms,g=7,I=112)(4.7ms,g=4,I=96)
10-31 20:37:44.332 23731 23747 D UE4     : [2019.10.31-11.37.44:332][196]LogBlueprintUserMessages: [BP_PlayerhandAnimation_C_2147482547] P=-55.295429 Y=-26.152433 R=60.000000
10-31 20:37:44.333 23731 23747 D UE4     : [2019.10.31-11.37.44:332][196]LogBlueprintUserMessages: [BP_PlayerhandAnimation_C_2147482544] P=21.102722 Y=-11.250353 R=-8.546050
10-31 20:37:44.364 23731 23747 D UE4     : [2019.10.31-11.37.44:364][197]LogBlueprintUserMessages: [BP_PlayerhandAnimation_C_2147482547] P=-54.237148 Y=-25.918217 R=60.000000
10-31 20:37:44.364 23731 23747 D UE4     : [2019.10.31-11.37.44:364][197]LogBlueprintUserMessages: [BP_PlayerhandAnimation_C_2147482544] P=20.775057 Y=-11.331561 R=-8.494952
10-31 20:37:44.380 23731 23747 D UE4     : [2019.10.31-11.37.44:380][198]LogBlueprintUserMessages: [BP_PlayerhandAnimation_C_2147482547] P=-53.872982 Y=-25.750189 R=60.000000
10-31 20:37:44.380 23731 23747 D UE4     : [2019.10.31-11.37.44:380][198]LogBlueprintUserMessages: [BP_PlayerhandAnimation_C_2147482544] P=20.726748 Y=-11.449662 R=-8.595545
10-31 20:37:44.402 23731 23747 D UE4     : [2019.10.31-11.37.44:402][199]LogBlueprintUserMessages: [BP_PlayerhandAnimation_C_2147482547] P=-53.432301 Y=-25.672951 R=60.000000
10-31 20:37:44.402 23731 23747 D UE4     : [2019.10.31-11.37.44:402][199]LogBlueprintUserMessages: [BP_PlayerhandAnimation_C_2147482544] P=20.638577 Y=-11.530774 R=-8.754778
10-31 20:37:44.430 23731 23747 D UE4     : [2019.10.31-11.37.44:430][200]LogBlueprintUserMessages: [BP_PlayerhandAnimation_C_2147482547] P=-52.501209 Y=-25.984741 R=60.000000
10-31 20:37:44.430 23731 23747 D UE4     : [2019.10.31-11.37.44:430][200]LogBlueprintUserMessages: [BP_PlayerhandAnimation_C_2147482544] P=20.584072 Y=-11.423971 R=-8.819790
10-31 20:37:44.446 23731 23747 D UE4     : [2019.10.31-11.37.44:446][201]LogBlueprintUserMessages: [BP_PlayerhandAnimation_C_2147482547] P=-51.471832 Y=-26.196547 R=60.000000
10-31 20:37:44.446 23731 23747 D UE4     : [2019.10.31-11.37.44:446][201]LogBlueprintUserMessages: [BP_PlayerhandAnimation_C_2147482544] P=20.512327 Y=-11.411420 R=-8.779438
10-31 20:37:44.472 23731 23747 D UE4     : [2019.10.31-11.37.44:472][202]LogBlueprintUserMessages: [BP_PlayerhandAnimation_C_2147482547] P=-49.414581 Y=-26.128704 R=60.000000
10-31 20:37:44.472 23731 23747 D UE4     : [2019.10.31-11.37.44:472][202]LogBlueprintUserMessages: [BP_PlayerhandAnimation_C_2147482544] P=20.505491 Y=-11.381307 R=-8.652483
10-31 20:37:44.499 23731 23747 D UE4     : [2019.10.31-11.37.44:499][203]LogBlueprintUserMessages: [BP_PlayerhandAnimation_C_2147482547] P=-47.015198 Y=-26.162825 R=60.000000
10-31 20:37:44.500 23731 23747 D UE4     : [2019.10.31-11.37.44:500][203]LogBlueprintUserMessages: [BP_PlayerhandAnimation_C_2147482544] P=20.579994 Y=-11.392927 R=-8.531696
10-31 20:37:44.514 23731 23747 D UE4     : [2019.10.31-11.37.44:514][204]LogBlueprintUserMessages: [BP_PlayerhandAnimation_C_2147482547] P=-45.560116 Y=-26.238817 R=60.000000
10-31 20:37:44.514 23731 23747 D UE4     : [2019.10.31-11.37.44:514][204]LogBlueprintUserMessages: [BP_PlayerhandAnimation_C_2147482544] P=20.685658 Y=-11.382700 R=-8.439787
10-31 20:37:44.541 23731 23747 D UE4     : [2019.10.31-11.37.44:541][205]LogBlueprintUserMessages: [BP_PlayerhandAnimation_C_2147482547] P=-41.334286 Y=-25.365791 R=60.000000
10-31 20:37:44.541 23731 23747 D UE4     : [2019.10.31-11.37.44:541][205]LogBlueprintUserMessages: [BP_PlayerhandAnimation_C_2147482544] P=21.004320 Y=-11.280873 R=-8.319234
10-31 20:37:44.555 23731 24089 I VrApi   : FPS=42,Prd=44ms,Tear=0,Early=0,Stale=72,VSnc=1,Lat=1,Fov=0,CPU4/GPU=4/5,2304/710MHz,OC=FF,TA=0/E0/E0,SP=N/F/F,Mem=1804MHz,Free=1253MB,PSM=0,PLS=0,Temp=32.0C/0.0C,TW=3.83ms,App=23.81ms,GD=0.80ms,CPU&GPU=29.78ms,LCnt=2,GPU%=0.92,CPU%=0.44(W0.50)
10-31 20:37:44.569 23731 23747 D UE4     : [2019.10.31-11.37.44:569][206]LogBlueprintUserMessages: [BP_PlayerhandAnimation_C_2147482547] P=-34.408863 Y=-22.507896 R=60.000000
10-31 20:37:44.569 23731 23747 D UE4     : [2019.10.31-11.37.44:569][206]LogBlueprintUserMessages: [BP_PlayerhandAnimation_C_2147482544] P=21.331280 Y=-11.031605 R=-8.189232
10-31 20:37:44.587 23731 23747 D UE4     : [2019.10.31-11.37.44:587][207]LogBlueprintUserMessages: [BP_PlayerhandAnimation_C_2147482547] P=-29.185608 Y=-21.437399 R=60.000000
10-31 20:37:44.587 23731 23747 D UE4     : [2019.10.31-11.37.44:587][207]LogBlueprintUserMessages: [BP_PlayerhandAnimation_C_2147482544] P=21.537560 Y=-10.884135 R=-7.874880
10-31 20:37:44.612 23731 23747 D UE4     : [2019.10.31-11.37.44:612][208]LogBlueprintUserMessages: [BP_PlayerhandAnimation_C_2147482547] P=-19.481016 Y=-18.945538 R=60.000000
10-31 20:37:44.612 23731 23747 D UE4     : [2019.10.31-11.37.44:612][208]LogBlueprintUserMessages: [BP_PlayerhandAnimation_C_2147482544] P=21.808117 Y=-10.558550 R=-7.292818
10-31 20:37:44.614  1831 24260 D [OAR] VrShellAnalyticsUploader: User-Agent: VrShellAnalytics2/1.0.0 [FBAN/OculusVrShell;FBAV/10.1.0.144.427;FBBV/179270103;FBBD/oculus;FBBPD/monterey;FBMF/Oculus;FBDV/Quest;FBSV/7.1.1;FBPN/com.oculus.vrshell;]
10-31 20:37:44.639 23731 23747 D UE4     : [2019.10.31-11.37.44:639][209]LogBlueprintUserMessages: [BP_PlayerhandAnimation_C_2147482547] P=-12.094079 Y=-16.281647 R=60.000000
10-31 20:37:44.639 23731 23747 D UE4     : [2019.10.31-11.37.44:639][209]LogBlueprintUserMessages: [BP_PlayerhandAnimation_C_2147482544] P=21.897333 Y=-10.226278 R=-6.916114
10-31 20:37:44.667 23731 23747 D UE4     : [2019.10.31-11.37.44:667][210]LogBlueprintUserMessages: [BP_PlayerhandAnimation_C_2147482547] P=-4.011117 Y=-14.068560 R=60.000000
10-31 20:37:44.667 23731 23747 D UE4     : [2019.10.31-11.37.44:667][210]LogBlueprintUserMessages: [BP_PlayerhandAnimation_C_2147482544] P=22.008358 Y=-9.768565 R=-6.677612
10-31 20:37:44.681 23731 23747 D UE4     : [2019.10.31-11.37.44:681][211]LogBlueprintUserMessages: [BP_PlayerhandAnimation_C_2147482547] P=0.786599 Y=-11.582848 R=60.000000
10-31 20:37:44.681 23731 23747 D UE4     : [2019.10.31-11.37.44:681][211]LogBlueprintUserMessages: [BP_PlayerhandAnimation_C_2147482544] P=22.091133 Y=-9.557417 R=-6.435152
10-31 20:37:44.708 23731 23747 D UE4     : [2019.10.31-11.37.44:708][212]LogBlueprintUserMessages: [BP_PlayerhandAnimation_C_2147482547] P=11.064196 Y=-3.628860 R=56.405724
10-31 20:37:44.709 23731 23747 D UE4     : [2019.10.31-11.37.44:708][212]LogBlueprintUserMessages: [BP_PlayerhandAnimation_C_2147482544] P=22.166592 Y=-9.231582 R=-5.915749
10-31 20:37:44.736 23731 23747 D UE4     : [2019.10.31-11.37.44:736][213]LogBlueprintUserMessages: [BP_PlayerhandAnimation_C_2147482547] P=17.545998 Y=5.352996 R=47.457005
10-31 20:37:44.736 23731 23747 D UE4     : [2019.10.31-11.37.44:736][213]LogBlueprintUserMessages: [BP_PlayerhandAnimation_C_2147482544] P=22.004457 Y=-9.195047 R=-5.583748
10-31 20:37:44.751 23731 23747 D UE4     : [2019.10.31-11.37.44:751][214]LogBlueprintUserMessages: [BP_PlayerhandAnimation_C_2147482547] P=19.071247 Y=7.470949 R=42.392006
10-31 20:37:44.751 23731 23747 D UE4     : [2019.10.31-11.37.44:751][214]LogBlueprintUserMessages: [BP_PlayerhandAnimation_C_2147482544] P=21.971830 Y=-9.045509 R=-5.388488
10-31 20:37:44.779 23731 23747 D UE4     : [2019.10.31-11.37.44:779][215]LogBlueprintUserMessages: [BP_PlayerhandAnimation_C_2147482547] P=24.735863 Y=9.955791 R=33.062466
10-31 20:37:44.780 23731 23747 D UE4     : [2019.10.31-11.37.44:780][215]LogBlueprintUserMessages: [BP_PlayerhandAnimation_C_2147482544] P=21.923937 Y=-8.843826 R=-4.870033
10-31 20:37:44.806 23731 23747 D UE4     : [2019.10.31-11.37.44:806][216]LogBlueprintUserMessages: [BP_PlayerhandAnimation_C_2147482547] P=29.448475 Y=13.754817 R=23.628086
10-31 20:37:44.806 23731 23747 D UE4     : [2019.10.31-11.37.44:806][216]LogBlueprintUserMessages: [BP_PlayerhandAnimation_C_2147482544] P=21.867655 Y=-8.962846 R=-4.693641
10-31 20:37:44.834 23731 23747 D UE4     : [2019.10.31-11.37.44:833][217]LogBlueprintUserMessages: [BP_PlayerhandAnimation_C_2147482547] P=32.005596 Y=17.387459 R=19.284845
10-31 20:37:44.834 23731 23747 D UE4     : [2019.10.31-11.37.44:834][217]LogBlueprintUserMessages: [BP_PlayerhandAnimation_C_2147482544] P=22.056400 Y=-9.190812 R=-4.917396
10-31 20:37:44.852 23731 23747 D UE4     : [2019.10.31-11.37.44:852][218]LogBlueprintUserMessages: [BP_PlayerhandAnimation_C_2147482547] P=34.113235 Y=17.544907 R=19.536238
10-31 20:37:44.852 23731 23747 D UE4     : [2019.10.31-11.37.44:852][218]LogBlueprintUserMessages: [BP_PlayerhandAnimation_C_2147482544] P=22.320469 Y=-9.338424 R=-4.697392
10-31 20:37:44.889 23731 23747 D UE4     : [2019.10.31-11.37.44:889][219]LogBlueprintUserMessages: [BP_PlayerhandAnimation_C_2147482547] P=43.292446 Y=22.532106 R=14.121300
10-31 20:37:44.890 23731 23747 D UE4     : [2019.10.31-11.37.44:890][219]LogBlueprintUserMessages: [BP_PlayerhandAnimation_C_2147482544] P=23.037352 Y=-9.694987 R=-4.113023
10-31 20:37:44.917 23731 23747 D UE4     : [2019.10.31-11.37.44:917][220]LogBlueprintUserMessages: [BP_PlayerhandAnimation_C_2147482547] P=47.440815 Y=27.145702 R=7.963193
10-31 20:37:44.918 23731 23747 D UE4     : [2019.10.31-11.37.44:918][220]LogBlueprintUserMessages: [BP_PlayerhandAnimation_C_2147482544] P=23.482327 Y=-10.187395 R=-4.479728
10-31 20:37:44.937 23731 23747 D UE4     : [2019.10.31-11.37.44:937][221]LogBlueprintUserMessages: [BP_PlayerhandAnimation_C_2147482547] P=48.199863 Y=27.947830 R=6.397480
10-31 20:37:44.937 23731 23747 D UE4     : [2019.10.31-11.37.44:937][221]LogBlueprintUserMessages: [BP_PlayerhandAnimation_C_2147482544] P=23.583412 Y=-10.560740 R=-4.930047
10-31 20:37:44.961 23731 23747 D UE4     : [2019.10.31-11.37.44:961][222]LogBlueprintUserMessages: [BP_PlayerhandAnimation_C_2147482547] P=52.261726 Y=30.648149 R=2.820333
10-31 20:37:44.961 23731 23747 D UE4     : [2019.10.31-11.37.44:961][222]LogBlueprintUserMessages: [BP_PlayerhandAnimation_C_2147482544] P=23.803726 Y=-11.183028 R=-5.387356
10-31 20:37:44.987 23731 23747 D UE4     : [2019.10.31-11.37.44:987][223]LogBlueprintUserMessages: [BP_PlayerhandAnimation_C_2147482547] P=56.127808 Y=36.414700 R=-1.716324
10-31 20:37:44.988 23731 23747 D UE4     : [2019.10.31-11.37.44:988][223]LogBlueprintUserMessages: [BP_PlayerhandAnimation_C_2147482544] P=24.130571 Y=-11.780046 R=-5.864076
10-31 20:37:45.015 23731 23747 D UE4     : [2019.10.31-11.37.45:015][224]LogBlueprintUserMessages: [BP_PlayerhandAnimation_C_2147482547] P=58.957603 Y=45.332729 R=-9.758776
10-31 20:37:45.015 23731 23747 D UE4     : [2019.10.31-11.37.45:015][224]LogBlueprintUserMessages: [BP_PlayerhandAnimation_C_2147482544] P=24.639162 Y=-12.175558 R=-6.431747
10-31 20:37:45.030 23731 23747 D UE4     : [2019.10.31-11.37.45:030][225]LogBlueprintUserMessages: [BP_PlayerhandAnimation_C_2147482547] P=60.000000 Y=46.820534 R=-12.632789
10-31 20:37:45.030 23731 23747 D UE4     : [2019.10.31-11.37.45:030][225]LogBlueprintUserMessages: [BP_PlayerhandAnimation_C_2147482544] P=24.893667 Y=-12.253895 R=-6.636603
10-31 20:37:45.056 23731 23747 D UE4     : [2019.10.31-11.37.45:056][226]LogBlueprintUserMessages: [BP_PlayerhandAnimation_C_2147482547] P=60.000000 Y=49.190006 R=-17.809675
10-31 20:37:45.057 23731 23747 D UE4     : [2019.10.31-11.37.45:057][226]LogBlueprintUserMessages: [BP_PlayerhandAnimation_C_2147482544] P=25.367252 Y=-12.379130 R=-6.837096
10-31 20:37:45.084 23731 23747 D UE4     : [2019.10.31-11.37.45:084][227]LogBlueprintUserMessages: [BP_PlayerhandAnimation_C_2147482547] P=60.000000 Y=55.052212 R=-22.159966
10-31 20:37:45.084 23731 23747 D UE4     : [2019.10.31-11.37.45:084][227]LogBlueprintUserMessages: [BP_PlayerhandAnimation_C_2147482544] P=25.923052 Y=-12.146441 R=-6.790934
10-31 20:37:45.113 23731 23747 D UE4     : [2019.10.31-11.37.45:112][228]LogBlueprintUserMessages: [BP_PlayerhandAnimation_C_2147482547] P=60.000000 Y=60.000000 R=-29.340820
10-31 20:37:45.113 23731 23747 D UE4     : [2019.10.31-11.37.45:113][228]LogBlueprintUserMessages: [BP_PlayerhandAnimation_C_2147482544] P=26.154234 Y=-11.881822 R=-6.627647
10-31 20:37:45.127 23731 23747 D UE4     : [2019.10.31-11.37.45:127][229]LogBlueprintUserMessages: [BP_PlayerhandAnimation_C_2147482547] P=60.000000 Y=60.000000 R=-35.147507
10-31 20:37:45.128 23731 23747 D UE4     : [2019.10.31-11.37.45:128][229]LogBlueprintUserMessages: [BP_PlayerhandAnimation_C_2147482544] P=26.171043 Y=-11.771661 R=-6.514727
10-31 20:37:45.154 23731 23747 D UE4     : [2019.10.31-11.37.45:154][230]LogBlueprintUserMessages: [BP_PlayerhandAnimation_C_2147482547] P=60.000000 Y=60.000000 R=-47.480545
10-31 20:37:45.154 23731 23747 D UE4     : [2019.10.31-11.37.45:154][230]LogBlueprintUserMessages: [BP_PlayerhandAnimation_C_2147482544] P=26.266148 Y=-11.555043 R=-6.277621
10-31 20:37:45.182 23731 23747 D UE4     : [2019.10.31-11.37.45:182][231]LogBlueprintUserMessages: [BP_PlayerhandAnimation_C_2147482547] P=60.000000 Y=60.000000 R=-60.000000
10-31 20:37:45.183 23731 23747 D UE4     : [2019.10.31-11.37.45:183][231]LogBlueprintUserMessages: [BP_PlayerhandAnimation_C_2147482544] P=26.385353 Y=-11.343643 R=-6.235300
10-31 20:37:45.210 23731 23747 D UE4     : [2019.10.31-11.37.45:210][232]LogBlueprintUserMessages: [BP_PlayerhandAnimation_C_2147482547] P=60.000000 Y=60.000000 R=-60.000000
10-31 20:37:45.210 23731 23747 D UE4     : [2019.10.31-11.37.45:210][232]LogBlueprintUserMessages: [BP_PlayerhandAnimation_C_2147482544] P=26.466791 Y=-11.296127 R=-6.243439
10-31 20:37:45.228 23731 23747 D UE4     : [2019.10.31-11.37.45:228][233]LogBlueprintUserMessages: [BP_PlayerhandAnimation_C_2147482547] P=60.000000 Y=60.000000 R=-60.000000
10-31 20:37:45.228 23731 23747 D UE4     : [2019.10.31-11.37.45:228][233]LogBlueprintUserMessages: [BP_PlayerhandAnimation_C_2147482544] P=26.422277 Y=-11.386373 R=-6.345312
10-31 20:37:45.252 23731 23747 D UE4     : [2019.10.31-11.37.45:252][234]LogBlueprintUserMessages: [BP_PlayerhandAnimation_C_2147482547] P=60.000000 Y=60.000000 R=-60.000000
10-31 20:37:45.252 23731 23747 D UE4     : [2019.10.31-11.37.45:252][234]LogBlueprintUserMessages: [BP_PlayerhandAnimation_C_2147482544] P=26.551847 Y=-11.296279 R=-6.564423
10-31 20:37:45.281 23731 23747 D UE4     : [2019.10.31-11.37.45:281][235]LogBlueprintUserMessages: [BP_PlayerhandAnimation_C_2147482547] P=60.000000 Y=60.000000 R=-60.000000
10-31 20:37:45.281 23731 23747 D UE4     : [2019.10.31-11.37.45:281][235]LogBlueprintUserMessages: [BP_PlayerhandAnimation_C_2147482544] P=26.886055 Y=-10.885241 R=-6.402685
10-31 20:37:45.307 23731 23747 D UE4     : [2019.10.31-11.37.45:307][236]LogBlueprintUserMessages: [BP_PlayerhandAnimation_C_2147482547] P=60.000000 Y=60.000000 R=-60.000000
10-31 20:37:45.308 23731 23747 D UE4     : [2019.10.31-11.37.45:308][236]LogBlueprintUserMessages: [BP_PlayerhandAnimation_C_2147482544] P=27.144373 Y=-10.602404 R=-5.851474
10-31 20:37:45.322 23731 23747 D UE4     : [2019.10.31-11.37.45:322][237]LogBlueprintUserMessages: [BP_PlayerhandAnimation_C_2147482547] P=60.000000 Y=60.000000 R=-60.000000
10-31 20:37:45.322 23731 23747 D UE4     : [2019.10.31-11.37.45:322][237]LogBlueprintUserMessages: [BP_PlayerhandAnimation_C_2147482544] P=27.218267 Y=-10.531446 R=-5.654246
10-31 20:37:45.327   707 23884 I [CT]    : HealthReport: ==================================================
10-31 20:37:45.327   707 23884 I [CT]    : Health Report
10-31 20:37:45.327   707 23884 I [CT]    : -------------
10-31 20:37:45.327   707 23884 I [CT]    : 
10-31 20:37:45.327   707 23884 I [CT]    : Reporter #1 (InsideOutHealthMonitor) summary:
10-31 20:37:45.327   707 23884 I [CT]    : Camera: Total Dropped: 0.000000, Total Frame Count: 301 (0.000000%), Camera Reset Count: 0
10-31 20:37:45.327   707 23884 I [CT]    : Camera: Total Single Camera Frame Dropped: 0, Total Frame Count: 301 (0.000000%)
10-31 20:37:45.327   707 23884 I [CT]    : IMU: Total Dropped: 0.000000, Total Sample Count: 10236 (0.000000%)
10-31 20:37:45.327   707 23884 I [CT]    : Magnetometer: Total Dropped: 0.000000, Total Sample Count: 308 (0.000000%)
10-31 20:37:45.327   707 23884 I [CT]    : 
10-31 20:37:45.327   707 23884 I [CT]    : Reporter #1 (InsideOutHealthMonitor) Passed
10-31 20:37:45.327   707 23884 I [CT]    : --------------------------------------------------
10-31 20:37:45.327   707 23884 I [CT]    : Reporter #2 (ConstellationHealthMonitor) summary:
10-31 20:37:45.327   707 23884 I [CT]    : Camera: Total Dropped: 0.000000, Total Frame Count: 302 (0.000000%), Camera Reset Count: 1
10-31 20:37:45.327   707 23884 I [CT]    : Camera: Total Single Camera Frame Dropped: 0, Total Frame Count: 302 (0.000000%)
10-31 20:37:45.327   707 23884 I [CT]    : Controller 1122628778328220990:
10-31 20:37:45.327   707 23884 I [CT]    : IMU: Capture period exceeded threshold.  Largest period: 0.567962 sec
10-31 20:37:45.327   707 23884 I [CT]    : Controllers may have been sleeping
10-31 20:37:45.327   707 23884 I [CT]    : IMU: Total Dropped: 0.000000, Total Sample Count: 4922.687000 (0.000000%)
10-31 20:37:45.327   707 23884 I [CT]    : Controller 6776806836185477697:
10-31 20:37:45.327   707 23884 I [CT]    : IMU: Ca
10-31 20:37:45.349 23731 23747 D UE4     : [2019.10.31-11.37.45:349][238]LogBlueprintUserMessages: [BP_PlayerhandAnimation_C_2147482547] P=60.000000 Y=60.000000 R=-60.000000
10-31 20:37:45.349 23731 23747 D UE4     : [2019.10.31-11.37.45:349][238]LogBlueprintUserMessages: [BP_PlayerhandAnimation_C_2147482544] P=27.458048 Y=-10.381756 R=-5.531918
10-31 20:37:45.372   541 22301 V msm8974_platform: platform_get_parameters: exit: returns - snd_device_in=none
10-31 20:37:45.372   541 22301 V audio_hw_primary: adev_get_parameters: exit: returns - snd_device_in=none
10-31 20:37:45.372   541 22301 I hash_map_utils: key: 'snd_device_in' value: ''
10-31 20:37:45.372   541 15875 V msm8974_platform: platform_get_parameters: exit: returns - snd_device_out=speaker
10-31 20:37:45.373   541 15875 V audio_hw_primary: adev_get_parameters: exit: returns - snd_device_out=speaker
10-31 20:37:45.373   541 15875 I hash_map_utils: key: 'snd_device_out' value: ''
10-31 20:37:45.377 23731 23747 D UE4     : [2019.10.31-11.37.45:377][239]LogBlueprintUserMessages: [BP_PlayerhandAnimation_C_2147482547] P=60.000000 Y=60.000000 R=-60.000000
10-31 20:37:45.377 23731 23747 D UE4     : [2019.10.31-11.37.45:377][239]LogBlueprintUserMessages: [BP_PlayerhandAnimation_C_2147482544] P=27.641548 Y=-10.220194 R=-5.429008
10-31 20:37:45.404 23731 23747 D UE4     : [2019.10.31-11.37.45:404][240]LogBlueprintUserMessages: [BP_PlayerhandAnimation_C_2147482547] P=60.000000 Y=60.000000 R=-60.000000
10-31 20:37:45.405 23731 23747 D UE4     : [2019.10.31-11.37.45:405][240]LogBlueprintUserMessages: [BP_PlayerhandAnimation_C_2147482544] P=27.708429 Y=-10.438885 R=-5.291902
10-31 20:37:45.419 23731 23747 D UE4     : [2019.10.31-11.37.45:419][241]LogBlueprintUserMessages: [BP_PlayerhandAnimation_C_2147482547] P=60.000000 Y=60.000000 R=-60.000000
10-31 20:37:45.419 23731 23747 D UE4     : [2019.10.31-11.37.45:419][241]LogBlueprintUserMessages: [BP_PlayerhandAnimation_C_2147482544] P=27.728210 Y=-10.527212 R=-5.302435
10-31 20:37:45.447 23731 23747 D UE4     : [2019.10.31-11.37.45:446][242]LogBlueprintUserMessages: [BP_PlayerhandAnimation_C_2147482547] P=60.000000 Y=60.000000 R=-60.000000
10-31 20:37:45.447 23731 23747 D UE4     : [2019.10.31-11.37.45:447][242]LogBlueprintUserMessages: [BP_PlayerhandAnimation_C_2147482544] P=27.800022 Y=-10.596419 R=-5.376709
10-31 20:37:45.474 23731 23747 D UE4     : [2019.10.31-11.37.45:474][243]LogBlueprintUserMessages: [BP_PlayerhandAnimation_C_2147482547] P=60.000000 Y=60.000000 R=-60.000000
10-31 20:37:45.474 23731 23747 D UE4     : [2019.10.31-11.37.45:474][243]LogBlueprintUserMessages: [BP_PlayerhandAnimation_C_2147482544] P=27.804073 Y=-10.733173 R=-5.396730
10-31 20:37:45.489 23731 23747 D UE4     : [2019.10.31-11.37.45:489][244]LogBlueprintUserMessages: [BP_PlayerhandAnimation_C_2147482547] P=60.000000 Y=60.000000 R=-60.000000
10-31 20:37:45.489 23731 23747 D UE4     : [2019.10.31-11.37.45:489][244]LogBlueprintUserMessages: [BP_PlayerhandAnimation_C_2147482544] P=27.824837 Y=-10.827168 R=-5.432930
10-31 20:37:45.516 23731 23747 D UE4     : [2019.10.31-11.37.45:516][245]LogBlueprintUserMessages: [BP_PlayerhandAnimation_C_2147482547] P=60.000000 Y=60.000000 R=-60.000000
10-31 20:37:45.516 23731 23747 D UE4     : [2019.10.31-11.37.45:516][245]LogBlueprintUserMessages: [BP_PlayerhandAnimation_C_2147482544] P=27.853476 Y=-10.986918 R=-5.544832
10-31 20:37:45.544 23731 23747 D UE4     : [2019.10.31-11.37.45:544][246]LogBlueprintUserMessages: [BP_PlayerhandAnimation_C_2147482547] P=60.000000 Y=60.000000 R=-60.000000
10-31 20:37:45.544 23731 23747 D UE4     : [2019.10.31-11.37.45:544][246]LogBlueprintUserMessages: [BP_PlayerhandAnimation_C_2147482544] P=27.788740 Y=-11.175945 R=-5.549280
10-31 20:37:45.553 23731 24089 I VrApi   : FPS=43,Prd=44ms,Tear=0,Early=0,Stale=72,VSnc=1,Lat=1,Fov=0,CPU4/GPU=4/5,2304/710MHz,OC=FF,TA=0/E0/E0,SP=N/F/F,Mem=1804MHz,Free=1249MB,PSM=0,PLS=0,Temp=32.0C/0.0C,TW=3.82ms,App=25.90ms,GD=0.57ms,CPU&GPU=29.49ms,LCnt=2,GPU%=0.94,CPU%=0.50(W0.55)
10-31 20:37:45.560 23731 23747 D UE4     : [2019.10.31-11.37.45:560][247]LogBlueprintUserMessages: [BP_PlayerhandAnimation_C_2147482547] P=60.000000 Y=60.000000 R=-60.000000
10-31 20:37:45.560 23731 23747 D UE4     : [2019.10.31-11.37.45:560][247]LogBlueprintUserMessages: [BP_PlayerhandAnimation_C_2147482544] P=27.765011 Y=-11.228375 R=-5.542930
10-31 20:37:45.585 23731 23747 D UE4     : [2019.10.31-11.37.45:585][248]LogBlueprintUserMessages: [BP_PlayerhandAnimation_C_2147482547] P=60.000000 Y=60.000000 R=-60.000000
10-31 20:37:45.586 23731 23747 D UE4     : [2019.10.31-11.37.45:586][248]LogBlueprintUserMessages: [BP_PlayerhandAnimation_C_2147482544] P=27.734022 Y=-11.314380 R=-5.595803
10-31 20:37:45.614 23731 23747 D UE4     : [2019.10.31-11.37.45:614][249]LogBlueprintUserMessages: [BP_PlayerhandAnimation_C_2147482547] P=60.000000 Y=60.000000 R=-60.000000
10-31 20:37:45.614 23731 23747 D UE4     : [2019.10.31-11.37.45:614][249]LogBlueprintUserMessages: [BP_PlayerhandAnimation_C_2147482544] P=27.682688 Y=-11.349139 R=-5.681284
10-31 20:37:45.641 23731 23747 D UE4     : [2019.10.31-11.37.45:641][250]LogBlueprintUserMessages: [BP_PlayerhandAnimation_C_2147482547] P=60.000000 Y=60.000000 R=-60.000000
10-31 20:37:45.642 23731 23747 D UE4     : [2019.10.31-11.37.45:642][250]LogBlueprintUserMessages: [BP_PlayerhandAnimation_C_2147482544] P=27.558104 Y=-11.317910 R=-5.645440
