10-25 20:20:50.935   697 17702 I SyncBossHAL:     serial        : 1PALCRCD3P9323
10-25 20:20:50.935   697 17702 I SyncBossHAL:     handedness    : right
10-25 20:20:50.935   697 17702 I SyncBossHAL:     battery state : 70%
10-25 20:20:50.937   701   701 E VrApiService: Error set scheduler for process 2183 thread 17602 to ELEVATED : No such process (3)
10-25 20:20:50.938  2183 17721 W Clocks  : SetSchedFifo( tid=17602, pri=1 ) failed!
10-25 20:20:50.938   697 17707 D LibDevices: Added controller 32ee4a79d0798a9e to trackingLib. Controller is ready to track
10-25 20:20:50.941   697 17707 D LibDevices: Syncboss input 32ee4a79d0798a9e hardware type 2, subtype 1, revision 0x13
10-25 20:20:50.941   697 17707 D LibDevices: Syncboss input e5fbc34fe59c5b76 hardware type 2, subtype 2, revision 0x13
10-25 20:20:50.941   697 17707 D LibDevices: stateChangeNotifierFunc(): Reporting controller info. Change token: 2
10-25 20:20:50.941   697 17707 I TrackingService: Registering primary controller e5fbc34fe59c5b76 in slot 1
10-25 20:20:50.941   697 17681 E [CT]    : CONSTELLATION: L: : Reset Sensor Fusion. Time since last IMU sample: 1.5974
10-25 20:20:50.941   697 17681 W [CT]    : CONSTELLATION: L: Could not retrieve attitude. Muting log for 1 sec.
10-25 20:20:50.941   697 17681 I [CT]    : TorsoModel: initializing torsoYaw_
10-25 20:20:50.941   697 17681 I [CT]    : AdHocPatch: not initialized: waiting for reliable pose
10-25 20:20:50.942   697 17707 I TrackingService: Notifying client pid 2183 of new primary remote e5fbc34fe59c5b76
10-25 20:20:50.942  2183  2202 D TrackingServiceClient: TrackingServiceClient onRemoteConnected e5fbc34fe59c5b76
10-25 20:20:50.942   697 17707 I TrackingService: Notifying client pid 17542 of new primary remote e5fbc34fe59c5b76
10-25 20:20:50.942 17542 17555 D TrackingServiceClient: TrackingServiceClient onRemoteConnected e5fbc34fe59c5b76
10-25 20:20:50.942   697 17709 I [CT]    : VIPER:TRACKER: Tracker Gravity Alignment: 0.902772 deg: [RPY]: -0.406 0.806 -0.000686 
10-25 20:20:50.942   697 17707 I [CT]    : VisionInterface: Requesting tracking engine to activate device 0xe5fbc34fe59c5b76.
10-25 20:20:50.943   697 17707 I [CT]    : VisionInterface: Device is not registered: ID e5fbc34fe59c5b76
10-25 20:20:50.943   697 17707 I [CT]    : TRACKER:CONSTELLATION: Adding object with id e5fbc34fe59c5b76
10-25 20:20:50.943   697 17707 I [CT]    : TRACKER:CONSTELLATION: Object serial 1PALCRCD3P9323
10-25 20:20:50.943   697 17707 I [CT]    : TRACKER:CONSTELLATION: Decoding calibration data...
10-25 20:20:50.944   697 17709 I [CT]    : VIPER:TRACKSTATUS: BAD TRACKING: gravity estimate uncertainty too high (0.00532279 > 0.0005)
10-25 20:20:50.944  2183 17721 W TimeWarp: firstDisplayVsync outrageously early 389254, base 20, flushing
10-25 20:20:50.945   697 17708 W [CT]    : VIPER: StateBuffer: Could not get velocity from buffer. Not currently tracking in 6dof.
10-25 20:20:50.945   697 17708 I [CT]    : TRACKER:CONSTELLATION: No HMD tracking for Constellation
10-25 20:20:50.945   697 17707 I [CT]    : CONSTELLATION:CALIBRATION_DECODER: Lensing Model: 0, 4 coefficients
10-25 20:20:50.945   697 17707 I [CT]    : CONSTELLATION:CALIBRATION_DECODER: Lensing Coefficient 0: 0.002251
10-25 20:20:50.945   697 17707 I [CT]    : CONSTELLATION:CALIBRATION_DECODER: Lensing Coefficient 1: -0.004882
10-25 20:20:50.945   697 17707 I [CT]    : CONSTELLATION:CALIBRATION_DECODER: Lensing Coefficient 2: 0.003772
10-25 20:20:50.945   697 17707 I [CT]    : CONSTELLATION:CALIBRATION_DECODER: Lensing Coefficient 3: -0.000125
10-25 20:20:50.946   697 17707 I [CT]    : TRACKER:CONSTELLATION: Calibration: 
10-25 20:20:50.946   697 17707 I [CT]    :  acc offset : -0.00790224 0.0108056 -0.257245 
10-25 20:20:50.946   697 17707 I [CT]    : acc mat: 0.997716 0.027323 0.00692934 0.00287036 0.00065951 -1.00112 -0.0269213 0.998887 0.00325122 
10-25 20:20:50.946   697 17707 I [CT]    : gyro offset : -0.0259026 0.00142075 -0.00528023 
10-25 20:20:50.946   697 17707 I [CT]    : gyro mat: 0.996131 0.0269613 0.00985403 -0.00026023 -0.00233991 -0.995228 -0.0280153 0.998918 0.00081278 
10-25 20:20:50.946   697 17707 I [CT]    : leds: 
10-25 20:20:50.946   697 17707 I [CT]    : Model Point
10-25 20:20:50.946   697 17707 I [CT]    : 	Position: 0.0216044 -0.00316481 -0.0141779 
10-25 20:20:50.946   697 17707 I [CT]    : 	Normal: 0.527068 -0.713865 -0.461082 
10-25 20:20:50.946   697 17707 I [CT]    : 	isVisibleThreshold (deg): 85
10-25 20:20:50.946   697 17707 I [CT]    : 	isReliableThreshold (deg): 80
10-25 20:20:50.946   697 17707 I [CT]    : 	lensingIndex: 0
10-25 20:20:50.946   697 17707 I [CT]    : 
10-25 20:20:50.946   697 17707 I [CT]    : Model Point
10-25 20:20:50.946   697 17707 I [CT]    : 	Position: 0.031984 0.00571038 -0.012009 
10-25 20:20:50.946   697 17707 I [CT]    : 	Normal: 0.71942 -0.538329 -0.438905 
10-25 20:20:50.946   697 17707 I [CT]    : 	isVisibleThreshold (deg): 85
10-25 20:20:50.946   697 17707 I [CT]    : 	isReliableThreshold (deg): 80
10-25 20:20:50.946   697 17707 I [CT]    : 	lensingIndex: 0
10-25 20:20:50.946   697 17707 I [CT]    : 
10-25 20:20:50.946   697 17707 I [CT]    : Model Point
10-25 20:20:50.946   697 17707 I [CT]    : 	Position: 0.0369312 0.00917669 0.00316142 
10-25 20:20:50.946   697 17707 I [CT]    : 	Normal: 0.757637 -0.623449 0.193126 
10-25 20:20:50.946   697 17707 I [CT]    : 	isVisibleThreshold (deg): 85
10-25 20:20:50.946   697 17707 I [CT]    : 	isReliableThreshold (deg): 80
10-25 20:20:50.946   697 17707 I [CT]    : 	lensingIndex: 0
10-25 20:20:50.946   697 17707 I [CT]    : 
10-25 20:20:50.946   697 17707 I [CT]    : Model Point
10-25 20:20:50.946   697 17707 I [CT]    : 	Position: 0.0427 0.0269125 -0.0016796 
10-25 20:20:50.946   697 17707 I [CT]    : 	Normal: 0.955656 0.00827838 -0.294368 
10-25 20:20:50.946   697 17707 I [CT]    : 	isVisibleThreshold (deg): 85
10-25 20:20:50.946   697 17707 I [CT]    : 	isReliableThreshold (deg): 80
10-25 20:20:50.946   697 17707 I [CT]    : 	len
10-25 20:20:50.946   697 17707 I [CT]    : TRACKER:CONSTELLATION: Right handed controller found!
10-25 20:20:50.946   697 17707 I [CT]    : TRACKER:CONSTELLATION: Imu Position = 0.00558564 -0.00711984 0.0198452 
10-25 20:20:50.947  1060  1151 W EventHub: Unable to disable kernel key repeat for /dev/input/event4: Function not implemented
10-25 20:20:50.947  1060  1151 I EventHub: New device: id=15, fd=213, path='/dev/input/event4', name='Device 0xE5FBC34FE59C5B76', classes=0x2001, configuration='/system/usr/idc/Vendor_2833_Product_0160.idc', keyLayout='/system/usr/keylayout/oculus-device.kl', keyCharacterMap='/system/usr/keychars/oculus-device.kcm', builtinKeyboard=false, wakeMechanism=EPOLLWAKEUP, usingClockIoctl=true
10-25 20:20:50.947  1060  1151 I InputReader: Device added: id=15, name='Device 0xE5FBC34FE59C5B76', sources=0x65432102
10-25 20:20:50.949   697 17707 I [CT]    : CONSTELLATION: ControllerStateBuffer: RESET
10-25 20:20:50.949   697 17707 I [CT]    : CONSTELLATION: ControllerStateBuffer: RESET
10-25 20:20:50.949   697 17707 I [CT]    : CONSTELLATION: ControllerStateBuffer: RESET
10-25 20:20:50.949   697 17707 I [CT]    : R:Behavior:AtRest: reset
10-25 20:20:50.949   697 17707 I [CT]    : R:Behavior:AtRest: reset
10-25 20:20:50.949   697 17707 I [CT]    : Blackboard: reset
10-25 20:20:50.950   697 17681 I [CT]    : TorsoModel: initializing torsoYaw_
10-25 20:20:50.951   697 17707 I [CT]    : CONSTELLATION:MATCHING: [BruteMatching] Pre-computed 105 model pairs.
10-25 20:20:50.954   701  1969 E VrApiService: Error set scheduler for process 2183 thread 17602 to ELEVATED : No such process (3)
10-25 20:20:50.954  2183 17721 W Clocks  : SetSchedFifo( tid=17602, pri=1 ) failed!
10-25 20:20:50.954   697 17679 I SyncBossInput: [lcon (left) 32ee4a79xxxxxxxx]: 120320072 [info   ] {THDG}: active_connected -> active_seek
10-25 20:20:50.957  2183 17721 W TimeWarp: firstDisplayVsync outrageously early 389254, base 21, flushing
10-25 20:20:50.960  2183  2371 W TimeWarp: MakeNonblockingRequest: request is still invalid after 25 tries.
10-25 20:20:50.960   697 17707 I [CT]    : CONSTELLATION:MATCHING: [BruteMatching] Pre-computed 53 model triangles.
10-25 20:20:50.962  1060  1907 I SyncBossHAL: internal/syncboss_hal_prox.c(38): INFO: Reporting prox event: prox_on
10-25 20:20:50.962   697 17707 I [CT]    : CONSTELLATION: ControllerStateBuffer: RESET
10-25 20:20:50.962   697 17707 I [CT]    : R:Behavior:AtRest: reset
10-25 20:20:50.962   697 17707 I [CT]    : R:Behavior:AtRest: reset
10-25 20:20:50.962   697 17707 I [CT]    : Blackboard: reset
10-25 20:20:50.962  1060  1146 D SensorsHAL: returning 1 events to client
10-25 20:20:50.962   697 17707 I [CT]    : VisionInterface: Setting tracked object ID e5fbc34fe59c5b76 LED on-time to 19 us.
10-25 20:20:50.962   697 17681 I [CT]    : TorsoModel: initializing torsoYaw_
10-25 20:20:50.963   697 17709 I [CT]    : VIPER:RELOC: Number of frames to try relocalization on 5 maps: 144
10-25 20:20:50.966  2183 17721 I Clocks  : SetSchedFifo( tid=17558, pri=0 ) succeeded
10-25 20:20:50.966  2183 17721 I Clocks  : SetSchedFifo( tid=17668, pri=0 ) succeeded
10-25 20:20:50.967   697 17699 I SyncBossFW: [info   ] {CMTH}: Good morning.  Prox is currently near
10-25 20:20:50.968   697 17707 D LibDevices: Added controller e5fbc34fe59c5b76 to trackingLib. Controller is ready to track
10-25 20:20:50.969   697 17681 E [CT]    : CONSTELLATION: R: : Reset Sensor Fusion. Time since last IMU sample: 1.62542
10-25 20:20:50.969   697 17681 I [CT]    : TorsoModel: initializing torsoYaw_
10-25 20:20:50.971  2183 17721 W TimeWarp: firstDisplayVsync outrageously early 389254, base 22, flushing
10-25 20:20:50.974  2183  2368 I GuardianSystem: GuardianSystem::GetCurrentMapId: Relocalization started: 5c9cda66-709e-4775-93a8-ccba5cac6ad4 / 5c9cda66-709e-4775-93a8-ccba5cac6ad4
10-25 20:20:50.974  2183  2368 I GuardianSystem: Ending pause
10-25 20:20:50.975   697 17709 I [CT]    : VIPER:TRACKER: Tracker Gravity Alignment: 1.16402 deg: [RPY]: -0.496 1.05 0.000767 
10-25 20:20:50.976   697 17709 I [CT]    : VIPER:TRACKSTATUS: BAD TRACKING: gravity estimate uncertainty too high (0.00309813 > 0.0005)
10-25 20:20:50.978   697 17708 W [CT]    : VIPER: StateBuffer: Could not get velocity from buffer. Not currently tracking in 6dof.
10-25 20:20:50.985  2183 17721 W TimeWarp: firstDisplayVsync outrageously early 389254, base 23, flushing
10-25 20:20:50.989  2183  2371 W TimeWarp: MakeNonblockingRequest: request is still invalid after 25 tries.
10-25 20:20:50.989  2183  2371 I ClientMgr: MountStateShouldPushBlack: Tracking changed to INVALID
10-25 20:20:50.996   697 17709 I [CT]    : VIPER:RELOC: Number of frames to try relocalization on 5 maps: 143
10-25 20:20:50.999  2183 17721 W TimeWarp: firstDisplayVsync outrageously early 389254, base 24, flushing
10-25 20:20:51.000   697 17679 I SyncBossInput: [lcon (left) 32ee4a79xxxxxxxx]: 120346926 [info   ] {THDG}: active_seek -> inactive_seek
10-25 20:20:51.008   697 17709 I [CT]    : VIPER:TRACKER: Tracker Gravity Alignment: 0.677127 deg: [RPY]: -0.279 0.617 -0.000251 
10-25 20:20:51.009   697 17709 I [CT]    : VIPER:TRACKSTATUS: BAD TRACKING: gravity estimate uncertainty too high (0.00172807 > 0.0005)
10-25 20:20:51.011   697 17708 W [CT]    : VIPER: StateBuffer: Could not get velocity from buffer. Not currently tracking in 6dof.
10-25 20:20:51.013   697 17679 I SyncBossInput: [lcon (right) e5fbc34fxxxxxxxx]: 120338222 [info   ] {THDG}: active_seek -> inactive_seek
10-25 20:20:51.013  2183 17721 W TimeWarp: firstDisplayVsync outrageously early 389254, base 25, flushing
10-25 20:20:51.018  2183  2371 W TimeWarp: MakeNonblockingRequest: request is still invalid after 25 tries.
10-25 20:20:51.027  2183 17721 W TimeWarp: firstDisplayVsync outrageously early 389254, base 26, flushing
10-25 20:20:51.028 17542 17627 I VrApi   : FPS=0,Prd=0ms,Tear=0,Early=0,Stale=0,VSnc=1,Lat=0,Fov=0,CPU4/GPU=0/0,1651/515MHz,OC=FF,TA=0/0/0,SP=N/N/N,Mem=1804MHz,Free=1981MB,PSM=0,PLS=0,Temp=29.0C/0.0C,TW=0.00ms,App=0.00ms,GD=0.00ms,CPU&GPU=0.00ms,LCnt=0,GPU%=-1.00,CPU%=-1.00(W-1.00)
10-25 20:20:51.030   697 17709 I [CT]    : VIPER:RELOC: Number of frames to try relocalization on 5 maps: 142
10-25 20:20:51.041  2183 17721 W TimeWarp: firstDisplayVsync outrageously early 389254, base 27, flushing
10-25 20:20:51.042   697 17679 I SyncBossInput: [lcon (left) 32ee4a79xxxxxxxx]: 125676060 [info   ] {APP }: Connected
10-25 20:20:51.042   697 17709 I [CT]    : VIPER:TRACKSTATUS: BAD TRACKING: gravity estimate uncertainty too high (0.00101599 > 0.0005)
10-25 20:20:51.045   697 17708 W [CT]    : VIPER: StateBuffer: Could not get velocity from buffer. Not currently tracking in 6dof.
10-25 20:20:51.049  2183  2371 W TimeWarp: MakeNonblockingRequest: request is still invalid after 25 tries.
10-25 20:20:51.055   697 17679 I SyncBossInput: [lcon (right) e5fbc34fxxxxxxxx]: 125667355 [info   ] {APP }: Connected
10-25 20:20:51.055  2183 17721 W TimeWarp: firstDisplayVsync outrageously early 389254, base 28, flushing
10-25 20:20:51.063   697 17709 I [CT]    : VIPER:RELOC: Number of frames to try relocalization on 5 maps: 141
10-25 20:20:51.069  2183 17721 W TimeWarp: firstDisplayVsync outrageously early 389254, base 29, flushing
10-25 20:20:51.077   697 17709 I [CT]    : VIPER:TRACKSTATUS: BAD TRACKING: gravity estimate uncertainty too high (0.000636137 > 0.0005)
10-25 20:20:51.077  2183  2371 W TimeWarp: MakeNonblockingRequest: request is still invalid after 25 tries.
10-25 20:20:51.078   697 17708 W [CT]    : VIPER: StateBuffer: Could not get velocity from buffer. Not currently tracking in 6dof.
10-25 20:20:51.083  2183 17721 W TimeWarp: firstDisplayVsync outrageously early 389254, base 30, flushing
10-25 20:20:51.094   697 17679 I SyncBossInput: [lcon (left) 32ee4a79xxxxxxxx]: 125676084 [info   ] {THDG}: inactive_seek -> active_connected
10-25 20:20:51.097   697 17709 I [CT]    : VIPER:RELOC: Number of frames to try relocalization on 5 maps: 140
10-25 20:20:51.097  2183 17721 W TimeWarp: firstDisplayVsync outrageously early 389254, base 31, flushing
10-25 20:20:51.107   697 17679 I SyncBossInput: [lcon (right) e5fbc34fxxxxxxxx]: 125667379 [info   ] {THDG}: inactive_seek -> active_connected
10-25 20:20:51.109  2183  2371 W TimeWarp: MakeNonblockingRequest: request is still invalid after 25 tries.
10-25 20:20:51.111  2183 17721 W TimeWarp: firstDisplayVsync outrageously early 389254, base 32, flushing
10-25 20:20:51.111   697 17708 W [CT]    : VIPER: StateBuffer: Could not get velocity from buffer. Not currently tracking in 6dof.
10-25 20:20:51.112  2030  2231 W LibraryProvider: Cannot find entitlement for system
10-25 20:20:51.112  2030  2179 W LibraryProvider: Cannot find entitlement for system
10-25 20:20:51.112  1448 16321 W OVRLibrary: null cursor received for query content://com.oculus.ocms.library/apps/system
10-25 20:20:51.112  1448  9429 W OVRLibrary: null cursor received for query content://com.oculus.ocms.library/apps/system
10-25 20:20:51.115   701  2345 I OsSdk   : will wait 60 seconds before retrying
10-25 20:20:51.125  2183 17721 W TimeWarp: firstDisplayVsync outrageously early 389254, base 33, flushing
10-25 20:20:51.130   697 17709 I [CT]    : VIPER:RELOC: Number of frames to try relocalization on 5 maps: 139
10-25 20:20:51.138  2183 17721 W TimeWarp: firstDisplayVsync outrageously early 389254, base 34, flushing
10-25 20:20:51.139  2183  2371 W TimeWarp: MakeNonblockingRequest: request is still invalid after 25 tries.
10-25 20:20:51.145   697 17708 W [CT]    : VIPER: StateBuffer: Could not get velocity from buffer. Not currently tracking in 6dof.
10-25 20:20:51.152  2183 17721 W TimeWarp: firstDisplayVsync outrageously early 389254, base 35, flushing
10-25 20:20:51.163   697 17709 I [CT]    : VIPER:RELOC: Number of frames to try relocalization on 5 maps: 138
10-25 20:20:51.166  2183 17721 W TimeWarp: firstDisplayVsync outrageously early 389254, base 36, flushing
10-25 20:20:51.168  2183  2371 W TimeWarp: MakeNonblockingRequest: request is still invalid after 25 tries.
10-25 20:20:51.178   697 17708 W [CT]    : VIPER: StateBuffer: Could not get velocity from buffer. Not currently tracking in 6dof.
10-25 20:20:51.180  1448 17722 W ContextImpl: Calling a method in the system process without a qualified user: android.app.ContextImpl.sendBroadcast:877 android.content.ContextWrapper.sendBroadcast:421 com.facebook.analytics2.logger.UploadServiceBus.signalJobRan:60 com.facebook.analytics2.logger.UploadJobHandler.exitStateMachine:264 com.facebook.analytics2.logger.UploadJobHandler.handleMessage:97 
10-25 20:20:51.180  2183 17721 W TimeWarp: firstDisplayVsync outrageously early 389254, base 37, flushing
10-25 20:20:51.183  1060  1554 E ActivityManager: Sending non-protected broadcast com.facebook.analytics2.action.UPLOAD_JOB_RAN from system 1448:com.oculus.unifiedtelemetry/1000 pkg com.oculus.unifiedtelemetry
10-25 20:20:51.183  1060  1554 E ActivityManager: java.lang.Throwable
10-25 20:20:51.183  1060  1554 E ActivityManager: 	at com.android.server.am.ActivityManagerService.checkBroadcastFromSystem(ActivityManagerService.java:18288)
10-25 20:20:51.183  1060  1554 E ActivityManager: 	at com.android.server.am.ActivityManagerService.broadcastIntentLocked(ActivityManagerService.java:18769)
10-25 20:20:51.183  1060  1554 E ActivityManager: 	at com.android.server.am.ActivityManagerService.broadcastIntent(ActivityManagerService.java:18951)
10-25 20:20:51.183  1060  1554 E ActivityManager: 	at android.app.ActivityManagerNative.onTransact(ActivityManagerNative.java:499)
10-25 20:20:51.183  1060  1554 E ActivityManager: 	at com.android.server.am.ActivityManagerService.onTransact(ActivityManagerService.java:2847)
10-25 20:20:51.183  1060  1554 E ActivityManager: 	at android.os.Binder.execTransact(Binder.java:565)
10-25 20:20:51.188   697 17679 I SyncBossHAL: internal/syncboss_hal_lcon.c(315): INFO: Controller 32ee4a79xxxxxxxx battery level changed: 0% -> 70%
10-25 20:20:51.190   697 17707 D LibDevices: Syncboss input 32ee4a79d0798a9e hardware type 2, subtype 1, revision 0x13
10-25 20:20:51.190   697 17707 D LibDevices: Syncboss input e5fbc34fe59c5b76 hardware type 2, subtype 2, revision 0x13
10-25 20:20:51.190   697 17707 D LibDevices: stateChangeNotifierFunc(): Reporting controller info. Change token: 3
10-25 20:20:51.192  1060  1554 E ActivityManager: Sending non-protected broadcast com.facebook.analytics2.action.UPLOAD_JOB_RAN from system 1448:com.oculus.unifiedtelemetry/1000 pkg com.oculus.unifiedtelemetry
10-25 20:20:51.192  1060  1554 E ActivityManager: java.lang.Throwable
10-25 20:20:51.192  1060  1554 E ActivityManager: 	at com.android.server.am.ActivityManagerService.checkBroadcastFromSystem(ActivityManagerService.java:18288)
10-25 20:20:51.192  1060  1554 E ActivityManager: 	at com.android.server.am.ActivityManagerService.broadcastIntentLocked(ActivityManagerService.java:18860)
10-25 20:20:51.192  1060  1554 E ActivityManager: 	at com.android.server.am.ActivityManagerService.broadcastIntent(ActivityManagerService.java:18951)
10-25 20:20:51.192  1060  1554 E ActivityManager: 	at android.app.ActivityManagerNative.onTransact(ActivityManagerNative.java:499)
10-25 20:20:51.192  1060  1554 E ActivityManager: 	at com.android.server.am.ActivityManagerService.onTransact(ActivityManagerService.java:2847)
10-25 20:20:51.192  1060  1554 E ActivityManager: 	at android.os.Binder.execTransact(Binder.java:565)
10-25 20:20:51.194  2183 17721 W TimeWarp: firstDisplayVsync outrageously early 389254, base 38, flushing
10-25 20:20:51.196  2183  2371 W TimeWarp: MakeNonblockingRequest: request is still invalid after 25 tries.
10-25 20:20:51.197   697 17709 I [CT]    : VIPER:RELOC: Number of frames to try relocalization on 5 maps: 137
10-25 20:20:51.208  2183 17721 W TimeWarp: firstDisplayVsync outrageously early 389254, base 39, flushing
10-25 20:20:51.211   697 17708 W [CT]    : VIPER: StateBuffer: Could not get velocity from buffer. Not currently tracking in 6dof.
10-25 20:20:51.222  2183 17721 W TimeWarp: firstDisplayVsync outrageously early 389254, base 40, flushing
10-25 20:20:51.225  2183  2371 W TimeWarp: MakeNonblockingRequest: request is still invalid after 25 tries.
10-25 20:20:51.230   697 17709 I [CT]    : VIPER:RELOC: Number of frames to try relocalization on 5 maps: 136
10-25 20:20:51.236  2183 17721 W TimeWarp: firstDisplayVsync outrageously early 389254, base 41, flushing
10-25 20:20:51.245   697 17708 W [CT]    : VIPER: StateBuffer: Could not get velocity from buffer. Not currently tracking in 6dof.
10-25 20:20:51.250  2183 17721 W TimeWarp: firstDisplayVsync outrageously early 389254, base 42, flushing
10-25 20:20:51.256  2183  2371 W TimeWarp: MakeNonblockingRequest: request is still invalid after 25 tries.
10-25 20:20:51.263   697 17709 I [CT]    : VIPER:RELOC: Number of frames to try relocalization on 5 maps: 135
10-25 20:20:51.264  2183 17721 W TimeWarp: firstDisplayVsync outrageously early 389254, base 43, flushing
10-25 20:20:51.278  2183 17721 W TimeWarp: firstDisplayVsync outrageously early 389254, base 44, flushing
10-25 20:20:51.278   697 17708 W [CT]    : VIPER: StateBuffer: Could not get velocity from buffer. Not currently tracking in 6dof.
10-25 20:20:51.286  2183  2371 W TimeWarp: MakeNonblockingRequest: request is still invalid after 25 tries.
10-25 20:20:51.292  2183 17721 W TimeWarp: firstDisplayVsync outrageously early 389254, base 45, flushing
10-25 20:20:51.297   697 17709 I [CT]    : VIPER:RELOC: Number of frames to try relocalization on 5 maps: 134
10-25 20:20:51.306  2183 17721 W TimeWarp: firstDisplayVsync outrageously early 389254, base 46, flushing
10-25 20:20:51.311   697 17708 W [CT]    : VIPER: StateBuffer: Could not get velocity from buffer. Not currently tracking in 6dof.
10-25 20:20:51.319  2183  2371 W TimeWarp: MakeNonblockingRequest: request is still invalid after 25 tries.
10-25 20:20:51.320  2183 17721 W TimeWarp: firstDisplayVsync outrageously early 389254, base 47, flushing
10-25 20:20:51.320  1856 17695 I libjingle: [28030:286] [17695] (opensslidentity.cc:82): Returning key pair
10-25 20:20:51.320  1856 17695 I libjingle: [28030:287] [17695] (opensslidentity.cc:89): Making certificate for WebRTC
10-25 20:20:51.324  1856 17695 I libjingle: [28030:291] [17695] (opensslidentity.cc:137): Returning certificate
10-25 20:20:51.330   697 17709 I [CT]    : VIPER:RELOC: Number of frames to try relocalization on 5 maps: 133
10-25 20:20:51.331  1856  1856 I OVRPlatform: [RequestStopwatch] AndroidFinishInitialization took 946.9650 milliseconds
10-25 20:20:51.332  1856  1856 I OVRPlatform: [RequestStopwatch] AndroidSynchronousInitialize took 948.5040 milliseconds
10-25 20:20:51.332  1856  1856 I PlatformPlugin: [PlatformPluginManager] Successfully initialized Platform
10-25 20:20:51.332  1856  1856 D PlatformPlugin: [PlatformPluginManager] Releasing lock: nativeInit
10-25 20:20:51.332  1856  1856 I PlatformPluginManager: Native init completed.
10-25 20:20:51.333  2183 17721 W TimeWarp: firstDisplayVsync outrageously early 389254, base 48, flushing
10-25 20:20:51.336  1856  1856 I PlatformPluginManager: onHeadphonesStateChange: false
10-25 20:20:51.336  1856  1856 I OVRPlatform: [AudioManager] SetHeadphoneStatus: DISCONNECTED
10-25 20:20:51.336  1856  1856 I OVRPlatform: [AudioManager] Current headsetMounted_ true
10-25 20:20:51.336  1856  1856 I OVRPlatform: [AudioManager] Current headphoneStatus_: DISCONNECTED
10-25 20:20:51.336  1856  1856 I OVRPlatform: [PartyChat] Setting connection MicrophoneMutedState UNMUTED
10-25 20:20:51.336  1856  1856 I SelfReapingRefCounter: Empty callbacks, initing
10-25 20:20:51.336  1856  1856 I VRLifecycleManager: Setting up the VRLifecycleManager
10-25 20:20:51.336  1856  1856 I MountStatusBroadcastReceiver: Starting up mount status broadcast receiver
10-25 20:20:51.343  1856 17690 I OVRPlatform: [PartyChat] Updating playback mode to 1
10-25 20:20:51.345   697 17708 W [CT]    : VIPER: StateBuffer: Could not get velocity from buffer. Not currently tracking in 6dof.
10-25 20:20:51.346  1856  1856 I SelfReapingRefCounter: Starting up reaper
10-25 20:20:51.346  1856  1856 I SelfReapingRefCounter: Adding callback com.oculus.horizon.platformplugin.PlatformPluginManager@4de420f
10-25 20:20:51.347  1856  1856 I PlatformPluginManager: init() complete
10-25 20:20:51.347  1856  1856 I PlatformPluginManager: Starting up connection reaper
10-25 20:20:51.347  1856  1856 I PlatformPluginManager: Adding client com.oculus.horizon.service_media.OVRMediaServiceManager@3931291
10-25 20:20:51.347  2183 17721 W TimeWarp: firstDisplayVsync outrageously early 389254, base 49, flushing
10-25 20:20:51.347  1856  1856 I OVRPlatform: [AudioManager] SetHeadsetMounted: true
10-25 20:20:51.347  1856  1856 I OVRPlatform: [AudioManager] Current headsetMounted_ true
10-25 20:20:51.348  1856  1856 I OVRPlatform: [AudioManager] Current headphoneStatus_: DISCONNECTED
10-25 20:20:51.348  1856  1856 I OVRPlatform: [PartyChat] Setting connection MicrophoneMutedState UNMUTED
10-25 20:20:51.348  2183  2371 W TimeWarp: MakeNonblockingRequest: request is still invalid after 25 tries.
10-25 20:20:51.348  1856  1856 I FBConnectInit: Updating linked FB account on android.intent.action.SCREEN_ON
10-25 20:20:51.348  1856  1856 D OVRServiceSynchronous: Service connected.
10-25 20:20:51.350  1856 17690 I OVRPlatform: [PartyChat] Updating playback mode to 1
10-25 20:20:51.361  2183 17721 W TimeWarp: firstDisplayVsync outrageously early 389254, base 50, flushing
10-25 20:20:51.363   697 17709 I [CT]    : VIPER:RELOC: Number of frames to try relocalization on 5 maps: 132
10-25 20:20:51.366  1856 17768 V OVRServiceManager: Registered process token.
10-25 20:20:51.367  1856  1856 W VRLifecycleManager: onHeadsetMounted
10-25 20:20:51.367  1856  1856 I VRLifecycleManager: onReceive screen on
10-25 20:20:51.367  1856  1856 W VRLifecycleManager: onVRSessionStarted
10-25 20:20:51.375  2183 17721 W TimeWarp: firstDisplayVsync outrageously early 389254, base 51, flushing
10-25 20:20:51.376  2183  2371 W TimeWarp: MakeNonblockingRequest: request is still invalid after 25 tries.
10-25 20:20:51.378   697 17708 W [CT]    : VIPER: StateBuffer: Could not get velocity from buffer. Not currently tracking in 6dof.
10-25 20:20:51.389  2183 17721 W TimeWarp: firstDisplayVsync outrageously early 389254, base 52, flushing
10-25 20:20:51.397   697 17709 I [CT]    : VIPER:RELOC: Number of frames to try relocalization on 5 maps: 131
10-25 20:20:51.403  2183 17721 W TimeWarp: firstDisplayVsync outrageously early 389254, base 53, flushing
10-25 20:20:51.405  2183  2371 W TimeWarp: MakeNonblockingRequest: request is still invalid after 25 tries.
10-25 20:20:51.411   697 17708 W [CT]    : VIPER: StateBuffer: Could not get velocity from buffer. Not currently tracking in 6dof.
10-25 20:20:51.417  2183 17721 W TimeWarp: firstDisplayVsync outrageously early 389254, base 54, flushing
10-25 20:20:51.418  2183 17721 I TimeWarpProgs: loaded binary layerProgram 0:0x20307:0x0 in 0.8 ms
10-25 20:20:51.422  1856  1878 W art     : Suspending all threads took: 16.488ms
10-25 20:20:51.430   697 17709 I [CT]    : VIPER:RELOC: Number of frames to try relocalization on 5 maps: 130
10-25 20:20:51.431  2183 17721 W TimeWarp: firstDisplayVsync outrageously early 389254, base 55, flushing
10-25 20:20:51.432   697 17709 I [CT]    : VIPER:RelocalizationManager: Relocalization step failed, trying again.
10-25 20:20:51.433  1856 17770 I FbnsPushNotificationHandler: {"ndid":"","persisted_id":"","extra_data":"{\"user_with_updated_status\":\"100526290914264\",\"presence\":\"\\u30aa\\u30f3\\u30e9\\u30a4\\u30f3\",\"app_id\":null,\"friend_display_name\":\"\\u5f8c\\u85e4 \\u99ff\\u4ecb\"}","PushNotifID":"0dc01078-743c-48f9-865b-2385d262c520"}
10-25 20:20:51.434  1856 17770 I NotificationReceiver: oculus_user_status
10-25 20:20:51.435  2183  2371 W TimeWarp: MakeNonblockingRequest: request is still invalid after 25 tries.
10-25 20:20:51.442   697 17709 I [CT]    : VIPER:TRACKSTATUS: TrackingStatusManager: Transition from 3DoF to 6DoF.
10-25 20:20:51.443   697 17680 I [CT]    : VisionInterface: HMD Tracking switching to 6dof
10-25 20:20:51.445   697 17708 W [CT]    : CONSTELLATION: In GetVisionPrediction: No attitude buffer entries for prediction available. Muting log for 1 sec.
10-25 20:20:51.445  2183 17721 W TimeWarp: firstDisplayVsync outrageously early 389254, base 56, flushing
10-25 20:20:51.447  1856 17770 I NotificationReceiver: Notification cannot be toasted without a message. Hiding notif
10-25 20:20:51.459  2183 17721 W TimeWarp: firstDisplayVsync outrageously early 389254, base 57, flushing
10-25 20:20:51.461  1856  1878 I art     : Background sticky concurrent mark sweep GC freed 15869(983KB) AllocSpace objects, 0(0B) LOS objects, 17% free, 5MB/6MB, paused 25.033ms total 108.979ms
10-25 20:20:51.463  2183  2371 W TimeWarp: MakeNonblockingRequest: request is still invalid after 25 tries.
10-25 20:20:51.470   697 17708 W [CT]    : CONSTELLATION:MATCHING: [Camera 3] Brute matching timed out after 400/918 iterations.
10-25 20:20:51.470   697 17708 W [CT]    : CONSTELLATION:MATCHING: [Camera 1] Brute matching timed out after 0/3021 iterations.
10-25 20:20:51.470   697 17708 W [CT]    : CONSTELLATION:MATCHING: [Camera 3] Brute matching timed out after 0/918 iterations.
10-25 20:20:51.470   697 17708 W [CT]    : CONSTELLATION:MATCHING: [Camera 1] Brute matching timed out after 0/3021 iterations.
10-25 20:20:51.471   697 17708 I [CT]    : TIMESTAMPCHECKER: Received first Camera-Constellation sample timestamp: 1.09999
10-25 20:20:51.471   697 17708 I [CT]    : TIMESTAMPCHECKER: Received first Camera-Constellation sample timestamp: 1.09999
10-25 20:20:51.471   697 17709 I [CT]    : VIPER:RELOC: Number of frames to try relocalization on 5 maps: 129
10-25 20:20:51.473  2183 17721 W TimeWarp: firstDisplayVsync outrageously early 389254, base 58, flushing
10-25 20:20:51.487  2183 17721 W TimeWarp: firstDisplayVsync outrageously early 389254, base 59, flushing
10-25 20:20:51.491  2183  2371 W TimeWarp: MakeNonblockingRequest: request is still invalid after 25 tries.
10-25 20:20:51.496   697 17709 I [CT]    : VIPER:RELOC: Number of frames to try relocalization on 5 maps: 128
10-25 20:20:51.500  2183 17721 W TimeWarp: firstDisplayVsync outrageously early 389254, base 60, flushing
10-25 20:20:51.503   697 17708 W [CT]    : CONSTELLATION:MATCHING: [Camera 1] Brute matching timed out after 3300/3366 iterations.
10-25 20:20:51.504   697 17708 W [CT]    : CONSTELLATION:MATCHING: [Camera 2] Brute matching timed out after 0/636 iterations.
10-25 20:20:51.504   697 17708 W [CT]    : CONSTELLATION:MATCHING: [Camera 2] Brute matching timed out after 0/612 iterations.
10-25 20:20:51.504   697 17708 W [CT]    : CONSTELLATION:MATCHING: [Camera 3] Brute matching timed out after 0/954 iterations.
10-25 20:20:51.514  2183 17721 W TimeWarp: firstDisplayVsync outrageously early 389254, base 61, flushing
10-25 20:20:51.520  2183  2371 W TimeWarp: MakeNonblockingRequest: request is still invalid after 25 tries.
10-25 20:20:51.528  2183 17721 W TimeWarp: firstDisplayVsync outrageously early 389254, base 62, flushing
10-25 20:20:51.530   697 17709 I [CT]    : VIPER:RELOC: Number of frames to try relocalization on 5 maps: 127
10-25 20:20:51.537   697 17708 W [CT]    : CONSTELLATION:MATCHING: [Camera 1] Brute matching timed out after 3200/3978 iterations.
10-25 20:20:51.537   697 17708 W [CT]    : CONSTELLATION:MATCHING: [Camera 1] Brute matching timed out after 0/4134 iterations.
10-25 20:20:51.537   697 17708 W [CT]    : CONSTELLATION:MATCHING: [Camera 2] Brute matching timed out after 0/765 iterations.
10-25 20:20:51.537   697 17708 W [CT]    : CONSTELLATION:MATCHING: [Camera 3] Brute matching timed out after 0/795 iterations.
10-25 20:20:51.542  2183 17721 W TimeWarp: firstDisplayVsync outrageously early 389254, base 63, flushing
10-25 20:20:51.549  2183  2371 W TimeWarp: MakeNonblockingRequest: request is still invalid after 25 tries.
10-25 20:20:51.556  2183 17721 W TimeWarp: firstDisplayVsync outrageously early 389254, base 64, flushing
10-25 20:20:51.568   697 17709 I [CT]    : VIPER:RELOC: Number of frames to try relocalization on 5 maps: 126
10-25 20:20:51.570   697 17708 W [CT]    : CONSTELLATION:MATCHING: [Camera 2] Brute matching timed out after 200/795 iterations.
10-25 20:20:51.570   697 17708 W [CT]    : CONSTELLATION:MATCHING: [Camera 3] Brute matching timed out after 0/1113 iterations.
10-25 20:20:51.570  2183 17721 W TimeWarp: firstDisplayVsync outrageously early 389254, base 65, flushing
10-25 20:20:51.571   697 17708 I [CT]    : CONSTELLATION: L: RESET. Keep Cov and Calib States = 0
10-25 20:20:51.578  2183  2371 W TimeWarp: MakeNonblockingRequest: request is still invalid after 25 tries.
10-25 20:20:51.584  2183 17721 W TimeWarp: firstDisplayVsync outrageously early 389254, base 66, flushing
10-25 20:20:51.590 17542 17609 D UE4     : *** JavaEnvDestructor: 17609
10-25 20:20:51.593  2030  2235 W LibraryProvider: Cannot find entitlement for system
10-25 20:20:51.593  1448  2059 W OVRLibrary: null cursor received for query content://com.oculus.ocms.library/apps/system
10-25 20:20:51.596   697 17709 I [CT]    : VIPER:RELOC: Number of frames to try relocalization on 5 maps: 125
10-25 20:20:51.598  2183 17721 W TimeWarp: firstDisplayVsync outrageously early 389254, base 67, flushing
10-25 20:20:51.603   697 17708 W [CT]    : CONSTELLATION:MATCHING: [Camera 1] Brute matching timed out after 2700/3021 iterations.
10-25 20:20:51.603   697 17708 W [CT]    : CONSTELLATION:MATCHING: [Camera 2] Brute matching timed out after 0/636 iterations.
10-25 20:20:51.605   697 17708 I [CT]    : CONSTELLATION: L: Detected static motion, applying constant pose priors.
10-25 20:20:51.607  2183  2371 W TimeWarp: MakeNonblockingRequest: request is still invalid after 25 tries.
10-25 20:20:51.612  2183 17721 W TimeWarp: firstDisplayVsync outrageously early 389254, base 68, flushing
10-25 20:20:51.626  2183 17721 W TimeWarp: firstDisplayVsync outrageously early 389254, base 69, flushing
10-25 20:20:51.628   697 17733 I [CT]    : VIPER: [floorplane] Floor height has been initialized to 0.510899 meters.
10-25 20:20:51.630   697 17709 I [CT]    : VIPER:RELOC: Number of frames to try relocalization on 5 maps: 124
10-25 20:20:51.636  2183  2371 W TimeWarp: MakeNonblockingRequest: request is still invalid after 25 tries.
10-25 20:20:51.636   697 17708 W [CT]    : CONSTELLATION:MATCHING: [Camera 2] Brute matching timed out after 700/795 iterations.
10-25 20:20:51.637   697 17708 W [CT]    : CONSTELLATION:MATCHING: [Camera 1] Brute matching timed out after 0/3339 iterations.
10-25 20:20:51.640  2183 17721 W TimeWarp: firstDisplayVsync outrageously early 389254, base 70, flushing
10-25 20:20:51.649 17542 17560 D UE4     : Used memory: 370338
10-25 20:20:51.654  2183 17721 W TimeWarp: firstDisplayVsync outrageously early 389254, base 71, flushing
10-25 20:20:51.663   697 17709 I [CT]    : VIPER:RELOC: Number of frames to try relocalization on 5 maps: 123
10-25 20:20:51.665   697 17708 I [CT]    : CONSTELLATION: R: RESET. Keep Cov and Calib States = 0
10-25 20:20:51.666  2183  2371 W TimeWarp: MakeNonblockingRequest: request is still invalid after 25 tries.
10-25 20:20:51.668  2183 17721 W TimeWarp: firstDisplayVsync outrageously early 389254, base 72, flushing
10-25 20:20:51.681  2183 17721 W TimeWarp: firstDisplayVsync outrageously early 389254, base 73, flushing
10-25 20:20:51.685   697 17679 I SyncBossHAL: internal/syncboss_hal_lcon.c(315): INFO: Controller e5fbc34fxxxxxxxx battery level changed: 0% -> 70%
10-25 20:20:51.687   697 17707 D LibDevices: Syncboss input 32ee4a79d0798a9e hardware type 2, subtype 1, revision 0x13
10-25 20:20:51.687   697 17707 D LibDevices: Syncboss input e5fbc34fe59c5b76 hardware type 2, subtype 2, revision 0x13
10-25 20:20:51.687   697 17707 D LibDevices: stateChangeNotifierFunc(): Reporting controller info. Change token: 4
10-25 20:20:51.691   697 17708 I [CT]    : CONSTELLATION: R: Detected static motion, applying constant pose priors.
10-25 20:20:51.694  2183  2371 W TimeWarp: MakeNonblockingRequest: request is still invalid after 25 tries.
10-25 20:20:51.695  2183 17721 W TimeWarp: firstDisplayVsync outrageously early 389254, base 74, flushing
10-25 20:20:51.696   697 17709 I [CT]    : VIPER:RELOC: Number of frames to try relocalization on 5 maps: 122
10-25 20:20:51.709  2183 17721 W TimeWarp: firstDisplayVsync outrageously early 389254, base 75, flushing
10-25 20:20:51.723  2183 17721 W TimeWarp: firstDisplayVsync outrageously early 389254, base 76, flushing
10-25 20:20:51.730   697 17709 I [CT]    : VIPER:RELOC: Number of frames to try relocalization on 5 maps: 121
10-25 20:20:51.731  2183  2371 W TimeWarp: MakeNonblockingRequest: request is still invalid after 25 tries.
10-25 20:20:51.737  2183 17721 W TimeWarp: firstDisplayVsync outrageously early 389254, base 77, flushing
10-25 20:20:51.751  2183 17721 W TimeWarp: firstDisplayVsync outrageously early 389254, base 78, flushing
10-25 20:20:51.759  2183  2371 W TimeWarp: MakeNonblockingRequest: request is still invalid after 25 tries.
10-25 20:20:51.763   697 17709 I [CT]    : VIPER:RELOC: Number of frames to try relocalization on 5 maps: 120
10-25 20:20:51.765  2183 17721 W TimeWarp: firstDisplayVsync outrageously early 389254, base 79, flushing
10-25 20:20:51.779  2183 17721 W TimeWarp: firstDisplayVsync outrageously early 389254, base 80, flushing
10-25 20:20:51.783   697 17681 I [CT]    : R:Behavior:NearHeadMoving: state transition: Init -> TorsoInitialized
10-25 20:20:51.784   697 17681 I [CT]    : R:Behavior:NearHeadMoving: state transition: Init -> TorsoInitialized
10-25 20:20:51.787  2183  2371 W TimeWarp: MakeNonblockingRequest: request is still invalid after 25 tries.
10-25 20:20:51.793  2183 17721 W TimeWarp: firstDisplayVsync outrageously early 389254, base 81, flushing
10-25 20:20:51.796   697 17709 I [CT]    : VIPER:RELOC: Number of frames to try relocalization on 5 maps: 119
10-25 20:20:51.807  2183 17721 W TimeWarp: firstDisplayVsync outrageously early 389254, base 82, flushing
10-25 20:20:51.816  2183  2371 W TimeWarp: MakeNonblockingRequest: request is still invalid after 25 tries.
10-25 20:20:51.821  2183 17721 W TimeWarp: firstDisplayVsync outrageously early 389254, base 83, flushing
10-25 20:20:51.830   697 17709 I [CT]    : VIPER:RELOC: Number of frames to try relocalization on 5 maps: 118
10-25 20:20:51.835  2183 17721 W TimeWarp: firstDisplayVsync outrageously early 389254, base 84, flushing
10-25 20:20:51.845  2183  2371 W TimeWarp: MakeNonblockingRequest: request is still invalid after 25 tries.
10-25 20:20:51.849  2183 17721 W TimeWarp: firstDisplayVsync outrageously early 389254, base 85, flushing
10-25 20:20:51.862  2183 17721 W TimeWarp: firstDisplayVsync outrageously early 389254, base 86, flushing
10-25 20:20:51.863   697 17709 I [CT]    : VIPER:RELOC: Number of frames to try relocalization on 5 maps: 117
10-25 20:20:51.873  2183  2371 W TimeWarp: MakeNonblockingRequest: request is still invalid after 25 tries.
10-25 20:20:51.876  2183 17721 W TimeWarp: firstDisplayVsync outrageously early 389254, base 87, flushing
10-25 20:20:51.885   697 17681 I [CT]    : R:Behavior:AtRest: activated
10-25 20:20:51.885   697 17681 I [CT]    : AdHocPatch: [Right] t = 1.544s, behavior transition: None -> AtRest at 1.595s
10-25 20:20:51.886   697 17681 I [CT]    : R:Behavior:AtRest: activated
10-25 20:20:51.886   697 17681 I [CT]    : AdHocPatch: [Left] t = 1.547s, behavior transition: None -> AtRest at 1.594s
10-25 20:20:51.890  2183 17721 W TimeWarp: firstDisplayVsync outrageously early 389254, base 88, flushing
10-25 20:20:51.896   697 17709 I [CT]    : VIPER:RELOC: Number of frames to try relocalization on 5 maps: 116
10-25 20:20:51.901  2183  2371 W TimeWarp: MakeNonblockingRequest: request is still invalid after 25 tries.
10-25 20:20:51.904  2183 17721 W TimeWarp: firstDisplayVsync outrageously early 389254, base 89, flushing
10-25 20:20:51.918  2183 17721 W TimeWarp: firstDisplayVsync outrageously early 389254, base 90, flushing
10-25 20:20:51.930   697 17709 I [CT]    : VIPER:RELOC: Number of frames to try relocalization on 5 maps: 115
10-25 20:20:51.931  2183  2371 W TimeWarp: MakeNonblockingRequest: request is still invalid after 25 tries.
10-25 20:20:51.932  2183 17721 W TimeWarp: firstDisplayVsync outrageously early 389254, base 91, flushing
10-25 20:20:51.946  2183 17721 W TimeWarp: firstDisplayVsync outrageously early 389254, base 92, flushing
10-25 20:20:51.959  2183  2371 W TimeWarp: MakeNonblockingRequest: request is still invalid after 25 tries.
10-25 20:20:51.960  2183 17721 W TimeWarp: firstDisplayVsync outrageously early 389254, base 93, flushing
10-25 20:20:51.963   697 17709 I [CT]    : VIPER:RELOC: Number of frames to try relocalization on 5 maps: 114
10-25 20:20:51.974  2183 17721 W TimeWarp: firstDisplayVsync outrageously early 389254, base 94, flushing
10-25 20:20:51.988  2183 17721 W TimeWarp: firstDisplayVsync outrageously early 389254, base 95, flushing
10-25 20:20:51.992  2183  2371 W TimeWarp: MakeNonblockingRequest: request is still invalid after 25 tries.
10-25 20:20:51.997   697 17709 I [CT]    : VIPER:RELOC: Number of frames to try relocalization on 5 maps: 113
10-25 20:20:51.999   697 17709 I [CT]    : VIPER:RelocalizationManager: Relocalization step failed, trying again.
10-25 20:20:52.002  2183 17721 W TimeWarp: firstDisplayVsync outrageously early 389254, base 96, flushing
10-25 20:20:52.016  2183 17721 W TimeWarp: firstDisplayVsync outrageously early 389254, base 97, flushing
10-25 20:20:52.019  2030  2042 W LibraryProvider: Cannot find entitlement for system
10-25 20:20:52.019  1448  1471 W OVRLibrary: null cursor received for query content://com.oculus.ocms.library/apps/system
10-25 20:20:52.020  2030  2041 W LibraryProvider: Cannot find entitlement for com.oculus.unifiedtelemetry
10-25 20:20:52.020  1448  1448 W OVRLibrary: null cursor received for query content://com.oculus.ocms.library/apps/com.oculus.unifiedtelemetry
10-25 20:20:52.024  2183  2371 W TimeWarp: MakeNonblockingRequest: request is still invalid after 25 tries.
10-25 20:20:52.028 17542 17627 I VrApi   : FPS=0,Prd=0ms,Tear=0,Early=0,Stale=0,VSnc=1,Lat=0,Fov=0,CPU4/GPU=0/0,1651/515MHz,OC=FF,TA=0/0/0,SP=N/N/N,Mem=1804MHz,Free=1982MB,PSM=0,PLS=0,Temp=29.0C/0.0C,TW=0.00ms,App=0.00ms,GD=0.00ms,CPU&GPU=0.00ms,LCnt=0,GPU%=-1.00,CPU%=-1.00(W-1.00)
10-25 20:20:52.030  2183 17721 W TimeWarp: firstDisplayVsync outrageously early 389254, base 98, flushing
10-25 20:20:52.030   697 17709 I [CT]    : VIPER:RELOC: Number of frames to try relocalization on 5 maps: 112
10-25 20:20:52.044  2183 17721 W TimeWarp: firstDisplayVsync outrageously early 389254, base 99, flushing
10-25 20:20:52.057  2183 17721 W TimeWarp: firstDisplayVsync outrageously early 389254, base 100, flushing
10-25 20:20:52.060  2183  2371 W TimeWarp: MakeNonblockingRequest: request is still invalid after 25 tries.
10-25 20:20:52.063   697 17709 I [CT]    : VIPER:RELOC: Number of frames to try relocalization on 5 maps: 111
10-25 20:20:52.067 17542 17635 D UE4     : [2019.10.25-11.20.52:067][  0]LogTcpMessaging: Lost node '19C7FBFD48BCFAF97FF94DB65D37D037' on connection '127.0.0.1:55028'...
10-25 20:20:52.067 17542 17635 D UE4     : *** JavaEnvDestructor: 17635
10-25 20:20:52.071  2183 17721 W TimeWarp: firstDisplayVsync outrageously early 389254, base 101, flushing
10-25 20:20:52.085  2183 17721 W TimeWarp: firstDisplayVsync outrageously early 389254, base 102, flushing
10-25 20:20:52.091  2183  2371 W TimeWarp: MakeNonblockingRequest: request is still invalid after 25 tries.
10-25 20:20:52.096   697 17709 I [CT]    : VIPER:RELOC: Number of frames to try relocalization on 5 maps: 110
10-25 20:20:52.099  2183 17721 W TimeWarp: firstDisplayVsync outrageously early 389254, base 103, flushing
10-25 20:20:52.113  2183 17721 W TimeWarp: firstDisplayVsync outrageously early 389254, base 104, flushing
10-25 20:20:52.127  2183 17721 W TimeWarp: firstDisplayVsync outrageously early 389254, base 105, flushing
10-25 20:20:52.130   697 17709 I [CT]    : VIPER:RELOC: Number of frames to try relocalization on 5 maps: 109
10-25 20:20:52.133  2183  2371 W TimeWarp: MakeNonblockingRequest: request is still invalid after 25 tries.
10-25 20:20:52.141  2183 17721 W TimeWarp: firstDisplayVsync outrageously early 389254, base 106, flushing
10-25 20:20:52.155  2183 17721 W TimeWarp: firstDisplayVsync outrageously early 389254, base 107, flushing
10-25 20:20:52.163   697 17709 I [CT]    : VIPER:RELOC: Number of frames to try relocalization on 5 maps: 108
10-25 20:20:52.167 17542 17558 D UE4     : [2019.10.25-11.20.52:167][  0]LogTcpMessaging: Initializing TcpMessaging bridge, listening on 127.0.0.1:6666
10-25 20:20:52.169 17542 17558 D UE4     : [2019.10.25-11.20.52:169][  0]LogCore: Display: AppLifetime: Application has reactivated
10-25 20:20:52.169  2183 17721 W TimeWarp: firstDisplayVsync outrageously early 389254, base 108, flushing
10-25 20:20:52.169 17542 17558 D UE4     : [2019.10.25-11.20.52:169][  0]LogAndroid: Display: Low Power Mode Changed: 0
10-25 20:20:52.169 17542 17558 D UE4     : Execution has been resumed!
10-25 20:20:52.170  2183  2371 W TimeWarp: MakeNonblockingRequest: request is still invalid after 25 tries.
10-25 20:20:52.183  2183 17721 W TimeWarp: firstDisplayVsync outrageously early 389254, base 109, flushing
10-25 20:20:52.190 17542 17558 D UE4     : [2019.10.25-11.20.52:190][  0]LogOcInput: OculusInput is initialized
10-25 20:20:52.190 17542 17558 D UE4     : [2019.10.25-11.20.52:190][  0]LogAndroid: Mobile HDR: YES
10-25 20:20:52.193 17542 17558 D UE4     : [2019.10.25-11.20.52:193][  0]LogHMD: FSplash::OnHide
10-25 20:20:52.194 17542 17633 D UE4     : *** JavaEnvDestructor: 17633
10-25 20:20:52.197  2183 17721 W TimeWarp: firstDisplayVsync outrageously early 389254, base 110, flushing
10-25 20:20:52.198   697 17709 I [CT]    : VIPER:RELOC: Number of frames to try relocalization on 5 maps: 107
10-25 20:20:52.200  2183  2371 W TimeWarp: MakeNonblockingRequest: request is still invalid after 25 tries.
10-25 20:20:52.211  2183 17721 W TimeWarp: firstDisplayVsync outrageously early 389254, base 111, flushing
10-25 20:20:52.213 17542 17632 D UE4     : AndroidEGL::ResetDisplay()
10-25 20:20:52.213 17542 17632 D UE4     : *** JavaEnvDestructor: 17632
10-25 20:20:52.214   697 17709 I [CT]    : HealthReport: ==================================================
10-25 20:20:52.214   697 17709 I [CT]    : Health Report
10-25 20:20:52.214   697 17709 I [CT]    : -------------
10-25 20:20:52.214   697 17709 I [CT]    : 
10-25 20:20:52.214   697 17709 I [CT]    : Reporter #1 (InsideOutHealthMonitor) summary:
10-25 20:20:52.214   697 17709 I [CT]    : Camera: Total Dropped: 0.000000, Total Frame Count: 44 (0.000000%), Camera Reset Count: 0
10-25 20:20:52.214   697 17709 I [CT]    : Camera: Total Single Camera Frame Dropped: 0, Total Frame Count: 44 (0.000000%)
10-25 20:20:52.214   697 17709 I [CT]    : IMU: Total Dropped: 0.000000, Total Sample Count: 1692 (0.000000%)
10-25 20:20:52.214   697 17709 I [CT]    : Magnetometer: Total Dropped: 0.000000, Total Sample Count: 51 (0.000000%)
10-25 20:20:52.214   697 17709 I [CT]    : 
10-25 20:20:52.214   697 17709 I [CT]    : Reporter #1 (InsideOutHealthMonitor) Passed
10-25 20:20:52.214   697 17709 I [CT]    : --------------------------------------------------
10-25 20:20:52.214   697 17709 I [CT]    : Reporter #2 (ConstellationHealthMonitor) summary:
10-25 20:20:52.214   697 17709 I [CT]    : Camera: Total Dropped: 0.000000, Total Frame Count: 45 (0.000000%), Camera Reset Count: 1
10-25 20:20:52.214   697 17709 I [CT]    : Camera: Total Single Camera Frame Dropped: 0, Total Frame Count: 45 (0.000000%)
10-25 20:20:52.214   697 17709 I [CT]    : Controller 3669952633402657438:
10-25 20:20:52.214   697 17709 I [CT]    : IMU: Capture period exceeded threshold.  Largest period: 0.600399 sec
10-25 20:20:52.214   697 17709 I [CT]    : Controllers may have been sleeping
10-25 20:20:52.214   697 17709 I [CT]    : IMU: Total Dropped: 0.000000, Total Sample Count: 638.694500 (0.000000%)
10-25 20:20:52.214   697 17709 I [CT]    : Controller 16572054001761934198:
10-25 20:20:52.214   697 17709 I [CT]    : IMU: Capture 
10-25 20:20:52.224 17542 17804 D UE4     : *** JavaEnvDestructor: 17804
10-25 20:20:52.224 17542 17803 D UE4     : AndroidEGL::ResetDisplay()
10-25 20:20:52.224 17542 17803 D UE4     : *** JavaEnvDestructor: 17803
10-25 20:20:52.225  2183 17721 W TimeWarp: firstDisplayVsync outrageously early 389254, base 112, flushing
10-25 20:20:52.227 17542 17558 D UE4     : [2019.10.25-11.20.52:227][  0]LogHMD: Setting user focus to game viewport since session status is visible...
10-25 20:20:52.227 17542 17805 D UE4     : [2019.10.25-11.20.52:227][  0]LogRenderer: Reallocating scene render targets to support 2432x1344 Format 10 NumSamples 1 (Frame:2).
10-25 20:20:52.229  2183  2371 W TimeWarp: MakeNonblockingRequest: request is still invalid after 25 tries.
10-25 20:20:52.230   697 17709 I [CT]    : VIPER:RELOC: Number of frames to try relocalization on 5 maps: 106
10-25 20:20:52.239  2183 17721 W TimeWarp: firstDisplayVsync outrageously early 389254, base 113, flushing
10-25 20:20:52.252  2183 17721 W TimeWarp: firstDisplayVsync outrageously early 389254, base 114, flushing
10-25 20:20:52.261  2183  2371 W TimeWarp: MakeNonblockingRequest: request is still invalid after 25 tries.
10-25 20:20:52.263   697 17709 I [CT]    : VIPER:RELOC: Number of frames to try relocalization on 5 maps: 105
10-25 20:20:52.265 17542 17805 D UE4     : [2019.10.25-11.20.52:265][  2]LogRenderer: Reallocating scene render targets to support 128x128 Format 10 NumSamples 4 (Frame:2).
