11-07 12:17:49.350   716 12293 I [CT]    : AdHocPatch: [Right] t = 80.353s, behavior transition: None -> AtRest at 46.039s
11-07 12:17:49.382   716 12293 I [CT]    : R:Behavior:AtRest: deactivated
11-07 12:17:49.382   716 12293 I [CT]    : AdHocPatch: [Right] t = 80.385s, behavior transition: AtRest -> None at 46.039s
11-07 12:17:49.492   716 12293 I [CT]    : L:Behavior:AtRest: activated
11-07 12:17:49.493   716 12293 I [CT]    : AdHocPatch: [Right] t = 80.494s, behavior transition: None -> AtRest at 46.039s
11-07 12:17:49.636   716 12293 I [CT]    : R:Behavior:AtRest: deactivated
11-07 12:17:49.636   716 12293 I [CT]    : AdHocPatch: [Right] t = 80.638s, behavior transition: AtRest -> None at 46.039s
11-07 12:17:49.651   716 12293 I [CT]    : L:Behavior:AtRest: activated
11-07 12:17:49.651   716 12293 I [CT]    : AdHocPatch: [Right] t = 80.652s, behavior transition: None -> AtRest at 46.039s
11-07 12:17:51.326   716 12293 I [CT]    : R:Behavior:AtRest: deactivated
11-07 12:17:51.326   716 12293 I [CT]    : AdHocPatch: [Right] t = 82.328s, behavior transition: AtRest -> None at 46.039s
11-07 12:17:51.500   716 12293 I [CT]    : L:Behavior:AtRest: activated
11-07 12:17:51.500   716 12293 I [CT]    : AdHocPatch: [Right] t = 82.502s, behavior transition: None -> AtRest at 46.039s
11-07 12:17:52.334   716 12293 I [CT]    : R:Behavior:AtRest: deactivated
11-07 12:17:52.334   716 12293 I [CT]    : AdHocPatch: [Right] t = 83.337s, behavior transition: AtRest -> None at 46.039s
11-07 12:17:52.442   716 12293 I [CT]    : L:Behavior:AtRest: activated
11-07 12:17:52.443   716 12293 I [CT]    : AdHocPatch: [Right] t = 83.445s, behavior transition: None -> AtRest at 46.039s
11-07 12:17:54.099   716 12293 I [CT]    : R:Behavior:AtRest: deactivated
11-07 12:17:54.099   716 12293 I [CT]    : AdHocPatch: [Right] t = 85.101s, behavior transition: AtRest -> None at 46.039s
11-07 12:17:54.108   716 12293 I [CT]    : L:Behavior:AtRest: activated
11-07 12:17:54.108   716 12293 I [CT]    : AdHocPatch: [Right] t = 85.111s, behavior transition: None -> AtRest at 46.039s
11-07 12:17:55.514   716 12293 I [CT]    : R:Behavior:AtRest: deactivated
11-07 12:17:55.514   716 12293 I [CT]    : AdHocPatch: [Right] t = 86.516s, behavior transition: AtRest -> None at 46.039s
11-07 12:17:55.524   716 12293 I [CT]    : L:Behavior:AtRest: activated
11-07 12:17:55.524   716 12293 I [CT]    : AdHocPatch: [Right] t = 86.526s, behavior transition: None -> AtRest at 46.039s
11-07 12:17:55.672  1539  9317 I OsSdk   : will wait 60 seconds before retrying
11-07 12:17:55.710   716 12293 I [CT]    : R:Behavior:AtRest: deactivated
11-07 12:17:55.710   716 12293 I [CT]    : AdHocPatch: [Right] t = 86.713s, behavior transition: AtRest -> None at 46.039s
11-07 12:17:55.831   716 12293 I [CT]    : L:Behavior:AtRest: activated
11-07 12:17:55.831   716 12293 I [CT]    : AdHocPatch: [Right] t = 86.833s, behavior transition: None -> AtRest at 46.039s
11-07 12:17:56.733   716 12293 I [CT]    : R:Behavior:AtRest: deactivated
11-07 12:17:56.733   716 12293 I [CT]    : AdHocPatch: [Right] t = 87.734s, behavior transition: AtRest -> None at 46.039s
11-07 12:17:56.837   716 12293 I [CT]    : L:Behavior:AtRest: activated
11-07 12:17:56.837   716 12293 I [CT]    : AdHocPatch: [Right] t = 87.838s, behavior transition: None -> AtRest at 46.039s
11-07 12:17:57.746   716 12293 I [CT]    : R:Behavior:AtRest: deactivated
11-07 12:17:57.746   716 12293 I [CT]    : AdHocPatch: [Right] t = 88.749s, behavior transition: AtRest -> None at 46.039s
11-07 12:17:57.867   716 12293 I [CT]    : L:Behavior:AtRest: activated
11-07 12:17:57.867   716 12293 I [CT]    : AdHocPatch: [Right] t = 88.869s, behavior transition: None -> AtRest at 46.039s
11-07 12:17:59.984 15796 15812 I OsSdk   : will wait 60 seconds before retrying
11-07 12:18:00.023 17809 17827 D UnifiedTelemetryLogger: Gatekeeper values: mDuplicateLogging = false, mUseUnifiedTelemetryService = false
11-07 12:18:00.064 11409 11422 D UnifiedTelemetryLogger: Gatekeeper values: mDuplicateLogging = false, mUseUnifiedTelemetryService = false
11-07 12:18:00.187  1803  2758 D UnifiedTelemetryLogger: Gatekeeper values: mDuplicateLogging = false, mUseUnifiedTelemetryService = false
11-07 12:18:00.233  3054  3067 D UnifiedTelemetryLogger: Gatekeeper values: mDuplicateLogging = false, mUseUnifiedTelemetryService = false
11-07 12:18:00.261  2074  2137 D UnifiedTelemetryLogger: Gatekeeper values: mDuplicateLogging = false, mUseUnifiedTelemetryService = false
11-07 12:18:00.293  1969  2762 D UnifiedTelemetryLogger: Gatekeeper values: mDuplicateLogging = false, mUseUnifiedTelemetryService = false
11-07 12:18:00.336 22355 22375 D UnifiedTelemetryLogger: Gatekeeper values: mDuplicateLogging = false, mUseUnifiedTelemetryService = false
11-07 12:18:00.390 20629 20644 D UnifiedTelemetryLogger: Gatekeeper values: mDuplicateLogging = false, mUseUnifiedTelemetryService = false
11-07 12:18:00.685  1522  2755 D UnifiedTelemetryLogger: Gatekeeper values: mDuplicateLogging = false, mUseUnifiedTelemetryService = false
11-07 12:18:00.728  1436  2754 D UnifiedTelemetryLogger: Gatekeeper values: mDuplicateLogging = false, mUseUnifiedTelemetryService = false
11-07 12:18:00.743  7426  7443 D UnifiedTelemetryLogger: Gatekeeper values: mDuplicateLogging = false, mUseUnifiedTelemetryService = false
11-07 12:18:01.944  2074  2216 W LibraryProvider: Cannot find entitlement for system
11-07 12:18:01.944  1466 27045 W OVRLibrary: null cursor received for query content://com.oculus.ocms.library/apps/system
11-07 12:18:01.947   716   979 I OsSdk   : will wait 60 seconds before retrying
11-07 12:18:02.149   716 12293 I [CT]    : R:Behavior:AtRest: deactivated
11-07 12:18:02.149   716 12293 I [CT]    : AdHocPatch: [Right] t = 93.150s, behavior transition: AtRest -> None at 46.039s
11-07 12:18:02.342   716 12293 I [CT]    : L:Behavior:AtRest: activated
11-07 12:18:02.342   716 12293 I [CT]    : AdHocPatch: [Right] t = 93.344s, behavior transition: None -> AtRest at 46.039s
11-07 12:18:02.543   716 12293 I [CT]    : R:Behavior:AtRest: deactivated
11-07 12:18:02.543   716 12293 I [CT]    : AdHocPatch: [Right] t = 93.544s, behavior transition: AtRest -> None at 46.039s
11-07 12:18:02.553   716 12293 I [CT]    : L:Behavior:AtRest: activated
11-07 12:18:02.553   716 12293 I [CT]    : AdHocPatch: [Right] t = 93.554s, behavior transition: None -> AtRest at 46.039s
11-07 12:18:03.763   716 12293 I [CT]    : R:Behavior:AtRest: deactivated
11-07 12:18:03.763   716 12293 I [CT]    : AdHocPatch: [Right] t = 94.764s, behavior transition: AtRest -> None at 46.039s
11-07 12:18:03.875   716 12293 I [CT]    : L:Behavior:AtRest: activated
11-07 12:18:03.875   716 12293 I [CT]    : AdHocPatch: [Right] t = 94.876s, behavior transition: None -> AtRest at 46.039s
11-07 12:18:04.331   716 12293 I [CT]    : R:Behavior:AtRest: deactivated
11-07 12:18:04.331   716 12293 I [CT]    : AdHocPatch: [Right] t = 95.332s, behavior transition: AtRest -> None at 46.039s
11-07 12:18:04.450   716 12293 I [CT]    : L:Behavior:AtRest: activated
11-07 12:18:04.450   716 12293 I [CT]    : AdHocPatch: [Right] t = 95.453s, behavior transition: None -> AtRest at 46.039s
11-07 12:18:04.484   716 12293 I [CT]    : R:Behavior:AtRest: deactivated
11-07 12:18:04.484   716 12293 I [CT]    : AdHocPatch: [Right] t = 95.487s, behavior transition: AtRest -> None at 46.039s
11-07 12:18:04.601   716 12293 I [CT]    : L:Behavior:AtRest: activated
11-07 12:18:04.601   716 12293 I [CT]    : AdHocPatch: [Right] t = 95.603s, behavior transition: None -> AtRest at 46.039s
11-07 12:18:04.851   716 12293 I [CT]    : R:Behavior:AtRest: deactivated
11-07 12:18:04.851   716 12293 I [CT]    : AdHocPatch: [Right] t = 95.853s, behavior transition: AtRest -> None at 46.039s
11-07 12:18:04.956   716 12293 I [CT]    : L:Behavior:AtRest: activated
11-07 12:18:04.957   716 12293 I [CT]    : AdHocPatch: [Right] t = 95.959s, behavior transition: None -> AtRest at 46.039s
11-07 12:18:05.103   716 12293 I [CT]    : R:Behavior:AtRest: deactivated
11-07 12:18:05.103   716 12293 I [CT]    : AdHocPatch: [Right] t = 96.105s, behavior transition: AtRest -> None at 46.039s
11-07 12:18:05.202   716 12293 I [CT]    : L:Behavior:AtRest: activated
11-07 12:18:05.202   716 12293 I [CT]    : AdHocPatch: [Right] t = 96.205s, behavior transition: None -> AtRest at 46.039s
11-07 12:18:05.589   716 12293 I [CT]    : R:Behavior:AtRest: deactivated
11-07 12:18:05.589   716 12293 I [CT]    : AdHocPatch: [Right] t = 96.590s, behavior transition: AtRest -> None at 46.039s
11-07 12:18:05.706   716 12293 I [CT]    : L:Behavior:AtRest: activated
11-07 12:18:05.706   716 12293 I [CT]    : AdHocPatch: [Right] t = 96.708s, behavior transition: None -> AtRest at 46.039s
11-07 12:18:06.817   716 12293 I [CT]    : R:Behavior:AtRest: deactivated
11-07 12:18:06.817   716 12293 I [CT]    : AdHocPatch: [Right] t = 97.819s, behavior transition: AtRest -> None at 46.039s
11-07 12:18:07.056   716 12293 I [CT]    : L:Behavior:AtRest: activated
11-07 12:18:07.056   716 12293 I [CT]    : AdHocPatch: [Right] t = 98.058s, behavior transition: None -> AtRest at 46.039s
11-07 12:18:07.117 14018 14018 W ifconfig: type=1400 audit(0.0:48): avc: denied { ioctl } for path="socket:[811347]" dev="sockfs" ino=811347 ioctlcmd=8927 scontext=u:r:shell:s0 tcontext=u:r:shell:s0 tclass=udp_socket permissive=0
11-07 12:18:07.117 14018 14018 W ifconfig: type=1400 audit(0.0:49): avc: denied { ioctl } for path="socket:[811347]" dev="sockfs" ino=811347 ioctlcmd=891d scontext=u:r:shell:s0 tcontext=u:r:shell:s0 tclass=udp_socket permissive=0
11-07 12:18:07.117 14018 14018 W ifconfig: type=1400 audit(0.0:50): avc: denied { ioctl } for path="socket:[811347]" dev="sockfs" ino=811347 ioctlcmd=8970 scontext=u:r:shell:s0 tcontext=u:r:shell:s0 tclass=udp_socket permissive=0
11-07 12:18:07.166 11436 11441 D xrspd   : ep0 xrspd event DISABLE
11-07 12:18:07.166 11436 11448 E xrspd   : I/O error during file operation (op: write, len: 1024): No such device (19)
11-07 12:18:07.166 11436 11441 D xrspd   : streaming session stopped (2)
11-07 12:18:07.166 11436 11441 I xrspd   : calling XrspdHelperStopAsync...
11-07 12:18:07.166 11611 11622 W art     : Receiving file descriptor from ADB failed (socket 30): Connection reset by peer
11-07 12:18:07.170 11436 11446 E xrspd   : I/O error during file operation (op: read, len: 1024): No such device (19)
11-07 12:18:07.170 11436 11446 D xrspd   : Error while processing inbound data, will terminate participant: I/O error
11-07 12:18:07.170 11436 11446 D xrspd   : terminating participant...
11-07 12:18:07.170 11436 11441 D xrspd   : ep0 xrspd event UNBIND
11-07 12:18:07.170 11436 11446 D xrspd   : terminateSession: No active session
11-07 12:18:07.170 11436 11447 D xrspd   : sent transactional message INVITE
11-07 12:18:07.170 11436 11447 E xrspd   : failed to send invite for 'basic': I/O error (13)
11-07 12:18:07.170 11436 11447 D xrspd   : transitioning XrspSession state to Disconnected
11-07 12:18:07.171 11436 11446 D xrspd   : destroying topic 1...
11-07 12:18:07.171 11436 14023 D xrspd   : XrspdHelper stopping ...
11-07 12:18:07.171 11436 14023 D xrspd   : stopping XrspdHelper by terminating participant
11-07 12:18:07.171 11436 14023 D xrspd   : XrspParticipantTerminate() can only be called once.
11-07 12:18:07.171 11436 14023 D xrspd   : joining inbound thread...
11-07 12:18:07.171 11436 14023 W xrspd   : XrspdHelper inbound processing returned: I/O error (13)
11-07 12:18:07.171 11436 14023 D xrspd   : joining outbound thread...
11-07 12:18:07.171 11436 14023 W xrspd   : XrspdHelper outbound processing returned: I/O error (13)
11-07 12:18:07.171 11436 14023 D xrspd   : XrspdHelper stopped: invalid state (3)
11-07 12:18:07.171 11436 14023 D xrspd   : joining inbound thread...
11-07 12:18:07.171 11436 14023 D xrspd   : joining outbound thread...
11-07 12:18:07.171 11436 14023 I xrspd   : XrspdHelperStopAsync completed via callback.
11-07 12:18:07.178 11436 11441 D xrspd   : ep0 xrspd event BIND
11-07 12:18:07.398   716 12293 I [CT]    : R:Behavior:AtRest: deactivated
11-07 12:18:07.398   716 12293 I [CT]    : AdHocPatch: [Right] t = 98.400s, behavior transition: AtRest -> None at 46.039s
11-07 12:18:07.481 15604 15604 D MtpReceiver: Received Usb Mtp state
11-07 12:18:07.481 15604 15604 D MtpReceiver: USB plugged in
11-07 12:18:07.481 15604 15604 D MtpReceiver: Starting Media Scan Service
11-07 12:18:07.482 15604 15604 W ContextImpl: Calling a method in the system process without a qualified user: android.app.ContextImpl.startService:1357 android.content.ContextWrapper.startService:613 android.content.ContextWrapper.startService:613 com.oculus.os.vrmtpapp.MtpReceiver.handleUsbState:83 com.oculus.os.vrmtpapp.MtpReceiver.onReceive:46 
11-07 12:18:07.497 11436 11441 D xrspd   : ep0 xrspd event ENABLE
11-07 12:18:07.497 11436 11441 I xrspd   : calling XrspdHelperStart
11-07 12:18:07.498 11436 11441 D xrspd   : XrspdHelper starting...
11-07 12:18:07.498 11436 11441 D xrspd   : XrspdHelper: create transport
11-07 12:18:07.500 11436 11441 D xrspd   : XrspdHelper started
11-07 12:18:07.500 11436 14032 D xrspd   : transitioning XrspSession state to InviteSent
11-07 12:18:07.500 11436 14032 D xrspd   : sending XrspSession invite for 'basic'
11-07 12:18:07.500 11436 14032 D xrspd   : trying to send transactional message INVITE
11-07 12:18:07.600 15604 15604 D MtpReceiver: Started Media Scan Service
11-07 12:18:07.618 15604 15604 D MtpReceiver: Received Usb Mtp state
11-07 12:18:07.619 15604 15604 D MtpReceiver: USB plugged in
11-07 12:18:07.629 16348 16348 D MtpService: starting MTP server in MTP mode
11-07 12:18:07.636 16348 16348 D MtpService: Adding MTP storage 0x10001 at /storage/emulated/0
11-07 12:18:08.008 16348 14030 D MediaProvider: object removed 13814
11-07 12:18:08.009 16348 14030 D MediaProvider: object removed 13815
11-07 12:18:08.009 16348 14030 D MediaProvider: object removed 14287
11-07 12:18:08.009 16348 14030 D MediaProvider: object removed 14288
11-07 12:18:08.009 16348 14030 D MediaProvider: object removed 23314
11-07 12:18:08.009 16348 14030 D MediaProvider: object removed 23315
11-07 12:18:08.012 16348 14030 D MediaProvider: object removed 23411
11-07 12:18:08.057 16348 14030 D MediaProvider: object removed 23412
11-07 12:18:08.065 16348 14030 D MediaProvider: object removed 23413
11-07 12:18:08.065 16348 14030 D MediaProvider: object removed 23414
11-07 12:18:08.065 16348 14030 D MediaProvider: object removed 26032
11-07 12:18:08.065 16348 14030 D MediaProvider: object removed 26033
11-07 12:18:08.076 16348 14030 D MediaProvider: object removed 26034
11-07 12:18:08.077 16348 14030 D MediaProvider: object removed 26035
11-07 12:18:08.120 16348 14030 D MediaProvider: object removed 26039
11-07 12:18:08.121 16348 14030 D MediaProvider: object removed 26040
11-07 12:18:08.121 16348 14030 D MediaProvider: object removed 26041
11-07 12:18:08.121 16348 14030 D MediaProvider: object removed 26042
11-07 12:18:08.121 16348 14030 D MediaProvider: object removed 26043
11-07 12:18:08.165 16348 14030 D MediaProvider: object removed 26046
11-07 12:18:08.165 16348 14030 D MediaProvider: object removed 26047
11-07 12:18:08.165 16348 14030 D MediaProvider: object removed 26053
11-07 12:18:08.166 16348 14030 D MediaProvider: object removed 26054
11-07 12:18:08.166 16348 14030 D MediaProvider: object removed 26055
11-07 12:18:08.221 16348 14030 D MediaProvider: object removed 26056
11-07 12:18:08.221 16348 14030 D MediaProvider: object removed 26057
11-07 12:18:08.221 16348 14030 D MediaProvider: object removed 26058
11-07 12:18:08.221 16348 14030 D MediaProvider: object removed 26059
11-07 12:18:08.221 16348 14030 D MediaProvider: object removed 26060
11-07 12:18:08.264 16348 14030 D MediaProvider: object removed 26061
11-07 12:18:08.265 16348 14030 D MediaProvider: object removed 26062
11-07 12:18:08.265 16348 14030 D MediaProvider: object removed 26063
11-07 12:18:08.265 16348 14030 D MediaProvider: object removed 26064
11-07 12:18:08.265 16348 14030 D MediaProvider: object removed 26065
11-07 12:18:08.312 16348 14030 D MediaProvider: object removed 26066
11-07 12:18:08.312 16348 14030 D MediaProvider: object removed 26067
11-07 12:18:08.312 16348 14030 D MediaProvider: object removed 26068
11-07 12:18:08.313 16348 14030 D MediaProvider: object removed 26069
11-07 12:18:08.313 16348 14030 D MediaProvider: object removed 26070
11-07 12:18:08.356 16348 14030 D MediaProvider: object removed 26071
11-07 12:18:08.361 16348 14030 D MediaProvider: object removed 26072
11-07 12:18:08.361 16348 14030 D MediaProvider: object removed 26073
11-07 12:18:08.361 16348 14030 D MediaProvider: object removed 26074
11-07 12:18:08.362 16348 14030 D MediaProvider: object removed 26075
11-07 12:18:08.401 16348 14030 D MediaProvider: object removed 26076
11-07 12:18:08.401 16348 14030 D MediaProvider: object removed 26080
11-07 12:18:08.401 16348 14030 D MediaProvider: object removed 26081
11-07 12:18:08.401 16348 14030 D MediaProvider: object removed 26082
11-07 12:18:08.401 16348 14030 D MediaProvider: object removed 26083
11-07 12:18:08.445 16348 14030 D MediaProvider: object removed 26084
11-07 12:18:08.445 16348 14030 D MediaProvider: object removed 26085
11-07 12:18:08.445 16348 14030 D MediaProvider: object removed 26086
11-07 12:18:08.445 16348 14030 D MediaProvider: object removed 26087
11-07 12:18:08.445 16348 14030 D MediaProvider: object removed 26096
11-07 12:18:08.489 16348 14030 D MediaProvider: object removed 26097
11-07 12:18:08.489 16348 14030 D MediaProvider: object removed 26098
11-07 12:18:08.489 16348 14030 D MediaProvider: object removed 26099
11-07 12:18:08.489 16348 14030 D MediaProvider: object removed 26100
11-07 12:18:08.489 16348 14030 D MediaProvider: object removed 26101
11-07 12:18:08.532 16348 14030 D MediaProvider: object removed 26102
11-07 12:18:08.533 16348 14030 D MediaProvider: object removed 26103
11-07 12:18:08.533 16348 14030 D MediaProvider: object removed 26104
11-07 12:18:08.534 16348 14030 D MediaProvider: object removed 26105
11-07 12:18:08.534 16348 14030 D MediaProvider: object removed 26106
11-07 12:18:08.576 16348 14030 D MediaProvider: object removed 26107
11-07 12:18:08.576 16348 14030 D MediaProvider: object removed 26108
11-07 12:18:08.577 16348 14030 D MediaProvider: object removed 26109
11-07 12:18:08.577 16348 14030 D MediaProvider: object removed 26110
11-07 12:18:08.577 16348 14030 D MediaProvider: object removed 26111
11-07 12:18:08.621 16348 14030 D MediaProvider: object removed 26112
11-07 12:18:08.621 16348 14030 D MediaProvider: object removed 26113
11-07 12:18:08.621 16348 14030 D MediaProvider: object removed 26114
11-07 12:18:08.621 16348 14030 D MediaProvider: object removed 26115
11-07 12:18:08.621 16348 14030 D MediaProvider: object removed 26116
11-07 12:18:08.664 16348 14030 D MediaProvider: object removed 26117
11-07 12:18:08.664 16348 14030 D MediaProvider: object removed 26118
11-07 12:18:08.665 16348 14030 D MediaProvider: object removed 26119
11-07 12:18:08.665 16348 14030 D MediaProvider: object removed 26120
11-07 12:18:08.665 16348 14030 D MediaProvider: object removed 26121
11-07 12:18:08.708 16348 14030 D MediaProvider: object removed 26122
11-07 12:18:08.709 16348 14030 D MediaProvider: object removed 26123
11-07 12:18:08.709 16348 14030 D MediaProvider: object removed 26126
11-07 12:18:08.709 16348 14030 D MediaProvider: object removed 26127
11-07 12:18:08.709 16348 14030 D MediaProvider: object removed 26128
11-07 12:18:08.752 16348 14030 D MediaProvider: object removed 26129
11-07 12:18:08.753 16348 14030 D MediaProvider: object removed 26821
11-07 12:18:08.753 16348 14030 D MediaProvider: object removed 26822
11-07 12:18:08.753 16348 14030 D MediaProvider: object removed 26823
11-07 12:18:08.753 16348 14030 D MediaProvider: object removed 26836
11-07 12:18:08.796 16348 14030 D MediaProvider: object removed 26837
11-07 12:18:08.797 16348 14030 D MediaProvider: object removed 26838
11-07 12:18:08.797 16348 14030 D MediaProvider: object removed 26839
11-07 12:18:08.797 16348 14030 D MediaProvider: object removed 26840
11-07 12:18:08.797 16348 14030 D MediaProvider: object removed 26841
11-07 12:18:08.841 16348 14030 D MediaProvider: object removed 26842
11-07 12:18:08.842 16348 14030 D MediaProvider: object removed 26843
11-07 12:18:08.842 16348 14030 D MediaProvider: object removed 26844
11-07 12:18:08.842 16348 14030 D MediaProvider: object removed 26845
11-07 12:18:08.842 16348 14030 D MediaProvider: object removed 26882
11-07 12:18:08.886 16348 14030 D MediaProvider: object removed 26897
