10-29 18:40:37.556  2170 27268 W libosutils: PipelineSignal::waitOnListener(): failed (lost connection to service?)
10-29 18:40:37.558   717 30274 D VrApiService: CPU_CLUSTER_0: No client requests exists, release clocks
10-29 18:40:37.558   717 30274 D VrApiService: CPU_CLUSTER_1: No client requests exists, release clocks
10-29 18:40:37.558   717 30274 D VrApiService: GPU: No client requests exists, release clocks
10-29 18:40:37.558   717 30274 D VrApiService: CPUBW: No client requests exists, release clocks
10-29 18:40:37.559   717 30274 D VrApiService: GPUBW: No client requests exists, release clocks
10-29 18:40:37.559  2170 27323 I Clocks  : ReleaseClocks - end (3.9 ms)
10-29 18:40:37.559  2170 27323 I Clocks  : LockClocks( cpu=3, gpu=3 ) - start
10-29 18:40:37.563  2170 27323 I Clocks  : CPU levels [0, 4]
10-29 18:40:37.563  2170 27323 I Clocks  : GPU levels [0, 5]
10-29 18:40:37.564   717  1964 D VrApiService: CPU_CLUSTER_0: Client 2170 sends freq request [21, 21]
10-29 18:40:37.564   717  1964 D VrApiService: CPU_CLUSTER_0: Next Perf Level = (21, 21)
10-29 18:40:37.564   717  1964 D VrApiService: CPU_CLUSTER_1: Client 2170 sends freq request [22, 22]
10-29 18:40:37.564   717  1964 D VrApiService: CPU_CLUSTER_1: Next Perf Level = (22, 22)
10-29 18:40:37.564   717  1964 D VrApiService: CPUBW: Client 2170 sends freq request [8, 11]
10-29 18:40:37.564   717  1964 D VrApiService: CPUBW: Next Perf Level = (8, 11)
10-29 18:40:37.566   717  1964 D VrApiService: GPUBW: Client 2170 sends freq request [9, 11]
10-29 18:40:37.566   717  1964 D VrApiService: GPUBW: Next Perf Level = (9, 11)
10-29 18:40:37.567   717  1964 D VrApiService: GPU: Client 2170 sends freq request [4, 4]
10-29 18:40:37.567   717  1964 D VrApiService: GPU: Next Perf Level = (4, 4)
10-29 18:40:37.567  2170 27323 I Clocks  : LockClocks( cpu=3, gpu=3 ) - end (7.7 ms)
10-29 18:40:37.567  1867 27674 D VrApi   : targetSDKVersion 25
10-29 18:40:37.572  1867 27674 I JniUtils: ovr_GetCurrentPackageSignature 
10-29 18:40:37.573  1867  1917 I VrApi   : System brightness = 255
10-29 18:40:37.576  1867 27674 I Metrics : device name = Oculus Quest
10-29 18:40:37.582  2170 27268 W libosutils: PipelineSignal::waitOnListener(): failed (lost connection to service?)
10-29 18:40:37.589  1867  1917 I VrApi   : Set brightness to 255
10-29 18:40:37.596  1867  1917 I VrApi   : Set DND mode to false
10-29 18:40:37.598  2170 27268 W libosutils: PipelineSignal::waitOnListener(): failed (lost connection to service?)
10-29 18:40:37.598  2170 27268 W libosutils: PipelineSignal::waitOnListener(): failed (lost connection to service?)
10-29 18:40:37.614  2170 27268 W libosutils: PipelineSignal::waitOnListener(): failed (lost connection to service?)
10-29 18:40:37.614  2170 27268 W libosutils: PipelineSignal::waitOnListener(): failed (lost connection to service?)
10-29 18:40:37.615   710 27313 I [CT]    : VIPER:RelocalizationManager: Relocalization step successful, adding estimate for validation.
10-29 18:40:37.616  1867  1917 I VrApi   : System DND mode = false
10-29 18:40:37.616  1867  1917 I VrApi   : ---------- vrapi_EnterVrMode [end] ----------
10-29 18:40:37.616  1867  1917 I InputHooks_Internal: SetInhibitHandleHomeKey = true
10-29 18:40:37.616  1867  1917 I InputHooks_Internal: SetInhibitHandleBackButtonLongPress = true
10-29 18:40:37.617  2170 26653 I GazeTimer: (24090.4703) CancelTimer
10-29 18:40:37.617  1867  1917 I InputHooks_Internal: SetBlockRemoteButtonsWhenNotEmulatingHMT = false
10-29 18:40:37.617  1867  1917 I InputHooks_Internal: SetReorientHMDOnControllerRecenter = true
10-29 18:40:37.617  1867  1917 I [OAR] ShellApp: Setting clock levels to cpu=2, gpu=4
10-29 18:40:37.617  1867  1917 I [OAR] ShellApp: Setting perf thread tids to main=1917, render=unset
10-29 18:40:37.617  1867  1917 I [OAR] Compositor: Initializing Compositor: 1216x1344
10-29 18:40:37.617  1867  1917 I [OAR] ShellApp: FramebufferIsSrgb: true
10-29 18:40:37.618  1867  1917 I libOpenSLES: Emulating old channel mask behavior (ignoring positional mask 0x3, using default mask 0x3 based on channel count of 2)
10-29 18:40:37.618   542  2631 I AudioPolicyManagerCustom: offload disabled by audio.offload.disable=1
10-29 18:40:37.618   542  2631 I AudioPolicyManagerCustom: Direct PCM is disabled for this request
10-29 18:40:37.621   542  2631 V AudioPolicyManagerCustom: getOutputForDevice() returns output 13
10-29 18:40:37.621   542 23122 V audio_hw_primary: out_get_parameters: enter: keys - is_direct_pcm_track
10-29 18:40:37.622   542 23122 V audio_hw_primary: not in direct_pcm
10-29 18:40:37.622   542 23122 V audio_hw_primary: out_get_parameters: exit: returns - is_direct_pcm_track=false
10-29 18:40:37.623   710 27273 I [CT]    : VIPER: Resetting MapPatchProvider!
10-29 18:40:37.626  2170 27268 W libosutils: PipelineSignal::waitOnListener(): failed (lost connection to service?)
10-29 18:40:37.626  2170 27268 W libosutils: PipelineSignal::waitOnListener(): failed (lost connection to service?)
10-29 18:40:37.626   542   542 W AudioFlinger: createTrack_l(): mismatch between requested flags (00000104) and output flags (00000006)
10-29 18:40:37.631  1867  1917 D AudioTrack: Client defaulted notificationFrames to 192 for frameCount 384
10-29 18:40:37.639  2170 27268 W libosutils: PipelineSignal::waitOnListener(): failed (lost connection to service?)
10-29 18:40:37.640  2170 27268 W libosutils: PipelineSignal::waitOnListener(): failed (lost connection to service?)
10-29 18:40:37.645  1867  1917 D AudioTrack: updateAppOpsPlayAudio: checkOp OP_PLAY_AUDIO for com.oculus.vrshell returns: 0 (ALLOWED)
10-29 18:40:37.647   542   581 W AudioFlinger: checkEffectCompatibility_l(): non HW effect Volume listener for Music on playback thread in fast mode
10-29 18:40:37.647   542   581 E AudioEffect: set(): AudioFlinger could not create effect, status: -22
10-29 18:40:37.647   542   581 E AudioPolicyEffects: addOutputSessionEffects(): failed to create Fx  music_helper on session 1977
10-29 18:40:37.647  1867  1917 I [OAR] SystemUXController: Recentering for launch - 0, , 
10-29 18:40:37.647  1867  1917 I [OAR] LocalSpace: ResetNextFrame
10-29 18:40:37.648  1867  1917 I [OAR] ShellApp: 0xcd911388 msg: broadcastIntent:
10-29 18:40:37.648  1867  1917 I [OAR] ShellApp: guardian_action_type = 0
10-29 18:40:37.648  1867  1917 I [OAR] ShellApp: intent_data = systemux://guardian/update_state
10-29 18:40:37.648  1867  1917 I [OAR] ShellApp: intent_pkg = com.YourCompany.LastResisters
10-29 18:40:37.648  1867  1917 I [OAR] ShellApp: intent_cmd = 
10-29 18:40:37.648  1867  1917 I [OAR] ShellApp: intent_action = com.oculus.vrshell.intent.action.GUARDIAN
10-29 18:40:37.648  1867  1917 W [OAR] ShellApp: Received unexpected broadcast intent com.oculus.vrshell.intent.action.GUARDIAN.
10-29 18:40:37.648  1867  1917 I [OAR] ShellApp: 0xcd911388 msg: broadcastIntent:
10-29 18:40:37.648  1867  1917 I [OAR] ShellApp: guardian_action_type = 0
10-29 18:40:37.648  1867  1917 I [OAR] ShellApp: intent_data = systemux://guardian/update_state
10-29 18:40:37.648  1867  1917 I [OAR] ShellApp: intent_pkg = com.YourCompany.LastResisters
10-29 18:40:37.648  1867  1917 I [OAR] ShellApp: intent_cmd = 
10-29 18:40:37.648  1867  1917 I [OAR] ShellApp: intent_action = com.oculus.vrshell.intent.action.GUARDIAN
10-29 18:40:37.648  1867  1917 W [OAR] ShellApp: Received unexpected broadcast intent com.oculus.vrshell.intent.action.GUARDIAN.
10-29 18:40:37.648  1867  1917 I [OAR] ShellApp: 0xcd911388 msg: broadcastIntent:
10-29 18:40:37.648  1867  1917 I [OAR] ShellApp: guardian_action_type = 0
10-29 18:40:37.648  1867  1917 I [OAR] ShellApp: intent_data = systemux://guardian/update_state
10-29 18:40:37.648  1867  1917 I [OAR] ShellApp: intent_pkg = com.YourCompany.LastResisters
10-29 18:40:37.648  1867  1917 I [OAR] ShellApp: intent_cmd = 
10-29 18:40:37.648  1867  1917 I [OAR] ShellApp: intent_action = com.oculus.vrshell.intent.action.GUARDIAN
10-29 18:40:37.648  1867  1917 W [OAR] ShellApp: Received unexpected broadcast intent com.oculus.vrshell.intent.action.GUARDIAN.
10-29 18:40:37.648  1867  1917 I [OAR] InputManager: Adding controller deviceId = 536870914 type = 4
10-29 18:40:37.652  1867  1917 I [OAR] ModelFile: LoadModelFileFromMemory assets/questControllerLeft.gltf.ovrscene 1517928
10-29 18:40:37.652  1867  1917 I [OAR] ModelFile: LoadModelFileFromMemory zfp = 0xb705bf00
10-29 18:40:37.658  2170 27268 W libosutils: PipelineSignal::waitOnListener(): failed (lost connection to service?)
10-29 18:40:37.659  2170 27268 W libosutils: PipelineSignal::waitOnListener(): failed (lost connection to service?)
10-29 18:40:37.660  1867  1917 I [OAR] ModelFile_glTF: LoadModelFile_glTF_Json parsing assets/questControllerLeft.gltf.ovrscene
10-29 18:40:37.662  1867  1917 I [OAR] InputManager: Adding controller deviceId = 536870915 type = 4
10-29 18:40:37.665  1867  1917 I [OAR] ModelFile: LoadModelFileFromMemory assets/questControllerRight.gltf.ovrscene 1517928
10-29 18:40:37.665  1867  1917 I [OAR] ModelFile: LoadModelFileFromMemory zfp = 0xbf10d100
10-29 18:40:37.668  2170 27268 W libosutils: PipelineSignal::waitOnListener(): failed (lost connection to service?)
10-29 18:40:37.668  2013  2131 W LibraryProvider: Cannot find entitlement for com.YourCompany.LastResisters
10-29 18:40:37.669  1810  1810 W OVRLibrary: null cursor received for query content://com.oculus.ocms.library/apps/com.YourCompany.LastResisters
10-29 18:40:37.669  2170 27268 W libosutils: PipelineSignal::waitOnListener(): failed (lost connection to service?)
10-29 18:40:37.673  1867  1917 I [OAR] ModelFile_glTF: LoadModelFile_glTF_Json parsing assets/questControllerRight.gltf.ovrscene
10-29 18:40:37.675  1867  1917 I [OAR] InputManager: Switching Primary controller due to vrapi
10-29 18:40:37.675  1867  1917 I [OAR] InputManager: Secondary input source selection id=536870914
10-29 18:40:37.676  2170  2185 I GuardianSystem: Guardian: GuardianCmdWithParms 1, 1, 0.000000
10-29 18:40:37.676  1867  1917 I [OAR] RouteInput: New inputState.cursorTraceSource: 1
10-29 18:40:37.676  1867  1917 I [OAR] LocalSpace: Reset - initialRawFromLocalPose
10-29 18:40:37.676  1867  1917 I [OAR] LocalSpace: 	rotX: 0.000000
10-29 18:40:37.676  1867  1917 I [OAR] LocalSpace: 	rotY: 0.000000
10-29 18:40:37.676  1867  1917 I [OAR] LocalSpace: 	rotZ: 0.000000
10-29 18:40:37.676  1867  1917 I [OAR] LocalSpace: 	rotW: 1.000000
10-29 18:40:37.676  1867  1917 I [OAR] LocalSpace: 	traX: 0.000000
10-29 18:40:37.676  1867  1917 I [OAR] LocalSpace: 	traY: 0.000000
10-29 18:40:37.676  1867  1917 I [OAR] LocalSpace: 	traZ: 0.000000
10-29 18:40:37.676  1867  1917 I [OAR] LocalSpace: Applying VRAPI Reorient
10-29 18:40:37.676  1867  1917 I [OAR] LocalSpace: Recentering local space
10-29 18:40:37.677  1867  1917 I VrRuntimeClient: VrRuntimeClient: UpdateLocalSpace: 2 (-0.109190, -0.054434, 0.023060, 0.992261), (-0.013971, 0.047600, 0.621278)
10-29 18:40:37.677  2170  2184 I GuardianSystem: GuardianSystem::UpdateLocalSpace src = 2, Local (-0.000000, -0.057972, -0.000000, 0.998318) (-0.013971, 0.047600, 0.621278)
10-29 18:40:37.677  2170  2184 I GuardianSystem: GuardianSystem::UpdateLocalSpace LocalTilted (-0.109190, -0.054434, 0.023060, 0.992261) (-0.013971, 0.047600, 0.621278)
10-29 18:40:37.677  2170  2184 I GuardianSystem: GuardianSystem::UpdateLocalSpace RawFloorHeight() = -1.675000
10-29 18:40:37.677  1867  1917 I [OAR] LocalSpace: currentLocalPose
10-29 18:40:37.677  1867  1917 I [OAR] LocalSpace: 	rotX: -0.107670
10-29 18:40:37.677  1867  1917 I [OAR] LocalSpace: 	rotY: 0.003180
10-29 18:40:37.677  1867  1917 I [OAR] LocalSpace: 	rotZ: 0.029352
10-29 18:40:37.677  1867  1917 I [OAR] LocalSpace: 	rotW: 0.993748
10-29 18:40:37.677  1867  1917 I [OAR] LocalSpace: 	traX: 0.000000
10-29 18:40:37.677  1867  1917 I [OAR] LocalSpace: 	traY: 1.722600
10-29 18:40:37.677  1867  1917 I [OAR] LocalSpace: 	traZ: 0.000000
10-29 18:40:37.677  1867  1917 I [OAR] LocalSpace: localPose
10-29 18:40:37.677  1867  1917 I [OAR] LocalSpace: 	rotX: 0.000000
10-29 18:40:37.677  1867  1917 I [OAR] LocalSpace: 	rotY: 0.000000
10-29 18:40:37.677  1867  1917 I [OAR] LocalSpace: 	rotZ: 0.000000
10-29 18:40:37.677  1867  1917 I [OAR] LocalSpace: 	rotW: 1.000000
10-29 18:40:37.677  1867  1917 I [OAR] LocalSpace: 	traX: 0.000000
10-29 18:40:37.677  1867  1917 I [OAR] LocalSpace: 	traY: 1.675000
10-29 18:40:37.677  1867  1917 I [OAR] LocalSpace: 	traZ: 0.000000
10-29 18:40:37.677  1867  1917 I [OAR] PanelAppHost: Resize layer hand1 to size 200 x 152 shape:1 stereo:0
10-29 18:40:37.677  1867  1917 I [OAR] PanelRenderLayer: ResetSurface 200 x 152 - shape:1 stereo:0
10-29 18:40:37.677  1867  1917 I [OAR] PanelAppHost: Resize layer hand2 to size 200 x 152 shape:1 stereo:0
10-29 18:40:37.677  1867  1917 I [OAR] PanelRenderLayer: ResetSurface 200 x 152 - shape:1 stereo:0
10-29 18:40:37.677  1867  1917 I [OAR] PanelAppHost: Setting panel layer visibility of layer "hand1" to invisible
10-29 18:40:37.677  1867  1917 I [OAR] PanelAppHost: Setting panel layer visibility of layer "hand2" to invisible
10-29 18:40:37.677  1867  1917 I [OAR] PanelAppHost: Setting panel layer visibility of layer "hand1" to invisible
10-29 18:40:37.677  1867  1917 I [OAR] PanelAppHost: Setting panel layer visibility of layer "hand2" to invisible
10-29 18:40:37.677  1867  1917 I [OAR] PanelAppHost: Setting panel layer visibility of layer "hand1" to visible
10-29 18:40:37.677  1867  1917 I [OAR] PanelAppHost: Setting panel layer visibility of layer "hand2" to visible
10-29 18:40:37.678  1867  1917 I [OAR] PanelRenderLayer: ResetSurface 512 x 750 - shape:2 stereo:0
10-29 18:40:37.678  1867  1917 I [OAR] PartyManager: Party Response Parse Time: 0.013698ms
10-29 18:40:37.678  1867  1917 I [OAR] HttpClient: Append
10-29 18:40:37.678  1867  1917 I PanelUtil_JNI: Using caller's JNIEnv
10-29 18:40:37.678  1867  1917 D [OAR] Transfer: new readResult, last buffer size 0, last bytes read 0, total bytes read 0
10-29 18:40:37.681  1923  1923 I [OAR] AnytimeUIAndroidPanelAppBase: setTaskBarState - 1
10-29 18:40:37.681  1867  1917 I [OAR] TelemetryProvider: aui_reorient system -6 0 0 
10-29 18:40:37.683  1867 27678 I VrRuntimeClient: FenceChecker::MainLoop - started
10-29 18:40:37.685  2170 27268 W libosutils: PipelineSignal::waitOnListener(): failed (lost connection to service?)
10-29 18:40:37.686  2170 27268 W libosutils: PipelineSignal::waitOnListener(): failed (lost connection to service?)
10-29 18:40:37.687  1867  1917 I [OAR] HttpClient: Append
10-29 18:40:37.687  1867  1917 I PanelUtil_JNI: Using caller's JNIEnv
10-29 18:40:37.688  2170  2358 I GuardianSystem: ForceShowGuardian: false, 0.00
10-29 18:40:37.688  1867  1917 D [OAR] Transfer: new readResult, last buffer size 42, last bytes read 42, total bytes read 42
10-29 18:40:37.688  2170  2358 I GuardianSystem: ForceShowGuardian: Soft fade out: 1.00
10-29 18:40:37.689  1867  1917 I [OAR] HttpClient: Append
10-29 18:40:37.690  1867  1917 I PanelUtil_JNI: Using caller's JNIEnv
10-29 18:40:37.690  1867  1917 D [OAR] Transfer: new readResult, last buffer size 0, last bytes read -1, total bytes read 41
10-29 18:40:37.690  1867  1917 I [OAR] HttpClient: IsComplete
10-29 18:40:37.690  1867  1917 I PanelUtil_JNI: Using caller's JNIEnv
10-29 18:40:37.690  1867  1917 I [OAR] PlatformManager: BundleConfiguration Response: {"bundle_configuration":"{\"NONE\":null}"}
10-29 18:40:37.690  1867  1917 I [OAR] PlatformManager: BundleConfiguration is updated.
10-29 18:40:37.692   710 27313 W [CT]    : VIPER: IMU is running ahead of cam by 74.602 ms. Dropping frame.
10-29 18:40:37.694  2170 27324 I TimeWarpProgs: loaded binary layerProgram 0:0x420287:0x0 in 6.8 ms
10-29 18:40:37.698  2170 27324 I TimeWarpProgs: loaded binary layerProgram 2:0x20007:0x0 in 3.8 ms
10-29 18:40:37.698  2170 27324 I TimeWarp: Tear: 0.011534
10-29 18:40:37.701  2170 27268 W libosutils: PipelineSignal::waitOnListener(): failed (lost connection to service?)
10-29 18:40:37.703  2170 27324 I Clocks  : SetSchedFifo( tid=1917, pri=1 ) succeeded
10-29 18:40:37.704  2170 27324 I Clocks  : SetSchedFifo( tid=27268, pri=1 ) succeeded
10-29 18:40:37.704  2170 27324 I TimeWarp: UpdateClockLevels: Apply pending clock request change: 3,3 -> 4,4
10-29 18:40:37.704  2170 27324 I TimeWarp: SetClientSurfaceSecureFlag: secure=1
10-29 18:40:37.704  2170 27323 I Clocks  : ReleaseClocks - start
10-29 18:40:37.704  2170 27268 W libosutils: PipelineSignal::waitOnListener(): failed (lost connection to service?)
10-29 18:40:37.704  1923  1923 I DialogPanel: Processing next frame action "cursorShow" for layer "#main"
10-29 18:40:37.705  1923  1923 I DialogUI: Creating Dialog
10-29 18:40:37.705  1923  1923 I DialogUI: Setting Dialog to render to #main
10-29 18:40:37.705  1923  1923 I RCTVR   : Create root
10-29 18:40:37.705  1923  1923 I DialogUI: Updating config with title: ガーディアンが 見つかりません
10-29 18:40:37.716  1867  1917 I [OAR] GuardianController: currentForceFlags != desiredForceFlags: 0, 3
10-29 18:40:37.717  2170 27268 W libosutils: PipelineSignal::waitOnListener(): failed (lost connection to service?)
10-29 18:40:37.718   717  3090 D VrApiService: CPU_CLUSTER_0: No client requests exists, release clocks
10-29 18:40:37.719   717  3090 D VrApiService: CPU_CLUSTER_1: No client requests exists, release clocks
10-29 18:40:37.719   717  3090 D VrApiService: GPU: No client requests exists, release clocks
10-29 18:40:37.720   717  3090 D VrApiService: CPUBW: No client requests exists, release clocks
10-29 18:40:37.720  2170 27268 W libosutils: PipelineSignal::waitOnListener(): failed (lost connection to service?)
10-29 18:40:37.720   717  3090 D VrApiService: GPUBW: No client requests exists, release clocks
10-29 18:40:37.720  2170 27323 I Clocks  : ReleaseClocks - end (16.5 ms)
10-29 18:40:37.720  2170 27323 I Clocks  : LockClocks( cpu=4, gpu=4 ) - start
10-29 18:40:37.726  2170 27323 I Clocks  : CPU levels [0, 4]
10-29 18:40:37.726  2170 27323 I Clocks  : GPU levels [0, 5]
10-29 18:40:37.728   717   820 D VrApiService: CPU_CLUSTER_0: Client 2170 sends freq request [21, 21]
10-29 18:40:37.729   717   820 D VrApiService: CPU_CLUSTER_0: Next Perf Level = (21, 21)
10-29 18:40:37.729   717   820 D VrApiService: CPU_CLUSTER_1: Client 2170 sends freq request [26, 26]
10-29 18:40:37.729   717   820 D VrApiService: CPU_CLUSTER_1: Next Perf Level = (26, 26)
10-29 18:40:37.729   717   820 D VrApiService: CPUBW: Client 2170 sends freq request [8, 11]
10-29 18:40:37.729   717   820 D VrApiService: CPUBW: Next Perf Level = (8, 11)
10-29 18:40:37.731   717   820 D VrApiService: GPUBW: Client 2170 sends freq request [9, 11]
10-29 18:40:37.731   717   820 D VrApiService: GPUBW: Next Perf Level = (9, 11)
10-29 18:40:37.731   717   820 D VrApiService: GPU: Client 2170 sends freq request [6, 6]
10-29 18:40:37.731   717   820 D VrApiService: GPU: Next Perf Level = (6, 6)
10-29 18:40:37.732  2170  2181 I GuardianSystem: Guardian: GuardianCmdWithParms 3, 3, 0.000000
10-29 18:40:37.737  2170 27324 I TimeWarp: UpdateClockLevels: Apply pending clock request change: 4,4 -> 4,5
10-29 18:40:37.737  2170 27323 I Clocks  : LockClocks( cpu=4, gpu=4 ) - end (16.8 ms)
10-29 18:40:37.737  2170 27323 I Clocks  : ReleaseClocks - start
10-29 18:40:37.738  2170 27268 W libosutils: PipelineSignal::waitOnListener(): failed (lost connection to service?)
10-29 18:40:37.742  2170 27268 W libosutils: PipelineSignal::waitOnListener(): failed (lost connection to service?)
10-29 18:40:37.745  1923  1923 I nanovg  : Creating new font page 1 of size: 256x128
10-29 18:40:37.747  1923  1923 I ReactPlayerMini: SetSurfaceSizeForEGL 0, 512, 750
10-29 18:40:37.748   717   717 D VrApiService: CPU_CLUSTER_0: No client requests exists, release clocks
10-29 18:40:37.748   717   717 D VrApiService: CPU_CLUSTER_1: No client requests exists, release clocks
10-29 18:40:37.748   717   717 D VrApiService: GPU: No client requests exists, release clocks
10-29 18:40:37.748   717   717 D VrApiService: CPUBW: No client requests exists, release clocks
10-29 18:40:37.749   717   717 D VrApiService: GPUBW: No client requests exists, release clocks
10-29 18:40:37.751  2170 27323 I Clocks  : ReleaseClocks - end (13.4 ms)
10-29 18:40:37.751  2170 27323 I Clocks  : LockClocks( cpu=4, gpu=5 ) - start
10-29 18:40:37.752  2170 27268 W libosutils: PipelineSignal::waitOnListener(): failed (lost connection to service?)
10-29 18:40:37.752  2170 27268 W libosutils: PipelineSignal::waitOnListener(): failed (lost connection to service?)
10-29 18:40:37.753  1923  1923 I nanovg  : Creating new font page 2 of size: 256x256
10-29 18:40:37.757  2170 27323 I Clocks  : CPU levels [0, 4]
10-29 18:40:37.757  2170 27323 I Clocks  : GPU levels [0, 5]
10-29 18:40:37.762  2013  2134 W LibraryProvider: Cannot find entitlement for com.YourCompany.LastResisters
10-29 18:40:37.763  1810  1919 W OVRLibrary: null cursor received for query content://com.oculus.ocms.library/apps/com.YourCompany.LastResisters
10-29 18:40:37.764  1810  1919 I SDKLoggingService: Unable to find AppId for package (com.YourCompany.LastResisters)
10-29 18:40:37.765  2170 27268 W libosutils: PipelineSignal::waitOnListener(): failed (lost connection to service?)
10-29 18:40:37.765  2170 27268 W libosutils: PipelineSignal::waitOnListener(): failed (lost connection to service?)
10-29 18:40:37.767   717  3090 D VrApiService: CPU_CLUSTER_0: Client 2170 sends freq request [21, 21]
10-29 18:40:37.767   717  3090 D VrApiService: CPU_CLUSTER_0: Next Perf Level = (21, 21)
10-29 18:40:37.767   717  3090 D VrApiService: CPU_CLUSTER_1: Client 2170 sends freq request [26, 26]
10-29 18:40:37.767   717  3090 D VrApiService: CPU_CLUSTER_1: Next Perf Level = (26, 26)
10-29 18:40:37.767   717  3090 D VrApiService: CPUBW: Client 2170 sends freq request [8, 11]
10-29 18:40:37.767   717  3090 D VrApiService: CPUBW: Next Perf Level = (8, 11)
10-29 18:40:37.768   717  3090 D VrApiService: GPUBW: Client 2170 sends freq request [9, 11]
10-29 18:40:37.768   717  3090 D VrApiService: GPUBW: Next Perf Level = (9, 11)
10-29 18:40:37.768   717  3090 D VrApiService: GPU: Client 2170 sends freq request [7, 7]
10-29 18:40:37.768   717  3090 D VrApiService: GPU: Next Perf Level = (7, 7)
10-29 18:40:37.769  2170 27323 I Clocks  : LockClocks( cpu=4, gpu=5 ) - end (17.8 ms)
10-29 18:40:37.772  1867  1917 I [OAR] PanelAppAnalytics: First frame latency: 2.673 for id 24 com.oculus.systemux/com.oculus.panelapp.dialog.DialogPanelService
10-29 18:40:37.773  1867  1917 I [OAR] PanelRenderLayer: New SurfaceLayer 512 x 750 (shape: 2)
10-29 18:40:37.773  2170  2184 I VrRuntimeService: nativeCreateTextureSwapChain 65536 0 35907 512 750 10 3 1 0 0
10-29 18:40:37.774  2013  2042 W LibraryProvider: Cannot find entitlement for com.YourCompany.LastResisters
10-29 18:40:37.775  1810  1810 W OVRLibrary: null cursor received for query content://com.oculus.ocms.library/apps/com.YourCompany.LastResisters
10-29 18:40:37.775  1810  1810 I PlatformPluginManager: onAppStart com.YourCompany.LastResisters false
10-29 18:40:37.778  1810  1810 I PlatformPluginManager: onAppStart - Stopping party chat passthrough
10-29 18:40:37.778  1810  1810 I PlatformPlugin: [PlatformPluginManager] SetSystemVoipPassthrough 0
10-29 18:40:37.778  1810  1810 I OVRPlatform: [PartyChat] PartyChatSetPassthrough 0
10-29 18:40:37.779  2170  2184 I VrRuntimeServer: CreateTextureSwapChain: result importswapchaingles 1
10-29 18:40:37.781  2170 27268 W libosutils: PipelineSignal::waitOnListener(): failed (lost connection to service?)
10-29 18:40:37.781  1810 27298 I OVRPlatform: [PartyChat] Updating playback mode to 1
10-29 18:40:37.783  1810  1810 I OVRPlatform: [PartiesAPI] ovr_Party_PluginGetSharedMemHandle: This function is deprecated, do not use
10-29 18:40:37.784  2170 27268 W libosutils: PipelineSignal::waitOnListener(): failed (lost connection to service?)
10-29 18:40:37.789  1810  1810 E OVRMediaServiceManager: LivestreamingManager Not initialized
10-29 18:40:37.789  1810  1810 I OVRMediaService: onStartCommand Received message type: set_package_name, caller package: no_app_identity
10-29 18:40:37.797  1810  1810 I OVRMediaService: Got package name intent (com.oculus.vrshell)
10-29 18:40:37.799  2170 27324 I TimeWarpProgs: loaded binary layerProgram 0:0x21807:0x0 in 1.0 ms
10-29 18:40:37.800   710 27273 I [CT]    : VIPER: No validation due to too few inliers: num_inliers: 2 < 10
10-29 18:40:37.801  2170 27268 W libosutils: PipelineSignal::waitOnListener(): failed (lost connection to service?)
10-29 18:40:37.803  2170 27268 W libosutils: PipelineSignal::waitOnListener(): failed (lost connection to service?)
10-29 18:40:37.807  2170 27268 W libosutils: PipelineSignal::waitOnListener(): failed (lost connection to service?)
10-29 18:40:37.808   710 27313 I [CT]    : VIPER:RelocalizationManager: Validation step failed with 0 inliers, trying relocalization again.
10-29 18:40:37.814  2170 27268 W libosutils: PipelineSignal::waitOnListener(): failed (lost connection to service?)
10-29 18:40:37.820  2170 27268 W libosutils: PipelineSignal::waitOnListener(): failed (lost connection to service?)
10-29 18:40:37.822  2170 27268 W libosutils: PipelineSignal::waitOnListener(): failed (lost connection to service?)
10-29 18:40:37.838  2170 27268 W libosutils: PipelineSignal::waitOnListener(): failed (lost connection to service?)
10-29 18:40:37.838  2170 27268 W libosutils: PipelineSignal::waitOnListener(): failed (lost connection to service?)
10-29 18:40:37.840   710 27313 W [CT]    : VIPER: Frame Tracking [0.0359364s]  exceeded camera sampling time [0.0333333s].
10-29 18:40:37.848  2170 27268 W libosutils: PipelineSignal::waitOnListener(): failed (lost connection to service?)
10-29 18:40:37.850  2170 27268 W libosutils: PipelineSignal::waitOnListener(): failed (lost connection to service?)
10-29 18:40:37.864  2170 27268 W libosutils: PipelineSignal::waitOnListener(): failed (lost connection to service?)
10-29 18:40:37.865  2170 27268 W libosutils: PipelineSignal::waitOnListener(): failed (lost connection to service?)
10-29 18:40:37.877  2170 27268 W libosutils: PipelineSignal::waitOnListener(): failed (lost connection to service?)
10-29 18:40:37.880  2170 27268 W libosutils: PipelineSignal::waitOnListener(): failed (lost connection to service?)
10-29 18:40:37.890  2170 27268 W libosutils: PipelineSignal::waitOnListener(): failed (lost connection to service?)
10-29 18:40:37.890  2170 27268 W libosutils: PipelineSignal::waitOnListener(): failed (lost connection to service?)
10-29 18:40:37.891   710 27313 I [CT]    : Viper:Map_Manager: State: TRACKING_TRANSIENT, UUID=ae487b21-5bf8-44c4-b9f2-efe932f59e8f, Num. Persistent maps = 5, Transient maps:ae487b21-5bf8-44c4-b9f2-efe932f59e8f, Persistent maps:c70d8cf4-996b-451f-86b0-2643913ef8eb,fda60373-74c6-4496-b368-06c9baf27c06,6deead67-4213-4151-aaf8-63de2ae4c2a9,5c9cda66-709e-4775-93a8-ccba5cac6ad4,bb643b67-d579-4064-a1be-6f4d6ffd2343,, Ser. Disabled = 00000000-0000-0000-0000-000000000000
10-29 18:40:37.902  2013  2216 W LibraryProvider: Cannot find entitlement for com.oculus.vrshell
10-29 18:40:37.902  1810  1810 W OVRLibrary: null cursor received for query content://com.oculus.ocms.library/apps/com.oculus.vrshell
10-29 18:40:37.902  1810  1810 I PlatformPluginManager: onAppStart com.oculus.vrshell false
10-29 18:40:37.904  2170 27268 W libosutils: PipelineSignal::waitOnListener(): failed (lost connection to service?)
10-29 18:40:37.905  1810  1810 I OVRPlatform: [PartiesAPI] ovr_Party_PluginGetSharedMemHandle: This function is deprecated, do not use
10-29 18:40:37.911  2170 27268 W libosutils: PipelineSignal::waitOnListener(): failed (lost connection to service?)
10-29 18:40:37.915   710 27313 I [CT]    : VIPER: Status=6DoF,TRACKING,KF=37,Inl=324,Pts=311,Jit=0.3mm,Issues(Cam/min=0.0,IMU/min=0.0),Exp=(5.2ms,g=4,I=97)(5.3ms,g=3,I=97)(5.2ms,g=4,I=105)(5.3ms,g=3,I=97)
10-29 18:40:37.918  2170 27268 W libosutils: PipelineSignal::waitOnListener(): failed (lost connection to service?)
10-29 18:40:37.920  2170 27268 W libosutils: PipelineSignal::waitOnListener(): failed (lost connection to service?)
10-29 18:40:37.920  1810  1810 E OVRMediaServiceManager: LivestreamingManager Not initialized
10-29 18:40:37.932  2170 27268 W libosutils: PipelineSignal::waitOnListener(): failed (lost connection to service?)
10-29 18:40:37.932  2170 27268 W libosutils: PipelineSignal::waitOnListener(): failed (lost connection to service?)
10-29 18:40:37.940  1867  1917 I [OAR] AudioSystem: Starting haptic hover1 on device 536870915
10-29 18:40:37.940  1867  1917 I [OAR] AudioMixer: Creating a new stream for client UiSound2
10-29 18:40:37.940  1867  1917 I [OAR] AudioMixer: PlaySoundEffect: 1554 samples at 22262.019241
10-29 18:40:37.941  1867  1917 I TrackingServiceClient: setting complex haptics, but not yet connected to socket, open connection...
10-29 18:40:37.942   710   710 I TrackingService: virtual android::binder::Status OVR::OS::Tracking::TrackingService::getTrackingSocketFileDescriptor(android::os::ParcelFileDescriptor *)
10-29 18:40:37.942   710   710 D TrackingService: haptic socket already exists
10-29 18:40:37.946  2170 27268 W libosutils: PipelineSignal::waitOnListener(): failed (lost connection to service?)
10-29 18:40:37.947  2170 27268 W libosutils: PipelineSignal::waitOnListener(): failed (lost connection to service?)
10-29 18:40:37.959  2170 27268 W libosutils: PipelineSignal::waitOnListener(): failed (lost connection to service?)
10-29 18:40:37.960  2170 27268 W libosutils: PipelineSignal::waitOnListener(): failed (lost connection to service?)
10-29 18:40:37.963  1867  1867 D [OAR] ShellControlBroadcastReceiver: onReceive with MainActivity native pointer 3729666400, action com.oculus.vrshell.intent.action.GUARDIAN
10-29 18:40:37.970  1867  1867 D [OAR] ShellControlBroadcastReceiver: Shell foreground
10-29 18:40:37.971  1867 27676 I [OAR] AudioMixer: Finishing mono effect
10-29 18:40:37.975  2170 27268 W libosutils: PipelineSignal::waitOnListener(): failed (lost connection to service?)
10-29 18:40:37.980  1867  1917 I [OAR] ShellApp: 0xcd911388 msg: broadcastIntent:
10-29 18:40:37.980  1867  1917 I [OAR] ShellApp: guardian_action_type = 0
10-29 18:40:37.980  1867  1917 I [OAR] ShellApp: intent_data = systemux://guardian/update_state
10-29 18:40:37.980  1867  1917 I [OAR] ShellApp: intent_pkg = com.YourCompany.LastResisters
10-29 18:40:37.980  1867  1917 I [OAR] ShellApp: intent_cmd = 
10-29 18:40:37.980  1867  1917 I [OAR] ShellApp: intent_action = com.oculus.vrshell.intent.action.GUARDIAN
10-29 18:40:37.980  1867  1917 W [OAR] ShellApp: Received unexpected broadcast intent com.oculus.vrshell.intent.action.GUARDIAN.
10-29 18:40:37.980  2170 27268 W libosutils: PipelineSignal::waitOnListener(): failed (lost connection to service?)
10-29 18:40:37.987  2170 27268 W libosutils: PipelineSignal::waitOnListener(): failed (lost connection to service?)
10-29 18:40:37.989  2170 27268 W libosutils: PipelineSignal::waitOnListener(): failed (lost connection to service?)
10-29 18:40:38.001  2170 27268 W libosutils: PipelineSignal::waitOnListener(): failed (lost connection to service?)
10-29 18:40:38.002  2170 27268 W libosutils: PipelineSignal::waitOnListener(): failed (lost connection to service?)
10-29 18:40:38.015  2170 27268 W libosutils: PipelineSignal::waitOnListener(): failed (lost connection to service?)
10-29 18:40:38.016  2170 27268 W libosutils: PipelineSignal::waitOnListener(): failed (lost connection to service?)
10-29 18:40:38.032  2170 27268 W libosutils: PipelineSignal::waitOnListener(): failed (lost connection to service?)
10-29 18:40:38.033  2170 27268 W libosutils: PipelineSignal::waitOnListener(): failed (lost connection to service?)
10-29 18:40:38.048  2170 27268 W libosutils: PipelineSignal::waitOnListener(): failed (lost connection to service?)
10-29 18:40:38.049  2170 27268 W libosutils: PipelineSignal::waitOnListener(): failed (lost connection to service?)
10-29 18:40:38.059  2170 27268 W libosutils: PipelineSignal::waitOnListener(): failed (lost connection to service?)
10-29 18:40:38.060  2170 27268 W libosutils: PipelineSignal::waitOnListener(): failed (lost connection to service?)
10-29 18:40:38.071  2170 27268 W libosutils: PipelineSignal::waitOnListener(): failed (lost connection to service?)
10-29 18:40:38.071  2170 27268 W libosutils: PipelineSignal::waitOnListener(): failed (lost connection to service?)
10-29 18:40:38.086  2170 27268 W libosutils: PipelineSignal::waitOnListener(): failed (lost connection to service?)
10-29 18:40:38.086  2170 27268 W libosutils: PipelineSignal::waitOnListener(): failed (lost connection to service?)
10-29 18:40:38.099  2170 27268 W libosutils: PipelineSignal::waitOnListener(): failed (lost connection to service?)
10-29 18:40:38.101  2170 27268 W libosutils: PipelineSignal::waitOnListener(): failed (lost connection to service?)
10-29 18:40:38.113  2170 27268 W libosutils: PipelineSignal::waitOnListener(): failed (lost connection to service?)
10-29 18:40:38.114  2170 27268 W libosutils: PipelineSignal::waitOnListener(): failed (lost connection to service?)
10-29 18:40:38.127  2170 27268 W libosutils: PipelineSignal::waitOnListener(): failed (lost connection to service?)
10-29 18:40:38.127  2170 27268 W libosutils: PipelineSignal::waitOnListener(): failed (lost connection to service?)
10-29 18:40:38.134  1867  1917 I [OAR] AudioSystem: Starting haptic hover1 on device 536870915
10-29 18:40:38.134  1867  1917 I [OAR] AudioMixer: Creating a new stream for client UiSound3
10-29 18:40:38.134  1867  1917 I [OAR] AudioMixer: PlaySoundEffect: 1554 samples at 22262.219241
10-29 18:40:38.148  2170 27268 W libosutils: PipelineSignal::waitOnListener(): failed (lost connection to service?)
10-29 18:40:38.149  2170 27268 W libosutils: PipelineSignal::waitOnListener(): failed (lost connection to service?)
10-29 18:40:38.154  2170 27268 W libosutils: PipelineSignal::waitOnListener(): failed (lost connection to service?)
10-29 18:40:38.155  2170 27268 W libosutils: PipelineSignal::waitOnListener(): failed (lost connection to service?)
10-29 18:40:38.170  2170 27268 W libosutils: PipelineSignal::waitOnListener(): failed (lost connection to service?)
10-29 18:40:38.171  2170 27268 W libosutils: PipelineSignal::waitOnListener(): failed (lost connection to service?)
10-29 18:40:38.171  1867 27676 I [OAR] AudioMixer: Finishing mono effect
10-29 18:40:38.184  2170 27268 W libosutils: PipelineSignal::waitOnListener(): failed (lost connection to service?)
10-29 18:40:38.185  2170 27268 W libosutils: PipelineSignal::waitOnListener(): failed (lost connection to service?)
10-29 18:40:38.198  2170 27268 W libosutils: PipelineSignal::waitOnListener(): failed (lost connection to service?)
10-29 18:40:38.198  2170 27268 W libosutils: PipelineSignal::waitOnListener(): failed (lost connection to service?)
10-29 18:40:38.213  2170 27268 W libosutils: PipelineSignal::waitOnListener(): failed (lost connection to service?)
10-29 18:40:38.215  1810  1810 I PlatformPluginManager: enforcePartyChatStateConsistency - User not in a party.
10-29 18:40:38.215  1810  1810 I PlatformPluginManager: stopPartyChat
10-29 18:40:38.215  1810  1810 I PlatformPlugin: [PlatformPluginManager] Stopping party chat
10-29 18:40:38.216  2170 27268 W libosutils: PipelineSignal::waitOnListener(): failed (lost connection to service?)
10-29 18:40:38.224  2170 27268 W libosutils: PipelineSignal::waitOnListener(): failed (lost connection to service?)
10-29 18:40:38.225  2170 27268 W libosutils: PipelineSignal::waitOnListener(): failed (lost connection to service?)
10-29 18:40:38.238  2170 27268 W libosutils: PipelineSignal::waitOnListener(): failed (lost connection to service?)
10-29 18:40:38.242  2170 27268 W libosutils: PipelineSignal::waitOnListener(): failed (lost connection to service?)
10-29 18:40:38.252  2170 27268 W libosutils: PipelineSignal::waitOnListener(): failed (lost connection to service?)
10-29 18:40:38.254  2170 27268 W libosutils: PipelineSignal::waitOnListener(): failed (lost connection to service?)
10-29 18:40:38.266  2170 27268 W libosutils: PipelineSignal::waitOnListener(): failed (lost connection to service?)
10-29 18:40:38.268  2170 27268 W libosutils: PipelineSignal::waitOnListener(): failed (lost connection to service?)
10-29 18:40:38.280  2170 27268 W libosutils: PipelineSignal::waitOnListener(): failed (lost connection to service?)
10-29 18:40:38.282  2170 27268 W libosutils: PipelineSignal::waitOnListener(): failed (lost connection to service?)
10-29 18:40:38.293  2170 27268 W libosutils: PipelineSignal::waitOnListener(): failed (lost connection to service?)
10-29 18:40:38.294  2170 27268 W libosutils: PipelineSignal::waitOnListener(): failed (lost connection to service?)
10-29 18:40:38.313  2170 27268 W libosutils: PipelineSignal::waitOnListener(): failed (lost connection to service?)
10-29 18:40:38.313  2170 27268 W libosutils: PipelineSignal::waitOnListener(): failed (lost connection to service?)
10-29 18:40:38.324  2170 27268 W libosutils: PipelineSignal::waitOnListener(): failed (lost connection to service?)
10-29 18:40:38.325  2170 27268 W libosutils: PipelineSignal::waitOnListener(): failed (lost connection to service?)
10-29 18:40:38.335  2013  2183 W LibraryProvider: Cannot find entitlement for system
10-29 18:40:38.336  2170 27268 W libosutils: PipelineSignal::waitOnListener(): failed (lost connection to service?)
10-29 18:40:38.338  2170 27268 W libosutils: PipelineSignal::waitOnListener(): failed (lost connection to service?)
10-29 18:40:38.342  1453  3859 W OVRLibrary: null cursor received for query content://com.oculus.ocms.library/apps/system
10-29 18:40:38.350  2170 27268 W libosutils: PipelineSignal::waitOnListener(): failed (lost connection to service?)
10-29 18:40:38.350  2170 27268 W libosutils: PipelineSignal::waitOnListener(): failed (lost connection to service?)
10-29 18:40:38.364  2170 27268 W libosutils: PipelineSignal::waitOnListener(): failed (lost connection to service?)
10-29 18:40:38.365  2170 27268 W libosutils: PipelineSignal::waitOnListener(): failed (lost connection to service?)
10-29 18:40:38.381  2170 27268 W libosutils: PipelineSignal::waitOnListener(): failed (lost connection to service?)
10-29 18:40:38.383  2170 27268 W libosutils: PipelineSignal::waitOnListener(): failed (lost connection to service?)
10-29 18:40:38.395  2170 27268 W libosutils: PipelineSignal::waitOnListener(): failed (lost connection to service?)
10-29 18:40:38.396  2170 27268 W libosutils: PipelineSignal::waitOnListener(): failed (lost connection to service?)
10-29 18:40:38.417  2170 27268 W libosutils: PipelineSignal::waitOnListener(): failed (lost connection to service?)
10-29 18:40:38.418  2170 27268 W libosutils: PipelineSignal::waitOnListener(): failed (lost connection to service?)
10-29 18:40:38.422  1076  1244 E TaskPersister: File error accessing recents directory (directory doesn't exist?).
10-29 18:40:38.430 27150 27629 D UE4     : *** JavaEnvDestructor: 27629
10-29 18:40:38.434  2170 27268 W libosutils: PipelineSignal::waitOnListener(): failed (lost connection to service?)
10-29 18:40:38.436 27150 27622 I Telemetry: App memory usage: PSS=413MB
10-29 18:40:38.436  2170 27268 W libosutils: PipelineSignal::waitOnListener(): failed (lost connection to service?)
10-29 18:40:38.438  1810 27689 I FbnsPushNotificationHandler: {"ndid":"","persisted_id":"","extra_data":"{\"user_with_updated_status\":\"100526290914264\",\"presence\":\"\\u30db\\u30fc\\u30e0 | Quest\",\"app_id\":1031607236937163,\"friend_display_name\":\"\\u5f8c\\u85e4 \\u99ff\\u4ecb\"}","PushNotifID":"c15b9078-7b42-41de-94e5-adb1e5e3e493"}
10-29 18:40:38.440  1810 27689 I NotificationReceiver: oculus_user_status
10-29 18:40:38.452  2170 27268 W libosutils: PipelineSignal::waitOnListener(): failed (lost connection to service?)
10-29 18:40:38.453  2170 27268 W libosutils: PipelineSignal::waitOnListener(): failed (lost connection to service?)
10-29 18:40:38.461  2170 27268 W libosutils: PipelineSignal::waitOnListener(): failed (lost connection to service?)
10-29 18:40:38.464  2170 27268 W libosutils: PipelineSignal::waitOnListener(): failed (lost connection to service?)
10-29 18:40:38.468 27150 27622 I VrApi   : FPS=5,Prd=53ms,Tear=0,Early=0,Stale=72,VSnc=1,Lat=1,Fov=0,CPU4/GPU=4/4,2304/710MHz,OC=FF,TA=0/3/3,SP=N/N/N,Mem=1804MHz,Free=1079MB,PSM=0,PLS=0,Temp=35.0C/0.0C,TW=2.74ms,App=19.89ms,GD=0.86ms,CPU&GPU=24.41ms,LCnt=1,GPU%=0.97,CPU%=0.48(W0.65)
10-29 18:40:38.477  2170 27268 W libosutils: PipelineSignal::waitOnListener(): failed (lost connection to service?)
10-29 18:40:38.477  2170 27268 W libosutils: PipelineSignal::waitOnListener(): failed (lost connection to service?)
10-29 18:40:38.478  1810 27689 I NotificationReceiver: Notification cannot be toasted without a message. Hiding notif
10-29 18:40:38.489  2170 27268 W libosutils: PipelineSignal::waitOnListener(): failed (lost connection to service?)
10-29 18:40:38.491  2170 27268 W libosutils: PipelineSignal::waitOnListener(): failed (lost connection to service?)
10-29 18:40:38.499 27150 27628 D UE4     : *** JavaEnvDestructor: 27628
10-29 18:40:38.512  2170 27268 W libosutils: PipelineSignal::waitOnListener(): failed (lost connection to service?)
10-29 18:40:38.513  2170 27268 W libosutils: PipelineSignal::waitOnListener(): failed (lost connection to service?)
10-29 18:40:38.513   710 27313 W [CT]    : VIPER: Frame Tracking [0.0545128s]  exceeded camera sampling time [0.0333333s].
10-29 18:40:38.520  2170 27268 W libosutils: PipelineSignal::waitOnListener(): failed (lost connection to service?)
10-29 18:40:38.520  2170 27268 W libosutils: PipelineSignal::waitOnListener(): failed (lost connection to service?)
10-29 18:40:38.532  2170 27268 W libosutils: PipelineSignal::waitOnListener(): failed (lost connection to service?)
10-29 18:40:38.534  2170 27268 W libosutils: PipelineSignal::waitOnListener(): failed (lost connection to service?)
10-29 18:40:38.549  2170 27268 W libosutils: PipelineSignal::waitOnListener(): failed (lost connection to service?)
10-29 18:40:38.550  2170 27268 W libosutils: PipelineSignal::waitOnListener(): failed (lost connection to service?)
10-29 18:40:38.558  2170 27268 W libosutils: PipelineSignal::waitOnListener(): failed (lost connection to service?)
10-29 18:40:38.558  2170 27268 W libosutils: PipelineSignal::waitOnListener(): failed (lost connection to service?)
10-29 18:40:38.572  2170 27268 W libosutils: PipelineSignal::waitOnListener(): failed (lost connection to service?)
10-29 18:40:38.573  2170 27268 W libosutils: PipelineSignal::waitOnListener(): failed (lost connection to service?)
10-29 18:40:38.586  2170 27268 W libosutils: PipelineSignal::waitOnListener(): failed (lost connection to service?)
10-29 18:40:38.587  2170 27268 W libosutils: PipelineSignal::waitOnListener(): failed (lost connection to service?)
10-29 18:40:38.591 27150 27167 D UE4     : [2019.10.29-09.40.38:585][236]LogCore: Display: AppLifetime: Application will deactivate
10-29 18:40:38.594 27150 27631 D OVRPlugin: Leaving VR mode.
10-29 18:40:38.594 27150 27631 I VrApi   : ---------- vrapi_LeaveVrMode [start] ----------
10-29 18:40:38.600  2170 27268 W libosutils: PipelineSignal::waitOnListener(): failed (lost connection to service?)
10-29 18:40:38.600  2170 27268 W libosutils: PipelineSignal::waitOnListener(): failed (lost connection to service?)
10-29 18:40:38.612 27150 27631 D VrApi   : targetSDKVersion 19
10-29 18:40:38.615  2170 27268 W libosutils: PipelineSignal::waitOnListener(): failed (lost connection to service?)
10-29 18:40:38.615  2170 27268 W libosutils: PipelineSignal::waitOnListener(): failed (lost connection to service?)
10-29 18:40:38.629  2170 27268 W libosutils: PipelineSignal::waitOnListener(): failed (lost connection to service?)
10-29 18:40:38.629  2170 27268 W libosutils: PipelineSignal::waitOnListener(): failed (lost connection to service?)
10-29 18:40:38.635 27150 27631 I VrRuntimeClient: DEVICE MODEL NUMBER = Quest
10-29 18:40:38.643 27150 27631 I VrRuntimeClient: DEVICE HARDWARE = monterey
10-29 18:40:38.643 27150 27631 I VrRuntimeClient: DEVICE BUILD NAME = user-396520.6170.0
10-29 18:40:38.644 27150 27631 I VrRuntimeClient: DEVICE BUILD TYPE = user
10-29 18:40:38.645  2170 27268 W libosutils: PipelineSignal::waitOnListener(): failed (lost connection to service?)
10-29 18:40:38.649  2170 27268 W libosutils: PipelineSignal::waitOnListener(): failed (lost connection to service?)
10-29 18:40:38.649  1867  1917 I [OAR] AudioSystem: Starting haptic hover1 on device 536870915
10-29 18:40:38.649 27150 27631 I VrRuntimeClient: DEVICE OS VERSION = 7.1.1
10-29 18:40:38.649 27150 27631 I VrRuntimeClient: VRRUNTIME VERSION = VRAPI_VERSION_BEGIN { 1.1.27.0-178455920-178455920 Oct 17 2019 20:40:08 Development } RELEASE
10-29 18:40:38.649  1867  1917 I [OAR] AudioMixer: Creating a new stream for client UiSound4
10-29 18:40:38.649 27150 27631 I VrRuntimeClient: API LOADER VERSION = 1.1.22.0
10-29 18:40:38.649 27150 27631 I VrRuntimeClient: VRDRIVER VERSION = 10.0.0.143.427
10-29 18:40:38.649  1867  1917 I [OAR] AudioMixer: PlaySoundEffect: 1554 samples at 22262.719241
10-29 18:40:38.649 27150 27631 I VrRuntimeClient: APP NAME = LastResisters
10-29 18:40:38.649 27150 27631 I VrRuntimeClient: APP VERSION = 1.0 versionCode 1 internalVersionName <none>
10-29 18:40:38.649 27150 27631 I VrRuntimeClient: APP VR TYPE = vr_only
10-29 18:40:38.649 27150 27631 I VrRuntimeClient: APP PACKAGE NAME = com.YourCompany.LastResisters
10-29 18:40:38.649 27150 27631 I VrRuntimeClient: APP ACTIVITY CLASS = com.epicgames.ue4.GameActivity
10-29 18:40:38.658  2170 27268 W libosutils: PipelineSignal::waitOnListener(): failed (lost connection to service?)
10-29 18:40:38.658  2170 27268 W libosutils: PipelineSignal::waitOnListener(): failed (lost connection to service?)
10-29 18:40:38.667 27150 27631 D BatteryReceiver: Unregistering battery receiver
10-29 18:40:38.670  2170 27268 W libosutils: PipelineSignal::waitOnListener(): failed (lost connection to service?)
10-29 18:40:38.671  2170 27268 W libosutils: PipelineSignal::waitOnListener(): failed (lost connection to service?)
10-29 18:40:38.671  1867 27676 I [OAR] AudioMixer: Finishing mono effect
10-29 18:40:38.681 27150 27622 I VrApi   : FPS=5,Prd=53ms,Tear=0,Early=0,Stale=72,VSnc=1,Lat=1,Fov=0,CPU4/GPU=4/4,2304/710MHz,OC=FF,TA=0/3/3,SP=N/N/N,Mem=1804MHz,Free=1077MB,PSM=0,PLS=0,Temp=35.0C/0.0C,TW=2.74ms,App=19.89ms,GD=0.86ms,CPU&GPU=24.41ms,LCnt=1,GPU%=0.97,CPU%=0.48(W0.65)
10-29 18:40:38.685  2170 27268 W libosutils: PipelineSignal::waitOnListener(): failed (lost connection to service?)
10-29 18:40:38.687  2170 27268 W libosutils: PipelineSignal::waitOnListener(): failed (lost connection to service?)
10-29 18:40:38.697  2170 27268 W libosutils: PipelineSignal::waitOnListener(): failed (lost connection to service?)
10-29 18:40:38.698  2170 27268 W libosutils: PipelineSignal::waitOnListener(): failed (lost connection to service?)
10-29 18:40:38.711 27150 27631 I VrApi   : OVR::Stats thread stopped
10-29 18:40:38.711 27150 27631 I InputDeviceManager: ovrInputDeviceManager::Shutdown
10-29 18:40:38.713  2170 27268 W libosutils: PipelineSignal::waitOnListener(): failed (lost connection to service?)
10-29 18:40:38.714  2170 27268 W libosutils: PipelineSignal::waitOnListener(): failed (lost connection to service?)
10-29 18:40:38.728 27150 27620 I InputHooks_Internal: InputHooksThreadRun ShutdownRequest received
10-29 18:40:38.730  2170 27268 W libosutils: PipelineSignal::waitOnListener(): failed (lost connection to service?)
10-29 18:40:38.731  2170 27268 W libosutils: PipelineSignal::waitOnListener(): failed (lost connection to service?)
10-29 18:40:38.743  2170 27268 W libosutils: PipelineSignal::waitOnListener(): failed (lost connection to service?)
10-29 18:40:38.743  2170 27268 W libosutils: PipelineSignal::waitOnListener(): failed (lost connection to service?)
10-29 18:40:38.749 27150 27631 I InputHooks_Internal: Disabling Native Input Hooks
10-29 18:40:38.752  2170 26653 D VrRuntimeService: this client: 27150:com.YourCompany.LastResisters
10-29 18:40:38.752  2170 26653 D VrRuntimeService: enableRendering: clientWindow: null enable: false
10-29 18:40:38.752  2170 26653 I ClientMgr: ClientMgr::EnableRendering 27150:com.YourCompany.LastResisters : disable
10-29 18:40:38.752 27150 27634 I VrRuntimeClient: FenceChecker::MainLoop - ended
10-29 18:40:38.753  2170 27268 W libosutils: PipelineSignal::waitOnListener(): failed (lost connection to service?)
10-29 18:40:38.755 27150 27631 I BufferObject: ovrBufferObjectFactory::Unimport deleting GL buffer=968
10-29 18:40:38.755  2170 27268 W libosutils: PipelineSignal::waitOnListener(): failed (lost connection to service?)
10-29 18:40:38.756 27150 27631 I BufferObject: ovrBufferObjectFactory::Unimport deleting GL memory object=6
10-29 18:40:38.760 27150 27631 I TrackingServiceClient: OVR::TrackingService::ClientSetInterface
10-29 18:40:38.760 27150 27631 D TrackingServiceClient: onClientDisconnect
10-29 18:40:38.760 27150 27631 D TrackingServiceConnectionNative: onClientDisconnect
10-29 18:40:38.762   710   710 I TrackingService: Unregistering client by ITrackingService.unregisterClient
10-29 18:40:38.762   710   710 I TrackingService: TrackingServiceHost Unregistering client: pid 27150
10-29 18:40:38.763 27150 27631 D BinderConnection: Disconnecting from TrackingService service
10-29 18:40:38.764 27150 27631 D TrackingServiceConnectionNative: onDisconnected
10-29 18:40:38.764 27150 27631 D TrackingServiceClient: TrackingServiceConnection mConnectedRemotes.clear()
10-29 18:40:38.764 27150 27631 I TrackingServiceClient: OVR::TrackingService::ClientSetInterface
10-29 18:40:38.764 27150 27631 I VrApi   : ---------- vrapi_LeaveVrMode [end] ----------
10-29 18:40:38.764 27150 27167 D UE4     : Unregistering volume receiver
10-29 18:40:38.765 27150 27167 D UE4     : Unregistering battery receiver
