10-31 17:31:44.459   714 22255 I [CT]    : VIPER:TELEMETRY: sf_duration_p90: 0.00362104
10-31 17:31:44.459   714 22255 I [CT]    : VIPER:TELEMETRY: sf_duration_std: 0.00050931
10-31 17:31:44.459   714 22255 I [CT]    : VIPER:TELEMETRY: on_frames_duration_p50: 0.0075863
10-31 17:31:44.459   714 22255 I [CT]    : VIPER:TELEMETRY: on_frames_duration_p90: 0.00970755
10-31 17:31:44.459   714 22255 I [CT]    : VIPER:TELEMETRY: on_frames_duration_std: 0.00310668
10-31 17:31:44.460   714 22255 I [CT]    : VIPER:TELEMETRY: total_image_blobs_p50: 60
10-31 17:31:44.460   714 22255 I [CT]    : VIPER:TELEMETRY: total_image_blobs_p90: 72
10-31 17:31:44.460   714 22255 I [CT]    : VIPER:TELEMETRY: total_image_blobs_avg: 59.2543
10-31 17:31:44.460   714 22255 I [CT]    : VIPER:TELEMETRY: total_nonstationary_blobs_p50: 0
10-31 17:31:44.460   714 22255 I [CT]    : VIPER:TELEMETRY: total_nonstationary_blobs_p90: 0
10-31 17:31:44.460   714 22255 I [CT]    : VIPER:TELEMETRY: total_nonstationary_blobs_avg: 0
10-31 17:31:44.460   714 22255 I [CT]    : VIPER:TELEMETRY: num_stationary_landmarks_p50: 0
10-31 17:31:44.460   714 22255 I [CT]    : VIPER:TELEMETRY: num_frames_dropped_system: 0
10-31 17:31:44.460   714 22255 I [CT]    : VIPER:TELEMETRY: num_frames_dropped_processing: 0
10-31 17:31:44.460   714 22255 I [CT]    : TELEMETRY_COLLECTOR: vision_session_id: 0fb9c5d7-690e-4e7b-a971-da84d38ef454
10-31 17:31:44.460   714 22255 I [CT]    : TELEMETRY_COLLECTOR: vision_device_id: 6dbe7a886ca11ae4c17af8eac5285acd4044e27f
10-31 17:31:44.460   714 22255 I [CT]    : TELEMETRY_COLLECTOR: Sending event: constellation_periodic
10-31 17:31:44.460   714 22255 I [CT]    : VIPER:TELEMETRY: has_tracking: 0.938265
10-31 17:31:44.460   714 22255 I [CT]    : VIPER:TELEMETRY: tracker_dur_p50: 0.0170362
10-31 17:31:44.460   714 22255 I [CT]    : VIPER:TELEMETRY: tracker_dur_p90: 0.0185132
10-31 17:31:44.460   714 22255 I [CT]    : VIPER:TELEMETRY: reprojection_err_avg: 0.252183
10-31 17:31:44.460   714 22255 I [CT]    : VIPER:TELEMETRY: kpi_position_jitter_p50: 0.000357343
10-31 17:31:44.460   714 22255 I [CT]    : VIPER:TELEMETRY: kpi_position_jitter_p90: 0.0015822
10-31 17:31:44.460   714 22255 I [CT]    : VIPER:TELEMETRY: prediction_error_T_norm_max: 0.021527
10-31 17:31:44.460   714 22255 I [CT]    : VIPER:TELEMETRY: prediction_error_R_norm_max: 0.0121889
10-31 17:31:44.460   714 22255 I [CT]    : VIPER:TELEMETRY: inliers_avg: 308.183
10-31 17:31:44.460   714 22255 I [CT]    : VIPER:TELEMETRY: keyframes_avg: 142.223
10-31 17:31:44.460   714 22255 I [CT]    : VIPER:TELEMETRY: map_points_avg: 632.314
10-31 17:31:44.461   714 22255 I [CT]    : VIPER:TELEMETRY: mapper_queue_max: 1
10-31 17:31:44.461   714 22255 I [CT]    : VIPER:TELEMETRY: imu_compute_took_too_long_count: 0
10-31 17:31:44.461   714 22255 I [CT]    : VIPER:TELEMETRY: frame_compute_exceeded_in_track_map_count: 0
10-31 17:31:44.461   714 22255 I [CT]    : VIPER:TELEMETRY: lost_tracking_event_count: 0
10-31 17:31:44.461   714 22255 I [CT]    : VIPER:TELEMETRY: camera_calibration_version: 381
10-31 17:31:44.461   714 22255 I [CT]    : VIPER:TELEMETRY: headset_mounted: 1
10-31 17:31:44.461   714 22255 I [CT]    : VIPER:TELEMETRY: plane_event_count: 11
10-31 17:31:44.461   714 22255 I [CT]    : VIPER:TELEMETRY: plane_success_count: 11
10-31 17:31:44.461   714 22255 I [CT]    : VIPER:TELEMETRY: plane_fail_count: 0
10-31 17:31:44.461   714 22255 I [CT]    : VIPER:TELEMETRY: plane_time_est_avg: 0.000342893
10-31 17:31:44.462   714 22255 I [CT]    : VIPER:TELEMETRY: plane_num_inliers_success_avg: 80.5455
10-31 17:31:44.462   714 22255 I [CT]    : VIPER:TELEMETRY: plane_avg_estimated_height: -1.09714
10-31 17:31:44.462   714 22255 I [CT]    : VIPER:TELEMETRY: plane_avg_used_height: -1.09714
10-31 17:31:44.462   714 22255 I [CT]    : VIPER:TELEMETRY: plane_num_changes_est_height: 0
10-31 17:31:44.462   714 22255 I [CT]    : VIPER:TELEMETRY: plane_num_changes_used_heights: 0
10-31 17:31:44.462   714 22255 I [CT]    : VIPER:TELEMETRY: exposure_gain_prod_min: 0.009728
10-31 17:31:44.462   714 22255 I [CT]    : VIPER:TELEMETRY: exposure_gain_prod_max: 0.030685
10-31 17:31:44.462   714 22255 I [CT]    : VIPER:TELEMETRY: irradiance_proxy: 6525.02
10-31 17:31:44.462   714 22255 I [CT]    : VIPER:TELEMETRY: exposure_duration_max_difference: 0.002356
10-31 17:31:44.462   714 22255 I [CT]    : VIPER:TELEMETRY: flicker_probability: 0.0363125
10-31 17:31:44.462   714 22255 I [CT]    : VIPER:TELEMETRY: camera_frame_rate: 30
10-31 17:31:44.462   714 22255 I [CT]    : VIPER:TELEMETRY: ocal_seg_ok_ratio: 0.05
10-31 17:31:44.462   714 22255 I [CT]    : VIPER:TELEMETRY: ocal_seg_eval_duration_max: 0.0994899
10-31 17:31:44.462   714 22255 I [CT]    : VIPER:TELEMETRY: ocal_accepted_score_avg: 111.448
10-31 17:31:44.462   714 22255 I [CT]    : VIPER:TELEMETRY: ocal_seg_max_mem_usage_mb: 8.52536
10-31 17:31:44.462   714 22255 I [CT]    : VIPER:TELEMETRY: ocal_seg_max_mem_wasted_mb: 3.95836
10-31 17:31:44.462   714 22255 I [CT]    : VIPER:TELEMETRY: image_pyramid_usage_count: 70
10-31 17:31:44.462   714 22255 I [CT]    : VIPER:TELEMETRY: num_imu_samples_dropped_system: 0
10-31 17:31:44.462   714 22255 I [CT]    : VIPER:TELEMETRY: num_imu_samples_dropped_processing: 0
10-31 17:31:44.462   714 22255 I [CT]    : VIPER:TELEMETRY: num_mag_samples_dropped_system: 0
10-31 17:31:44.462   714 22255 I [CT]    : VIPER:TELEMETRY: num_mag_samples_dropped_processing: 0
10-31 17:31:44.462   714 22255 I [CT]    : VIPER:TELEMETRY: num_frames_dropped_system: 0
10-31 17:31:44.462   714 22255 I [CT]    : VIPER:TELEMETRY: num_frames_dropped_processing: 0
10-31 17:31:44.462   714 22255 I [CT]    : VIPER:TELEMETRY: duration: 60.0147
10-31 17:31:44.462   714 22255 I [CT]    : VIPER:TELEMETRY: time_with_tracking: 56.2067
10-31 17:31:44.462   714 22255 I [CT]    : VIPER:TELEMETRY: time_in_initialization: 3.77433
10-31 17:31:44.462   714 22255 I [CT]    : VIPER:TELEMETRY: time_environment_false_positive: 0
10-31 17:31:44.462   714 22255 I [CT]    : VIPER:TELEMETRY: time_environment_false_negative: 3.80808
10-31 17:31:44.462   714 22255 I [CT]    : VIPER:TELEMETRY: max_t_world_from_map: 0.0308503
10-31 17:31:44.462   714 22255 I [CT]    : VIPER:TELEMETRY: max_R_world_from_map_yaw: 0.00259969
10-31 17:31:44.462   714 22255 I [CT]    : VIPER:TELEMETRY: max_t_world_from_map_update: 0.00693175
10-31 17:31:44.462   714 22255 I [CT]    : VIPER:TELEMETRY: max_R_world_from_map_yaw_update: 0.00260429
10-31 17:31:44.462   714 22255 I [CT]    : VIPER:TELEMETRY: num_smooth_world_frame_jumps_per_min: 0
10-31 17:31:44.462   714 22255 I [CT]    : VIPER:TELEMETRY: feature_distance_p50_avg: 1.46979
10-31 17:31:44.462   714 22255 I [CT]    : VIPER:TELEMETRY: feature_distance_p50_max: 2.16819
10-31 17:31:44.462   714 22255 I [CT]    : TELEMETRY_COLLECTOR: vision_session_id: 0fb9c5d7-690e-4e7b-a971-da84d38ef454
10-31 17:31:44.462   714 22255 I [CT]    : TELEMETRY_COLLECTOR: vision_device_id: 6dbe7a886ca11ae4c17af8eac5285acd4044e27f
10-31 17:31:44.463   714 22255 I [CT]    : TELEMETRY_COLLECTOR: Sending event: insideout_periodic
10-31 17:31:44.464   714 22255 I [CT]    : VIPER:TELEMETRY: reloc_event_count: 4
10-31 17:31:44.464   714 22255 I [CT]    : VIPER:TELEMETRY: reloc_success_count: 3
10-31 17:31:44.465   714 22255 I [CT]    : VIPER:TELEMETRY: reloc_background_success_count: 0
10-31 17:31:44.468   714 22255 I [CT]    : VIPER:TELEMETRY: reloc_success_avg: 1
10-31 17:31:44.468   714 22255 I [CT]    : VIPER:TELEMETRY: num_frames_to_relocalize_avg: 11.6667
10-31 17:31:44.468   714 22255 I [CT]    : VIPER:TELEMETRY: reloc_fail_count: 1
10-31 17:31:44.468   714 22255 I [CT]    : VIPER:TELEMETRY: reloc_fail_avg: 1
10-31 17:31:44.468   714 22255 I [CT]    : VIPER:TELEMETRY: reloc_non_accidental_fail_count: 0
10-31 17:31:44.468   714 22255 I [CT]    : VIPER:TELEMETRY: num_frames_to_relocalize_array: 20, 2, 13, 
10-31 17:31:44.468   714 22255 I [CT]    : VIPER:TELEMETRY: reloc_step_compute_time_ms_array: 75.911562, 38.664427, 60.755209, 86.554532, 60.202344, 57.673437, 45.370000, 69.090000, 67.793750, 55.525573, 97.622344, 41.525989, 92.468958, 138.079948, 106.612760, 22.314219, 101.365573, 49.541875, 96.226927, 117.853438, 68.749375, 116.460625, 46.436979, 113.522187, 133.533333, 88.495677, 112.687604, 52.880833, 137.555833, 118.567813, 78.995572, 83.086615, 59.535521, 141.550364, 144.802552, 82.492344, 75.489479, 33.818385, 77.978906, 112.601823, 64.392865, 64.636094, 39.173386, 99.521666, 110.901302, 85.816458, 64.752135, 47.196875, 70.312135, 87.940573, 62.670000, 65.474583, 40.972813, 51.717552, 121.772709, 84.894063, 60.954167, 31.368959, 9.411563, 29.488958, 55.552448, 37.031302, 66.555833, 74.343230, 47.355729, 37.590416, 14.066511, 14.461875, 13.892761, 113.841302, 57.196459, 25.425885, 55.351302, 67.059583, 40.011667, 38.051458, 75.318802, 57.840209, 117.512864, 83.213386, 58.380521, 48.585416, 47.047813, 25.751458, 48.883593, 65.716250, 33.882917,
10-31 17:31:44.468   714 22255 I [CT]    : VIPER:TELEMETRY: reloc_reacq_step_array: 0, 0, 0, 0, 0, 0, 0, 0, 0, 0, 0, 0, 0, 0, 0, 1, 0, 0, 0, 0, 0, 0, 0, 0, 0, 0, 0, 0, 0, 0, 0, 0, 0, 0, 0, 0, 0, 0, 0, 0, 0, 0, 0, 0, 0, 0, 0, 0, 0, 0, 0, 0, 0, 0, 0, 0, 0, 0, 1, 0, 0, 0, 0, 0, 0, 0, 1, 1, 1, 0, 0, 0, 0, 0, 0, 0, 0, 0, 0, 0, 0, 1, 0, 1, 0, 0, 0, 0, 0, 0, 1, 0, 1, 0, 0, 0, 0, 0, 0, 1, 0, 1, 0, 0, 0, 0, 0, 0, 1, 1, 0, 0, 0, 0, 0, 1, 1, 1, 
10-31 17:31:44.469   714 22255 I [CT]    : VIPER:TELEMETRY: reloc_hour_delta_to_map_array: 399.398333, 26.362778, 8.053889, 4.862778, 0.022778, 399.398333, 26.362778, 8.053889, 4.862778, 0.022778, 399.398333, 26.362778, 8.053889, 4.862778, 0.022778, 0.022778, 399.398333, 26.362778, 8.053889, 4.862778, 0.022778, 399.398333, 26.362778, 8.053889, 4.862778, 0.022778, 399.398333, 26.362778, 8.053889, 4.862778, 0.022778, 399.398333, 26.362778, 8.053889, 4.862778, 0.022778, 399.398333, 26.362778, 8.053889, 4.862778, 0.022778, 399.398333, 26.362778, 8.053889, 4.862778, 0.022778, 399.398333, 26.362778, 8.053889, 4.862778, 0.022778, 399.398333, 26.362778, 8.053889, 4.862778, 0.022778, 4.864722, nan, nan, nan, 399.400278, 26.364722, 8.055833, 4.864722, 0.024722, nan, nan, nan, nan, nan, 399.421944, 26.386389, 8.077500, 4.886389, 0.046389, nan, 399.421944, 26.386389, 8.077500, 4.886389, 0.046389, 0.046389, nan, nan, nan, 399.421944, 26.386389, 8.077500, 4.886389, 0.046389, 0.046389, nan, nan, nan, 399.421944, 26.386389, 8.077500, 4.886389, 0.046389, 0.046389, na
10-31 17:31:44.470   714 22255 I [CT]    : VIPER:TELEMETRY: reloc_result_trigger_accidental_array: 1, 1, 1, 1, 1, 1, 1, 1, 1, 1, 1, 1, 1, 1, 1, 1, 1, 1, 1, 1, 1, 1, 1, 1, 1, 1, 1, 1, 1, 1, 1, 1, 1, 1, 1, 1, 1, 1, 1, 1, 1, 1, 1, 1, 1, 1, 1, 1, 1, 1, 1, 1, 1, 1, 1, 1, 1, 1, 1, 1, 1, 1, 1, 1, 1, 1, 1, 1, 1, 0, 0, 0, 0, 0, 0, 0, 0, 0, 0, 0, 0, 0, 0, 0, 0, 0, 0, 0, 0, 0, 0, 0, 0, 0, 0, 0, 0, 0, 0, 0, 0, 0, 0, 0, 0, 0, 0, 0, 0, 0, 0, 0, 0, 0, 0, 0, 0, 0, 
10-31 17:31:44.470   714 22255 I [CT]    : VIPER:TELEMETRY: reloc_result_array: 0, 0, 0, 0, 0, 0, 0, 0, 0, 0, 0, 0, 0, 0, 1, 0, 0, 0, 0, 0, 0, 0, 0, 0, 0, 0, 0, 0, 0, 0, 0, 0, 0, 0, 0, 0, 0, 0, 0, 0, 0, 0, 0, 0, 0, 0, 0, 0, 0, 0, 0, 0, 0, 0, 0, 0, 0, 1, 0, 0, 0, 0, 0, 0, 0, 1, 1, 1, 1, 0, 0, 0, 0, 0, 0, 0, 0, 0, 0, 0, 1, 0, 1, 0, 0, 0, 0, 0, 0, 1, 0, 1, 0, 0, 0, 0, 0, 0, 1, 0, 1, 0, 0, 0, 0, 0, 0, 1, 1, 1, 0, 0, 0, 0, 1, 1, 1, 1, 
10-31 17:31:44.470   714 22255 I [CT]    : VIPER:TELEMETRY: reloc_num_inliers_array: -1, -1, -1, -1, -1, -1, -1, -1, -1, -1, -1, -1, -1, -1, 8, -1, -1, -1, -1, -1, -1, -1, -1, -1, -1, -1, -1, -1, -1, -1, -1, -1, -1, -1, -1, -1, -1, -1, -1, -1, -1, -1, -1, -1, -1, -1, -1, -1, -1, -1, -1, -1, -1, -1, -1, -1, -1, 5, -1, -1, -1, -1, -1, -1, -1, 7, 12, 12, 13, -1, -1, -1, -1, -1, -1, -1, -1, -1, -1, -1, 18, -1, 4, -1, -1, -1, -1, -1, -1, 28, -1, 4, -1, -1, -1, -1, -1, -1, 37, -1, 4, -1, -1, -1, -1, -1, -1, 40, 170, 196, -1, -1, -1, -1, 8, 18, 19, 18, 
10-31 17:31:44.470   714 22255 I [CT]    : VIPER:TELEMETRY: reloc_num_features_matches_array: 108, 90, 126, 131, 135, 130, 109, 128, 129, 123, 125, 90, 121, 136, 115, -1, 144, 99, 136, 125, 137, 129, 103, 138, 140, 146, 124, 97, 127, 141, 123, 126, 111, 124, 134, 122, 146, 90, 139, 150, 138, 130, 122, 144, 139, 130, 113, 106, 138, 139, 114, 123, 112, 141, 140, 138, 123, 73, -1, 47, 109, 88, 117, 109, 105, 63, -1, -1, -1, 100, 159, 118, 169, 153, 162, 42, 136, 69, 120, 130, 137, -1, 53, -1, 60, 131, 103, 126, 122, 148, -1, 65, -1, 62, 138, 98, 160, 150, 164, -1, 50, -1, 71, 142, 117, 130, 143, 162, -1, -1, 73, 147, 107, 134, 150, -1, -1, -1, 
10-31 17:31:44.470   714 22255 I [CT]    : VIPER:TELEMETRY: reloc_map_num_points_array: 389, 123, 462, 724, 243, 389, 123, 462, 724, 243, 389, 123, 462, 724, 243, 243, 389, 123, 462, 724, 243, 389, 123, 462, 724, 243, 389, 123, 462, 724, 243, 389, 123, 462, 724, 243, 389, 123, 462, 724, 243, 389, 123, 462, 724, 243, 389, 123, 462, 724, 243, 389, 123, 462, 724, 243, 724, 93, 93, 93, 389, 123, 462, 724, 243, 93, 93, 93, 93, 93, 389, 123, 462, 724, 243, 93, 389, 123, 462, 724, 243, 243, 93, 93, 93, 389, 123, 462, 724, 243, 243, 93, 93, 93, 389, 123, 462, 724, 243, 243, 93, 93, 93, 389, 123, 462, 724, 243, 243, 243, 93, 389, 123, 462, 724, 724, 724, 724, 
10-31 17:31:44.470   714 22255 I [CT]    : VIPER:TELEMETRY: reloc_map_quality_score_array: 0.437037, 0.173333, 0.564444, 0.691852, 0.242963, 0.437037, 0.173333, 0.564444, 0.691852, 0.242963, 0.437037, 0.173333, 0.564444, 0.691852, 0.242963, 0.242963, 0.437037, 0.173333, 0.564444, 0.691852, 0.242963, 0.437037, 0.173333, 0.564444, 0.691852, 0.242963, 0.437037, 0.173333, 0.564444, 0.691852, 0.242963, 0.437037, 0.173333, 0.564444, 0.691852, 0.242963, 0.437037, 0.173333, 0.564444, 0.691852, 0.242963, 0.437037, 0.173333, 0.564444, 0.691852, 0.242963, 0.437037, 0.173333, 0.564444, 0.691852, 0.242963, 0.437037, 0.173333, 0.564444, 0.691852, 0.242963, 0.691852, 0.134815, 0.134815, 0.134815, 0.437037, 0.173333, 0.564444, 0.691852, 0.242963, 0.134815, 0.134815, 0.134815, 0.134815, 0.134815, 0.437037, 0.173333, 0.564444, 0.691852, 0.242963, 0.134815, 0.437037, 0.173333, 0.564444, 0.691852, 0.242963, 0.242963, 0.134815, 0.134815, 0.134815, 0.437037, 0.173333, 0.564444, 0.691852, 0.242963, 0.242963, 0.134815, 0.134815, 0.134815, 0.437037, 0.173333, 0.564444, 0.691
10-31 17:31:44.470   714 22255 I [CT]    : VIPER:TELEMETRY: reloc_mean_descs_per_map_point_array: 38.207692, 10.166667, 19.419003, 23.994413, 26.379562, 38.207692, 10.166667, 19.419003, 23.994413, 26.379562, 38.207692, 10.166667, 19.419003, 23.994413, 26.379562, nan, 38.207692, 10.166667, 19.419003, 23.994413, 26.379562, 38.207692, 10.166667, 19.419003, 23.994413, 26.379562, 38.207692, 10.166667, 19.419003, 23.994413, 26.379562, 38.207692, 10.166667, 19.419003, 23.994413, 26.379562, 38.207692, 10.166667, 19.419003, 23.994413, 26.379562, 38.207692, 10.166667, 19.419003, 23.994413, 26.379562, 38.207692, 10.166667, 19.419003, 23.994413, 26.379562, 38.207692, 10.166667, 19.419003, 23.994413, 26.379562, 23.994413, 3.213675, nan, 3.213675, 38.207692, 10.166667, 19.419003, 23.994413, 26.379562, 3.213675, nan, nan, nan, 3.213675, 38.207692, 10.166667, 19.419003, 23.994413, 26.379562, 3.213675, 38.207692, 10.166667, 19.419003, 23.994413, 26.379562, nan, 3.213675, nan, 3.213675, 38.207692, 10.166667, 19.419003, 23.994413, 26.379562, nan, 3.213675, nan, 3.21367
10-31 17:31:44.471   714 22255 I [CT]    : VIPER:TELEMETRY: reloc_irradiance_match_score_array: 893.536817, 1658.001761, 1821.824859, 2130.082117, 2590.735051, 96.380094, 2647.918672, 2811.741770, 3119.999028, 3580.651962, 3015.073981, 463.535403, 299.712305, 8.544953, 469.197887, 2404.393643, 426.256123, 2125.282454, 2289.105553, 2597.362811, 3058.015744, 2521.549353, 29.989225, 193.812323, 502.069581, 962.722515, 652.680443, 1898.858134, 2062.681233, 2370.938491, 2831.591425, 2587.717083, 36.178505, 127.644593, 435.901851, 896.554785, 509.486247, 2042.052331, 2205.875429, 2514.132687, 2974.785621, 2455.796103, 95.742475, 259.565573, 567.822831, 1028.475765, 609.238025, 1942.300553, 2106.123651, 2414.380909, 2875.033843, 2416.580649, 134.957928, 298.781027, 607.038285, 1067.691219, 4144.553125, 1297.119473, 3437.999757, 4078.388301, 1625.654410, 4177.192988, 4341.016086, 4649.273344, 5109.926278, 2093.393281, 3059.229141, 3030.461740, 3004.059771, 3265.469945, 812.736054, 3364.274632, 3528.097730, 3836.354988, 4297.007922, 368.163909, 2084.569982, 4
10-31 17:31:44.471   714 22255 I [CT]    : VIPER:TELEMETRY: reloc_exposure_gain_array: 6.000000, 6.000000, 6.000000, 6.000000, 6.000000, 7.000000, 7.000000, 7.000000, 7.000000, 7.000000, 4.000000, 4.000000, 4.000000, 4.000000, 4.000000, 5.000000, 6.000000, 6.000000, 6.000000, 6.000000, 6.000000, 4.000000, 4.000000, 4.000000, 4.000000, 4.000000, 6.000000, 6.000000, 6.000000, 6.000000, 6.000000, 4.000000, 4.000000, 4.000000, 4.000000, 4.000000, 6.000000, 6.000000, 6.000000, 6.000000, 6.000000, 4.000000, 4.000000, 4.000000, 4.000000, 4.000000, 6.000000, 6.000000, 6.000000, 6.000000, 6.000000, 4.000000, 4.000000, 4.000000, 4.000000, 4.000000, 10.000000, 7.000000, 10.000000, 14.000000, 14.000000, 14.000000, 14.000000, 14.000000, 14.000000, 6.000000, 9.000000, 8.250000, 8.250000, 8.000000, 8.000000, 8.000000, 8.000000, 8.000000, 8.000000, 4.000000, 4.000000, 4.000000, 4.000000, 4.000000, 4.000000, 3.250000, 2.000000, 2.750000, 3.000000, 3.000000, 3.000000, 3.000000, 3.000000, 3.000000, 2.500000, 2.000000, 2.500000, 3.000000, 3.000000, 3.000000, 3.000000, 3
10-31 17:31:44.471   714 22255 I [CT]    : VIPER:TELEMETRY: reloc_exposure_duration_array: 0.005453, 0.005453, 0.005453, 0.005453, 0.005453, 0.007087, 0.007087, 0.007087, 0.007087, 0.007087, 0.005016, 0.005016, 0.005016, 0.005016, 0.005016, 0.005994, 0.006308, 0.006308, 0.006308, 0.006308, 0.006308, 0.005510, 0.005510, 0.005510, 0.005510, 0.005510, 0.005643, 0.005643, 0.005643, 0.005643, 0.005643, 0.005434, 0.005434, 0.005434, 0.005434, 0.005434, 0.006023, 0.006023, 0.006023, 0.006023, 0.006023, 0.005605, 0.005605, 0.005605, 0.005605, 0.005605, 0.005795, 0.005795, 0.005795, 0.005795, 0.005795, 0.005605, 0.005605, 0.005605, 0.005605, 0.005605, 0.008740, 0.005985, 0.008389, 0.012255, 0.012255, 0.012255, 0.012255, 0.012255, 0.012255, 0.005833, 0.007320, 0.007833, 0.007662, 0.006783, 0.006783, 0.006783, 0.006783, 0.006783, 0.006783, 0.004997, 0.004997, 0.004997, 0.004997, 0.004997, 0.004997, 0.004873, 0.005472, 0.005263, 0.005586, 0.005586, 0.005586, 0.005586, 0.005586, 0.005586, 0.004760, 0.005358, 0.004783, 0.004237, 0.004237, 0.004237, 0.004237, 0.004
10-31 17:31:44.471   714 22255 I [CT]    : VIPER:TELEMETRY: reloc_mean_intensity_array: 101.592577, 101.592577, 101.592577, 101.592577, 101.592577, 104.931989, 104.931989, 104.931989, 104.931989, 104.931989, 104.867196, 104.867196, 104.867196, 104.867196, 104.867196, 98.652650, 99.836087, 99.836087, 99.836087, 99.836087, 99.836087, 104.317743, 104.317743, 104.317743, 104.317743, 104.317743, 96.977473, 96.977473, 96.977473, 96.977473, 96.977473, 104.317099, 104.317099, 104.317099, 104.317099, 104.317099, 98.333190, 98.333190, 98.333190, 98.333190, 98.333190, 104.642137, 104.642137, 104.642137, 104.642137, 104.642137, 98.079168, 98.079168, 98.079168, 98.079168, 98.079168, 103.762926, 103.762926, 103.762926, 103.762926, 103.762926, 95.320747, 141.067797, 102.867732, 100.523922, 100.523922, 100.523922, 100.523922, 100.523922, 100.523922, 89.976400, 105.738093, 105.578578, 104.942502, 75.905814, 75.905814, 75.905814, 75.905814, 75.905814, 75.905814, 85.871058, 85.871058, 85.871058, 85.871058, 85.871058, 85.871058, 102.007134, 97.049131, 99.684134, 99.2370
10-31 17:31:44.472   714 22255 I [CT]    : VIPER:TELEMETRY: reloc_closest_keyframe_delta_R_array: nan, nan, nan, nan, nan, nan, nan, nan, nan, nan, nan, nan, nan, nan, 2.321639, nan, nan, nan, nan, nan, nan, nan, nan, nan, nan, nan, nan, nan, nan, nan, nan, nan, nan, nan, nan, nan, nan, nan, nan, nan, nan, nan, nan, nan, nan, nan, nan, nan, nan, nan, nan, nan, nan, nan, nan, nan, nan, 1.999635, nan, nan, nan, nan, nan, nan, nan, 0.044841, 0.344316, 0.022106, 0.305237, nan, nan, nan, nan, nan, nan, nan, nan, nan, nan, nan, 0.399564, nan, 2.214911, nan, nan, nan, nan, nan, nan, 1.459514, nan, 1.662402, nan, nan, nan, nan, nan, nan, 1.219226, nan, 2.878318, nan, nan, nan, nan, nan, nan, 1.125047, 0.161868, 0.790230, nan, nan, nan, nan, 0.471587, 0.917488, 2.254735, 1.305215, 
10-31 17:31:44.473   714 22255 I [CT]    : VIPER:TELEMETRY: reloc_closest_keyframe_delta_T_array: nan, nan, nan, nan, nan, nan, nan, nan, nan, nan, nan, nan, nan, nan, 1.478267, nan, nan, nan, nan, nan, nan, nan, nan, nan, nan, nan, nan, nan, nan, nan, nan, nan, nan, nan, nan, nan, nan, nan, nan, nan, nan, nan, nan, nan, nan, nan, nan, nan, nan, nan, nan, nan, nan, nan, nan, nan, nan, 0.557069, nan, nan, nan, nan, nan, nan, nan, 0.065304, 0.078528, 0.034643, 0.087592, nan, nan, nan, nan, nan, nan, nan, nan, nan, nan, nan, 0.407366, nan, 0.743958, nan, nan, nan, nan, nan, nan, 0.666694, nan, 2.290592, nan, nan, nan, nan, nan, nan, 0.502253, nan, 0.778727, nan, nan, nan, nan, nan, nan, 0.482231, 0.174743, 0.435568, nan, nan, nan, nan, 1.192203, 0.742233, 0.382992, 0.667323, 
10-31 17:31:44.474   714 22255 I [CT]    : VIPER:TELEMETRY: reloc_avg_reprojection_err_array: nan, nan, nan, nan, nan, nan, nan, nan, nan, nan, nan, nan, nan, nan, 1.629275, nan, nan, nan, nan, nan, nan, nan, nan, nan, nan, nan, nan, nan, nan, nan, nan, nan, nan, nan, nan, nan, nan, nan, nan, nan, nan, nan, nan, nan, nan, nan, nan, nan, nan, nan, nan, nan, nan, nan, nan, nan, nan, 3.204826, nan, nan, nan, nan, nan, nan, nan, 0.819918, 0.745835, 0.583737, 0.359816, nan, nan, nan, nan, nan, nan, nan, nan, nan, nan, nan, 0.793432, nan, 2.011978, nan, nan, nan, nan, nan, nan, 1.279830, nan, 2.475662, nan, nan, nan, nan, nan, nan, 1.965331, nan, 1.753716, nan, nan, nan, nan, nan, nan, 1.600217, 0.310382, 0.315026, nan, nan, nan, nan, 3.907419, 0.618094, 0.658591, 0.685984, 
10-31 17:31:44.474   714 22255 I [CT]    : VIPER:TELEMETRY: num_frames_to_background_relocalize_array: 
10-31 17:31:44.474   714 22255 I [CT]    : TELEMETRY_COLLECTOR: vision_session_id: 0fb9c5d7-690e-4e7b-a971-da84d38ef454
10-31 17:31:44.474   714 22255 I [CT]    : TELEMETRY_COLLECTOR: vision_device_id: 6dbe7a886ca11ae4c17af8eac5285acd4044e27f
10-31 17:31:44.474   714 22255 I [CT]    : TELEMETRY_COLLECTOR: Sending event: relocalization_periodic
10-31 17:31:44.474 22129 22145 D UE4     : [2019.10.31-08.31.44:474][371]LogBlueprintUserMessages: [VRPawn_507] 40.95414
10-31 17:31:44.474 22129 22145 D UE4     : [2019.10.31-08.31.44:474][371]LogBlueprintUserMessages: [VRPawn_507] Hello
10-31 17:31:44.474 22129 22145 D UE4     : [2019.10.31-08.31.44:474][371]LogBlueprintUserMessages: [VRPawn_507] 9.183735
10-31 17:31:44.489 22129 22145 D UE4     : [2019.10.31-08.31.44:489][372]LogBlueprintUserMessages: [VRPawn_507] 40.975288
10-31 17:31:44.489 22129 22145 D UE4     : [2019.10.31-08.31.44:489][372]LogBlueprintUserMessages: [VRPawn_507] Hello
10-31 17:31:44.489 22129 22145 D UE4     : [2019.10.31-08.31.44:489][372]LogBlueprintUserMessages: [VRPawn_507] 9.277557
10-31 17:31:44.515   714 22247 I [CT]    : Viper:Map_Manager: State: TRACKING_PERSISTENT, UUID=5c9cda66-709e-4775-93a8-ccba5cac6ad4, Num. Persistent maps = 5,  Persistent maps:6deead67-4213-4151-aaf8-63de2ae4c2a9,5c9cda66-709e-4775-93a8-ccba5cac6ad4,fda60373-74c6-4496-b368-06c9baf27c06,c70d8cf4-996b-451f-86b0-2643913ef8eb,bb643b67-d579-4064-a1be-6f4d6ffd2343,, Ser. Disabled = 00000000-0000-0000-0000-000000000000
10-31 17:31:44.516 22129 22145 D UE4     : [2019.10.31-08.31.44:516][373]LogBlueprintUserMessages: [VRPawn_507] 40.980385
10-31 17:31:44.516 22129 22145 D UE4     : [2019.10.31-08.31.44:516][373]LogBlueprintUserMessages: [VRPawn_507] Hello
10-31 17:31:44.516 22129 22145 D UE4     : [2019.10.31-08.31.44:516][373]LogBlueprintUserMessages: [VRPawn_507] 9.382223
10-31 17:31:44.529 22129 22145 D UE4     : [2019.10.31-08.31.44:529][374]LogBlueprintUserMessages: [VRPawn_507] 40.993683
10-31 17:31:44.529 22129 22145 D UE4     : [2019.10.31-08.31.44:529][374]LogBlueprintUserMessages: [VRPawn_507] Hello
10-31 17:31:44.529 22129 22145 D UE4     : [2019.10.31-08.31.44:529][374]LogBlueprintUserMessages: [VRPawn_507] 9.475161
10-31 17:31:44.556 22129 22145 D UE4     : [2019.10.31-08.31.44:556][375]LogBlueprintUserMessages: [VRPawn_507] 41.073029
10-31 17:31:44.557 22129 22145 D UE4     : [2019.10.31-08.31.44:557][375]LogBlueprintUserMessages: [VRPawn_507] Hello
10-31 17:31:44.557 22129 22145 D UE4     : [2019.10.31-08.31.44:557][375]LogBlueprintUserMessages: [VRPawn_507] 9.565012
10-31 17:31:44.574 22129 22145 D UE4     : [2019.10.31-08.31.44:573][376]LogBlueprintUserMessages: [VRPawn_507] 41.118576
10-31 17:31:44.574 22129 22145 D UE4     : [2019.10.31-08.31.44:574][376]LogBlueprintUserMessages: [VRPawn_507] Hello
10-31 17:31:44.574 22129 22145 D UE4     : [2019.10.31-08.31.44:574][376]LogBlueprintUserMessages: [VRPawn_507] 9.619917
10-31 17:31:44.576   714 22255 I [CT]    : VIPER:TELEMETRY: imu_processing_time_mean_s: 8.82602e-05
10-31 17:31:44.576   714 22255 I [CT]    : VIPER:TELEMETRY: imu_processing_time_max_s: 0.000274115
10-31 17:31:44.576   714 22255 I [CT]    : VIPER:TELEMETRY: num_bad_imu_samples: 0
10-31 17:31:44.576   714 22255 I [CT]    : VIPER:TELEMETRY: num_imu_saturation: 0
10-31 17:31:44.576   714 22255 I [CT]    : VIPER:TELEMETRY: imu_temperature_mean_degc: 38.5011
10-31 17:31:44.576   714 22255 I [CT]    : VIPER:TELEMETRY: gyro_bias_max_x_radps: 0.000151707
10-31 17:31:44.576   714 22255 I [CT]    : VIPER:TELEMETRY: gyro_bias_max_y_radps: 0.000165509
10-31 17:31:44.576   714 22255 I [CT]    : VIPER:TELEMETRY: gyro_bias_max_z_radps: -0.000102094
10-31 17:31:44.576   714 22255 I [CT]    : VIPER:TELEMETRY: gyro_bias_min_x_radps: -0.000238944
10-31 17:31:44.576   714 22255 I [CT]    : VIPER:TELEMETRY: gyro_bias_min_y_radps: 4.84018e-05
10-31 17:31:44.576   714 22255 I [CT]    : VIPER:TELEMETRY: gyro_bias_min_z_radps: -0.000527703
10-31 17:31:44.576   714 22255 I [CT]    : VIPER:TELEMETRY: gyro_bias_mean_x_radps: -2.04862e-05
10-31 17:31:44.576   714 22255 I [CT]    : VIPER:TELEMETRY: gyro_bias_mean_y_radps: 0.000112485
10-31 17:31:44.576   714 22255 I [CT]    : VIPER:TELEMETRY: gyro_bias_mean_z_radps: -0.000368983
10-31 17:31:44.576   714 22255 I [CT]    : VIPER:TELEMETRY: gyro_bias_std_x_radps: 8.06515e-05
10-31 17:31:44.576   714 22255 I [CT]    : VIPER:TELEMETRY: gyro_bias_std_y_radps: 2.46569e-05
10-31 17:31:44.576   714 22255 I [CT]    : VIPER:TELEMETRY: gyro_bias_std_z_radps: 0.00011066
10-31 17:31:44.576   714 22255 I [CT]    : VIPER:TELEMETRY: gyro_bias_norm_max_radps: 0.000581322
10-31 17:31:44.576   714 22255 I [CT]    : VIPER:TELEMETRY: gyro_bias_norm_min_radps: 0.000145172
10-31 17:31:44.576   714 22255 I [CT]    : VIPER:TELEMETRY: gyro_bias_norm_mean_radps: 0.00039741
10-31 17:31:44.577   714 22255 I [CT]    : VIPER:TELEMETRY: gyro_bias_norm_std_radps: 0.000103139
10-31 17:31:44.577   714 22255 I [CT]    : VIPER:TELEMETRY: motion_class_static_pct: 0.00412882
10-31 17:31:44.577   714 22255 I [CT]    : VIPER:TELEMETRY: motion_class_quasi_static_pct: 0.31379
10-31 17:31:44.577   714 22255 I [CT]    : VIPER:TELEMETRY: motion_class_in_motion_pct: 0.682081
10-31 17:31:44.577   714 22255 I [CT]    : VIPER:TELEMETRY: is_in_media_mode: 0
10-31 17:31:44.577   714 22255 I [CT]    : VIPER:TELEMETRY: mag_processing_time_mean_s: 8.17244e-05
10-31 17:31:44.577   714 22255 I [CT]    : VIPER:TELEMETRY: mag_processing_time_max_s: 0.000269896
10-31 17:31:44.577   714 22255 I [CT]    : VIPER:TELEMETRY: num_bad_mag_samples: 0
10-31 17:31:44.577   714 22255 I [CT]    : VIPER:TELEMETRY: num_mag_interference: 0
10-31 17:31:44.577   714 22255 I [CT]    : TELEMETRY_COLLECTOR: vision_session_id: 0fb9c5d7-690e-4e7b-a971-da84d38ef454
10-31 17:31:44.577   714 22255 I [CT]    : TELEMETRY_COLLECTOR: vision_device_id: 6dbe7a886ca11ae4c17af8eac5285acd4044e27f
10-31 17:31:44.577   714 22255 I [CT]    : TELEMETRY_COLLECTOR: Sending event: attitude_ekf_periodic
10-31 17:31:44.578   714 22255 I [CT]    : VIPER:TELEMETRY: data_type: tracked_object
10-31 17:31:44.578   714 22255 I [CT]    : VIPER:TELEMETRY: device_id: 3669952633402657438
10-31 17:31:44.579   714 22255 I [CT]    : VIPER:TELEMETRY: object_type: left
10-31 17:31:44.579   714 22255 I [CT]    : VIPER:TELEMETRY: num_frames: 1690
10-31 17:31:44.579   714 22255 I [CT]    : VIPER:TELEMETRY: num_frames_blob_size_checked: 0
10-31 17:31:44.579   714 22255 I [CT]    : VIPER:TELEMETRY: num_frames_blob_size_rejected: 0
10-31 17:31:44.583   714 22255 I [CT]    : VIPER:TELEMETRY: has_constellation_tracking: 1
10-31 17:31:44.583   714 22255 I [CT]    : VIPER:TELEMETRY: has_vision_tracking: 1
10-31 17:31:44.583   714 22255 I [CT]    : VIPER:TELEMETRY: fault_cam_ahead_of_imu_avg: 0
10-31 17:31:44.583   714 22255 I [CT]    : VIPER:TELEMETRY: flyaway_avg: 0
10-31 17:31:44.583   714 22255 I [CT]    : VIPER:TELEMETRY: hard_reset_avg: 0
10-31 17:31:44.584   714 22255 I [CT]    : VIPER:TELEMETRY: led_count_sum: 23520
10-31 17:31:44.584   714 22255 I [CT]    : VIPER:TELEMETRY: accel_bias_p50: 0.0355917
10-31 17:31:44.584   714 22255 I [CT]    : VIPER:TELEMETRY: accel_bias_p90: 0.0393609
10-31 17:31:44.584   714 22255 I [CT]    : VIPER:TELEMETRY: accel_bias_std: 0.00222205
10-31 17:31:44.584   714 22255 I [CT]    : VIPER:TELEMETRY: gyro_bias_p50: 0.0143527
10-31 17:31:44.584   714 22255 I [CT]    : VIPER:TELEMETRY: gyro_bias_p90: 0.0150351
10-31 17:31:44.584   714 22255 I [CT]    : VIPER:TELEMETRY: gyro_bias_std: 0.000395336
10-31 17:31:44.584   714 22255 I [CT]    : VIPER:TELEMETRY: cam_to_imu_seconds_p50: 0.007859
10-31 17:31:44.584   714 22255 I [CT]    : VIPER:TELEMETRY: cam_to_imu_seconds_p90: 0.00973
10-31 17:31:44.584   714 22255 I [CT]    : VIPER:TELEMETRY: cam_to_imu_seconds_std: 0.00302664
10-31 17:31:44.584   714 22255 I [CT]    : VIPER:TELEMETRY: fusion_jitter_p50: 9.87808e-06
10-31 17:31:44.584   714 22255 I [CT]    : VIPER:TELEMETRY: fusion_jitter_p90: 2.93518e-05
10-31 17:31:44.584   714 22255 I [CT]    : VIPER:TELEMETRY: fusion_jitter_std: 1.8915e-05
10-31 17:31:44.584   714 22255 I [CT]    : VIPER:TELEMETRY: vision_jitter_p50: 0.000531187
10-31 17:31:44.585   714 22255 I [CT]    : VIPER:TELEMETRY: vision_jitter_p90: 0.00140182
10-31 17:31:44.585   714 22255 I [CT]    : VIPER:TELEMETRY: vision_jitter_std: 0.00059766
10-31 17:31:44.585   714 22255 I [CT]    : VIPER:TELEMETRY: accel_scale_norm: 0.000532627
10-31 17:31:44.585   714 22255 I [CT]    : VIPER:TELEMETRY: accel_nonorth_norm: 0.000686546
10-31 17:31:44.585   714 22255 I [CT]    : VIPER:TELEMETRY: gyro_scale_norm: 0.00261307
10-31 17:31:44.585   714 22255 I [CT]    : VIPER:TELEMETRY: gyro_nonorth_norm: 0.000518039
10-31 17:31:44.585   714 22255 I [CT]    : VIPER:TELEMETRY: num_imu_samples_dropped_system: 0
10-31 17:31:44.585   714 22255 I [CT]    : VIPER:TELEMETRY: num_imu_samples_dropped_processing: 0
10-31 17:31:44.585   714 22255 I [CT]    : VIPER:TELEMETRY: max_imu_samples_dropped_consecutive: 0
10-31 17:31:44.585   714 22255 I [CT]    : VIPER:TELEMETRY: accel_saturation_avg: 0
10-31 17:31:44.585   714 22255 I [CT]    : VIPER:TELEMETRY: gyro_saturation_avg: 0
10-31 17:31:44.586   714 22255 I [CT]    : VIPER:TELEMETRY: imu_update_duration_p50: 0.0002975
10-31 17:31:44.586   714 22255 I [CT]    : VIPER:TELEMETRY: imu_update_duration_p90: 0.00043625
10-31 17:31:44.586   714 22255 I [CT]    : VIPER:TELEMETRY: imu_update_duration_std: 0.000127083
10-31 17:31:44.586   714 22255 I [CT]    : TELEMETRY_COLLECTOR: vision_session_id: 0fb9c5d7-690e-4e7b-a971-da84d38ef454
10-31 17:31:44.586   714 22255 I [CT]    : TELEMETRY_COLLECTOR: vision_device_id: 6dbe7a886ca11ae4c17af8eac5285acd4044e27f
10-31 17:31:44.586   714 22255 I [CT]    : TELEMETRY_COLLECTOR: Sending event: constellation_periodic
10-31 17:31:44.586   714 22255 I [CT]    : VIPER:TELEMETRY: data_type: tracked_object
10-31 17:31:44.586   714 22255 I [CT]    : VIPER:TELEMETRY: device_id: 16572054001761934198
10-31 17:31:44.586   714 22255 I [CT]    : VIPER:TELEMETRY: object_type: right
10-31 17:31:44.587   714 22255 I [CT]    : VIPER:TELEMETRY: num_frames: 1691
10-31 17:31:44.587   714 22255 I [CT]    : VIPER:TELEMETRY: num_frames_blob_size_checked: 1
10-31 17:31:44.587   714 22255 I [CT]    : VIPER:TELEMETRY: num_frames_blob_size_rejected: 0
10-31 17:31:44.587   714 22255 I [CT]    : VIPER:TELEMETRY: has_constellation_tracking: 0.995269
10-31 17:31:44.587   714 22255 I [CT]    : VIPER:TELEMETRY: has_vision_tracking: 0.984033
10-31 17:31:44.587   714 22255 I [CT]    : VIPER:TELEMETRY: fault_cam_ahead_of_imu_avg: 0
10-31 17:31:44.587   714 22255 I [CT]    : VIPER:TELEMETRY: flyaway_avg: 0
10-31 17:31:44.587   714 22255 I [CT]    : VIPER:TELEMETRY: hard_reset_avg: 0
10-31 17:31:44.587   714 22255 I [CT]    : VIPER:TELEMETRY: led_count_sum: 17297
10-31 17:31:44.587   714 22255 I [CT]    : VIPER:TELEMETRY: accel_bias_p50: 0.0979071
10-31 17:31:44.587   714 22255 I [CT]    : VIPER:TELEMETRY: accel_bias_p90: 0.0981624
10-31 17:31:44.587   714 22255 I [CT]    : VIPER:TELEMETRY: accel_bias_std: 0.00205562
10-31 17:31:44.587   714 22255 I [CT]    : VIPER:TELEMETRY: gyro_bias_p50: 0.00389751
10-31 17:31:44.587   714 22255 I [CT]    : VIPER:TELEMETRY: gyro_bias_p90: 0.00395284
10-31 17:31:44.587   714 22255 I [CT]    : VIPER:TELEMETRY: gyro_bias_std: 4.87513e-05
10-31 17:31:44.587   714 22255 I [CT]    : VIPER:TELEMETRY: cam_to_imu_seconds_p50: 0.00859
10-31 17:31:44.587   714 22255 I [CT]    : VIPER:TELEMETRY: cam_to_imu_seconds_p90: 0.010555
10-31 17:31:44.587   714 22255 I [CT]    : VIPER:TELEMETRY: cam_to_imu_seconds_std: 0.0030818
10-31 17:31:44.587   714 22255 I [CT]    : VIPER:TELEMETRY: fusion_jitter_p50: 5.72323e-06
10-31 17:31:44.587   714 22255 I [CT]    : VIPER:TELEMETRY: fusion_jitter_p90: 2.06574e-05
10-31 17:31:44.587   714 22255 I [CT]    : VIPER:TELEMETRY: fusion_jitter_std: 3.0411e-05
10-31 17:31:44.587   714 22255 I [CT]    : VIPER:TELEMETRY: vision_jitter_p50: 0.000545036
10-31 17:31:44.587   714 22255 I [CT]    : VIPER:TELEMETRY: vision_jitter_p90: 0.00202116
10-31 17:31:44.587   714 22255 I [CT]    : VIPER:TELEMETRY: vision_jitter_std: 0.00148747
10-31 17:31:44.587   714 22255 I [CT]    : VIPER:TELEMETRY: accel_scale_norm: 0.0023756
10-31 17:31:44.587   714 22255 I [CT]    : VIPER:TELEMETRY: accel_nonorth_norm: 0.00190561
10-31 17:31:44.587   714 22255 I [CT]    : VIPER:TELEMETRY: gyro_scale_norm: 0.00282669
10-31 17:31:44.587   714 22255 I [CT]    : VIPER:TELEMETRY: gyro_nonorth_norm: 0.0021513
10-31 17:31:44.587   714 22255 I [CT]    : VIPER:TELEMETRY: num_imu_samples_dropped_system: 0
10-31 17:31:44.587   714 22255 I [CT]    : VIPER:TELEMETRY: num_imu_samples_dropped_processing: 0
10-31 17:31:44.587   714 22255 I [CT]    : VIPER:TELEMETRY: max_imu_samples_dropped_consecutive: 0
10-31 17:31:44.587   714 22255 I [CT]    : VIPER:TELEMETRY: accel_saturation_avg: 0
10-31 17:31:44.587   714 22255 I [CT]    : VIPER:TELEMETRY: gyro_saturation_avg: 0
10-31 17:31:44.588   714 22255 I [CT]    : VIPER:TELEMETRY: imu_update_duration_p50: 0.000222552
10-31 17:31:44.588   714 22255 I [CT]    : VIPER:TELEMETRY: imu_update_duration_p90: 0.000334167
10-31 17:31:44.588   714 22255 I [CT]    : VIPER:TELEMETRY: imu_update_duration_std: 0.000111983
10-31 17:31:44.588   714 22255 I [CT]    : TELEMETRY_COLLECTOR: vision_session_id: 0fb9c5d7-690e-4e7b-a971-da84d38ef454
10-31 17:31:44.588   714 22255 I [CT]    : TELEMETRY_COLLECTOR: vision_device_id: 6dbe7a886ca11ae4c17af8eac5285acd4044e27f
10-31 17:31:44.588   714 22255 I [CT]    : TELEMETRY_COLLECTOR: Sending event: constellation_periodic
10-31 17:31:44.602 22129 22145 D UE4     : [2019.10.31-08.31.44:602][377]LogBlueprintUserMessages: [VRPawn_507] 41.100853
10-31 17:31:44.602 22129 22145 D UE4     : [2019.10.31-08.31.44:602][377]LogBlueprintUserMessages: [VRPawn_507] Hello
10-31 17:31:44.602 22129 22145 D UE4     : [2019.10.31-08.31.44:602][377]LogBlueprintUserMessages: [VRPawn_507] 9.657471
10-31 17:31:44.614 22129 22145 D UE4     : [2019.10.31-08.31.44:614][378]LogBlueprintUserMessages: [VRPawn_507] 41.108074
10-31 17:31:44.615 22129 22145 D UE4     : [2019.10.31-08.31.44:615][378]LogBlueprintUserMessages: [VRPawn_507] Hello
10-31 17:31:44.615 22129 22145 D UE4     : [2019.10.31-08.31.44:615][378]LogBlueprintUserMessages: [VRPawn_507] 9.670826
10-31 17:31:44.655 22129 22145 D UE4     : [2019.10.31-08.31.44:655][379]LogBlueprintUserMessages: [VRPawn_507] 41.188454
10-31 17:31:44.656 22129 22145 D UE4     : [2019.10.31-08.31.44:656][379]LogBlueprintUserMessages: [VRPawn_507] Hello
10-31 17:31:44.656 22129 22145 D UE4     : [2019.10.31-08.31.44:656][379]LogBlueprintUserMessages: [VRPawn_507] 9.706663
10-31 17:31:44.685 22129 22145 D UE4     : [2019.10.31-08.31.44:685][380]LogBlueprintUserMessages: [VRPawn_507] 41.20681
10-31 17:31:44.686 22129 22145 D UE4     : [2019.10.31-08.31.44:685][380]LogBlueprintUserMessages: [VRPawn_507] Hello
10-31 17:31:44.686 22129 22145 D UE4     : [2019.10.31-08.31.44:686][380]LogBlueprintUserMessages: [VRPawn_507] 9.721117
10-31 17:31:44.712 22129 22145 D UE4     : [2019.10.31-08.31.44:712][381]LogBlueprintUserMessages: [VRPawn_507] 41.239437
10-31 17:31:44.713 22129 22145 D UE4     : [2019.10.31-08.31.44:713][381]LogBlueprintUserMessages: [VRPawn_507] Hello
10-31 17:31:44.713 22129 22145 D UE4     : [2019.10.31-08.31.44:713][381]LogBlueprintUserMessages: [VRPawn_507] 9.697018
10-31 17:31:44.739 22129 22145 D UE4     : [2019.10.31-08.31.44:739][382]LogBlueprintUserMessages: [VRPawn_507] 41.247971
10-31 17:31:44.739 22129 22145 D UE4     : [2019.10.31-08.31.44:739][382]LogBlueprintUserMessages: [VRPawn_507] Hello
10-31 17:31:44.740 22129 22145 D UE4     : [2019.10.31-08.31.44:740][382]LogBlueprintUserMessages: [VRPawn_507] 9.712399
10-31 17:31:44.767 22129 22145 D UE4     : [2019.10.31-08.31.44:767][383]LogBlueprintUserMessages: [VRPawn_507] 41.288445
10-31 17:31:44.768 22129 22145 D UE4     : [2019.10.31-08.31.44:768][383]LogBlueprintUserMessages: [VRPawn_507] Hello
10-31 17:31:44.768 22129 22145 D UE4     : [2019.10.31-08.31.44:768][383]LogBlueprintUserMessages: [VRPawn_507] 9.766977
10-31 17:31:44.795 22129 22145 D UE4     : [2019.10.31-08.31.44:795][384]LogBlueprintUserMessages: [VRPawn_507] 41.359432
10-31 17:31:44.795 22129 22145 D UE4     : [2019.10.31-08.31.44:795][384]LogBlueprintUserMessages: [VRPawn_507] Hello
10-31 17:31:44.795 22129 22145 D UE4     : [2019.10.31-08.31.44:795][384]LogBlueprintUserMessages: [VRPawn_507] 9.876263
10-31 17:31:44.823  2085  2098 W LibraryProvider: Cannot find entitlement for system
10-31 17:31:44.824  1480  2302 W OVRLibrary: null cursor received for query content://com.oculus.ocms.library/apps/system
10-31 17:31:44.838 22129 22145 D UE4     : [2019.10.31-08.31.44:838][385]LogBlueprintUserMessages: [VRPawn_507] 41.461864
10-31 17:31:44.838 22129 22145 D UE4     : [2019.10.31-08.31.44:838][385]LogBlueprintUserMessages: [VRPawn_507] Hello
10-31 17:31:44.838 22129 22145 D UE4     : [2019.10.31-08.31.44:838][385]LogBlueprintUserMessages: [VRPawn_507] 10.059315
10-31 17:31:44.864 22129 22145 D UE4     : [2019.10.31-08.31.44:864][386]LogBlueprintUserMessages: [VRPawn_507] 41.547798
10-31 17:31:44.865 22129 22145 D UE4     : [2019.10.31-08.31.44:865][386]LogBlueprintUserMessages: [VRPawn_507] Hello
10-31 17:31:44.865 22129 22145 D UE4     : [2019.10.31-08.31.44:865][386]LogBlueprintUserMessages: [VRPawn_507] 10.188377
10-31 17:31:44.884   714 22246 I [CT]    : MANAGEMENT:CONSTELLATION: Status=GREEN,, Obj=3669952633402657438,6DOF=1,FusJit=0.01mm,Issues(Cam/min=  0,IMU/min=0), Obj=16572054001761934198,6DOF=1,FusJit=0.0mm,Issues(Cam/min=  0,IMU/min=0)
10-31 17:31:44.892 22129 22145 D UE4     : [2019.10.31-08.31.44:892][387]LogBlueprintUserMessages: [VRPawn_507] 41.480835
10-31 17:31:44.892 22129 22145 D UE4     : [2019.10.31-08.31.44:892][387]LogBlueprintUserMessages: [VRPawn_507] Hello
10-31 17:31:44.892 22129 22145 D UE4     : [2019.10.31-08.31.44:892][387]LogBlueprintUserMessages: [VRPawn_507] 10.282148
10-31 17:31:44.919 22129 22145 D UE4     : [2019.10.31-08.31.44:919][388]LogBlueprintUserMessages: [VRPawn_507] 41.257576
10-31 17:31:44.919 22129 22145 D UE4     : [2019.10.31-08.31.44:919][388]LogBlueprintUserMessages: [VRPawn_507] Hello
10-31 17:31:44.919 22129 22145 D UE4     : [2019.10.31-08.31.44:919][388]LogBlueprintUserMessages: [VRPawn_507] 10.402792
10-31 17:31:44.926  2085  2267 W LibraryProvider: Cannot find entitlement for com.oculus.systemdriver
10-31 17:31:44.927  1798  2012 W OVRLibrary: null cursor received for query content://com.oculus.ocms.library/apps/com.oculus.systemdriver
10-31 17:31:44.927  1798  2012 I SDKLoggingService: Unable to find AppId for package (com.oculus.systemdriver)
10-31 17:31:44.947 22129 22145 D UE4     : [2019.10.31-08.31.44:947][389]LogBlueprintUserMessages: [VRPawn_507] 40.896797
10-31 17:31:44.948 22129 22145 D UE4     : [2019.10.31-08.31.44:948][389]LogBlueprintUserMessages: [VRPawn_507] Hello
10-31 17:31:44.948 22129 22145 D UE4     : [2019.10.31-08.31.44:948][389]LogBlueprintUserMessages: [VRPawn_507] 10.527327
10-31 17:31:44.961 22129 22145 D UE4     : [2019.10.31-08.31.44:961][390]LogBlueprintUserMessages: [VRPawn_507] 40.71933
10-31 17:31:44.961 22129 22145 D UE4     : [2019.10.31-08.31.44:961][390]LogBlueprintUserMessages: [VRPawn_507] Hello
10-31 17:31:44.962 22129 22145 D UE4     : [2019.10.31-08.31.44:962][390]LogBlueprintUserMessages: [VRPawn_507] 10.620968
10-31 17:31:44.988 22129 22145 D UE4     : [2019.10.31-08.31.44:988][391]LogBlueprintUserMessages: [VRPawn_507] 40.345303
10-31 17:31:44.989 22129 22145 D UE4     : [2019.10.31-08.31.44:989][391]LogBlueprintUserMessages: [VRPawn_507] Hello
10-31 17:31:44.989 22129 22145 D UE4     : [2019.10.31-08.31.44:989][391]LogBlueprintUserMessages: [VRPawn_507] 10.686672
10-31 17:31:45.004 22129 22145 D UE4     : [2019.10.31-08.31.45:004][392]LogBlueprintUserMessages: [VRPawn_507] 40.235641
10-31 17:31:45.004 22129 22145 D UE4     : [2019.10.31-08.31.45:004][392]LogBlueprintUserMessages: [VRPawn_507] Hello
10-31 17:31:45.004 22129 22145 D UE4     : [2019.10.31-08.31.45:004][392]LogBlueprintUserMessages: [VRPawn_507] 10.754831
10-31 17:31:45.030 22129 22145 D UE4     : [2019.10.31-08.31.45:030][393]LogBlueprintUserMessages: [VRPawn_507] 40.006485
10-31 17:31:45.031 22129 22145 D UE4     : [2019.10.31-08.31.45:031][393]LogBlueprintUserMessages: [VRPawn_507] Hello
10-31 17:31:45.031 22129 22145 D UE4     : [2019.10.31-08.31.45:031][393]LogBlueprintUserMessages: [VRPawn_507] 10.849266
10-31 17:31:45.049 22129 22145 D UE4     : [2019.10.31-08.31.45:049][394]LogBlueprintUserMessages: [VRPawn_507] 39.959793
10-31 17:31:45.049 22129 22145 D UE4     : [2019.10.31-08.31.45:049][394]LogBlueprintUserMessages: [VRPawn_507] Hello
10-31 17:31:45.049 22129 22145 D UE4     : [2019.10.31-08.31.45:049][394]LogBlueprintUserMessages: [VRPawn_507] 10.941935
10-31 17:31:45.072 22129 22145 D UE4     : [2019.10.31-08.31.45:072][395]LogBlueprintUserMessages: [VRPawn_507] 39.891411
10-31 17:31:45.073 22129 22145 D UE4     : [2019.10.31-08.31.45:073][395]LogBlueprintUserMessages: [VRPawn_507] Hello
10-31 17:31:45.073 22129 22145 D UE4     : [2019.10.31-08.31.45:073][395]LogBlueprintUserMessages: [VRPawn_507] 11.042418
10-31 17:31:45.086 22129 22145 D UE4     : [2019.10.31-08.31.45:086][396]LogBlueprintUserMessages: [VRPawn_507] 39.949425
10-31 17:31:45.086 22129 22145 D UE4     : [2019.10.31-08.31.45:086][396]LogBlueprintUserMessages: [VRPawn_507] Hello
10-31 17:31:45.086 22129 22145 D UE4     : [2019.10.31-08.31.45:086][396]LogBlueprintUserMessages: [VRPawn_507] 11.151133
10-31 17:31:45.114 22129 22145 D UE4     : [2019.10.31-08.31.45:114][397]LogBlueprintUserMessages: [VRPawn_507] 39.96767
10-31 17:31:45.114 22129 22145 D UE4     : [2019.10.31-08.31.45:114][397]LogBlueprintUserMessages: [VRPawn_507] Hello
10-31 17:31:45.114 22129 22145 D UE4     : [2019.10.31-08.31.45:114][397]LogBlueprintUserMessages: [VRPawn_507] 11.219883
10-31 17:31:45.128 22129 22145 D UE4     : [2019.10.31-08.31.45:128][398]LogBlueprintUserMessages: [VRPawn_507] 40.057793
10-31 17:31:45.129 22129 22145 D UE4     : [2019.10.31-08.31.45:128][398]LogBlueprintUserMessages: [VRPawn_507] Hello
10-31 17:31:45.129 22129 22145 D UE4     : [2019.10.31-08.31.45:129][398]LogBlueprintUserMessages: [VRPawn_507] 11.32699
10-31 17:31:45.155 22129 22145 D UE4     : [2019.10.31-08.31.45:155][399]LogBlueprintUserMessages: [VRPawn_507] 40.051117
10-31 17:31:45.156 22129 22145 D UE4     : [2019.10.31-08.31.45:156][399]LogBlueprintUserMessages: [VRPawn_507] Hello
10-31 17:31:45.156 22129 22145 D UE4     : [2019.10.31-08.31.45:156][399]LogBlueprintUserMessages: [VRPawn_507] 11.294138
10-31 17:31:45.160   718  2564 I OsSdk   : will wait 60 seconds before retrying
10-31 17:31:45.173 22129 22145 D UE4     : [2019.10.31-08.31.45:173][400]LogBlueprintUserMessages: [VRPawn_507] 40.099033
10-31 17:31:45.174 22129 22145 D UE4     : [2019.10.31-08.31.45:174][400]LogBlueprintUserMessages: [VRPawn_507] Hello
10-31 17:31:45.174 22129 22145 D UE4     : [2019.10.31-08.31.45:174][400]LogBlueprintUserMessages: [VRPawn_507] 11.396038
10-31 17:31:45.193  2085  2100 W LibraryProvider: Cannot find entitlement for system
10-31 17:31:45.194  1480 15689 W OVRLibrary: null cursor received for query content://com.oculus.ocms.library/apps/system
10-31 17:31:45.200 22129 22145 D UE4     : [2019.10.31-08.31.45:199][401]LogBlueprintUserMessages: [VRPawn_507] 40.118393
10-31 17:31:45.200 22129 22145 D UE4     : [2019.10.31-08.31.45:200][401]LogBlueprintUserMessages: [VRPawn_507] Hello
10-31 17:31:45.200 22129 22145 D UE4     : [2019.10.31-08.31.45:200][401]LogBlueprintUserMessages: [VRPawn_507] 11.417273
10-31 17:31:45.213 22129 22145 D UE4     : [2019.10.31-08.31.45:213][402]LogBlueprintUserMessages: [VRPawn_507] 40.225704
10-31 17:31:45.214 22129 22145 D UE4     : [2019.10.31-08.31.45:214][402]LogBlueprintUserMessages: [VRPawn_507] Hello
10-31 17:31:45.214 22129 22145 D UE4     : [2019.10.31-08.31.45:214][402]LogBlueprintUserMessages: [VRPawn_507] 11.50378
10-31 17:31:45.237   550   550 V msm8974_platform: platform_get_parameters: exit: returns - snd_device_in=none
10-31 17:31:45.238   550   550 V audio_hw_primary: adev_get_parameters: exit: returns - snd_device_in=none
10-31 17:31:45.238   550   550 I hash_map_utils: key: 'snd_device_in' value: ''
10-31 17:31:45.238   550   601 V msm8974_platform: platform_get_parameters: exit: returns - snd_device_out=speaker
10-31 17:31:45.241   550   601 V audio_hw_primary: adev_get_parameters: exit: returns - snd_device_out=speaker
10-31 17:31:45.243   550   601 I hash_map_utils: key: 'snd_device_out' value: ''
10-31 17:31:45.255 22129 22145 D UE4     : [2019.10.31-08.31.45:255][403]LogBlueprintUserMessages: [VRPawn_507] 40.320053
10-31 17:31:45.255 22129 22145 D UE4     : [2019.10.31-08.31.45:255][403]LogBlueprintUserMessages: [VRPawn_507] Hello
10-31 17:31:45.255 22129 22145 D UE4     : [2019.10.31-08.31.45:255][403]LogBlueprintUserMessages: [VRPawn_507] 11.588306
10-31 17:31:45.283 22129 22145 D UE4     : [2019.10.31-08.31.45:283][404]LogBlueprintUserMessages: [VRPawn_507] 40.473907
10-31 17:31:45.283 22129 22145 D UE4     : [2019.10.31-08.31.45:283][404]LogBlueprintUserMessages: [VRPawn_507] Hello
10-31 17:31:45.283 22129 22145 D UE4     : [2019.10.31-08.31.45:283][404]LogBlueprintUserMessages: [VRPawn_507] 11.781555
10-31 17:31:45.292 22129 22701 I VrApi   : FPS=43,Prd=44ms,Tear=0,Early=0,Stale=72,VSnc=1,Lat=1,Fov=0,CPU4/GPU=4/4,2304/670MHz,OC=FF,TA=0/E0/E0,SP=N/F/F,Mem=1804MHz,Free=1390MB,PSM=0,PLS=0,Temp=31.0C/0.0C,TW=3.07ms,App=19.68ms,GD=0.00ms,CPU&GPU=29.54ms,LCnt=2,GPU%=0.93,CPU%=0.42(W0.48)
10-31 17:31:45.314 22129 22145 D UE4     : [2019.10.31-08.31.45:314][405]LogBlueprintUserMessages: [VRPawn_507] 40.599098
10-31 17:31:45.315 22129 22145 D UE4     : [2019.10.31-08.31.45:315][405]LogBlueprintUserMessages: [VRPawn_507] Hello
10-31 17:31:45.315 22129 22145 D UE4     : [2019.10.31-08.31.45:315][405]LogBlueprintUserMessages: [VRPawn_507] 11.912609
10-31 17:31:45.338 22129 22145 D UE4     : [2019.10.31-08.31.45:338][406]LogBlueprintUserMessages: [VRPawn_507] 40.731575
10-31 17:31:45.338 22129 22145 D UE4     : [2019.10.31-08.31.45:338][406]LogBlueprintUserMessages: [VRPawn_507] Hello
10-31 17:31:45.339 22129 22145 D UE4     : [2019.10.31-08.31.45:338][406]LogBlueprintUserMessages: [VRPawn_507] 12.020929
10-31 17:31:45.366 22129 22145 D UE4     : [2019.10.31-08.31.45:366][407]LogBlueprintUserMessages: [VRPawn_507] 40.892883
10-31 17:31:45.366 22129 22145 D UE4     : [2019.10.31-08.31.45:366][407]LogBlueprintUserMessages: [VRPawn_507] Hello
10-31 17:31:45.366 22129 22145 D UE4     : [2019.10.31-08.31.45:366][407]LogBlueprintUserMessages: [VRPawn_507] 12.172737
10-31 17:31:45.394 22129 22145 D UE4     : [2019.10.31-08.31.45:394][408]LogBlueprintUserMessages: [VRPawn_507] 41.074154
10-31 17:31:45.394 22129 22145 D UE4     : [2019.10.31-08.31.45:394][408]LogBlueprintUserMessages: [VRPawn_507] Hello
10-31 17:31:45.394 22129 22145 D UE4     : [2019.10.31-08.31.45:394][408]LogBlueprintUserMessages: [VRPawn_507] 12.238979
10-31 17:31:45.437 22129 22145 D UE4     : [2019.10.31-08.31.45:437][409]LogBlueprintUserMessages: [VRPawn_507] 41.240734
10-31 17:31:45.437 22129 22145 D UE4     : [2019.10.31-08.31.45:437][409]LogBlueprintUserMessages: [VRPawn_507] Hello
10-31 17:31:45.437 22129 22145 D UE4     : [2019.10.31-08.31.45:437][409]LogBlueprintUserMessages: [VRPawn_507] 12.268837
10-31 17:31:45.463 22129 22145 D UE4     : [2019.10.31-08.31.45:463][410]LogBlueprintUserMessages: [VRPawn_507] 41.415974
10-31 17:31:45.463 22129 22145 D UE4     : [2019.10.31-08.31.45:463][410]LogBlueprintUserMessages: [VRPawn_507] Hello
10-31 17:31:45.464 22129 22145 D UE4     : [2019.10.31-08.31.45:464][410]LogBlueprintUserMessages: [VRPawn_507] 12.38945
