10-24 10:14:51.710 21433 21472 I RCTVR   : Marker 'tti_router_app_initializing': duration=5.626145ms start=2813977.64756300021 end=2813983.27370799985
10-24 10:14:51.710 21433 21472 I RCTVR   : Marker 'tti_home_where_to_go': duration=5.657499ms start=2813977.65433399985 end=2813983.31183299981
10-24 10:14:51.717  1828  1912 I [OAR] PanelAppAnalytics: Response latency: 5 frames, 5 messages
10-24 10:14:51.717  1828  1912 I [OAR] PanelAppHost: Setting panel layer visibility of layer "#main" to invisible
10-24 10:14:51.717  1828  1912 I [OAR] PanelAppAnalytics: First frame latency: 0.804 for id 6 com.oculus.vrshell.home/com.oculus.vrshell.home.ExploreService
10-24 10:14:51.719 21433 21492 I RCTVR_HERMES: [info]: 'Analytics', { section_name: 'null',
10-24 10:14:51.719 21433 21492 I RCTVR_HERMES:   sub_section_name: 'null',
10-24 10:14:51.719 21433 21492 I RCTVR_HERMES:   destination: undefined,
10-24 10:14:51.719 21433 21492 I RCTVR_HERMES:   source: undefined,
10-24 10:14:51.719 21433 21492 I RCTVR_HERMES:   timerId: undefined,
10-24 10:14:51.719 21433 21492 I RCTVR_HERMES:   first_session_event: true,
10-24 10:14:51.719 21433 21492 I RCTVR_HERMES:   active_duration_ms: 49.40754700032994,
10-24 10:14:51.719 21433 21492 I RCTVR_HERMES:   step: '',
10-24 10:14:51.719 21433 21492 I RCTVR_HERMES:   real_timestamp: 1571879691718,
10-24 10:14:51.719 21433 21492 I RCTVR_HERMES:   type: 'oculus_home_init_latency_localization' }
10-24 10:14:51.719 21433 21472 I panelapp: LE reactvr_info
10-24 10:14:51.720 21433 21472 D OculusLogger: logLegacyEvent(reactvr_info, {{start=2813977.635167, device_type=MONTEREY, headset_type=MONTEREY, id=100526290914264, session_id=d794a180-5f32-4a4d-9e39-ce5c03016b21, marker_name=tti_explore_react_root, device_region=UNSPECIFIED, duration=5.521458, type=marker_event, real_timestamp=1571879691710}}, false)
10-24 10:14:51.720 21433 21472 I panelapp: LE reactvr_info
10-24 10:14:51.720 21433 21472 D OculusLogger: logLegacyEvent(reactvr_info, {{start=2813977.647563, device_type=MONTEREY, headset_type=MONTEREY, id=100526290914264, session_id=d794a180-5f32-4a4d-9e39-ce5c03016b21, device_region=UNSPECIFIED, marker_name=tti_router_app_initializing, duration=5.626145, type=marker_event, real_timestamp=1571879691710}}, false)
10-24 10:14:51.720 21433 21472 I panelapp: LE reactvr_info
10-24 10:14:51.720 21433 21492 V RCTVR_HERMES: [log]: 'Home', 'HomeGraphQueryUtils: fetching https://graph.oculus.com/graphql?forced_locale=ja_JP&q=viewer()%7Buser%7Bdevice_preferences.device_id(%3Cdevice_id%3E)%7Bsessions_in_vr%7D%7D%7D&query_params=%7B%22device_id%22%3A%22be0fd68d00cfd792%22%7D'
10-24 10:14:51.720 21433 21472 D OculusLogger: logLegacyEvent(reactvr_info, {{start=2813977.654334, device_type=MONTEREY, headset_type=MONTEREY, id=100526290914264, session_id=d794a180-5f32-4a4d-9e39-ce5c03016b21, device_region=UNSPECIFIED, marker_name=tti_home_where_to_go, duration=5.657499, type=marker_event, real_timestamp=1571879691710}}, false)
10-24 10:14:51.720 21433 21472 D OculusLogger: logLegacyEvent(oculus_home_init_latency_client_preferences, {{from_pkg=com.oculus.vrshell, step=, device_type=MONTEREY, destination=, headset_type=MONTEREY, source=, id=100526290914264, session_id=d794a180-5f32-4a4d-9e39-ce5c03016b21, first_session_event=true, device_region=UNSPECIFIED, timerId=, sub_section_name=null, active_duration_ms=43.24067299999297, section_name=null, service_type=EXPLORE, real_timestamp=1571879691704}}, false)
10-24 10:14:51.721 21433 21492 V RCTVR_HERMES: [log]: 'Home', 'SessionsInVR: Failed to fetch.'
10-24 10:14:51.721 21433 21472 D OculusLogger: logLegacyEvent(oculus_home_init_latency_localization, {{from_pkg=com.oculus.vrshell, step=, device_type=MONTEREY, headset_type=MONTEREY, destination=, source=, timerId=, section_name=null, service_type=EXPLORE, id=100526290914264, session_id=d794a180-5f32-4a4d-9e39-ce5c03016b21, first_session_event=true, device_region=UNSPECIFIED, sub_section_name=null, active_duration_ms=49.40754700032994, real_timestamp=1571879691718}}, false)
10-24 10:14:51.723 21433 21492 I RCTVR_HERMES: [info]: 'Analytics', { section_name: 'null',
10-24 10:14:51.723 21433 21492 I RCTVR_HERMES:   sub_section_name: 'null',
10-24 10:14:51.723 21433 21492 I RCTVR_HERMES:   destination: undefined,
10-24 10:14:51.723 21433 21492 I RCTVR_HERMES:   source: undefined,
10-24 10:14:51.723 21433 21492 I RCTVR_HERMES:   timerId: undefined,
10-24 10:14:51.723 21433 21492 I RCTVR_HERMES:   first_session_event: true,
10-24 10:14:51.723 21433 21492 I RCTVR_HERMES:   active_duration_ms: 48.216765999794006,
10-24 10:14:51.723 21433 21492 I RCTVR_HERMES:   step: '',
10-24 10:14:51.723 21433 21492 I RCTVR_HERMES:   real_timestamp: 1571879691721,
10-24 10:14:51.723 21433 21492 I RCTVR_HERMES:   type: 'oculus_home_init_latency_sessions_in_vr' }
10-24 10:14:51.730 21433 21492 I RCTVR_HERMES: [info]: 'Analytics', { default_values_used: true,
10-24 10:14:51.730 21433 21492 I RCTVR_HERMES:   duration_ms: 58,
10-24 10:14:51.730 21433 21492 I RCTVR_HERMES:   payload: '[{"name":"assistant_on_oculus","isPassing":"unknown"},{"name":"dash_events","isPassing":"false"},{"name":"feed_content_creators","isPassing":"false"},{"name":"oc_allow_changing_handle","isPassing":"unknown"},{"name":"oc_cinema_can_view_unpublished_video","isPassing":"unknown"},{"name":"oc_explore_enable_video_stereo_mono_control","isPassing":"unknown"},{"name":"oc_preview_video","isPassing":"unknown"},{"name":"oc_organizations_video","isPassing":"unknown"},{"name":"oc_referral_system_master_gk","isPassing":"true"},{"name":"oc_replace_first_last_with_name","isPassing":"unknown"},{"name":"oculus_3ds2_test_flow","isPassing":"unknown"},{"name":"oculus_abuse_recording_overlay_software_button","isPassing":"false"},{"name":"oculus_abuse_report_recording_by_default","isPassing":"true"},{"name":"oculus_abuse_reporters_enqueue_in_test_srt_queue","isPassing":"false"},{"name":"oculus_action_on_press","isPassing":"false"},{"name":"oculus_ava
10-24 10:14:51.732 21433 21472 I panelapp: LE reactvr_info
10-24 10:14:51.733 21433 21472 D OculusLogger: logLegacyEvent(reactvr_info, {{device_type=MONTEREY, headset_type=MONTEREY, id=100526290914264, session_id=d794a180-5f32-4a4d-9e39-ce5c03016b21, uid=2, device_region=UNSPECIFIED, type=network_fetch_start, real_timestamp=1571879691724}}, false)
10-24 10:14:51.733 21433 21472 D OculusLogger: logLegacyEvent(oculus_home_init_latency_sessions_in_vr, {{from_pkg=com.oculus.vrshell, step=, device_type=MONTEREY, headset_type=MONTEREY, destination=, source=, timerId=, section_name=null, service_type=EXPLORE, id=100526290914264, session_id=d794a180-5f32-4a4d-9e39-ce5c03016b21, first_session_event=true, device_region=UNSPECIFIED, sub_section_name=null, active_duration_ms=48.216765999794006, real_timestamp=1571879691721}}, false)
10-24 10:14:51.734 21433 21472 D OculusLogger: logLegacyEvent(oculus_config, {{from_pkg=com.oculus.vrshell, duration_ms=58, device_type=MONTEREY, headset_type=MONTEREY, status=gk_read_completed, id=100526290914264, default_values_used=true, session_id=d794a180-5f32-4a4d-9e39-ce5c03016b21, device_region=UNSPECIFIED, payload=[{"name":"assistant_on_oculus","isPassing":"unknown"},{"name":"dash_events","isPassing":"false"},{"name":"feed_content_creators","isPassing":"false"},{"name":"oc_allow_changing_handle","isPassing":"unknown"},{"name":"oc_cinema_can_view_unpublished_video","isPassing":"unknown"},{"name":"oc_explore_enable_video_stereo_mono_control","isPassing":"unknown"},{"name":"oc_preview_video","isPassing":"unknown"},{"name":"oc_organizations_video","isPassing":"unknown"},{"name":"oc_referral_system_master_gk","isPassing":"true"},{"name":"oc_replace_first_last_with_name","isPassing":"unknown"},{"name":"oculus_3ds2_test_flow","isPassing":"unknown"},{"name":"oculus_abuse_recording_overlay_software_button","isPassing":"false"},{"name":"oculus_abuse_report_recording_by_default","isPassing":"true"},{"name":"oculus_abuse_reporters_enqueue_in_test_srt_queue","isPassing":"false"},{"name":"oculus_action_on_press","isPassing":"false"},{"name":"oculus_avatar_deeplink","isPassing":"true"},{"name":"oculus_avatar_expressive_editor","isPassing":"true"},{"name":"oculus_avatar_use_update_ipc","isPassing":"true"},{"name":"oculus_avatar_v2_upsell","isPassing":"true"},{"name":"oculus_client_manage_rcs","isPassing":"unknown"},{"name":"oculus_core2_avatar_v2_enabled","isPassing":"true"},{"name":"oculus_cornerstone_edit_avatar_button_deeplink","isPassing":"true"},{"name":"oculus_dash_avatar_editor","isPassing":"false"},{"name":"oculus_dash_disco_store_default","isPassing":"unknown"},{"name":"oculus_dash_disco_store_search","isPassing":"false"},{"name":"oculus_dash_joystick_recenter","isPassing":"unknown"},{"name":"oculus_dash_joystick_recenter_always","isPassing":"unknown"},{"name":"oculus_dash_lock_dash","isPassing":"false"},{"name":"oculus_dash_native_keyboard","isPassing":"true"},{"name":"oculus_dash_new_belt_model","isPassing":"true"},{"name":"oculus_dash_new_grabbing_mechanics","isPassing":"true"},{"name":"oculus_dash_no_worlds_store","isPassing":"false"},{"name":"oculus_dash_panel_context_menu","isPassing":"true"},{"name":"oculus_dash_panel_pullout","isPassing":"true"},{"name":"oculus_dash_remove_maps_setting_visible","isPassing":"unknown"},{"name":"oculus_dash_show_guardian_user_settings","isPassing":"true"},{"name":"oculus_dash_wishlist","isPassing":"unknown"},{"name":"oculus_dash_notifications_toast","isPassing":"unknown"},{"name":"oculus_dash_window_focus","isPassing":"false"},{"name":"oculus_developer","isPassing":"true"},{"name":"oculus_enable_non_vr_apps_launch_v2","isPassing":"false"},{"name":"oculus_events","isPassing":"true"},{"name":"oculus_explore_center_on_first_story","isPassing":"false"},{"name":"oculus_explore_no_media","isPassing":"true"},{"name":"oculus_explore_pagination","isPassing":"true"},{"name":"oculus_explore_trusted_tester","isPassing":"false"},{"name":"oculus_explore_video_finished_view","isPassing":"false"},{"name":"oculus_explore_collection_loading_back_button","isPassing":"false"},{"name":"oculus_explore_use_media_player","isPassing":"true"},{"name":"oculus_gallery_enable_facebook","isPassing":"false"},{"name":"oculus_gallery_enable_social_test","isPassing":"unknown"},{"name":"oculus_gallery_smart_folder_navigation","isPassing":"false"},{"name":"oculus_gallery_cardboard_audio","isPassing":"false"},{"name":"oculus_gallery_tv_environment","isPassing":"unknown"},{"name":"oculus_gallery_enable_syncmode_external","isPassing":"unknown"},{"name":"oculus_gallery_enable_google_photos","isPassing":"unknown"},{"name":"oculus_gallery_enable_otg","isPassing":"unknown"},{"name":"oculus_gallery_enable_phone_camera_roll","isPassing":"unknown"},{"name":"oculus_gallery_three_d_photo_support","isPassing":"unknown"},{"name":"oculus_gender","isPassing":"unknown"},{"name":"oculus_guardian_rifts_show_reloc_survey","isPassing":"unkn
10-24 10:14:51.744  1828  1912 I [OAR] AudioSystem: Starting haptic hover1 on device 536870915
10-24 10:14:51.744  1828  1912 I [OAR] AudioMixer: Creating a new stream for client UiSound5
10-24 10:14:51.744  1828  1912 I [OAR] AudioMixer: PlaySoundEffect: 1554 samples at 28.432064
10-24 10:14:51.749 21433 21492 I RCTVR_HERMES: [info]: 'Analytics', { section_name: 'null',
10-24 10:14:51.749 21433 21492 I RCTVR_HERMES:   sub_section_name: 'null',
10-24 10:14:51.749 21433 21492 I RCTVR_HERMES:   destination: undefined,
10-24 10:14:51.749 21433 21492 I RCTVR_HERMES:   source: undefined,
10-24 10:14:51.749 21433 21492 I RCTVR_HERMES:   timerId: undefined,
10-24 10:14:51.749 21433 21492 I RCTVR_HERMES:   first_session_event: true,
10-24 10:14:51.749 21433 21492 I RCTVR_HERMES:   active_duration_ms: 85.98051199968904,
10-24 10:14:51.749 21433 21492 I RCTVR_HERMES:   step: '',
10-24 10:14:51.749 21433 21492 I RCTVR_HERMES:   real_timestamp: 1571879691748,
10-24 10:14:51.749 21433 21492 I RCTVR_HERMES:   type: 'oculus_home_init_latency_gatekeepers' }
10-24 10:14:51.750 21433 21492 I RCTVR_HERMES: [info]: 'Analytics', { status: 'qp_initialize_started', type: 'oculus_config' }
10-24 10:14:51.761 21433 21472 I panelapp: LE reactvr_info
10-24 10:14:51.761 21433 21476 I libjingle: [000:000] [21476] (WebRtcPeerConnectionFactory.cpp:119): WebRtcPeerConnectionFactory::WebRtcPeerConnectionFactory
10-24 10:14:51.762 21433 21472 D OculusLogger: logLegacyEvent(reactvr_info, {{device_type=MONTEREY, headset_type=MONTEREY, id=100526290914264, session_id=d794a180-5f32-4a4d-9e39-ce5c03016b21, uid=3, device_region=UNSPECIFIED, type=network_fetch_start, real_timestamp=1571879691756}}, false)
10-24 10:14:51.762 21433 21472 D OculusLogger: logLegacyEvent(oculus_home_init_latency_gatekeepers, {{from_pkg=com.oculus.vrshell, device_type=MONTEREY, step=, headset_type=MONTEREY, destination=, source=, timerId=, section_name=null, service_type=EXPLORE, id=100526290914264, session_id=d794a180-5f32-4a4d-9e39-ce5c03016b21, device_region=UNSPECIFIED, first_session_event=true, sub_section_name=null, active_duration_ms=85.98051199968904, real_timestamp=1571879691748}}, false)
10-24 10:14:51.762 21433 21472 D OculusLogger: logLegacyEvent(oculus_config, {{from_pkg=com.oculus.vrshell, device_type=MONTEREY, headset_type=MONTEREY, status=qp_initialize_started, id=100526290914264, session_id=d794a180-5f32-4a4d-9e39-ce5c03016b21, device_region=UNSPECIFIED, service_type=EXPLORE}}, false)
10-24 10:14:51.762 21433 21519 I libjingle: [000:001] [21519] (WebRtcPeerConnectionFactory.cpp:98): SetThreadCPUAffinity failed for thread 0, cpu mask 15 err=Invalid argument 22
10-24 10:14:51.763 21433 21520 I libjingle: [000:001] [21520] (WebRtcPeerConnectionFactory.cpp:98): SetThreadCPUAffinity failed for thread 0, cpu mask 15 err=Invalid argument 22
10-24 10:14:51.763 21433 21476 I libjingle: [000:002] [21476] (WebRtcPeerConnectionFactory.cpp:164): WebRtcPeerConnectionFactory::WebRtcPeerConnectionFactory enc 0xe311e568 dec 0xcf0eb630
10-24 10:14:51.763 21433 21520 D JVM     : AttachCurrentThreadIfNeeded::ctor@[tid=21520]
10-24 10:14:51.763 21433 21520 D JVM     : Attaching thread to JVM
10-24 10:14:51.763 21433 21520 D JVM     : JVM::environment@[tid=21520]
10-24 10:14:51.763 21433 21520 D JVM     : JNIEnvironment::ctor@[tid=21520]
10-24 10:14:51.763 21433 21520 D AudioManager: ctor@[tid=21520]
10-24 10:14:51.763 21433 21520 D JVM     : JNIEnvironment::RegisterNatives(org/webrtc/voiceengine/WebRtcAudioManager)
10-24 10:14:51.763 21433 21520 D JVM     : NativeRegistration::ctor@[tid=21520]
10-24 10:14:51.763 21433 21520 D JVM     : NativeRegistration::NewObject@[tid=21520]
10-24 10:14:51.764 21433 21520 I org.webrtc.Logging: WebRtcAudioManager: ctor@[name=Thread-8, id=128]
10-24 10:14:51.765 21433 21520 I org.webrtc.Logging: WebRtcAudioManager: Sample rate is set to 48000 Hz
10-24 10:14:51.771 21433 21492 I RCTVR_HERMES: [info]: QuickExperiments loaded native cached QEs.
10-24 10:14:51.771   704 19595 I [CT]    : HealthReport: ==================================================
10-24 10:14:51.771   704 19595 I [CT]    : Health Report
10-24 10:14:51.771   704 19595 I [CT]    : -------------
10-24 10:14:51.771   704 19595 I [CT]    : 
10-24 10:14:51.771   704 19595 I [CT]    : Reporter #1 (InsideOutHealthMonitor) summary:
10-24 10:14:51.771   704 19595 I [CT]    : Camera: Total Dropped: 0.000000, Total Frame Count: 2375 (0.000000%), Camera Reset Count: 0
10-24 10:14:51.771   704 19595 I [CT]    : Camera: Total Single Camera Frame Dropped: 0, Total Frame Count: 2375 (0.000000%)
10-24 10:14:51.771   704 19595 I [CT]    : IMU: Total Dropped: 0.000000, Total Sample Count: 105595 (0.000000%)
10-24 10:14:51.771   704 19595 I [CT]    : Magnetometer: Total Dropped: 0.000000, Total Sample Count: 3168 (0.000000%)
10-24 10:14:51.771   704 19595 I [CT]    : 
10-24 10:14:51.771   704 19595 I [CT]    : Reporter #1 (InsideOutHealthMonitor) Passed
10-24 10:14:51.771   704 19595 I [CT]    : --------------------------------------------------
10-24 10:14:51.771   704 19595 I [CT]    : Reporter #2 (ConstellationHealthMonitor) summary:
10-24 10:14:51.771   704 19595 I [CT]    : Camera: Total Dropped: 0.000000, Total Frame Count: 2376 (0.000000%), Camera Reset Count: 2
10-24 10:14:51.771   704 19595 I [CT]    : Camera: Total Single Camera Frame Dropped: 0, Total Frame Count: 2376 (0.000000%)
10-24 10:14:51.771   704 19595 I [CT]    : Controller 16572054001761934198:
10-24 10:14:51.771   704 19595 I [CT]    : IMU: Capture period exceeded threshold.  Largest period: 4.567001 sec
10-24 10:14:51.771   704 19595 I [CT]    : Controllers may have been sleeping
10-24 10:14:51.771   704 19595 I [CT]    : IMU: Total Dropped: 0.000000, Total Sample Count: 50571.479000 (0.000000%)
10-24 10:14:51.771   704 19595 I [CT]    : Controller 3669952633402657438:
10-24 10:14:51.771 21433 21492 I RCTVR_HERMES: [info]: Overrides: [object Object]
10-24 10:14:51.777  1828 21325 I [OAR] AudioMixer: Finishing mono effect
10-24 10:14:51.780  1779 21521 I FbnsPushNotificationHandler: {"ndid":"","persisted_id":"","extra_data":"{\"user_with_updated_status\":\"100526290914264\",\"presence\":\"\\u30db\\u30fc\\u30e0 | Quest\",\"app_id\":1481000308606657,\"friend_display_name\":\"\\u5f8c\\u85e4 \\u99ff\\u4ecb\"}","PushNotifID":"cfa7bfac-3b81-4a51-b45c-ef630df0b8f2"}
10-24 10:14:51.780  1779 21521 I NotificationReceiver: oculus_user_status
10-24 10:14:51.780 21433 21520 I org.webrtc.Logging: WebRtcAudioEffects: canUseAcousticEchoCanceler: true
10-24 10:14:51.785 21433 21520 I org.webrtc.Logging: WebRtcAudioEffects: canUseAutomaticGainControl: false
10-24 10:14:51.791 21433 21492 I RCTVR_HERMES: [info]: 'Analytics', { default_values_used: false,
10-24 10:14:51.791 21433 21492 I RCTVR_HERMES:   duration_ms: 104,
10-24 10:14:51.791 21433 21492 I RCTVR_HERMES:   payload: '{"sessionless__oculus_journey_universe_4":{"name":"qe_default","group":null,"inExperiment":false,"exposureTtl":3600,"params":[],"shouldLog":false,"inDeployGroup":false,"hash":"f2050113b8391293dc4eb5956df0847a"},"sessionless__oculus_mobile_search_exact_match_universe":{"name":"sessionless__oculus_mobile_search_exact_match_experiment","group":"test","inExperiment":true,"exposureTtl":3600,"params":{"show_exact_match":{"type":1,"value":"1"},"match_threshold":{"type":1,"value":"5"},"miss_threshold":{"type":1,"value":"0.1"}},"shouldLog":true,"inDeployGroup":false,"hash":"8af96cd3c64a9598199e39f2cd1eef18"},"sessionless__oculus_search_home_web_search_universe":{"name":"sessionless__oculus_search_home_web_search_button","group":"Test","inExperiment":true,"exposureTtl":3600,"params":{"is_enabled":{"type":1,"value":"1"}},"shouldLog":true,"inDeployGroup":false,"hash":"0cbf14350e629b39a5b7de754f0393d1"},"sessionless__oculus_journey_univers
10-24 10:14:51.792 21433 21492 I RCTVR_HERMES: [info]: 'Analytics', { section_name: 'null',
10-24 10:14:51.792 21433 21492 I RCTVR_HERMES:   sub_section_name: 'null',
10-24 10:14:51.792 21433 21492 I RCTVR_HERMES:   destination: undefined,
10-24 10:14:51.792 21433 21492 I RCTVR_HERMES:   source: undefined,
10-24 10:14:51.792 21433 21492 I RCTVR_HERMES:   timerId: undefined,
10-24 10:14:51.792 21433 21492 I RCTVR_HERMES:   first_session_event: true,
10-24 10:14:51.792 21433 21492 I RCTVR_HERMES:   active_duration_ms: 124.13868599990383,
10-24 10:14:51.792 21433 21492 I RCTVR_HERMES:   step: '',
10-24 10:14:51.792 21433 21492 I RCTVR_HERMES:   real_timestamp: 1571879691792,
10-24 10:14:51.792 21433 21492 I RCTVR_HERMES:   type: 'oculus_home_qe_latency' }
10-24 10:14:51.793 21433 21492 I RCTVR_HERMES: [info]: 'Analytics', { section_name: 'null',
10-24 10:14:51.793 21433 21492 I RCTVR_HERMES:   sub_section_name: 'null',
10-24 10:14:51.793 21433 21492 I RCTVR_HERMES:   destination: undefined,
10-24 10:14:51.793 21433 21492 I RCTVR_HERMES:   source: undefined,
10-24 10:14:51.793 21433 21492 I RCTVR_HERMES:   timerId: undefined,
10-24 10:14:51.793 21433 21492 I RCTVR_HERMES:   first_session_event: true,
10-24 10:14:51.793 21433 21492 I RCTVR_HERMES:   active_duration_ms: 125.11498800013214,
10-24 10:14:51.793 21433 21492 I RCTVR_HERMES:   step: '',
10-24 10:14:51.793 21433 21492 I RCTVR_HERMES:   real_timestamp: 1571879691793,
10-24 10:14:51.793 21433 21492 I RCTVR_HERMES:   type: 'oculus_home_init_latency_quick_experiments' }
10-24 10:14:51.794 21433 21492 W RCTVR_HERMES: [warn]: QEData empty or corrupt for sessionless__oculus_mobile_explore_prefetching
10-24 10:14:51.794 21433 21492 I RCTVR_HERMES: [info]: 'Analytics', { section_name: 'null',
10-24 10:14:51.794 21433 21492 I RCTVR_HERMES:   sub_section_name: 'null',
10-24 10:14:51.794 21433 21492 I RCTVR_HERMES:   destination: undefined,
10-24 10:14:51.794 21433 21492 I RCTVR_HERMES:   source: undefined,
10-24 10:14:51.794 21433 21492 I RCTVR_HERMES:   timerId: undefined,
10-24 10:14:51.794 21433 21492 I RCTVR_HERMES:   first_session_event: true,
10-24 10:14:51.794 21433 21492 I RCTVR_HERMES:   active_duration_ms: 0.3444269997999072,
10-24 10:14:51.794 21433 21492 I RCTVR_HERMES:   step: '',
10-24 10:14:51.794 21433 21492 I RCTVR_HERMES:   real_timestamp: 1571879691794,
10-24 10:14:51.794 21433 21492 I RCTVR_HERMES:   type: 'oculus_home_init_latency_native_prefetch' }
10-24 10:14:51.794  1779 21521 I NotificationReceiver: Notification cannot be toasted without a message. Hiding notif
10-24 10:14:51.795 21433 21492 V RCTVR_HERMES: [log]: 'Home', 'Initial URL: apk://com.oculus.vrshell.home/?_oc_enterprise_mode=false&_oc_shell_panel_app_index=1&_oc_shell_version_code=178455526&_oc_headset_type=256&_oc_launch_timestamp=2813183&_oc_gearvr_developer_mode=true&_oc_shell_version_name=10.0.0.143.427&uri=%2Fprime&_oc_analytics_session_id=d794a180-5f32-4a4d-9e39-ce5c03016b21&_oc_shell_automation_enabled=false&_oc_gk:oculus_mobile_sysux_unified_dialogs_v9=true&_oc_shell_permissions=permissionsGranted%20camera%20write_storage%20microphone&_oc_shell_feature_sets=multi-layer-v1%2Cmirror-avatar-v1%2Csystem-ux-routes-v1%2Cdeeplink-nav-v1&_oc_gk:oculus_vrshell_core_anytime_ui=true&_oc_userid=100526290914264&_oc_device_type=259&_oc_gk:oculus_mobile_go_environments_picker_migration=true&_oc_device_region=0&_oc_gk:oculus_mobile_home_panel_services=true'
10-24 10:14:51.796 21433 21520 I org.webrtc.Logging: WebRtcAudioEffects: canUseNoiseSuppressor: true
10-24 10:14:51.796 21433 21492 I RCTVR_HERMES: [info]: 'Home', [ 'Deeplinking URI: /deeplinking/prime?deeplinkingRoot=1' ]
10-24 10:14:51.798 21433 21492 I RCTVR_HERMES: [info]: 'Analytics', { section_name: 'null',
10-24 10:14:51.798 21433 21492 I RCTVR_HERMES:   sub_section_name: 'null',
10-24 10:14:51.798 21433 21492 I RCTVR_HERMES:   destination: undefined,
10-24 10:14:51.798 21433 21492 I RCTVR_HERMES:   source: undefined,
10-24 10:14:51.798 21433 21492 I RCTVR_HERMES:   timerId: undefined,
10-24 10:14:51.798 21433 21492 I RCTVR_HERMES:   first_session_event: true,
10-24 10:14:51.798 21433 21492 I RCTVR_HERMES:   active_duration_ms: 128.47899700002745,
10-24 10:14:51.798 21433 21492 I RCTVR_HERMES:   step: '',
10-24 10:14:51.798 21433 21492 I RCTVR_HERMES:   real_timestamp: 1571879691797,
10-24 10:14:51.798 21433 21492 I RCTVR_HERMES:   type: 'oculus_home_init_latency_deeplinking' }
10-24 10:14:51.798 21433 21492 I RCTVR_HERMES: [info]: 'Library', [ 'global library update received' ]
10-24 10:14:51.800 21433 21520 D AudioManager: OnCacheAudioParameters@[tid=21520]
10-24 10:14:51.800 21433 21520 D AudioManager: hardware_aec: 1
10-24 10:14:51.800 21433 21520 D AudioManager: hardware_agc: 0
10-24 10:14:51.800 21433 21520 D AudioManager: hardware_ns: 1
10-24 10:14:51.800 21433 21520 D AudioManager: low_latency_output: 1
10-24 10:14:51.800 21433 21520 D AudioManager: sample_rate: 48000
10-24 10:14:51.800 21433 21520 D AudioManager: channels: 1
10-24 10:14:51.800 21433 21520 D AudioManager: output_buffer_size: 192
10-24 10:14:51.800 21433 21520 D AudioManager: input_buffer_size: 1920
10-24 10:14:51.800 21433 21520 D JVM     : GlobalRef::ctor@[tid=21520]
10-24 10:14:51.800 21433 21520 D AudioManager: JavaAudioManager::ctor@[tid=21520]
10-24 10:14:51.800 21433 21520 D JVM     : AttachCurrentThreadIfNeeded::ctor@[tid=21520]
10-24 10:14:51.800 21433 21520 D JVM     : JVM::environment@[tid=21520]
10-24 10:14:51.800 21433 21520 D JVM     : JNIEnvironment::ctor@[tid=21520]
10-24 10:14:51.800 21433 21520 D AudioTrackJni: ctor@[tid=21520]
10-24 10:14:51.800 21433 21520 D JVM     : JNIEnvironment::RegisterNatives(org/webrtc/voiceengine/WebRtcAudioTrack)
10-24 10:14:51.800 21433 21520 D JVM     : NativeRegistration::ctor@[tid=21520]
10-24 10:14:51.800 21433 21520 D JVM     : NativeRegistration::NewObject@[tid=21520]
10-24 10:14:51.800 21433 21492 V RCTVR_HERMES: [log]: 'Home', 'HomeGraphQueryUtils: fetching https://graph.oculus.com/graphql?forced_locale=ja_JP&q=viewer()%7Buser%7Bdevice_preferences.device_id(%3Cdevice_id%3E)%7Bsessions_in_vr%7D%7D%7D&query_params=%7B%22device_id%22%3A%22be0fd68d00cfd792%22%7D'
10-24 10:14:51.800 21433 21520 I org.webrtc.Logging: WebRtcAudioTrack: ctor@[name=Thread-8, id=128]
10-24 10:14:51.800 21433 21520 D JVM     : GlobalRef::ctor@[tid=21520]
10-24 10:14:51.800 21433 21520 D AudioManager: SetActiveAudioLayer(5)@[tid=21520]
10-24 10:14:51.800 21433 21520 D AudioManager: delay_estimate_in_milliseconds: 150
10-24 10:14:51.800 21433 21520 D AudioTrackJni: AttachAudioBuffer@[tid=21520]
10-24 10:14:51.800 21433 21520 D AudioTrackJni: SetPlayoutSampleRate(48000)
10-24 10:14:51.800 21433 21520 D AudioTrackJni: SetPlayoutChannels(1)
10-24 10:14:51.800 21433 21520 I libjingle: [000:039] [21520] (AudioRecordWrapper.cpp:53): Attached an audio buffer to AudioRecordWrapper
10-24 10:14:51.801 21433 21492 V RCTVR_HERMES: [log]: 'Home', 'SessionsInVR: Failed to fetch.'
10-24 10:14:51.804 21433 21472 D OculusLogger: logLegacyEvent(oculus_config, {{from_pkg=com.oculus.vrshell, duration_ms=104, device_type=MONTEREY, headset_type=MONTEREY, status=qe_read_completed, id=100526290914264, default_values_used=false, session_id=d794a180-5f32-4a4d-9e39-ce5c03016b21, device_region=UNSPECIFIED, payload={"sessionless__oculus_journey_universe_4":{"name":"qe_default","group":null,"inExperiment":false,"exposureTtl":3600,"params":[],"shouldLog":false,"inDeployGroup":false,"hash":"f2050113b8391293dc4eb5956df0847a"},"sessionless__oculus_mobile_search_exact_match_universe":{"name":"sessionless__oculus_mobile_search_exact_match_experiment","group":"test","inExperiment":true,"exposureTtl":3600,"params":{"show_exact_match":{"type":1,"value":"1"},"match_threshold":{"type":1,"value":"5"},"miss_threshold":{"type":1,"value":"0.1"}},"shouldLog":true,"inDeployGroup":false,"hash":"8af96cd3c64a9598199e39f2cd1eef18"},"sessionless__oculus_search_home_web_search_universe":{"name":"sessionless__oculus_search_home_web_search_button","group":"Test","inExperiment":true,"exposureTtl":3600,"params":{"is_enabled":{"type":1,"value":"1"}},"shouldLog":true,"inDeployGroup":false,"hash":"0cbf14350e629b39a5b7de754f0393d1"},"sessionless__oculus_journey_universe_5":{"name":"qe_default","group":null,"inExperiment":false,"exposureTtl":3600,"params":[],"shouldLog":false,"inDeployGroup":false,"hash":"f2050113b8391293dc4eb5956df0847a"},"sessionless__oculus_home_percent_positive_ratings_universe":{"name":"sessionless__oculus_home_percent_positive_ratings_v1","group":"control","inExperiment":true,"exposureTtl":3600,"params":{"is_percent_positive_ratings_enabled":{"type":1,"value":"0"}},"shouldLog":true,"inDeployGroup":false,"hash":"7fe46643a183d4c5b0d98ad42c2496bb"},"sessionless__oculus_vrshell_aui_library_badge_universe":{"name":"qe_default","group":null,"inExperiment":false,"exposureTtl":3600,"params":[],"shouldLog":false,"inDeployGroup":false,"hash":"f2050113b8391293dc4eb5956df0847a"},"sessionless__oculus_journey_universe_6":{"name":"qe_default","group":null,"inExperiment":false,"exposureTtl":3600,"params":[],"shouldLog":false,"inDeployGroup":false,"hash":"f2050113b8391293dc4eb5956df0847a"},"sessionless__oculus_explore_preference_customization":{"name":"qe_default","group":null,"inExperiment":false,"exposureTtl":3600,"params":[],"shouldLog":false,"inDeployGroup":false,"hash":"f2050113b8391293dc4eb5956df0847a"},"sessionless__oculus_explore_show_inline_event_app_download":{"name":"qe_default","group":null,"inExperiment":false,"exposureTtl":3600,"params":[],"shouldLog":false,"inDeployGroup":false,"hash":"f2050113b8391293dc4eb5956df0847a"},"sessionless__oculus_explore_prime_metadata_universe":{"name":"qe_default","group":null,"inExperiment":false,"exposureTtl":3600,"params":[],"shouldLog":false,"inDeployGroup":false,"hash":"f2050113b8391293dc4eb5956df0847a"},"sessionless__oculus_home_redesign_nav_bar_universe":{"name":"qe_default","group":null,"inExperiment":false,"exposureTtl":3600,"params":[],"shouldLog":false,"inDeployGroup":false,"hash":"f2050113b8391293dc4eb5956df0847a"},"sessionless__oculus_store_disco_vr_pdp":{"name":"sessionless__oculus_store_disco_vr_pdp_experiment","group":null,"inExperiment":false,"exposureTtl":3600,"params":[],"shouldLog":false,"inDeployGroup":false,"hash":"a5e6a28627be6243ab454ccd50d461d2"},"sessionless__oculus_journey_universe_7":{"name":"qe_default","group":null,"inExperiment":false,"exposureTtl":3600,"params":[],"shouldLog":false,"inDeployGroup":false,"hash":"f2050113b8391293dc4eb5956df0847a"},"sessionless__oculus_library_small_cards_universe":{"name":"qe_default","group":null,"inExperiment":false,"exposureTtl":3600,"params":[],"shouldLog":false,"inDeployGroup":false,"hash":"f2050113b8391293dc4eb5956df0847a"},"sessionless__oculus_journey_universe_8":{"name":"qe_default","group":null,"inExperiment":false,"exposureTtl":3600,"params":[],"shouldLog":false,"inDeployGroup":false,"hash":"f2050113b8391293dc4eb5956df0847a"},"sessionless__oculus_home_customize_viewtypes_universe":{"name":"qe_default","group":null,"inExperim
10-24 10:14:51.804 21433 21520 I libjingle: [000:043] [21520] (webrtcvoiceengine.cc:246): WebRtc VoiceEngine codecs:
10-24 10:14:51.805 21433 21520 I libjingle: [000:043] [21520] (webrtcvoiceengine.cc:273): ISAC/16000/1 (103)
10-24 10:14:51.805 21433 21520 I libjingle: [000:043] [21520] (webrtcvoiceengine.cc:273): PCMU/8000/1 (0)
10-24 10:14:51.805 21433 21520 I libjingle: [000:043] [21520] (webrtcvoiceengine.cc:273): PCMA/8000/1 (8)
10-24 10:14:51.805 21433 21520 W libjingle: [000:043] [21520] (webrtcvoiceengine.cc:297): Unexpected codec: PCMU/8000/2 (110)
10-24 10:14:51.805 21433 21520 W libjingle: [000:043] [21520] (webrtcvoiceengine.cc:297): Unexpected codec: PCMA/8000/2 (118)
10-24 10:14:51.805 21433 21520 I libjingle: [000:043] [21520] (webrtcvoiceengine.cc:273): ILBC/8000/1 (102)
10-24 10:14:51.805 21433 21520 I libjingle: [000:043] [21520] (webrtcvoiceengine.cc:273): G722/8000/1 (9)
10-24 10:14:51.805 21433 21520 W libjingle: [000:043] [21520] (webrtcvoiceengine.cc:297): Unexpected codec: G722/8000/2 (119)
10-24 10:14:51.805 21433 21520 I libjingle: [000:043] [21520] (webrtcvoiceengine.cc:273): opus/48000/2 (111)
10-24 10:14:51.805 21433 21520 I libjingle: [000:043] [21520] (webrtcvoiceengine.cc:273): CN/8000/1 (13)
10-24 10:14:51.805 21433 21520 I libjingle: [000:043] [21520] (webrtcvoiceengine.cc:273): CN/16000/1 (105)
10-24 10:14:51.805 21433 21520 I libjingle: [000:043] [21520] (webrtcvoiceengine.cc:273): CN/32000/1 (106)
10-24 10:14:51.805 21433 21520 I libjingle: [000:043] [21520] (webrtcvoiceengine.cc:273): telephone-event/8000/1 (126)
10-24 10:14:51.805 21433 21520 I libjingle: [000:043] [21520] (webrtcvoiceengine.cc:273): red/8000/1 (127)
10-24 10:14:51.805 21433 21520 I libjingle: [000:043] [21520] (webrtcvideoengine2.cc:497): WebRtcVideoEngine2::WebRtcVideoEngine2()
10-24 10:14:51.805 21433 21472 D OculusLogger: logLegacyEvent(oculus_home_qe_latency, {{from_pkg=com.oculus.vrshell, device_type=MONTEREY, step=, headset_type=MONTEREY, destination=, source=, timerId=, section_name=null, service_type=EXPLORE, id=100526290914264, session_id=d794a180-5f32-4a4d-9e39-ce5c03016b21, device_region=UNSPECIFIED, first_session_event=true, sub_section_name=null, active_duration_ms=124.13868599990383, real_timestamp=1571879691792}}, false)
10-24 10:14:51.805 21433 21472 D OculusLogger: logLegacyEvent(oculus_home_init_latency_quick_experiments, {{from_pkg=com.oculus.vrshell, step=, device_type=MONTEREY, headset_type=MONTEREY, destination=, source=, timerId=, section_name=null, service_type=EXPLORE, id=100526290914264, session_id=d794a180-5f32-4a4d-9e39-ce5c03016b21, device_region=UNSPECIFIED, first_session_event=true, sub_section_name=null, active_duration_ms=125.11498800013214, real_timestamp=1571879691793}}, false)
10-24 10:14:51.805 21433 21472 D OculusLogger: logLegacyEvent(oculus_home_init_latency_native_prefetch, {{from_pkg=com.oculus.vrshell, device_type=MONTEREY, step=, headset_type=MONTEREY, destination=, source=, timerId=, section_name=null, service_type=EXPLORE, id=100526290914264, session_id=d794a180-5f32-4a4d-9e39-ce5c03016b21, first_session_event=true, device_region=UNSPECIFIED, sub_section_name=null, active_duration_ms=0.3444269997999072, real_timestamp=1571879691794}}, false)
10-24 10:14:51.806 21433 21492 W RCTVR_HERMES: [warn]: QEData empty or corrupt for sessionless__oculus_vrshell_aui_library_badge_universe
10-24 10:14:51.806 21433 21492 W RCTVR_HERMES: [warn]: QEData empty or corrupt for sessionless__oculus_mobile_library_badge_updates_category_universe
10-24 10:14:51.806 21433 21472 D OculusLogger: logLegacyEvent(oculus_home_init_latency_deeplinking, {{from_pkg=com.oculus.vrshell, device_type=MONTEREY, step=, destination=, headset_type=MONTEREY, source=, timerId=, section_name=null, service_type=EXPLORE, id=100526290914264, session_id=d794a180-5f32-4a4d-9e39-ce5c03016b21, device_region=UNSPECIFIED, first_session_event=true, sub_section_name=null, active_duration_ms=128.47899700002745, real_timestamp=1571879691797}}, false)
10-24 10:14:51.806 21433 21472 D OculusLogger: logLegacyEvent(vrshell_info, {{from_pkg=com.oculus.vrshell, device_type=MONTEREY, headset_type=MONTEREY, id=100526290914264, data=["global library update received"], session_id=d794a180-5f32-4a4d-9e39-ce5c03016b21, device_region=UNSPECIFIED, service_type=EXPLORE}}, false)
10-24 10:14:51.808 21433 21492 I JniUtils: Using caller's JNIEnv
10-24 10:14:51.808 21433 21520 I libjingle: [000:047] [21520] (webrtcvoiceengine.cc:551): WebRtcVoiceEngine::Init
10-24 10:14:51.809 21433 21520 I libjingle: [000:047] [21520] (webrtcvoiceengine.cc:575): VoiceEngine 4.1.0
10-24 10:14:51.809 21433 21520 I libjingle: [000:047] [21520] (voe_base_impl.cc:244): Init: An external ADM implementation will be used in VoiceEngine
10-24 10:14:51.809 21433 21520 D AudioManager: Init@[tid=21520]
10-24 10:14:51.809 21433 21520 I org.webrtc.Logging: WebRtcAudioManager: init@[name=Thread-8, id=128]
10-24 10:14:51.810 21433 21492 V RCTVR_HERMES: [log]: 'Relay', 'Setting endpoint.'
10-24 10:14:51.811 21433 21520 I org.webrtc.Logging: WebRtcAudioManager: audio mode is: MODE_NORMAL
10-24 10:14:51.811 21433 21520 D AudioTrackJni: Init@[tid=21520]
10-24 10:14:51.811 21433 21520 I libjingle: [000:050] [21520] (webrtcvoiceengine.cc:1066): webrtc: output: available=0
10-24 10:14:51.812 21433 21520 E libjingle: [000:050] [21520] (webrtcvoiceengine.cc:1066): webrtc: stereo playout is not supported
10-24 10:14:51.812 21433 21520 W libjingle: [000:050] [21520] (webrtcvoiceengine.cc:1066): webrtc: Init() failed to set mono/stereo playout mode (error=8090)
10-24 10:14:51.812 21433 21520 I libjingle: [000:050] [21520] (webrtcvoiceengine.cc:1066): webrtc: output: available=0
10-24 10:14:51.812 21433 21520 E libjingle: [000:050] [21520] (webrtcvoiceengine.cc:1066): webrtc: recording in stereo is not supported
10-24 10:14:51.812 21433 21520 W libjingle: [000:050] [21520] (webrtcvoiceengine.cc:1066): webrtc: Init() failed to set mono/stereo recording mode (error=8090)
10-24 10:14:51.812 21433 21520 I libjingle: [000:050] [21520] (webrtcvoiceengine.cc:1066): webrtc: TransmitMixer::SetAudioProcessingModule(audioProcessingModule=0xcf1cc100)
10-24 10:14:51.812 21433 21520 I libjingle: [000:050] [21520] (webrtcvoiceengine.cc:1066): webrtc: OutputMixer::SetAudioProcessingModule(audioProcessingModule=0xcf1cc100)
10-24 10:14:51.812 21433 21520 E libjingle: [000:050] [21520] (voe_base_impl.cc:371): Init: Failed to set agc to enabled: 0
10-24 10:14:51.812 21433 21520 I libjingle: [000:050] [21520] (webrtcvoiceengine.cc:648): ApplyOptions: AudioOptions {aec: true, agc: true, ns: true, hf: true, swap: false, audio_jitter_buffer_max_packets: 50, audio_jitter_buffer_fast_accelerate: false, typing: true, agc_delta: 0, experimental_agc: false, extended_filter_aec: false, delay_agnostic_aec: false, experimental_ns: false, }
10-24 10:14:51.812 21433 21520 I OVRPlatform: [SharedMicrophoneAudioRecord] EnableBuiltInEffect(): called to enable effect 0
10-24 10:14:51.812 21433 21520 I libjingle: [000:050] [21520] (webrtcvoiceengine.cc:722): Disabling EC since built-in EC will be used instead
10-24 10:14:51.812 21433 21520 I libjingle: [000:050] [21520] (webrtcvoiceengine.cc:729): Echo control set to 0 with mode 4
10-24 10:14:51.812 21433 21520 I libjingle: [000:050] [21520] (webrtcvoiceengine.cc:764): Auto gain set to 0 with mode 4
10-24 10:14:51.812 21433 21520 I OVRPlatform: [SharedMicrophoneAudioRecord] EnableBuiltInEffect(): called to enable effect 2
10-24 10:14:51.812 21433 21520 I libjingle: [000:050] [21520] (webrtcvoiceengine.cc:804): Disabling NS since built-in NS will be used instead
10-24 10:14:51.812 21433 21520 I libjingle: [000:050] [21520] (webrtcvoiceengine.cc:811): Noise suppression set to 0 with mode 5
10-24 10:14:51.812 21433 21520 I libjingle: [000:050] [21520] (webrtcvoiceengine.cc:817): High pass filter enabled? 0
10-24 10:14:51.812 21433 21520 I libjingle: [000:050] [21520] (webrtcvoiceengine.cc:825): Stereo swapping enabled? 0
10-24 10:14:51.812 21433 21520 I libjingle: [000:051] [21520] (webrtcvoiceengine.cc:834): NetEq capacity is 50
10-24 10:14:51.812 21433 21520 I libjingle: [000:051] [21520] (webrtcvoiceengine.cc:842): NetEq fast mode? 0
10-24 10:14:51.812 21433 21520 I libjingle: [000:051] [21520] (webrtcvoiceengine.cc:850): Typing detection is enabled? 0
10-24 10:14:51.812 21433 21520 E libjingle: [000:051] [21520] (voe_audio_processing_impl.cc:955): SetTypingDetectionStatus: not supported
10-24 10:14:51.812 21433 21520 W libjingle: [000:051] [21520] (webrtcvoiceengine.cc:854): SetTypingDetectionStatus(0) failed, err=8003
10-24 10:14:51.812 21433 21520 I libjingle: [000:051] [21520] (webrtcvoiceengine.cc:859): Adjust agc delta is 0
10-24 10:14:51.812 21433 21520 I libjingle: [000:051] [21520] (webrtcvoiceengine.cc:1091): Adjusting AGC level from default -3dB to -3dB
10-24 10:14:51.812 21433 21520 I libjingle: [000:051] [21520] (webrtcvoiceengine.cc:870): Delay agnostic aec is enabled? 0
10-24 10:14:51.812 21433 21520 I libjingle: [000:051] [21520] (webrtcvoiceengine.cc:879): Extended filter aec is enabled? 0
10-24 10:14:51.812 21433 21520 I libjingle: [000:051] [21520] (webrtcvoiceengine.cc:888): Experimental ns is enabled? 0
10-24 10:14:51.812 21433 21520 I libjingle: [000:051] [21520] (webrtcvoiceengine.cc:611): WebRtc VoiceEngine codecs:
10-24 10:14:51.812 21433 21520 I libjingle: [000:051] [21520] (webrtcvoiceengine.cc:613): opus/48000/2 (111)
10-24 10:14:51.812 21433 21520 I libjingle: [000:051] [21520] (webrtcvoiceengine.cc:613): ISAC/16000/1 (103)
10-24 10:14:51.812 21433 21520 I libjingle: [000:051] [21520] (webrtcvoiceengine.cc:613): G722/8000/1 (9)
10-24 10:14:51.812 21433 21520 I libjingle: [000:051] [21520] (webrtcvoiceengine.cc:613): ILBC/8000/1 (102)
10-24 10:14:51.812 21433 21520 I libjingle: [000:051] [21520] (webrtcvoiceengine.cc:613): PCMU/8000/1 (0)
10-24 10:14:51.812 21433 21520 I libjingle: [000:051] [21520] (webrtcvoiceengine.cc:613): PCMA/8000/1 (8)
10-24 10:14:51.812 21433 21520 I libjingle: [000:051] [21520] (webrtcvoiceengine.cc:613): CN/32000/1 (106)
10-24 10:14:51.812 21433 21520 I libjingle: [000:051] [21520] (webrtcvoiceengine.cc:613): CN/16000/1 (105)
10-24 10:14:51.812 21433 21520 I libjingle: [000:051] [21520] (webrtcvoiceengine.cc:613): CN/8000/1 (13)
10-24 10:14:51.812 21433 21520 I libjingle: [000:051] [21520] (webrtcvoiceengine.cc:613): red/8000/1 (127)
10-24 10:14:51.812 21433 21520 I libjingle: [000:051] [21520] (webrtcvoiceengine.cc:613): telephone-event/8000/1 (126)
10-24 10:14:51.812 21433 21520 I libjingle: [000:051] [21520] (webrtcvoiceengine.cc:961): Setting microphone to (id=0) and speaker to (id=0)
10-24 10:14:51.812 21433 21520 W libjingle: [000:051] [21520] (webrtcvoiceengine.cc:1066): webrtc: SetRecordingChannel() unable to set the recording channel (error=10028)
10-24 10:14:51.812 21433 21520 E libjingle: [000:051] [21520] (webrtcvoiceengine.cc:1066): webrtc: recording in stereo is not supported
10-24 10:14:51.812 21433 21520 W libjingle: [000:051] [21520] (webrtcvoiceengine.cc:1066): webrtc: SetRecordingDevice() failed to set mono recording mode (error=8090)
10-24 10:14:51.812 21433 21520 E libjingle: [000:051] [21520] (webrtcvoiceengine.cc:1066): webrtc: stereo playout is not supported
10-24 10:14:51.812 21433 21520 W libjingle: [000:051] [21520] (webrtcvoiceengine.cc:1066): webrtc: SetPlayoutDevice() failed to set stereo playout mode (error=8090)
10-24 10:14:51.812 21433 21520 I libjingle: [000:051] [21520] (webrtcvoiceengine.cc:981): Set microphone to (id=0) and speaker to (id=0)
10-24 10:14:51.812 21433 21520 I libjingle: [000:051] [21520] (webrtcvoiceengine.cc:554): WebRtcVoiceEngine::Init Done!
10-24 10:14:51.812 21433 21520 I libjingle: [000:051] [21520] (webrtcvideoengine2.cc:506): WebRtcVideoEngine2::Init
10-24 10:14:51.814 21433 21472 I panelapp: LE reactvr_info
10-24 10:14:51.815 21433 21472 D OculusLogger: logLegacyEvent(reactvr_info, {{device_type=MONTEREY, headset_type=MONTEREY, id=100526290914264, session_id=d794a180-5f32-4a4d-9e39-ce5c03016b21, device_region=UNSPECIFIED, uid=4, type=network_fetch_start, real_timestamp=1571879691807}}, false)
10-24 10:14:51.815 21433 21472 I panelapp: LE reactvr_info
10-24 10:14:51.815 21433 21472 D OculusLogger: logLegacyEvent(reactvr_info, {{device_type=MONTEREY, headset_type=MONTEREY, id=100526290914264, session_id=d794a180-5f32-4a4d-9e39-ce5c03016b21, device_region=UNSPECIFIED, uid=5, type=network_fetch_start, real_timestamp=1571879691807}}, false)
10-24 10:14:51.815 21433 21472 D QuickPromotionModule: Initialized and enabled.
10-24 10:14:51.815 21433 21520 I libjingle: [000:054] [21520] (dtlsidentitystore.cc:53): Generating identity, using keytype 0
10-24 10:14:51.815 21433 21520 I libjingle: [000:054] [21520] (opensslidentity.cc:41): Making key pair
10-24 10:14:51.816 21433 21492 I RCTVR_HERMES: [info]: 'Analytics', { duration_ms: 66,
10-24 10:14:51.816 21433 21492 I RCTVR_HERMES:   status: 'qp_initialize_completed',
10-24 10:14:51.816 21433 21492 I RCTVR_HERMES:   type: 'oculus_config' }
10-24 10:14:51.820 21433 21492 I RCTVR_HERMES: [info]: 'Analytics', { section_name: 'null',
10-24 10:14:51.820 21433 21492 I RCTVR_HERMES:   sub_section_name: 'null',
10-24 10:14:51.820 21433 21492 I RCTVR_HERMES:   destination: undefined,
10-24 10:14:51.820 21433 21492 I RCTVR_HERMES:   source: undefined,
10-24 10:14:51.820 21433 21492 I RCTVR_HERMES:   timerId: undefined,
10-24 10:14:51.820 21433 21492 I RCTVR_HERMES:   first_session_event: true,
10-24 10:14:51.820 21433 21492 I RCTVR_HERMES:   active_duration_ms: 69.8221809999086,
10-24 10:14:51.820 21433 21492 I RCTVR_HERMES:   step: '',
10-24 10:14:51.820 21433 21492 I RCTVR_HERMES:   real_timestamp: 1571879691820,
10-24 10:14:51.820 21433 21492 I RCTVR_HERMES:   type: 'oculus_home_init_latency_quick_promotions' }
10-24 10:14:51.822 21433 21492 W RCTVR_HERMES: [warn]: QEData empty or corrupt for sessionless__oculus_horizon_party_live_streaming_universe
10-24 10:14:51.822 21433 21492 V RCTVR_HERMES: [log]: 'Routing', 'Redirecting to current default route /prime'
10-24 10:14:51.822 21433 21492 I RCTVR_HERMES: [info]: 'Routing', [ 'REPLACE Navigating to /prime' ]
10-24 10:14:51.822 21433 21492 V RCTVR_HERMES: [log]: 'Routing', [ 'REPLACE: /prime' ]
10-24 10:14:51.823 21433 21492 V RCTVR_HERMES: [log]: 'Routing', 'Referrer', null
10-24 10:14:51.824 21433 21492 I JniUtils: Using caller's JNIEnv
10-24 10:14:51.830 21433 21472 D OculusLogger: logLegacyEvent(oculus_config, {{from_pkg=com.oculus.vrshell, duration_ms=66, device_type=MONTEREY, headset_type=MONTEREY, status=qp_initialize_completed, id=100526290914264, session_id=d794a180-5f32-4a4d-9e39-ce5c03016b21, device_region=UNSPECIFIED, service_type=EXPLORE}}, false)
10-24 10:14:51.830 21433 21472 D OculusLogger: logLegacyEvent(oculus_home_init_latency_quick_promotions, {{from_pkg=com.oculus.vrshell, device_type=MONTEREY, step=, headset_type=MONTEREY, destination=, source=, timerId=, section_name=null, service_type=EXPLORE, id=100526290914264, session_id=d794a180-5f32-4a4d-9e39-ce5c03016b21, first_session_event=true, device_region=UNSPECIFIED, sub_section_name=null, active_duration_ms=69.8221809999086, real_timestamp=1571879691820}}, false)
10-24 10:14:51.830 21433 21492 I RCTVR_HERMES: [info]: 'Deeplinking', [ 'StoreIAP: Deeplinking handled: /deeplinking/prime?deeplinkingRoot=1' ]
10-24 10:14:51.830 21433 21472 D QuickPromotionModule: Set access token.
10-24 10:14:51.830 21433 21472 D OculusLogger: logLegacyEvent(vrshell_info, {{from_pkg=com.oculus.vrshell, device_type=MONTEREY, headset_type=MONTEREY, id=100526290914264, data=["REPLACE Navigating to /prime"], session_id=d794a180-5f32-4a4d-9e39-ce5c03016b21, device_region=UNSPECIFIED, service_type=EXPLORE}}, false)
10-24 10:14:51.834 21433 21492 I RCTVR_HERMES: [info]: 'Analytics', { section_name: 'null',
10-24 10:14:51.834 21433 21492 I RCTVR_HERMES:   sub_section_name: 'null',
10-24 10:14:51.834 21433 21492 I RCTVR_HERMES:   destination: undefined,
10-24 10:14:51.834 21433 21492 I RCTVR_HERMES:   source: undefined,
10-24 10:14:51.834 21433 21492 I RCTVR_HERMES:   timerId: undefined,
10-24 10:14:51.834 21433 21492 I RCTVR_HERMES:   first_session_event: true,
10-24 10:14:51.834 21433 21492 I RCTVR_HERMES:   active_duration_ms: 12.642812000121921,
10-24 10:14:51.834 21433 21492 I RCTVR_HERMES:   step: '',
10-24 10:14:51.834 21433 21492 I RCTVR_HERMES:   real_timestamp: 1571879691834,
10-24 10:14:51.834 21433 21492 I RCTVR_HERMES:   type: 'oculus_home_init_latency_quick_promotions_delayed_init' }
10-24 10:14:51.844 21433 21472 D OculusLogger: logLegacyEvent(oculus_home_init_latency_quick_promotions_delayed_init, {{from_pkg=com.oculus.vrshell, step=, device_type=MONTEREY, headset_type=MONTEREY, destination=, source=, timerId=, section_name=null, service_type=EXPLORE, id=100526290914264, session_id=d794a180-5f32-4a4d-9e39-ce5c03016b21, device_region=UNSPECIFIED, first_session_event=true, sub_section_name=null, active_duration_ms=12.642812000121921, real_timestamp=1571879691834}}, false)
10-24 10:14:51.844 21433 21472 I RCTVR   : RCTEnvironment
10-24 10:14:51.847 21433 21472 I RCTVR   : Marker 'tti_router_app': duration=2.917915ms start=2814117.23713300005 end=2814120.15504800016
10-24 10:14:51.847 21433 21472 I RCTVR   : env default
10-24 10:14:51.858 21433 21472 I panelapp: LE reactvr_info
10-24 10:14:51.859 21433 21472 D OculusLogger: logLegacyEvent(reactvr_info, {{start=2814117.237133, device_type=MONTEREY, headset_type=MONTEREY, id=100526290914264, session_id=d794a180-5f32-4a4d-9e39-ce5c03016b21, marker_name=tti_router_app, device_region=UNSPECIFIED, duration=2.917915, type=marker_event, real_timestamp=1571879691847}}, false)
10-24 10:14:51.863 21433 21492 W RCTVR_HERMES: [warn]: QEData empty or corrupt for sessionless__oculus_explore_preference_customization
10-24 10:14:51.888 21433 21492 I RCTVR_HERMES: [info]: 'Routing', [ 'REPLACE Navigating to /prime' ]
10-24 10:14:51.888 21433 21492 V RCTVR_HERMES: [log]: 'Routing', [ 'REPLACE: /prime' ]
10-24 10:14:51.888 21433 21492 V RCTVR_HERMES: [log]: 'Routing', 'Referrer', null
10-24 10:14:51.896 21433 21492 I RCTVR_HERMES: [info]: 'Routing', [ 'REPLACE Navigating to /prime' ]
10-24 10:14:51.899 21433 21492 V RCTVR_HERMES: [log]: 'Routing', [ 'REPLACE: /prime' ]
10-24 10:14:51.899 21433 21492 V RCTVR_HERMES: [log]: 'Routing', 'Referrer', null
10-24 10:14:51.900 21433 21472 D OculusLogger: logLegacyEvent(vrshell_info, {{from_pkg=com.oculus.vrshell, device_type=MONTEREY, headset_type=MONTEREY, id=100526290914264, data=["REPLACE Navigating to /prime"], session_id=d794a180-5f32-4a4d-9e39-ce5c03016b21, device_region=UNSPECIFIED, service_type=EXPLORE}}, false)
10-24 10:14:51.900 21433 21472 D OculusLogger: logLegacyEvent(vrshell_info, {{from_pkg=com.oculus.vrshell, device_type=MONTEREY, headset_type=MONTEREY, id=100526290914264, data=["REPLACE Navigating to /prime"], session_id=d794a180-5f32-4a4d-9e39-ce5c03016b21, device_region=UNSPECIFIED, service_type=EXPLORE}}, false)
10-24 10:14:51.908   704 19594 I [CT]    : MANAGEMENT:CONSTELLATION: Status=GREEN,, Obj=16572054001761934198,6DOF=1,FusJit=0.01mm,Issues(Cam/min=  0,IMU/min=0), Obj=3669952633402657438,6DOF=1,FusJit=0.0mm,Issues(Cam/min=  0,IMU/min=0)
10-24 10:14:51.913 21433 21472 I panelapp: LE reactvr_info
10-24 10:14:51.913 21433 21472 D OculusLogger: logLegacyEvent(reactvr_info, {{device_type=MONTEREY, headset_type=MONTEREY, id=100526290914264, session_id=d794a180-5f32-4a4d-9e39-ce5c03016b21, uid=6, device_region=UNSPECIFIED, type=network_fetch_start, real_timestamp=1571879691910}}, false)
10-24 10:14:51.914 21433 21472 D QuickPromotionModule: Enable surface #5643.
10-24 10:14:51.914 21433 21472 D QuickPromotionModule: Enable surface #5259.
10-24 10:14:51.914 21433 21472 D QuickPromotionModule: Signal trigger 'app_foreground'.
10-24 10:14:51.918 21433 21472 I RCTVRNET: Network data cache path: /data/user/0/com.oculus.vrshell.home/cache
10-24 10:14:51.944 21433 21534 I OVR_MemBuffer: Couldn't open assets/oculus-apps-native/VrShell/Home/assets/icons/settings_32x32.ktx
