--------- beginning of system
10-31 20:37:20.079  1046  1643 I ActivityManager: START u0 {flg=0x10000000 cmp=com.YourCompany.LastResisters/com.epicgames.ue4.GameActivity} from uid 2000 on display 0
10-31 20:37:20.092  1046  1643 I ActivityManager: Start proc 23731:com.YourCompany.LastResisters/u0a277 for activity com.YourCompany.LastResisters/com.epicgames.ue4.GameActivity
10-31 20:37:20.337  1046  1407 I ActivityManager: START u0 {act=android.content.pm.action.REQUEST_PERMISSIONS pkg=com.android.packageinstaller cmp=com.android.packageinstaller/.permission.ui.GrantPermissionsActivity (has extras)} from uid 10277 on display 0
10-31 20:37:23.588  1046  1252 E TaskPersister: File error accessing recents directory (directory doesn't exist?).
10-31 20:37:33.640  1046  1607 I ActivityManager: Killing 2907:com.google.android.apps.youtube.vr.oculus/u0a63 (adj 906): empty for 1801s
10-31 20:37:33.664  1046  1068 D ConnectivityService: ConnectivityService NetworkRequestInfo binderDied(NetworkRequest [ LISTEN id=58, [ Capabilities: INTERNET&NOT_RESTRICTED&TRUSTED&FOREGROUND] ], android.os.BinderProxy@acf581a)
10-31 20:37:33.664  1046  1561 D ActivityManager: cleanUpApplicationRecord -- 2907
10-31 20:37:33.667  1046  1190 E ConnectivityService: RemoteException caught trying to send a callback msg for NetworkRequest [ LISTEN id=58, [ Capabilities: INTERNET&NOT_RESTRICTED&TRUSTED&FOREGROUND] ]
10-31 20:37:34.918  1046  1292 I PowerManagerService: Waking up from sleep (uid 1000)...
10-31 20:37:34.919  1046  1112 I DisplayPowerController: Blocking screen on until initial contents have been drawn.
10-31 20:37:34.960  1046  1109 I DisplayManagerService: Display device changed state: "Built-in Screen", ON
10-31 20:37:35.269  1046  1112 I DisplayPowerController: Unblocked screen on after 350 ms
10-31 20:37:35.501  1457 23894 W ContextImpl: Calling a method in the system process without a qualified user: android.app.ContextImpl.sendBroadcast:877 android.content.ContextWrapper.sendBroadcast:421 com.facebook.analytics2.logger.UploadServiceBus.signalJobRan:60 com.facebook.analytics2.logger.UploadJobHandler.exitStateMachine:264 com.facebook.analytics2.logger.UploadJobHandler.handleMessage:97 
10-31 20:37:36.361  1046  1472 I ActivityManager: START u0 {act=com.oculus.vrshell.intent.action.LAUNCH flg=0x10000000 cmp=com.oculus.vrshell/.MainActivity (has extras)} from uid 10024 on display 0
--------- beginning of main
10-31 20:37:40.157 23731 23747 D UE4     : [2019.10.31-11.37.40:157][ 20]LogBlueprintUserMessages: [BP_PlayerhandAnimation_C_2147482544] P=14.973864 Y=-9.055799 R=-7.791598
10-31 20:37:40.183 23731 23747 D UE4     : [2019.10.31-11.37.40:183][ 21]LogBlueprintUserMessages: [BP_PlayerhandAnimation_C_2147482547] P=4.459970 Y=-19.779556 R=28.918705
10-31 20:37:40.183 23731 23747 D UE4     : [2019.10.31-11.37.40:183][ 21]LogBlueprintUserMessages: [BP_PlayerhandAnimation_C_2147482544] P=14.738277 Y=-10.001479 R=-6.758312
10-31 20:37:40.212 23731 23747 D UE4     : [2019.10.31-11.37.40:212][ 22]LogBlueprintUserMessages: [BP_PlayerhandAnimation_C_2147482547] P=-0.130040 Y=-28.616529 R=27.232531
10-31 20:37:40.212 23731 23747 D UE4     : [2019.10.31-11.37.40:212][ 22]LogBlueprintUserMessages: [BP_PlayerhandAnimation_C_2147482544] P=13.967347 Y=-11.090777 R=-6.462161
10-31 20:37:40.229 23731 23747 D UE4     : [2019.10.31-11.37.40:229][ 23]LogBlueprintUserMessages: [BP_PlayerhandAnimation_C_2147482547] P=-1.242316 Y=-31.695065 R=27.610514
10-31 20:37:40.230 23731 23747 D UE4     : [2019.10.31-11.37.40:229][ 23]LogBlueprintUserMessages: [BP_PlayerhandAnimation_C_2147482544] P=13.642442 Y=-11.443734 R=-6.641741
10-31 20:37:40.249  1831  1916 I [OAR] AudioMixer: Waiting for sound effect to complete
10-31 20:37:40.253 23731 23747 D UE4     : [2019.10.31-11.37.40:253][ 24]LogBlueprintUserMessages: [BP_PlayerhandAnimation_C_2147482547] P=-2.667107 Y=-34.937584 R=29.723137
10-31 20:37:40.253 23731 23747 D UE4     : [2019.10.31-11.37.40:253][ 24]LogBlueprintUserMessages: [BP_PlayerhandAnimation_C_2147482544] P=13.368565 Y=-11.708241 R=-7.594451
10-31 20:37:40.280 23731 24100 W InputDeviceManager: AddPairToDeviceListMapping called when index already exists in the vector index: 1,  id: 536870915
10-31 20:37:40.282 23731 23747 D UE4     : [2019.10.31-11.37.40:282][ 25]LogBlueprintUserMessages: [BP_PlayerhandAnimation_C_2147482547] P=-5.647303 Y=-36.243168 R=30.151035
10-31 20:37:40.282 23731 23747 D UE4     : [2019.10.31-11.37.40:282][ 25]LogBlueprintUserMessages: [BP_PlayerhandAnimation_C_2147482544] P=13.367629 Y=-11.192348 R=-8.997585
10-31 20:37:40.297 23731 23747 D UE4     : [2019.10.31-11.37.40:296][ 26]LogBlueprintUserMessages: [BP_PlayerhandAnimation_C_2147482547] P=-8.343629 Y=-37.201870 R=29.906321
10-31 20:37:40.297 23731 23747 D UE4     : [2019.10.31-11.37.40:297][ 26]LogBlueprintUserMessages: [BP_PlayerhandAnimation_C_2147482544] P=13.525570 Y=-10.828328 R=-9.144479
10-31 20:37:40.323 23731 23747 D UE4     : [2019.10.31-11.37.40:323][ 27]LogBlueprintUserMessages: [BP_PlayerhandAnimation_C_2147482547] P=-13.594118 Y=-39.564423 R=31.024694
10-31 20:37:40.323 23731 23747 D UE4     : [2019.10.31-11.37.40:323][ 27]LogBlueprintUserMessages: [BP_PlayerhandAnimation_C_2147482544] P=13.874825 Y=-10.234600 R=-8.432684
10-31 20:37:40.326   707 23884 I [CT]    : HealthReport: ==================================================
10-31 20:37:40.326   707 23884 I [CT]    : Health Report
10-31 20:37:40.326   707 23884 I [CT]    : -------------
10-31 20:37:40.326   707 23884 I [CT]    : 
10-31 20:37:40.326   707 23884 I [CT]    : Reporter #1 (InsideOutHealthMonitor) summary:
10-31 20:37:40.326   707 23884 I [CT]    : Camera: Total Dropped: 0.000000, Total Frame Count: 151 (0.000000%), Camera Reset Count: 0
10-31 20:37:40.326   707 23884 I [CT]    : Camera: Total Single Camera Frame Dropped: 0, Total Frame Count: 151 (0.000000%)
10-31 20:37:40.326   707 23884 I [CT]    : IMU: Total Dropped: 0.000000, Total Sample Count: 5236 (0.000000%)
10-31 20:37:40.326   707 23884 I [CT]    : Magnetometer: Total Dropped: 0.000000, Total Sample Count: 157 (0.000000%)
10-31 20:37:40.326   707 23884 I [CT]    : 
10-31 20:37:40.326   707 23884 I [CT]    : Reporter #1 (InsideOutHealthMonitor) Passed
10-31 20:37:40.326   707 23884 I [CT]    : --------------------------------------------------
10-31 20:37:40.326   707 23884 I [CT]    : Reporter #2 (ConstellationHealthMonitor) summary:
10-31 20:37:40.326   707 23884 I [CT]    : Camera: Total Dropped: 0.000000, Total Frame Count: 152 (0.000000%), Camera Reset Count: 1
10-31 20:37:40.326   707 23884 I [CT]    : Camera: Total Single Camera Frame Dropped: 0, Total Frame Count: 152 (0.000000%)
10-31 20:37:40.326   707 23884 I [CT]    : Controller 1122628778328220990:
10-31 20:37:40.326   707 23884 I [CT]    : IMU: Capture period exceeded threshold.  Largest period: 0.567962 sec
10-31 20:37:40.326   707 23884 I [CT]    : Controllers may have been sleeping
10-31 20:37:40.326   707 23884 I [CT]    : IMU: Total Dropped: 0.000000, Total Sample Count: 2421.316500 (0.000000%)
10-31 20:37:40.326   707 23884 I [CT]    : Controller 6776806836185477697:
10-31 20:37:40.326   707 23884 I [CT]    : IMU: Cap
10-31 20:37:40.349  1831  1916 I [OAR] AudioMixer: Waiting for sound effect to complete
10-31 20:37:40.350 23731 23747 D UE4     : [2019.10.31-11.37.40:350][ 28]LogBlueprintUserMessages: [BP_PlayerhandAnimation_C_2147482547] P=-15.325496 Y=-39.971851 R=37.656548
10-31 20:37:40.350 23731 23747 D UE4     : [2019.10.31-11.37.40:350][ 28]LogBlueprintUserMessages: [BP_PlayerhandAnimation_C_2147482544] P=13.935812 Y=-9.557591 R=-7.286834
10-31 20:37:40.367 23731 23747 D UE4     : [2019.10.31-11.37.40:367][ 29]LogBlueprintUserMessages: [BP_PlayerhandAnimation_C_2147482547] P=-16.108065 Y=-39.537663 R=39.902012
10-31 20:37:40.368 23731 23747 D UE4     : [2019.10.31-11.37.40:368][ 29]LogBlueprintUserMessages: [BP_PlayerhandAnimation_C_2147482544] P=14.030014 Y=-9.234136 R=-6.821419
10-31 20:37:40.391 23731 23747 W InputDeviceManager: AddPairToDeviceListMapping called when index already exists in the vector index: 1,  id: 536870915
10-31 20:37:40.396 23731 23747 D UE4     : [2019.10.31-11.37.40:396][ 30]LogBlueprintUserMessages: [BP_PlayerhandAnimation_C_2147482547] P=-19.077305 Y=-39.863991 R=39.999165
10-31 20:37:40.397 23731 23747 D UE4     : [2019.10.31-11.37.40:397][ 30]LogBlueprintUserMessages: [BP_PlayerhandAnimation_C_2147482544] P=13.935702 Y=-8.821060 R=-6.781652
10-31 20:37:40.420 23731 23747 D UE4     : [2019.10.31-11.37.40:420][ 31]LogBlueprintUserMessages: [BP_PlayerhandAnimation_C_2147482547] P=-22.370966 Y=-41.908543 R=39.805660
10-31 20:37:40.420 23731 23747 D UE4     : [2019.10.31-11.37.40:420][ 31]LogBlueprintUserMessages: [BP_PlayerhandAnimation_C_2147482544] P=13.979313 Y=-8.751627 R=-6.715426
10-31 20:37:40.440 23731 23747 D UE4     : [2019.10.31-11.37.40:439][ 32]LogBlueprintUserMessages: [BP_PlayerhandAnimation_C_2147482547] P=-22.904806 Y=-42.851715 R=41.121452
10-31 20:37:40.440 23731 23747 D UE4     : [2019.10.31-11.37.40:440][ 32]LogBlueprintUserMessages: [BP_PlayerhandAnimation_C_2147482544] P=13.908115 Y=-8.884654 R=-6.698858
10-31 20:37:40.450  1831  1916 I [OAR] AudioMixer: Waiting for sound effect to complete
10-31 20:37:40.462 23731 23747 D UE4     : [2019.10.31-11.37.40:462][ 33]LogBlueprintUserMessages: [BP_PlayerhandAnimation_C_2147482547] P=-24.396336 Y=-43.846436 R=42.905357
10-31 20:37:40.462 23731 23747 D UE4     : [2019.10.31-11.37.40:462][ 33]LogBlueprintUserMessages: [BP_PlayerhandAnimation_C_2147482544] P=13.940340 Y=-8.912452 R=-6.639484
10-31 20:37:40.489 23731 23747 D UE4     : [2019.10.31-11.37.40:489][ 34]LogBlueprintUserMessages: [BP_PlayerhandAnimation_C_2147482547] P=-26.945976 Y=-44.869621 R=43.701508
10-31 20:37:40.490 23731 23747 D UE4     : [2019.10.31-11.37.40:490][ 34]LogBlueprintUserMessages: [BP_PlayerhandAnimation_C_2147482544] P=13.828161 Y=-9.012219 R=-6.615360
10-31 20:37:40.503 23731 23747 W InputDeviceManager: AddPairToDeviceListMapping called when index already exists in the vector index: 1,  id: 536870915
10-31 20:37:40.504 23731 23747 D UE4     : [2019.10.31-11.37.40:504][ 35]LogBlueprintUserMessages: [BP_PlayerhandAnimation_C_2147482547] P=-28.941244 Y=-45.774765 R=43.979816
10-31 20:37:40.504 23731 23747 D UE4     : [2019.10.31-11.37.40:504][ 35]LogBlueprintUserMessages: [BP_PlayerhandAnimation_C_2147482544] P=13.766635 Y=-9.079721 R=-6.702097
10-31 20:37:40.531 23731 23747 D UE4     : [2019.10.31-11.37.40:531][ 36]LogBlueprintUserMessages: [BP_PlayerhandAnimation_C_2147482547] P=-33.448780 Y=-47.556988 R=45.320507
10-31 20:37:40.531 23731 23747 D UE4     : [2019.10.31-11.37.40:531][ 36]LogBlueprintUserMessages: [BP_PlayerhandAnimation_C_2147482544] P=13.646840 Y=-9.477056 R=-7.115637
10-31 20:37:40.550  1831  1916 I [OAR] AudioMixer: Waiting for sound effect to complete
10-31 20:37:40.560 23731 23747 D UE4     : [2019.10.31-11.37.40:560][ 37]LogBlueprintUserMessages: [BP_PlayerhandAnimation_C_2147482547] P=-37.597588 Y=-47.968906 R=48.521702
10-31 20:37:40.560 23731 23747 D UE4     : [2019.10.31-11.37.40:560][ 37]LogBlueprintUserMessages: [BP_PlayerhandAnimation_C_2147482544] P=13.707075 Y=-9.991377 R=-7.524169
10-31 20:37:40.581 23731 23747 D UE4     : [2019.10.31-11.37.40:581][ 38]LogBlueprintUserMessages: [BP_PlayerhandAnimation_C_2147482547] P=-38.543804 Y=-48.126328 R=51.048058
10-31 20:37:40.582 23731 23747 D UE4     : [2019.10.31-11.37.40:582][ 38]LogBlueprintUserMessages: [BP_PlayerhandAnimation_C_2147482544] P=13.816372 Y=-10.143873 R=-7.807329
10-31 20:37:40.586 23731 23749 D UE4     : Used memory: 416531
10-31 20:37:40.601 23731 23747 D UE4     : [2019.10.31-11.37.40:601][ 39]LogBlueprintUserMessages: [BP_PlayerhandAnimation_C_2147482547] P=-41.438480 Y=-49.340866 R=52.206367
10-31 20:37:40.601 23731 23747 D UE4     : [2019.10.31-11.37.40:601][ 39]LogBlueprintUserMessages: [BP_PlayerhandAnimation_C_2147482544] P=13.996327 Y=-10.257215 R=-8.198195
10-31 20:37:40.605  2123  2304 W LibraryProvider: Cannot find entitlement for com.YourCompany.LastResisters
10-31 20:37:40.605  1758  2531 W OVRLibrary: null cursor received for query content://com.oculus.ocms.library/apps/com.YourCompany.LastResisters
10-31 20:37:40.605  1758  2531 I SDKLoggingService: Unable to find AppId for package (com.YourCompany.LastResisters)
10-31 20:37:40.628 23731 24100 W InputDeviceManager: AddPairToDeviceListMapping called when index already exists in the vector index: 1,  id: 536870915
10-31 20:37:40.629 23731 23747 D UE4     : [2019.10.31-11.37.40:629][ 40]LogBlueprintUserMessages: [BP_PlayerhandAnimation_C_2147482547] P=-42.824268 Y=-50.492088 R=51.734035
10-31 20:37:40.629 23731 23747 D UE4     : [2019.10.31-11.37.40:629][ 40]LogBlueprintUserMessages: [BP_PlayerhandAnimation_C_2147482544] P=14.218991 Y=-10.113074 R=-8.316818
10-31 20:37:40.646  1758  2051 I UploadManager: Scheduling jobbId 2131296373 within interval (900000, 2700000)
10-31 20:37:40.650  1831  1916 I [OAR] AudioMixer: Waiting for sound effect to complete
10-31 20:37:40.661 23731 23747 D UE4     : [2019.10.31-11.37.40:661][ 41]LogBlueprintUserMessages: [BP_PlayerhandAnimation_C_2147482547] P=-41.484188 Y=-50.000134 R=51.924606
10-31 20:37:40.661 23731 23747 D UE4     : [2019.10.31-11.37.40:661][ 41]LogBlueprintUserMessages: [BP_PlayerhandAnimation_C_2147482544] P=14.392629 Y=-9.692712 R=-7.934039
10-31 20:37:40.677 23731 23747 D UE4     : [2019.10.31-11.37.40:677][ 42]LogBlueprintUserMessages: [BP_PlayerhandAnimation_C_2147482547] P=-40.339531 Y=-48.831978 R=52.737873
10-31 20:37:40.677 23731 23747 D UE4     : [2019.10.31-11.37.40:677][ 42]LogBlueprintUserMessages: [BP_PlayerhandAnimation_C_2147482544] P=14.517300 Y=-9.405131 R=-7.526710
10-31 20:37:40.698 23731 23747 D UE4     : [2019.10.31-11.37.40:698][ 43]LogBlueprintUserMessages: [BP_PlayerhandAnimation_C_2147482547] P=-38.070084 Y=-46.548874 R=54.153542
10-31 20:37:40.699 23731 23747 D UE4     : [2019.10.31-11.37.40:698][ 43]LogBlueprintUserMessages: [BP_PlayerhandAnimation_C_2147482544] P=14.582453 Y=-9.022778 R=-7.191219
10-31 20:37:40.701   707 23883 I [CT]    : MANAGEMENT:CONSTELLATION: Status=GREEN,, Obj=1122628778328220990,6DOF=1,FusJit=0.005mm,Issues(Cam/min=  0,IMU/min=0), Obj=6776806836185477697,6DOF=1,FusJit=0.0mm,Issues(Cam/min=  0,IMU/min=0)
10-31 20:37:40.728 23731 23747 D UE4     : [2019.10.31-11.37.40:728][ 44]LogBlueprintUserMessages: [BP_PlayerhandAnimation_C_2147482547] P=-34.591866 Y=-43.490963 R=54.235939
10-31 20:37:40.728 23731 23747 D UE4     : [2019.10.31-11.37.40:728][ 44]LogBlueprintUserMessages: [BP_PlayerhandAnimation_C_2147482544] P=14.647511 Y=-8.779981 R=-7.045510
10-31 20:37:40.750  1831  1916 I [OAR] AudioMixer: Exiting from long playing sound
10-31 20:37:40.750  1831  1916 I [OAR] AudioEngine: Setting FadeNextBuffer
10-31 20:37:40.754 23731 23747 D UE4     : [2019.10.31-11.37.40:754][ 45]LogBlueprintUserMessages: [BP_PlayerhandAnimation_C_2147482547] P=-31.599417 Y=-41.216961 R=54.656601
10-31 20:37:40.754 23731 23747 D UE4     : [2019.10.31-11.37.40:754][ 45]LogBlueprintUserMessages: [BP_PlayerhandAnimation_C_2147482544] P=14.565719 Y=-8.699414 R=-7.182536
10-31 20:37:40.773 23731 23747 D UE4     : [2019.10.31-11.37.40:773][ 46]LogBlueprintUserMessages: [BP_PlayerhandAnimation_C_2147482547] P=-29.779261 Y=-39.930969 R=55.067307
10-31 20:37:40.773 23731 23747 D UE4     : [2019.10.31-11.37.40:773][ 46]LogBlueprintUserMessages: [BP_PlayerhandAnimation_C_2147482544] P=14.523051 Y=-8.731112 R=-7.124917
10-31 20:37:40.796 23731 23747 D UE4     : [2019.10.31-11.37.40:796][ 47]LogBlueprintUserMessages: [BP_PlayerhandAnimation_C_2147482547] P=-26.653896 Y=-37.050705 R=54.952461
10-31 20:37:40.796 23731 23747 D UE4     : [2019.10.31-11.37.40:796][ 47]LogBlueprintUserMessages: [BP_PlayerhandAnimation_C_2147482544] P=14.479761 Y=-8.702098 R=-7.106899
10-31 20:37:40.823 23731 23747 D UE4     : [2019.10.31-11.37.40:823][ 48]LogBlueprintUserMessages: [BP_PlayerhandAnimation_C_2147482547] P=-23.016411 Y=-34.584316 R=53.371422
10-31 20:37:40.824 23731 23747 D UE4     : [2019.10.31-11.37.40:824][ 48]LogBlueprintUserMessages: [BP_PlayerhandAnimation_C_2147482544] P=14.512000 Y=-8.691476 R=-7.118756
10-31 20:37:40.850  1831  1916 I [OAR] AudioEngine: Stopping player
10-31 20:37:40.851 23731 23747 D UE4     : [2019.10.31-11.37.40:851][ 49]LogBlueprintUserMessages: [BP_PlayerhandAnimation_C_2147482547] P=-20.523823 Y=-33.530758 R=51.713440
10-31 20:37:40.851 23731 23747 D UE4     : [2019.10.31-11.37.40:851][ 49]LogBlueprintUserMessages: [BP_PlayerhandAnimation_C_2147482544] P=14.470486 Y=-8.880045 R=-7.192558
10-31 20:37:40.868  1831  1916 I [OAR] ModelDef: Destroying ModelFileModel assets/questControllerRight.gltf.ovrscene
10-31 20:37:40.868  1831  1916 I [OAR] AudioMixer: PlaySoundEffect: couldn't find clientId
10-31 20:37:40.868  1831  1916 I [OAR] ModelDef: Destroying ModelFileModel assets/questControllerLeft.gltf.ovrscene
10-31 20:37:40.868  1831  1916 I [OAR] AudioMixer: PlaySoundEffect: couldn't find clientId
10-31 20:37:40.868  1831  1916 I VrApi   : ---------- vrapi_LeaveVrMode [start] ----------
10-31 20:37:40.872  1831  1916 D VrApi   : targetSDKVersion 25
10-31 20:37:40.875  2145  2389 I ClientMgr: ClientMgr: Flushing frame from non-current client: com.oculus.vrshell(enabled), current client: com.YourCompany.LastResisters.
10-31 20:37:40.876  1831  1916 I VrRuntimeClient: DEVICE MODEL NUMBER = Quest
10-31 20:37:40.876  1831  1916 I VrRuntimeClient: DEVICE HARDWARE = monterey
10-31 20:37:40.876  1831  1916 I VrRuntimeClient: DEVICE BUILD NAME = user-396520.6170.115
10-31 20:37:40.876  1831  1916 I VrRuntimeClient: DEVICE BUILD TYPE = user
10-31 20:37:40.876  1831  1916 I VrRuntimeClient: DEVICE OS VERSION = 7.1.1
10-31 20:37:40.876  1831  1916 I VrRuntimeClient: VRRUNTIME VERSION = VRAPI_VERSION_BEGIN { 1.1.27.0-179270206-179270206 Oct 22 2019 13:59:12 Development } RELEASE
10-31 20:37:40.876  1831  1916 I VrRuntimeClient: API LOADER VERSION = 1.1.25.0
10-31 20:37:40.876  1831  1916 I VrRuntimeClient: VRDRIVER VERSION = 10.1.0.144.427
10-31 20:37:40.876  1831  1916 I VrRuntimeClient: APP NAME = Oculus App Runtime
10-31 20:37:40.876  1831  1916 I VrRuntimeClient: APP VERSION = 10.1.0.144.427 versionCode 179270103 internalVersionName 10.1.0.144.427.9820da52c4b1 2019_10_22_13_56
10-31 20:37:40.876  1831  1916 I VrRuntimeClient: APP VR TYPE = vr_only
10-31 20:37:40.876  1831  1916 I VrRuntimeClient: APP PACKAGE NAME = com.oculus.vrshell
10-31 20:37:40.876 23731 23747 D UE4     : [2019.10.31-11.37.40:876][ 50]LogBlueprintUserMessages: [BP_PlayerhandAnimation_C_2147482547] P=-20.564844 Y=-33.827721 R=51.197346
10-31 20:37:40.876  1831  1916 I VrRuntimeClient: APP ACTIVITY CLASS = com.oculus.vrshell.MainActivity
10-31 20:37:40.877 23731 23747 D UE4     : [2019.10.31-11.37.40:877][ 50]LogBlueprintUserMessages: [BP_PlayerhandAnimation_C_2147482544] P=14.434361 Y=-9.083600 R=-7.212803
10-31 20:37:40.879  1831  1916 D BatteryReceiver: Unregistering battery receiver
10-31 20:37:40.897 23731 23747 D UE4     : [2019.10.31-11.37.40:896][ 51]LogBlueprintUserMessages: [BP_PlayerhandAnimation_C_2147482547] P=-20.560289 Y=-33.216869 R=50.791691
10-31 20:37:40.897 23731 23747 D UE4     : [2019.10.31-11.37.40:897][ 51]LogBlueprintUserMessages: [BP_PlayerhandAnimation_C_2147482544] P=14.411808 Y=-9.159616 R=-7.309776
10-31 20:37:40.905  1831 23983 I VrApi   : FPS=72,Prd=45ms,Tear=0,Early=72,Stale=0,VSnc=1,Lat=1,Fov=0,CPU4/GPU=4/4,2304/710MHz,OC=FF,TA=0/3/0,SP=N/N/N,Mem=1804MHz,Free=1248MB,PSM=0,PLS=0,Temp=32.0C/0.0C,TW=3.32ms,App=2.72ms,GD=1.11ms,CPU&GPU=3.75ms,LCnt=2,GPU%=0.47,CPU%=0.24(W0.33)
10-31 20:37:40.906  1831  1916 I VrApi   : OVR::Stats thread stopped
10-31 20:37:40.906  1831  1916 I InputDeviceManager: ovrInputDeviceManager::Shutdown
10-31 20:37:40.908  1831 23963 I InputHooks_Internal: InputHooksThreadRun ShutdownRequest received
10-31 20:37:40.908  1831  1916 D InputHooksJava: Disabling Java Input Hooks
10-31 20:37:40.911  2145  2158 D VrRuntimeService: this client: 1831:com.oculus.vrshell
10-31 20:37:40.911  2145  2158 D VrRuntimeService: enableRendering: clientWindow: null enable: false
10-31 20:37:40.911  2145  2158 I ClientMgr: ClientMgr::EnableRendering 1831:com.oculus.vrshell : disable
10-31 20:37:40.918  1831 23991 I VrRuntimeClient: FenceChecker::MainLoop - ended
10-31 20:37:40.922 23731 23747 D UE4     : [2019.10.31-11.37.40:921][ 52]LogBlueprintUserMessages: [BP_PlayerhandAnimation_C_2147482547] P=-21.524473 Y=-32.984119 R=51.979839
10-31 20:37:40.922 23731 23747 D UE4     : [2019.10.31-11.37.40:922][ 52]LogBlueprintUserMessages: [BP_PlayerhandAnimation_C_2147482544] P=14.384282 Y=-9.228647 R=-7.453025
10-31 20:37:40.924  1831  1916 I BufferObject: ovrBufferObjectFactory::Unimport deleting GL buffer=569
10-31 20:37:40.924  1831  1916 I BufferObject: ovrBufferObjectFactory::Unimport deleting GL memory object=29
10-31 20:37:40.925  1831  1916 I TrackingServiceClient: OVR::TrackingService::ClientSetInterface
10-31 20:37:40.926  1831  1916 D TrackingServiceClient: onClientDisconnect
10-31 20:37:40.926  1831  1916 D TrackingServiceConnectionNative: onClientDisconnect
10-31 20:37:40.927   707  3088 I TrackingService: Unregistering client by ITrackingService.unregisterClient
10-31 20:37:40.927   707  3088 I TrackingService: TrackingServiceHost Unregistering client: pid 1831
10-31 20:37:40.929  1831  1916 D BinderConnection: Disconnecting from TrackingService service
10-31 20:37:40.930  1831  1916 D TrackingServiceConnectionNative: onDisconnected
10-31 20:37:40.930  1831  1916 D TrackingServiceClient: TrackingServiceConnection mConnectedRemotes.clear()
10-31 20:37:40.930  1831  1916 I TrackingServiceClient: OVR::TrackingService::ClientSetInterface
10-31 20:37:40.930  1831  1916 I VrApi   : ---------- vrapi_LeaveVrMode [end] ----------
10-31 20:37:40.930  1831  1916 I [OAR] ShellFrameAnalytics: ShellFrame frameFunction: 26994us/65311221us, trace: 0us/2us, process commands: 61us/410us, system update: 445us/3473us, render 5501us/52380us, post render 0us/2us
10-31 20:37:40.931  1831  1916 I [OAR] ShellApp: 0xc9f14388 msg: surfaceDestroyed 0xc3d32808
10-31 20:37:40.950 23731 23747 D UE4     : [2019.10.31-11.37.40:950][ 53]LogBlueprintUserMessages: [BP_PlayerhandAnimation_C_2147482547] P=-23.543209 Y=-33.824841 R=55.466782
10-31 20:37:40.950 23731 23747 D UE4     : [2019.10.31-11.37.40:950][ 53]LogBlueprintUserMessages: [BP_PlayerhandAnimation_C_2147482544] P=14.477145 Y=-9.227518 R=-7.514646
10-31 20:37:40.971 23731 23747 D UE4     : [2019.10.31-11.37.40:971][ 54]LogBlueprintUserMessages: [BP_PlayerhandAnimation_C_2147482547] P=-24.841499 Y=-34.634003 R=57.324066
10-31 20:37:40.972 23731 23747 D UE4     : [2019.10.31-11.37.40:972][ 54]LogBlueprintUserMessages: [BP_PlayerhandAnimation_C_2147482544] P=14.582794 Y=-9.223829 R=-7.525026
10-31 20:37:40.993 23731 23747 D UE4     : [2019.10.31-11.37.40:993][ 55]LogBlueprintUserMessages: [BP_PlayerhandAnimation_C_2147482547] P=-26.715382 Y=-35.691917 R=59.077049
10-31 20:37:40.993 23731 23747 D UE4     : [2019.10.31-11.37.40:993][ 55]LogBlueprintUserMessages: [BP_PlayerhandAnimation_C_2147482544] P=14.745326 Y=-9.133468 R=-7.499389
10-31 20:37:41.020 23731 23747 D UE4     : [2019.10.31-11.37.41:020][ 56]LogBlueprintUserMessages: [BP_PlayerhandAnimation_C_2147482547] P=-29.530247 Y=-37.523468 R=60.000000
10-31 20:37:41.020 23731 23747 D UE4     : [2019.10.31-11.37.41:020][ 56]LogBlueprintUserMessages: [BP_PlayerhandAnimation_C_2147482544] P=14.927514 Y=-9.085156 R=-7.386864
10-31 20:37:41.035 23731 23747 D UE4     : [2019.10.31-11.37.41:035][ 57]LogBlueprintUserMessages: [BP_PlayerhandAnimation_C_2147482547] P=-31.342165 Y=-38.474648 R=60.000000
10-31 20:37:41.035 23731 23747 D UE4     : [2019.10.31-11.37.41:035][ 57]LogBlueprintUserMessages: [BP_PlayerhandAnimation_C_2147482544] P=15.026805 Y=-9.106214 R=-7.400620
10-31 20:37:41.048 23731 24089 I Telemetry: App memory usage: PSS=406MB
10-31 20:37:41.050 23731 24089 I VrApi   : FPS=1,Prd=23ms,Tear=0,Early=40,Stale=31,VSnc=0,Lat=1,Fov=0,CPU4/GPU=4/4,2304/710MHz,OC=FF,TA=0/E0/E0,SP=N/F/F,Mem=1804MHz,Free=1244MB,PSM=0,PLS=0,Temp=32.0C/0.0C,TW=3.78ms,App=81.66ms,GD=0.50ms,CPU&GPU=9.35ms,LCnt=2,GPU%=0.39,CPU%=0.37(W0.57)
10-31 20:37:41.060 23731 23747 D UE4     : [2019.10.31-11.37.41:060][ 58]LogBlueprintUserMessages: [BP_PlayerhandAnimation_C_2147482547] P=-34.833702 Y=-40.014984 R=60.000000
10-31 20:37:41.061 23731 23747 D UE4     : [2019.10.31-11.37.41:061][ 58]LogBlueprintUserMessages: [BP_PlayerhandAnimation_C_2147482544] P=15.392896 Y=-9.157578 R=-7.417896
10-31 20:37:41.090 23731 23747 D UE4     : [2019.10.31-11.37.41:090][ 59]LogBlueprintUserMessages: [BP_PlayerhandAnimation_C_2147482547] P=-37.231739 Y=-39.061901 R=60.000000
10-31 20:37:41.090 23731 23747 D UE4     : [2019.10.31-11.37.41:090][ 59]LogBlueprintUserMessages: [BP_PlayerhandAnimation_C_2147482544] P=15.653270 Y=-9.187056 R=-7.490287
10-31 20:37:41.118 23731 23747 D UE4     : [2019.10.31-11.37.41:118][ 60]LogBlueprintUserMessages: [BP_PlayerhandAnimation_C_2147482547] P=-38.263737 Y=-37.939789 R=60.000000
10-31 20:37:41.118 23731 23747 D UE4     : [2019.10.31-11.37.41:118][ 60]LogBlueprintUserMessages: [BP_PlayerhandAnimation_C_2147482544] P=15.894929 Y=-9.050358 R=-7.476940
10-31 20:37:41.139   707 23945 I [CT]    : VIPER: [floorplane] Floor height has been updated to 0.938339 meters.
10-31 20:37:41.141 23731 23747 D UE4     : [2019.10.31-11.37.41:140][ 61]LogBlueprintUserMessages: [BP_PlayerhandAnimation_C_2147482547] P=-38.251583 Y=-36.433067 R=60.000000
10-31 20:37:41.141 23731 23747 D UE4     : [2019.10.31-11.37.41:141][ 61]LogBlueprintUserMessages: [BP_PlayerhandAnimation_C_2147482544] P=15.906622 Y=-8.951792 R=-7.377889
10-31 20:37:41.158 23731 23747 D UE4     : [2019.10.31-11.37.41:158][ 62]LogBlueprintUserMessages: [BP_PlayerhandAnimation_C_2147482547] P=-40.342983 Y=-36.254360 R=60.000000
10-31 20:37:41.159 23731 23747 D UE4     : [2019.10.31-11.37.41:159][ 62]LogBlueprintUserMessages: [BP_PlayerhandAnimation_C_2147482544] P=15.940473 Y=-8.852214 R=-7.322467
10-31 20:37:41.167   541   586 D AudioFlinger: mixer(0xefa83440) throttle end: throttle time(2)
10-31 20:37:41.185 23731 23747 D UE4     : [2019.10.31-11.37.41:185][ 63]LogBlueprintUserMessages: [BP_PlayerhandAnimation_C_2147482547] P=-42.267044 Y=-35.446415 R=60.000000
10-31 20:37:41.186 23731 23747 D UE4     : [2019.10.31-11.37.41:186][ 63]LogBlueprintUserMessages: [BP_PlayerhandAnimation_C_2147482544] P=15.919941 Y=-8.745162 R=-7.125554
10-31 20:37:41.214 23731 23747 D UE4     : [2019.10.31-11.37.41:214][ 64]LogBlueprintUserMessages: [BP_PlayerhandAnimation_C_2147482547] P=-43.921589 Y=-35.800755 R=60.000000
10-31 20:37:41.214 23731 23747 D UE4     : [2019.10.31-11.37.41:214][ 64]LogBlueprintUserMessages: [BP_PlayerhandAnimation_C_2147482544] P=15.737473 Y=-8.854045 R=-6.934595
10-31 20:37:41.230 23731 23747 D UE4     : [2019.10.31-11.37.41:230][ 65]LogBlueprintUserMessages: [BP_PlayerhandAnimation_C_2147482547] P=-44.277515 Y=-34.485687 R=60.000000
10-31 20:37:41.230 23731 23747 D UE4     : [2019.10.31-11.37.41:230][ 65]LogBlueprintUserMessages: [BP_PlayerhandAnimation_C_2147482544] P=15.695200 Y=-9.013742 R=-7.022497
10-31 20:37:41.255 23731 23747 D UE4     : [2019.10.31-11.37.41:255][ 66]LogBlueprintUserMessages: [BP_PlayerhandAnimation_C_2147482547] P=-45.054005 Y=-34.435326 R=60.000000
10-31 20:37:41.256 23731 23747 D UE4     : [2019.10.31-11.37.41:256][ 66]LogBlueprintUserMessages: [BP_PlayerhandAnimation_C_2147482544] P=15.685064 Y=-9.316479 R=-7.292457
10-31 20:37:41.283 23731 23747 D UE4     : [2019.10.31-11.37.41:283][ 67]LogBlueprintUserMessages: [BP_PlayerhandAnimation_C_2147482547] P=-46.720882 Y=-34.057873 R=60.000000
10-31 20:37:41.283 23731 23747 D UE4     : [2019.10.31-11.37.41:283][ 67]LogBlueprintUserMessages: [BP_PlayerhandAnimation_C_2147482544] P=15.713990 Y=-9.405777 R=-7.461221
10-31 20:37:41.295   707 23884 I [CT]    : Viper:Map_Manager: State: TRACKING_PERSISTENT, UUID=c35d16fd-2f43-4aee-acdd-50817cc71f4c, Num. Persistent maps = 5,  Persistent maps:ddbf46f9-2dca-4c55-aad6-82db99e2cc82,c35d16fd-2f43-4aee-acdd-50817cc71f4c,e88738b8-3abe-42c7-89b3-80158ce05742,67aea901-b572-42b7-9d58-b3f32e26f466,c039ea76-57b5-4c41-9a99-f1bc208bbafc,, Ser. Disabled = 00000000-0000-0000-0000-000000000000
10-31 20:37:41.297 23731 23747 D UE4     : [2019.10.31-11.37.41:297][ 68]LogBlueprintUserMessages: [BP_PlayerhandAnimation_C_2147482547] P=-46.736629 Y=-33.809650 R=60.000000
10-31 20:37:41.298 23731 23747 D UE4     : [2019.10.31-11.37.41:298][ 68]LogBlueprintUserMessages: [BP_PlayerhandAnimation_C_2147482544] P=15.755955 Y=-9.394855 R=-7.417035
10-31 20:37:41.326   707 23884 I [CT]    : VIPER: Status=6DoF,TRACKING,KF=102,Inl=300,Pts=281,Jit=0.2mm,Issues(Cam/min=0.0,IMU/min=0.0),Exp=(6.1ms,g=6,I=101)(4.4ms,g=3,I=96)(6.1ms,g=6,I=102)(5.4ms,g=3,I=96)
10-31 20:37:41.329 23731 23747 D UE4     : [2019.10.31-11.37.41:329][ 69]LogBlueprintUserMessages: [BP_PlayerhandAnimation_C_2147482547] P=-46.108395 Y=-32.589752 R=60.000000
10-31 20:37:41.329 23731 23747 D UE4     : [2019.10.31-11.37.41:329][ 69]LogBlueprintUserMessages: [BP_PlayerhandAnimation_C_2147482544] P=15.778843 Y=-9.527267 R=-7.222082
10-31 20:37:41.340   541   595 V msm8974_platform: platform_get_parameters: exit: returns - snd_device_in=none
10-31 20:37:41.340   541   595 V audio_hw_primary: adev_get_parameters: exit: returns - snd_device_in=none
10-31 20:37:41.340   541   595 I hash_map_utils: key: 'snd_device_in' value: ''
10-31 20:37:41.340   541   541 V msm8974_platform: platform_get_parameters: exit: returns - snd_device_out=speaker
10-31 20:37:41.340   541   541 V audio_hw_primary: adev_get_parameters: exit: returns - snd_device_out=speaker
10-31 20:37:41.340   541   541 I hash_map_utils: key: 'snd_device_out' value: ''
10-31 20:37:41.351 23731 23747 W InputDeviceManager: AddPairToDeviceListMapping called when index already exists in the vector index: 1,  id: 536870915
10-31 20:37:41.353 23731 23747 D UE4     : [2019.10.31-11.37.41:353][ 70]LogBlueprintUserMessages: [BP_PlayerhandAnimation_C_2147482547] P=-43.752850 Y=-31.532387 R=60.000000
10-31 20:37:41.353 23731 23747 D UE4     : [2019.10.31-11.37.41:353][ 70]LogBlueprintUserMessages: [BP_PlayerhandAnimation_C_2147482544] P=15.863004 Y=-9.550035 R=-7.237690
10-31 20:37:41.367 23731 23747 D UE4     : [2019.10.31-11.37.41:367][ 71]LogBlueprintUserMessages: [BP_PlayerhandAnimation_C_2147482547] P=-42.020744 Y=-31.014633 R=60.000000
10-31 20:37:41.368 23731 23747 D UE4     : [2019.10.31-11.37.41:368][ 71]LogBlueprintUserMessages: [BP_PlayerhandAnimation_C_2147482544] P=15.904436 Y=-9.559393 R=-7.274856
10-31 20:37:41.396 23731 23747 D UE4     : [2019.10.31-11.37.41:396][ 72]LogBlueprintUserMessages: [BP_PlayerhandAnimation_C_2147482547] P=-37.983208 Y=-30.506166 R=60.000000
10-31 20:37:41.396 23731 23747 D UE4     : [2019.10.31-11.37.41:396][ 72]LogBlueprintUserMessages: [BP_PlayerhandAnimation_C_2147482544] P=16.022326 Y=-9.451557 R=-7.348831
10-31 20:37:41.422 23731 23747 D UE4     : [2019.10.31-11.37.41:422][ 73]LogBlueprintUserMessages: [BP_PlayerhandAnimation_C_2147482547] P=-32.408413 Y=-29.383162 R=60.000000
10-31 20:37:41.423 23731 23747 D UE4     : [2019.10.31-11.37.41:423][ 73]LogBlueprintUserMessages: [BP_PlayerhandAnimation_C_2147482544] P=16.158840 Y=-9.249342 R=-7.224350
10-31 20:37:41.437 23731 23747 D UE4     : [2019.10.31-11.37.41:437][ 74]LogBlueprintUserMessages: [BP_PlayerhandAnimation_C_2147482547] P=-28.224874 Y=-27.953453 R=60.000000
10-31 20:37:41.437 23731 23747 D UE4     : [2019.10.31-11.37.41:437][ 74]LogBlueprintUserMessages: [BP_PlayerhandAnimation_C_2147482544] P=16.282255 Y=-9.106459 R=-7.171404
10-31 20:37:41.464 23731 23747 D UE4     : [2019.10.31-11.37.41:464][ 75]LogBlueprintUserMessages: [BP_PlayerhandAnimation_C_2147482547] P=-19.850367 Y=-24.563568 R=60.000000
10-31 20:37:41.464 23731 23747 D UE4     : [2019.10.31-11.37.41:464][ 75]LogBlueprintUserMessages: [BP_PlayerhandAnimation_C_2147482544] P=16.535887 Y=-8.679303 R=-6.987775
10-31 20:37:41.497 23731 23747 D UE4     : [2019.10.31-11.37.41:497][ 76]LogBlueprintUserMessages: [BP_PlayerhandAnimation_C_2147482547] P=-10.205723 Y=-22.416477 R=60.000000
10-31 20:37:41.497 23731 23747 D UE4     : [2019.10.31-11.37.41:497][ 76]LogBlueprintUserMessages: [BP_PlayerhandAnimation_C_2147482544] P=16.544630 Y=-8.334698 R=-6.713675
10-31 20:37:41.502 23731 24170 D UE4     : [2019.10.31-11.37.41:502][ 76]LogTcpMessaging: Started Connection to '127.0.0.1:49526'
10-31 20:37:41.503 23731 24170 D UE4     : [2019.10.31-11.37.41:503][ 76]LogTcpMessaging: Discovered node 'EED837F94C5B722FFA4FFF892AFA1F87' on connection '127.0.0.1:49526'...
10-31 20:37:41.512 23731 23747 D UE4     : [2019.10.31-11.37.41:512][ 77]LogBlueprintUserMessages: [BP_PlayerhandAnimation_C_2147482547] P=-5.948329 Y=-21.979029 R=60.000000
10-31 20:37:41.513 23731 23747 D UE4     : [2019.10.31-11.37.41:513][ 77]LogBlueprintUserMessages: [BP_PlayerhandAnimation_C_2147482544] P=16.520916 Y=-8.197213 R=-6.626352
10-31 20:37:41.534 23731 23747 D UE4     : [2019.10.31-11.37.41:533][ 78]LogBlueprintUserMessages: [BP_PlayerhandAnimation_C_2147482547] P=0.941173 Y=-19.513680 R=60.000000
10-31 20:37:41.534 23731 23747 D UE4     : [2019.10.31-11.37.41:534][ 78]LogBlueprintUserMessages: [BP_PlayerhandAnimation_C_2147482544] P=16.537056 Y=-8.001932 R=-6.404973
10-31 20:37:41.551 23731 24089 I VrApi   : FPS=1,Prd=23ms,Tear=2,Early=0,Stale=71,VSnc=0,Lat=1,Fov=0,CPU4/GPU=4/5,2304/710MHz,OC=FF,TA=0/E0/E0,SP=N/F/F,Mem=1804MHz,Free=1248MB,PSM=0,PLS=0,Temp=32.0C/0.0C,TW=3.81ms,App=22.73ms,GD=0.47ms,CPU&GPU=9.35ms,LCnt=2,GPU%=0.93,CPU%=0.41(W0.45)
10-31 20:37:41.561 23731 23747 D UE4     : [2019.10.31-11.37.41:561][ 79]LogBlueprintUserMessages: [BP_PlayerhandAnimation_C_2147482547] P=5.974421 Y=-16.784420 R=60.000000
10-31 20:37:41.562 23731 23747 D UE4     : [2019.10.31-11.37.41:562][ 79]LogBlueprintUserMessages: [BP_PlayerhandAnimation_C_2147482544] P=16.547663 Y=-7.912490 R=-6.407579
10-31 20:37:41.575 23731 23747 W InputDeviceManager: AddPairToDeviceListMapping called when index already exists in the vector index: 1,  id: 536870915
10-31 20:37:41.578 23731 23747 D UE4     : [2019.10.31-11.37.41:578][ 80]LogBlueprintUserMessages: [BP_PlayerhandAnimation_C_2147482547] P=9.421193 Y=-15.640297 R=60.000000
10-31 20:37:41.578 23731 23747 D UE4     : [2019.10.31-11.37.41:578][ 80]LogBlueprintUserMessages: [BP_PlayerhandAnimation_C_2147482544] P=16.660286 Y=-7.836523 R=-6.500608
10-31 20:37:41.603 23731 23747 D UE4     : [2019.10.31-11.37.41:603][ 81]LogBlueprintUserMessages: [BP_PlayerhandAnimation_C_2147482547] P=16.318140 Y=-11.911268 R=60.000000
10-31 20:37:41.603 23731 23747 D UE4     : [2019.10.31-11.37.41:603][ 81]LogBlueprintUserMessages: [BP_PlayerhandAnimation_C_2147482544] P=16.919621 Y=-7.574862 R=-6.548076
10-31 20:37:41.631 23731 23747 D UE4     : [2019.10.31-11.37.41:631][ 82]LogBlueprintUserMessages: [BP_PlayerhandAnimation_C_2147482547] P=22.950193 Y=-7.373304 R=60.000000
10-31 20:37:41.631 23731 23747 D UE4     : [2019.10.31-11.37.41:631][ 82]LogBlueprintUserMessages: [BP_PlayerhandAnimation_C_2147482544] P=17.188286 Y=-7.181791 R=-6.359427
10-31 20:37:41.646 23731 23747 D UE4     : [2019.10.31-11.37.41:646][ 83]LogBlueprintUserMessages: [BP_PlayerhandAnimation_C_2147482547] P=27.089813 Y=-4.672600 R=60.000000
10-31 20:37:41.646 23731 23747 D UE4     : [2019.10.31-11.37.41:646][ 83]LogBlueprintUserMessages: [BP_PlayerhandAnimation_C_2147482544] P=17.440006 Y=-6.947824 R=-6.128066
10-31 20:37:41.673 23731 23747 D UE4     : [2019.10.31-11.37.41:673][ 84]LogBlueprintUserMessages: [BP_PlayerhandAnimation_C_2147482547] P=34.346104 Y=1.476596 R=54.897617
10-31 20:37:41.673 23731 23747 D UE4     : [2019.10.31-11.37.41:673][ 84]LogBlueprintUserMessages: [BP_PlayerhandAnimation_C_2147482544] P=17.966389 Y=-6.540875 R=-5.544849
10-31 20:37:41.701 23731 23747 D UE4     : [2019.10.31-11.37.41:701][ 85]LogBlueprintUserMessages: [BP_PlayerhandAnimation_C_2147482547] P=38.611687 Y=6.332499 R=46.240601
10-31 20:37:41.701 23731 23747 D UE4     : [2019.10.31-11.37.41:701][ 85]LogBlueprintUserMessages: [BP_PlayerhandAnimation_C_2147482544] P=18.217930 Y=-6.385136 R=-5.203368
10-31 20:37:41.715 23731 23747 D UE4     : [2019.10.31-11.37.41:715][ 86]LogBlueprintUserMessages: [BP_PlayerhandAnimation_C_2147482547] P=41.665363 Y=8.711005 R=42.743778
10-31 20:37:41.715 23731 23747 D UE4     : [2019.10.31-11.37.41:715][ 86]LogBlueprintUserMessages: [BP_PlayerhandAnimation_C_2147482544] P=18.376883 Y=-6.343630 R=-5.023265
10-31 20:37:41.743 23731 23747 D UE4     : [2019.10.31-11.37.41:743][ 87]LogBlueprintUserMessages: [BP_PlayerhandAnimation_C_2147482547] P=47.962841 Y=14.838762 R=36.445107
10-31 20:37:41.743 23731 23747 D UE4     : [2019.10.31-11.37.41:743][ 87]LogBlueprintUserMessages: [BP_PlayerhandAnimation_C_2147482544] P=18.757351 Y=-6.247324 R=-4.822227
10-31 20:37:41.770 23731 23747 D UE4     : [2019.10.31-11.37.41:770][ 88]LogBlueprintUserMessages: [BP_PlayerhandAnimation_C_2147482547] P=52.528831 Y=21.378376 R=29.140759
10-31 20:37:41.770 23731 23747 D UE4     : [2019.10.31-11.37.41:770][ 88]LogBlueprintUserMessages: [BP_PlayerhandAnimation_C_2147482544] P=19.214216 Y=-6.132761 R=-4.931705
10-31 20:37:41.798 23731 23747 D UE4     : [2019.10.31-11.37.41:798][ 89]LogBlueprintUserMessages: [BP_PlayerhandAnimation_C_2147482547] P=55.275890 Y=26.411940 R=21.744770
10-31 20:37:41.798 23731 23747 D UE4     : [2019.10.31-11.37.41:798][ 89]LogBlueprintUserMessages: [BP_PlayerhandAnimation_C_2147482544] P=19.780390 Y=-6.270821 R=-5.216490
10-31 20:37:41.813 23731 23747 D UE4     : [2019.10.31-11.37.41:813][ 90]LogBlueprintUserMessages: [BP_PlayerhandAnimation_C_2147482547] P=56.475643 Y=28.588982 R=18.892935
10-31 20:37:41.813 23731 23747 D UE4     : [2019.10.31-11.37.41:813][ 90]LogBlueprintUserMessages: [BP_PlayerhandAnimation_C_2147482544] P=20.108833 Y=-6.411327 R=-5.252662
10-31 20:37:41.840 23731 23747 D UE4     : [2019.10.31-11.37.41:840][ 91]LogBlueprintUserMessages: [BP_PlayerhandAnimation_C_2147482547] P=59.946449 Y=36.606865 R=11.252913
10-31 20:37:41.840 23731 23747 D UE4     : [2019.10.31-11.37.41:840][ 91]LogBlueprintUserMessages: [BP_PlayerhandAnimation_C_2147482544] P=20.725027 Y=-6.641511 R=-5.313203
10-31 20:37:41.868 23731 23747 D UE4     : [2019.10.31-11.37.41:868][ 92]LogBlueprintUserMessages: [BP_PlayerhandAnimation_C_2147482547] P=60.000000 Y=42.696350 R=4.271689
10-31 20:37:41.868 23731 23747 D UE4     : [2019.10.31-11.37.41:868][ 92]LogBlueprintUserMessages: [BP_PlayerhandAnimation_C_2147482544] P=21.456923 Y=-6.900521 R=-5.446788
10-31 20:37:41.896 23731 23747 D UE4     : [2019.10.31-11.37.41:896][ 93]LogBlueprintUserMessages: [BP_PlayerhandAnimation_C_2147482547] P=60.000000 Y=45.902538 R=0.053649
10-31 20:37:41.896 23731 23747 D UE4     : [2019.10.31-11.37.41:896][ 93]LogBlueprintUserMessages: [BP_PlayerhandAnimation_C_2147482544] P=22.073442 Y=-7.190338 R=-5.782840
10-31 20:37:41.912 23731 23747 D UE4     : [2019.10.31-11.37.41:912][ 94]LogBlueprintUserMessages: [BP_PlayerhandAnimation_C_2147482547] P=60.000000 Y=48.822353 R=-2.538232
10-31 20:37:41.913 23731 23747 D UE4     : [2019.10.31-11.37.41:913][ 94]LogBlueprintUserMessages: [BP_PlayerhandAnimation_C_2147482544] P=22.312969 Y=-7.268168 R=-5.890269
10-31 20:37:41.938 23731 23747 D UE4     : [2019.10.31-11.37.41:937][ 95]LogBlueprintUserMessages: [BP_PlayerhandAnimation_C_2147482547] P=60.000000 Y=56.043819 R=-9.477140
10-31 20:37:41.938 23731 23747 D UE4     : [2019.10.31-11.37.41:938][ 95]LogBlueprintUserMessages: [BP_PlayerhandAnimation_C_2147482544] P=22.728205 Y=-7.463514 R=-5.834239
10-31 20:37:41.965 23731 23747 D UE4     : [2019.10.31-11.37.41:965][ 96]LogBlueprintUserMessages: [BP_PlayerhandAnimation_C_2147482547] P=60.000000 Y=60.000000 R=-14.819640
10-31 20:37:41.966 23731 23747 D UE4     : [2019.10.31-11.37.41:966][ 96]LogBlueprintUserMessages: [BP_PlayerhandAnimation_C_2147482544] P=23.217253 Y=-7.578557 R=-5.808044
10-31 20:37:41.981 23731 23747 D UE4     : [2019.10.31-11.37.41:981][ 97]LogBlueprintUserMessages: [BP_PlayerhandAnimation_C_2147482547] P=60.000000 Y=60.000000 R=-16.463852
10-31 20:37:41.981 23731 23747 D UE4     : [2019.10.31-11.37.41:981][ 97]LogBlueprintUserMessages: [BP_PlayerhandAnimation_C_2147482544] P=23.529535 Y=-7.697118 R=-5.910584
10-31 20:37:42.007 23731 23747 D UE4     : [2019.10.31-11.37.42:007][ 98]LogBlueprintUserMessages: [BP_PlayerhandAnimation_C_2147482547] P=60.000000 Y=60.000000 R=-20.994003
10-31 20:37:42.007 23731 23747 D UE4     : [2019.10.31-11.37.42:007][ 98]LogBlueprintUserMessages: [BP_PlayerhandAnimation_C_2147482544] P=24.166485 Y=-7.692480 R=-6.412294
10-31 20:37:42.035 23731 23747 D UE4     : [2019.10.31-11.37.42:035][ 99]LogBlueprintUserMessages: [BP_PlayerhandAnimation_C_2147482547] P=60.000000 Y=60.000000 R=-26.050066
10-31 20:37:42.035 23731 23747 D UE4     : [2019.10.31-11.37.42:035][ 99]LogBlueprintUserMessages: [BP_PlayerhandAnimation_C_2147482544] P=24.740700 Y=-7.640485 R=-6.643085
10-31 20:37:42.064 23731 23747 D UE4     : [2019.10.31-11.37.42:064][100]LogBlueprintUserMessages: [BP_PlayerhandAnimation_C_2147482547] P=60.000000 Y=60.000000 R=-35.091637
10-31 20:37:42.064 23731 23747 D UE4     : [2019.10.31-11.37.42:064][100]LogBlueprintUserMessages: [BP_PlayerhandAnimation_C_2147482544] P=25.144485 Y=-7.583899 R=-6.462433
10-31 20:37:42.077 23731 23747 D UE4     : [2019.10.31-11.37.42:077][101]LogBlueprintUserMessages: [BP_PlayerhandAnimation_C_2147482547] P=60.000000 Y=60.000000 R=-39.610832
10-31 20:37:42.078 23731 23747 D UE4     : [2019.10.31-11.37.42:078][101]LogBlueprintUserMessages: [BP_PlayerhandAnimation_C_2147482544] P=25.300858 Y=-7.520296 R=-6.194125
10-31 20:37:42.104 23731 23747 D UE4     : [2019.10.31-11.37.42:104][102]LogBlueprintUserMessages: [BP_PlayerhandAnimation_C_2147482547] P=60.000000 Y=60.000000 R=-46.710564
10-31 20:37:42.105 23731 23747 D UE4     : [2019.10.31-11.37.42:104][102]LogBlueprintUserMessages: [BP_PlayerhandAnimation_C_2147482544] P=25.472111 Y=-7.275771 R=-5.710040
10-31 20:37:42.133 23731 23747 D UE4     : [2019.10.31-11.37.42:133][103]LogBlueprintUserMessages: [BP_PlayerhandAnimation_C_2147482547] P=60.000000 Y=60.000000 R=-53.319157
10-31 20:37:42.133 23731 23747 D UE4     : [2019.10.31-11.37.42:133][103]LogBlueprintUserMessages: [BP_PlayerhandAnimation_C_2147482544] P=25.610886 Y=-6.860455 R=-5.567575
10-31 20:37:42.161 23731 23747 D UE4     : [2019.10.31-11.37.42:161][104]LogBlueprintUserMessages: [BP_PlayerhandAnimation_C_2147482547] P=60.000000 Y=60.000000 R=-60.000000
10-31 20:37:42.161 23731 23747 D UE4     : [2019.10.31-11.37.42:161][104]LogBlueprintUserMessages: [BP_PlayerhandAnimation_C_2147482544] P=26.098049 Y=-6.323854 R=-5.370817
10-31 20:37:42.175 23731 23747 D UE4     : [2019.10.31-11.37.42:175][105]LogBlueprintUserMessages: [BP_PlayerhandAnimation_C_2147482547] P=60.000000 Y=60.000000 R=-60.000000
10-31 20:37:42.175 23731 23747 D UE4     : [2019.10.31-11.37.42:175][105]LogBlueprintUserMessages: [BP_PlayerhandAnimation_C_2147482544] P=26.394432 Y=-6.090432 R=-5.190814
10-31 20:37:42.186  1046  1252 E TaskPersister: File error accessing recents directory (directory doesn't exist?).
10-31 20:37:42.202 23731 23747 D UE4     : [2019.10.31-11.37.42:202][106]LogBlueprintUserMessages: [BP_PlayerhandAnimation_C_2147482547] P=60.000000 Y=60.000000 R=-60.000000
10-31 20:37:42.202 23731 23747 D UE4     : [2019.10.31-11.37.42:202][106]LogBlueprintUserMessages: [BP_PlayerhandAnimation_C_2147482544] P=26.906450 Y=-5.411955 R=-4.706302
10-31 20:37:42.230 23731 23747 D UE4     : [2019.10.31-11.37.42:230][107]LogBlueprintUserMessages: [BP_PlayerhandAnimation_C_2147482547] P=60.000000 Y=60.000000 R=-60.000000
10-31 20:37:42.230 23731 23747 D UE4     : [2019.10.31-11.37.42:230][107]LogBlueprintUserMessages: [BP_PlayerhandAnimation_C_2147482544] P=27.397001 Y=-5.105137 R=-4.534241
10-31 20:37:42.245 23731 23747 D UE4     : [2019.10.31-11.37.42:245][108]LogBlueprintUserMessages: [BP_PlayerhandAnimation_C_2147482547] P=60.000000 Y=60.000000 R=-60.000000
10-31 20:37:42.245 23731 23747 D UE4     : [2019.10.31-11.37.42:245][108]LogBlueprintUserMessages: [BP_PlayerhandAnimation_C_2147482544] P=27.592064 Y=-5.017647 R=-4.626495
10-31 20:37:42.272 23731 23747 D UE4     : [2019.10.31-11.37.42:272][109]LogBlueprintUserMessages: [BP_PlayerhandAnimation_C_2147482547] P=60.000000 Y=60.000000 R=-60.000000
10-31 20:37:42.272 23731 23747 D UE4     : [2019.10.31-11.37.42:272][109]LogBlueprintUserMessages: [BP_PlayerhandAnimation_C_2147482544] P=27.812283 Y=-4.920476 R=-4.626405
10-31 20:37:42.302 23731 23747 D UE4     : [2019.10.31-11.37.42:302][110]LogBlueprintUserMessages: [BP_PlayerhandAnimation_C_2147482547] P=60.000000 Y=60.000000 R=-60.000000
10-31 20:37:42.302 23731 23747 D UE4     : [2019.10.31-11.37.42:302][110]LogBlueprintUserMessages: [BP_PlayerhandAnimation_C_2147482544] P=27.901573 Y=-4.944527 R=-4.447122
10-31 20:37:42.328 23731 23747 D UE4     : [2019.10.31-11.37.42:328][111]LogBlueprintUserMessages: [BP_PlayerhandAnimation_C_2147482547] P=60.000000 Y=60.000000 R=-60.000000
10-31 20:37:42.329 23731 23747 D UE4     : [2019.10.31-11.37.42:328][111]LogBlueprintUserMessages: [BP_PlayerhandAnimation_C_2147482544] P=27.839727 Y=-5.298429 R=-4.322799
10-31 20:37:42.340 23731 23747 W InputDeviceManager: AddPairToDeviceListMapping called when index already exists in the vector index: 1,  id: 536870915
10-31 20:37:42.343 23731 23747 D UE4     : [2019.10.31-11.37.42:343][112]LogBlueprintUserMessages: [BP_PlayerhandAnimation_C_2147482547] P=59.647179 Y=60.000000 R=-60.000000
10-31 20:37:42.344 23731 23747 D UE4     : [2019.10.31-11.37.42:343][112]LogBlueprintUserMessages: [BP_PlayerhandAnimation_C_2147482544] P=27.845860 Y=-5.460303 R=-4.227734
10-31 20:37:42.358 22484 22499 I OsSdk   : will wait 60 seconds before retrying
10-31 20:37:42.369 23731 23747 D UE4     : [2019.10.31-11.37.42:369][113]LogBlueprintUserMessages: [BP_PlayerhandAnimation_C_2147482547] P=55.371342 Y=60.000000 R=-60.000000
10-31 20:37:42.369 23731 23747 D UE4     : [2019.10.31-11.37.42:369][113]LogBlueprintUserMessages: [BP_PlayerhandAnimation_C_2147482544] P=27.964590 Y=-5.460020 R=-4.062165
10-31 20:37:42.397 23731 23747 D UE4     : [2019.10.31-11.37.42:397][114]LogBlueprintUserMessages: [BP_PlayerhandAnimation_C_2147482547] P=49.829292 Y=60.000000 R=-60.000000
10-31 20:37:42.397 23731 23747 D UE4     : [2019.10.31-11.37.42:397][114]LogBlueprintUserMessages: [BP_PlayerhandAnimation_C_2147482544] P=28.090914 Y=-5.699614 R=-4.108370
10-31 20:37:42.424 23731 24100 W InputDeviceManager: AddPairToDeviceListMapping called when index already exists in the vector index: 1,  id: 536870915
10-31 20:37:42.426 23731 23747 D UE4     : [2019.10.31-11.37.42:426][115]LogBlueprintUserMessages: [BP_PlayerhandAnimation_C_2147482547] P=46.726845 Y=60.000000 R=-60.000000
10-31 20:37:42.426 23731 23747 D UE4     : [2019.10.31-11.37.42:426][115]LogBlueprintUserMessages: [BP_PlayerhandAnimation_C_2147482544] P=28.155342 Y=-5.878483 R=-4.479405
10-31 20:37:42.440 23731 23747 D UE4     : [2019.10.31-11.37.42:440][116]LogBlueprintUserMessages: [BP_PlayerhandAnimation_C_2147482547] P=45.817173 Y=60.000000 R=-60.000000
10-31 20:37:42.440 23731 23747 D UE4     : [2019.10.31-11.37.42:440][116]LogBlueprintUserMessages: [BP_PlayerhandAnimation_C_2147482544] P=28.169228 Y=-5.907357 R=-4.480203
10-31 20:37:42.466 23731 23747 D UE4     : [2019.10.31-11.37.42:466][117]LogBlueprintUserMessages: [BP_PlayerhandAnimation_C_2147482547] P=42.971451 Y=60.000000 R=-60.000000
10-31 20:37:42.467 23731 23747 D UE4     : [2019.10.31-11.37.42:467][117]LogBlueprintUserMessages: [BP_PlayerhandAnimation_C_2147482544] P=28.434431 Y=-6.095954 R=-4.421179
10-31 20:37:42.499 23731 23747 D UE4     : [2019.10.31-11.37.42:499][118]LogBlueprintUserMessages: [BP_PlayerhandAnimation_C_2147482547] P=41.841518 Y=60.000000 R=-60.000000
10-31 20:37:42.500 23731 23747 D UE4     : [2019.10.31-11.37.42:500][118]LogBlueprintUserMessages: [BP_PlayerhandAnimation_C_2147482544] P=28.893774 Y=-6.501166 R=-4.746013
10-31 20:37:42.522 23731 23747 D UE4     : [2019.10.31-11.37.42:522][119]LogBlueprintUserMessages: [BP_PlayerhandAnimation_C_2147482547] P=42.437305 Y=60.000000 R=-60.000000
10-31 20:37:42.523 23731 23747 D UE4     : [2019.10.31-11.37.42:523][119]LogBlueprintUserMessages: [BP_PlayerhandAnimation_C_2147482544] P=29.278095 Y=-6.638957 R=-4.955260
10-31 20:37:42.537 23731 23747 D UE4     : [2019.10.31-11.37.42:537][120]LogBlueprintUserMessages: [BP_PlayerhandAnimation_C_2147482547] P=43.766190 Y=60.000000 R=-60.000000
10-31 20:37:42.537 23731 23747 D UE4     : [2019.10.31-11.37.42:537][120]LogBlueprintUserMessages: [BP_PlayerhandAnimation_C_2147482544] P=29.470243 Y=-6.526835 R=-4.902235
10-31 20:37:42.551 23731 24089 I VrApi   : FPS=43,Prd=42ms,Tear=0,Early=0,Stale=72,VSnc=1,Lat=1,Fov=0,CPU4/GPU=4/5,2304/710MHz,OC=FF,TA=0/E0/E0,SP=N/F/F,Mem=1804MHz,Free=1253MB,PSM=0,PLS=0,Temp=32.0C/0.0C,TW=3.84ms,App=22.79ms,GD=0.57ms,CPU&GPU=29.59ms,LCnt=2,GPU%=0.98,CPU%=0.40(W0.47)
10-31 20:37:42.564 23731 23747 D UE4     : [2019.10.31-11.37.42:564][121]LogBlueprintUserMessages: [BP_PlayerhandAnimation_C_2147482547] P=46.259380 Y=60.000000 R=-60.000000
10-31 20:37:42.564 23731 23747 D UE4     : [2019.10.31-11.37.42:564][121]LogBlueprintUserMessages: [BP_PlayerhandAnimation_C_2147482544] P=29.525875 Y=-6.405793 R=-4.237827
10-31 20:37:42.593 23731 23747 D UE4     : [2019.10.31-11.37.42:593][122]LogBlueprintUserMessages: [BP_PlayerhandAnimation_C_2147482547] P=48.980679 Y=60.000000 R=-60.000000
10-31 20:37:42.593 23731 23747 D UE4     : [2019.10.31-11.37.42:593][122]LogBlueprintUserMessages: [BP_PlayerhandAnimation_C_2147482544] P=29.618937 Y=-6.320475 R=-3.713112
